05-15 20:59:49.559 20661 20727 I VRI[HomeActivity]@27ecfc4: mWNT: t=0xb400007df8de9f90 mBlastBufferQueue=0xb400007e28d543f0 fn= 11 HdrRenderState mRenderHdrSdrRatio=1.0 caller= android.view.SyncRtSurfaceTransactionApplier.applyTransaction:100 android.view.SyncRtSurfaceTransactionApplier.lambda$scheduleApply$0:73 android.view.SyncRtSurfaceTransactionApplier.$r8$lambda$afI4fXg3U3-nBZQEDQMiNy-B06s:0
05-15 20:59:49.559 20661 20661 I ImeFocusController: onPreWindowFocus: skipped hasWindowFocus=false mHasImeFocus=true
05-15 20:59:49.559  1808  1808 I BpBinder: onLastStrongRef automatically unlinking death recipients:
05-15 20:59:49.560 20661 20661 I ImeFocusController: onPostWindowFocus: skipped hasWindowFocus=false mHasImeFocus=true
05-15 20:59:49.563 24090 24090 I DecorView: setWindowBackground: isPopOver=false color=ff141218 d=android.graphics.drawable.ColorDrawable@a159c66
05-15 20:59:49.565 11062 11227 D NativeCustomFrequencyManager: [NativeCFMS] BpCustomFrequencyManager::BpCustomFrequencyManager()
05-15 20:59:49.565 24090 24090 D LifecycleMonitor: Lifecycle status change: es.uniovi.recetasasturianas.MainActivity@8cbe52c in: CREATED
05-15 20:59:49.565 24090 24090 V ActivityScenario: Update currentActivityStage to CREATED, currentActivity=es.uniovi.recetasasturianas.MainActivity@8cbe52c
05-15 20:59:49.566 20661 20726 I VRI[HomeActivity]@27ecfc4: mWNT: t=0xb400007df8d52ed0 mBlastBufferQueue=0xb400007e28d543f0 fn= 12 HdrRenderState mRenderHdrSdrRatio=1.0 caller= android.view.SyncRtSurfaceTransactionApplier.applyTransaction:100 android.view.SyncRtSurfaceTransactionApplier.lambda$scheduleApply$0:73 android.view.SyncRtSurfaceTransactionApplier.$r8$lambda$afI4fXg3U3-nBZQEDQMiNy-B06s:0
05-15 20:59:49.568 12633 21222 I Routine@Core[4.9.04.16]: ModesOrderManager: getOrderOrDefault: uuid(100)
05-15 20:59:49.568  1977  1997 D InputTransport: Input channel constructed: '96456cf', fd=1103
05-15 20:59:49.568  1977  1997 D InputTransport: Input channel constructed: '96456cf', fd=1111
05-15 20:59:49.569  1977  1997 D InputTransport: Input channel constructed: '96456cf', fd=1130
05-15 20:59:49.569  1977  1997 D InputTransport: Input channel destroyed: '96456cf', fd=1111
05-15 20:59:49.569 12633 21222 I Routine@Core[4.9.04.16]: ModesOrderManager: getOrder: uuid(100) -> order(999)
05-15 20:59:49.569 12633 21222 I Routine@Core[4.9.04.16]: ModeListHolder: update: size(1) updated(2026/05/15 20:59:49) [ModeMeta(id=1, uuid=100, iconResourceId=2131231140, iconStatusResourceId=2131231637, displayName=Sleep, isRunning=false, runningReason=, runningReasonCondition=, isSet=true, isDeleted=false, detailRunningReason=null, order=999, toggleTime=1778816639015)]
05-15 20:59:49.569  1808  1899 I SurfaceFlinger: id=179497 createSurf, flag=84004, 96456cf Splash Screen es.uniovi.recetasasturianas#179497
05-15 20:59:49.571  1977  1997 D InputTransport: Input channel destroyed: '96456cf', fd=1130
05-15 20:59:49.572 11062 11138 D InputTransport: Input channel constructed: '96456cf', fd=550
05-15 20:59:49.573 11062 11138 I InsetsController: onStateChanged: host=Splash Screen es.uniovi.recetasasturianas, from=android.view.ViewRootImpl.onInsetsStateChanged:3026, state=InsetsState: {mDisplayFrame=Rect(0, 0 - 1080, 2340), mDisplayCutout=DisplayCutout{insets=Rect(0, 99 - 0, 0) waterfall=Insets{left=0, top=0, right=0, bottom=0} boundingRect={Bounds=[Rect(0, 0 - 0, 0), Rect(505, 0 - 575, 99), Rect(0, 0 - 0, 0), Rect(0, 0 - 0, 0)]} cutoutPathParserInfo={CutoutPathParserInfo{displayWidth=1080 displayHeight=2340 physicalDisplayWidth=1080 physicalDisplayHeight=2340 density={3.0} cutoutSpec={M 0,0 M 0,29 a 35,35 0 1,0 0,70 a 35,35 0 1,0 0,-70 Z} rotation={0} scale={1.0} physicalPixelDisplaySizeRatio={1.0}}} sideOverrides={}}, mRoundedCorners=RoundedCorners{[RoundedCorner{position=TopLeft, radius=108, center=Point(108, 108)}, RoundedCorner{position=TopRight, radius=108, center=Point(972, 108)}, RoundedCorner{position=BottomRight, radius=108, center=Point(972, 2232)}, RoundedCorner{position=BottomLeft, radius=108, center=Point(108, 2232)}]}  mRoundedCornerFrame=Rect(0, 0 - 1080, 2340), mPrivacyIndicatorBounds=PrivacyIndicatorBounds {static bounds=Rect(948, 0 - 1080, 99) rotation=0}, mDisplayShape=DisplayShape{ spec=-311912193 displayWidth=1080 displayHeight=2340 physicalPixelDisplaySizeRatio=1.0 rotation=0 offsetX=0 offsetY=0 scale=1.0}, mSources= { InsetsSource: {b73a0001 mType=navigationBars mFrame=[0,0][0,0] mVisible=true mFlags=SUPPRESS_SCRIM mSideHint=NONE mBoundingRects=null}, InsetsSource: {b73a0004 mType=systemGestures mFrame=[0,0][90,2340] mVisible=true mFlags= mSideHint=LEFT mBoundingRects=null}, InsetsSource: {b73a0005 mType=mandatorySystemGestures mFrame=[0,2265][1080,2340] mVisible=true mFlags= mSideHint=BOTTOM mBoundingRects=null}, InsetsSource: {b73a0006 mType=tappableElement mFrame=[0,0][0,0] mVisible=true mFlags= mSideHint=NONE mBoundingRects=null}, InsetsSource: {b73a0024 mType=systemGestures mFrame=[990,0][1080,2340] mVisible=true mFlags= mSideHint=RIGHT mBoundingRects=null}, InsetsSource: {3 mType=ime mFrame=[0,0][0,0] mVisible=false mFlags= mSideHint=NONE mBoundingRects=null}, InsetsSource: {27 mType=displayCutout mFrame=[0,0][1080,99] mVisible=true mFlags= mSideHint=TOP mBoundingRects=null}, InsetsSource: {9260000 mType=statusBars mFrame=[0,0][1080,99] mVisible=false mFlags= mSideHint=TOP mBoundingRects=null}, InsetsSource: {9260005 mType=mandatorySystemGestures mFrame=[0,0][1080,135] mVisible=true mFlags= mSideHint=TOP mBoundingRects=null}, InsetsSource: {9260006 mType=tappableElement mFrame=[0,0][1080,99] mVisible=true mFlags= mSideHint=TOP mBoundingRects=null} }
05-15 20:59:49.574 20661 20727 I VRI[HomeActivity]@27ecfc4: mWNT: t=0xb400007df8e0fed0 mBlastBufferQueue=0xb400007e28d543f0 fn= 13 HdrRenderState mRenderHdrSdrRatio=1.0 caller= android.view.SyncRtSurfaceTransactionApplier.applyTransaction:100 android.view.SyncRtSurfaceTransactionApplier.lambda$scheduleApply$0:73 android.view.SyncRtSurfaceTransactionApplier.$r8$lambda$afI4fXg3U3-nBZQEDQMiNy-B06s:0
05-15 20:59:49.574 11062 11138 I VRI[recetasasturianas]@b9dc89: onActiveControlsChanged, removed=false, mAdded=true, caller=android.view.ViewRootImpl.handleInsetsControlChanged:3002 android.view.ViewRootImpl.setView:2014 android.view.WindowManagerGlobal.addView:604 com.android.wm.shell.startingsurface.SplashscreenWindowCreator.addWindow:38 com.android.wm.shell.startingsurface.StartingWindowController$$ExternalSyntheticLambda4.run:1365
05-15 20:59:49.574 11062 11138 I VRI[recetasasturianas]@b9dc89: synced displayState. AttachInfo displayState=2
05-15 20:59:49.574  1808  1808 I SurfaceFlinger: [96456cf Splash Screen es.uniovi.recetasasturianas#179497] attach to parent LayerHierarchy{RequestedLayerState{ActivityRecord{242776597 u0 es.uniovi.recetasasturianas/.MainActivity t2382}#179495 parentId=179494} 1 children}
05-15 20:59:49.577 11062 11138 I VRI[recetasasturianas]@b9dc89: setView = android.widget.FrameLayout@746b0bc IsHRR=false mFlingFrameRateChange=0 TM=true
05-15 20:59:49.577 11062 11227 D HWUI    : HWUI - treat SMPTE_170M as sRGB
05-15 20:59:49.582 20661 20726 I VRI[HomeActivity]@27ecfc4: mWNT: t=0xb400007df8e0fb50 mBlastBufferQueue=0xb400007e28d543f0 fn= 14 HdrRenderState mRenderHdrSdrRatio=1.0 caller= android.view.SyncRtSurfaceTransactionApplier.applyTransaction:100 android.view.SyncRtSurfaceTransactionApplier.lambda$scheduleApply$0:73 android.view.SyncRtSurfaceTransactionApplier.$r8$lambda$afI4fXg3U3-nBZQEDQMiNy-B06s:0
05-15 20:59:49.583 24090 24090 D RecipeListViewModel: SwitchMap disparado con query: ''
05-15 20:59:49.583 24090 24090 D RecipeListViewModel: ViewModel init
05-15 20:59:49.583 24090 24090 D RecipeListViewModel: loadRecipes() empezando...
05-15 20:59:49.584  2090  2090 I CameraService: onUidStateChanged: uid=10048, procState is changed. (1 -> 0)
05-15 20:59:49.584 24090 24090 D RecipeListViewModel: Conexión detectada: true
05-15 20:59:49.585 24090 24090 D RecipeListViewModel: SwitchMap disparado con query: ''
05-15 20:59:49.587 24090 24090 D LifecycleMonitor: Lifecycle status change: es.uniovi.recetasasturianas.MainActivity@8cbe52c in: STARTED
05-15 20:59:49.587 24090 24090 V ActivityScenario: Update currentActivityStage to STARTED, currentActivity=es.uniovi.recetasasturianas.MainActivity@8cbe52c
05-15 20:59:49.587 24090 24090 D LifecycleMonitor: Lifecycle status change: es.uniovi.recetasasturianas.MainActivity@8cbe52c in: RESUMED
05-15 20:59:49.587 24090 24090 V ActivityScenario: Update currentActivityStage to RESUMED, currentActivity=es.uniovi.recetasasturianas.MainActivity@8cbe52c
05-15 20:59:49.588 24090 24090 D RecipeListViewModel: SwitchMap disparado con query: ' '
05-15 20:59:49.588 24090 24090 D RecipeListViewModel: SwitchMap disparado con query: ''
05-15 20:59:49.588  1977  2141 D EnterpriseDeviceManagerService: isMdmAdminPresentInternal() : MDM Admin Found - com.samsung.knox.securefolder
05-15 20:59:49.589 24090 24090 D ViewRootImpl: desktopMode is false
05-15 20:59:49.589 24090 24090 I ViewRootImpl: dVRR is disabled
05-15 20:59:49.589 24090 24155 D NativeCustomFrequencyManager: [NativeCFMS] BpCustomFrequencyManager::BpCustomFrequencyManager()
05-15 20:59:49.590 11062 11062 D SystemUIService: SYSUI_RAM_OPTIMIZATION onTrimMemory=20
05-15 20:59:49.590 11062 11062 D CentralSurfaces: SYSUI_RAM_OPTIMIZATION onTrimMemory=20
05-15 20:59:49.590 20661 20727 I VRI[HomeActivity]@27ecfc4: mWNT: t=0xb400007df8e06310 mBlastBufferQueue=0xb400007e28d543f0 fn= 15 HdrRenderState mRenderHdrSdrRatio=1.0 caller= android.view.SyncRtSurfaceTransactionApplier.applyTransaction:100 android.view.SyncRtSurfaceTransactionApplier.lambda$scheduleApply$0:73 android.view.SyncRtSurfaceTransactionApplier.$r8$lambda$afI4fXg3U3-nBZQEDQMiNy-B06s:0
05-15 20:59:49.591  1977  1997 D InputTransport: Input channel constructed: 'a306892', fd=1111
05-15 20:59:49.591  1977  1997 D InputTransport: Input channel constructed: 'a306892', fd=1130
05-15 20:59:49.591  1977  1997 D InputTransport: Input channel constructed: 'a306892', fd=1134
05-15 20:59:49.591  1977  1997 D InputTransport: Input channel destroyed: 'a306892', fd=1130
05-15 20:59:49.592  1808  1899 I SurfaceFlinger: id=179498 createSurf, flag=84004, a306892 es.uniovi.recetasasturianas/es.uniovi.recetasasturianas.MainActivity#179498
05-15 20:59:49.593  1977  3116 I WindowManager: Relayout hash=bcfd950, pid=24267, syncId=-1: mAttrs={(0,0)(fillxfill) sim={adjust=pan forwardNavigation} layoutInDisplayCutoutMode=always ty=BASE_APPLICATION
05-15 20:59:49.593  1977  3116 I WindowManager:   fl=81810100
05-15 20:59:49.593  1977  3116 I WindowManager:   pfl=100088c0
05-15 20:59:49.593  1977  3116 I WindowManager:   bhv=1
05-15 20:59:49.593  1977  3116 I WindowManager:   fitSides=0
05-15 20:59:49.593  1977  3116 I WindowManager:   frameRateBoostOnTouch=true
05-15 20:59:49.593  1977  3116 I WindowManager:   dvrrWindowFrameRateHint=true naviIconColor=0}
05-15 20:59:49.593 11062 11227 D HWUI    : CacheManager::trimMemory(20)
05-15 20:59:49.594  1977  1997 D InputTransport: Input channel destroyed: 'a306892', fd=1134
05-15 20:59:49.595 24090 24090 D InputTransport: Input channel constructed: 'a306892', fd=146
05-15 20:59:49.595 24090 24090 I InsetsController: onStateChanged: host=es.uniovi.recetasasturianas/es.uniovi.recetasasturianas.MainActivity, from=android.view.ViewRootImpl.onInsetsStateChanged:3026, state=InsetsState: {mDisplayFrame=Rect(0, 0 - 1080, 2340), mDisplayCutout=DisplayCutout{insets=Rect(0, 99 - 0, 0) waterfall=Insets{left=0, top=0, right=0, bottom=0} boundingRect={Bounds=[Rect(0, 0 - 0, 0), Rect(505, 0 - 575, 99), Rect(0, 0 - 0, 0), Rect(0, 0 - 0, 0)]} cutoutPathParserInfo={CutoutPathParserInfo{displayWidth=1080 displayHeight=2340 physicalDisplayWidth=1080 physicalDisplayHeight=2340 density={3.0} cutoutSpec={M 0,0 M 0,29 a 35,35 0 1,0 0,70 a 35,35 0 1,0 0,-70 Z} rotation={0} scale={1.0} physicalPixelDisplaySizeRatio={1.0}}} sideOverrides={}}, mRoundedCorners=RoundedCorners{[RoundedCorner{position=TopLeft, radius=108, center=Point(108, 108)}, RoundedCorner{position=TopRight, radius=108, center=Point(972, 108)}, RoundedCorner{position=BottomRight, radius=108, center=Point(972, 2232)}, RoundedCorner{position=BottomLeft, radius=108, center=Point(108, 2232)}]}  mRoundedCornerFrame=Rect(0, 0 - 1080, 2340), mPrivacyIndicatorBounds=PrivacyIndicatorBounds {static bounds=Rect(948, 0 - 1080, 99) rotation=0}, mDisplayShape=DisplayShape{ spec=-311912193 displayWidth=1080 displayHeight=2340 physicalPixelDisplaySizeRatio=1.0 rotation=0 offsetX=0 offsetY=0 scale=1.0}, mSources= { InsetsSource: {b73a0001 mType=navigationBars mFrame=[0,0][0,0] mVisible=true mFlags=SUPPRESS_SCRIM mSideHint=NONE mBoundingRects=null}, InsetsSource: {b73a0004 mType=systemGestures mFrame=[0,0][90,2340] mVisible=true mFlags= mSideHint=LEFT mBoundingRects=null}, InsetsSource: {b73a0005 mType=mandatorySystemGestures mFrame=[0,2265][1080,2340] mVisible=true mFlags= mSideHint=BOTTOM mBoundingRects=null}, InsetsSource: {b73a0006 mType=tappableElement mFrame=[0,0][0,0] mVisible=true mFlags= mSideHint=NONE mBoundingRects=null}, InsetsSource: {b73a0024 mType=systemGestures mFrame=[990,0][1080,2340] mVisible=true mFlags= mSideHint=RIGHT mBoundingRects=null}, InsetsSource: {3 mType=ime mFrame=[0,0][0,0] mVisible=false mFlags= mSideHint=NONE mBoundingRects=null}, InsetsSource: {27 mType=displayCutout mFrame=[0,0][1080,99] mVisible=true mFlags= mSideHint=TOP mBoundingRects=null}, InsetsSource: {9260000 mType=statusBars mFrame=[0,0][1080,99] mVisible=false mFlags= mSideHint=TOP mBoundingRects=null}, InsetsSource: {9260005 mType=mandatorySystemGestures mFrame=[0,0][1080,135] mVisible=true mFlags= mSideHint=TOP mBoundingRects=null}, InsetsSource: {9260006 mType=tappableElement mFrame=[0,0][1080,99] mVisible=true mFlags= mSideHint=TOP mBoundingRects=null} }
05-15 20:59:49.595  1977  6841 I WindowManager: Relayout Window{96456cf u0 Splash Screen es.uniovi.recetasasturianas}: viewVisibility=0 req=1080x2340 ty=3 d0
05-15 20:59:49.596  1808  1897 I SurfaceFlinger: id=179499 createSurf, flag=44004, Splash Screen es.uniovi.recetasasturianas$_11062#179499
05-15 20:59:49.596 24090 24090 I VRI[MainActivity]@90c0767: synced displayState. AttachInfo displayState=2
05-15 20:59:49.597  1977  6841 D SurfaceComposerClient: setCornerRadius ## 96456cf Splash Screen es.uniovi.recetasasturianas#179497 cornerRadius=0.000000
05-15 20:59:49.598 24267 24267 I VRI[InstrumentationActivityInvoker$EmptyActivity]@f522b0c: Relayout returned: old=(0,0,1080,2340) new=(0,0,1080,2340) relayoutAsync=false req=(1080,2340)8 dur=63 res=0x2 s={false 0x0} ch=true seqId=0
05-15 20:59:49.598  1977  6841 D SurfaceComposerClient: setCornerRadius ## a306892 es.uniovi.recetasasturianas/es.uniovi.recetasasturianas.MainActivity#179498 cornerRadius=0.000000
05-15 20:59:49.598 24267 24267 D VRI[InstrumentationActivityInvoker$EmptyActivity]@f522b0c: Not drawing due to not visible. Reason=!mAppVisible && !mForceDecorViewVisibility
05-15 20:59:49.599  1977  6841 D SurfaceComposerClient: setCornerRadius ## 96456cf Splash Screen es.uniovi.recetasasturianas#179497 cornerRadius=0.000000
05-15 20:59:49.599 24267 24267 I VRI[InstrumentationActivityInvoker$EmptyActivity]@f522b0c: stopped(true) old = false
05-15 20:59:49.599  1977  6841 D SurfaceComposerClient: setCornerRadius ## a306892 es.uniovi.recetasasturianas/es.uniovi.recetasasturianas.MainActivity#179498 cornerRadius=0.000000
05-15 20:59:49.599  1808  1808 I SurfaceFlinger: [a306892 es.uniovi.recetasasturianas/es.uniovi.recetasasturianas.MainActivity#179498] attach to parent LayerHierarchy{RequestedLayerState{ActivityRecord{242776597 u0 es.uniovi.recetasasturianas/.MainActivity t2382}#179495 parentId=179494} 2 children}
05-15 20:59:49.599  1808  1808 I SurfaceFlinger: [Splash Screen es.uniovi.recetasasturianas$_11062#179499] attach to parent LayerHierarchy{RequestedLayerState{96456cf Splash Screen es.uniovi.recetasasturianas#179497 parentId=179495} 1 children}
05-15 20:59:49.599 24267 24267 D VRI[InstrumentationActivityInvoker$EmptyActivity]@f522b0c: WindowStopped on es.uniovi.recetasasturianas.test/androidx.test.core.app.InstrumentationActivityInvoker$EmptyActivity set to true
05-15 20:59:49.599 20661 20726 I VRI[HomeActivity]@27ecfc4: mWNT: t=0xb400007df8db3490 mBlastBufferQueue=0xb400007e28d543f0 fn= 16 HdrRenderState mRenderHdrSdrRatio=1.0 caller= android.view.SyncRtSurfaceTransactionApplier.applyTransaction:100 android.view.SyncRtSurfaceTransactionApplier.lambda$scheduleApply$0:73 android.view.SyncRtSurfaceTransactionApplier.$r8$lambda$afI4fXg3U3-nBZQEDQMiNy-B06s:0
05-15 20:59:49.600 24267 24288 D HWUI    : CacheManager::trimMemory(20)
05-15 20:59:49.600  1977  6841 I WindowManager: Relayout hash=96456cf, pid=11062, syncId=-1: mAttrs={(0,0)(fillxfill) sim={adjust=pan} layoutInDisplayCutoutMode=always ty=APPLICATION_STARTING fmt=TRANSLUCENT wanim=0x1030317
05-15 20:59:49.600  1977  6841 I WindowManager:   fl=81030118
05-15 20:59:49.600  1977  6841 I WindowManager:   pfl=10000810
05-15 20:59:49.600  1977  6841 I WindowManager:   bhv=1
05-15 20:59:49.600  1977  6841 I WindowManager:   fitSides=0
05-15 20:59:49.600  1977  6841 I WindowManager:   frameRateBoostOnTouch=true
05-15 20:59:49.600  1977  6841 I WindowManager:   dvrrWindowFrameRateHint=true naviIconColor=0}
05-15 20:59:49.601 11062 11138 I VRI[recetasasturianas]@b9dc89: onActiveControlsChanged, removed=false, mAdded=true, caller=android.view.ViewRootImpl.handleInsetsControlChanged:3002 android.view.ViewRootImpl.relayoutWindow:11629 android.view.ViewRootImpl.performTraversals:4804 android.view.ViewRootImpl.doTraversal:3924 android.view.ViewRootImpl$TraversalRunnable.run:12903
05-15 20:59:49.601  1977  2134 D PkgPredictorService-SecIpmManagerServiceImpl: bg information pid:24267 uid:10626 pkgName:es.uniovi.recetasasturianas.test
05-15 20:59:49.601 24090 24090 I VRI[MainActivity]@90c0767: setView = com.android.internal.policy.DecorView@f4007b2 IsHRR=false mFlingFrameRateChange=0 TM=true
05-15 20:59:49.601 12633 12673 I Routine@Core[4.9.04.16]: ActivityWatcherListenerImpl: onResumeComponent: componentName - es.uniovi.recetasasturianas, es.uniovi.recetasasturianas.MainActivity, userId: 0
05-15 20:59:49.602 12633 12673 I Routine@Core[4.9.04.16]: Pref: putSharedPrefsData: key=condition_launch_app_data_resume_pkg, data.size=70
05-15 20:59:49.604  1977  2505 D AnalyticsContainerHandler: handleMessage : { when=0 what=1 target=com.android.server.knox.KnoxAnalyticsContainer$AnalyticsHandler }
05-15 20:59:49.604  1977  2505 D AnalyticsContainerHandler: handleMessage : { when=0 what=2 target=com.android.server.knox.KnoxAnalyticsContainer$AnalyticsHandler }
05-15 20:59:49.607  1977  6948 I WindowManager: Relayout Window{a306892 u0 es.uniovi.recetasasturianas/es.uniovi.recetasasturianas.MainActivity}: viewVisibility=0 req=1080x2340 ty=1 d0
05-15 20:59:49.607 11062 11138 W libc    : Access denied finding property "vendor.display.enable_optimal_refresh_rate"
05-15 20:59:49.607 11062 11138 I BufferQueueProducer: [](id:2b3600000140,api:0,p:1090338685,c:11062) setDequeueTimeout:2077252342
05-15 20:59:49.607  1808  1897 I SurfaceFlinger: id=179500 createSurf, flag=44004, es.uniovi.recetasasturianas/es.uniovi.recetasasturianas.MainActivity$_24090#179500
05-15 20:59:49.607  1808  1808 I SurfaceFlinger: [es.uniovi.recetasasturianas/es.uniovi.recetasasturianas.MainActivity$_24090#179500] attach to parent LayerHierarchy{RequestedLayerState{a306892 es.uniovi.recetasasturianas/es.uniovi.recetasasturianas.MainActivity#179498 parentId=179495} 1 children}
05-15 20:59:49.607 11062 11138 I BLASTBufferQueue_Java: new BLASTBufferQueue, mName= VRI[recetasasturianas]@b9dc89 mNativeObject= 0xb400007e2900df60 caller= android.view.ViewRootImpl.updateBlastSurfaceIfNeeded:3585 android.view.ViewRootImpl.relayoutWindow:11685 android.view.ViewRootImpl.performTraversals:4804 android.view.ViewRootImpl.doTraversal:3924 android.view.ViewRootImpl$TraversalRunnable.run:12903 android.view.Choreographer$CallbackRecord.run:1901 android.view.Choreographer$CallbackRecord.run:1910 android.view.Choreographer.doCallbacks:1367 android.view.Choreographer.doFrame:1292 android.view.Choreographer$FrameDisplayEventReceiver.run:1870
05-15 20:59:49.607 20661 20727 I VRI[HomeActivity]@27ecfc4: mWNT: t=0xb400007df8d8ce50 mBlastBufferQueue=0xb400007e28d543f0 fn= 17 HdrRenderState mRenderHdrSdrRatio=1.0 caller= android.view.SyncRtSurfaceTransactionApplier.applyTransaction:100 android.view.SyncRtSurfaceTransactionApplier.lambda$scheduleApply$0:73 android.view.SyncRtSurfaceTransactionApplier.$r8$lambda$afI4fXg3U3-nBZQEDQMiNy-B06s:0
05-15 20:59:49.607 11062 11138 I BLASTBufferQueue_Java: update, w= 1080 h= 2340 mName = VRI[recetasasturianas]@b9dc89 mNativeObject= 0xb400007e2900df60 sc.mNativeObject= 0xb400007ea8d31190 format= -3 caller= android.view.ViewRootImpl.updateBlastSurfaceIfNeeded:3590 android.view.ViewRootImpl.relayoutWindow:11685 android.view.ViewRootImpl.performTraversals:4804 android.view.ViewRootImpl.doTraversal:3924 android.view.ViewRootImpl$TraversalRunnable.run:12903 android.view.Choreographer$CallbackRecord.run:1901
05-15 20:59:49.608 11062 11138 W libc    : Access denied finding property "vendor.display.enable_optimal_refresh_rate"
05-15 20:59:49.608  1977  6948 D SurfaceComposerClient: setCornerRadius ## 96456cf Splash Screen es.uniovi.recetasasturianas#179497 cornerRadius=0.000000
05-15 20:59:49.608 11062 11138 I VRI[recetasasturianas]@b9dc89: Relayout returned: old=(0,0,1080,2340) new=(0,0,1080,2340) relayoutAsync=false req=(1080,2340)0 dur=12 res=0x3 s={true 0xb400007de8f5d060} ch=true seqId=0
05-15 20:59:49.608  1977  6948 D SurfaceComposerClient: setCornerRadius ## a306892 es.uniovi.recetasasturianas/es.uniovi.recetasasturianas.MainActivity#179498 cornerRadius=0.000000
05-15 20:59:49.608 11062 11138 I VRI[recetasasturianas]@b9dc89: performConfigurationChange setNightDimText nightDimLevel=0
05-15 20:59:49.609  1977  6948 D SurfaceComposerClient: setCornerRadius ## 96456cf Splash Screen es.uniovi.recetasasturianas#179497 cornerRadius=0.000000
05-15 20:59:49.609  1977  6948 D SurfaceComposerClient: setCornerRadius ## a306892 es.uniovi.recetasasturianas/es.uniovi.recetasasturianas.MainActivity#179498 cornerRadius=0.000000
05-15 20:59:49.609 11062 11138 D VRI[recetasasturianas]@b9dc89: mThreadedRenderer.initialize() mSurface={isValid=true 0xb400007de8f5d060} hwInitialized=true
05-15 20:59:49.609 11062 11138 D VRI[recetasasturianas]@b9dc89: reportNextDraw android.view.ViewRootImpl.performTraversals:5443 android.view.ViewRootImpl.doTraversal:3924 android.view.ViewRootImpl$TraversalRunnable.run:12903 android.view.Choreographer$CallbackRecord.run:1901 android.view.Choreographer$CallbackRecord.run:1910
05-15 20:59:49.609 11062 11138 D VRI[recetasasturianas]@b9dc89: Setup new sync=wmsSync-VRI[recetasasturianas]@b9dc89#16
05-15 20:59:49.609 11062 11138 I VRI[recetasasturianas]@b9dc89: Creating new active sync group VRI[recetasasturianas]@b9dc89#17
05-15 20:59:49.610  1808  1897 I SurfaceFlinger: id=179501 createSurf, flag=24004, Surface(name=8f932e4 StatusBar)/@0xabc478a - animation-leash of insets_animation#179501
05-15 20:59:49.611  1808  1897 I SurfaceFlinger: id=179502 createSurf, flag=24000, Surface(name=7a9d783 NavigationBar0)/@0x10e1471 - animation-leash of insets_animation#179502
05-15 20:59:49.611 11062 11138 D VRI[recetasasturianas]@b9dc89: registerCallbacksForSync syncBuffer=false
05-15 20:59:49.612 11062 11224 D VRI[recetasasturianas]@b9dc89: Received frameDrawingCallback syncResult=0 frameNum=1.
05-15 20:59:49.612 11062 11224 I VRI[recetasasturianas]@b9dc89: mWNT: t=0xb400007df8e42750 mBlastBufferQueue=0xb400007e2900df60 fn= 1 HdrRenderState mRenderHdrSdrRatio=1.0 caller= android.view.ViewRootImpl$12.onFrameDraw:15441 android.view.ThreadedRenderer$1.onFrameDraw:718 <bottom of call stack>
05-15 20:59:49.612 11062 11224 I VRI[recetasasturianas]@b9dc89: Setting up sync and frameCommitCallback
05-15 20:59:49.613 24267 24267 W WindowOnBackDispatcher: sendCancelIfRunning: isInProgress=false callback=android.view.ViewRootImpl$$ExternalSyntheticLambda16@87cebf8
05-15 20:59:49.615 20661 20726 I VRI[HomeActivity]@27ecfc4: mWNT: t=0xb400007df8db8350 mBlastBufferQueue=0xb400007e28d543f0 fn= 18 HdrRenderState mRenderHdrSdrRatio=1.0 caller= android.view.SyncRtSurfaceTransactionApplier.applyTransaction:100 android.view.SyncRtSurfaceTransactionApplier.lambda$scheduleApply$0:73 android.view.SyncRtSurfaceTransactionApplier.$r8$lambda$afI4fXg3U3-nBZQEDQMiNy-B06s:0
05-15 20:59:49.616 11062 11227 I BLASTBufferQueue: [VRI[recetasasturianas]@b9dc89#320](f:0,a:0,s:0) onFrameAvailable the first frame is available
05-15 20:59:49.616 11062 11227 I SurfaceComposerClient: apply transaction with the first frame. layerId: 179499, bufferData(ID: 47510928231497, frameNumber: 1)
05-15 20:59:49.616  1808  1808 I SurfaceFlinger: [Surface(name=8f932e4 StatusBar)/@0xabc478a - animation-leash of insets_animation#179501] attach to parent LayerHierarchy{RequestedLayerState{WindowToken{68a9b23 type=2000 android.os.BinderProxy@abe78dd}#172963 parentId=17} 2 children}
05-15 20:59:49.616  1808  1808 I SurfaceFlinger: [Surface(name=7a9d783 NavigationBar0)/@0x10e1471 - animation-leash of insets_animation#179502] attach to parent LayerHierarchy{RequestedLayerState{WindowToken{ec79b94 type=2019 android.os.BinderProxy@3619da6}#172956 parentId=34} 2 children}
05-15 20:59:49.616 11062 11227 I VRI[recetasasturianas]@b9dc89: Received frameCommittedCallback lastAttemptedDrawFrameNum=1 didProduceBuffer=true
05-15 20:59:49.616  1808  1897 I SurfaceFlinger: [Splash Screen es.uniovi.recetasasturianas$_11062#179499] setTransactionState with the first frame. bufferData(ID: 47510928231497, frameNumber: 1)
05-15 20:59:49.617 11062 11227 D HWUI    : CFMS:: SetUp Pid : 11062    Tid : 11227
05-15 20:59:49.617 11062 11138 D VRI[recetasasturianas]@b9dc89: reportDrawFinished seqId=0
05-15 20:59:49.618  1977  6948 I SystemKeyManager: requested systemKeyInfo size=1 focusedWindow=es.uniovi.recetasasturianas/es.uniovi.recetasasturianas.MainActivity
05-15 20:59:49.618  1977  6948 I SystemKeyManager: requested systemKeyInfo size=1 focusedWindow=es.uniovi.recetasasturianas/es.uniovi.recetasasturianas.MainActivity
05-15 20:59:49.619  1977  6948 I WindowManager: Relayout hash=a306892, pid=24090, syncId=-1: mAttrs={(0,0)(fillxfill) sim={adjust=resize forwardNavigation} layoutInDisplayCutoutMode=always ty=BASE_APPLICATION wanim=0x1030317
05-15 20:59:49.619  1977  6948 I WindowManager:   fl=81810100
05-15 20:59:49.619  1977  6948 I WindowManager:   pfl=100088c0
05-15 20:59:49.619  1977  6948 I WindowManager:   vsysui=500
05-15 20:59:49.619  1977  6948 I WindowManager:   bhv=1
05-15 20:59:49.619  1977  6948 I WindowManager:   fitSides=0
05-15 20:59:49.619  1977  6948 I WindowManager:   frameRateBoostOnTouch=true
05-15 20:59:49.619  1977  6948 I WindowManager:   dvrrWindowFrameRateHint=true naviIconColor=0}
05-15 20:59:49.624 20661 20727 I VRI[HomeActivity]@27ecfc4: mWNT: t=0xb400007df8dfbe90 mBlastBufferQueue=0xb400007e28d543f0 fn= 19 HdrRenderState mRenderHdrSdrRatio=1.0 caller= android.view.SyncRtSurfaceTransactionApplier.applyTransaction:100 android.view.SyncRtSurfaceTransactionApplier.lambda$scheduleApply$0:73 android.view.SyncRtSurfaceTransactionApplier.$r8$lambda$afI4fXg3U3-nBZQEDQMiNy-B06s:0
05-15 20:59:49.624  1808  1808 I SurfaceFlinger: RequestedLayer [Surface(name=8f932e4 StatusBar)/@0xa[...]ion-leash of insets_animation#179501] hidden!! flag  from(1) --> to(0)
05-15 20:59:49.624  1808  1808 E SurfaceFlinger: alpha changed 1.000 -> 0.000 - Surface(name=8f932e4 StatusBar)/@0xabc478a - animation-leash of insets_animation#179501
05-15 20:59:49.624  1808  1808 I SurfaceFlinger: [LayerHierarchy{RequestedLayerState{7a9d783 NavigationBar0#172957 parentId=179502} 1 children}] reparent to LayerHierarchy{RequestedLayerState{Surface(name=7a9d783 NavigationBar0)/@0x10e1471 - animation-leash of insets_animation#179502 parentId=172956} 1 children}
05-15 20:59:49.624  1808  1808 I SurfaceFlinger: [LayerHierarchy{RequestedLayerState{8f932e4 StatusBar#172964 parentId=179501} 1 children}] reparent to LayerHierarchy{RequestedLayerState{Surface(name=8f932e4 StatusBar)/@0xabc478a - animation-leash of insets_animation#179501 parentId=172963} 1 children}
05-15 20:59:49.624  1808  1808 I SurfaceFlinger: [LayerHierarchy{RequestedLayerState{Surface(name=7a9d783 NavigationBar0)/@0x10e1471 - animation-leash of insets_animation#179490} no children}] reparent to OffscreenRoot
05-15 20:59:49.624  1808  1808 I SurfaceFlinger: [LayerHierarchy{RequestedLayerState{Surface(name=7a9d783 NavigationBar0)/@0x10e1471 - animation-leash of insets_animation#179490} no children}] RelativeParent to null
05-15 20:59:49.624  1808  1808 I SurfaceFlinger: [LayerHierarchy{RequestedLayerState{Surface(name=8f932e4 StatusBar)/@0xabc478a - animation-leash of insets_animation#179489} no children}] reparent to OffscreenRoot
05-15 20:59:49.624  1808  1808 I SurfaceFlinger: [LayerHierarchy{RequestedLayerState{Surface(name=8f932e4 StatusBar)/@0xabc478a - animation-leash of insets_animation#179489} no children}] RelativeParent to null
05-15 20:59:49.632  1808  1808 D SurfaceFlinger: Display 4630947232161729154 HWC layers:
05-15 20:59:49.632  1808  1808 D SurfaceFlinger:        DEVICE |           47510928231149 | 00000100 | RGBA_8888    |    0.0    0.0 1080.0 2340.0 |    0    0 1080 2340 | Wallpaper BBQ wrapper 7_systemlock#178730 (1)
05-15 20:59:49.632  1808  1808 D SurfaceFlinger:        DEVICE |           88738319307397 | 00002100 | RGBA_8888    |    0.0    0.0 1080.0 2340.0 |    0    0 1080 2340 | bitpit.launcher/bitpit.launcher.ui.HomeActivity$_20661#179488 (17)
05-15 20:59:49.632  1808  1808 D SurfaceFlinger:        DEVICE |           47510928230672 | 00002100 | RGBA_8888    |    0.0    0.0 1080.0  144.0 |    0 2196 1080 2340 | NavigationBar0$_11062#172972 (357)
05-15 20:59:49.632  1808  1808 D SurfaceFlinger:        DEVICE |           27157078223661 | 00002100 | RGBA_8888    |    0.0   13.0  290.0  158.0 |  395    0  685  145 | $_6323#154529 (967)
05-15 20:59:49.632  1808  1808 D SurfaceFlinger:        DEVICE |           27157078223656 | 00002100 | RGBA_8888    |    0.0    0.0 1080.0  115.0 |    0    0 1080  115 | $_6323#177506 (652)
05-15 20:59:49.632  1808  1808 D SurfaceFlinger:        DEVICE |           47510928230638 | 00002140 | RGBA_8888    |    0.0    0.0 1080.0  121.0 |    0    0 1080  121 | ScreenDecorOverlay$_11062#172986 (67)
05-15 20:59:49.632  1808  1808 D SurfaceFlinger:        DEVICE |           47510
05-15 20:59:49.632  1808  1808 D SurfaceFlinger: 928230639 | 00002140 | RGBA_8888    |    0.0    0.0 1080.0  121.0 |    0 2219 1080 2340 | ScreenDecorOverlayBottom$_11062#172987 (60)
05-15 20:59:49.632  1808  1808 D SurfaceFlinger:
05-15 20:59:49.632 20661 20726 I VRI[HomeActivity]@27ecfc4: mWNT: t=0xb400007df8d8cc90 mBlastBufferQueue=0xb400007e28d543f0 fn= 20 HdrRenderState mRenderHdrSdrRatio=1.0 caller= android.view.SyncRtSurfaceTransactionApplier.applyTransaction:100 android.view.SyncRtSurfaceTransactionApplier.lambda$scheduleApply$0:73 android.view.SyncRtSurfaceTransactionApplier.$r8$lambda$afI4fXg3U3-nBZQEDQMiNy-B06s:0
05-15 20:59:49.635 24090 24090 W libc    : Access denied finding property "vendor.display.enable_optimal_refresh_rate"
05-15 20:59:49.635 24090 24090 I BufferQueueProducer: [](id:5e1a00000003,api:0,p:0,c:24090) setDequeueTimeout:2077252342
05-15 20:59:49.636 24090 24090 I BLASTBufferQueue_Java: new BLASTBufferQueue, mName= VRI[MainActivity]@90c0767 mNativeObject= 0xb400007e28dc6b10 caller= android.view.ViewRootImpl.updateBlastSurfaceIfNeeded:3585 android.view.ViewRootImpl.relayoutWindow:11685 android.view.ViewRootImpl.performTraversals:4804 android.view.ViewRootImpl.doTraversal:3924 android.view.ViewRootImpl$TraversalRunnable.run:12903 android.view.Choreographer$CallbackRecord.run:1901 android.view.Choreographer$CallbackRecord.run:1910 android.view.Choreographer.doCallbacks:1367 android.view.Choreographer.doFrame:1292 android.view.Choreographer$FrameDisplayEventReceiver.run:1870
05-15 20:59:49.636 24090 24090 I BLASTBufferQueue_Java: update, w= 1080 h= 2340 mName = VRI[MainActivity]@90c0767 mNativeObject= 0xb400007e28dc6b10 sc.mNativeObject= 0xb400007ea8d2b610 format= -1 caller= android.view.ViewRootImpl.updateBlastSurfaceIfNeeded:3590 android.view.ViewRootImpl.relayoutWindow:11685 android.view.ViewRootImpl.performTraversals:4804 android.view.ViewRootImpl.doTraversal:3924 android.view.ViewRootImpl$TraversalRunnable.run:12903 android.view.Choreographer$CallbackRecord.run:1901
05-15 20:59:49.636 24090 24090 W libc    : Access denied finding property "vendor.display.enable_optimal_refresh_rate"
05-15 20:59:49.637 24090 24090 I VRI[MainActivity]@90c0767: Relayout returned: old=(0,0,1080,2340) new=(0,0,1080,2340) relayoutAsync=false req=(1080,2340)0 dur=29 res=0x3 s={true 0xb400007de8e04370} ch=true seqId=0
05-15 20:59:49.637 24090 24090 I VRI[MainActivity]@90c0767: performConfigurationChange setNightDimText nightDimLevel=0
05-15 20:59:49.638 24090 24090 D VRI[MainActivity]@90c0767: mThreadedRenderer.initialize() mSurface={isValid=true 0xb400007de8e04370} hwInitialized=true
05-15 20:59:49.640  1977  1993 I system_server: Background young concurrent copying GC freed 12MB AllocSpace bytes, 119(2280KB) LOS objects, 8% free, 158MB/172MB, paused 727us,1.546ms total 152.180ms
05-15 20:59:49.641 24090 24090 D VRI[MainActivity]@90c0767: reportNextDraw android.view.ViewRootImpl.performTraversals:5443 android.view.ViewRootImpl.doTraversal:3924 android.view.ViewRootImpl$TraversalRunnable.run:12903 android.view.Choreographer$CallbackRecord.run:1901 android.view.Choreographer$CallbackRecord.run:1910
05-15 20:59:49.641 24090 24090 D VRI[MainActivity]@90c0767: Setup new sync=wmsSync-VRI[MainActivity]@90c0767#6
05-15 20:59:49.641 24090 24090 I VRI[MainActivity]@90c0767: Creating new active sync group VRI[MainActivity]@90c0767#7
05-15 20:59:49.641  1977  1995 W System  : A resource failed to call release.
05-15 20:59:49.641 24090 24090 D VRI[MainActivity]@90c0767: registerCallbacksForSync syncBuffer=false
05-15 20:59:49.645  1977  6841 I WindowManager: Relayout Window{7175cf2 u0 Splash Screen es.uniovi.recetasasturianas.test}: viewVisibility=8 req=1080x2340 ty=3 d0
05-15 20:59:49.646  1977  6841 D SurfaceComposerClient: setCornerRadius ## 96456cf Splash Screen es.uniovi.recetasasturianas#179497 cornerRadius=0.000000
05-15 20:59:49.646  1977  6841 D SurfaceComposerClient: setCornerRadius ## a306892 es.uniovi.recetasasturianas/es.uniovi.recetasasturianas.MainActivity#179498 cornerRadius=0.000000
05-15 20:59:49.648  1977  6841 D SurfaceComposerClient: setCornerRadius ## 96456cf Splash Screen es.uniovi.recetasasturianas#179497 cornerRadius=0.000000
05-15 20:59:49.648  1977  6841 D SurfaceComposerClient: setCornerRadius ## a306892 es.uniovi.recetasasturianas/es.uniovi.recetasasturianas.MainActivity#179498 cornerRadius=0.000000
05-15 20:59:49.649  1808  1951 D SurfaceFlinger: [input] setFocusedWindow: a306892 es.uniovi.recetasasturianas/es.uniovi.recetasasturianas.MainActivity
05-15 20:59:49.649  1977  3116 D InputDispatcher: Once focus requested (0): a306892 es.uniovi.recetasasturianas/es.uniovi.recetasasturianas.MainActivity
05-15 20:59:49.649  1977  3116 D InputDispatcher: Focus request (0): a306892 es.uniovi.recetasasturianas/es.uniovi.recetasasturianas.MainActivity but waiting because NO_WINDOW
05-15 20:59:49.650 24090 24175 D VRI[MainActivity]@90c0767: Received frameDrawingCallback syncResult=0 frameNum=1.
05-15 20:59:49.651 24090 24175 I VRI[MainActivity]@90c0767: mWNT: t=0xb400007df8ded250 mBlastBufferQueue=0xb400007e28dc6b10 fn= 1 HdrRenderState mRenderHdrSdrRatio=1.0 caller= android.view.ViewRootImpl$12.onFrameDraw:15441 android.view.ThreadedRenderer$1.onFrameDraw:718 <bottom of call stack>
05-15 20:59:49.651 24090 24175 I VRI[MainActivity]@90c0767: Setting up sync and frameCommitCallback
05-15 20:59:49.651  1808  1897 I SurfaceFlinger: id=179503 createSurf, flag=84004, Transition Root: Task=2382#179503
05-15 20:59:49.651 11062 11062 I VRI[StatusBar]@613a967: handleResized, frames=ClientWindowFrames{frame=[0,0][1080,99] display=[0,0][1080,2340] parentFrame=[0,0][0,0]} displayId=0 dragResizing=false compatScale=1.0 frameChanged=false attachedFrameChanged=false configChanged=false displayChanged=false compatScaleChanged=false dragResizingChanged=false
05-15 20:59:49.651 11062 11062 I VRI[NavigationBar0]@e1dc51d: handleResized, frames=ClientWindowFrames{frame=[0,2196][1080,2340] display=[0,0][1080,2340] parentFrame=[0,0][0,0]} displayId=0 dragResizing=false compatScale=1.0 frameChanged=false attachedFrameChanged=false configChanged=false displayChanged=false compatScaleChanged=false dragResizingChanged=false
05-15 20:59:49.651 11062 11062 I VRI[ScreenDecorOverlay]@6f4609c: Resizing android.view.ViewRootImpl@48f9e69: frame = [0,0][1080,121] reportDraw = false forceLayout = false syncSeqId = -1
05-15 20:59:49.651 20661 20661 I InsetsController: cancelAnimation: types=statusBars, animType=1, host=bitpit.launcher/bitpit.launcher.ui.HomeActivity, from=android.view.InsetsController.notifyControlRevoked:2043 android.view.InsetsSourceConsumer.setControl:158 android.view.InsetsController.onControlsChanged:1207
05-15 20:59:49.652 11062 11062 I VRI[ScreenDecorOverlayBottom]@8250f9b: Resizing android.view.ViewRootImpl@229441c: frame = [0,2219][1080,2340] reportDraw = false forceLayout = false syncSeqId = -1
05-15 20:59:49.652 11062 11493 I VRI[ScreenDecorOverlay]@6f4609c: handleResized, frames=ClientWindowFrames{frame=[0,0][1080,121] display=[0,0][1080,2340] parentFrame=[0,0][0,0]} displayId=0 dragResizing=false compatScale=1.0 frameChanged=false attachedFrameChanged=false configChanged=false displayChanged=false compatScaleChanged=false dragResizingChanged=false
05-15 20:59:49.652 11062 11493 I VRI[ScreenDecorOverlayBottom]@8250f9b: handleResized, frames=ClientWindowFrames{frame=[0,2219][1080,2340] display=[0,0][1080,2340] parentFrame=[0,0][0,0]} displayId=0 dragResizing=false compatScale=1.0 frameChanged=false attachedFrameChanged=false configChanged=false displayChanged=false compatScaleChanged=false dragResizingChanged=false
05-15 20:59:49.652  1808  1897 I SurfaceFlinger: id=179490 Removed Surface(name=7a9d783 NavigationBar0)/@0x10e1471 - animation-leash of insets_animation#179490 (185)
05-15 20:59:49.652  1977  6841 I SurfaceControlRegistry: show, t=StartTransaction_SyncId<14576> sc=ActivityRecord{242776597 u0 es.uniovi.recetasasturianas/.MainActivity t2382}, caller=android.view.SurfaceControl$Transaction.show:3557 com.android.server.wm.Transition.onTransactionReady:2048 com.android.server.wm.BLASTSyncEngine$SyncGroup.finishNow:240 com.android.server.wm.BLASTSyncEngine.onSurfacePlacement:263 com.android.server.wm.RootWindowContainer.performSurfacePlacementNoTrace:1083 com.android.server.wm.WindowSurfacePlacer.performSurfacePlacement:166
05-15 20:59:49.652 20661 20727 I VRI[HomeActivity]@27ecfc4: mWNT: t=0xb400007df8d6f5d0 mBlastBufferQueue=0xb400007e28d543f0 fn= 21 HdrRenderState mRenderHdrSdrRatio=1.0 caller= android.view.SyncRtSurfaceTransactionApplier.applyTransaction:100 android.view.SyncRtSurfaceTransactionApplier.lambda$scheduleApply$0:73 android.view.SyncRtSurfaceTransactionApplier.$r8$lambda$afI4fXg3U3-nBZQEDQMiNy-B06s:0
05-15 20:59:49.652  1977  6841 D SurfaceComposerClient: setCornerRadius ## WallpaperWindowToken{43888ef showWhenLocked=false}#178727 cornerRadius=0.000000
05-15 20:59:49.652  1977  6841 D SurfaceComposerClient: setCornerRadius ## Task=1#172921 cornerRadius=0.000000
05-15 20:59:49.652  1977  6841 D SurfaceComposerClient: setCornerRadius ## Task=2382#179494 cornerRadius=0.000000
05-15 20:59:49.653  6323  6323 I VRI[]@f636171: handleResized, frames=ClientWindowFrames{frame=[395,-13][685,145] display=[-100000,-100000][100000,100000] parentFrame=[0,0][0,0]} displayId=0 dragResizing=false compatScale=1.0 frameChanged=false attachedFrameChanged=false configChanged=false displayChanged=false compatScaleChanged=false dragResizingChanged=false
05-15 20:59:49.653  6323  6323 I VRI[]@d065a31: handleResized, frames=ClientWindowFrames{frame=[0,0][1080,115] display=[0,0][1080,2340] parentFrame=[0,0][0,0]} displayId=0 dragResizing=false compatScale=1.0 frameChanged=false attachedFrameChanged=false configChanged=false displayChanged=false compatScaleChanged=false dragResizingChanged=false
05-15 20:59:49.657  1808  1808 I SurfaceFlinger: destroyed Surface(name=7a9d783 NavigationBar0)/@0x10e1471 - animation-leash of insets_animation#179490 form LifecycleManager
05-15 20:59:49.657  1808  1808 I SurfaceFlinger: [Transition Root: Task=2382#179503] attach to parent LayerHierarchy{RequestedLayerState{DefaultTaskDisplayArea_d0#172934 parentId=9} 12 children}
05-15 20:59:49.657  1808  1808 I SurfaceFlinger: id=179490 onLayerDestroyed from LayerHierarchyBuilder(RequestedLayerState{Surface(name=7a9d783 NavigationBar0)/@0x10e1471 - animation-leash of insets_animation#179490 !handle})
05-15 20:59:49.657  1808  1808 I Layer   : id=179490 Destroyed Surface(name=7a9d783 NavigationBar0)/@0x10e1471 - animation-leash of insets_animation#179490
05-15 20:59:49.659 24090 24155 I BLASTBufferQueue: [VRI[MainActivity]@90c0767#3](f:0,a:0,s:0) onFrameAvailable the first frame is available
05-15 20:59:49.660 24090 24155 I SurfaceComposerClient: apply transaction with the first frame. layerId: 179500, bufferData(ID: 103465762160652, frameNumber: 1)
05-15 20:59:49.660  1977  6841 I WindowManager: Relayout hash=7175cf2, pid=11062, syncId=-1: mAttrs={(0,0)(fillxfill) sim={adjust=pan} layoutInDisplayCutoutMode=always ty=APPLICATION_STARTING fmt=TRANSLUCENT
05-15 20:59:49.660  1977  6841 I WindowManager:   fl=81030118
05-15 20:59:49.660  1977  6841 I WindowManager:   pfl=10000810
05-15 20:59:49.660  1977  6841 I WindowManager:   apr=18
05-15 20:59:49.660  1977  6841 I WindowManager:   bhv=1
05-15 20:59:49.660  1977  6841 I WindowManager:   fitSides=0
05-15 20:59:49.660  1977  6841 I WindowManager:   frameRateBoostOnTouch=true
05-15 20:59:49.660  1977  6841 I WindowManager:   dvrrWindowFrameRateHint=true naviIconColor=0}
05-15 20:59:49.660 20661 20726 I VRI[HomeActivity]@27ecfc4: mWNT: t=0xb400007df8da6990 mBlastBufferQueue=0xb400007e28d543f0 fn= 22 HdrRenderState mRenderHdrSdrRatio=1.0 caller= android.view.SyncRtSurfaceTransactionApplier.applyTransaction:100 android.view.SyncRtSurfaceTransactionApplier.lambda$scheduleApply$0:73 android.view.SyncRtSurfaceTransactionApplier.$r8$lambda$afI4fXg3U3-nBZQEDQMiNy-B06s:0
05-15 20:59:49.660 11062 11138 I VRI[test]@59f5da0: onActiveControlsChanged, removed=false, mAdded=true, caller=android.view.ViewRootImpl.handleInsetsControlChanged:3002 android.view.ViewRootImpl.relayoutWindow:11629 android.view.ViewRootImpl.performTraversals:4804 android.view.ViewRootImpl.doTraversal:3924 android.view.ViewRootImpl$TraversalRunnable.run:12903
05-15 20:59:49.660  1808  1897 I SurfaceFlinger: [es.uniovi.recetasasturianas/es.uniovi.recetasasturianas.MainActivity$_24090#179500] setTransactionState with the first frame. bufferData(ID: 103465762160652, frameNumber: 1)
05-15 20:59:49.661 24090 24155 I VRI[MainActivity]@90c0767: Received frameCommittedCallback lastAttemptedDrawFrameNum=1 didProduceBuffer=true
05-15 20:59:49.661 11062 11138 I VRI[test]@59f5da0: Relayout returned: old=(0,0,1080,2340) new=(0,0,1080,2340) relayoutAsync=false req=(1080,2340)8 dur=43 res=0x2 s={false 0x0} ch=true seqId=0
05-15 20:59:49.661 11062 11138 D VRI[test]@59f5da0: Not drawing due to not visible. Reason=View.GONE
05-15 20:59:49.661 11062 11138 W WindowOnBackDispatcher: sendCancelIfRunning: isInProgress=false callback=android.view.ViewRootImpl$$ExternalSyntheticLambda16@845171b
05-15 20:59:49.662  1977  2142 D SurfaceComposerClient: setCornerRadius ## 96456cf Splash Screen es.uniovi.recetasasturianas#179497 cornerRadius=0.000000
05-15 20:59:49.662  1977  2142 D SurfaceComposerClient: setCornerRadius ## a306892 es.uniovi.recetasasturianas/es.uniovi.recetasasturianas.MainActivity#179498 cornerRadius=0.000000
05-15 20:59:49.662 24090 24155 D HWUI    : CFMS:: SetUp Pid : 24090    Tid : 24155
05-15 20:59:49.662 24090 24090 D VRI[MainActivity]@90c0767: reportDrawFinished seqId=0
05-15 20:59:49.663 24090 24090 D RecipeListViewModel: loadRecipes() finalizado
05-15 20:59:49.663 24090 24155 D HWUI    : HWUI - treat SMPTE_170M as sRGB
05-15 20:59:49.663 24090 24090 D RecipeListViewModel: Dataset recibido: 78 recetas
05-15 20:59:49.663 24267 24288 D HWUI    : CacheManager::trimMemory(20)
05-15 20:59:49.664  4195 23230 I HoneySpace.RecentTasks: onRunningTaskAppeared
05-15 20:59:49.664  4195 23230 I HoneySpace.RecentTasks: onRecentTasksChanged
05-15 20:59:49.664  1977  2142 D SurfaceComposerClient: setCornerRadius ## 96456cf Splash Screen es.uniovi.recetasasturianas#179497 cornerRadius=0.000000
05-15 20:59:49.664  1977  2142 D SurfaceComposerClient: setCornerRadius ## a306892 es.uniovi.recetasasturianas/es.uniovi.recetasasturianas.MainActivity#179498 cornerRadius=0.000000
05-15 20:59:49.664  1977  2142 D SurfaceComposerClient: setCornerRadius ## 96456cf Splash Screen es.uniovi.recetasasturianas#179497 cornerRadius=0.000000
05-15 20:59:49.664 24267 24267 D ViewRootImpl: Skipping stats log for color mode
05-15 20:59:49.665 24267 24267 I VRI[InstrumentationActivityInvoker$EmptyActivity]@f522b0c: dispatchDetachedFromWindow
05-15 20:59:49.665  1977  2142 I SemDvfsHyPerManager: acquire hyper - AMS_RESUME_TAIL/1977@22, type = -999
05-15 20:59:49.665  1977  2142 I SemDvfsHyPerManager: acquire hyper - AMS_ACT_LAZY/1977@23, type = -999
05-15 20:59:49.665  1632  1829 I HYPER-HAL: [RequestManager.cpp]acquire(): Acquired ID : 1999022  [1977 / 22]    HINT : AMS_RESUME_TAIL    list :
05-15 20:59:49.665  1977  2142 D SurfaceComposerClient: setCornerRadius ## a306892 es.uniovi.recetasasturianas/es.uniovi.recetasasturianas.MainActivity#179498 cornerRadius=0.000000
05-15 20:59:49.665  1632  1829 I HYPER-HAL: [ResourceManager.cpp]updateResource(): [CPUMinFreq] UpdateResource Request ID : 1999022    Value : 1785600
05-15 20:59:49.665  1632  1829 I HYPER-HAL: [RequestManager.cpp]acquire(): Acquired ID : 2001023  [1977 / 23]    HINT : AMS_ACT_LAZY    list :
05-15 20:59:49.665  1632  1829 I HYPER-HAL: [ResourceManager.cpp]removeResource(): [CPULittleMinFreq] RemoveResource Request ID : 2011043
05-15 20:59:49.665  1977  2142 D SurfaceComposerClient: setCornerRadius ## 96456cf Splash Screen es.uniovi.recetasasturianas#179497 cornerRadius=0.000000
05-15 20:59:49.666  1977  2142 D SurfaceComposerClient: setCornerRadius ## a306892 es.uniovi.recetasasturianas/es.uniovi.recetasasturianas.MainActivity#179498 cornerRadius=0.000000
05-15 20:59:49.666  1977  2142 D SurfaceComposerClient: setCornerRadius ## 96456cf Splash Screen es.uniovi.recetasasturianas#179497 cornerRadius=0.000000
05-15 20:59:49.666  1977  2142 D SurfaceComposerClient: setCornerRadius ## a306892 es.uniovi.recetasasturianas/es.uniovi.recetasasturianas.MainActivity#179498 cornerRadius=0.000000
05-15 20:59:49.666  1808  1897 I SurfaceFlinger: id=179504 createSurf, flag=84000, c3b4dff ActivityRecordInputSink es.uniovi.recetasasturianas/.MainActivity#179504
05-15 20:59:49.668  1977  2128 I PkgPredictorService-SecIpmManagerServiceImpl: reportToNAP uid:10625 es.uniovi.recetasasturianas/es.uniovi.recetasasturianas.MainActivity thisTime:163
05-15 20:59:49.668  1977  2128 D PkgPredictorService-SecIpmManagerServiceImpl: reportToNAP: mHeavyLaunchCounter is false
05-15 20:59:49.668 11062 11138 I VRI[test]@59f5da0: dispatchDetachedFromWindow
05-15 20:59:49.669  1977  6948 D InputTransport: Input channel destroyed: '7175cf2', fd=1049
05-15 20:59:49.669  1977  6948 D SurfaceComposerClient: setCornerRadius ## 96456cf Splash Screen es.uniovi.recetasasturianas#179497 cornerRadius=0.000000
05-15 20:59:49.669  1977  6948 D SurfaceComposerClient: setCornerRadius ## a306892 es.uniovi.recetasasturianas/es.uniovi.recetasasturianas.MainActivity#179498 cornerRadius=0.000000
05-15 20:59:49.670  1977  6948 D SurfaceComposerClient: setCornerRadius ## 96456cf Splash Screen es.uniovi.recetasasturianas#179497 cornerRadius=0.000000
05-15 20:59:49.670  1977  6948 D SurfaceComposerClient: setCornerRadius ## a306892 es.uniovi.recetasasturianas/es.uniovi.recetasasturianas.MainActivity#179498 cornerRadius=0.000000
