05-15 20:59:47.128 11062 11227 D NativeCustomFrequencyManager: [NativeCFMS] BpCustomFrequencyManager::BpCustomFrequencyManager()
05-15 20:59:47.131  1977  1997 D InputTransport: Input channel constructed: '9a7f7d1', fd=1103
05-15 20:59:47.131  1977  1997 D InputTransport: Input channel constructed: '9a7f7d1', fd=1111
05-15 20:59:47.131  1632  1829 I HYPER-HAL: [ResourceManager.cpp]updateResource(): [CPUMinFreq] UpdateResource Request ID : 1997022    Value : 2841600
05-15 20:59:47.131  1977  1997 D InputTransport: Input channel constructed: '9a7f7d1', fd=1062
05-15 20:59:47.131  1977  1997 D InputTransport: Input channel destroyed: '9a7f7d1', fd=1111
05-15 20:59:47.132  1632  1829 I HYPER-HAL: [RequestManager.cpp]acquire(): Acquired ID : 17484758  [5896 / 17]    HINT : APP_START    list :
05-15 20:59:47.131  1808  2995 I SurfaceFlinger: id=179413 createSurf, flag=84004, 9a7f7d1 Splash Screen es.uniovi.recetasasturianas.test#179413
05-15 20:59:47.132  4195 23187 I HoneySpace.RecentTasks: onRecentTasksChanged
05-15 20:59:47.132  4195  4395 I HoneySpace.StatusIconTracker: invokeEvent() called with: event = Mobile(bundle=Bundle[mParcelledData.dataSize=256])
05-15 20:59:47.133  1977  1997 D InputTransport: Input channel destroyed: '9a7f7d1', fd=1062
05-15 20:59:47.133  1632  1829 I HYPER-HAL: [ResourceManager.cpp]updateResource(): [CPUMaxFreq] UpdateResource Request ID : 17484758    Value : 2841600
05-15 20:59:47.133 11062 11138 D InputTransport: Input channel constructed: '9a7f7d1', fd=498
05-15 20:59:47.133  1519  1519 D Zygote  : Forked child process 24267
05-15 20:59:47.134 11062 11138 I InsetsController: onStateChanged: host=Splash Screen es.uniovi.recetasasturianas.test, from=android.view.ViewRootImpl.onInsetsStateChanged:3026, state=InsetsState: {mDisplayFrame=Rect(0, 0 - 1080, 2340), mDisplayCutout=DisplayCutout{insets=Rect(0, 99 - 0, 0) waterfall=Insets{left=0, top=0, right=0, bottom=0} boundingRect={Bounds=[Rect(0, 0 - 0, 0), Rect(505, 0 - 575, 99), Rect(0, 0 - 0, 0), Rect(0, 0 - 0, 0)]} cutoutPathParserInfo={CutoutPathParserInfo{displayWidth=1080 displayHeight=2340 physicalDisplayWidth=1080 physicalDisplayHeight=2340 density={3.0} cutoutSpec={M 0,0 M 0,29 a 35,35 0 1,0 0,70 a 35,35 0 1,0 0,-70 Z} rotation={0} scale={1.0} physicalPixelDisplaySizeRatio={1.0}}} sideOverrides={}}, mRoundedCorners=RoundedCorners{[RoundedCorner{position=TopLeft, radius=108, center=Point(108, 108)}, RoundedCorner{position=TopRight, radius=108, center=Point(972, 108)}, RoundedCorner{position=BottomRight, radius=108, center=Point(972, 2232)}, RoundedCorner{position=BottomLeft, radius=108, center=Point(108, 2232)}]}  mRoundedCornerFrame=Rect(0, 0 - 1080, 2340), mPrivacyIndicatorBounds=PrivacyIndicatorBounds {static bounds=Rect(948, 0 - 1080, 99) rotation=0}, mDisplayShape=DisplayShape{ spec=-311912193 displayWidth=1080 displayHeight=2340 physicalPixelDisplaySizeRatio=1.0 rotation=0 offsetX=0 offsetY=0 scale=1.0}, mSources= { InsetsSource: {b73a0001 mType=navigationBars mFrame=[0,0][0,0] mVisible=true mFlags=SUPPRESS_SCRIM mSideHint=NONE mBoundingRects=null}, InsetsSource: {b73a0004 mType=systemGestures mFrame=[0,0][90,2340] mVisible=true mFlags= mSideHint=LEFT mBoundingRects=null}, InsetsSource: {b73a0005 mType=mandatorySystemGestures mFrame=[0,2265][1080,2340] mVisible=true mFlags= mSideHint=BOTTOM mBoundingRects=null}, InsetsSource: {b73a0006 mType=tappableElement mFrame=[0,0][0,0] mVisible=true mFlags= mSideHint=NONE mBoundingRects=null}, InsetsSource: {b73a0024 mType=systemGestures mFrame=[990,0][1080,2340] mVisible=true mFlags= mSideHint=RIGHT mBoundingRects=null}, InsetsSource: {3 mType=ime mFrame=[0,0][0,0] mVisible=false mFlags= mSideHint=NONE mBoundingRects=null}, InsetsSource: {27 mType=displayCutout mFrame=[0,0][1080,99] mVisible=true mFlags= mSideHint=TOP mBoundingRects=null}, InsetsSource: {9260000 mType=statusBars mFrame=[0,0][1080,99] mVisible=true mFlags= mSideHint=TOP mBoundingRects=null}, InsetsSource: {9260005 mType=mandatorySystemGestures mFrame=[0,0][1080,135] mVisible=true mFlags= mSideHint=TOP mBoundingRects=null}, InsetsSource: {9260006 mType=tappableElement mFrame=[0,0][1080,99] mVisible=true mFlags= mSideHint=TOP mBoundingRects=null} }
05-15 20:59:47.134 11062 11138 I VRI[test]@3d01deb: onActiveControlsChanged, removed=false, mAdded=true, caller=android.view.ViewRootImpl.handleInsetsControlChanged:3002 android.view.ViewRootImpl.setView:2014 android.view.WindowManagerGlobal.addView:604 com.android.wm.shell.startingsurface.SplashscreenWindowCreator.addWindow:38 com.android.wm.shell.startingsurface.StartingWindowController$$ExternalSyntheticLambda4.run:1365
05-15 20:59:47.134 11062 11138 I VRI[test]@3d01deb: synced displayState. AttachInfo displayState=2
05-15 20:59:47.135 20661 24156 I FA      : Application backgrounded at: timestamp_millis: 1778871585132
05-15 20:59:47.135 11062 11138 I VRI[test]@3d01deb: setView = android.widget.FrameLayout@ae0e306 IsHRR=false mFlingFrameRateChange=0 TM=true
05-15 20:59:47.136  1808  1808 I SurfaceFlinger: [9a7f7d1 Splash Screen es.uniovi.recetasasturianas.test#179413] attach to parent LayerHierarchy{RequestedLayerState{ActivityRecord{116069474 u0 es.uniovi.recetasasturianas.test/androidx.test.core.app.InstrumentationActivityInvoker$EmptyActivity t2377}#179412 parentId=179411} 1 children}
05-15 20:59:47.136 11062 11227 D HWUI    : HWUI - treat SMPTE_170M as sRGB
05-15 20:59:47.136  2090  2090 I CameraService: onUidStateChanged: uid=10048, procState is changed. (0 -> 1)
05-15 20:59:47.138  1977  6948 I WindowManager: Relayout Window{9a7f7d1 u0 Splash Screen es.uniovi.recetasasturianas.test}: viewVisibility=0 req=1080x2340 ty=3 d0
05-15 20:59:47.138 12633 12673 I Routine@Core[4.9.04.16]: ModeOrderObserver: ModeOrderObserver:onChange: uri content://com.samsung.android.app.routines.routineprovider/preference
05-15 20:59:47.138  1977  1997 D InputDispatcher: Focus left window (0): 21e4a73 es.uniovi.recetasasturianas/es.uniovi.recetasasturianas.MainActivity
05-15 20:59:47.138  1808  2497 I SurfaceFlinger: id=179414 createSurf, flag=44004, Splash Screen es.uniovi.recetasasturianas.test$_11062#179414
05-15 20:59:47.139 24090 24090 I ImeFocusController: onPreWindowFocus: skipped hasWindowFocus=false mHasImeFocus=true
05-15 20:59:47.139  1977  6948 D SurfaceComposerClient: setCornerRadius ## 9a7f7d1 Splash Screen es.uniovi.recetasasturianas.test#179413 cornerRadius=0.000000
05-15 20:59:47.140  1977  6948 D SurfaceComposerClient: setCornerRadius ## 9a7f7d1 Splash Screen es.uniovi.recetasasturianas.test#179413 cornerRadius=0.000000
05-15 20:59:47.140 24090 24090 I ImeFocusController: onPostWindowFocus: skipped hasWindowFocus=false mHasImeFocus=true
05-15 20:59:47.143  1977  6948 I WindowManager: Relayout hash=9a7f7d1, pid=11062, syncId=-1: mAttrs={(0,0)(fillxfill) sim={adjust=pan} layoutInDisplayCutoutMode=always ty=APPLICATION_STARTING fmt=TRANSLUCENT
05-15 20:59:47.143  1977  6948 I WindowManager:   fl=81030118
05-15 20:59:47.143  1977  6948 I WindowManager:   pfl=10000810
05-15 20:59:47.143  1977  6948 I WindowManager:   apr=18
05-15 20:59:47.143  1977  6948 I WindowManager:   bhv=1
05-15 20:59:47.143  1977  6948 I WindowManager:   fitSides=0
05-15 20:59:47.143  1977  6948 I WindowManager:   frameRateBoostOnTouch=true
05-15 20:59:47.143  1977  6948 I WindowManager:   dvrrWindowFrameRateHint=true naviIconColor=0}
05-15 20:59:47.144  1808  1808 I SurfaceFlinger: [LayerHierarchy{RequestedLayerState{ImeContainer#15 parentId=179398 relativeParentId=179398 z=1} 1 children}] RelativeParent to null
05-15 20:59:47.144 11062 11138 I VRI[test]@3d01deb: onActiveControlsChanged, removed=false, mAdded=true, caller=android.view.ViewRootImpl.handleInsetsControlChanged:3002 android.view.ViewRootImpl.relayoutWindow:11629 android.view.ViewRootImpl.performTraversals:4804 android.view.ViewRootImpl.doTraversal:3924 android.view.ViewRootImpl$TraversalRunnable.run:12903
05-15 20:59:47.144  1808  1808 I SurfaceFlinger: [Splash Screen es.uniovi.recetasasturianas.test$_11062#179414] attach to parent LayerHierarchy{RequestedLayerState{9a7f7d1 Splash Screen es.uniovi.recetasasturianas.test#179413 parentId=179412} 1 children}
05-15 20:59:47.144 11062 11138 W libc    : Access denied finding property "vendor.display.enable_optimal_refresh_rate"
05-15 20:59:47.144 11062 11138 I BufferQueueProducer: [](id:2b360000013b,api:0,p:1222711312,c:11062) setDequeueTimeout:2077252342
05-15 20:59:47.148 11062 11138 I BLASTBufferQueue_Java: new BLASTBufferQueue, mName= VRI[test]@3d01deb mNativeObject= 0xb400007e28ef5df0 caller= android.view.ViewRootImpl.updateBlastSurfaceIfNeeded:3585 android.view.ViewRootImpl.relayoutWindow:11685 android.view.ViewRootImpl.performTraversals:4804 android.view.ViewRootImpl.doTraversal:3924 android.view.ViewRootImpl$TraversalRunnable.run:12903 android.view.Choreographer$CallbackRecord.run:1901 android.view.Choreographer$CallbackRecord.run:1910 android.view.Choreographer.doCallbacks:1367 android.view.Choreographer.doFrame:1292 android.view.Choreographer$FrameDisplayEventReceiver.run:1870
05-15 20:59:47.148 11062 11138 I BLASTBufferQueue_Java: update, w= 1080 h= 2340 mName = VRI[test]@3d01deb mNativeObject= 0xb400007e28ef5df0 sc.mNativeObject= 0xb400007ea8d34610 format= -3 caller= android.view.ViewRootImpl.updateBlastSurfaceIfNeeded:3590 android.view.ViewRootImpl.relayoutWindow:11685 android.view.ViewRootImpl.performTraversals:4804 android.view.ViewRootImpl.doTraversal:3924 android.view.ViewRootImpl$TraversalRunnable.run:12903 android.view.Choreographer$CallbackRecord.run:1901
05-15 20:59:47.149 11062 11138 W libc    : Access denied finding property "vendor.display.enable_optimal_refresh_rate"
05-15 20:59:47.149 11062 11138 I VRI[test]@3d01deb: Relayout returned: old=(0,0,1080,2340) new=(0,0,1080,2340) relayoutAsync=false req=(1080,2340)0 dur=7 res=0x3 s={true 0xb400007de8f08210} ch=true seqId=0
05-15 20:59:47.149 11062 11138 I VRI[test]@3d01deb: performConfigurationChange setNightDimText nightDimLevel=0
05-15 20:59:47.150 12633 12673 I Routine@Core[4.9.04.16]: ModesOrderManager: getOrderOrDefault: uuid(100)
05-15 20:59:47.150 11062 11138 D VRI[test]@3d01deb: mThreadedRenderer.initialize() mSurface={isValid=true 0xb400007de8f08210} hwInitialized=true
05-15 20:59:47.151 11062 11138 D VRI[test]@3d01deb: reportNextDraw android.view.ViewRootImpl.performTraversals:5443 android.view.ViewRootImpl.doTraversal:3924 android.view.ViewRootImpl$TraversalRunnable.run:12903 android.view.Choreographer$CallbackRecord.run:1901 android.view.Choreographer$CallbackRecord.run:1910
05-15 20:59:47.151 11062 11138 D VRI[test]@3d01deb: Setup new sync=wmsSync-VRI[test]@3d01deb#6
05-15 20:59:47.151 11062 11138 I VRI[test]@3d01deb: Creating new active sync group VRI[test]@3d01deb#7
05-15 20:59:47.151 11062 11138 D VRI[test]@3d01deb: registerCallbacksForSync syncBuffer=false
05-15 20:59:47.152 11062 11225 D VRI[test]@3d01deb: Received frameDrawingCallback syncResult=0 frameNum=1.
05-15 20:59:47.152 12633 12673 I Routine@Core[4.9.04.16]: ModesOrderManager: getOrder: uuid(100) -> order(999)
05-15 20:59:47.153 12633 12673 I Routine@Core[4.9.04.16]: ModeListHolder: update: size(1) updated(2026/05/15 20:59:47) [ModeMeta(id=1, uuid=100, iconResourceId=2131231140, iconStatusResourceId=2131231637, displayName=Sleep, isRunning=false, runningReason=, runningReasonCondition=, isSet=true, isDeleted=false, detailRunningReason=null, order=999, toggleTime=1778816639015)]
05-15 20:59:47.153 11062 11225 I VRI[test]@3d01deb: mWNT: t=0xb400007df8dd0ed0 mBlastBufferQueue=0xb400007e28ef5df0 fn= 1 HdrRenderState mRenderHdrSdrRatio=1.0 caller= android.view.ViewRootImpl$12.onFrameDraw:15441 android.view.ThreadedRenderer$1.onFrameDraw:718 <bottom of call stack>
05-15 20:59:47.153 11062 11225 I VRI[test]@3d01deb: Setting up sync and frameCommitCallback
05-15 20:59:47.157 11062 11227 I BLASTBufferQueue: [VRI[test]@3d01deb#315](f:0,a:0,s:0) onFrameAvailable the first frame is available
05-15 20:59:47.157 11062 11227 I SurfaceComposerClient: apply transaction with the first frame. layerId: 179414, bufferData(ID: 47510928231447, frameNumber: 1)
05-15 20:59:47.158 11062 11227 I VRI[test]@3d01deb: Received frameCommittedCallback lastAttemptedDrawFrameNum=1 didProduceBuffer=true
05-15 20:59:47.158  1808  2995 I SurfaceFlinger: [Splash Screen es.uniovi.recetasasturianas.test$_11062#179414] setTransactionState with the first frame. bufferData(ID: 47510928231447, frameNumber: 1)
05-15 20:59:47.158 11062 11227 D HWUI    : CFMS:: SetUp Pid : 11062    Tid : 11227
05-15 20:59:47.158 11062 11138 D VRI[test]@3d01deb: reportDrawFinished seqId=0
05-15 20:59:47.160  1977  2142 D SurfaceComposerClient: setCornerRadius ## 9a7f7d1 Splash Screen es.uniovi.recetasasturianas.test#179413 cornerRadius=0.000000
05-15 20:59:47.160  1977  2142 D SurfaceComposerClient: setCornerRadius ## 9a7f7d1 Splash Screen es.uniovi.recetasasturianas.test#179413 cornerRadius=0.000000
05-15 20:59:47.162  1808  2995 I SurfaceFlinger: id=179415 createSurf, flag=84004, Transition Root: Task=2377#179415
05-15 20:59:47.161 24267 24267 I asturianas.test: Late-enabling -Xcheck:jni
05-15 20:59:47.163  1977  2142 I SurfaceControlRegistry: show, t=StartTransaction_SyncId<14570> sc=ActivityRecord{116069474 u0 es.uniovi.recetasasturianas.test/androidx.test.core.app.InstrumentationActivityInvoker$EmptyActivity t2377}, caller=android.view.SurfaceControl$Transaction.show:3557 com.android.server.wm.Transition.onTransactionReady:2048 com.android.server.wm.BLASTSyncEngine$SyncGroup.finishNow:240 com.android.server.wm.BLASTSyncEngine.onSurfacePlacement:263 com.android.server.wm.RootWindowContainer.performSurfacePlacementNoTrace:1083 com.android.server.wm.WindowSurfacePlacer.performSurfacePlacement:166
05-15 20:59:47.163  1977  2142 D SurfaceComposerClient: setCornerRadius ## Task=2376#179397 cornerRadius=0.000000
05-15 20:59:47.163  1977  2142 D SurfaceComposerClient: setCornerRadius ## Task=2377#179411 cornerRadius=0.000000
05-15 20:59:47.166  1977  2142 D ScreenCapture: [Capture_TEST] : setIsScreenShotBySystem false
05-15 20:59:47.166  1977  2142 I SurfaceComposerClient: captureLayers:childrenOnly:1, sync:1
05-15 20:59:47.167 11062 11118 I SurfaceControlRegistry: hide, t=FinishTransaction_SyncId<14570> sc=Task=2376, caller=android.view.SurfaceControl$Transaction.hide:3583 com.android.wm.shell.transition.Transitions.dispatchReady:1263 com.android.wm.shell.transition.Transitions.onTransitionReady:251 com.android.wm.shell.transition.Transitions$TransitionPlayerImpl$$ExternalSyntheticLambda0.run:13 android.os.Handler.handleCallback:995 android.os.Handler.dispatchMessage:103
05-15 20:59:47.167 11062 11118 I SurfaceControlRegistry: show, t=StartTransaction_SyncId<14570> sc=Task=2377, caller=android.view.SurfaceControl$Transaction.show:3557 com.android.wm.shell.transition.Transitions.dispatchReady:1279 com.android.wm.shell.transition.Transitions.onTransitionReady:251 com.android.wm.shell.transition.Transitions$TransitionPlayerImpl$$ExternalSyntheticLambda0.run:13 android.os.Handler.handleCallback:995 android.os.Handler.dispatchMessage:103
05-15 20:59:47.167 11062 11118 I SurfaceControlRegistry: show, t=FinishTransaction_SyncId<14570> sc=Task=2377, caller=android.view.SurfaceControl$Transaction.show:3557 com.android.wm.shell.transition.Transitions.dispatchReady:1330 com.android.wm.shell.transition.Transitions.onTransitionReady:251 com.android.wm.shell.transition.Transitions$TransitionPlayerImpl$$ExternalSyntheticLambda0.run:13 android.os.Handler.handleCallback:995 android.os.Handler.dispatchMessage:103
05-15 20:59:47.168 11062 11118 I SurfaceControlRegistry: show, t=StartTransaction_SyncId<14570> sc=Transition Root: Task=2377, caller=android.view.SurfaceControl$Transaction.show:3557 com.android.wm.shell.transition.Transitions.playTransition:79 com.android.wm.shell.transition.Transitions.processReadyQueue:239 com.android.wm.shell.transition.Transitions.dispatchReady:1352 com.android.wm.shell.transition.Transitions.onTransitionReady:251 com.android.wm.shell.transition.Transitions$TransitionPlayerImpl$$ExternalSyntheticLambda0.run:13
05-15 20:59:47.179  1808  2995 I SurfaceFlinger: Capture layer list: 	 es.uniovi.recetasasturianas/es.uniovi.recetasasturianas.MainActivity$_24090#179406(seamlessTransition:0)
05-15 20:59:47.182  1808  1908 D RenderEngine: [SEC_SF_EFFECTS] drawLayersInternal,1483, Rendering layer ScreenCaptureFillLayer at index 0
05-15 20:59:47.182  1808  1908 D RenderEngine: [SEC_SF_EFFECTS] drawLayersInternal,1483, Rendering layer es.uniovi.recetasasturianas/es.uniovi.recetasasturianas.MainActivity$_24090#179406 at index 1
05-15 20:59:47.186 24267 24267 I asturianas.test: Using CollectorTypeCC GC.
05-15 20:59:47.186  1632 24165 I HYPER-HAL: [RequestManager.cpp]releaseLocked(): Released ID : 3944836
05-15 20:59:47.187  1808  2995 I SurfaceFlinger: id=179416 createSurf, flag=24000, Surface(name=8f932e4 StatusBar)/@0xabc478a - animation-leash of insets_animation#179416
05-15 20:59:47.189  1808  2995 I SurfaceFlinger: id=179417 createSurf, flag=24000, Surface(name=7a9d783 NavigationBar0)/@0x10e1471 - animation-leash of insets_animation#179417
05-15 20:59:47.190  2804  2815 I adbd    : jdwp connection from 24267
05-15 20:59:47.191  1977  2142 D SurfaceComposerClient: setCornerRadius ## 9a7f7d1 Splash Screen es.uniovi.recetasasturianas.test#179413 cornerRadius=0.000000
05-15 20:59:47.194  1808  2995 I SurfaceFlinger: id=179418 createSurf, flag=84000, daaea44 ActivityRecordInputSink es.uniovi.recetasasturianas.test/androidx.test.core.app.InstrumentationActivityInvoker$EmptyActivity#179418
05-15 20:59:47.195 24267 24267 D nativeloader: Load libframework-connectivity-tiramisu-jni.so using APEX ns com_android_tethering for caller /apex/com.android.tethering/javalib/framework-connectivity-t.jar: ok
05-15 20:59:47.197 11062 11118 D SurfaceComposerClient: [Task=2376#179397] setEdgeExtension Right
05-15 20:59:47.198 11062 11118 I SurfaceControlRegistry: apply, t=StartTransaction_SyncId<14570>, caller=android.view.SurfaceControl$Transaction.apply:3459 android.view.SurfaceControl$Transaction.apply:3447 android.view.SurfaceControl$Transaction.apply:3397 com.android.wm.shell.transition.DefaultTransitionHandler.startAnimation:3292 com.android.wm.shell.transition.Transitions.dispatchTransition:90 com.android.wm.shell.transition.Transitions.playTransition:774
05-15 20:59:47.198 24267 24267 D ActivityThread: setConscryptValidator
05-15 20:59:47.199 24267 24267 D ActivityThread: setConscryptValidator - put
05-15 20:59:47.201  4195 23187 I HoneySpace.RecentTasks: onRunningTaskAppeared
05-15 20:59:47.201  4195 23187 I HoneySpace.RecentTasks: onRecentTasksChanged
05-15 20:59:47.203  1808  1808 I SurfaceFlinger: RequestedLayer [9a7f7d1 Splash Screen es.uniovi.recetasasturianas.test#179413] hidden!! flag  from(1) --> to(0)
05-15 20:59:47.203  1808  1808 I SurfaceFlinger: RequestedLayer [Splash Screen es.uniovi.recetasasturianas.test$_11062#179414] hidden!! flag  from(1) --> to(0)
05-15 20:59:47.203  1808  1808 I SurfaceFlinger: RequestedLayer [Task=2377#179411] hidden!! flag  from(1) --> to(0)
05-15 20:59:47.203  1808  1808 E SurfaceFlinger: alpha changed 1.000 -> 0.000 - Task=2377#179411
05-15 20:59:47.203  1808  1808 I SurfaceFlinger: RequestedLayer [Transition Root: Task=2377#179415] hidden!! flag  from(1) --> to(0)
05-15 20:59:47.203  1808  1808 I SurfaceFlinger: RequestedLayer [ActivityRecord{116069474 u0 es.uniov[...]yInvoker$EmptyActivity t2377}#179412] hidden!! flag  from(1) --> to(0)
05-15 20:59:47.203  1808  1808 E SurfaceFlinger: alpha changed 0.000 -> 1.000 - Task=2377#179411
05-15 20:59:47.203  1808  1808 I SurfaceFlinger: [LayerHierarchy{RequestedLayerState{7a9d783 NavigationBar0#172957 parentId=179417} 1 children}] reparent to LayerHierarchy{RequestedLayerState{Surface(name=7a9d783 NavigationBar0)/@0x10e1471 - animation-leash of insets_animation#179417 parentId=172956} 1 children}
05-15 20:59:47.203  1808  1808 I SurfaceFlinger: [LayerHierarchy{RequestedLayerState{8f932e4 StatusBar#172964 parentId=179416} 1 children}] reparent to LayerHierarchy{RequestedLayerState{Surface(name=8f932e4 StatusBar)/@0xabc478a - animation-leash of insets_animation#179416 parentId=172963} 1 children}
05-15 20:59:47.203  1808  1808 I SurfaceFlinger: [LayerHierarchy{RequestedLayerState{Surface(name=7a9d783 NavigationBar0)/@0x10e1471 - animation-leash of insets_animation#179408} no children}] reparent to OffscreenRoot
05-15 20:59:47.203  1808  1808 I SurfaceFlinger: [LayerHierarchy{RequestedLayerState{Surface(name=7a9d783 NavigationBar0)/@0x10e1471 - animation-leash of insets_animation#179408} no children}] RelativeParent to null
05-15 20:59:47.203  1808  1808 I SurfaceFlinger: [LayerHierarchy{RequestedLayerState{Task=2376#179397 parentId=179415 z=2} 1 children}] reparent to LayerHierarchy{RequestedLayerState{Transition Root: Task=2377#179415 parentId=172934 z=8} 1 children}
05-15 20:59:47.203  1808  1808 I SurfaceFlinger: [LayerHierarchy{RequestedLayerState{Surface(name=8f932e4 StatusBar)/@0xabc478a - animation-leash of insets_animation#179407} no children}] reparent to OffscreenRoot
05-15 20:59:47.203  1808  1808 I SurfaceFlinger: [LayerHierarchy{RequestedLayerState{Surface(name=8f932e4 StatusBar)/@0xabc478a - animation-leash of insets_animation#179407} no children}] RelativeParent to null
05-15 20:59:47.203  1808  1808 I SurfaceFlinger: [LayerHierarchy{RequestedLayerState{Task=2377#179411 parentId=179415 z=5} 1 children}] reparent to LayerHierarchy{RequestedLayerState{Transition Root: Task=2377#179415 parentId=172934 z=8} 2 children}
05-15 20:59:47.203  1808  1808 I SurfaceFlinger: [Transition Root: Task=2377#179415] attach to parent LayerHierarchy{RequestedLayerState{DefaultTaskDisplayArea_d0#172934 parentId=9} 10 children}
05-15 20:59:47.203  1808  1808 I SurfaceFlinger: [Surface(name=8f932e4 StatusBar)/@0xabc478a - animation-leash of insets_animation#179416] attach to parent LayerHierarchy{RequestedLayerState{WindowToken{68a9b23 type=2000 android.os.BinderProxy@abe78dd}#172963 parentId=17} 1 children}
05-15 20:59:47.203  1808  1808 I SurfaceFlinger: [Surface(name=7a9d783 NavigationBar0)/@0x10e1471 - animation-leash of insets_animation#179417] attach to parent LayerHierarchy{RequestedLayerState{WindowToken{ec79b94 type=2019 android.os.BinderProxy@3619da6}#172956 parentId=34} 1 children}
05-15 20:59:47.203  1808  1808 I SurfaceFlinger: [daaea44 ActivityRecordInputSink es.uniovi.recetasasturianas.test/androidx.test.core.app.InstrumentationActivityInvoker$EmptyActivity#179418] attach to parent LayerHierarchy{RequestedLayerState{ActivityRecord{116069474 u0 es.uniovi.recetasasturianas.test/androidx.test.core.app.InstrumentationActivityInvoker$EmptyActivity t2377}#179412 parentId=179411} 2 children}
05-15 20:59:47.204 11062 11062 D SamsungLightBarControlHelper: updateStatusBar (BLACK icon) numStacks:1, StatusBarMode:MODE_TRANSPARENT, lightBarBounds:[Rect(0, 0 - 1080, 2340)], StatusBarState:SHADE, packageName:, isWhiteKeyguardStatusBar:false
05-15 20:59:47.204 11062 11062 D SamsungLightBarControlHelper: onStatusBarAppearanceChanged() -  sbModeChanged:false, statusBarMode:0, barState:MODE_TRANSPARENT, isKeyguardShowing:false, navbarColorManagedByIme:false, (AppearanceRegion{LIGHT_STATUS_BARS bounds=[0,0][1080,2340]}, )
05-15 20:59:47.204 11062 11062 D NavigationBar: onSystemBarAttributesChanged() -  displayId:0, appearance:8, packageName: es.uniovi.recetasasturianas.test (APPEARANCE_LIGHT_STATUS_BARS ), navbarColorManagedByIme:false
05-15 20:59:47.204 11062 11062 D QSClock : onDarkChanged tint=DARK
05-15 20:59:47.205 11062 11118 I SurfaceControlRegistry: apply, t=FinishTransaction_SyncId<14570>, caller=android.view.SurfaceControl$Transaction.apply:3459 android.view.SurfaceControl$Transaction.apply:3447 android.view.SurfaceControl$Transaction.apply:3397 com.android.wm.shell.transition.Transitions.onFinish:315 com.android.wm.shell.transition.Transitions$$ExternalSyntheticLambda7.onTransitionFinished:12 com.android.wm.shell.transition.DefaultTransitionHandler$$ExternalSyntheticLambda6.run:36
05-15 20:59:47.206  1808  2995 I SurfaceFlinger: id=179408 Removed Surface(name=7a9d783 NavigationBar0)/@0x10e1471 - animation-leash of insets_animation#179408 (171)
05-15 20:59:47.207  1977  6948 D PersonaActivityHelper: token.toString()  Token{e8e66b0 ActivityRecord{116069474 u0 es.uniovi.recetasasturianas.test/androidx.test.core.app.InstrumentationActivityInvoker$EmptyActivity t2377}}
05-15 20:59:47.207  1977  6948 D PersonaActivityHelper: mLastResumedSFActivity getPackageName  com.android.settings
05-15 20:59:47.207  1977  6948 D PersonaActivityHelper: mLastResumedSFActivity getShortClassName  .fuelgauge.RequestIgnoreBatteryOptimizations
05-15 20:59:47.207  1977  6948 D PersonaActivityHelper: token.toString()  Token{741d61a ActivityRecord{261437244 u0 es.uniovi.recetasasturianas/.MainActivity t2376}}
05-15 20:59:47.207  1977  6948 D PersonaActivityHelper: mLastResumedSFActivity getPackageName  com.android.settings
05-15 20:59:47.207  1977  6948 D PersonaActivityHelper: mLastResumedSFActivity getShortClassName  .fuelgauge.RequestIgnoreBatteryOptimizations
05-15 20:59:47.208  1808  2497 I SurfaceFlinger: id=179407 Removed Surface(name=8f932e4 StatusBar)/@0xabc478a - animation-leash of insets_animation#179407 (171)
05-15 20:59:47.208 24090 24090 I VRI[MainActivity]@7cab705: handleAppVisibility mAppVisible = true visible = false
05-15 20:59:47.208 24090 24090 D VRI[MainActivity]@7cab705: visibilityChanged oldVisibility=true newVisibility=false
05-15 20:59:47.209  1977  2142 D SurfaceComposerClient: setCornerRadius ## 9a7f7d1 Splash Screen es.uniovi.recetasasturianas.test#179413 cornerRadius=0.000000
05-15 20:59:47.214  1808  3007 D NativeSemDvfsManager: acquire:: timeout = 2000 mIsAcquired = 1  mTagName : SurfaceFlinger
05-15 20:59:47.214  1977  2134 D PkgPredictorService-SecIpmManagerServiceImpl: onForegroundActivitiesChanged pid:24267 uid:10626
05-15 20:59:47.214  1808  1808 D SurfaceFlinger: Display 4630947232161729154 HWC layers:
05-15 20:59:47.214  1808  1808 D SurfaceFlinger:        CLIENT |          103465762160640 | 00002102 | RGBA_8888    |  360.0    0.0 1080.0 2340.0 |    0    0 1080 2340 | es.uniovi.recetasasturianas/es.uniov[...]sturianas.MainActivity$_24090#179406 (64)
05-15 20:59:47.214  1808  1808 D SurfaceFlinger:        DEVICE |           47510928231447 | 00002100 | RGBA_8888    |    0.0    0.0 1080.0 2340.0 |    0    0 1080 2340 | Splash Screen es.uniovi.recetasasturianas.test$_11062#179414 (1)
05-15 20:59:47.214  1808  1808 D SurfaceFlinger:        DEVICE |           47510928230647 | 00002100 | RGBA_8888    |    0.0    0.0 1080.0   99.0 |    0    0 1080   99 | StatusBar$_11062#172976 (4130)
05-15 20:59:47.214  1808  1808 D SurfaceFlinger:        DEVICE |           47510928230672 | 00002100 | RGBA_8888    |    0.0    0.0 1080.0  144.0 |    0 2196 1080 2340 | NavigationBar0$_11062#172972 (357)
05-15 20:59:47.214  1808  1808 D SurfaceFlinger:        DEVICE |           27157078223661 | 00002100 | RGBA_8888    |    0.0   13.0  290.0  158.0 |  395    0  685  145 | $_6323#154529 (967)
05-15 20:59:47.214  1808  1808 D SurfaceFlinger:        DEVICE |           27157078223656 | 00002100 | RGBA_8888    |    0.0    0.0 1080.0  115.0 |    0    0 1080  115 | $_6323#177506 (652)
05-15 20:59:47.214  1808  1808 D SurfaceFlinger:
05-15 20:59:47.214  1808  1808 D SurfaceFlinger:     DEVICE |           47510928230638 | 00002140 | RGBA_8888    |    0.0    0.0 1080.0  121.0 |    0    0 1080  121 | ScreenDecorOverlay$_11062#172986 (67)
05-15 20:59:47.214  1808  1808 D SurfaceFlinger:        DEVICE |           47510928230639 | 00002140 | RGBA_8888    |    0.0    0.0 1080.0  121.0 |    0 2219 1080 2340 | ScreenDecorOverlayBottom$_11062#172987 (60)
05-15 20:59:47.214  1808  1808 D SurfaceFlinger:
05-15 20:59:47.214  1808  3007 E NativeCustomFrequencyManager: [NativeCFMS] BpCustomFrequencyManager::acquire()
05-15 20:59:47.214  1977  4221 V PkgPredictorService-SecIpmManagerServiceImpl: discard foreground app:es.uniovi.recetasasturianas.test 1|true
05-15 20:59:47.215  1632  1829 I HYPER-HAL: [RequestManager.cpp]acquire(): Acquired ID : 3944836  [1808 / 1000]    HINT : SF_GPU_MINLOCK    list : [TIMEOUT / 2000]
05-15 20:59:47.215  1808  1808 I SurfaceFlinger: RequestedLayer [Task=2376#179397] hidden!! flag  from(0) --> to(1)
05-15 20:59:47.215  1808  1808 I SurfaceFlinger: [Display 0 name="Built-in Screen"#172933] setFrameRateCategory: Default
05-15 20:59:47.215  1808  1808 I SurfaceFlinger: RequestedLayer [es.uniovi.recetasasturianas/es.uniov[...]sturianas.MainActivity$_24090#179406] hidden!! flag  from(0) --> to(1)
05-15 20:59:47.215  1808  1808 I SurfaceFlinger: RequestedLayer [ActivityRecord{261437244 u0 es.uniov[...]turianas/.MainActivity t2376}#179398] hidden!! flag  from(0) --> to(1)
05-15 20:59:47.215  1808  1808 I SurfaceFlinger: destroyed Surface(name=7a9d783 NavigationBar0)/@0x10e1471 - animation-leash of insets_animation#179408 form LifecycleManager
05-15 20:59:47.215  1808  1808 I SurfaceFlinger: destroyed Surface(name=8f932e4 StatusBar)/@0xabc478a - animation-leash of insets_animation#179407 form LifecycleManager
05-15 20:59:47.215  1808  1808 I SurfaceFlinger: [LayerHierarchy{RequestedLayerState{Task=2376#179397 parentId=172934 z=7} 1 children}] reparent to LayerHierarchy{RequestedLayerState{DefaultTaskDisplayArea_d0#172934 parentId=9} 11 children}
05-15 20:59:47.215  1808  1808 I SurfaceFlinger: [LayerHierarchy{RequestedLayerState{Task=2377#179411 parentId=172934 z=8} 1 children}] reparent to LayerHierarchy{RequestedLayerState{DefaultTaskDisplayArea_d0#172934 parentId=9} 12 children}
05-15 20:59:47.215  1808  1808 I SurfaceFlinger: [LayerHierarchy{RequestedLayerState{Transition Root: Task=2377#179415 z=8} no children}] reparent to OffscreenRoot
05-15 20:59:47.215  1808  1808 I SurfaceFlinger: [LayerHierarchy{RequestedLayerState{Transition Root: Task=2377#179415 z=8} no children}] RelativeParent to null
05-15 20:59:47.215  1808  1808 I SurfaceFlinger: id=179408 onLayerDestroyed from LayerHierarchyBuilder(RequestedLayerState{Surface(name=7a9d783 NavigationBar0)/@0x10e1471 - animation-leash of insets_animation#179408 !handle})
05-15 20:59:47.215  1808  1808 I SurfaceFlinger: id=179407 onLayerDestroyed from LayerHierarchyBuilder(RequestedLayerState{Surface(name=8f932e4 StatusBar)/@0xabc478a - animation-leash of insets_animation#179407 !handle})
05-15 20:59:47.215 24090 24155 D HWUI    : CacheManager::trimMemory(20)
05-15 20:59:47.216  1977  1997 I WindowManager: Relayout Window{21e4a73 u0 es.uniovi.recetasasturianas/es.uniovi.recetasasturianas.MainActivity}: viewVisibility=8 req=1080x2340 ty=1 d0
05-15 20:59:47.216  1977  1997 D SurfaceComposerClient: setCornerRadius ## 9a7f7d1 Splash Screen es.uniovi.recetasasturianas.test#179413 cornerRadius=0.000000
05-15 20:59:47.216  1977  1997 D SurfaceComposerClient: setCornerRadius ## 9a7f7d1 Splash Screen es.uniovi.recetasasturianas.test#179413 cornerRadius=0.000000
05-15 20:59:47.217  1977  2134 D NetworkPolicy: already checked 10626
05-15 20:59:47.217  1977  1997 I WindowManager: Relayout hash=21e4a73, pid=24090, syncId=-1: mAttrs={(0,0)(fillxfill) sim={adjust=resize} layoutInDisplayCutoutMode=always ty=BASE_APPLICATION wanim=0x1030317
05-15 20:59:47.217  1977  1997 I WindowManager:   fl=81810100
05-15 20:59:47.217  1977  1997 I WindowManager:   pfl=100088c0
05-15 20:59:47.217  1977  1997 I WindowManager:   vsysui=500
05-15 20:59:47.217  1977  1997 I WindowManager:   bhv=1
05-15 20:59:47.217  1977  1997 I WindowManager:   fitSides=0
05-15 20:59:47.217  1977  1997 I WindowManager:   frameRateBoostOnTouch=true
05-15 20:59:47.217  1977  1997 I WindowManager:   dvrrWindowFrameRateHint=true naviIconColor=0}
05-15 20:59:47.217  1808  1808 I Layer   : id=179408 Destroyed Surface(name=7a9d783 NavigationBar0)/@0x10e1471 - animation-leash of insets_animation#179408
05-15 20:59:47.217  1808  1808 I Layer   : id=179407 Destroyed Surface(name=8f932e4 StatusBar)/@0xabc478a - animation-leash of insets_animation#179407
05-15 20:59:47.218  1808  1808 I SurfaceFlinger: id=179415 Removed Transition Root: Task=2377#179415 (169)
05-15 20:59:47.218  1808  1808 E RefreshRateSelector: Can't find HRR max refresh rate by policy with the same group 1080
05-15 20:59:47.218  1808  1808 D SurfaceFlinger: GPIS:: requestGPISForClientComposition
05-15 20:59:47.220 24090 24090 I VRI[MainActivity]@7cab705: Relayout returned: old=(0,0,1080,2340) new=(0,0,1080,2340) relayoutAsync=false req=(1080,2340)8 dur=2 res=0x2 s={false 0x0} ch=true seqId=0
05-15 20:59:47.220 24090 24090 D VRI[MainActivity]@7cab705: Not drawing due to not visible. Reason=!mAppVisible && !mForceDecorViewVisibility
05-15 20:59:47.221 11062 11138 I VRI[test]@3d01deb: onActiveControlsChanged, removed=false, mAdded=true, caller=android.view.ViewRootImpl.handleInsetsControlChanged:3002 android.view.ViewRootImpl$ViewRootHandler.handleMessageImpl:8352 android.view.ViewRootImpl$ViewRootHandler.handleMessage:8301 android.os.Handler.dispatchMessage:110 android.os.Looper.loopOnce:273
05-15 20:59:47.221  1808  1808 D SurfaceFlinger: Display 4630947232161729154 HWC layers:
05-15 20:59:47.221  1808  1808 D SurfaceFlinger:        DEVICE |           47510928231447 | 00002100 | RGBA_8888    |    0.0    0.0 1080.0 2340.0 |    0    0 1080 2340 | Splash Screen es.uniovi.recetasasturianas.test$_11062#179414 (1)
05-15 20:59:47.221  1808  1808 D SurfaceFlinger:        DEVICE |           47510928230647 | 00002100 | RGBA_8888    |    0.0    0.0 1080.0   99.0 |    0    0 1080   99 | StatusBar$_11062#172976 (4130)
05-15 20:59:47.221  1808  1808 D SurfaceFlinger:        DEVICE |           47510928230672 | 00002100 | RGBA_8888    |    0.0    0.0 1080.0  144.0 |    0 2196 1080 2340 | NavigationBar0$_11062#172972 (357)
05-15 20:59:47.221  1808  1808 D SurfaceFlinger:        DEVICE |           27157078223661 | 00002100 | RGBA_8888    |    0.0   13.0  290.0  158.0 |  395    0  685  145 | $_6323#154529 (967)
05-15 20:59:47.221  1808  1808 D SurfaceFlinger:        DEVICE |           27157078223656 | 00002100 | RGBA_8888    |    0.0    0.0 1080.0  115.0 |    0    0 1080  115 | $_6323#177506 (652)
05-15 20:59:47.221  1808  1808 D SurfaceFlinger:        DEVICE |           47510928230638 | 00002140 | RGBA_8888    |    0.0    0.0 1080.0  121.0 |    0    0 1080  121 | ScreenDecorOverlay$_11062#172986 (67)
05-15 20:59:47.221  1808  1808 D SurfaceFlinger:        DEVICE |           47510928230639 | 00002
05-15 20:59:47.221  1808  1808 D SurfaceFlinger: 140 | RGBA_8888    |    0.0    0.0 1080.0  121.0 |    0 2219 1080 2340 | ScreenDecorOverlayBottom$_11062#172987 (60)
05-15 20:59:47.221  1808  1808 D SurfaceFlinger:
05-15 20:59:47.222 11062 11138 I InsetsSourceConsumer: applyRequestedVisibilityToControl: visible=true, type=statusBars, host=Splash Screen es.uniovi.recetasasturianas.test
05-15 20:59:47.222  1808  1808 I SurfaceFlinger: destroyed Transition Root: Task=2377#179415 form LifecycleManager
05-15 20:59:47.222  1808  1808 I SurfaceFlinger: id=179415 onLayerDestroyed from LayerHierarchyBuilder(RequestedLayerState{Transition Root: Task=2377#179415 !handle z=8})
05-15 20:59:47.222 11062 11138 I InsetsSourceConsumer: applyRequestedVisibilityToControl: visible=true, type=navigationBars, host=Splash Screen es.uniovi.recetasasturianas.test
05-15 20:59:47.224  1808  1808 I Layer   : id=179415 Destroyed Transition Root: Task=2377#179415
05-15 20:59:47.225  4195 23187 I HoneySpace.RecentTasks: onRecentTasksChanged
05-15 20:59:47.244 24267 24267 D ApplicationLoaders: Returning zygote-cached class loader: /system/framework/android.test.base.jar
05-15 20:59:47.249 24267 24267 D nativeloader: Configuring clns-9 for other apk /system/framework/android.test.mock.jar. target_sdk_version=35, uses_libraries=ALL, library_path=/data/app/~~Ppd0TtggJRiqr2M-BFXxcw==/es.uniovi.recetasasturianas.test-yN9xWLI0aN4CsLxtDv4n_Q==/lib/arm64, permitted_path=/data:/mnt/expand:/data/user/0/es.uniovi.recetasasturianas.test
05-15 20:59:47.249 24267 24267 D nativeloader: Extending system_exposed_libraries: libhumantracking.arcsoft.so:libPortraitDistortionCorrection.arcsoft.so:libPortraitDistortionCorrectionCali.arcsoft.so:libface_landmark.arcsoft.so:libFacialStickerEngine.arcsoft.so:libfrtracking_engine.arcsoft.so:libFaceRecognition.arcsoft.so:libveengine.arcsoft.so:lib_pet_detection.arcsoft.so:libhigh_res.arcsoft.so:libimage_enhancement.arcsoft.so:liblow_light_hdr.arcsoft.so:libhigh_dynamic_range.arcsoft.so:libsuperresolution.arcsoft.so:libFacialAttributeDetection.arcsoft.so:libobjectcapture_jni.arcsoft.so:libobjectcapture.arcsoft.so:libaudiomirroring_jni.audiomirroring.samsung.so:libBeauty_v4.camera.samsung.so:libexifa.camera.samsung.so:libjpega.camera.samsung.so:libOpenCv.camera.samsung.so:libC2paDps.camera.samsung.so:libVideoClassifier.camera.samsung.so:libImageScreener.camera.samsung.so:libMyFilter.camera.samsung.so:libtflite2.myfilters.camera.samsung.so:libHIDTSnapJNI.camera.samsung.so:libSmartScan.camera.samsung.so:libRectify.camera.samsung.so:libDocRectifyWrapper.cam
05-15 20:59:47.250 24267 24267 D ApplicationLoaders: Returning zygote-cached class loader: /system/framework/android.test.base.jar
05-15 20:59:47.254 24267 24267 D nativeloader: Configuring clns-10 for other apk /system/framework/android.test.runner.jar. target_sdk_version=35, uses_libraries=ALL, library_path=/data/app/~~Ppd0TtggJRiqr2M-BFXxcw==/es.uniovi.recetasasturianas.test-yN9xWLI0aN4CsLxtDv4n_Q==/lib/arm64, permitted_path=/data:/mnt/expand:/data/user/0/es.uniovi.recetasasturianas.test
05-15 20:59:47.254 24267 24267 D nativeloader: Extending system_exposed_libraries: libhumantracking.arcsoft.so:libPortraitDistortionCorrection.arcsoft.so:libPortraitDistortionCorrectionCali.arcsoft.so:libface_landmark.arcsoft.so:libFacialStickerEngine.arcsoft.so:libfrtracking_engine.arcsoft.so:libFaceRecognition.arcsoft.so:libveengine.arcsoft.so:lib_pet_detection.arcsoft.so:libhigh_res.arcsoft.so:libimage_enhancement.arcsoft.so:liblow_light_hdr.arcsoft.so:libhigh_dynamic_range.arcsoft.so:libsuperresolution.arcsoft.so:libFacialAttributeDetection.arcsoft.so:libobjectcapture_jni.arcsoft.so:libobjectcapture.arcsoft.so:libaudiomirroring_jni.audiomirroring.samsung.so:libBeauty_v4.camera.samsung.so:libexifa.camera.samsung.so:libjpega.camera.samsung.so:libOpenCv.camera.samsung.so:libC2paDps.camera.samsung.so:libVideoClassifier.camera.samsung.so:libImageScreener.camera.samsung.so:libMyFilter.camera.samsung.so:libtflite2.myfilters.camera.samsung.so:libHIDTSnapJNI.camera.samsung.so:libSmartScan.camera.samsung.so:libRectify.camera.samsung.so:libDocRectifyWrapper.cam
05-15 20:59:47.296 24267 24267 D nativeloader: Configuring clns-11 for other apk /data/app/~~Ppd0TtggJRiqr2M-BFXxcw==/es.uniovi.recetasasturianas.test-yN9xWLI0aN4CsLxtDv4n_Q==/base.apk. target_sdk_version=35, uses_libraries=, library_path=/data/app/~~Ppd0TtggJRiqr2M-BFXxcw==/es.uniovi.recetasasturianas.test-yN9xWLI0aN4CsLxtDv4n_Q==/lib/arm64, permitted_path=/data:/mnt/expand:/data/user/0/es.uniovi.recetasasturianas.test
05-15 20:59:47.298 24267 24267 D CompatChangeReporter: Compat change id reported: 202956589; UID 10626; state: ENABLED
05-15 20:59:47.306 24267 24267 V GraphicsEnvironment: Currently set values for:
05-15 20:59:47.306 24267 24267 V GraphicsEnvironment:   angle_gl_driver_selection_pkgs=[]
05-15 20:59:47.306 24267 24267 V GraphicsEnvironment:   angle_gl_driver_selection_values=[]
05-15 20:59:47.306 24267 24267 V GraphicsEnvironment: es.uniovi.recetasasturianas.test is not listed in per-application setting
05-15 20:59:47.306 24267 24267 V GraphicsEnvironment: ANGLE allowlist from config:
05-15 20:59:47.306 24267 24267 V GraphicsEnvironment: es.uniovi.recetasasturianas.test is not listed in ANGLE allowlist or settings, returning default
05-15 20:59:47.306 24267 24267 V GraphicsEnvironment: App is not on the allowlist for updatable production driver.
05-15 20:59:47.344  1977  6948 D InputDispatcher: Focused application(0): ActivityRecord{116069474 u0 es.uniovi.recetasasturianas.test/androidx.test.core.app.InstrumentationActivityInvoker$EmptyActivity t2377}
05-15 20:59:47.346  1977  3186 D AS.MultiSoundManager: mForegroundUid = 10626
05-15 20:59:47.346 11062 11062 I {OngoingActivityController}: onTaskFocusChanged but OA data is empty
05-15 20:59:47.346  4195  4401 I HoneySpace.TopTaskSource: onTaskFocusChanged(): taskId = 2377
05-15 20:59:47.347  1977  6943 D GraphicsStatsService: requestRenderEngineFor(es.uniovi.recetasasturianas.test)
05-15 20:59:47.348 24267 24267 D HWUI    : HWUI - treat SMPTE_170M as sRGB
05-15 20:59:47.350  4301  4301 E pageboostd: Received HALT command code 2
05-15 20:59:47.354  1977  2141 D EnterpriseDeviceManagerService: isMdmAdminPresentInternal() : MDM Admin Found - com.samsung.knox.securefolder
05-15 20:59:47.357 12633 12673 I Routine@Core[4.9.04.16]: ActivityWatcherListenerImpl: onResumeComponent: componentName - es.uniovi.recetasasturianas.test, androidx.test.core.app.InstrumentationActivityInvoker$EmptyActivity, userId: 0
05-15 20:59:47.358 24267 24288 D HWUI    : CacheManager constructor. deviceInfo=(1080, 1920)
05-15 20:59:47.358 12633 12673 I Routine@Core[4.9.04.16]: Pref: putSharedPrefsData: key=condition_launch_app_data_resume_pkg, data.size=102
05-15 20:59:47.358 24267 24288 I AdrenoGLES-0: QUALCOMM build                   : c62cb5db3a, I2ae86c79d4
05-15 20:59:47.358 24267 24288 I AdrenoGLES-0: Build Date                       : 09/12/25
05-15 20:59:47.358 24267 24288 I AdrenoGLES-0: OpenGL ES Shader Compiler Version: EV031.35.01.12
05-15 20:59:47.358 24267 24288 I AdrenoGLES-0: Local Branch                     :
05-15 20:59:47.358 24267 24288 I AdrenoGLES-0: Remote Branch                    : refs/tags/AU_LINUX_ANDROID_LA.UM.9.14.11.00.00.571.148
05-15 20:59:47.358 24267 24288 I AdrenoGLES-0: Remote Branch                    : NONE
05-15 20:59:47.358 24267 24288 I AdrenoGLES-0: Reconstruct Branch               : NOTHING
05-15 20:59:47.358 24267 24288 I AdrenoGLES-0: Build Config                     : S P 10.0.7 AArch64
05-15 20:59:47.358 24267 24288 I AdrenoGLES-0: Driver Path                      : /vendor/lib64/egl/libGLESv2_adreno.so
05-15 20:59:47.363 24267 24267 E ashmem  : Pinning is deprecated since Android Q. Please use trim or other methods.
05-15 20:59:47.363 24267 24288 I AdrenoGLES-0: PFP: 0x016dc094, ME: 0x00000000
05-15 20:59:47.372 24267 24267 D CompatChangeReporter: Compat change id reported: 279646685; UID 10626; state: ENABLED
05-15 20:59:47.374 24267 24267 D CompatChangeReporter: Compat change id reported: 309578419; UID 10626; state: ENABLED
05-15 20:59:47.376 24267 24267 D DesktopModeFlags: Toggle override initialized to: OVERRIDE_UNSET
05-15 20:59:47.379 24267 24267 I DecorView: setWindowBackground: isPopOver=false color=ffffffff d=android.graphics.drawable.ColorDrawable@fba4852
05-15 20:59:47.388 24267 24267 D CompatChangeReporter: Compat change id reported: 352594277; UID 10626; state: ENABLED
05-15 20:59:47.393 24267 24267 D ViewRootImpl: desktopMode is false
05-15 20:59:47.394 24267 24267 D CompatChangeReporter: Compat change id reported: 349153669; UID 10626; state: ENABLED
05-15 20:59:47.394 24090 24090 D ConnectivityManager: StackLog: [android.net.ConnectivityManager.unregisterNetworkCallback(ConnectivityManager.java:5575)] [com.bumptech.glide.manager.SingletonConnectivityReceiver$FrameworkConnectivityMonitorPostApi24.unregister(SingletonConnectivityReceiver.java:205)] [com.bumptech.glide.manager.SingletonConnectivityReceiver.maybeUnregisterReceiver(SingletonConnectivityReceiver.java:122)] [com.bumptech.glide.manager.SingletonConnectivityReceiver.unregister(SingletonConnectivityReceiver.java:105)] [com.bumptech.glide.manager.DefaultConnectivityMonitor.unregister(DefaultConnectivityMonitor.java:29)] [com.bumptech.glide.manager.DefaultConnectivityMonitor.onStop(DefaultConnectivityMonitor.java:39)] [com.bumptech.glide.manager.LifecycleLifecycle.onStop(LifecycleLifecycle.java:35)] [java.lang.reflect.Method.invoke(Native Method)] [androidx.lifecycle.ClassesInfoCache$MethodReference.invokeCallback(ClassesInfoCache.java:225)] [androidx.lifecycle.ClassesInfoCache$CallbackInfo.invokeMethodsForEvent(ClassesInfoCache.java:199)] [androidx.lifecycle.ClassesInfoCache$CallbackInfo.invokeCallbacks(ClassesInfoCache.java:190)] [androidx.lifecycle.ReflectiveGenericLifecycleObserver.onStateChanged(ReflectiveGenericLifecycleObserver.java:40)] [androidx.lifecycle.LifecycleRegistry$ObserverWithState.dispatchEvent(LifecycleRegistry.kt:322)] [androidx.lifecycle.LifecycleRegistry.backwardPass(LifecycleRegistry.kt:273)] [androidx.lifecycle.LifecycleRegistry.sync(LifecycleRegistry.kt:290)] [androidx.lifecycle.LifecycleRegistry.moveToState(LifecycleRegistry.kt:143)] [androidx.lifecycle.LifecycleRegistry.handleLifecycleEvent(LifecycleRegistry.kt:126)] [androidx.lifecycle.ReportFragment$Companion.dispatch$lifecycle_runtime_release(ReportFragment.kt:190)] [androidx.lifecycle.ReportFragment$LifecycleCallbacks.onActivityPreStopped(ReportFragment.kt:135)] [android.app.Activity.dispatchActivityPreStopped(Activity.java:1740)] [android.app.Activity.performStop(Activity.java:9789)] [android.app.ActivityThread.callActivityOnStop(ActivityThread.java:6744)] [android.app.ActivityThread.performStopActivityInner(ActivityThread.java:6718)] [android.app.ActivityThread.handleStopActivity(ActivityThread.java:6788)] [android.app.servertransaction.TransactionExecutor.performLifecycleSequence(TransactionExecutor.java:229)] [android.app.servertransaction.TransactionExecutor.cycleToPath(TransactionExecutor.java:194)] [android.app.servertransaction.TransactionExecutor.executeLifecycleItem(TransactionExecutor.java:166)] [android.app.servertransaction.TransactionExecutor.executeTransactionItems(TransactionExecutor.java:101)] [android.app.servertransaction.TransactionExecutor.execute(TransactionExecutor.java:80)] [android.app.ActivityThread$H.handleMessage(ActivityThread.java:3150)]
05-15 20:59:47.396 24267 24267 I ViewRootImpl: dVRR is disabled
05-15 20:59:47.397 24267 24267 D HardwareRenderer: onDisplayChanged. displayId=0 current wxh=1080x2340 mLargest wxh=0x0
05-15 20:59:47.397 24267 24267 D HardwareRenderer: Set largestWidth and largestHeight as logical resolution. (1080x2340)
05-15 20:59:47.397 24267 24288 D HWUI    : setMaxSurfaceArea requested wxh=(1080,2340) requestedSurfaceArea(2527200) mMaxSurfaceArea(2073600)
05-15 20:59:47.397  1977  3160 D ConnectivityService:  Removing from current network [2805 CELLULAR], leaving 175 requests.
05-15 20:59:47.398 24090 24090 I VRI[MainActivity]@7cab705: stopped(true) old = false
05-15 20:59:47.398 24090 24090 D VRI[MainActivity]@7cab705: WindowStopped on es.uniovi.recetasasturianas/es.uniovi.recetasasturianas.MainActivity set to true
05-15 20:59:47.398 24090 24155 D HWUI    : CacheManager::trimMemory(20)
05-15 20:59:47.398 24267 24288 D NativeCustomFrequencyManager: [NativeCFMS] BpCustomFrequencyManager::BpCustomFrequencyManager()
05-15 20:59:47.400 24090 24090 D LifecycleMonitor: Lifecycle status change: es.uniovi.recetasasturianas.MainActivity@380c198 in: STOPPED
05-15 20:59:47.400 24090 24090 V ActivityScenario: Update currentActivityStage to STOPPED, currentActivity=es.uniovi.recetasasturianas.MainActivity@380c198
05-15 20:59:47.401  1977  2134 D PkgPredictorService-SecIpmManagerServiceImpl: bg information pid:24090 uid:10625 pkgName:es.uniovi.recetasasturianas
05-15 20:59:47.403  1977  6970 D InputTransport: Input channel constructed: '830adf4', fd=1237
05-15 20:59:47.403  1977  6970 D InputTransport: Input channel constructed: '830adf4', fd=1240
05-15 20:59:47.403  1977  6970 D InputTransport: Input channel constructed: '830adf4', fd=1245
05-15 20:59:47.403  1977  6970 D InputTransport: Input channel destroyed: '830adf4', fd=1240
05-15 20:59:47.404  1808  2497 I SurfaceFlinger: id=179419 createSurf, flag=84004, 830adf4 es.uniovi.recetasasturianas.test/androidx.test.core.app.InstrumentationActivityInvoker$EmptyActivity#179419
05-15 20:59:47.405 24090 24090 D LifecycleMonitor: Lifecycle status change: es.uniovi.recetasasturianas.MainActivity@380c198 in: DESTROYED
05-15 20:59:47.405  1977  6970 D InputTransport: Input channel destroyed: '830adf4', fd=1245
05-15 20:59:47.406 24090 24090 V ActivityScenario: Update currentActivityStage to DESTROYED, currentActivity=null
05-15 20:59:47.406 24267 24267 D InputTransport: Input channel constructed: '830adf4', fd=121
