05-15 20:59:48.225 24090 24090 D VRI[MainActivity]@b2c56dd: mThreadedRenderer.initializeIfNeeded()#2 mSurface={isValid=true 0xb400007de8dffca0}
05-15 20:59:48.226 24090 24090 D InputMethodManagerUtils: startInputInner - Id : 0
05-15 20:59:48.226 24090 24090 I InputMethodManager: startInputInner - IInputMethodManagerGlobalInvoker.startInputOrWindowGainedFocus
05-15 20:59:48.226 20661 20661 I VRI[HomeActivity]@27ecfc4: handleAppVisibility mAppVisible = true visible = false
05-15 20:59:48.227 12633 12673 I Routine@Core[4.9.04.16]: ActivityWatcherListenerImpl: onStopComponent: componentName - es.uniovi.recetasasturianas.test, userId: 0
05-15 20:59:48.228 12633 12673 I Routine@Core[4.9.04.16]: Pref: putSharedPrefsData: key=condition_launch_app_data_resume_pkg, data.size=70
05-15 20:59:48.229  1808  1808 I SurfaceFlinger: [LayerHierarchy{RequestedLayerState{es.uniovi.recetasasturianas.test/androidx.test.core.app.InstrumentationActivityInvoker$EmptyActivity$_24267#179446} no children}] reparent to OffscreenRoot
05-15 20:59:48.229  1808  1808 I SurfaceFlinger: [LayerHierarchy{RequestedLayerState{es.uniovi.recetasasturianas.test/androidx.test.core.app.InstrumentationActivityInvoker$EmptyActivity$_24267#179446} no children}] RelativeParent to null
05-15 20:59:48.229  1808  1808 I SurfaceFlinger: [LayerHierarchy{RequestedLayerState{222f2c7 es.uniovi.recetasasturianas.test/androidx.test.core.app.InstrumentationActivityInvoker$EmptyActivity#179445} no children}] reparent to OffscreenRoot
05-15 20:59:48.229  1808  1808 I SurfaceFlinger: [LayerHierarchy{RequestedLayerState{222f2c7 es.uniovi.recetasasturianas.test/androidx.test.core.app.InstrumentationActivityInvoker$EmptyActivity#179445} no children}] RelativeParent to null
05-15 20:59:48.229  1808  1808 I SurfaceFlinger: [LayerHierarchy{RequestedLayerState{bitpit.launcher/bitpit.launcher.ui.HomeActivity$_20661#179459} no children}] reparent to OffscreenRoot
05-15 20:59:48.229  1808  1808 I SurfaceFlinger: [LayerHierarchy{RequestedLayerState{bitpit.launcher/bitpit.launcher.ui.HomeActivity$_20661#179459} no children}] RelativeParent to null
05-15 20:59:48.229  1808  1808 I SurfaceFlinger: [Task=2379#179474] attach to parent Root
05-15 20:59:48.229  1808  1808 I SurfaceFlinger: id=179459 Removed bitpit.launcher/bitpit.launcher.ui.HomeActivity$_20661#179459 (177)
05-15 20:59:48.229  1808  1808 I SurfaceFlinger: id=179445 Removed 222f2c7 es.uniovi.recetasasturianas.test/androidx.test.core.app.InstrumentationActivityInvoker$EmptyActivity#179445 (177)
05-15 20:59:48.229  1808  1808 I SurfaceFlinger: id=179446 Removed es.uniovi.recetasasturianas.test/androidx.test.core.app.InstrumentationActivityInvoker$EmptyActivity$_24267#179446 (177)
05-15 20:59:48.230 24267 24288 D HWUI    : CacheManager::trimMemory(40)
05-15 20:59:48.232  1977  2142 D SurfaceComposerClient: setCornerRadius ## 3f7caca es.uniovi.recetasasturianas/es.uniovi.recetasasturianas.MainActivity#179469 cornerRadius=0.000000
05-15 20:59:48.232  4195 23230 I HoneySpace.RecentTasks: onRunningTaskVanished
05-15 20:59:48.232  4195 23230 I HoneySpace.RecentTasks: onRecentTasksChanged
05-15 20:59:48.232  1977  2134 D PkgPredictorService-SecIpmManagerServiceImpl: bg information pid:20661 uid:10578 pkgName:bitpit.launcher
05-15 20:59:48.233  1977  2142 D SurfaceComposerClient: setCornerRadius ## 3f7caca es.uniovi.recetasasturianas/es.uniovi.recetasasturianas.MainActivity#179469 cornerRadius=0.000000
05-15 20:59:48.234  1632 24248 I HYPER-HAL: [RequestManager.cpp]releaseLocked(): Released ID : 17508424
05-15 20:59:48.236  1977  2946 I ImeTracker: es.uniovi.recetasasturianas:ac16ba86: onRequestHide at ORIGIN_SERVER reason HIDE_UNSPECIFIED_WINDOW fromUser false
05-15 20:59:48.236 24090 24090 I InputMethodManager: handleMessage: setImeVisibility visible=false
05-15 20:59:48.236 24090 24090 D InsetsController: hide(ime(), fromIme=false)
05-15 20:59:48.236 24090 24090 I ImeTracker: es.uniovi.recetasasturianas:ac16ba86: onCancelled at PHASE_CLIENT_ALREADY_HIDDEN
05-15 20:59:48.237  1977  2946 D InputTransport: Input channel constructed: 'ClientS', fd=1030
05-15 20:59:48.237  1977  2946 D InputTransport: Input channel destroyed: 'ClientS', fd=1030
05-15 20:59:48.237 24090 24114 D InputTransport: Input channel constructed: 'ClientS', fd=169
05-15 20:59:48.237  1808  1808 I SurfaceFlinger: destroyed es.uniovi.recetasasturianas.test/androidx.test.core.app.InstrumentationActivityInvoker$EmptyActivity$_24267#179446 form LifecycleManager
05-15 20:59:48.237  1808  1808 I SurfaceFlinger: destroyed 222f2c7 es.uniovi.recetasasturianas.test/androidx.test.core.app.InstrumentationActivityInvoker$EmptyActivity#179445 form LifecycleManager
05-15 20:59:48.237  1808  1808 I SurfaceFlinger: destroyed bitpit.launcher/bitpit.launcher.ui.HomeActivity$_20661#179459 form LifecycleManager
05-15 20:59:48.237  1808  1808 I SurfaceFlinger: [LayerHierarchy{RequestedLayerState{Task=2379#179474 z=7} no children}] reparent to OffscreenRoot
05-15 20:59:48.237  1808  1808 I SurfaceFlinger: [LayerHierarchy{RequestedLayerState{Task=2379#179474 z=7} no children}] RelativeParent to null
05-15 20:59:48.237  1808  1808 I SurfaceFlinger: [LayerHierarchy{RequestedLayerState{Task=2379#179439 z=7} 1 children}] reparent to OffscreenRoot
05-15 20:59:48.237  1808  1808 I SurfaceFlinger: [LayerHierarchy{RequestedLayerState{Task=2379#179439 z=7} 1 children}] RelativeParent to null
05-15 20:59:48.237  1808  1808 I SurfaceFlinger: [LayerHierarchy{RequestedLayerState{ActivityRecord{87241834 u0 es.uniovi.recetasasturianas.test/androidx.test.core.app.InstrumentationActivityInvoker$EmptyActivity t2379}#179440} 1 children}] reparent to OffscreenRoot
05-15 20:59:48.237  1808  1808 I SurfaceFlinger: [LayerHierarchy{RequestedLayerState{ActivityRecord{87241834 u0 es.uniovi.recetasasturianas.test/androidx.test.core.app.InstrumentationActivityInvoker$EmptyActivity t2379}#179440} 1 children}] RelativeParent to null
05-15 20:59:48.237  1808  1808 I SurfaceFlinger: id=179446 onLayerDestroyed from LayerHierarchyBuilder(RequestedLayerState{es.uniovi.recetasasturianas.test/androidx.test.core.app.InstrumentationActivityInvoker$EmptyActivity$_24267#179446 !handle})
05-15 20:59:48.237  1808  1808 I SurfaceFlinger: id=179445 onLayerDestroyed from LayerHierarchyBuilder(RequestedLayerState{222f2c7 es.uniovi.recetasasturianas.test/androidx.test.core.app.InstrumentationActivityInvoker$EmptyActivity#179445 !handle})
05-15 20:59:48.237  1808  1808 I SurfaceFlinger: id=179459 onLayerDestroyed from LayerHierarchyBuilder(RequestedLayerState{bitpit.launcher/bitpit.launcher.ui.HomeActivity$_20661#179459 !handle})
05-15 20:59:48.238  1808  1808 I Layer   : id=179446 Destroyed es.uniovi.recetasasturianas.test/androidx.test.core.app.InstrumentationActivityInvoker$EmptyActivity$_24267#179446
05-15 20:59:48.238  1808  1808 I Layer   : id=179445 Destroyed 222f2c7 es.uniovi.recetasasturianas.test/androidx.test.core.app.InstrumentationActivityInvoker$EmptyActivity#179445
05-15 20:59:48.238  1808  1808 I Layer   : id=179459 Destroyed bitpit.launcher/bitpit.launcher.ui.HomeActivity$_20661#179459
05-15 20:59:48.238  1808  1808 I SurfaceFlinger: id=179474 Removed Task=2379#179474 (174)
05-15 20:59:48.238  1808  1808 I SurfaceFlinger: id=179440 Removed ActivityRecord{87241834 u0 es.uniovi.recetasasturianas.test/androidx.test.core.app.InstrumentationActivityInvoker$EmptyActivity t2379}#179440 (174)
05-15 20:59:48.238 23357 23357 I LatinIME: onFinishInput
05-15 20:59:48.238 23357 23357 D InputMethodService: unregisterCompatOnBackInvokedCallback return because registered : false
05-15 20:59:48.238 23357 23357 D InputMethodService: updateClientDisplayId: displayId=0, mClientDisplayId=0
05-15 20:59:48.241  1624 32160 I sensors-hal: handle_sns_std_sensor_event:155, [SSC_LIGHT] P: 28(28),m:1,c:25,b:25,wb:0,r:200,bl:0,16:256
05-15 20:59:48.242 20661 20661 D BBA2    : setIsFg isFg = false; delayValue 3999ms
05-15 20:59:48.243  1808  2995 I SurfaceFlinger: id=179475 createSurf, flag=24004, Surface(name=35023c1 InputMethod)/@0x1087f31 - animation-leash of insets_animation#179475
05-15 20:59:48.244  1977  4380 I ImeTracker: system_server:f7548ebf: onRequestHide at ORIGIN_SERVER reason IME_REQUESTED_CHANGED_LISTENER fromUser false
05-15 20:59:48.244  4195  4195 I HoneySpace.TaskStackChangeRepositoryImpl: onTaskRemoved : 2379
05-15 20:59:48.245  4195  4195 I HoneySpace.TaskStackChangeRepositoryImpl: onTaskRemoved : 2379
05-15 20:59:48.245  4195  4401 I HoneySpace.TopTaskSource: onTaskRemoved: 2379
05-15 20:59:48.245  1977  2141 I ImeTracker: system_server:f7548ebf: onCancelled at PHASE_SERVER_SHOULD_HIDE
05-15 20:59:48.246  1808  1808 I SurfaceFlinger: destroyed Task=2379#179474 form LifecycleManager
05-15 20:59:48.246  1808  1808 I SurfaceFlinger: destroyed ActivityRecord{87241834 u0 es.uniovi.recetasasturianas.test/androidx.test.core.app.InstrumentationActivityInvoker$EmptyActivity t2379}#179440 form LifecycleManager
05-15 20:59:48.246  1808  1808 I SurfaceFlinger: destroyed 6d2b90c ActivityRecordInputSink es.uniovi.recetasasturianas.test/androidx.test.core.app.InstrumentationActivityInvoker$EmptyActivity#179444 form LifecycleManager
05-15 20:59:48.246  1808  1808 I SurfaceFlinger: [Surface(name=35023c1 InputMethod)/@0x1087f31 - animation-leash of insets_animation#179475] attach to parent LayerHierarchy{RequestedLayerState{WindowToken{21e384e type=2011 android.os.Binder@4717749}#146663 parentId=15} 2 children}
05-15 20:59:48.246  1808  1808 I SurfaceFlinger: id=179474 onLayerDestroyed from LayerHierarchyBuilder(RequestedLayerState{Task=2379#179474 !handle z=7})
05-15 20:59:48.246  1808  1808 I SurfaceFlinger: id=179440 onLayerDestroyed from LayerHierarchyBuilder(RequestedLayerState{ActivityRecord{87241834 u0 es.uniovi.recetasasturianas.test/androidx.test.core.app.InstrumentationActivityInvoker$EmptyActivity t2379}#179440 !handle})
05-15 20:59:48.246  1808  1808 I SurfaceFlinger: id=179444 onLayerDestroyed from LayerHierarchyBuilder(RequestedLayerState{6d2b90c ActivityRecordInputSink es.uniovi.recetasasturianas.test/androidx.test.core.app.InstrumentationActivityInvoker$EmptyActivity#179444 !handle z=-2147483648})
05-15 20:59:48.246  1977  2142 D SurfaceComposerClient: setCornerRadius ## 3f7caca es.uniovi.recetasasturianas/es.uniovi.recetasasturianas.MainActivity#179469 cornerRadius=0.000000
05-15 20:59:48.247 12633 17431 I Routine@Core[4.9.04.16]: ActivityWatcherListenerImpl: onStopComponent: componentName - bitpit.launcher, userId: 0
05-15 20:59:48.247  4195  4195 I HoneySpace.TaskListViewModel[264452461]: taskRemoveId, 2379
05-15 20:59:48.247  4195  4195 W HoneySpace.TaskListViewModel[264452461]: task is already removed: 2379
05-15 20:59:48.247  4195  4195 I HoneySpace.TaskListViewModel[264452461]: taskRemoveId, 2379
05-15 20:59:48.247  4195  4195 W HoneySpace.TaskListViewModel[264452461]: task is already removed: 2379
05-15 20:59:48.248  1808  1808 I Layer   : id=179474 Destroyed Task=2379#179474
05-15 20:59:48.248  1808  1808 I Layer   : id=179440 Destroyed ActivityRecord{87241834 u0 es.uniovi.recetasasturianas.test/androidx.test.core.app.InstrumentationActivityInvoker$EmptyActivity t2379}#179440
05-15 20:59:48.248  1808  1808 I Layer   : id=179444 Destroyed 6d2b90c ActivityRecordInputSink es.uniovi.recetasasturianas.test/androidx.test.core.app.InstrumentationActivityInvoker$EmptyActivity#179444
05-15 20:59:48.248 12633 17431 I Routine@Core[4.9.04.16]: Pref: putSharedPrefsData: key=condition_launch_app_data_resume_pkg, data.size=70
05-15 20:59:48.249  4195  4401 I HoneySpace.TopTaskSource: onTaskRemoved: 2379
05-15 20:59:48.254  1808  1808 I SurfaceFlinger: RequestedLayer [Surface(name=35023c1 InputMethod)/@0[...]ion-leash of insets_animation#179475] hidden!! flag  from(1) --> to(0)
05-15 20:59:48.254  1808  1808 E SurfaceFlinger: alpha changed 1.000 -> 0.000 - Surface(name=35023c1 InputMethod)/@0x1087f31 - animation-leash of insets_animation#179475
05-15 20:59:48.254  1808  1808 I SurfaceFlinger: [LayerHierarchy{RequestedLayerState{ImeContainer#15 parentId=179457 relativeParentId=179469 z=1} 1 children}] reparent to LayerHierarchy{RequestedLayerState{ActivityRecord{159583387 u0 es.uniovi.recetasasturianas/.MainActivity t2380}#179457 parentId=179456} 3 children}
05-15 20:59:48.254  1808  1808 I SurfaceFlinger: [LayerHierarchy{RequestedLayerState{ImeContainer#15 parentId=179457 relativeParentId=179469 z=1} 1 children}] RelativeParent to LayerHierarchy{RequestedLayerState{3f7caca es.uniovi.recetasasturianas/es.uniovi.recetasasturianas.MainActivity#179469 parentId=179457} 2 children}
05-15 20:59:48.254  1808  1808 I SurfaceFlinger: [LayerHierarchy{RequestedLayerState{35023c1 InputMethod#146668 parentId=179475} no children}] reparent to LayerHierarchy{RequestedLayerState{Surface(name=35023c1 InputMethod)/@0x1087f31 - animation-leash of insets_animation#179475 parentId=146663} 1 children}
05-15 20:59:48.254  1808  1808 I SurfaceFlinger: [LayerHierarchy{RequestedLayerState{Surface(name=35023c1 InputMethod)/@0x1087f31 - animation-leash of insets_animation#179454} no children}] reparent to OffscreenRoot
05-15 20:59:48.254  1808  1808 I SurfaceFlinger: [LayerHierarchy{RequestedLayerState{Surface(name=35023c1 InputMethod)/@0x1087f31 - animation-leash of insets_animation#179454} no children}] RelativeParent to null
05-15 20:59:48.259  1808  2995 I SurfaceFlinger: id=179454 Removed Surface(name=35023c1 InputMethod)/@0x1087f31 - animation-leash of insets_animation#179454 (172)
05-15 20:59:48.262  1808  1808 I SurfaceFlinger: destroyed Surface(name=35023c1 InputMethod)/@0x1087f31 - animation-leash of insets_animation#179454 form LifecycleManager
05-15 20:59:48.263  1808  1808 I SurfaceFlinger: id=179454 onLayerDestroyed from LayerHierarchyBuilder(RequestedLayerState{Surface(name=35023c1 InputMethod)/@0x1087f31 - animation-leash of insets_animation#179454 !handle})
05-15 20:59:48.264 23357 23357 I InputMethodService: scheduleImeSurfaceRemoval: removeImeSurface is posted.
05-15 20:59:48.265  1808  1808 I Layer   : id=179454 Destroyed Surface(name=35023c1 InputMethod)/@0x1087f31 - animation-leash of insets_animation#179454
05-15 20:59:48.307  1977  1993 I system_server: Background young concurrent copying GC freed 14MB AllocSpace bytes, 83(2072KB) LOS objects, 8% free, 156MB/172MB, paused 264us,235us total 115.669ms
05-15 20:59:48.309  1977  1995 W System  : A resource failed to call release.
05-15 20:59:48.310  1977  1995 W System  : A resource failed to call release.
05-15 20:59:48.360 24090 24090 I ViewInteraction: Checking 'es.uniovi.recetasasturianas.RecipeDetailFragmentTest$$ExternalSyntheticLambda0@3ad37a0' assertion on view view.getId() is <2131296655/es.uniovi.recetasasturianas:id/recycler_view>
05-15 20:59:48.362 24090 24090 I ViewInteraction: Performing 'actionOnItemAtPosition performing ViewAction: single click on item at position: 0' action on view view.getId() is <2131296655/es.uniovi.recetasasturianas:id/recycler_view>
05-15 20:59:48.372  1977  4380 D InputDispatcher: Inject motion (24090/10625): action=0x0, time=304066398000000, f=0x0, d=0 dsdx=1.000000 dtdx=0.000000
05-15 20:59:48.372  1977  2929 I InputDispatcher: Delivering touch to (11062): action: 0x4, f=0x0, d=0, '7a9d783', t=0
05-15 20:59:48.373  1977  2929 I InputDispatcher: Delivering touch to (24090): action: 0x0, f=0x0, d=0, '3f7caca', t=0
05-15 20:59:48.373 24090 24090 I VRI[MainActivity]@b2c56dd: ViewPostIme pointer 0
05-15 20:59:48.373  4195  4195 I HoneySpace.GestureInputHandler: inputConsumers = [com.honeyspace.gesture.inputconsumer.InputConsumer$Companion$NO_OP$1@44ea0c6]
05-15 20:59:48.373  4195  4195 I HoneySpace.InputSession: inputConsumers = NO_OP
05-15 20:59:48.373  4195  4195 I HoneySpace.InputSession: open
05-15 20:59:48.373 24090 24090 I VRI[MainActivity]@b2c56dd: call setFrameRateCategory for touch hint category=high hint, reason=touch, vri=VRI[MainActivity]@b2c56dd
05-15 20:59:48.373  1977  2134 I GestureDetector: obtain mCurrentDownEvent. id: -1041858969 caller: com.android.server.wm.SystemGesturesPointerEventListener.onPointerEvent:17 com.android.server.wm.PointerEventDispatcher.onInputEvent:51 android.view.InputEventReceiver.dispatchInputEvent:392
05-15 20:59:48.374  1977  2134 I GestureDetector: obtain mCurrentDownEvent. id: -1041858969 caller: com.android.server.wm.SystemPerformancePointerEventListener.onPointerEvent:13 com.android.server.wm.PointerEventDispatcher.onInputEvent:51 android.view.InputEventReceiver.dispatchInputEvent:392
05-15 20:59:48.374  5896  5896 I SemDvfsHyPerManager: acquire hyper - TABoost/5896@21, type = -999
05-15 20:59:48.374  1632  1829 I HYPER-HAL: [RequestManager.cpp]acquire(): Acquired ID : 17508424  [5896 / 21]    HINT :      list : [TABoost / 1] [TIMEOUT / 1500]
05-15 20:59:48.379  1808  1808 I SurfaceFlinger: [es.uniovi.recetasasturianas/es.uniovi.recetasasturianas.MainActivity$_24090#179470] setFrameRateCategory: HighHint
05-15 20:59:48.402  1624 32160 I sensors-hal: handle_sns_std_sensor_event:155, [SSC_LIGHT] P: 17(17),m:1,c:25,b:25,wb:0,r:123,bl:0,16:256
05-15 20:59:48.413  1977  4380 D InputDispatcher: Inject motion (24090/10625): action=0x1, time=304066439000000, f=0x0, d=0 dsdx=1.000000 dtdx=0.000000
05-15 20:59:48.413  1977  2929 I InputDispatcher: Delivering touch to (24090): action: 0x1, f=0x0, d=0, '3f7caca', t=0
05-15 20:59:48.413 24090 24090 I VRI[MainActivity]@b2c56dd: ViewPostIme pointer 1
05-15 20:59:48.414  1977  2134 I GestureDetector: obtain mCurrentMotionEventRaw. action: 1 id: -622073886
05-15 20:59:48.414  1977  2134 I GestureDetector: obtain mCurrentMotionEventRaw. action: 1 id: -622073886
05-15 20:59:48.415  4195  4195 I HoneySpace.GestureInputHandler: reset
05-15 20:59:48.415  4195  4195 I HoneySpace.InputSession: close
05-15 20:59:48.424 24090 24090 W WindowOnBackDispatcher: OnBackInvokedCallback is not enabled for the application.
05-15 20:59:48.424 24090 24090 W WindowOnBackDispatcher: Set 'android:enableOnBackInvokedCallback="true"' in the application manifest.
05-15 20:59:48.429  1624 32329 I sensors-hal: handle_sns_client_event:243, auto_rotation_event_2 event,0, duration,39, ts,741445988862311, ts_diff,631966
05-15 20:59:48.429  1624 32329 I sensors-hal: handle_sns_client_event:246, auto_rotation_debug_2 acc,2.623,5.216,6.248, ar,0, ver,12
05-15 20:59:48.430 11062 11062 D AppController: AppControlSensorListener.onSensorChanged, Rotation: 0
05-15 20:59:48.430 11062 11062 D NavigationBar: onRotationProposal proposedRotation=-1, isValid=false, mNavBarWindowState=WINDOW_STATE_SHOWING, rotateSuggestionsDisabled=false, isRotateButtonVisible=false
05-15 20:59:48.430 11062 11062 D RotationButtonController: onRotationProposal unknown rotation
05-15 20:59:48.459 24090 24185 I Kumiho-Kumiho: getPackageName: es.uniovi.recetasasturianas
05-15 20:59:48.460 24090 24185 I Kumiho-Kumiho: getPackageName: es.uniovi.recetasasturianas
05-15 20:59:48.501  1632 24313 I HYPER-HAL: [ResourceManager.cpp]removeResource(): [CPUMinFreq] RemoveResource Request ID : 1999022
05-15 20:59:48.501  1632 24313 I HYPER-HAL: [RequestManager.cpp]releaseLocked(): Released ID : 1999022
05-15 20:59:48.646 24267 24273 I asturianas.test: Compiler allocated 5093KB to compile void android.view.ViewRootImpl.performTraversals()
05-15 20:59:48.673  1977  1977 I GestureDetector: handleMessage TAP
05-15 20:59:48.673  1977  2134 I GestureDetector: handleMessage TAP
05-15 20:59:48.765 23357 23357 I InputMethodService: removeImeSurface
05-15 20:59:48.765 23357 23357 I InputMethodService: cancelImeSurfaceRemoval: removeCallbacks
05-15 20:59:48.786  1632 24314 I HYPER-HAL: [ResourceManager.cpp]removeResource(): [CPUMinFreq] RemoveResource Request ID : 2013050
05-15 20:59:48.786  1632 24314 I HYPER-HAL: [RequestManager.cpp]releaseLocked(): Released ID : 2013050
05-15 20:59:48.824 24886 24925 V CpEventLog(u150): [P] cp_state: [                 contacts = {contacts=0, raw_contacts=0, data=0, account={secphone(1)=0, sim(2)=0, sim2(3)=0, agg(4)=0, vnd.sec.contact.phone_personal(5)=0}, trash=0, trash_acc={}, trash_sync=0, database=contacts2.db} ]
05-15 20:59:48.824 24886 24925 V CpEventLog(u150): [P] cp_state: [               aggregated = {} ]
05-15 20:59:48.824 24886 24925 V CpEventLog(u150): [P] cp_state: [                  request = {} ]
05-15 20:59:48.824 24886 24925 V CpEventLog(u150): [P] cp_state: [                    calls = {types={}, database=calllog.db} ]
05-15 20:59:48.824 24886 24925 V CpEventLog(u150): [P] cp_state: [                  profile = {contacts=0, raw_contacts=0, data=0, account={secphone(1)=0, sim(2)=0, sim2(3)=0, agg(4)=0, vnd.sec.contact.phone_personal(5)=0}, trash=0, trash_acc={}, trash_sync=0, database=profile.db} ]
05-15 20:59:48.824 24886 24925 V CpEventLog(u150): [P] cp_state: [               sa_profile = {contacts=0, raw_contacts=0, data=0, account={secphone(1)=0, sim(2)=0, sim2(3)=0, agg(4)=0, vnd.sec.contact.phone_personal(5)=0}, trash=0, trash_acc={}, trash_sync=0, database=profile_sa.db} ]
05-15 20:59:48.824 24886 24925 V CpEventLog(u150): [P] cp_state: [                      etc = {binders=0, country_iso=ES, version=15.6.28, db_version=2000, db_size=0, db_wal_size=0, csc=/, sec_enabled=false, is_roaming=false} ]
05-15 20:59:48.824 24886 24925 V CpEventLog(u150): [P] cp_state: ------------------------------------------------------------------------------
05-15 20:59:48.869  1624  2315 I SensorsGrip: [grip_sensor] readEvents: GripSensor: grip 1ch data = TOUCH
05-15 20:59:48.869  1624  2315 I SensorsGrip: [grip_sensor] readEvents: GripSensor: grip 1ch unknown UNKNOWN MODE
05-15 20:59:48.872  1977  3139 I MotionRecognitionService: [SAR] ISG5320A Grip sensor onSensorChanged : 0.0 , 0.0 , 0.0 , 300.0 , 0.0
05-15 20:59:48.872  1977  3139 I MotionRecognitionService: [SAR] ISG5320A Grip sensor setUnknownMode channel: 0 , state: 300
05-15 20:59:48.877  1977  3139 I MotionRecognitionService: [SAR] SET MAINTUNERGRIP1CH (200000000) : true
05-15 20:59:48.916 11062 11062 D NavigationBar: onRotationProposal proposedRotation=ROTATION_0, isValid=true, mNavBarWindowState=WINDOW_STATE_SHOWING, rotateSuggestionsDisabled=false, isRotateButtonVisible=false
05-15 20:59:48.917  1795  1831 E HeatmapThread: ECT Thread time in milliseconds: 1778871588
05-15 20:59:48.917  1795  1831 D HeatmapThread: !@ batteryplugType : 0
05-15 20:59:48.917  1795  1831 D HeatmapThread: !@ batteryLevel : 0  batteryTemperature : 0
05-15 20:59:48.917  1795  1831 D HeatmapThread: !@ Heatmap currtime: 29647859
05-15 20:59:48.917  1795  1831 D HeatmapThread: !@ Heatmap prevtime: 29647842
05-15 20:59:48.917  1795  1831 D HeatmapThread: !@ Heatmap plugstarttime: 35791394
05-15 20:59:48.917 11062 11062 D RotationButtonController: onRotationProposal rotation not changed
05-15 20:59:48.917  1795  1831 D HeatmapThread: !@ Heatmap prevv_dsoh_update_time: 29635503
05-15 20:59:48.917  1795  1831 E HeatmapThread: !@Could not open '/efs/FactoryApp/bsoh', errno = 13
05-15 20:59:48.917  1795  1831 E HeatmapThread: !@ CAM Could not access BSOH EFS
05-15 20:59:48.918  1795  1831 E HeatmapThread: !@ CAM New BSOH: 0
05-15 20:59:49.015 24090 24090 I ViewInteraction: Performing 'single click' action on view ((view has effective visibility <VISIBLE> and view.getGlobalVisibleRect() to return non-empty rectangle) and view.getId() is <2131296456/es.uniovi.recetasasturianas:id/fab_favorite>)
05-15 20:59:49.015  1977  4380 D InputDispatcher: Inject motion (24090/10625): action=0x0, time=304067042000000, f=0x0, d=0 dsdx=1.000000 dtdx=0.000000
05-15 20:59:49.016  1977  2929 I InputDispatcher: Delivering touch to (11062): action: 0x4, f=0x0, d=0, '7a9d783', t=0
05-15 20:59:49.016  1977  2929 I InputDispatcher: Delivering touch to (24090): action: 0x0, f=0x0, d=0, '3f7caca', t=0
05-15 20:59:49.017 24090 24090 I VRI[MainActivity]@b2c56dd: ViewPostIme pointer 0
05-15 20:59:49.017  4195  4195 I HoneySpace.GestureInputHandler: inputConsumers = [com.honeyspace.gesture.inputconsumer.InputConsumer$Companion$NO_OP$1@44ea0c6]
05-15 20:59:49.017  4195  4195 I HoneySpace.InputSession: inputConsumers = NO_OP
05-15 20:59:49.017  4195  4195 I HoneySpace.InputSession: open
05-15 20:59:49.017  1977  2134 I GestureDetector: obtain mCurrentDownEvent. id: -830047740 caller: com.android.server.wm.SystemGesturesPointerEventListener.onPointerEvent:17 com.android.server.wm.PointerEventDispatcher.onInputEvent:51 android.view.InputEventReceiver.dispatchInputEvent:392
05-15 20:59:49.017  1977  2134 I GestureDetector: obtain mCurrentDownEvent. id: -830047740 caller: com.android.server.wm.SystemPerformancePointerEventListener.onPointerEvent:13 com.android.server.wm.PointerEventDispatcher.onInputEvent:51 android.view.InputEventReceiver.dispatchInputEvent:392
05-15 20:59:49.019  5896  5896 I SemDvfsHyPerManager: acquire hyper - TABoost/5896@21, type = -999
05-15 20:59:49.019  1632  1829 I HYPER-HAL: [RequestManager.cpp]releaseLocked(): Released ID : 17508424
05-15 20:59:49.020  1632  1829 I HYPER-HAL: [RequestManager.cpp]acquire(): Acquired ID : 17508424  [5896 / 21]    HINT :      list : [TABoost / 1] [TIMEOUT / 1500]
05-15 20:59:49.026  1632 24266 I HYPER-HAL: [ResourceManager.cpp]removeResource(): [CPULittleMinFreq] RemoveResource Request ID : 1997022
05-15 20:59:49.030  1632 24266 I HYPER-HAL: [ResourceManager.cpp]removeResource(): [CPUMinFreq] RemoveResource Request ID : 1997022
05-15 20:59:49.030  1632 24266 I HYPER-HAL: [RequestManager.cpp]releaseLocked(): Released ID : 1997022
05-15 20:59:49.058  1977  4380 D InputDispatcher: Inject motion (24090/10625): action=0x1, time=304067083000000, f=0x0, d=0 dsdx=1.000000 dtdx=0.000000
05-15 20:59:49.058  1977  2929 I InputDispatcher: Delivering touch to (24090): action: 0x1, f=0x0, d=0, '3f7caca', t=0
05-15 20:59:49.058 24090 24090 I VRI[MainActivity]@b2c56dd: ViewPostIme pointer 1
05-15 20:59:49.059  1977  2134 I GestureDetector: obtain mCurrentMotionEventRaw. action: 1 id: -592380629
05-15 20:59:49.059  1977  2134 I GestureDetector: obtain mCurrentMotionEventRaw. action: 1 id: -592380629
05-15 20:59:49.059  4195  4195 I HoneySpace.GestureInputHandler: reset
05-15 20:59:49.059  4195  4195 I HoneySpace.InputSession: close
05-15 20:59:49.090 24090 24090 I BLASTBufferQueue_Java: update, w= 1080 h= 2340 mName = VRI[MainActivity]@b2c56dd mNativeObject= 0xb400007e28d7c670 sc.mNativeObject= 0xb400007ea8d2b610 format= -1 caller= android.view.ViewRootImpl.updateBlastSurfaceIfNeeded:3574 android.view.ViewRootImpl.relayoutWindow:11685 android.view.ViewRootImpl.performTraversals:4804 android.view.ViewRootImpl.doTraversal:3924 android.view.ViewRootImpl$TraversalRunnable.run:12903 android.view.Choreographer$CallbackRecord.run:1901
05-15 20:59:49.090 24090 24090 I VRI[MainActivity]@b2c56dd: Relayout returned: old=(0,0,1080,2340) new=(0,0,1080,2340) relayoutAsync=true req=(1080,2340)0 dur=0 res=0x0 s={true 0xb400007de8dffca0} ch=false seqId=0
05-15 20:59:49.091  1977  4380 I WindowManager: Relayout Window{3f7caca u0 es.uniovi.recetasasturianas/es.uniovi.recetasasturianas.MainActivity}: viewVisibility=0 req=1080x2340 ty=1 d0
05-15 20:59:49.091  1977  4380 D SurfaceComposerClient: setCornerRadius ## 3f7caca es.uniovi.recetasasturianas/es.uniovi.recetasasturianas.MainActivity#179469 cornerRadius=0.000000
05-15 20:59:49.091 24090 24090 I VRI[MainActivity]@b2c56dd: registerCallbackForPendingTransactions
05-15 20:59:49.092  1977  4380 D SurfaceComposerClient: setCornerRadius ## 3f7caca es.uniovi.recetasasturianas/es.uniovi.recetasasturianas.MainActivity#179469 cornerRadius=0.000000
05-15 20:59:49.092 24090 24176 I VRI[MainActivity]@b2c56dd: mWNT: t=0xb400007df8dead90 mBlastBufferQueue=0xb400007e28d7c670 fn= 59 HdrRenderState mRenderHdrSdrRatio=1.0 caller= android.view.ViewRootImpl$10.onFrameDraw:6536 android.view.ViewRootImpl$4.onFrameDraw:2489 android.view.ThreadedRenderer$1.onFrameDraw:718
05-15 20:59:49.092  1977  4380 I WindowManager: Relayout hash=3f7caca, pid=0, syncId=-1: mAttrs={(0,0)(fillxfill) sim={adjust=pan} layoutInDisplayCutoutMode=always ty=BASE_APPLICATION wanim=0x1030317
05-15 20:59:49.092  1977  4380 I WindowManager:   fl=81810100
05-15 20:59:49.092  1977  4380 I WindowManager:   pfl=100088c0
05-15 20:59:49.092  1977  4380 I WindowManager:   vsysui=500
05-15 20:59:49.092  1977  4380 I WindowManager:   bhv=1
05-15 20:59:49.092  1977  4380 I WindowManager:   fitSides=0
05-15 20:59:49.092  1977  4380 I WindowManager:   frameRateBoostOnTouch=true
05-15 20:59:49.092  1977  4380 I WindowManager:   dvrrWindowFrameRateHint=true naviIconColor=0}
05-15 20:59:49.219  1632 24284 I HYPER-HAL: [RequestManager.cpp]releaseLocked(): Released ID : 3944836
05-15 20:59:49.288 24090 24090 I ViewInteraction: Checking 'MatchesViewAssertion{viewMatcher=(view has effective visibility <VISIBLE> and view.getGlobalVisibleRect() to return non-empty rectangle)}' assertion on view view.getId() is <2131296456/es.uniovi.recetasasturianas:id/fab_favorite>
05-15 20:59:49.300  1977  4243 I SemDvfsHyPerManager: acquire hyper - AMS_APP_SWITCH/1977@28, type = -999
05-15 20:59:49.300  1632  1829 I HYPER-HAL: [RequestManager.cpp]acquire(): Acquired ID : 2011043  [1977 / 28]    HINT : AMS_APP_SWITCH    list :
05-15 20:59:49.301  1632  1829 I HYPER-HAL: [ResourceManager.cpp]updateResource(): [CPULittleMinFreq] UpdateResource Request ID : 2011043    Value : 1804800
05-15 20:59:49.301  1808  2995 I SurfaceFlinger: id=179476 createSurf, flag=24004, Task=2381#179476
05-15 20:59:49.302  5896  5896 I SemDvfsHyPerManager: acquire hyper - APP_START_SHORT/5896@15, type = -999
05-15 20:59:49.304  1808  2995 I SurfaceFlinger: id=179477 createSurf, flag=84004, ActivityRecord{164051337 u0 es.uniovi.recetasasturianas.test/androidx.test.core.app.InstrumentationActivityInvoker$EmptyActivity t2381}#179477
05-15 20:59:49.308  1632  1829 I HYPER-HAL: [ResourceManager.cpp]updateResource(): [CPUMinFreq] UpdateResource Request ID : 2011043    Value : 2841600
05-15 20:59:49.308  1632  1829 I HYPER-HAL: [RequestManager.cpp]acquire(): Acquired ID : 17472931  [5896 / 15]    HINT : APP_START    list : [TIMEOUT / 1500]
05-15 20:59:49.308  1632  1829 I HYPER-HAL: [ResourceManager.cpp]updateResource(): [CPUMaxFreq] UpdateResource Request ID : 17472931    Value : 2841600
05-15 20:59:49.310 11062 11138 D ViewRootImpl: desktopMode is false
05-15 20:59:49.310 11062 11138 I ViewRootImpl: dVRR is disabled
05-15 20:59:49.311  1977  4380 I SemDvfsHyPerManager: acquire hyper - AMS_APP_LAUNCH/1977@21, type = -999
05-15 20:59:49.311 11062 11227 D NativeCustomFrequencyManager: [NativeCFMS] BpCustomFrequencyManager::BpCustomFrequencyManager()
05-15 20:59:49.311  1632  1829 I HYPER-HAL: [RequestManager.cpp]acquire(): Acquired ID : 1997022  [1977 / 21]    HINT : AMS_APP_LAUNCH    list :
05-15 20:59:49.312  1632  1829 I HYPER-HAL: [ResourceManager.cpp]updateResource(): [CPULittleMinFreq] UpdateResource Request ID : 1997022    Value : 1804800
05-15 20:59:49.312  4301  4301 E pageboostd: Received HALT command code 2
05-15 20:59:49.313 24090 24090 D LifecycleMonitor: Lifecycle status change: es.uniovi.recetasasturianas.MainActivity@d997c2a in: PAUSED
05-15 20:59:49.313 24090 24090 V ActivityScenario: Update currentActivityStage to PAUSED, currentActivity=es.uniovi.recetasasturianas.MainActivity@d997c2a
05-15 20:59:49.313  5896  5896 I SemDvfsHyPerManager: acquire hyper - APP_START/5896@17, type = -999
05-15 20:59:49.313  1632  1829 I HYPER-HAL: [ResourceManager.cpp]updateResource(): [CPUMinFreq] UpdateResource Request ID : 1997022    Value : 2841600
05-15 20:59:49.314  1977  6970 D InputTransport: Input channel constructed: '7175cf2', fd=1049
05-15 20:59:49.314  1632  1829 I HYPER-HAL: [RequestManager.cpp]acquire(): Acquired ID : 17484758  [5896 / 17]    HINT : APP_START    list :
05-15 20:59:49.314  1977  6970 D InputTransport: Input channel constructed: '7175cf2', fd=1111
05-15 20:59:49.314  1632  1829 I HYPER-HAL: [ResourceManager.cpp]updateResource(): [CPUMaxFreq] UpdateResource Request ID : 17484758    Value : 2841600
05-15 20:59:49.314  1977  6970 D InputTransport: Input channel constructed: '7175cf2', fd=1030
05-15 20:59:49.314  1977  6970 D InputTransport: Input channel destroyed: '7175cf2', fd=1111
05-15 20:59:49.314  1808  1808 I SurfaceFlinger: [Task=2381#179476] attach to parent LayerHierarchy{RequestedLayerState{DefaultTaskDisplayArea_d0#172934 parentId=9} 11 children}
05-15 20:59:49.314  1808  1808 I SurfaceFlinger: [ActivityRecord{164051337 u0 es.uniovi.recetasasturianas.test/androidx.test.core.app.InstrumentationActivityInvoker$EmptyActivity t2381}#179477] attach to parent LayerHierarchy{RequestedLayerState{Task=2381#179476 parentId=172934} 1 children}
05-15 20:59:49.314  1808  2995 I SurfaceFlinger: id=179478 createSurf, flag=84004, 7175cf2 Splash Screen es.uniovi.recetasasturianas.test#179478
05-15 20:59:49.315 11062 11118 D ShellDesktopMode: handleRequest: TransitionRequestInfo {type=1, tid=2381, debugId=14574}
05-15 20:59:49.316  1977  6970 D InputTransport: Input channel destroyed: '7175cf2', fd=1030
05-15 20:59:49.316  2090  2090 I CameraService: onUidStateChanged: uid=10048, procState is changed. (0 -> 1)
05-15 20:59:49.316 11062 11138 D InputTransport: Input channel constructed: '7175cf2', fd=448
05-15 20:59:49.316 11062 11138 I InsetsController: onStateChanged: host=Splash Screen es.uniovi.recetasasturianas.test, from=android.view.ViewRootImpl.onInsetsStateChanged:3026, state=InsetsState: {mDisplayFrame=Rect(0, 0 - 1080, 2340), mDisplayCutout=DisplayCutout{insets=Rect(0, 99 - 0, 0) waterfall=Insets{left=0, top=0, right=0, bottom=0} boundingRect={Bounds=[Rect(0, 0 - 0, 0), Rect(505, 0 - 575, 99), Rect(0, 0 - 0, 0), Rect(0, 0 - 0, 0)]} cutoutPathParserInfo={CutoutPathParserInfo{displayWidth=1080 displayHeight=2340 physicalDisplayWidth=1080 physicalDisplayHeight=2340 density={3.0} cutoutSpec={M 0,0 M 0,29 a 35,35 0 1,0 0,70 a 35,35 0 1,0 0,-70 Z} rotation={0} scale={1.0} physicalPixelDisplaySizeRatio={1.0}}} sideOverrides={}}, mRoundedCorners=RoundedCorners{[RoundedCorner{position=TopLeft, radius=108, center=Point(108, 108)}, RoundedCorner{position=TopRight, radius=108, center=Point(972, 108)}, RoundedCorner{position=BottomRight, radius=108, center=Point(972, 2232)}, RoundedCorner{position=BottomLeft, radius=108, center=Point(108, 2232)}]}  mRoundedCornerFrame=Rect(0, 0 - 1080, 2340), mPrivacyIndicatorBounds=PrivacyIndicatorBounds {static bounds=Rect(948, 0 - 1080, 99) rotation=0}, mDisplayShape=DisplayShape{ spec=-311912193 displayWidth=1080 displayHeight=2340 physicalPixelDisplaySizeRatio=1.0 rotation=0 offsetX=0 offsetY=0 scale=1.0}, mSources= { InsetsSource: {b73a0001 mType=navigationBars mFrame=[0,0][0,0] mVisible=true mFlags=SUPPRESS_SCRIM mSideHint=NONE mBoundingRects=null}, InsetsSource: {b73a0004 mType=systemGestures mFrame=[0,0][90,2340] mVisible=true mFlags= mSideHint=LEFT mBoundingRects=null}, InsetsSource: {b73a0005 mType=mandatorySystemGestures mFrame=[0,2265][1080,2340] mVisible=true mFlags= mSideHint=BOTTOM mBoundingRects=null}, InsetsSource: {b73a0006 mType=tappableElement mFrame=[0,0][0,0] mVisible=true mFlags= mSideHint=NONE mBoundingRects=null}, InsetsSource: {b73a0024 mType=systemGestures mFrame=[990,0][1080,2340] mVisible=true mFlags= mSideHint=RIGHT mBoundingRects=null}, InsetsSource: {27 mType=displayCutout mFrame=[0,0][1080,99] mVisible=true mFlags= mSideHint=TOP mBoundingRects=null}, InsetsSource: {9260000 mType=statusBars mFrame=[0,0][1080,99] mVisible=true mFlags= mSideHint=TOP mBoundingRects=null}, InsetsSource: {9260005 mType=mandatorySystemGestures mFrame=[0,0][1080,135] mVisible=true mFlags= mSideHint=TOP mBoundingRects=null}, InsetsSource: {9260006 mType=tappableElement mFrame=[0,0][1080,99] mVisible=true mFlags= mSideHint=TOP mBoundingRects=null} }
05-15 20:59:49.316 11062 11138 I VRI[test]@59f5da0: onActiveControlsChanged, removed=false, mAdded=true, caller=android.view.ViewRootImpl.handleInsetsControlChanged:3002 android.view.ViewRootImpl.setView:2014 android.view.WindowManagerGlobal.addView:604 com.android.wm.shell.startingsurface.SplashscreenWindowCreator.addWindow:38 com.android.wm.shell.startingsurface.StartingWindowController$$ExternalSyntheticLambda4.run:1365
05-15 20:59:49.316 11062 11138 I VRI[test]@59f5da0: synced displayState. AttachInfo displayState=2
05-15 20:59:49.317  1977  1977 I GestureDetector: handleMessage TAP
05-15 20:59:49.318  1977  2134 I GestureDetector: handleMessage TAP
05-15 20:59:49.318  1977  3116 D InputDispatcher: Focused application(0): ActivityRecord{164051337 u0 es.uniovi.recetasasturianas.test/androidx.test.core.app.InstrumentationActivityInvoker$EmptyActivity t2381}
05-15 20:59:49.320  1977  3116 D SurfaceComposerClient: setCornerRadius ## 7175cf2 Splash Screen es.uniovi.recetasasturianas.test#179478 cornerRadius=0.000000
05-15 20:59:49.321  1977  2997 D GraphicsStatsService: requestRenderEngineFor(es.uniovi.recetasasturianas.test)
05-15 20:59:49.321  1977  3116 D SurfaceComposerClient: setCornerRadius ## 7175cf2 Splash Screen es.uniovi.recetasasturianas.test#179478 cornerRadius=0.000000
05-15 20:59:49.321 24267 24288 I AdrenoGLES-0: QUALCOMM build                   : c62cb5db3a, I2ae86c79d4
05-15 20:59:49.321 24267 24288 I AdrenoGLES-0: Build Date                       : 09/12/25
05-15 20:59:49.321 24267 24288 I AdrenoGLES-0: OpenGL ES Shader Compiler Version: EV031.35.01.12
05-15 20:59:49.321 24267 24288 I AdrenoGLES-0: Local Branch                     :
05-15 20:59:49.321 24267 24288 I AdrenoGLES-0: Remote Branch                    : refs/tags/AU_LINUX_ANDROID_LA.UM.9.14.11.00.00.571.148
05-15 20:59:49.321 24267 24288 I AdrenoGLES-0: Remote Branch                    : NONE
05-15 20:59:49.321 24267 24288 I AdrenoGLES-0: Reconstruct Branch               : NOTHING
05-15 20:59:49.321 24267 24288 I AdrenoGLES-0: Build Config                     : S P 10.0.7 AArch64
05-15 20:59:49.321 24267 24288 I AdrenoGLES-0: Driver Path                      : /vendor/lib64/egl/libGLESv2_adreno.so
05-15 20:59:49.321  4195  4401 I HoneySpace.TopTaskSource: onTaskMovedToFront : taskId = 2381, displayId = 0
05-15 20:59:49.323  4195  4403 I HoneySpace.TopTaskUseCase: topTasks 2381 ComponentInfo{es.uniovi.recetasasturianas.test/androidx.test.core.app.InstrumentationActivityInvoker$EmptyActivity}[displayId=0]
05-15 20:59:49.323  1977  3186 D AS.MultiSoundManager: mForegroundUid = 10626
05-15 20:59:49.324  1808  1808 I SurfaceFlinger: [LayerHierarchy{RequestedLayerState{ImeContainer#15 parentId=179457 relativeParentId=179457 z=1} 1 children}] RelativeParent to null
05-15 20:59:49.324  1808  1808 I SurfaceFlinger: [7175cf2 Splash Screen es.uniovi.recetasasturianas.test#179478] attach to parent LayerHierarchy{RequestedLayerState{ActivityRecord{164051337 u0 es.uniovi.recetasasturianas.test/androidx.test.core.app.InstrumentationActivityInvoker$EmptyActivity t2381}#179477 parentId=179476} 1 children}
05-15 20:59:49.324 12633 17431 I Routine@Core[4.9.04.16]: ActivityWatcherListenerImpl: onPauseComponent: componentName - es.uniovi.recetasasturianas, userId: 0
05-15 20:59:49.325 24267 24288 I AdrenoGLES-0: PFP: 0x016dc094, ME: 0x00000000
05-15 20:59:49.325 12633 17431 I Routine@Core[4.9.04.16]: Pref: removeSharedPrefsData() key=condition_launch_app_data_resume_pkg
05-15 20:59:49.326 11062 11062 I {OngoingActivityController}: onTaskFocusChanged but OA data is empty
05-15 20:59:49.326  4195  4401 I HoneySpace.TopTaskSource: onTaskFocusChanged(): taskId = 2381
05-15 20:59:49.326 11062 11138 I VRI[test]@59f5da0: setView = android.widget.FrameLayout@8728d2a IsHRR=false mFlingFrameRateChange=0 TM=true
05-15 20:59:49.327 11062 11227 D HWUI    : HWUI - treat SMPTE_170M as sRGB
05-15 20:59:49.327 12633 12673 I Routine@Core[4.9.04.16]: ModeOrderObserver: ModeOrderObserver:onChange: uri content://com.samsung.android.app.routines.routineprovider/preference
05-15 20:59:49.328 24267 24267 I DecorView: setWindowBackground: isPopOver=false color=ffffffff d=android.graphics.drawable.ColorDrawable@e572f99
05-15 20:59:49.329  1977  6948 I WindowManager: Relayout Window{7175cf2 u0 Splash Screen es.uniovi.recetasasturianas.test}: viewVisibility=0 req=1080x2340 ty=3 d0
05-15 20:59:49.329  1808  2995 I SurfaceFlinger: id=179479 createSurf, flag=44004, Splash Screen es.uniovi.recetasasturianas.test$_11062#179479
05-15 20:59:49.329  4195 23186 I HoneySpace.RecentTasks: onRecentTasksChanged
05-15 20:59:49.329  4195 23230 I HoneySpace.RecentTasks: onRecentTasksChanged
05-15 20:59:49.330  1977  6948 D SurfaceComposerClient: setCornerRadius ## 7175cf2 Splash Screen es.uniovi.recetasasturianas.test#179478 cornerRadius=0.000000
05-15 20:59:49.330  1977  6948 D SurfaceComposerClient: setCornerRadius ## 7175cf2 Splash Screen es.uniovi.recetasasturianas.test#179478 cornerRadius=0.000000
05-15 20:59:49.331  1808  1808 I SurfaceFlinger: [Display 0 name="Built-in Screen"#172933] setFrameRateCategory: High
05-15 20:59:49.331  1808  1808 I SurfaceFlinger: [Splash Screen es.uniovi.recetasasturianas.test$_11062#179479] attach to parent LayerHierarchy{RequestedLayerState{7175cf2 Splash Screen es.uniovi.recetasasturianas.test#179478 parentId=179477} 1 children}
05-15 20:59:49.331  1977  6948 I WindowManager: Relayout hash=7175cf2, pid=11062, syncId=-1: mAttrs={(0,0)(fillxfill) sim={adjust=pan} layoutInDisplayCutoutMode=always ty=APPLICATION_STARTING fmt=TRANSLUCENT
05-15 20:59:49.331  1977  6948 I WindowManager:   fl=81030118
05-15 20:59:49.331  1977  6948 I WindowManager:   pfl=10000810
05-15 20:59:49.331  1977  6948 I WindowManager:   apr=18
05-15 20:59:49.331  1977  6948 I WindowManager:   bhv=1
05-15 20:59:49.331  1977  6948 I WindowManager:   fitSides=0
05-15 20:59:49.331  1977  6948 I WindowManager:   frameRateBoostOnTouch=true
05-15 20:59:49.331  1977  6948 I WindowManager:   dvrrWindowFrameRateHint=true naviIconColor=0}
05-15 20:59:49.331  1808  1951 D SurfaceFlinger: [input] setFocusedWindow: <null>
05-15 20:59:49.332  1977  4019 D InputDispatcher: Once focus requested (0): <null>
05-15 20:59:49.332  1977  4019 D InputDispatcher: Focus request (0): <null> but waiting because NO_WINDOW
05-15 20:59:49.332  1977  4019 D InputDispatcher: Focus left window (0): 3f7caca es.uniovi.recetasasturianas/es.uniovi.recetasasturianas.MainActivity
05-15 20:59:49.332  1808  1808 I BpBinder: onLastStrongRef automatically unlinking death recipients:
05-15 20:59:49.333 24267 24267 D ViewRootImpl: desktopMode is false
05-15 20:59:49.333 24267 24267 I ViewRootImpl: dVRR is disabled
05-15 20:59:49.333 11062 11138 I InsetsController: onStateChanged: host=Splash Screen es.uniovi.recetasasturianas.test, from=android.view.ViewRootImpl.onInsetsStateChanged:3026, state=InsetsState: {mDisplayFrame=Rect(0, 0 - 1080, 2340), mDisplayCutout=DisplayCutout{insets=Rect(0, 99 - 0, 0) waterfall=Insets{left=0, top=0, right=0, bottom=0} boundingRect={Bounds=[Rect(0, 0 - 0, 0), Rect(505, 0 - 575, 99), Rect(0, 0 - 0, 0), Rect(0, 0 - 0, 0)]} cutoutPathParserInfo={CutoutPathParserInfo{displayWidth=1080 displayHeight=2340 physicalDisplayWidth=1080 physicalDisplayHeight=2340 density={3.0} cutoutSpec={M 0,0 M 0,29 a 35,35 0 1,0 0,70 a 35,35 0 1,0 0,-70 Z} rotation={0} scale={1.0} physicalPixelDisplaySizeRatio={1.0}}} sideOverrides={}}, mRoundedCorners=RoundedCorners{[RoundedCorner{position=TopLeft, radius=108, center=Point(108, 108)}, RoundedCorner{position=TopRight, radius=108, center=Point(972, 108)}, RoundedCorner{position=BottomRight, radius=108, center=Point(972, 2232)}, RoundedCorner{position=BottomLeft, radius=108, center=Point(108, 2232)}]}  mRoundedCornerFrame=Rect(0, 0 - 1080, 2340), mPrivacyIndicatorBounds=PrivacyIndicatorBounds {static bounds=Rect(948, 0 - 1080, 99) rotation=0}, mDisplayShape=DisplayShape{ spec=-311912193 displayWidth=1080 displayHeight=2340 physicalPixelDisplaySizeRatio=1.0 rotation=0 offsetX=0 offsetY=0 scale=1.0}, mSources= { InsetsSource: {b73a0001 mType=navigationBars mFrame=[0,0][0,0] mVisible=true mFlags=SUPPRESS_SCRIM mSideHint=NONE mBoundingRects=null}, InsetsSource: {b73a0004 mType=systemGestures mFrame=[0,0][90,2340] mVisible=true mFlags= mSideHint=LEFT mBoundingRects=null}, InsetsSource: {b73a0005 mType=mandatorySystemGestures mFrame=[0,2265][1080,2340] mVisible=true mFlags= mSideHint=BOTTOM mBoundingRects=null}, InsetsSource: {b73a0006 mType=tappableElement mFrame=[0,0][0,0] mVisible=true mFlags= mSideHint=NONE mBoundingRects=null}, InsetsSource: {b73a0024 mType=systemGestures mFrame=[990,0][1080,2340] mVisible=true mFlags= mSideHint=RIGHT mBoundingRects=null}, InsetsSource: {3 mType=ime mFrame=[0,0][0,0] mVisible=false mFlags= mSideHint=NONE mBoundingRects=null}, InsetsSource: {27 mType=displayCutout mFrame=[0,0][1080,99] mVisible=true mFlags= mSideHint=TOP mBoundingRects=null}, InsetsSource: {9260000 mType=statusBars mFrame=[0,0][1080,99] mVisible=true mFlags= mSideHint=TOP mBoundingRects=null}, InsetsSource: {9260005 mType=mandatorySystemGestures mFrame=[0,0][1080,135] mVisible=true mFlags= mSideHint=TOP mBoundingRects=null}, InsetsSource: {9260006 mType=tappableElement mFrame=[0,0][1080,99] mVisible=true mFlags= mSideHint=TOP mBoundingRects=null} }
05-15 20:59:49.333 11062 11138 I VRI[test]@59f5da0: onActiveControlsChanged, removed=false, mAdded=true, caller=android.view.ViewRootImpl.handleInsetsControlChanged:3002 android.view.ViewRootImpl.relayoutWindow:11629 android.view.ViewRootImpl.performTraversals:4804 android.view.ViewRootImpl.doTraversal:3924 android.view.ViewRootImpl$TraversalRunnable.run:12903
05-15 20:59:49.333 24090 24090 I ImeFocusController: onPreWindowFocus: skipped hasWindowFocus=false mHasImeFocus=true
05-15 20:59:49.333  1977  2134 D PkgPredictorService-SecIpmManagerServiceImpl: onForegroundActivitiesChanged pid:24267 uid:10626
05-15 20:59:49.333 24267 24288 D NativeCustomFrequencyManager: [NativeCFMS] BpCustomFrequencyManager::BpCustomFrequencyManager()
05-15 20:59:49.333  1977  4221 V PkgPredictorService-SecIpmManagerServiceImpl: discard foreground app:es.uniovi.recetasasturianas.test 1|true
05-15 20:59:49.334 24090 24090 I ImeFocusController: onPostWindowFocus: skipped hasWindowFocus=false mHasImeFocus=true
05-15 20:59:49.334  1977  2142 D SurfaceComposerClient: setCornerRadius ## 7175cf2 Splash Screen es.uniovi.recetasasturianas.test#179478 cornerRadius=0.000000
05-15 20:59:49.335 11062 11138 W libc    : Access denied finding property "vendor.display.enable_optimal_refresh_rate"
05-15 20:59:49.335 11062 11138 I BufferQueueProducer: [](id:2b360000013f,api:0,p:1222335856,c:11062) setDequeueTimeout:2077252342
05-15 20:59:49.336 11062 11138 I BLASTBufferQueue_Java: new BLASTBufferQueue, mName= VRI[test]@59f5da0 mNativeObject= 0xb400007e28d725d0 caller= android.view.ViewRootImpl.updateBlastSurfaceIfNeeded:3585 android.view.ViewRootImpl.relayoutWindow:11685 android.view.ViewRootImpl.performTraversals:4804 android.view.ViewRootImpl.doTraversal:3924 android.view.ViewRootImpl$TraversalRunnable.run:12903 android.view.Choreographer$CallbackRecord.run:1901 android.view.Choreographer$CallbackRecord.run:1910 android.view.Choreographer.doCallbacks:1367 android.view.Choreographer.doFrame:1292 android.view.Choreographer$FrameDisplayEventReceiver.run:1870
05-15 20:59:49.336 11062 11138 I BLASTBufferQueue_Java: update, w= 1080 h= 2340 mName = VRI[test]@59f5da0 mNativeObject= 0xb400007e28d725d0 sc.mNativeObject= 0xb400007ea8d41c90 format= -3 caller= android.view.ViewRootImpl.updateBlastSurfaceIfNeeded:3590 android.view.ViewRootImpl.relayoutWindow:11685 android.view.ViewRootImpl.performTraversals:4804 android.view.ViewRootImpl.doTraversal:3924 android.view.ViewRootImpl$TraversalRunnable.run:12903 android.view.Choreographer$CallbackRecord.run:1901
05-15 20:59:49.337  1977  6970 D InputTransport: Input channel constructed: 'bcfd950', fd=1030
05-15 20:59:49.337  1977  6970 D InputTransport: Input channel constructed: 'bcfd950', fd=1111
05-15 20:59:49.337 11062 11138 W libc    : Access denied finding property "vendor.display.enable_optimal_refresh_rate"
05-15 20:59:49.337  1977  6970 D InputTransport: Input channel constructed: 'bcfd950', fd=1130
05-15 20:59:49.337  1977  6970 D InputTransport: Input channel destroyed: 'bcfd950', fd=1111
05-15 20:59:49.337  1808  2995 I SurfaceFlinger: id=179480 createSurf, flag=84004, bcfd950 es.uniovi.recetasasturianas.test/androidx.test.core.app.InstrumentationActivityInvoker$EmptyActivity#179480
05-15 20:59:49.337 11062 11138 I VRI[test]@59f5da0: Relayout returned: old=(0,0,1080,2340) new=(0,0,1080,2340) relayoutAsync=false req=(1080,2340)0 dur=6 res=0x3 s={true 0xb400007de8f99600} ch=true seqId=0
05-15 20:59:49.338 11062 11138 I VRI[test]@59f5da0: performConfigurationChange setNightDimText nightDimLevel=0
05-15 20:59:49.338 11062 11138 D VRI[test]@59f5da0: mThreadedRenderer.initialize() mSurface={isValid=true 0xb400007de8f99600} hwInitialized=true
05-15 20:59:49.339  1808  1808 I SurfaceFlinger: [bcfd950 es.uniovi.recetasasturianas.test/androidx.test.core.app.InstrumentationActivityInvoker$EmptyActivity#179480] attach to parent LayerHierarchy{RequestedLayerState{ActivityRecord{164051337 u0 es.uniovi.recetasasturianas.test/androidx.test.core.app.InstrumentationActivityInvoker$EmptyActivity t2381}#179477 parentId=179476} 2 children}
05-15 20:59:49.340  1977  6970 D InputTransport: Input channel destroyed: 'bcfd950', fd=1130
05-15 20:59:49.341 11062 11138 D VRI[test]@59f5da0: reportNextDraw android.view.ViewRootImpl.performTraversals:5443 android.view.ViewRootImpl.doTraversal:3924 android.view.ViewRootImpl$TraversalRunnable.run:12903 android.view.Choreographer$CallbackRecord.run:1901 android.view.Choreographer$CallbackRecord.run:1910
05-15 20:59:49.341 11062 11138 D VRI[test]@59f5da0: Setup new sync=wmsSync-VRI[test]@59f5da0#14
05-15 20:59:49.341 11062 11138 I VRI[test]@59f5da0: Creating new active sync group VRI[test]@59f5da0#15
05-15 20:59:49.341 24267 24267 D InputTransport: Input channel constructed: 'bcfd950', fd=124
