05-15 20:59:56.129  4195  4395 I HoneySpace.StatusIconTracker: invokeEvent() called with: event = Mobile(bundle=Bundle[mParcelledData.dataSize=256])
05-15 20:59:56.129 11062 11138 I BufferQueueProducer: [](id:2b360000014d,api:0,p:1222710832,c:11062) setDequeueTimeout:2077252342
05-15 20:59:56.129 11062 11138 I BLASTBufferQueue_Java: new BLASTBufferQueue, mName= VRI[test]@19c5a6 mNativeObject= 0xb400007e28e210b0 caller= android.view.ViewRootImpl.updateBlastSurfaceIfNeeded:3585 android.view.ViewRootImpl.relayoutWindow:11685 android.view.ViewRootImpl.performTraversals:4804 android.view.ViewRootImpl.doTraversal:3924 android.view.ViewRootImpl$TraversalRunnable.run:12903 android.view.Choreographer$CallbackRecord.run:1901 android.view.Choreographer$CallbackRecord.run:1910 android.view.Choreographer.doCallbacks:1367 android.view.Choreographer.doFrame:1292 android.view.Choreographer$FrameDisplayEventReceiver.run:1870
05-15 20:59:56.129 11062 11138 I BLASTBufferQueue_Java: update, w= 1080 h= 2340 mName = VRI[test]@19c5a6 mNativeObject= 0xb400007e28e210b0 sc.mNativeObject= 0xb400007ea8d66950 format= -3 caller= android.view.ViewRootImpl.updateBlastSurfaceIfNeeded:3590 android.view.ViewRootImpl.relayoutWindow:11685 android.view.ViewRootImpl.performTraversals:4804 android.view.ViewRootImpl.doTraversal:3924 android.view.ViewRootImpl$TraversalRunnable.run:12903 android.view.Choreographer$CallbackRecord.run:1901
05-15 20:59:56.130 11062 11138 W libc    : Access denied finding property "vendor.display.enable_optimal_refresh_rate"
05-15 20:59:56.130 11062 11138 I VRI[test]@19c5a6: Relayout returned: old=(0,0,1080,2340) new=(0,0,1080,2340) relayoutAsync=false req=(1080,2340)0 dur=4 res=0x3 s={true 0xb400007de8f08210} ch=true seqId=0
05-15 20:59:56.131 11062 11138 I VRI[test]@19c5a6: performConfigurationChange setNightDimText nightDimLevel=0
05-15 20:59:56.131 11062 11138 D VRI[test]@19c5a6: mThreadedRenderer.initialize() mSurface={isValid=true 0xb400007de8f08210} hwInitialized=true
05-15 20:59:56.132 11062 11138 D VRI[test]@19c5a6: reportNextDraw android.view.ViewRootImpl.performTraversals:5443 android.view.ViewRootImpl.doTraversal:3924 android.view.ViewRootImpl$TraversalRunnable.run:12903 android.view.Choreographer$CallbackRecord.run:1901 android.view.Choreographer$CallbackRecord.run:1910
05-15 20:59:56.132 11062 11138 D VRI[test]@19c5a6: Setup new sync=wmsSync-VRI[test]@19c5a6#42
05-15 20:59:56.132 11062 11138 I VRI[test]@19c5a6: Creating new active sync group VRI[test]@19c5a6#43
05-15 20:59:56.132  1808  1951 D SurfaceFlinger: [input] setFocusedWindow: <null>
05-15 20:59:56.132  1808  1808 I SurfaceFlinger: [Splash Screen es.uniovi.recetasasturianas.test$_11062#179713] attach to parent LayerHierarchy{RequestedLayerState{ba5546f Splash Screen es.uniovi.recetasasturianas.test#179712 parentId=179711} 1 children}
05-15 20:59:56.132  1977  3573 D InputDispatcher: Focus left window (0): 4454fea es.uniovi.recetasasturianas/es.uniovi.recetasasturianas.MainActivity
05-15 20:59:56.132  1977  6943 D InputDispatcher: Once focus requested (0): <null>
05-15 20:59:56.133 24090 24090 I ImeFocusController: onPreWindowFocus: skipped hasWindowFocus=false mHasImeFocus=true
05-15 20:59:56.134 24090 24090 I ImeFocusController: onPostWindowFocus: skipped hasWindowFocus=false mHasImeFocus=true
05-15 20:59:56.134 11062 11138 D VRI[test]@19c5a6: registerCallbacksForSync syncBuffer=false
05-15 20:59:56.134  1977  2134 D PkgPredictorService-SecIpmManagerServiceImpl: onForegroundActivitiesChanged pid:24267 uid:10626
05-15 20:59:56.135  1977  4221 V PkgPredictorService-SecIpmManagerServiceImpl: discard foreground app:es.uniovi.recetasasturianas.test 1|true
05-15 20:59:56.135 11062 11225 D VRI[test]@19c5a6: Received frameDrawingCallback syncResult=0 frameNum=1.
05-15 20:59:56.135 11062 11225 I VRI[test]@19c5a6: mWNT: t=0xb400007df8ddc4d0 mBlastBufferQueue=0xb400007e28e210b0 fn= 1 HdrRenderState mRenderHdrSdrRatio=1.0 caller= android.view.ViewRootImpl$12.onFrameDraw:15441 android.view.ThreadedRenderer$1.onFrameDraw:718 <bottom of call stack>
05-15 20:59:56.135 11062 11225 I VRI[test]@19c5a6: Setting up sync and frameCommitCallback
05-15 20:59:56.135 24267 24288 I AdrenoGLES-0: PFP: 0x016dc094, ME: 0x00000000
05-15 20:59:56.136 24267 24267 I DecorView: setWindowBackground: isPopOver=false color=ffffffff d=android.graphics.drawable.ColorDrawable@4a04d1c
05-15 20:59:56.137 11062 11227 I BLASTBufferQueue: [VRI[test]@19c5a6#333](f:0,a:0,s:0) onFrameAvailable the first frame is available
05-15 20:59:56.137 11062 11227 I SurfaceComposerClient: apply transaction with the first frame. layerId: 179713, bufferData(ID: 47510928231594, frameNumber: 1)
05-15 20:59:56.138 11062 11227 I VRI[test]@19c5a6: Received frameCommittedCallback lastAttemptedDrawFrameNum=1 didProduceBuffer=true
05-15 20:59:56.138  1808  1897 I SurfaceFlinger: [Splash Screen es.uniovi.recetasasturianas.test$_11062#179713] setTransactionState with the first frame. bufferData(ID: 47510928231594, frameNumber: 1)
05-15 20:59:56.138 11062 11227 D HWUI    : CFMS:: SetUp Pid : 11062    Tid : 11227
05-15 20:59:56.138 11062 11138 D VRI[test]@19c5a6: reportDrawFinished seqId=0
05-15 20:59:56.139 12633 21222 I Routine@Core[4.9.04.16]: ModesOrderManager: getOrderOrDefault: uuid(100)
05-15 20:59:56.140 24267 24267 D ViewRootImpl: desktopMode is false
05-15 20:59:56.140 24267 24267 I ViewRootImpl: dVRR is disabled
05-15 20:59:56.141 24267 24288 D NativeCustomFrequencyManager: [NativeCFMS] BpCustomFrequencyManager::BpCustomFrequencyManager()
05-15 20:59:56.141  1977  2134 D NetworkPolicy: already checked 10626
05-15 20:59:56.141  1977  2134 D NetworkPolicy: already checked 10626
05-15 20:59:56.142  1977  2142 D SurfaceComposerClient: setCornerRadius ## ba5546f Splash Screen es.uniovi.recetasasturianas.test#179712 cornerRadius=0.000000
05-15 20:59:56.143 12633 21222 I Routine@Core[4.9.04.16]: ModesOrderManager: getOrder: uuid(100) -> order(999)
05-15 20:59:56.143  1977  2142 D SurfaceComposerClient: setCornerRadius ## ba5546f Splash Screen es.uniovi.recetasasturianas.test#179712 cornerRadius=0.000000
05-15 20:59:56.143 12633 21222 I Routine@Core[4.9.04.16]: ModeListHolder: update: size(1) updated(2026/05/15 20:59:56) [ModeMeta(id=1, uuid=100, iconResourceId=2131231140, iconStatusResourceId=2131231637, displayName=Sleep, isRunning=false, runningReason=, runningReasonCondition=, isSet=true, isDeleted=false, detailRunningReason=null, order=999, toggleTime=1778816639015)]
05-15 20:59:56.143  1808  4802 I SurfaceFlinger: id=179714 createSurf, flag=84004, Transition Root: Task=2395#179714
05-15 20:59:56.145  1977  2141 D EnterpriseDeviceManagerService: isMdmAdminPresentInternal() : MDM Admin Found - com.samsung.knox.securefolder
05-15 20:59:56.146  1632 24560 I HYPER-HAL: [ResourceManager.cpp]removeResource(): [CPUMinFreq] RemoveResource Request ID : 2013050
05-15 20:59:56.146  1977  2142 I SurfaceControlRegistry: show, t=StartTransaction_SyncId<14590> sc=ActivityRecord{121763498 u0 es.uniovi.recetasasturianas.test/androidx.test.core.app.InstrumentationActivityInvoker$EmptyActivity t2395}, caller=android.view.SurfaceControl$Transaction.show:3557 com.android.server.wm.Transition.onTransactionReady:2048 com.android.server.wm.BLASTSyncEngine$SyncGroup.finishNow:240 com.android.server.wm.BLASTSyncEngine.onSurfacePlacement:263 com.android.server.wm.RootWindowContainer.performSurfacePlacementNoTrace:1083 com.android.server.wm.WindowSurfacePlacer.performSurfacePlacement:166
05-15 20:59:56.146  1977  2142 D SurfaceComposerClient: setCornerRadius ## Task=2394#179696 cornerRadius=0.000000
05-15 20:59:56.146  1632 24560 I HYPER-HAL: [RequestManager.cpp]releaseLocked(): Released ID : 2013050
05-15 20:59:56.146  1977  2142 D SurfaceComposerClient: setCornerRadius ## Task=2395#179710 cornerRadius=0.000000
05-15 20:59:56.147  1977  2142 D ScreenCapture: [Capture_TEST] : setIsScreenShotBySystem false
05-15 20:59:56.147  1977  2142 I SurfaceComposerClient: captureLayers:childrenOnly:1, sync:1
05-15 20:59:56.149  1808  1808 I SurfaceFlinger: [Transition Root: Task=2395#179714] attach to parent LayerHierarchy{RequestedLayerState{DefaultTaskDisplayArea_d0#172934 parentId=9} 12 children}
05-15 20:59:56.149 11062 11118 I SurfaceControlRegistry: hide, t=FinishTransaction_SyncId<14590> sc=Task=2394, caller=android.view.SurfaceControl$Transaction.hide:3583 com.android.wm.shell.transition.Transitions.dispatchReady:1263 com.android.wm.shell.transition.Transitions.onTransitionReady:251 com.android.wm.shell.transition.Transitions$TransitionPlayerImpl$$ExternalSyntheticLambda0.run:13 android.os.Handler.handleCallback:995 android.os.Handler.dispatchMessage:103
05-15 20:59:56.149 11062 11118 I SurfaceControlRegistry: show, t=StartTransaction_SyncId<14590> sc=Task=2395, caller=android.view.SurfaceControl$Transaction.show:3557 com.android.wm.shell.transition.Transitions.dispatchReady:1279 com.android.wm.shell.transition.Transitions.onTransitionReady:251 com.android.wm.shell.transition.Transitions$TransitionPlayerImpl$$ExternalSyntheticLambda0.run:13 android.os.Handler.handleCallback:995 android.os.Handler.dispatchMessage:103
05-15 20:59:56.149 11062 11118 I SurfaceControlRegistry: show, t=FinishTransaction_SyncId<14590> sc=Task=2395, caller=android.view.SurfaceControl$Transaction.show:3557 com.android.wm.shell.transition.Transitions.dispatchReady:1330 com.android.wm.shell.transition.Transitions.onTransitionReady:251 com.android.wm.shell.transition.Transitions$TransitionPlayerImpl$$ExternalSyntheticLambda0.run:13 android.os.Handler.handleCallback:995 android.os.Handler.dispatchMessage:103
05-15 20:59:56.149 11062 11118 I SurfaceControlRegistry: show, t=StartTransaction_SyncId<14590> sc=Transition Root: Task=2395, caller=android.view.SurfaceControl$Transaction.show:3557 com.android.wm.shell.transition.Transitions.playTransition:79 com.android.wm.shell.transition.Transitions.processReadyQueue:239 com.android.wm.shell.transition.Transitions.dispatchReady:1352 com.android.wm.shell.transition.Transitions.onTransitionReady:251 com.android.wm.shell.transition.Transitions$TransitionPlayerImpl$$ExternalSyntheticLambda0.run:13
05-15 20:59:56.161  1808  4802 I SurfaceFlinger: Capture layer list: 	 es.uniovi.recetasasturianas/es.uniovi.recetasasturianas.MainActivity$_24090#179705(seamlessTransition:0)
05-15 20:59:56.163  1808  1908 D RenderEngine: [SEC_SF_EFFECTS] drawLayersInternal,1483, Rendering layer ScreenCaptureFillLayer at index 0
05-15 20:59:56.163  1808  1908 D RenderEngine: [SEC_SF_EFFECTS] drawLayersInternal,1483, Rendering layer es.uniovi.recetasasturianas/es.uniovi.recetasasturianas.MainActivity$_24090#179705 at index 1
05-15 20:59:56.166  1977  6948 D InputTransport: Input channel constructed: '345cf55', fd=1049
05-15 20:59:56.166  1977  6948 D InputTransport: Input channel constructed: '345cf55', fd=1094
05-15 20:59:56.166  1977  6948 D InputTransport: Input channel constructed: '345cf55', fd=1111
05-15 20:59:56.166  1977  6948 D InputTransport: Input channel destroyed: '345cf55', fd=1094
05-15 20:59:56.167  1808  4802 I SurfaceFlinger: id=179715 createSurf, flag=84004, 345cf55 es.uniovi.recetasasturianas.test/androidx.test.core.app.InstrumentationActivityInvoker$EmptyActivity#179715
05-15 20:59:56.169  1977  6948 D InputTransport: Input channel destroyed: '345cf55', fd=1111
05-15 20:59:56.169 24267 24267 D InputTransport: Input channel constructed: '345cf55', fd=124
05-15 20:59:56.169 24267 24267 I InsetsController: onStateChanged: host=es.uniovi.recetasasturianas.test/androidx.test.core.app.InstrumentationActivityInvoker$EmptyActivity, from=android.view.ViewRootImpl.onInsetsStateChanged:3026, state=InsetsState: {mDisplayFrame=Rect(0, 0 - 1080, 2340), mDisplayCutout=DisplayCutout{insets=Rect(0, 99 - 0, 0) waterfall=Insets{left=0, top=0, right=0, bottom=0} boundingRect={Bounds=[Rect(0, 0 - 0, 0), Rect(505, 0 - 575, 99), Rect(0, 0 - 0, 0), Rect(0, 0 - 0, 0)]} cutoutPathParserInfo={CutoutPathParserInfo{displayWidth=1080 displayHeight=2340 physicalDisplayWidth=1080 physicalDisplayHeight=2340 density={3.0} cutoutSpec={M 0,0 M 0,29 a 35,35 0 1,0 0,70 a 35,35 0 1,0 0,-70 Z} rotation={0} scale={1.0} physicalPixelDisplaySizeRatio={1.0}}} sideOverrides={}}, mRoundedCorners=RoundedCorners{[RoundedCorner{position=TopLeft, radius=108, center=Point(108, 108)}, RoundedCorner{position=TopRight, radius=108, center=Point(972, 108)}, RoundedCorner{position=BottomRight, radius=108, center=Point(972, 2232)}, RoundedCorner{position=BottomLeft, radius=108, center=Point(108, 2232)}]}  mRoundedCornerFrame=Rect(0, 0 - 1080, 2340), mPrivacyIndicatorBounds=PrivacyIndicatorBounds {static bounds=Rect(948, 0 - 1080, 99) rotation=0}, mDisplayShape=DisplayShape{ spec=-311912193 displayWidth=1080 displayHeight=2340 physicalPixelDisplaySizeRatio=1.0 rotation=0 offsetX=0 offsetY=0 scale=1.0}, mSources= { InsetsSource: {b73a0001 mType=navigationBars mFrame=[0,0][0,0] mVisible=true mFlags=SUPPRESS_SCRIM mSideHint=NONE mBoundingRects=null}, InsetsSource: {b73a0004 mType=systemGestures mFrame=[0,0][90,2340] mVisible=true mFlags= mSideHint=LEFT mBoundingRects=null}, InsetsSource: {b73a0005 mType=mandatorySystemGestures mFrame=[0,2265][1080,2340] mVisible=true mFlags= mSideHint=BOTTOM mBoundingRects=null}, InsetsSource: {b73a0006 mType=tappableElement mFrame=[0,0][0,0] mVisible=true mFlags= mSideHint=NONE mBoundingRects=null}, InsetsSource: {b73a0024 mType=systemGestures mFrame=[990,0][1080,2340] mVisible=true mFlags= mSideHint=RIGHT mBoundingRects=null}, InsetsSource: {3 mType=ime mFrame=[0,0][0,0] mVisible=false mFlags= mSideHint=NONE mBoundingRects=null}, InsetsSource: {27 mType=displayCutout mFrame=[0,0][1080,99] mVisible=true mFlags= mSideHint=TOP mBoundingRects=null}, InsetsSource: {9260000 mType=statusBars mFrame=[0,0][1080,99] mVisible=true mFlags= mSideHint=TOP mBoundingRects=null}, InsetsSource: {9260005 mType=mandatorySystemGestures mFrame=[0,0][1080,135] mVisible=true mFlags= mSideHint=TOP mBoundingRects=null}, InsetsSource: {9260006 mType=tappableElement mFrame=[0,0][1080,99] mVisible=true mFlags= mSideHint=TOP mBoundingRects=null} }
05-15 20:59:56.170 24267 24267 I VRI[InstrumentationActivityInvoker$EmptyActivity]@ba73cab: synced displayState. AttachInfo displayState=2
05-15 20:59:56.170 11062 11118 D SurfaceComposerClient: [Task=2394#179696] setEdgeExtension Right
05-15 20:59:56.171 11062 11118 I SurfaceControlRegistry: apply, t=StartTransaction_SyncId<14590>, caller=android.view.SurfaceControl$Transaction.apply:3459 android.view.SurfaceControl$Transaction.apply:3447 android.view.SurfaceControl$Transaction.apply:3397 com.android.wm.shell.transition.DefaultTransitionHandler.startAnimation:3292 com.android.wm.shell.transition.Transitions.dispatchTransition:90 com.android.wm.shell.transition.Transitions.playTransition:774
05-15 20:59:56.172 24267 24267 I VRI[InstrumentationActivityInvoker$EmptyActivity]@ba73cab: setView = com.android.internal.policy.DecorView@44ea0c6 IsHRR=false mFlingFrameRateChange=0 TM=true
05-15 20:59:56.172 24267 24288 D HWUI    : HWUI - treat SMPTE_170M as sRGB
05-15 20:59:56.173  1808  1808 I SurfaceFlinger: RequestedLayer [ba5546f Splash Screen es.uniovi.recetasasturianas.test#179712] hidden!! flag  from(1) --> to(0)
05-15 20:59:56.173  1808  1808 I SurfaceFlinger: RequestedLayer [Splash Screen es.uniovi.recetasasturianas.test$_11062#179713] hidden!! flag  from(1) --> to(0)
05-15 20:59:56.173  1808  1808 I SurfaceFlinger: RequestedLayer [Task=2395#179710] hidden!! flag  from(1) --> to(0)
05-15 20:59:56.173  1808  1808 E SurfaceFlinger: alpha changed 1.000 -> 0.000 - Task=2395#179710
05-15 20:59:56.173  1808  2497 I SurfaceFlinger: id=179716 createSurf, flag=84000, f64a14c ActivityRecordInputSink es.uniovi.recetasasturianas.test/androidx.test.core.app.InstrumentationActivityInvoker$EmptyActivity#179716
05-15 20:59:56.173  1808  1808 I SurfaceFlinger: RequestedLayer [Transition Root: Task=2395#179714] hidden!! flag  from(1) --> to(0)
05-15 20:59:56.173  1808  1808 I SurfaceFlinger: RequestedLayer [ActivityRecord{121763498 u0 es.uniov[...]yInvoker$EmptyActivity t2395}#179711] hidden!! flag  from(1) --> to(0)
05-15 20:59:56.173  1808  1808 I SurfaceFlinger: [LayerHierarchy{RequestedLayerState{Task=2394#179696 parentId=179714 z=2} 1 children}] reparent to LayerHierarchy{RequestedLayerState{Transition Root: Task=2395#179714 parentId=172934 z=8} 1 children}
05-15 20:59:56.173  1808  1808 I SurfaceFlinger: [LayerHierarchy{RequestedLayerState{Task=2395#179710 parentId=179714 z=5} 1 children}] reparent to LayerHierarchy{RequestedLayerState{Transition Root: Task=2395#179714 parentId=172934 z=8} 2 children}
05-15 20:59:56.173  1808  1808 I SurfaceFlinger: [345cf55 es.uniovi.recetasasturianas.test/androidx.test.core.app.InstrumentationActivityInvoker$EmptyActivity#179715] attach to parent LayerHierarchy{RequestedLayerState{ActivityRecord{121763498 u0 es.uniovi.recetasasturianas.test/androidx.test.core.app.InstrumentationActivityInvoker$EmptyActivity t2395}#179711 parentId=179710} 2 children}
05-15 20:59:56.175  1977  2505 D AnalyticsContainerHandler: handleMessage : { when=0 what=1 target=com.android.server.knox.KnoxAnalyticsContainer$AnalyticsHandler }
05-15 20:59:56.175  1977  6943 I WindowManager: Relayout Window{345cf55 u0 es.uniovi.recetasasturianas.test/androidx.test.core.app.InstrumentationActivityInvoker$EmptyActivity}: viewVisibility=0 req=1080x2340 ty=1 d0
05-15 20:59:56.175  1977  2505 D AnalyticsContainerHandler: handleMessage : { when=0 what=2 target=com.android.server.knox.KnoxAnalyticsContainer$AnalyticsHandler }
05-15 20:59:56.176  1808  2497 I SurfaceFlinger: id=179717 createSurf, flag=44004, es.uniovi.recetasasturianas.test/androidx.test.core.app.InstrumentationActivityInvoker$EmptyActivity$_24267#179717
05-15 20:59:56.176 12633 21222 I Routine@Core[4.9.04.16]: ActivityWatcherListenerImpl: onResumeComponent: componentName - es.uniovi.recetasasturianas.test, androidx.test.core.app.InstrumentationActivityInvoker$EmptyActivity, userId: 0
05-15 20:59:56.176  4195  7787 I HoneySpace.RecentTasks: onRunningTaskAppeared
05-15 20:59:56.176  4195  7787 I HoneySpace.RecentTasks: onRecentTasksChanged
05-15 20:59:56.177  1977  6943 D SurfaceComposerClient: setCornerRadius ## ba5546f Splash Screen es.uniovi.recetasasturianas.test#179712 cornerRadius=0.000000
05-15 20:59:56.177  1977  6943 D SurfaceComposerClient: setCornerRadius ## 345cf55 es.uniovi.recetasasturianas.test/androidx.test.core.app.InstrumentationActivityInvoker$EmptyActivity#179715 cornerRadius=0.000000
05-15 20:59:56.177 12633 21222 I Routine@Core[4.9.04.16]: Pref: putSharedPrefsData: key=condition_launch_app_data_resume_pkg, data.size=102
05-15 20:59:56.178  1808  2497 I SurfaceFlinger: id=179718 createSurf, flag=24000, Surface(name=8f932e4 StatusBar)/@0xabc478a - animation-leash of insets_animation#179718
05-15 20:59:56.179  1808  2497 I SurfaceFlinger: id=179719 createSurf, flag=24000, Surface(name=7a9d783 NavigationBar0)/@0x10e1471 - animation-leash of insets_animation#179719
05-15 20:59:56.181  1977  6943 D SurfaceComposerClient: setCornerRadius ## ba5546f Splash Screen es.uniovi.recetasasturianas.test#179712 cornerRadius=0.000000
05-15 20:59:56.181  1977  6943 D SurfaceComposerClient: setCornerRadius ## 345cf55 es.uniovi.recetasasturianas.test/androidx.test.core.app.InstrumentationActivityInvoker$EmptyActivity#179715 cornerRadius=0.000000
05-15 20:59:56.181 11062 11062 D SamsungLightBarControlHelper: updateStatusBar (BLACK icon) numStacks:1, StatusBarMode:MODE_TRANSPARENT, lightBarBounds:[Rect(0, 0 - 1080, 2340)], StatusBarState:SHADE, packageName:, isWhiteKeyguardStatusBar:false
05-15 20:59:56.182 11062 11062 D SamsungLightBarControlHelper: onStatusBarAppearanceChanged() -  sbModeChanged:false, statusBarMode:0, barState:MODE_TRANSPARENT, isKeyguardShowing:false, navbarColorManagedByIme:false, (AppearanceRegion{LIGHT_STATUS_BARS bounds=[0,0][1080,2340]}, )
05-15 20:59:56.182 11062 11062 D NavigationBar: onSystemBarAttributesChanged() -  displayId:0, appearance:8, packageName: es.uniovi.recetasasturianas.test (APPEARANCE_LIGHT_STATUS_BARS ), navbarColorManagedByIme:false
05-15 20:59:56.182  1808  1897 I SurfaceFlinger: id=179720 createSurf, flag=24000, Surface(name=8f932e4 StatusBar)/@0xabc478a - animation-leash of insets_animation#179720
05-15 20:59:56.182  1808  1808 E SurfaceFlinger: alpha changed 0.000 -> 1.000 - Task=2395#179710
05-15 20:59:56.182  1808  1808 I SurfaceFlinger: RequestedLayer [345cf55 es.uniovi.recetasasturianas.[...]ActivityInvoker$EmptyActivity#179715] hidden!! flag  from(1) --> to(0)
05-15 20:59:56.183  1808  1808 I SurfaceFlinger: [f64a14c ActivityRecordInputSink es.uniovi.recetasasturianas.test/androidx.test.core.app.InstrumentationActivityInvoker$EmptyActivity#179716] attach to parent LayerHierarchy{RequestedLayerState{ActivityRecord{121763498 u0 es.uniovi.recetasasturianas.test/androidx.test.core.app.InstrumentationActivityInvoker$EmptyActivity t2395}#179711 parentId=179710} 3 children}
05-15 20:59:56.183  1808  1808 I SurfaceFlinger: [es.uniovi.recetasasturianas.test/androidx.test.core.app.InstrumentationActivityInvoker$EmptyActivity$_24267#179717] attach to parent LayerHierarchy{RequestedLayerState{345cf55 es.uniovi.recetasasturianas.test/androidx.test.core.app.InstrumentationActivityInvoker$EmptyActivity#179715 parentId=179711} 1 children}
05-15 20:59:56.183  1808  1808 I SurfaceFlinger: [Surface(name=8f932e4 StatusBar)/@0xabc478a - animation-leash of insets_animation#179718] attach to parent LayerHierarchy{RequestedLayerState{WindowToken{68a9b23 type=2000 android.os.BinderProxy@abe78dd}#172963 parentId=17} 2 children}
05-15 20:59:56.183  1808  1808 I SurfaceFlinger: [Surface(name=7a9d783 NavigationBar0)/@0x10e1471 - animation-leash of insets_animation#179719] attach to parent LayerHierarchy{RequestedLayerState{WindowToken{ec79b94 type=2019 android.os.BinderProxy@3619da6}#172956 parentId=34} 2 children}
05-15 20:59:56.183  1808  1808 I SurfaceFlinger: [Surface(name=8f932e4 StatusBar)/@0xabc478a - animation-leash of insets_animation#179720] attach to parent LayerHierarchy{RequestedLayerState{WindowToken{68a9b23 type=2000 android.os.BinderProxy@abe78dd}#172963 parentId=17} 3 children}
05-15 20:59:56.183  1808  1808 D SurfaceFlinger: GPIS:: requestGPISForClientComposition
05-15 20:59:56.183  1808  1897 I SurfaceFlinger: id=179721 createSurf, flag=24000, Surface(name=7a9d783 NavigationBar0)/@0x10e1471 - animation-leash of insets_animation#179721
05-15 20:59:56.185  1977  6943 I SystemKeyManager: requested systemKeyInfo size=1 focusedWindow=es.uniovi.recetasasturianas.test/androidx.test.core.app.InstrumentationActivityInvoker$EmptyActivity
05-15 20:59:56.185  1977  6943 I SystemKeyManager: requested systemKeyInfo size=1 focusedWindow=es.uniovi.recetasasturianas.test/androidx.test.core.app.InstrumentationActivityInvoker$EmptyActivity
05-15 20:59:56.185  1977  6943 I WindowManager: Relayout hash=345cf55, pid=24267, syncId=-1: mAttrs={(0,0)(fillxfill) sim={adjust=pan forwardNavigation} layoutInDisplayCutoutMode=always ty=BASE_APPLICATION
05-15 20:59:56.185  1977  6943 I WindowManager:   fl=81810100
05-15 20:59:56.185  1977  6943 I WindowManager:   pfl=100088c0
05-15 20:59:56.185  1977  6943 I WindowManager:   bhv=1
05-15 20:59:56.185  1977  6943 I WindowManager:   fitSides=0
05-15 20:59:56.185  1977  6943 I WindowManager:   frameRateBoostOnTouch=true
05-15 20:59:56.185  1977  6943 I WindowManager:   dvrrWindowFrameRateHint=true naviIconColor=0}
05-15 20:59:56.186 11062 11118 I SurfaceControlRegistry: apply, t=FinishTransaction_SyncId<14590>, caller=android.view.SurfaceControl$Transaction.apply:3459 android.view.SurfaceControl$Transaction.apply:3447 android.view.SurfaceControl$Transaction.apply:3397 com.android.wm.shell.transition.Transitions.onFinish:315 com.android.wm.shell.transition.Transitions$$ExternalSyntheticLambda7.onTransitionFinished:12 com.android.wm.shell.transition.DefaultTransitionHandler$$ExternalSyntheticLambda6.run:36
05-15 20:59:56.186 24267 24267 W libc    : Access denied finding property "vendor.display.enable_optimal_refresh_rate"
05-15 20:59:56.187 24267 24267 I BufferQueueProducer: [](id:5ecb00000009,api:0,p:1221850672,c:24267) setDequeueTimeout:2077252342
05-15 20:59:56.187 24267 24267 I BLASTBufferQueue_Java: new BLASTBufferQueue, mName= VRI[InstrumentationActivityInvoker$EmptyActivity]@ba73cab mNativeObject= 0xb400007e28db39e0 caller= android.view.ViewRootImpl.updateBlastSurfaceIfNeeded:3585 android.view.ViewRootImpl.relayoutWindow:11685 android.view.ViewRootImpl.performTraversals:4804 android.view.ViewRootImpl.doTraversal:3924 android.view.ViewRootImpl$TraversalRunnable.run:12903 android.view.Choreographer$CallbackRecord.run:1901 android.view.Choreographer$CallbackRecord.run:1910 android.view.Choreographer.doCallbacks:1367 android.view.Choreographer.doFrame:1292 android.view.Choreographer$FrameDisplayEventReceiver.run:1870
05-15 20:59:56.187 24267 24267 I BLASTBufferQueue_Java: update, w= 1080 h= 2340 mName = VRI[InstrumentationActivityInvoker$EmptyActivity]@ba73cab mNativeObject= 0xb400007e28db39e0 sc.mNativeObject= 0xb400007ea8d21a10 format= -1 caller= android.view.ViewRootImpl.updateBlastSurfaceIfNeeded:3590 android.view.ViewRootImpl.relayoutWindow:11685 android.view.ViewRootImpl.performTraversals:4804 android.view.ViewRootImpl.doTraversal:3924 android.view.ViewRootImpl$TraversalRunnable.run:12903 android.view.Choreographer$CallbackRecord.run:1901
05-15 20:59:56.188 24267 24267 W libc    : Access denied finding property "vendor.display.enable_optimal_refresh_rate"
05-15 20:59:56.188 24267 24267 I VRI[InstrumentationActivityInvoker$EmptyActivity]@ba73cab: Relayout returned: old=(0,0,1080,2340) new=(0,0,1080,2340) relayoutAsync=false req=(1080,2340)0 dur=12 res=0x3 s={true 0xb400007de8d4df40} ch=true seqId=0
05-15 20:59:56.188 24267 24267 I VRI[InstrumentationActivityInvoker$EmptyActivity]@ba73cab: performConfigurationChange setNightDimText nightDimLevel=0
05-15 20:59:56.188 24267 24267 D VRI[InstrumentationActivityInvoker$EmptyActivity]@ba73cab: mThreadedRenderer.initialize() mSurface={isValid=true 0xb400007de8d4df40} hwInitialized=true
05-15 20:59:56.189  1977  3573 D PersonaActivityHelper: token.toString()  Token{7e08638 ActivityRecord{121763498 u0 es.uniovi.recetasasturianas.test/androidx.test.core.app.InstrumentationActivityInvoker$EmptyActivity t2395}}
05-15 20:59:56.189  1977  3573 D PersonaActivityHelper: mLastResumedSFActivity getPackageName  com.android.settings
05-15 20:59:56.189  1977  3573 D PersonaActivityHelper: mLastResumedSFActivity getShortClassName  .fuelgauge.RequestIgnoreBatteryOptimizations
05-15 20:59:56.189 24267 24267 D VRI[InstrumentationActivityInvoker$EmptyActivity]@ba73cab: reportNextDraw android.view.ViewRootImpl.performTraversals:5443 android.view.ViewRootImpl.doTraversal:3924 android.view.ViewRootImpl$TraversalRunnable.run:12903 android.view.Choreographer$CallbackRecord.run:1901 android.view.Choreographer$CallbackRecord.run:1910
05-15 20:59:56.189 24267 24267 D VRI[InstrumentationActivityInvoker$EmptyActivity]@ba73cab: Setup new sync=wmsSync-VRI[InstrumentationActivityInvoker$EmptyActivity]@ba73cab#18
05-15 20:59:56.189 24267 24267 I VRI[InstrumentationActivityInvoker$EmptyActivity]@ba73cab: Creating new active sync group VRI[InstrumentationActivityInvoker$EmptyActivity]@ba73cab#19
05-15 20:59:56.189  1977  3573 D PersonaActivityHelper: token.toString()  Token{3dfac64 ActivityRecord{240184822 u0 es.uniovi.recetasasturianas/.MainActivity t2394 f}}}
05-15 20:59:56.189  1977  3573 D PersonaActivityHelper: mLastResumedSFActivity getPackageName  com.android.settings
05-15 20:59:56.189  1977  3573 D PersonaActivityHelper: mLastResumedSFActivity getShortClassName  .fuelgauge.RequestIgnoreBatteryOptimizations
05-15 20:59:56.189 11062 11062 D QSClock : onDarkChanged tint=DARK
05-15 20:59:56.189 24090 24090 I VRI[MainActivity]@43a9cd5: handleAppVisibility mAppVisible = true visible = false
05-15 20:59:56.189 24090 24090 D VRI[MainActivity]@43a9cd5: visibilityChanged oldVisibility=true newVisibility=false
05-15 20:59:56.191 24267 24267 D VRI[InstrumentationActivityInvoker$EmptyActivity]@ba73cab: registerCallbacksForSync syncBuffer=false
05-15 20:59:56.191 24267 24293 D VRI[InstrumentationActivityInvoker$EmptyActivity]@ba73cab: Received frameDrawingCallback syncResult=0 frameNum=1.
05-15 20:59:56.191  1808  1808 D SurfaceFlinger: Display 4630947232161729154 HWC layers:
05-15 20:59:56.191  1808  1808 D SurfaceFlinger:        CLIENT |          103465762160676 | 00002102 | RGBA_8888    |  360.0    0.0 1080.0 2340.0 |    0    0 1080 2340 | es.uniovi.recetasasturianas/es.uniov[...]sturianas.MainActivity$_24090#179705 (24)
05-15 20:59:56.191  1808  1808 D SurfaceFlinger:        DEVICE |           47510928231594 | 00002100 | RGBA_8888    |    0.0    0.0 1080.0 2340.0 |    0    0 1080 2340 | Splash Screen es.uniovi.recetasasturianas.test$_11062#179713 (1)
05-15 20:59:56.191  1808  1808 D SurfaceFlinger:        DEVICE |           47510928230650 | 00002100 | RGBA_8888    |    0.0    0.0 1080.0   99.0 |    0    0 1080   99 | StatusBar$_11062#172976 (4149)
05-15 20:59:56.191  1808  1808 D SurfaceFlinger:        DEVICE |           47510928230649 | 00002100 | RGBA_8888    |    0.0    0.0 1080.0  144.0 |    0 2196 1080 2340 | NavigationBar0$_11062#172972 (359)
05-15 20:59:56.191  1808  1808 D SurfaceFlinger:        DEVICE |           27157078223661 | 00002100 | RGBA_8888    |    0.0   13.0  290.0  158.0 |  395    0  685  145 | $_6323#154529 (967)
05-15 20:59:56.191  1808  1808 D SurfaceFlinger:        DEVICE |           27157078223656 | 00002100 | RGBA_8888    |    0.0    0.0 1080.0  115.0 |    0    0 1080  115 | $_6323#177506 (652)
05-15 20:59:56.191  1808  1808 D SurfaceFlinger:
05-15 20:59:56.191  1808  1808 D SurfaceFlinger:     DEVICE |           47510928230638 | 00002140 | RGBA_8888    |    0.0    0.0 1080.0  121.0 |    0    0 1080  121 | ScreenDecorOverlay$_11062#172986 (67)
05-15 20:59:56.191  1808  1808 D SurfaceFlinger:        DEVICE |           47510928230639 | 00002140 | RGBA_8888    |    0.0    0.0 1080.0  121.0 |    0 2219 1080 2340 | ScreenDecorOverlayBottom$_11062#172987 (60)
05-15 20:59:56.191  1808  1808 D SurfaceFlinger:
05-15 20:59:56.191 24267 24293 I VRI[InstrumentationActivityInvoker$EmptyActivity]@ba73cab: mWNT: t=0xb400007df8d53cd0 mBlastBufferQueue=0xb400007e28db39e0 fn= 1 HdrRenderState mRenderHdrSdrRatio=1.0 caller= android.view.ViewRootImpl$12.onFrameDraw:15441 android.view.ThreadedRenderer$1.onFrameDraw:718 <bottom of call stack>
05-15 20:59:56.191 24267 24293 I VRI[InstrumentationActivityInvoker$EmptyActivity]@ba73cab: Setting up sync and frameCommitCallback
05-15 20:59:56.192 11062 11062 D NavigationBar: onSystemBarAttributesChanged() -  displayId:0, appearance:0, packageName: es.uniovi.recetasasturianas.test, navbarColorManagedByIme:false
05-15 20:59:56.193  1808  1808 I SurfaceFlinger: RequestedLayer [Task=2394#179696] hidden!! flag  from(0) --> to(1)
05-15 20:59:56.193 24267 24288 I BLASTBufferQueue: [VRI[InstrumentationActivityInvoker$EmptyActivity]@ba73cab#9](f:0,a:0,s:0) onFrameAvailable the first frame is available
05-15 20:59:56.193  1808  1808 I SurfaceFlinger: [Display 0 name="Built-in Screen"#172933] setFrameRateCategory: Default
05-15 20:59:56.193 24267 24288 I SurfaceComposerClient: apply transaction with the first frame. layerId: 179717, bufferData(ID: 104225971372068, frameNumber: 1)
05-15 20:59:56.193  1808  1808 I SurfaceFlinger: RequestedLayer [es.uniovi.recetasasturianas/es.uniov[...]sturianas.MainActivity$_24090#179705] hidden!! flag  from(0) --> to(1)
05-15 20:59:56.193  1808  1808 I SurfaceFlinger: RequestedLayer [ActivityRecord{240184822 u0 es.uniov[...]turianas/.MainActivity t2394}#179697] hidden!! flag  from(0) --> to(1)
05-15 20:59:56.193 24267 24288 I VRI[InstrumentationActivityInvoker$EmptyActivity]@ba73cab: Received frameCommittedCallback lastAttemptedDrawFrameNum=1 didProduceBuffer=true
05-15 20:59:56.193  1808  1808 I SurfaceFlinger: [LayerHierarchy{RequestedLayerState{Surface(name=7a9d783 NavigationBar0)/@0x10e1471 - animation-leash of insets_animation#179707} 1 children}] reparent to OffscreenRoot
05-15 20:59:56.193  1808  1808 I SurfaceFlinger: [LayerHierarchy{RequestedLayerState{Surface(name=7a9d783 NavigationBar0)/@0x10e1471 - animation-leash of insets_animation#179707} 1 children}] RelativeParent to null
05-15 20:59:56.193  1808  1808 I SurfaceFlinger: [LayerHierarchy{RequestedLayerState{Task=2394#179696 parentId=172934 z=7} 1 children}] reparent to LayerHierarchy{RequestedLayerState{DefaultTaskDisplayArea_d0#172934 parentId=9} 11 children}
05-15 20:59:56.193  1808  1808 I SurfaceFlinger: [LayerHierarchy{RequestedLayerState{7a9d783 NavigationBar0#172957 parentId=179721} 1 children}] reparent to LayerHierarchy{RequestedLayerState{Surface(name=7a9d783 NavigationBar0)/@0x10e1471 - animation-leash of insets_animation#179721 parentId=172956} 1 children}
05-15 20:59:56.193  1808  1808 I SurfaceFlinger: [LayerHierarchy{RequestedLayerState{8f932e4 StatusBar#172964 parentId=179720} 1 children}] reparent to LayerHierarchy{RequestedLayerState{Surface(name=8f932e4 StatusBar)/@0xabc478a - animation-leash of insets_animation#179720 parentId=172963} 1 children}
05-15 20:59:56.193  1808  1808 I SurfaceFlinger: [LayerHierarchy{RequestedLayerState{Surface(name=8f932e4 StatusBar)/@0xabc478a - animation-leash of insets_animation#179706} no children}] reparent to OffscreenRoot
05-15 20:59:56.193  1808  1808 I SurfaceFlinger: [LayerHierarchy{RequestedLayerState{Surface(name=8f932e4 StatusBar)/@0xabc478a - animation-leash of insets_animation#179706} no children}] RelativeParent to null
05-15 20:59:56.193  1808  1808 I SurfaceFlinger: [LayerHierarchy{RequestedLayerState{Task=2395#179710 parentId=172934 z=8} 1 children}] reparent to LayerHierarchy{RequestedLayerState{DefaultTaskDisplayArea_d0#172934 parentId=9} 12 children}
05-15 20:59:56.193  1808  1808 I SurfaceFlinger: [LayerHierarchy{RequestedLayerState{Transition Root: Task=2395#179714 z=8} no children}] reparent to OffscreenRoot
05-15 20:59:56.193  1808  2497 I SurfaceFlinger: [es.uniovi.recetasasturianas.test/androidx.test.core.app.InstrumentationActivityInvoker$EmptyActivity$_24267#179717] setTransactionState with the first frame. bufferData(ID: 104225971372068, frameNumber: 1)
05-15 20:59:56.193  1808  1808 I SurfaceFlinger: [LayerHierarchy{RequestedLayerState{Transition Root: Task=2395#179714 z=8} no children}] RelativeParent to null
05-15 20:59:56.193  1808  1808 I SurfaceFlinger: [LayerHierarchy{RequestedLayerState{Surface(name=8f932e4 StatusBar)/@0xabc478a - animation-leash of insets_animation#179718} no children}] reparent to OffscreenRoot
05-15 20:59:56.193  1808  1808 I SurfaceFlinger: [LayerHierarchy{RequestedLayerState{Surface(name=8f932e4 StatusBar)/@0xabc478a - animation-leash of insets_animation#179718} no children}] RelativeParent to null
05-15 20:59:56.193  1808  1808 I SurfaceFlinger: [LayerHierarchy{RequestedLayerState{Surface(name=7a9d783 NavigationBar0)/@0x10e1471 - animation-leash of insets_animation#179719} no children}] reparent to OffscreenRoot
05-15 20:59:56.193  1808  1808 I SurfaceFlinger: [LayerHierarchy{RequestedLayerState{Surface(name=7a9d783 NavigationBar0)/@0x10e1471 - animation-leash of insets_animation#179719} no children}] RelativeParent to null
05-15 20:59:56.193 24267 24288 D HWUI    : CFMS:: SetUp Pid : 24267    Tid : 24288
05-15 20:59:56.193  1808  1808 I SurfaceFlinger: [Surface(name=7a9d783 NavigationBar0)/@0x10e1471 - animation-leash of insets_animation#179721] attach to parent LayerHierarchy{RequestedLayerState{WindowToken{ec79b94 type=2019 android.os.BinderProxy@3619da6}#172956 parentId=34} 1 children}
05-15 20:59:56.194 24267 24267 D VRI[InstrumentationActivityInvoker$EmptyActivity]@ba73cab: reportDrawFinished seqId=0
05-15 20:59:56.195 11062 11118 D ShellDesktopMode: handleRequest: TransitionRequestInfo {type=2, tid=2395, debugId=14591}
05-15 20:59:56.197  1808  1808 I SurfaceFlinger: id=179714 Removed Transition Root: Task=2395#179714 (177)
05-15 20:59:56.197  1808  1808 E RefreshRateSelector: Can't find HRR max refresh rate by policy with the same group 1080
05-15 20:59:56.198  1808  1897 I SurfaceFlinger: id=179718 Removed Surface(name=8f932e4 StatusBar)/@0xabc478a - animation-leash of insets_animation#179718 (177)
05-15 20:59:56.198  1808  1897 I SurfaceFlinger: id=179719 Removed Surface(name=7a9d783 NavigationBar0)/@0x10e1471 - animation-leash of insets_animation#179719 (177)
05-15 20:59:56.198  1977  6941 I SemDvfsHyPerManager: acquire hyper - AMS_APP_HOME/1977@29, type = -999
05-15 20:59:56.199  1632  1829 I HYPER-HAL: [RequestManager.cpp]acquire(): Acquired ID : 2013050  [1977 / 29]    HINT : AMS_APP_HOME    list :
05-15 20:59:56.199  5896  5896 I SemDvfsHyPerManager: acquire hyper - APP_START_HOME/5896@16, type = -999
05-15 20:59:56.200  1808  1808 D SurfaceFlinger: Display 4630947232161729154 HWC layers:
05-15 20:59:56.200  1808  1808 D SurfaceFlinger:        DEVICE |           47510928231594 | 00002100 | RGBA_8888    |    0.0    0.0 1080.0 2340.0 |    0    0 1080 2340 | Splash Screen es.uniovi.recetasasturianas.test$_11062#179713 (1)
05-15 20:59:56.200  1808  1808 D SurfaceFlinger:        DEVICE |           47510928230650 | 00002100 | RGBA_8888    |    0.0    0.0 1080.0   99.0 |    0    0 1080   99 | StatusBar$_11062#172976 (4149)
05-15 20:59:56.200  1808  1808 D SurfaceFlinger:        DEVICE |           47510928230649 | 00002100 | RGBA_8888    |    0.0    0.0 1080.0  144.0 |    0 2196 1080 2340 | NavigationBar0$_11062#172972 (359)
05-15 20:59:56.200  1808  1808 D SurfaceFlinger:        DEVICE |           27157078223661 | 00002100 | RGBA_8888    |    0.0   13.0  290.0  158.0 |  395    0  685  145 | $_6323#154529 (967)
05-15 20:59:56.200  1808  1808 D SurfaceFlinger:        DEVICE |           27157078223656 | 00002100 | RGBA_8888    |    0.0    0.0 1080.0  115.0 |    0    0 1080  115 | $_6323#177506 (652)
05-15 20:59:56.200  1808  1808 D SurfaceFlinger:        DEVICE |           47510928230638 | 00002140 | RGBA_8888    |    0.0    0.0 1080.0  121.0 |    0    0 1080  121 | ScreenDecorOverlay$_11062#172986 (67)
05-15 20:59:56.200  1808  1808 D SurfaceFlinger:        DEVICE |           47510928230639 | 00002
05-15 20:59:56.200  1808  1808 D SurfaceFlinger: 140 | RGBA_8888    |    0.0    0.0 1080.0  121.0 |    0 2219 1080 2340 | ScreenDecorOverlayBottom$_11062#172987 (60)
05-15 20:59:56.200  1808  1808 D SurfaceFlinger:
05-15 20:59:56.201  1808  1951 D SurfaceFlinger: [input] setFocusedWindow: 345cf55 es.uniovi.recetasasturianas.test/androidx.test.core.app.InstrumentationActivityInvoker$EmptyActivity
05-15 20:59:56.201  1808  1808 I SurfaceFlinger: [Display 0 name="Built-in Screen"#172933] setFrameRateCategory: High
05-15 20:59:56.201  1808  1808 I SurfaceFlinger: destroyed Transition Root: Task=2395#179714 form LifecycleManager
05-15 20:59:56.201  1808  1808 I SurfaceFlinger: destroyed Surface(name=8f932e4 StatusBar)/@0xabc478a - animation-leash of insets_animation#179718 form LifecycleManager
05-15 20:59:56.201  1808  1808 I SurfaceFlinger: destroyed Surface(name=7a9d783 NavigationBar0)/@0x10e1471 - animation-leash of insets_animation#179719 form LifecycleManager
05-15 20:59:56.201  1808  1808 I SurfaceFlinger: id=179714 onLayerDestroyed from LayerHierarchyBuilder(RequestedLayerState{Transition Root: Task=2395#179714 !handle z=8})
05-15 20:59:56.201  1808  1808 I SurfaceFlinger: id=179718 onLayerDestroyed from LayerHierarchyBuilder(RequestedLayerState{Surface(name=8f932e4 StatusBar)/@0xabc478a - animation-leash of insets_animation#179718 !handle})
05-15 20:59:56.201  1808  1808 I SurfaceFlinger: id=179719 onLayerDestroyed from LayerHierarchyBuilder(RequestedLayerState{Surface(name=7a9d783 NavigationBar0)/@0x10e1471 - animation-leash of insets_animation#179719 !handle})
05-15 20:59:56.201  1632  1829 I HYPER-HAL: [ResourceManager.cpp]updateResource(): [CPUMinFreq] UpdateResource Request ID : 2013050    Value : 2841600
05-15 20:59:56.201  1632  1829 I HYPER-HAL: [RequestManager.cpp]acquire(): Acquired ID : 17478844  [5896 / 16]    HINT : APP_START    list : [KERNEL_APP_START_NOTIFY / 0] [TIMEOUT / 1500]
05-15 20:59:56.201  1808  1808 I Layer   : id=179714 Destroyed Transition Root: Task=2395#179714
05-15 20:59:56.201  1632  1829 I HYPER-HAL: [ResourceManager.cpp]updateResource(): [CPUMaxFreq] UpdateResource Request ID : 17478844    Value : 2841600
05-15 20:59:56.201  1808  1808 I Layer   : id=179718 Destroyed Surface(name=8f932e4 StatusBar)/@0xabc478a - animation-leash of insets_animation#179718
05-15 20:59:56.201  1808  1808 I Layer   : id=179719 Destroyed Surface(name=7a9d783 NavigationBar0)/@0x10e1471 - animation-leash of insets_animation#179719
05-15 20:59:56.202  1808  1808 I BpBinder: onLastStrongRef automatically unlinking death recipients:
05-15 20:59:56.206  1977  4779 D InputDispatcher: Once focus requested (0): 345cf55 es.uniovi.recetasasturianas.test/androidx.test.core.app.InstrumentationActivityInvoker$EmptyActivity
05-15 20:59:56.206  1977  4779 D InputDispatcher: Focus request (0): 345cf55 es.uniovi.recetasasturianas.test/androidx.test.core.app.InstrumentationActivityInvoker$EmptyActivity but waiting because NOT_VISIBLE
05-15 20:59:56.207 20661 20661 I VRI[HomeActivity]@27ecfc4: handleAppVisibility mAppVisible = false visible = true
05-15 20:59:56.207 24090 24155 D HWUI    : CacheManager::trimMemory(20)
05-15 20:59:56.207  1977  6941 D InputDispatcher: Focused application(0): ActivityRecord{148716444 u0 bitpit.launcher/.ui.HomeActivity t1351}
05-15 20:59:56.208  1977  3186 D AS.MultiSoundManager: mForegroundUid = 10578
05-15 20:59:56.208  1808  1897 I SurfaceFlinger: id=179722 createSurf, flag=24000, Surface(name=8f932e4 StatusBar)/@0xabc478a - animation-leash of insets_animation#179722
05-15 20:59:56.210  1808  2497 I SurfaceFlinger: id=179723 createSurf, flag=24000, Surface(name=7a9d783 NavigationBar0)/@0x10e1471 - animation-leash of insets_animation#179723
05-15 20:59:56.212 11062 11062 D NavigationBar: onSystemBarAttributesChanged() -  displayId:0, appearance:8, packageName: es.uniovi.recetasasturianas.test (APPEARANCE_LIGHT_STATUS_BARS ), navbarColorManagedByIme:false
05-15 20:59:56.214  1808  1808 I SurfaceFlinger: [Surface(name=8f932e4 StatusBar)/@0xabc478a - animation-leash of insets_animation#179722] attach to parent LayerHierarchy{RequestedLayerState{WindowToken{68a9b23 type=2000 android.os.BinderProxy@abe78dd}#172963 parentId=17} 2 children}
05-15 20:59:56.214  1808  1808 I SurfaceFlinger: [Surface(name=7a9d783 NavigationBar0)/@0x10e1471 - animation-leash of insets_animation#179723] attach to parent LayerHierarchy{RequestedLayerState{WindowToken{ec79b94 type=2019 android.os.BinderProxy@3619da6}#172956 parentId=34} 2 children}
05-15 20:59:56.214  1977  6941 D SurfaceComposerClient: setCornerRadius ## c5a06c0 bitpit.launcher/bitpit.launcher.ui.HomeActivity#155257 cornerRadius=0.000000
05-15 20:59:56.214  1977  6941 I SemDvfsHyPerManager: acquire hyper - AMS_RESUME_TAIL/1977@22, type = -999
05-15 20:59:56.215  1977  6941 I SemDvfsHyPerManager: acquire hyper - AMS_ACT_LAZY/1977@23, type = -999
05-15 20:59:56.215  1632  1829 I HYPER-HAL: [RequestManager.cpp]acquire(): Acquired ID : 1999022  [1977 / 22]    HINT : AMS_RESUME_TAIL    list :
05-15 20:59:56.216 20661 20661 I VRI[HomeActivity]@27ecfc4: stopped(false) old = true
05-15 20:59:56.216 20661 20661 D VRI[HomeActivity]@27ecfc4: WindowStopped on bitpit.launcher/bitpit.launcher.ui.HomeActivity set to false
05-15 20:59:56.216 20661 20661 D ViewRootImpl: Skipping stats log for color mode
05-15 20:59:56.217  1632  1829 I HYPER-HAL: [ResourceManager.cpp]updateResource(): [CPUMinFreq] UpdateResource Request ID : 1999022    Value : 1785600
05-15 20:59:56.217  1632  1829 I HYPER-HAL: [RequestManager.cpp]acquire(): Acquired ID : 2001023  [1977 / 23]    HINT : AMS_ACT_LAZY    list :
05-15 20:59:56.217  1632  1829 I HYPER-HAL: [ResourceManager.cpp]removeResource(): [CPULittleMinFreq] RemoveResource Request ID : 2011043
05-15 20:59:56.219  1977  6948 I AppWidgetServiceImpl: lookupOrAddHostLocked = HostId{user:0, app:10578, hostId:4354, pkg:bitpit.launcher}
05-15 20:59:56.219  1977  6948 I AppWidgetServiceImpl: startListening callbacks : com.android.internal.appwidget.IAppWidgetHost$Stub$Proxy@268a5c3 intervalEnsure:741453778 intervalHostLock:741453778 LhostId:HostId{user:0, app:10578, hostId:4354, pkg:bitpit.launcher}
05-15 20:59:56.219  1977  2128 I PkgPredictorService-SecIpmManagerServiceImpl: reportToNAP uid:10626 es.uniovi.recetasasturianas.test/androidx.test.core.app.InstrumentationActivityInvoker$EmptyActivity thisTime:115
05-15 20:59:56.219  1977  2128 D PkgPredictorService-SecIpmManagerServiceImpl: reportToNAP: mHeavyLaunchCounter is false
05-15 20:59:56.220  1977  4221 D PkgPredictorService-SecIpmManagerServiceImpl: ACTION_FOREGROUND_FINISH_EVENT sCurForegroundApp :es.uniovi.recetasasturianas.test
05-15 20:59:56.221  1977  4779 I WindowManager: Relayout Window{4454fea u0 es.uniovi.recetasasturianas/es.uniovi.recetasasturianas.MainActivity}: viewVisibility=8 req=1080x2340 ty=1 d0
05-15 20:59:56.221  1977  4779 D SurfaceComposerClient: setCornerRadius ## c5a06c0 bitpit.launcher/bitpit.launcher.ui.HomeActivity#155257 cornerRadius=0.000000
05-15 20:59:56.222  4195  7787 I HoneySpace.RecentTasks: onRecentTasksChanged
05-15 20:59:56.222  4195  4401 I HoneySpace.TopTaskSource: onTaskMovedToFront : taskId = 1351, displayId = 0
05-15 20:59:56.222  1808  1808 I SurfaceFlinger: RequestedLayer [es.uniovi.recetasasturianas.test/and[...]yInvoker$EmptyActivity$_24267#179717] hidden!! flag  from(1) --> to(0)
05-15 20:59:56.222  1808  1808 I SurfaceFlinger: [LayerHierarchy{RequestedLayerState{7a9d783 NavigationBar0#172957 parentId=179723} 1 children}] reparent to LayerHierarchy{RequestedLayerState{Surface(name=7a9d783 NavigationBar0)/@0x10e1471 - animation-leash of insets_animation#179723 parentId=172956} 1 children}
05-15 20:59:56.222  1808  1808 I SurfaceFlinger: [LayerHierarchy{RequestedLayerState{8f932e4 StatusBar#172964 parentId=179722} 1 children}] reparent to LayerHierarchy{RequestedLayerState{Surface(name=8f932e4 StatusBar)/@0xabc478a - animation-leash of insets_animation#179722 parentId=172963} 1 children}
05-15 20:59:56.222  1808  1808 I SurfaceFlinger: [LayerHierarchy{RequestedLayerState{Surface(name=7a9d783 NavigationBar0)/@0x10e1471 - animation-leash of insets_animation#179721} no children}] reparent to OffscreenRoot
05-15 20:59:56.222  1808  1808 I SurfaceFlinger: [LayerHierarchy{RequestedLayerState{Surface(name=7a9d783 NavigationBar0)/@0x10e1471 - animation-leash of insets_animation#179721} no children}] RelativeParent to null
05-15 20:59:56.222  1808  1808 I SurfaceFlinger: [LayerHierarchy{RequestedLayerState{Surface(name=8f932e4 StatusBar)/@0xabc478a - animation-leash of insets_animation#179720} no children}] reparent to OffscreenRoot
05-15 20:59:56.222  1808  1808 I SurfaceFlinger: [LayerHierarchy{RequestedLayerState{Surface(name=8f932e4 StatusBar)/@0xabc478a - animation-leash of insets_animation#179720} no children}] RelativeParent to null
05-15 20:59:56.223  4195  4403 I HoneySpace.TopTaskUseCase: topTasks 1351 ComponentInfo{bitpit.launcher/bitpit.launcher.ui.HomeActivity}[displayId=0]
05-15 20:59:56.225  1808  1897 I SurfaceFlinger: id=179720 Removed Surface(name=8f932e4 StatusBar)/@0xabc478a - animation-leash of insets_animation#179720 (176)
05-15 20:59:56.225  1808  1897 I SurfaceFlinger: id=179721 Removed Surface(name=7a9d783 NavigationBar0)/@0x10e1471 - animation-leash of insets_animation#179721 (176)
05-15 20:59:56.225  1808  1808 D SurfaceFlinger: Display 4630947232161729154 HWC layers:
05-15 20:59:56.225  1808  1808 D SurfaceFlinger:        DEVICE |          104225971372068 | 00002102 | RGBA_8888    |    0.0    0.0 1080.0 2340.0 |    0    0 1080 2340 | es.uniovi.recetasasturianas.test/and[...]yInvoker$EmptyActivity$_24267#179717 (1)
05-15 20:59:56.225  1808  1808 D SurfaceFlinger:        DEVICE |           47510928231594 | 00002100 | RGBA_8888    |    0.0    0.0 1080.0 2340.0 |    0    0 1080 2340 | Splash Screen es.uniovi.recetasasturianas.test$_11062#179713 (1)
05-15 20:59:56.225  1808  1808 D SurfaceFlinger:        DEVICE |           47510928230647 | 00002100 | RGBA_8888    |    0.0    0.0 1080.0   99.0 |    0    0 1080   99 | StatusBar$_11062#172976 (4150)
05-15 20:59:56.225  1808  1808 D SurfaceFlinger:        DEVICE |           47510928230649 | 00002100 | RGBA_8888    |    0.0    0.0 1080.0  144.0 |    0 2196 1080 2340 | NavigationBar0$_11062#172972 (359)
05-15 20:59:56.225  1808  1808 D SurfaceFlinger:        DEVICE |           27157078223661 | 00002100 | RGBA_8888    |    0.0   13.0  290.0  158.0 |  395    0  685  145 | $_6323#154529 (967)
05-15 20:59:56.225  1808  1808 D SurfaceFlinger:        DEVICE |           27157078223656 | 00002100 | RGBA_8888    |    0.0    0.0 1080.0  115.0 |    0    0 1080  115 | $_6323#177506 (652)
05-15 20:59:56.225  1808  1808 D SurfaceFlinger:
05-15 20:59:56.225  1808  1808 D SurfaceFlinger:    DEVICE |           47510928230638 | 00002140 | RGBA_8888    |    0.0    0.0 1080.0  121.0 |    0    0 1080  121 | ScreenDecorOverlay$_11062#172986 (67)
05-15 20:59:56.225  1808  1808 D SurfaceFlinger:        DEVICE |           47510928230639 | 00002140 | RGBA_8888    |    0.0    0.0 1080.0  121.0 |    0 2219 1080 2340 | ScreenDecorOverlayBottom$_11062#172987 (60)
05-15 20:59:56.225  1808  1808 D SurfaceFlinger:
05-15 20:59:56.226 12633 21222 I Routine@Core[4.9.04.16]: ActivityWatcherListenerImpl: onPauseComponent: componentName - es.uniovi.recetasasturianas.test, userId: 0
05-15 20:59:56.227 12633 21222 I Routine@Core[4.9.04.16]: Pref: removeSharedPrefsData() key=condition_launch_app_data_resume_pkg
