05-15 20:59:50.667  1977  8796 I WindowManager: Relayout Window{45c91bb u0 Splash Screen es.uniovi.recetasasturianas}: viewVisibility=0 req=1080x2340 ty=3 d0
05-15 20:59:50.667 12633 17431 I Routine@Core[4.9.04.16]: ModeListHolder: update: size(1) updated(2026/05/15 20:59:50) [ModeMeta(id=1, uuid=100, iconResourceId=2131231140, iconStatusResourceId=2131231637, displayName=Sleep, isRunning=false, runningReason=, runningReasonCondition=, isSet=true, isDeleted=false, detailRunningReason=null, order=999, toggleTime=1778816639015)]
05-15 20:59:50.667  1808  1897 I SurfaceFlinger: id=179532 createSurf, flag=44004, Splash Screen es.uniovi.recetasasturianas$_11062#179532
05-15 20:59:50.667 20661 20727 I VRI[HomeActivity]@27ecfc4: mWNT: t=0xb400007df8d8ff50 mBlastBufferQueue=0xb400007e28d543f0 fn= 5 HdrRenderState mRenderHdrSdrRatio=1.0 caller= android.view.SyncRtSurfaceTransactionApplier.applyTransaction:100 android.view.SyncRtSurfaceTransactionApplier.lambda$scheduleApply$0:73 android.view.SyncRtSurfaceTransactionApplier.$r8$lambda$afI4fXg3U3-nBZQEDQMiNy-B06s:0
05-15 20:59:50.668  1977  8796 D SurfaceComposerClient: setCornerRadius ## 45c91bb Splash Screen es.uniovi.recetasasturianas#179531 cornerRadius=0.000000
05-15 20:59:50.669 11062 11062 I {OngoingActivityController}: onTaskFocusChanged but OA data is empty
05-15 20:59:50.669  1977  8796 D SurfaceComposerClient: setCornerRadius ## 45c91bb Splash Screen es.uniovi.recetasasturianas#179531 cornerRadius=0.000000
05-15 20:59:50.670  1977  8796 I WindowManager: Relayout hash=45c91bb, pid=11062, syncId=-1: mAttrs={(0,0)(fillxfill) sim={adjust=pan} layoutInDisplayCutoutMode=always ty=APPLICATION_STARTING fmt=TRANSLUCENT wanim=0x1030317
05-15 20:59:50.670  1977  8796 I WindowManager:   fl=81030118
05-15 20:59:50.670  1977  8796 I WindowManager:   pfl=10000810
05-15 20:59:50.670  1977  8796 I WindowManager:   bhv=1
05-15 20:59:50.670  1977  8796 I WindowManager:   fitSides=0
05-15 20:59:50.670  1977  8796 I WindowManager:   frameRateBoostOnTouch=true
05-15 20:59:50.670  1977  8796 I WindowManager:   dvrrWindowFrameRateHint=true naviIconColor=0}
05-15 20:59:50.670 11062 11138 I VRI[recetasasturianas]@67d3d37: onActiveControlsChanged, removed=false, mAdded=true, caller=android.view.ViewRootImpl.handleInsetsControlChanged:3002 android.view.ViewRootImpl.relayoutWindow:11629 android.view.ViewRootImpl.performTraversals:4804 android.view.ViewRootImpl.doTraversal:3924 android.view.ViewRootImpl$TraversalRunnable.run:12903
05-15 20:59:50.671 11062 11138 W libc    : Access denied finding property "vendor.display.enable_optimal_refresh_rate"
05-15 20:59:50.671 11062 11138 I BufferQueueProducer: [](id:2b3600000142,api:0,p:50462975,c:11062) setDequeueTimeout:2077252342
05-15 20:59:50.671 11062 11138 I BLASTBufferQueue_Java: new BLASTBufferQueue, mName= VRI[recetasasturianas]@67d3d37 mNativeObject= 0xb400007e28e97810 caller= android.view.ViewRootImpl.updateBlastSurfaceIfNeeded:3585 android.view.ViewRootImpl.relayoutWindow:11685 android.view.ViewRootImpl.performTraversals:4804 android.view.ViewRootImpl.doTraversal:3924 android.view.ViewRootImpl$TraversalRunnable.run:12903 android.view.Choreographer$CallbackRecord.run:1901 android.view.Choreographer$CallbackRecord.run:1910 android.view.Choreographer.doCallbacks:1367 android.view.Choreographer.doFrame:1292 android.view.Choreographer$FrameDisplayEventReceiver.run:1870
05-15 20:59:50.671 11062 11138 I BLASTBufferQueue_Java: update, w= 1080 h= 2340 mName = VRI[recetasasturianas]@67d3d37 mNativeObject= 0xb400007e28e97810 sc.mNativeObject= 0xb400007ea8da6cd0 format= -3 caller= android.view.ViewRootImpl.updateBlastSurfaceIfNeeded:3590 android.view.ViewRootImpl.relayoutWindow:11685 android.view.ViewRootImpl.performTraversals:4804 android.view.ViewRootImpl.doTraversal:3924 android.view.ViewRootImpl$TraversalRunnable.run:12903 android.view.Choreographer$CallbackRecord.run:1901
05-15 20:59:50.672 11062 11138 W libc    : Access denied finding property "vendor.display.enable_optimal_refresh_rate"
05-15 20:59:50.672 11062 11138 I VRI[recetasasturianas]@67d3d37: Relayout returned: old=(0,0,1080,2340) new=(0,0,1080,2340) relayoutAsync=false req=(1080,2340)0 dur=5 res=0x3 s={true 0xb400007de8f6fef0} ch=true seqId=0
05-15 20:59:50.672  4195  4401 I HoneySpace.TopTaskSource: onTaskFocusChanged(): taskId = 1351
05-15 20:59:50.673 11062 11138 I VRI[recetasasturianas]@67d3d37: performConfigurationChange setNightDimText nightDimLevel=0
05-15 20:59:50.673 11062 11138 D VRI[recetasasturianas]@67d3d37: mThreadedRenderer.initialize() mSurface={isValid=true 0xb400007de8f6fef0} hwInitialized=true
05-15 20:59:50.674 11062 11138 D VRI[recetasasturianas]@67d3d37: reportNextDraw android.view.ViewRootImpl.performTraversals:5443 android.view.ViewRootImpl.doTraversal:3924 android.view.ViewRootImpl$TraversalRunnable.run:12903 android.view.Choreographer$CallbackRecord.run:1901 android.view.Choreographer$CallbackRecord.run:1910
05-15 20:59:50.674 11062 11138 D VRI[recetasasturianas]@67d3d37: Setup new sync=wmsSync-VRI[recetasasturianas]@67d3d37#20
05-15 20:59:50.674 11062 11138 I VRI[recetasasturianas]@67d3d37: Creating new active sync group VRI[recetasasturianas]@67d3d37#21
05-15 20:59:50.675  1977  2141 D EnterpriseDeviceManagerService: isMdmAdminPresentInternal() : MDM Admin Found - com.samsung.knox.securefolder
05-15 20:59:50.675  1808  1808 I SurfaceFlinger: [Splash Screen es.uniovi.recetasasturianas$_11062#179532] attach to parent LayerHierarchy{RequestedLayerState{45c91bb Splash Screen es.uniovi.recetasasturianas#179531 parentId=179528} 1 children}
05-15 20:59:50.675 11062 11138 D VRI[recetasasturianas]@67d3d37: registerCallbacksForSync syncBuffer=false
05-15 20:59:50.675 20661 20661 I InsetsController: cancelAnimation: types=statusBars, animType=1, host=bitpit.launcher/bitpit.launcher.ui.HomeActivity, from=android.view.InsetsController.notifyControlRevoked:2043 android.view.InsetsSourceConsumer.setControl:158 android.view.InsetsController.onControlsChanged:1207
05-15 20:59:50.676  1808  2497 I SurfaceFlinger: id=179526 Removed Surface(name=7a9d783 NavigationBar0)/@0x10e1471 - animation-leash of insets_animation#179526 (166)
05-15 20:59:50.677 24090 24090 D LifecycleMonitor: Lifecycle status change: es.uniovi.recetasasturianas.MainActivity@9db5282 in: PRE_ON_CREATE
05-15 20:59:50.677 24090 24090 V ActivityScenario: Activity lifecycle changed event received but ignored because the reported transition was not ON_CREATE while the last known transition was PRE_ON_CREATE
05-15 20:59:50.678 20661 20726 I VRI[HomeActivity]@27ecfc4: mWNT: t=0xb400007df8dc5010 mBlastBufferQueue=0xb400007e28d543f0 fn= 6 HdrRenderState mRenderHdrSdrRatio=1.0 caller= android.view.SyncRtSurfaceTransactionApplier.applyTransaction:100 android.view.SyncRtSurfaceTransactionApplier.lambda$scheduleApply$0:73 android.view.SyncRtSurfaceTransactionApplier.$r8$lambda$afI4fXg3U3-nBZQEDQMiNy-B06s:0
05-15 20:59:50.678 11062 11224 D VRI[recetasasturianas]@67d3d37: Received frameDrawingCallback syncResult=0 frameNum=1.
05-15 20:59:50.678 11062 11224 I VRI[recetasasturianas]@67d3d37: mWNT: t=0xb400007df8d6dd50 mBlastBufferQueue=0xb400007e28e97810 fn= 1 HdrRenderState mRenderHdrSdrRatio=1.0 caller= android.view.ViewRootImpl$12.onFrameDraw:15441 android.view.ThreadedRenderer$1.onFrameDraw:718 <bottom of call stack>
05-15 20:59:50.678 11062 11224 I VRI[recetasasturianas]@67d3d37: Setting up sync and frameCommitCallback
05-15 20:59:50.678  1977  2134 D PkgPredictorService-SecIpmManagerServiceImpl: onForegroundActivitiesChanged pid:24090 uid:10625
05-15 20:59:50.681  1977  2134 D NetworkPolicy: already checked 10625
05-15 20:59:50.681  1977  2134 D NetworkPolicy: already checked 10625
05-15 20:59:50.681  1977  2142 D SurfaceComposerClient: setCornerRadius ## 45c91bb Splash Screen es.uniovi.recetasasturianas#179531 cornerRadius=0.000000
05-15 20:59:50.682  1977  2142 D SurfaceComposerClient: setCornerRadius ## 45c91bb Splash Screen es.uniovi.recetasasturianas#179531 cornerRadius=0.000000
05-15 20:59:50.683  1808  1808 I SurfaceFlinger: destroyed Surface(name=7a9d783 NavigationBar0)/@0x10e1471 - animation-leash of insets_animation#179526 form LifecycleManager
05-15 20:59:50.683  1808  1808 I SurfaceFlinger: id=179526 onLayerDestroyed from LayerHierarchyBuilder(RequestedLayerState{Surface(name=7a9d783 NavigationBar0)/@0x10e1471 - animation-leash of insets_animation#179526 !handle})
05-15 20:59:50.683 11062 11062 I VRI[StatusBar]@613a967: handleResized, frames=ClientWindowFrames{frame=[0,0][1080,99] display=[0,0][1080,2340] parentFrame=[0,0][0,0]} displayId=0 dragResizing=false compatScale=1.0 frameChanged=false attachedFrameChanged=false configChanged=false displayChanged=false compatScaleChanged=false dragResizingChanged=false
05-15 20:59:50.683 11062 11062 I VRI[NavigationBar0]@e1dc51d: handleResized, frames=ClientWindowFrames{frame=[0,2196][1080,2340] display=[0,0][1080,2340] parentFrame=[0,0][0,0]} displayId=0 dragResizing=false compatScale=1.0 frameChanged=false attachedFrameChanged=false configChanged=false displayChanged=false compatScaleChanged=false dragResizingChanged=false
05-15 20:59:50.683 11062 11062 I VRI[ScreenDecorOverlay]@6f4609c: Resizing android.view.ViewRootImpl@48f9e69: frame = [0,0][1080,121] reportDraw = false forceLayout = false syncSeqId = -1
05-15 20:59:50.683  1808  1808 I Layer   : id=179526 Destroyed Surface(name=7a9d783 NavigationBar0)/@0x10e1471 - animation-leash of insets_animation#179526
05-15 20:59:50.683 11062 11062 I VRI[ScreenDecorOverlayBottom]@8250f9b: Resizing android.view.ViewRootImpl@229441c: frame = [0,2219][1080,2340] reportDraw = false forceLayout = false syncSeqId = -1
05-15 20:59:50.684  6323  6323 I VRI[]@f636171: handleResized, frames=ClientWindowFrames{frame=[395,-13][685,145] display=[-100000,-100000][100000,100000] parentFrame=[0,0][0,0]} displayId=0 dragResizing=false compatScale=1.0 frameChanged=false attachedFrameChanged=false configChanged=false displayChanged=false compatScaleChanged=false dragResizingChanged=false
05-15 20:59:50.684  6323  6323 I VRI[]@d065a31: handleResized, frames=ClientWindowFrames{frame=[0,0][1080,115] display=[0,0][1080,2340] parentFrame=[0,0][0,0]} displayId=0 dragResizing=false compatScale=1.0 frameChanged=false attachedFrameChanged=false configChanged=false displayChanged=false compatScaleChanged=false dragResizingChanged=false
05-15 20:59:50.685 11062 11493 I VRI[ScreenDecorOverlay]@6f4609c: handleResized, frames=ClientWindowFrames{frame=[0,0][1080,121] display=[0,0][1080,2340] parentFrame=[0,0][0,0]} displayId=0 dragResizing=false compatScale=1.0 frameChanged=false attachedFrameChanged=false configChanged=false displayChanged=false compatScaleChanged=false dragResizingChanged=false
05-15 20:59:50.686 11062 11493 I VRI[ScreenDecorOverlayBottom]@8250f9b: handleResized, frames=ClientWindowFrames{frame=[0,2219][1080,2340] display=[0,0][1080,2340] parentFrame=[0,0][0,0]} displayId=0 dragResizing=false compatScale=1.0 frameChanged=false attachedFrameChanged=false configChanged=false displayChanged=false compatScaleChanged=false dragResizingChanged=false
05-15 20:59:50.686 12633 17431 I Routine@Core[4.9.04.16]: ActivityWatcherListenerImpl: onResumeComponent: componentName - bitpit.launcher, bitpit.launcher.ui.HomeActivity, userId: 0
05-15 20:59:50.686  1977  2141 I ImeTracker: system_server:2e923df: onCancelled at PHASE_SERVER_SHOULD_HIDE
05-15 20:59:50.688 12633 17431 I Routine@Core[4.9.04.16]: Pref: putSharedPrefsData: key=condition_launch_app_data_resume_pkg, data.size=49
05-15 20:59:50.689  4195  4195 I HoneySpace.TaskStackChangeRepositoryImpl: onTaskRemoved : 2382
05-15 20:59:50.690  4195  4401 I HoneySpace.TopTaskSource: onTaskRemoved: 2382
05-15 20:59:50.690  4195  4195 I HoneySpace.TaskStackChangeRepositoryImpl: onTaskRemoved : 2382
05-15 20:59:50.690 11062 11227 I BLASTBufferQueue: [VRI[recetasasturianas]@67d3d37#322](f:0,a:0,s:0) onFrameAvailable the first frame is available
05-15 20:59:50.690 12633 17431 I Routine@Core[4.9.04.16]: ActivityWatcherListenerImpl: onStopComponent: componentName - es.uniovi.recetasasturianas, userId: 0
05-15 20:59:50.691  4195  4195 I HoneySpace.TaskListViewModel[264452461]: taskRemoveId, 2382
05-15 20:59:50.691  4195  4195 W HoneySpace.TaskListViewModel[264452461]: task is already removed: 2382
05-15 20:59:50.691  4195  4401 I HoneySpace.TopTaskSource: onTaskRemoved: 2382
05-15 20:59:50.691  1808  1808 I SurfaceFlinger: RequestedLayer [Surface(name=8f932e4 StatusBar)/@0xa[...]ion-leash of insets_animation#179525] hidden!! flag  from(0) --> to(1)
05-15 20:59:50.691  4195  4195 I HoneySpace.TaskListViewModel[264452461]: taskRemoveId, 2382
05-15 20:59:50.692  4195  4195 W HoneySpace.TaskListViewModel[264452461]: task is already removed: 2382
05-15 20:59:50.692 11062 11227 I SurfaceComposerClient: apply transaction with the first frame. layerId: 179532, bufferData(ID: 47510928231510, frameNumber: 1)
05-15 20:59:50.693  1808  2497 I SurfaceFlinger: [Splash Screen es.uniovi.recetasasturianas$_11062#179532] setTransactionState with the first frame. bufferData(ID: 47510928231510, frameNumber: 1)
05-15 20:59:50.693 11062 11227 I VRI[recetasasturianas]@67d3d37: Received frameCommittedCallback lastAttemptedDrawFrameNum=1 didProduceBuffer=true
05-15 20:59:50.694 11062 11227 D HWUI    : CFMS:: SetUp Pid : 11062    Tid : 11227
05-15 20:59:50.694 11062 11138 D VRI[recetasasturianas]@67d3d37: reportDrawFinished seqId=0
05-15 20:59:50.694 11062 11138 I VRI[test]@d9f6a26: onActiveControlsChanged, removed=false, mAdded=true, caller=android.view.ViewRootImpl.handleInsetsControlChanged:3002 android.view.ViewRootImpl$ViewRootHandler.handleMessageImpl:8352 android.view.ViewRootImpl$ViewRootHandler.handleMessage:8301 android.os.Handler.dispatchMessage:110 android.os.Looper.loopOnce:273
05-15 20:59:50.694 11062 11138 I InsetsSourceConsumer: applyRequestedVisibilityToControl: visible=true, type=navigationBars, host=Splash Screen es.uniovi.recetasasturianas.test
05-15 20:59:50.695 11062 11138 I InsetsController: controlAnimationUncheckedInner: Added types=statusBars, animType=0, host=Splash Screen es.uniovi.recetasasturianas.test, from=android.view.InsetsController.controlAnimationUnchecked:1608 android.view.InsetsController.applyAnimation:2416 android.view.InsetsController.applyAnimation:2343
05-15 20:59:50.697 12633 17431 I Routine@Core[4.9.04.16]: Pref: putSharedPrefsData: key=condition_launch_app_data_resume_pkg, data.size=49
05-15 20:59:50.698  4195  4401 I HoneySpace.TopTaskSource: onTaskMovedToFront : taskId = 2384, displayId = 0
05-15 20:59:50.698 24090 24090 I DecorView: setWindowBackground: isPopOver=false color=ff141218 d=android.graphics.drawable.ColorDrawable@4f72f8c
05-15 20:59:50.699  4195  4403 I HoneySpace.TopTaskUseCase: topTasks 2384 ComponentInfo{es.uniovi.recetasasturianas/es.uniovi.recetasasturianas.MainActivity}[displayId=0]
05-15 20:59:50.699  1977  2142 D SurfaceComposerClient: setCornerRadius ## 45c91bb Splash Screen es.uniovi.recetasasturianas#179531 cornerRadius=0.000000
05-15 20:59:50.700  1808  1808 I SurfaceFlinger: RequestedLayer [Surface(name=8f932e4 StatusBar)/@0xa[...]ion-leash of insets_animation#179529] hidden!! flag  from(0) --> to(1)
05-15 20:59:50.700  1808  1897 I SurfaceFlinger: id=179525 Removed Surface(name=8f932e4 StatusBar)/@0xabc478a - animation-leash of insets_animation#179525 (165)
05-15 20:59:50.700  1977  2142 D SurfaceComposerClient: setCornerRadius ## 45c91bb Splash Screen es.uniovi.recetasasturianas#179531 cornerRadius=0.000000
05-15 20:59:50.700 24090 24090 D LifecycleMonitor: Lifecycle status change: es.uniovi.recetasasturianas.MainActivity@9db5282 in: CREATED
05-15 20:59:50.700  4195 23188 I HoneySpace.RecentTasks: onRecentTasksChanged
05-15 20:59:50.701 24090 24090 V ActivityScenario: Update currentActivityStage to CREATED, currentActivity=es.uniovi.recetasasturianas.MainActivity@9db5282
05-15 20:59:50.702  1808  1897 I SurfaceFlinger: id=179533 createSurf, flag=84004, Transition Root: Task=2384#179533
05-15 20:59:50.704  1977  2142 I SurfaceControlRegistry: show, t=StartTransaction_SyncId<14578> sc=ActivityRecord{43990721 u0 es.uniovi.recetasasturianas/.MainActivity t2384}, caller=android.view.SurfaceControl$Transaction.show:3557 com.android.server.wm.Transition.onTransactionReady:2048 com.android.server.wm.BLASTSyncEngine$SyncGroup.finishNow:240 com.android.server.wm.BLASTSyncEngine.onSurfacePlacement:263 com.android.server.wm.RootWindowContainer.performSurfacePlacementNoTrace:1083 com.android.server.wm.WindowSurfacePlacer.performSurfacePlacement:166
05-15 20:59:50.704  1977  2142 D SurfaceComposerClient: setCornerRadius ## Task=2383#179508 cornerRadius=0.000000
05-15 20:59:50.704  1977  2142 D SurfaceComposerClient: setCornerRadius ## Task=2384#179527 cornerRadius=0.000000
05-15 20:59:50.706  1977  2142 D ScreenCapture: [Capture_TEST] : setIsScreenShotBySystem false
05-15 20:59:50.706  1977  2142 I SurfaceComposerClient: captureLayers:childrenOnly:1, sync:1
05-15 20:59:50.709  1808  1808 I SurfaceFlinger: destroyed Surface(name=8f932e4 StatusBar)/@0xabc478a - animation-leash of insets_animation#179525 form LifecycleManager
05-15 20:59:50.709  1808  1808 I SurfaceFlinger: [Transition Root: Task=2384#179533] attach to parent LayerHierarchy{RequestedLayerState{DefaultTaskDisplayArea_d0#172934 parentId=9} 12 children}
05-15 20:59:50.709  1808  1808 I SurfaceFlinger: id=179525 onLayerDestroyed from LayerHierarchyBuilder(RequestedLayerState{Surface(name=8f932e4 StatusBar)/@0xabc478a - animation-leash of insets_animation#179525 !handle})
05-15 20:59:50.709  1808  1808 I Layer   : id=179525 Destroyed Surface(name=8f932e4 StatusBar)/@0xabc478a - animation-leash of insets_animation#179525
05-15 20:59:50.716  1808  1808 I SurfaceFlinger: RequestedLayer [Surface(name=8f932e4 StatusBar)/@0xa[...]ion-leash of insets_animation#179529] hidden!! flag  from(1) --> to(0)
05-15 20:59:50.716  1808  1808 E SurfaceFlinger: alpha changed 0.000 -> 0.013 - Surface(name=8f932e4 StatusBar)/@0xabc478a - animation-leash of insets_animation#179529
05-15 20:59:50.719 24090 24090 D RecipeListViewModel: SwitchMap disparado con query: ''
05-15 20:59:50.719 24090 24090 D RecipeListViewModel: ViewModel init
05-15 20:59:50.719 24090 24090 D RecipeListViewModel: loadRecipes() empezando...
05-15 20:59:50.720 24090 24090 D RecipeListViewModel: Conexión detectada: true
05-15 20:59:50.721 24090 24090 D RecipeListViewModel: SwitchMap disparado con query: ''
05-15 20:59:50.722  1808  1897 I SurfaceFlinger: Capture layer list: 	 es.uniovi.recetasasturianas.test/androidx.test.core.app.InstrumentationActivityInvoker$EmptyActivity$_24267#179514(seamlessTransition:0)
05-15 20:59:50.722  1808  1897 I SurfaceFlinger: Capture layer list: 	 Splash Screen es.uniovi.recetasasturianas.test$_11062#179511(seamlessTransition:0)
05-15 20:59:50.722 24090 24090 D LifecycleMonitor: Lifecycle status change: es.uniovi.recetasasturianas.MainActivity@9db5282 in: STARTED
05-15 20:59:50.723 24090 24090 V ActivityScenario: Update currentActivityStage to STARTED, currentActivity=es.uniovi.recetasasturianas.MainActivity@9db5282
05-15 20:59:50.723 24090 24090 D LifecycleMonitor: Lifecycle status change: es.uniovi.recetasasturianas.MainActivity@9db5282 in: RESUMED
05-15 20:59:50.723 24090 24090 V ActivityScenario: Update currentActivityStage to RESUMED, currentActivity=es.uniovi.recetasasturianas.MainActivity@9db5282
05-15 20:59:50.723  1808  1908 D RenderEngine: [SEC_SF_EFFECTS] drawLayersInternal,1483, Rendering layer ScreenCaptureFillLayer at index 0
05-15 20:59:50.723  1808  1908 D RenderEngine: [SEC_SF_EFFECTS] drawLayersInternal,1483, Rendering layer es.uniovi.recetasasturianas.test/androidx.test.core.app.InstrumentationActivityInvoker$EmptyActivity$_24267#179514 at index 1
05-15 20:59:50.723 24090 24090 D RecipeListViewModel: SwitchMap disparado con query: ' '
05-15 20:59:50.724  1808  1908 D RenderEngine: [SEC_SF_EFFECTS] drawLayersInternal,1483, Rendering layer Splash Screen es.uniovi.recetasasturianas.test$_11062#179511 at index 2
05-15 20:59:50.724 24090 24090 D RecipeListViewModel: SwitchMap disparado con query: ''
05-15 20:59:50.725 24090 24090 D ViewRootImpl: desktopMode is false
05-15 20:59:50.725 24090 24090 I ViewRootImpl: dVRR is disabled
05-15 20:59:50.725 24090 24155 D NativeCustomFrequencyManager: [NativeCFMS] BpCustomFrequencyManager::BpCustomFrequencyManager()
05-15 20:59:50.725  1808  1808 D SurfaceFlinger: Display 4630947232161729154 HWC layers:
05-15 20:59:50.725  1808  1808 D SurfaceFlinger:        DEVICE |          104225971372044 | 00002102 | RGBA_8888    |    0.0    0.0 1080.0 2340.0 |    0    0 1080 2340 | es.uniovi.recetasasturianas.test/and[...]yInvoker$EmptyActivity$_24267#179514 (1)
05-15 20:59:50.725  1808  1808 D SurfaceFlinger:        DEVICE |           47510928231501 | 00002100 | RGBA_8888    |    0.0    0.0 1080.0 2340.0 |    0    0 1080 2340 | Splash Screen es.uniovi.recetasasturianas.test$_11062#179511 (1)
05-15 20:59:50.725  1808  1808 D SurfaceFlinger:        DEVICE |           47510928230650 | 00002100 | RGBA_8888    |    0.0    0.0 1080.0   99.0 |    0    0 1080   99 | StatusBar$_11062#172976 (4137)
05-15 20:59:50.725  1808  1808 D SurfaceFlinger:        DEVICE |           47510928230672 | 00002100 | RGBA_8888    |    0.0    0.0 1080.0  144.0 |    0 2196 1080 2340 | NavigationBar0$_11062#172972 (357)
05-15 20:59:50.725  1808  1808 D SurfaceFlinger:        DEVICE |           27157078223661 | 00002100 | RGBA_8888    |    0.0   13.0  290.0  158.0 |  395    0  685  145 | $_6323#154529 (967)
05-15 20:59:50.725  1808  1808 D SurfaceFlinger:        DEVICE |           27157078223656 | 00002100 | RGBA_8888    |    0.0    0.0 1080.0  115.0 |    0    0 1080  115 | $_6323#177506 (652)
05-15 20:59:50.725  1808  1808 D SurfaceFlinger:
05-15 20:59:50.725  1808  1808 D SurfaceFlinger:    DEVICE |           47510928230638 | 00002140 | RGBA_8888    |    0.0    0.0 1080.0  121.0 |    0    0 1080  121 | ScreenDecorOverlay$_11062#172986 (67)
05-15 20:59:50.725  1808  1808 D SurfaceFlinger:        DEVICE |           47510928230639 | 00002140 | RGBA_8888    |    0.0    0.0 1080.0  121.0 |    0 2219 1080 2340 | ScreenDecorOverlayBottom$_11062#172987 (60)
05-15 20:59:50.725  1808  1808 D SurfaceFlinger:
05-15 20:59:50.728  1808  2497 I SurfaceFlinger: id=179534 createSurf, flag=84000, b5f93a8 ActivityRecordInputSink es.uniovi.recetasasturianas/.MainActivity#179534
05-15 20:59:50.733  1808  1808 I SurfaceFlinger: RequestedLayer [WallpaperWindowToken{43888ef showWhenLocked=false}#178727] hidden!! flag  from(1) --> to(0)
05-15 20:59:50.733  1808  1808 I SurfaceFlinger: [b5f93a8 ActivityRecordInputSink es.uniovi.recetasasturianas/.MainActivity#179534] attach to parent LayerHierarchy{RequestedLayerState{ActivityRecord{43990721 u0 es.uniovi.recetasasturianas/.MainActivity t2384}#179528 parentId=179527} 2 children}
05-15 20:59:50.733  1977  6941 D InputTransport: Input channel constructed: '69737d6', fd=1130
05-15 20:59:50.733  1977  6941 D InputTransport: Input channel constructed: '69737d6', fd=1134
05-15 20:59:50.734  1977  6941 D InputTransport: Input channel constructed: '69737d6', fd=1139
05-15 20:59:50.734  1977  6941 D InputTransport: Input channel destroyed: '69737d6', fd=1134
05-15 20:59:50.734  1808  1897 I SurfaceFlinger: id=179535 createSurf, flag=84004, 69737d6 es.uniovi.recetasasturianas/es.uniovi.recetasasturianas.MainActivity#179535
05-15 20:59:50.735  1977  6941 D InputTransport: Input channel destroyed: '69737d6', fd=1139
05-15 20:59:50.736 24090 24090 D InputTransport: Input channel constructed: '69737d6', fd=146
05-15 20:59:50.736 24090 24090 I InsetsController: onStateChanged: host=es.uniovi.recetasasturianas/es.uniovi.recetasasturianas.MainActivity, from=android.view.ViewRootImpl.onInsetsStateChanged:3026, state=InsetsState: {mDisplayFrame=Rect(0, 0 - 1080, 2340), mDisplayCutout=DisplayCutout{insets=Rect(0, 99 - 0, 0) waterfall=Insets{left=0, top=0, right=0, bottom=0} boundingRect={Bounds=[Rect(0, 0 - 0, 0), Rect(505, 0 - 575, 99), Rect(0, 0 - 0, 0), Rect(0, 0 - 0, 0)]} cutoutPathParserInfo={CutoutPathParserInfo{displayWidth=1080 displayHeight=2340 physicalDisplayWidth=1080 physicalDisplayHeight=2340 density={3.0} cutoutSpec={M 0,0 M 0,29 a 35,35 0 1,0 0,70 a 35,35 0 1,0 0,-70 Z} rotation={0} scale={1.0} physicalPixelDisplaySizeRatio={1.0}}} sideOverrides={}}, mRoundedCorners=RoundedCorners{[RoundedCorner{position=TopLeft, radius=108, center=Point(108, 108)}, RoundedCorner{position=TopRight, radius=108, center=Point(972, 108)}, RoundedCorner{position=BottomRight, radius=108, center=Point(972, 2232)}, RoundedCorner{position=BottomLeft, radius=108, center=Point(108, 2232)}]}  mRoundedCornerFrame=Rect(0, 0 - 1080, 2340), mPrivacyIndicatorBounds=PrivacyIndicatorBounds {static bounds=Rect(948, 0 - 1080, 99) rotation=0}, mDisplayShape=DisplayShape{ spec=-311912193 displayWidth=1080 displayHeight=2340 physicalPixelDisplaySizeRatio=1.0 rotation=0 offsetX=0 offsetY=0 scale=1.0}, mSources= { InsetsSource: {b73a0001 mType=navigationBars mFrame=[0,0][0,0] mVisible=true mFlags=SUPPRESS_SCRIM mSideHint=NONE mBoundingRects=null}, InsetsSource: {b73a0004 mType=systemGestures mFrame=[0,0][90,2340] mVisible=true mFlags= mSideHint=LEFT mBoundingRects=null}, InsetsSource: {b73a0005 mType=mandatorySystemGestures mFrame=[0,2265][1080,2340] mVisible=true mFlags= mSideHint=BOTTOM mBoundingRects=null}, InsetsSource: {b73a0006 mType=tappableElement mFrame=[0,0][0,0] mVisible=true mFlags= mSideHint=NONE mBoundingRects=null}, InsetsSource: {b73a0024 mType=systemGestures mFrame=[990,0][1080,2340] mVisible=true mFlags= mSideHint=RIGHT mBoundingRects=null}, InsetsSource: {3 mType=ime mFrame=[0,0][0,0] mVisible=false mFlags= mSideHint=NONE mBoundingRects=null}, InsetsSource: {27 mType=displayCutout mFrame=[0,0][1080,99] mVisible=true mFlags= mSideHint=TOP mBoundingRects=null}, InsetsSource: {9260000 mType=statusBars mFrame=[0,0][1080,99] mVisible=true mFlags= mSideHint=TOP mBoundingRects=null}, InsetsSource: {9260005 mType=mandatorySystemGestures mFrame=[0,0][1080,135] mVisible=true mFlags= mSideHint=TOP mBoundingRects=null}, InsetsSource: {9260006 mType=tappableElement mFrame=[0,0][1080,99] mVisible=true mFlags= mSideHint=TOP mBoundingRects=null} }
05-15 20:59:50.737 24090 24090 I VRI[MainActivity]@4972095: synced displayState. AttachInfo displayState=2
05-15 20:59:50.737 11062 11118 I SurfaceControlRegistry: hide, t=FinishTransaction_SyncId<14578> sc=Task=2383, caller=android.view.SurfaceControl$Transaction.hide:3583 com.android.wm.shell.transition.Transitions.dispatchReady:1263 com.android.wm.shell.transition.Transitions.onTransitionReady:251 com.android.wm.shell.transition.Transitions$TransitionPlayerImpl$$ExternalSyntheticLambda0.run:13 android.os.Handler.handleCallback:995 android.os.Handler.dispatchMessage:103
05-15 20:59:50.737 11062 11118 I SurfaceControlRegistry: show, t=StartTransaction_SyncId<14578> sc=Task=2384, caller=android.view.SurfaceControl$Transaction.show:3557 com.android.wm.shell.transition.Transitions.dispatchReady:1279 com.android.wm.shell.transition.Transitions.onTransitionReady:251 com.android.wm.shell.transition.Transitions$TransitionPlayerImpl$$ExternalSyntheticLambda0.run:13 android.os.Handler.handleCallback:995 android.os.Handler.dispatchMessage:103
05-15 20:59:50.737 11062 11118 I SurfaceControlRegistry: show, t=FinishTransaction_SyncId<14578> sc=Task=2384, caller=android.view.SurfaceControl$Transaction.show:3557 com.android.wm.shell.transition.Transitions.dispatchReady:1330 com.android.wm.shell.transition.Transitions.onTransitionReady:251 com.android.wm.shell.transition.Transitions$TransitionPlayerImpl$$ExternalSyntheticLambda0.run:13 android.os.Handler.handleCallback:995 android.os.Handler.dispatchMessage:103
05-15 20:59:50.738 11062 11118 I SurfaceControlRegistry: show, t=StartTransaction_SyncId<14578> sc=Transition Root: Task=2384, caller=android.view.SurfaceControl$Transaction.show:3557 com.android.wm.shell.transition.Transitions.playTransition:79 com.android.wm.shell.transition.Transitions.processReadyQueue:239 com.android.wm.shell.transition.Transitions.dispatchReady:1352 com.android.wm.shell.transition.Transitions.onTransitionReady:251 com.android.wm.shell.transition.Transitions$TransitionPlayerImpl$$ExternalSyntheticLambda0.run:13
05-15 20:59:50.738  4195 23187 I HoneySpace.RecentTasks: onRecentTasksChanged
05-15 20:59:50.739 11062 11118 I SurfaceControlRegistry: apply, t=StartTransaction_SyncId<14578>, caller=android.view.SurfaceControl$Transaction.apply:3459 android.view.SurfaceControl$Transaction.apply:3447 android.view.SurfaceControl$Transaction.apply:3397 com.android.wm.shell.transition.DefaultTransitionHandler.startAnimation:3292 com.android.wm.shell.transition.Transitions.dispatchTransition:90 com.android.wm.shell.transition.Transitions.playTransition:774
05-15 20:59:50.740 12633 17431 I Routine@Core[4.9.04.16]: ActivityWatcherListenerImpl: onPauseComponent: componentName - bitpit.launcher, userId: 0
05-15 20:59:50.740 11062 11062 I {OngoingActivityController}: onTaskFocusChanged but OA data is empty
05-15 20:59:50.740 12633 17431 I Routine@Core[4.9.04.16]: Pref: removeSharedPrefsData() key=condition_launch_app_data_resume_pkg
05-15 20:59:50.741  4195  4401 I HoneySpace.TopTaskSource: onTaskFocusChanged(): taskId = 2384
05-15 20:59:50.741 12633 21222 I Routine@Core[4.9.04.16]: ModeOrderObserver: ModeOrderObserver:onChange: uri content://com.samsung.android.app.routines.routineprovider/preference
05-15 20:59:50.741  1808  1808 I SurfaceFlinger: RequestedLayer [69737d6 es.uniovi.recetasasturianas/[...]ecetasasturianas.MainActivity#179535] hidden!! flag  from(1) --> to(0)
05-15 20:59:50.741  1808  1808 I SurfaceFlinger: RequestedLayer [45c91bb Splash Screen es.uniovi.recetasasturianas#179531] hidden!! flag  from(1) --> to(0)
05-15 20:59:50.741  1808  1808 I SurfaceFlinger: RequestedLayer [Splash Screen es.uniovi.recetasasturianas$_11062#179532] hidden!! flag  from(1) --> to(0)
05-15 20:59:50.741  1808  1808 I SurfaceFlinger: RequestedLayer [Task=2384#179527] hidden!! flag  from(1) --> to(0)
05-15 20:59:50.742  1808  1808 I SurfaceFlinger: RequestedLayer [Transition Root: Task=2384#179533] hidden!! flag  from(1) --> to(0)
05-15 20:59:50.742  1808  1808 I SurfaceFlinger: RequestedLayer [ActivityRecord{43990721 u0 es.uniovi[...]turianas/.MainActivity t2384}#179528] hidden!! flag  from(1) --> to(0)
05-15 20:59:50.742  1808  1808 I SurfaceFlinger: [LayerHierarchy{RequestedLayerState{ActivityRecord{242776597 u0 es.uniovi.recetasasturianas/.MainActivity t2382}#179495} 1 children}] reparent to OffscreenRoot
05-15 20:59:50.742  1808  1808 I SurfaceFlinger: [LayerHierarchy{RequestedLayerState{ActivityRecord{242776597 u0 es.uniovi.recetasasturianas/.MainActivity t2382}#179495} 1 children}] RelativeParent to null
05-15 20:59:50.742  1808  1808 I SurfaceFlinger: [LayerHierarchy{RequestedLayerState{Task=2383#179508 parentId=179533 z=4} 1 children}] reparent to LayerHierarchy{RequestedLayerState{Transition Root: Task=2384#179533 parentId=172934 z=8} 1 children}
05-15 20:59:50.742  1808  1808 I SurfaceFlinger: [LayerHierarchy{RequestedLayerState{Task=2384#179527 parentId=179533 z=3} 1 children}] reparent to LayerHierarchy{RequestedLayerState{Transition Root: Task=2384#179533 parentId=172934 z=8} 2 children}
05-15 20:59:50.742  1808  1808 I SurfaceFlinger: [69737d6 es.uniovi.recetasasturianas/es.uniovi.recetasasturianas.MainActivity#179535] attach to parent LayerHierarchy{RequestedLayerState{ActivityRecord{43990721 u0 es.uniovi.recetasasturianas/.MainActivity t2384}#179528 parentId=179527} 3 children}
05-15 20:59:50.743 24090 24090 I VRI[MainActivity]@4972095: setView = com.android.internal.policy.DecorView@a8c9d38 IsHRR=false mFlingFrameRateChange=0 TM=true
05-15 20:59:50.745  4195  4200 I id.app.launcher: NativeAlloc concurrent copying GC freed 1955KB AllocSpace bytes, 2(36KB) LOS objects, 50% free, 21MB/42MB, paused 72us,44us total 160.998ms
05-15 20:59:50.745  4195 30507 I HoneySpace.RecentTasks: onRunningTaskAppeared
05-15 20:59:50.745  4195 30507 I HoneySpace.RecentTasks: onRecentTasksChanged
05-15 20:59:50.748  1808  1897 I SurfaceFlinger: id=179536 createSurf, flag=24000, Surface(name=79ff7b8 es.uniovi.recetasasturianas.test/androidx.test.core.app.InstrumentationActivityInvoker$EmptyActivity)/@0x3afecdc - animation-leash of starting_reveal#179536
05-15 20:59:50.750  1977  2505 D AnalyticsContainerHandler: handleMessage : { when=0 what=1 target=com.android.server.knox.KnoxAnalyticsContainer$AnalyticsHandler }
05-15 20:59:50.750  1977  2505 D AnalyticsContainerHandler: handleMessage : { when=0 what=2 target=com.android.server.knox.KnoxAnalyticsContainer$AnalyticsHandler }
05-15 20:59:50.751  1808  1808 I SurfaceFlinger: [Surface(name=79ff7b8 es.uniovi.recetasasturianas.test/androidx.test.core.app.InstrumentationActivityInvoker$EmptyActivity)/@0x3afecdc - animation-leash of starting_reveal#179536] attach to parent LayerHierarchy{RequestedLayerState{ActivityRecord{45168115 u0 es.uniovi.recetasasturianas.test/androidx.test.core.app.InstrumentationActivityInvoker$EmptyActivity t2383}#179509 parentId=179508} 4 children}
05-15 20:59:50.752  1977  3573 I WindowManager: Relayout Window{69737d6 u0 es.uniovi.recetasasturianas/es.uniovi.recetasasturianas.MainActivity}: viewVisibility=0 req=1080x2340 ty=1 d0
05-15 20:59:50.752 12633 21222 I Routine@Core[4.9.04.16]: ModesOrderManager: getOrderOrDefault: uuid(100)
05-15 20:59:50.752  1808  1897 I SurfaceFlinger: id=179537 createSurf, flag=44004, es.uniovi.recetasasturianas/es.uniovi.recetasasturianas.MainActivity$_24090#179537
05-15 20:59:50.752 11062 11118 D ShellTaskOrganizer: removeStartingWindow, removalInfo=StartingWindowRemovalInfo{taskId=2383 frame=Rect(0, 0 - 1080, 2340) playRevealAnimation=true roundedCornerRadius=0.0 deferRemoveMode=0 windowlessSurface=false removeImmediately=false}
05-15 20:59:50.752 11062 11118 I SurfaceControlRegistry: apply, t=FinishTransaction_SyncId<14578>, caller=android.view.SurfaceControl$Transaction.apply:3459 android.view.SurfaceControl$Transaction.apply:3447 android.view.SurfaceControl$Transaction.apply:3397 com.android.wm.shell.transition.Transitions.onFinish:315 com.android.wm.shell.transition.Transitions$$ExternalSyntheticLambda7.onTransitionFinished:12 com.android.wm.shell.transition.DefaultTransitionHandler$$ExternalSyntheticLambda6.run:36
05-15 20:59:50.752 12633 21222 I Routine@Core[4.9.04.16]: ModesOrderManager: getOrder: uuid(100) -> order(999)
05-15 20:59:50.753  1977  3573 D SurfaceComposerClient: setCornerRadius ## 45c91bb Splash Screen es.uniovi.recetasasturianas#179531 cornerRadius=0.000000
05-15 20:59:50.753  1977  3573 D SurfaceComposerClient: setCornerRadius ## 69737d6 es.uniovi.recetasasturianas/es.uniovi.recetasasturianas.MainActivity#179535 cornerRadius=0.000000
05-15 20:59:50.754 12633 21222 I Routine@Core[4.9.04.16]: ModeListHolder: update: size(1) updated(2026/05/15 20:59:50) [ModeMeta(id=1, uuid=100, iconResourceId=2131231140, iconStatusResourceId=2131231637, displayName=Sleep, isRunning=false, runningReason=, runningReasonCondition=, isSet=true, isDeleted=false, detailRunningReason=null, order=999, toggleTime=1778816639015)]
05-15 20:59:50.754  1808  1899 I SurfaceFlinger: id=179538 createSurf, flag=24000, Surface(name=8f932e4 StatusBar)/@0xabc478a - animation-leash of insets_animation#179538
05-15 20:59:50.755  1977  2141 D EnterpriseDeviceManagerService: isMdmAdminPresentInternal() : MDM Admin Found - com.samsung.knox.securefolder
05-15 20:59:50.756  1808  1899 I SurfaceFlinger: id=179539 createSurf, flag=24000, Surface(name=7a9d783 NavigationBar0)/@0x10e1471 - animation-leash of insets_animation#179539
05-15 20:59:50.758  1977  3573 D SurfaceComposerClient: setCornerRadius ## 45c91bb Splash Screen es.uniovi.recetasasturianas#179531 cornerRadius=0.000000
05-15 20:59:50.758  1977  3573 D SurfaceComposerClient: setCornerRadius ## 69737d6 es.uniovi.recetasasturianas/es.uniovi.recetasasturianas.MainActivity#179535 cornerRadius=0.000000
05-15 20:59:50.759  1808  1899 I SurfaceFlinger: id=179540 createSurf, flag=24000, Surface(name=8f932e4 StatusBar)/@0xabc478a - animation-leash of insets_animation#179540
05-15 20:59:50.760  1808  1808 D SurfaceFlinger: Display 4630947232161729154 HWC layers:
05-15 20:59:50.760  1808  1808 D SurfaceFlinger:        DEVICE |           47510928231149 | 00000100 | RGBA_8888    |    0.0    0.0 1080.0 2340.0 |    0    0 1080 2340 | Wallpaper BBQ wrapper 7_systemlock#178730 (1)
05-15 20:59:50.760  1808  1808 D SurfaceFlinger:        DEVICE |           47510928231510 | 00002100 | RGBA_8888    |    0.0    0.0 1080.0 2340.0 |    0    0 1080 2340 | Splash Screen es.uniovi.recetasasturianas$_11062#179532 (1)
05-15 20:59:50.760  1808  1808 D SurfaceFlinger:        DEVICE |           47510928230650 | 00002100 | RGBA_8888    |    0.0    0.0 1080.0   99.0 |    0    0 1080   99 | StatusBar$_11062#172976 (4137)
05-15 20:59:50.760  1808  1808 D SurfaceFlinger:        DEVICE |           47510928230672 | 00002100 | RGBA_8888    |    0.0    0.0 1080.0  144.0 |    0 2196 1080 2340 | NavigationBar0$_11062#172972 (357)
05-15 20:59:50.760  1808  1808 D SurfaceFlinger:        DEVICE |           27157078223661 | 00002100 | RGBA_8888    |    0.0   13.0  290.0  158.0 |  395    0  685  145 | $_6323#154529 (967)
05-15 20:59:50.760  1808  1808 D SurfaceFlinger:        DEVICE |           27157078223656 | 00002100 | RGBA_8888    |    0.0    0.0 1080.0  115.0 |    0    0 1080  115 | $_6323#177506 (652)
05-15 20:59:50.760  1808  1808 D SurfaceFlinger:        DEVICE |           47510928230638 | 00
05-15 20:59:50.760  1808  1808 D SurfaceFlinger: 002140 | RGBA_8888    |    0.0    0.0 1080.0  121.0 |    0    0 1080  121 | ScreenDecorOverlay$_11062#172986 (67)
05-15 20:59:50.760  1808  1808 D SurfaceFlinger:        DEVICE |           47510928230639 | 00002140 | RGBA_8888    |    0.0    0.0 1080.0  121.0 |    0 2219 1080 2340 | ScreenDecorOverlayBottom$_11062#172987 (60)
05-15 20:59:50.760  1808  1808 D SurfaceFlinger:
05-15 20:59:50.761  1808  1808 I SurfaceFlinger: RequestedLayer [Task=2383#179508] hidden!! flag  from(0) --> to(1)
05-15 20:59:50.761  2090  2090 I CameraService: onUidStateChanged: uid=10048, procState is changed. (1 -> 0)
05-15 20:59:50.761  1808  1808 I SurfaceFlinger: [LayerHierarchy{RequestedLayerState{Transition Root: Task=2384#179533 z=8} 2 children}] reparent to OffscreenRoot
05-15 20:59:50.761  1808  1808 I SurfaceFlinger: [LayerHierarchy{RequestedLayerState{Transition Root: Task=2384#179533 z=8} 2 children}] RelativeParent to null
05-15 20:59:50.761  1808  1808 I SurfaceFlinger: [LayerHierarchy{RequestedLayerState{Task=2383#179508 parentId=172934 z=7} 1 children}] reparent to LayerHierarchy{RequestedLayerState{DefaultTaskDisplayArea_d0#172934 parentId=9} 10 children}
05-15 20:59:50.761  1808  1808 I SurfaceFlinger: [LayerHierarchy{RequestedLayerState{Task=2384#179527 parentId=172934 z=8} 1 children}] reparent to LayerHierarchy{RequestedLayerState{DefaultTaskDisplayArea_d0#172934 parentId=9} 11 children}
05-15 20:59:50.761  1808  1808 I SurfaceFlinger: [es.uniovi.recetasasturianas/es.uniovi.recetasasturianas.MainActivity$_24090#179537] attach to parent LayerHierarchy{RequestedLayerState{69737d6 es.uniovi.recetasasturianas/es.uniovi.recetasasturianas.MainActivity#179535 parentId=179528} 1 children}
05-15 20:59:50.761  1808  1808 I SurfaceFlinger: [Surface(name=8f932e4 StatusBar)/@0xabc478a - animation-leash of insets_animation#179538] attach to parent LayerHierarchy{RequestedLayerState{WindowToken{68a9b23 type=2000 android.os.BinderProxy@abe78dd}#172963 parentId=17} 2 children}
05-15 20:59:50.761  1808  1808 I SurfaceFlinger: [Surface(name=7a9d783 NavigationBar0)/@0x10e1471 - animation-leash of insets_animation#179539] attach to parent LayerHierarchy{RequestedLayerState{WindowToken{ec79b94 type=2019 android.os.BinderProxy@3619da6}#172956 parentId=34} 2 children}
05-15 20:59:50.761  1808  1808 I SurfaceFlinger: [Surface(name=8f932e4 StatusBar)/@0xabc478a - animation-leash of insets_animation#179540] attach to parent LayerHierarchy{RequestedLayerState{WindowToken{68a9b23 type=2000 android.os.BinderProxy@abe78dd}#172963 parentId=17} 3 children}
05-15 20:59:50.761 11062 11062 D SamsungLightBarControlHelper: updateStatusBar (WHITE icon) numStacks:1, StatusBarMode:MODE_TRANSPARENT, lightBarBounds:[], StatusBarState:SHADE, packageName:, isWhiteKeyguardStatusBar:false
05-15 20:59:50.761 11062 11062 D SamsungLightBarControlHelper: onStatusBarAppearanceChanged() -  sbModeChanged:false, statusBarMode:0, barState:MODE_TRANSPARENT, isKeyguardShowing:false, navbarColorManagedByIme:false, (AppearanceRegion{ bounds=[0,0][1080,2340]}, )
05-15 20:59:50.762 11062 11062 D NavigationBar: onSystemBarAttributesChanged() -  displayId:0, appearance:0, packageName: es.uniovi.recetasasturianas, navbarColorManagedByIme:false
05-15 20:59:50.762  1808  2497 I SurfaceFlinger: id=179541 createSurf, flag=24000, Surface(name=7a9d783 NavigationBar0)/@0x10e1471 - animation-leash of insets_animation#179541
05-15 20:59:50.764  1977  3573 I SystemKeyManager: requested systemKeyInfo size=1 focusedWindow=es.uniovi.recetasasturianas/es.uniovi.recetasasturianas.MainActivity
05-15 20:59:50.764  1977  3573 I SystemKeyManager: requested systemKeyInfo size=1 focusedWindow=es.uniovi.recetasasturianas/es.uniovi.recetasasturianas.MainActivity
05-15 20:59:50.764  1977  3573 I WindowManager: Relayout hash=69737d6, pid=24090, syncId=-1: mAttrs={(0,0)(fillxfill) sim={adjust=resize} layoutInDisplayCutoutMode=always ty=BASE_APPLICATION wanim=0x1030317
05-15 20:59:50.764  1977  3573 I WindowManager:   fl=81810100
05-15 20:59:50.764  1977  3573 I WindowManager:   pfl=100088c0
05-15 20:59:50.764  1977  3573 I WindowManager:   vsysui=500
05-15 20:59:50.764  1977  3573 I WindowManager:   bhv=1
05-15 20:59:50.764  1977  3573 I WindowManager:   fitSides=0
05-15 20:59:50.764  1977  3573 I WindowManager:   frameRateBoostOnTouch=true
05-15 20:59:50.764  1977  3573 I WindowManager:   dvrrWindowFrameRateHint=true naviIconColor=0}
05-15 20:59:50.764  1808  2497 I SurfaceFlinger: id=179495 Removed ActivityRecord{242776597 u0 es.uniovi.recetasasturianas/.MainActivity t2382}#179495 (173)
05-15 20:59:50.766  1977  6941 D PersonaActivityHelper: token.toString()  Token{b0eeda7 ActivityRecord{43990721 u0 es.uniovi.recetasasturianas/.MainActivity t2384}}
05-15 20:59:50.766  1977  6941 D PersonaActivityHelper: mLastResumedSFActivity getPackageName  com.android.settings
05-15 20:59:50.766  1977  6941 D PersonaActivityHelper: mLastResumedSFActivity getShortClassName  .fuelgauge.RequestIgnoreBatteryOptimizations
05-15 20:59:50.766 11062 11062 D QSClock : onDarkChanged tint=WHITE
05-15 20:59:50.766  1977  6941 D PersonaActivityHelper: token.toString()  Token{b9f3e4f ActivityRecord{45168115 u0 es.uniovi.recetasasturianas.test/androidx.test.core.app.InstrumentationActivityInvoker$EmptyActivity t2383 f}}}
05-15 20:59:50.766  1977  6941 D PersonaActivityHelper: mLastResumedSFActivity getPackageName  com.android.settings
05-15 20:59:50.766  1977  6941 D PersonaActivityHelper: mLastResumedSFActivity getShortClassName  .fuelgauge.RequestIgnoreBatteryOptimizations
05-15 20:59:50.766  1977  6941 D PersonaActivityHelper: token.toString()  Token{d2d617a ActivityRecord{148716444 u0 bitpit.launcher/.ui.HomeActivity t1351}}
05-15 20:59:50.766  1977  6941 D PersonaActivityHelper: mLastResumedSFActivity getPackageName  com.android.settings
05-15 20:59:50.766  1977  6941 D PersonaActivityHelper: mLastResumedSFActivity getShortClassName  .fuelgauge.RequestIgnoreBatteryOptimizations
05-15 20:59:50.766  1977  6941 D PersonaActivityHelper: token.toString()  Token{800cb1b ActivityRecord{242776597 u0 es.uniovi.recetasasturianas/.MainActivity t-1 f}}}
05-15 20:59:50.766  1977  6941 D PersonaActivityHelper: mLastResumedSFActivity getPackageName  com.android.settings
05-15 20:59:50.766  1977  6941 D PersonaActivityHelper: mLastResumedSFActivity getShortClassName  .fuelgauge.RequestIgnoreBatteryOptimizations
05-15 20:59:50.766 24267 24267 I VRI[InstrumentationActivityInvoker$EmptyActivity]@89a0672: handleAppVisibility mAppVisible = true visible = false
05-15 20:59:50.766 24267 24267 D VRI[InstrumentationActivityInvoker$EmptyActivity]@89a0672: visibilityChanged oldVisibility=true newVisibility=false
05-15 20:59:50.767 11062 20188 I WallpaperService: dispatchAppVisibility: systemlock, visible=false , mLidState = -1
05-15 20:59:50.767 11062 11719 I WallpaperService: reportVisibility: visibility changed. visible=false
05-15 20:59:50.767 11062 11719 I ImageWallpaper_7[Image]:  onVisibilityChanged: visible=false , displayId=0
05-15 20:59:50.767 24090 24090 W libc    : Access denied finding property "vendor.display.enable_optimal_refresh_rate"
05-15 20:59:50.767  1977  3573 D DARUtil : Device owner status not updated yet...
05-15 20:59:50.767  1977  3573 D DARUtil : Not an enterprise user : 0
05-15 20:59:50.767 24090 24090 I BufferQueueProducer: [](id:5e1a00000004,api:0,p:0,c:24090) setDequeueTimeout:2077252342
05-15 20:59:50.768 24090 24090 I BLASTBufferQueue_Java: new BLASTBufferQueue, mName= VRI[MainActivity]@4972095 mNativeObject= 0xb400007e28d725d0 caller= android.view.ViewRootImpl.updateBlastSurfaceIfNeeded:3585 android.view.ViewRootImpl.relayoutWindow:11685 android.view.ViewRootImpl.performTraversals:4804 android.view.ViewRootImpl.doTraversal:3924 android.view.ViewRootImpl$TraversalRunnable.run:12903 android.view.Choreographer$CallbackRecord.run:1901 android.view.Choreographer$CallbackRecord.run:1910 android.view.Choreographer.doCallbacks:1367 android.view.Choreographer.doFrame:1292 android.view.Choreographer$FrameDisplayEventReceiver.run:1870
05-15 20:59:50.768 24090 24090 I BLASTBufferQueue_Java: update, w= 1080 h= 2340 mName = VRI[MainActivity]@4972095 mNativeObject= 0xb400007e28d725d0 sc.mNativeObject= 0xb400007ea8d2b610 format= -1 caller= android.view.ViewRootImpl.updateBlastSurfaceIfNeeded:3590 android.view.ViewRootImpl.relayoutWindow:11685 android.view.ViewRootImpl.performTraversals:4804 android.view.ViewRootImpl.doTraversal:3924 android.view.ViewRootImpl$TraversalRunnable.run:12903 android.view.Choreographer$CallbackRecord.run:1901
05-15 20:59:50.768  1977  3573 D DARUtil : Device owner status not updated yet...
05-15 20:59:50.768  1977  3573 D DARUtil : Not an enterprise user : 0
05-15 20:59:50.768  1977  3573 D SyntheticPasswordManager.SDP: Inside fromBytes() - result.pinLength : -1
05-15 20:59:50.768  1977  3573 D SyntheticPasswordManager.SDP: 1. result.secureMode : 0
05-15 20:59:50.768 24090 24090 W libc    : Access denied finding property "vendor.display.enable_optimal_refresh_rate"
05-15 20:59:50.769 24090 24090 I VRI[MainActivity]@4972095: Relayout returned: old=(0,0,1080,2340) new=(0,0,1080,2340) relayoutAsync=false req=(1080,2340)0 dur=18 res=0x3 s={true 0xb400007de8dfefc0} ch=true seqId=0
05-15 20:59:50.769 11062 11719 D ImageWallpaper[WallpaperAnimator]: onEngineVisibilityChanged: visible = false, which = 7, isFullAodShown = false, isMultipack = false, mKeyguardState = false
05-15 20:59:50.769 11062 11719 D ImageWallpaper[WallpaperAnimator]: changeToDownScaleImmediately
05-15 20:59:50.769 11062 11719 I ImageWallpaper[WallpaperAnimator]: release
05-15 20:59:50.769 24090 24090 I VRI[MainActivity]@4972095: performConfigurationChange setNightDimText nightDimLevel=0
05-15 20:59:50.769 24090 24090 D VRI[MainActivity]@4972095: mThreadedRenderer.initialize() mSurface={isValid=true 0xb400007de8dfefc0} hwInitialized=true
05-15 20:59:50.770  1808  1808 I SurfaceFlinger: destroyed ActivityRecord{242776597 u0 es.uniovi.recetasasturianas/.MainActivity t2382}#179495 form LifecycleManager
05-15 20:59:50.770  1808  1808 I SurfaceFlinger: destroyed c3b4dff ActivityRecordInputSink es.uniovi.recetasasturianas/.MainActivity#179504 form LifecycleManager
05-15 20:59:50.770  1808  1808 I SurfaceFlinger: [Surface(name=7a9d783 NavigationBar0)/@0x10e1471 - animation-leash of insets_animation#179541] attach to parent LayerHierarchy{RequestedLayerState{WindowToken{ec79b94 type=2019 android.os.BinderProxy@3619da6}#172956 parentId=34} 3 children}
05-15 20:59:50.770  1808  1808 I SurfaceFlinger: [LayerHierarchy{RequestedLayerState{Transition Root: Task=2384#179533 z=8} no children}] reparent to OffscreenRoot
05-15 20:59:50.770  1808  1808 I SurfaceFlinger: [LayerHierarchy{RequestedLayerState{Transition Root: Task=2384#179533 z=8} no children}] RelativeParent to null
05-15 20:59:50.770  1808  1808 I SurfaceFlinger: id=179495 onLayerDestroyed from LayerHierarchyBuilder(RequestedLayerState{ActivityRecord{242776597 u0 es.uniovi.recetasasturianas/.MainActivity t2382}#179495 !handle})
05-15 20:59:50.770  1808  1808 I SurfaceFlinger: id=179504 onLayerDestroyed from LayerHierarchyBuilder(RequestedLayerState{c3b4dff ActivityRecordInputSink es.uniovi.recetasasturianas/.MainActivity#179504 !handle z=-2147483648})
05-15 20:59:50.771 11062 11062 D SystemUIService: SYSUI_RAM_OPTIMIZATION onTrimMemory=20
05-15 20:59:50.771 11062 11062 D CentralSurfaces: SYSUI_RAM_OPTIMIZATION onTrimMemory=20
05-15 20:59:50.772 11062 11227 D HWUI    : CacheManager::trimMemory(20)
05-15 20:59:50.772  1808  1808 I Layer   : id=179495 Destroyed ActivityRecord{242776597 u0 es.uniovi.recetasasturianas/.MainActivity t2382}#179495
05-15 20:59:50.772  1808  1808 I Layer   : id=179504 Destroyed c3b4dff ActivityRecordInputSink es.uniovi.recetasasturianas/.MainActivity#179504
05-15 20:59:50.772  1808  1808 I SurfaceFlinger: id=179533 Removed Transition Root: Task=2384#179533 (171)
