05-15 20:59:53.196 11062 11118 D ShellTaskOrganizer: removeStartingWindow, removalInfo=StartingWindowRemovalInfo{taskId=2389 frame=Rect(0, 0 - 1080, 2340) playRevealAnimation=true roundedCornerRadius=0.0 deferRemoveMode=0 windowlessSurface=false removeImmediately=false}
05-15 20:59:53.196  4195 10967 I HoneySpace.RecentTasks: onRunningTaskAppeared
05-15 20:59:53.196  4195 30507 I HoneySpace.RecentTasks: onRecentTasksChanged
05-15 20:59:53.197 20661 20699 I VRI[HomeActivity]@27ecfc4: Received frameCommittedCallback lastAttemptedDrawFrameNum=2 didProduceBuffer=true
05-15 20:59:53.197 20661 20661 D VRI[HomeActivity]@27ecfc4: reportDrawFinished seqId=0
05-15 20:59:53.199 20661 20661 D VRI[HomeActivity]@27ecfc4: mThreadedRenderer.initializeIfNeeded()#2 mSurface={isValid=true 0xb400007de8de26b0}
05-15 20:59:53.200 24090 24155 D HWUI    : CacheManager::trimMemory(20)
05-15 20:59:53.200 20661 20661 D InputMethodManagerUtils: startInputInner - Id : 0
05-15 20:59:53.200 20661 20661 I InputMethodManager: startInputInner - IInputMethodManagerGlobalInvoker.startInputOrWindowGainedFocus
05-15 20:59:53.200 20661 20726 I VRI[HomeActivity]@27ecfc4: mWNT: t=0xb400007df8dc9b50 mBlastBufferQueue=0xb400007e28d604b0 fn= 3 HdrRenderState mRenderHdrSdrRatio=1.0 caller= android.view.SyncRtSurfaceTransactionApplier.applyTransaction:100 android.view.SyncRtSurfaceTransactionApplier.lambda$scheduleApply$0:73 android.view.SyncRtSurfaceTransactionApplier.$r8$lambda$afI4fXg3U3-nBZQEDQMiNy-B06s:0
05-15 20:59:53.202  1808  1808 I SurfaceFlinger: destroyed Transition Root: Task=1#179629 form LifecycleManager
05-15 20:59:53.202  1808  1808 I SurfaceFlinger: id=179629 onLayerDestroyed from LayerHierarchyBuilder(RequestedLayerState{Transition Root: Task=1#179629 !handle})
05-15 20:59:53.203  1808  1808 I Layer   : id=179629 Destroyed Transition Root: Task=1#179629
05-15 20:59:53.203  1977  2142 D SurfaceComposerClient: setCornerRadius ## c5a06c0 bitpit.launcher/bitpit.launcher.ui.HomeActivity#155257 cornerRadius=0.000000
05-15 20:59:53.204  1977  2142 D SurfaceComposerClient: setCornerRadius ## c5a06c0 bitpit.launcher/bitpit.launcher.ui.HomeActivity#155257 cornerRadius=0.000000
05-15 20:59:53.204  1977  6948 I WindowManager: Relayout Window{9f5a776 u0 es.uniovi.recetasasturianas/es.uniovi.recetasasturianas.MainActivity}: viewVisibility=8 req=1080x2340 ty=1 d0
05-15 20:59:53.204  1977  6948 D SurfaceComposerClient: setCornerRadius ## c5a06c0 bitpit.launcher/bitpit.launcher.ui.HomeActivity#155257 cornerRadius=0.000000
05-15 20:59:53.204  1977  6948 D SurfaceComposerClient: setCornerRadius ## c5a06c0 bitpit.launcher/bitpit.launcher.ui.HomeActivity#155257 cornerRadius=0.000000
05-15 20:59:53.204 24267 24267 I VRI[InstrumentationActivityInvoker$EmptyActivity]@77c40c4: stopped(true) old = false
05-15 20:59:53.204 24267 24267 D VRI[InstrumentationActivityInvoker$EmptyActivity]@77c40c4: WindowStopped on es.uniovi.recetasasturianas.test/androidx.test.core.app.InstrumentationActivityInvoker$EmptyActivity set to true
05-15 20:59:53.205  1977  6948 I ImeTracker: system_server:6a120f40: onRequestShow at ORIGIN_SERVER reason CONTROLS_CHANGED fromUser false
05-15 20:59:53.205 24267 24288 D HWUI    : CacheManager::trimMemory(20)
05-15 20:59:53.205  1977  2946 I ImeTracker: bitpit.launcher:81ba8df5: onRequestHide at ORIGIN_SERVER reason HIDE_WINDOW_GAINED_FOCUS_WITHOUT_EDITOR fromUser false
05-15 20:59:53.206  1977  6950 I WindowManager: Relayout Window{1786ed7 u0 Splash Screen es.uniovi.recetasasturianas.test}: viewVisibility=8 req=1080x2340 ty=3 d0
05-15 20:59:53.206  1977  6950 D SurfaceComposerClient: setCornerRadius ## c5a06c0 bitpit.launcher/bitpit.launcher.ui.HomeActivity#155257 cornerRadius=0.000000
05-15 20:59:53.206  1977  6950 D SurfaceComposerClient: setCornerRadius ## c5a06c0 bitpit.launcher/bitpit.launcher.ui.HomeActivity#155257 cornerRadius=0.000000
05-15 20:59:53.207  1977  6948 I WindowManager: Relayout hash=9f5a776, pid=24090, syncId=-1: mAttrs={(0,0)(fillxfill) sim={adjust=resize forwardNavigation} layoutInDisplayCutoutMode=always ty=BASE_APPLICATION wanim=0x1030317
05-15 20:59:53.207  1977  6948 I WindowManager:   fl=81810100
05-15 20:59:53.207  1977  6948 I WindowManager:   pfl=100088c0
05-15 20:59:53.207  1977  6948 I WindowManager:   vsysui=500
05-15 20:59:53.207  1977  6948 I WindowManager:   bhv=1
05-15 20:59:53.207  1977  6948 I WindowManager:   fitSides=0
05-15 20:59:53.207  1977  6948 I WindowManager:   frameRateBoostOnTouch=true
05-15 20:59:53.207  1977  6948 I WindowManager:   dvrrWindowFrameRateHint=true naviIconColor=0}
05-15 20:59:53.207  1977  6950 I WindowManager: Relayout hash=1786ed7, pid=11062, syncId=-1: mAttrs={(0,0)(fillxfill) sim={adjust=pan} layoutInDisplayCutoutMode=always ty=APPLICATION_STARTING fmt=TRANSLUCENT
05-15 20:59:53.207  1977  6950 I WindowManager:   fl=81030118
05-15 20:59:53.207  1977  6950 I WindowManager:   pfl=10000810
05-15 20:59:53.207  1977  6950 I WindowManager:   apr=18
05-15 20:59:53.207  1977  6950 I WindowManager:   bhv=1
05-15 20:59:53.207  1977  6950 I WindowManager:   fitSides=0
05-15 20:59:53.207  1977  6950 I WindowManager:   frameRateBoostOnTouch=true
05-15 20:59:53.207  1977  6950 I WindowManager:   dvrrWindowFrameRateHint=true naviIconColor=0}
05-15 20:59:53.207 11062 11138 I VRI[test]@15f6604: onActiveControlsChanged, removed=false, mAdded=true, caller=android.view.ViewRootImpl.handleInsetsControlChanged:3002 android.view.ViewRootImpl.relayoutWindow:11629 android.view.ViewRootImpl.performTraversals:4804 android.view.ViewRootImpl.doTraversal:3924 android.view.ViewRootImpl$TraversalRunnable.run:12903
05-15 20:59:53.207 24090 24090 I ImeTracker: system_server:6a120f40: onCancelled at PHASE_CLIENT_ON_CONTROLS_CHANGED
05-15 20:59:53.207 11062 11138 I VRI[test]@15f6604: Relayout returned: old=(0,0,1080,2340) new=(0,0,1080,2340) relayoutAsync=false req=(1080,2340)8 dur=3 res=0x2 s={false 0x0} ch=true seqId=0
05-15 20:59:53.207 11062 11138 D VRI[test]@15f6604: Not drawing due to not visible. Reason=View.GONE
05-15 20:59:53.208 11062 11138 W WindowOnBackDispatcher: sendCancelIfRunning: isInProgress=false callback=android.view.ViewRootImpl$$ExternalSyntheticLambda16@d6ede70
05-15 20:59:53.208  1977  2134 D PkgPredictorService-SecIpmManagerServiceImpl: bg information pid:24090 uid:10625 pkgName:es.uniovi.recetasasturianas
05-15 20:59:53.208 24267 24267 W WindowOnBackDispatcher: sendCancelIfRunning: isInProgress=false callback=android.view.ViewRootImpl$$ExternalSyntheticLambda16@65ea530
05-15 20:59:53.208 11062 11138 I VRI[test]@15f6604: dispatchDetachedFromWindow
05-15 20:59:53.208 24090 24090 I VRI[MainActivity]@b76624d: Relayout returned: old=(0,0,1080,2340) new=(0,0,1080,2340) relayoutAsync=false req=(1080,2340)8 dur=6 res=0x2 s={false 0x0} ch=true seqId=0
05-15 20:59:53.209  1977  6943 D InputTransport: Input channel destroyed: '1786ed7', fd=1094
05-15 20:59:53.209 24090 24090 D VRI[MainActivity]@b76624d: Not drawing due to not visible. Reason=!mAppVisible && !mForceDecorViewVisibility
05-15 20:59:53.209  1977  6943 D SurfaceComposerClient: setCornerRadius ## c5a06c0 bitpit.launcher/bitpit.launcher.ui.HomeActivity#155257 cornerRadius=0.000000
05-15 20:59:53.209  1977  6943 D SurfaceComposerClient: setCornerRadius ## c5a06c0 bitpit.launcher/bitpit.launcher.ui.HomeActivity#155257 cornerRadius=0.000000
05-15 20:59:53.210 11062 11138 D InputTransport: Input channel destroyed: '1786ed7', fd=455
05-15 20:59:53.210  1808  1808 I SurfaceFlinger: RequestedLayer [es.uniovi.recetasasturianas/es.uniov[...]sturianas.MainActivity$_24090#179611] hidden!! flag  from(0) --> to(1)
05-15 20:59:53.210 11062 11062 D SystemUIService: SYSUI_RAM_OPTIMIZATION onTrimMemory=20
05-15 20:59:53.210  1808  1808 I SurfaceFlinger: RequestedLayer [ActivityRecord{97786880 u0 es.uniovi[...]turianas/.MainActivity t2388}#179601] hidden!! flag  from(0) --> to(1)
05-15 20:59:53.210 11062 11062 D CentralSurfaces: SYSUI_RAM_OPTIMIZATION onTrimMemory=20
05-15 20:59:53.210  1808  1808 I SurfaceFlinger: [LayerHierarchy{RequestedLayerState{IME-snapshot-surface#179620 z=1} no children}] reparent to OffscreenRoot
05-15 20:59:53.210  1808  1808 I SurfaceFlinger: [LayerHierarchy{RequestedLayerState{IME-snapshot-surface#179620 z=1} no children}] RelativeParent to null
05-15 20:59:53.210 11062 11227 D HWUI    : CacheManager::trimMemory(20)
05-15 20:59:53.211  1808  1808 I SurfaceFlinger: id=179620 Removed IME-snapshot-surface#179620 (176)
05-15 20:59:53.212 24090 24090 D ConnectivityManager: StackLog: [android.net.ConnectivityManager.unregisterNetworkCallback(ConnectivityManager.java:5575)] [com.bumptech.glide.manager.SingletonConnectivityReceiver$FrameworkConnectivityMonitorPostApi24.unregister(SingletonConnectivityReceiver.java:205)] [com.bumptech.glide.manager.SingletonConnectivityReceiver.maybeUnregisterReceiver(SingletonConnectivityReceiver.java:122)] [com.bumptech.glide.manager.SingletonConnectivityReceiver.unregister(SingletonConnectivityReceiver.java:105)] [com.bumptech.glide.manager.DefaultConnectivityMonitor.unregister(DefaultConnectivityMonitor.java:29)] [com.bumptech.glide.manager.DefaultConnectivityMonitor.onStop(DefaultConnectivityMonitor.java:39)] [com.bumptech.glide.manager.LifecycleLifecycle.onStop(LifecycleLifecycle.java:35)] [java.lang.reflect.Method.invoke(Native Method)] [androidx.lifecycle.ClassesInfoCache$MethodReference.invokeCallback(ClassesInfoCache.java:225)] [androidx.lifecycle.ClassesInfoCache$CallbackInfo.invokeMethodsForEvent(ClassesInfoCache.java:199)] [androidx.lifecycle.ClassesInfoCache$CallbackInfo.invokeCallbacks(ClassesInfoCache.java:190)] [androidx.lifecycle.ReflectiveGenericLifecycleObserver.onStateChanged(ReflectiveGenericLifecycleObserver.java:40)] [androidx.lifecycle.LifecycleRegistry$ObserverWithState.dispatchEvent(LifecycleRegistry.kt:322)] [androidx.lifecycle.LifecycleRegistry.backwardPass(LifecycleRegistry.kt:273)] [androidx.lifecycle.LifecycleRegistry.sync(LifecycleRegistry.kt:290)] [androidx.lifecycle.LifecycleRegistry.moveToState(LifecycleRegistry.kt:143)] [androidx.lifecycle.LifecycleRegistry.handleLifecycleEvent(LifecycleRegistry.kt:126)] [androidx.lifecycle.ReportFragment$Companion.dispatch$lifecycle_runtime_release(ReportFragment.kt:190)] [androidx.lifecycle.ReportFragment$LifecycleCallbacks.onActivityPreStopped(ReportFragment.kt:135)] [android.app.Activity.dispatchActivityPreStopped(Activity.java:1740)] [android.app.Activity.performStop(Activity.java:9789)] [android.app.ActivityThread.callActivityOnStop(ActivityThread.java:6744)] [android.app.ActivityThread.performStopActivityInner(ActivityThread.java:6718)] [android.app.ActivityThread.handleStopActivity(ActivityThread.java:6788)] [android.app.servertransaction.TransactionExecutor.performLifecycleSequence(TransactionExecutor.java:229)] [android.app.servertransaction.TransactionExecutor.cycleToPath(TransactionExecutor.java:194)] [android.app.servertransaction.TransactionExecutor.executeLifecycleItem(TransactionExecutor.java:166)] [android.app.servertransaction.TransactionExecutor.executeTransactionItems(TransactionExecutor.java:101)] [android.app.servertransaction.TransactionExecutor.execute(TransactionExecutor.java:80)] [android.app.ActivityThread$H.handleMessage(ActivityThread.java:3150)]
05-15 20:59:53.213 24267 24288 D HWUI    : CacheManager::trimMemory(20)
05-15 20:59:53.213 24267 24267 D ViewRootImpl: Skipping stats log for color mode
05-15 20:59:53.213 24267 24267 I VRI[InstrumentationActivityInvoker$EmptyActivity]@77c40c4: dispatchDetachedFromWindow
05-15 20:59:53.213  1977  2142 D SurfaceComposerClient: setCornerRadius ## c5a06c0 bitpit.launcher/bitpit.launcher.ui.HomeActivity#155257 cornerRadius=0.000000
05-15 20:59:53.213 24090 24090 I VRI[MainActivity]@b76624d: stopped(true) old = false
05-15 20:59:53.213  1977  2946 D InputTransport: Input channel constructed: 'ClientS', fd=1049
05-15 20:59:53.213 24090 24090 D VRI[MainActivity]@b76624d: WindowStopped on es.uniovi.recetasasturianas/es.uniovi.recetasasturianas.MainActivity set to true
05-15 20:59:53.213  1977  8796 D InputTransport: Input channel destroyed: '93206d5', fd=462
05-15 20:59:53.214 20661 20661 I InputMethodManager: handleMessage: setImeVisibility visible=false
05-15 20:59:53.214 20661 20661 D InsetsController: hide(ime(), fromIme=false)
05-15 20:59:53.214 24090 24155 D HWUI    : CacheManager::trimMemory(20)
05-15 20:59:53.214 20661 20661 I ImeTracker: bitpit.launcher:81ba8df5: onCancelled at PHASE_CLIENT_ALREADY_HIDDEN
05-15 20:59:53.214  1977  3160 D ConnectivityService:  Removing from current network [2805 CELLULAR], leaving 175 requests.
05-15 20:59:53.214  1977  2946 D InputTransport: Input channel destroyed: 'ClientS', fd=1049
05-15 20:59:53.214 20661 23726 D InputTransport: Input channel constructed: 'ClientS', fd=192
05-15 20:59:53.214 24090 24090 I AutofillManager: onInvisibleForAutofill(): expiringResponse
05-15 20:59:53.214 20661 20727 I VRI[HomeActivity]@27ecfc4: mWNT: t=0xb400007df8d97d50 mBlastBufferQueue=0xb400007e28d604b0 fn= 4 HdrRenderState mRenderHdrSdrRatio=1.0 caller= android.view.SyncRtSurfaceTransactionApplier.applyTransaction:100 android.view.SyncRtSurfaceTransactionApplier.lambda$scheduleApply$0:73 android.view.SyncRtSurfaceTransactionApplier.$r8$lambda$afI4fXg3U3-nBZQEDQMiNy-B06s:0
05-15 20:59:53.215 23357 23357 I LatinIME: onFinishInputView
05-15 20:59:53.215 23357 23357 I LatinIME: onFinishInput
05-15 20:59:53.215 24090 24090 D LifecycleMonitor: Lifecycle status change: es.uniovi.recetasasturianas.MainActivity@85f40da in: STOPPED
05-15 20:59:53.215 24090 24090 V ActivityScenario: Update currentActivityStage to STOPPED, currentActivity=es.uniovi.recetasasturianas.MainActivity@85f40da
05-15 20:59:53.215  1977  8796 D SurfaceComposerClient: setCornerRadius ## c5a06c0 bitpit.launcher/bitpit.launcher.ui.HomeActivity#155257 cornerRadius=0.000000
05-15 20:59:53.216  1977  8796 D SurfaceComposerClient: setCornerRadius ## c5a06c0 bitpit.launcher/bitpit.launcher.ui.HomeActivity#155257 cornerRadius=0.000000
05-15 20:59:53.216 23357 23357 D InputMethodService: unregisterCompatOnBackInvokedCallback : android.inputmethodservice.InputMethodService$$ExternalSyntheticLambda2@15b3bdd
05-15 20:59:53.216 23357 23357 D InputMethodService: updateClientDisplayId: displayId=0, mClientDisplayId=0
05-15 20:59:53.216 23357 23357 I LatinIME: Starting input. Cursor position = -1,-1
05-15 20:59:53.217 24267 24267 D InputTransport: Input channel destroyed: '93206d5', fd=124
05-15 20:59:53.217 23357 23357 I InputAttributes: InputType.TYPE_NULL is specified
05-15 20:59:53.217 23357 23357 I Settings: loadSettings
05-15 20:59:53.217 20661 20726 I VRI[HomeActivity]@27ecfc4: mWNT: t=0xb400007df8d980d0 mBlastBufferQueue=0xb400007e28d604b0 fn= 5 HdrRenderState mRenderHdrSdrRatio=1.0 caller= android.view.SyncRtSurfaceTransactionApplier.applyTransaction:100 android.view.SyncRtSurfaceTransactionApplier.lambda$scheduleApply$0:73 android.view.SyncRtSurfaceTransactionApplier.$r8$lambda$afI4fXg3U3-nBZQEDQMiNy-B06s:0
05-15 20:59:53.219  1808  1808 I SurfaceFlinger: [Display 0 name="Built-in Screen"#172933] setFrameRateCategory: Default
05-15 20:59:53.219  1808  1808 I SurfaceFlinger: RequestedLayer [Task=2389#179618] hidden!! flag  from(0) --> to(1)
05-15 20:59:53.219  1808  1808 I SurfaceFlinger: destroyed IME-snapshot-surface#179620 form LifecycleManager
05-15 20:59:53.219  1808  1808 I SurfaceFlinger: [LayerHierarchy{RequestedLayerState{Surface(name=93206d5 es.uniovi.recetasasturianas.test/androidx.test.core.app.InstrumentationActivityInvoker$EmptyActivity)/@0xcb05bab - animation-leash of starting_reveal#179630} 1 children}] reparent to OffscreenRoot
05-15 20:59:53.219  1808  1808 I SurfaceFlinger: [LayerHierarchy{RequestedLayerState{Surface(name=93206d5 es.uniovi.recetasasturianas.test/androidx.test.core.app.InstrumentationActivityInvoker$EmptyActivity)/@0xcb05bab - animation-leash of starting_reveal#179630} 1 children}] RelativeParent to null
05-15 20:59:53.219  1808  1808 I SurfaceFlinger: [LayerHierarchy{RequestedLayerState{1786ed7 Splash Screen es.uniovi.recetasasturianas.test#179621 z=2147483647} 1 children}] reparent to OffscreenRoot
05-15 20:59:53.219  1808  1808 I SurfaceFlinger: [LayerHierarchy{RequestedLayerState{1786ed7 Splash Screen es.uniovi.recetasasturianas.test#179621 z=2147483647} 1 children}] RelativeParent to null
05-15 20:59:53.219  1808  1808 I SurfaceFlinger: [LayerHierarchy{RequestedLayerState{93206d5 es.uniovi.recetasasturianas.test/androidx.test.core.app.InstrumentationActivityInvoker$EmptyActivity#179622 parentId=179619} 1 children}] reparent to LayerHierarchy{RequestedLayerState{ActivityRecord{135906723 u0 es.uniovi.recetasasturianas.test/androidx.test.core.app.InstrumentationActivityInvoker$EmptyActivity t2389}#179619 parentId=179618} 1 children}
05-15 20:59:53.219  1808  1808 I SurfaceFlinger: [LayerHierarchy{RequestedLayerState{Splash Screen es.uniovi.recetasasturianas.test$_11062#179623} no children}] reparent to OffscreenRoot
05-15 20:59:53.219  1808  1808 I SurfaceFlinger: [LayerHierarchy{RequestedLayerState{Splash Screen es.uniovi.recetasasturianas.test$_11062#179623} no children}] RelativeParent to null
05-15 20:59:53.219  1808  1808 I SurfaceFlinger: id=179620 onLayerDestroyed from LayerHierarchyBuilder(RequestedLayerState{IME-snapshot-surface#179620 !handle z=1})
05-15 20:59:53.219  1977  2134 D PkgPredictorService-SecIpmManagerServiceImpl: bg information pid:24267 uid:10626 pkgName:es.uniovi.recetasasturianas.test
05-15 20:59:53.219  1808  1808 I Layer   : id=179620 Destroyed IME-snapshot-surface#179620
05-15 20:59:53.220  1808  1808 I SurfaceFlinger: id=179623 Removed Splash Screen es.uniovi.recetasasturianas.test$_11062#179623 (175)
05-15 20:59:53.220  1808  1808 I SurfaceFlinger: id=179621 Removed 1786ed7 Splash Screen es.uniovi.recetasasturianas.test#179621 (175)
05-15 20:59:53.220  1808  1808 E RefreshRateSelector: Can't find HRR max refresh rate by policy with the same group 1080
05-15 20:59:53.220  1808  4802 I SurfaceFlinger: id=179631 createSurf, flag=24004, Surface(name=35023c1 InputMethod)/@0x1087f31 - animation-leash of insets_animation#179631
05-15 20:59:53.221 24090 24090 D LifecycleMonitor: Lifecycle status change: es.uniovi.recetasasturianas.MainActivity@85f40da in: DESTROYED
05-15 20:59:53.221 24090 24090 V ActivityScenario: Update currentActivityStage to DESTROYED, currentActivity=null
05-15 20:59:53.221  1977  4779 I ImeTracker: system_server:29178195: onRequestHide at ORIGIN_SERVER reason IME_REQUESTED_CHANGED_LISTENER fromUser false
05-15 20:59:53.221 24090 24138 I TestRunner: finished: searchRecipe_filtersList(es.uniovi.recetasasturianas.RecipeListFragmentTest)
