05-15 20:59:54.269 24090 24138 I TestRunner: started: clickRecipe_navigateToDetail(es.uniovi.recetasasturianas.RecipeListFragmentTest)
05-15 20:59:54.269  1977  2141 I ImeTracker: system_server:adeb1d5b: onCancelled at PHASE_SERVER_SHOULD_HIDE
05-15 20:59:54.270  1808  1808 I SurfaceFlinger: [Display 0 name="Built-in Screen"#172933] setFrameRateCategory: Default
05-15 20:59:54.270  1808  1808 I SurfaceFlinger: RequestedLayer [Task=2391#179650] hidden!! flag  from(0) --> to(1)
05-15 20:59:54.270  1808  1808 I SurfaceFlinger: destroyed Surface(name=35023c1 InputMethod)/@0x1087f31 - animation-leash of insets_animation#179649 form LifecycleManager
05-15 20:59:54.270  1808  1808 I SurfaceFlinger: [LayerHierarchy{RequestedLayerState{a26e6bc es.uniovi.recetasasturianas.test/androidx.test.core.app.InstrumentationActivityInvoker$EmptyActivity#179654} 1 children}] reparent to OffscreenRoot
05-15 20:59:54.270  1808  1808 I SurfaceFlinger: [LayerHierarchy{RequestedLayerState{a26e6bc es.uniovi.recetasasturianas.test/androidx.test.core.app.InstrumentationActivityInvoker$EmptyActivity#179654} 1 children}] RelativeParent to null
05-15 20:59:54.270  1808  1808 I SurfaceFlinger: [LayerHierarchy{RequestedLayerState{es.uniovi.recetasasturianas.test/androidx.test.core.app.InstrumentationActivityInvoker$EmptyActivity$_24267#179655} no children}] reparent to OffscreenRoot
05-15 20:59:54.270  1808  1808 I SurfaceFlinger: [LayerHierarchy{RequestedLayerState{es.uniovi.recetasasturianas.test/androidx.test.core.app.InstrumentationActivityInvoker$EmptyActivity$_24267#179655} no children}] RelativeParent to null
05-15 20:59:54.270  1808  1808 I SurfaceFlinger: [LayerHierarchy{RequestedLayerState{Surface(name=a26e6bc es.uniovi.recetasasturianas.test/androidx.test.core.app.InstrumentationActivityInvoker$EmptyActivity)/@0xebc195f - animation-leash of starting_reveal#179660} no children}] reparent to OffscreenRoot
05-15 20:59:54.270  1808  1808 I SurfaceFlinger: [LayerHierarchy{RequestedLayerState{Surface(name=a26e6bc es.uniovi.recetasasturianas.test/androidx.test.core.app.InstrumentationActivityInvoker$EmptyActivity)/@0xebc195f - animation-leash of starting_reveal#179660} no children}] RelativeParent to null
05-15 20:59:54.270  1808  1808 I SurfaceFlinger: id=179649 onLayerDestroyed from LayerHierarchyBuilder(RequestedLayerState{Surface(name=35023c1 InputMethod)/@0x1087f31 - animation-leash of insets_animation#179649 !handle})
05-15 20:59:54.271  1808  1808 I Layer   : id=179649 Destroyed Surface(name=35023c1 InputMethod)/@0x1087f31 - animation-leash of insets_animation#179649
05-15 20:59:54.270  1977  8528 D InputTransport: Input channel destroyed: 'cd5eee1', fd=1049
05-15 20:59:54.271  1808  1808 E RefreshRateSelector: Can't find HRR max refresh rate by policy with the same group 1080
05-15 20:59:54.271  1808  2995 I SurfaceFlinger: id=179654 Removed a26e6bc es.uniovi.recetasasturianas.test/androidx.test.core.app.InstrumentationActivityInvoker$EmptyActivity#179654 (178)
05-15 20:59:54.271  1808  2995 I SurfaceFlinger: id=179655 Removed es.uniovi.recetasasturianas.test/androidx.test.core.app.InstrumentationActivityInvoker$EmptyActivity$_24267#179655 (178)
05-15 20:59:54.271  1977  8528 D SurfaceComposerClient: setCornerRadius ## c5a06c0 bitpit.launcher/bitpit.launcher.ui.HomeActivity#155257 cornerRadius=0.000000
05-15 20:59:54.271 23357 23357 I InputMethodService: scheduleImeSurfaceRemoval: removeImeSurface is posted.
05-15 20:59:54.272  1977  8528 D SurfaceComposerClient: setCornerRadius ## c5a06c0 bitpit.launcher/bitpit.launcher.ui.HomeActivity#155257 cornerRadius=0.000000
05-15 20:59:54.272 11062 11138 D InputTransport: Input channel destroyed: 'cd5eee1', fd=457
05-15 20:59:54.273  1808  2995 I SurfaceFlinger: id=179662 createSurf, flag=24004, Task=2391#179662
05-15 20:59:54.273 20661 20727 I VRI[HomeActivity]@27ecfc4: mWNT: t=0xb400007df8dc4210 mBlastBufferQueue=0xb400007e28de3ce0 fn= 10 HdrRenderState mRenderHdrSdrRatio=1.0 caller= android.view.SyncRtSurfaceTransactionApplier.applyTransaction:100 android.view.SyncRtSurfaceTransactionApplier.lambda$scheduleApply$0:73 android.view.SyncRtSurfaceTransactionApplier.$r8$lambda$afI4fXg3U3-nBZQEDQMiNy-B06s:0
05-15 20:59:54.275  1977  2134 D PkgPredictorService-SecIpmManagerServiceImpl: bg information pid:24090 uid:10625 pkgName:es.uniovi.recetasasturianas
05-15 20:59:54.275  1977  2134 D PkgPredictorService-SecIpmManagerServiceImpl: bg information pid:24267 uid:10626 pkgName:es.uniovi.recetasasturianas.test
05-15 20:59:54.275 12633 21222 I Routine@Core[4.9.04.16]: ActivityWatcherListenerImpl: onStopComponent: componentName - es.uniovi.recetasasturianas.test, userId: 0
05-15 20:59:54.275 24090 24138 W Settings: Setting always_finish_activities has moved from android.provider.Settings.System to android.provider.Settings.Global, returning read-only value.
05-15 20:59:54.276 24090 24090 D BBA2    : setIsFg isFg = false; delayValue 3999ms
05-15 20:59:54.276  1808  2995 I SurfaceFlinger: id=179640 Removed 87c4905 ActivityRecordInputSink es.uniovi.recetasasturianas/.MainActivity#179640 (179)
05-15 20:59:54.277  1808  1899 I SurfaceFlinger: id=179663 createSurf, flag=24004, Task=2390#179663
05-15 20:59:54.278  1632  1829 I HYPER-HAL: [RequestManager.cpp]acquire(): Acquired ID : 17502506  [5896 / 20]    HINT :      list : [TABoost / 1]
05-15 20:59:54.278  1808  1808 I SurfaceFlinger: destroyed a26e6bc es.uniovi.recetasasturianas.test/androidx.test.core.app.InstrumentationActivityInvoker$EmptyActivity#179654 form LifecycleManager
05-15 20:59:54.278 12633 21222 I Routine@Core[4.9.04.16]: Pref: putSharedPrefsData: key=condition_launch_app_data_resume_pkg, data.size=49
05-15 20:59:54.278  1808  1808 I SurfaceFlinger: destroyed es.uniovi.recetasasturianas.test/androidx.test.core.app.InstrumentationActivityInvoker$EmptyActivity$_24267#179655 form LifecycleManager
05-15 20:59:54.278  1808  1808 I SurfaceFlinger: [Task=2390#179663] attach to parent Root
05-15 20:59:54.278  1808  1808 I SurfaceFlinger: [Task=2391#179662] attach to parent Root
05-15 20:59:54.278  1808  1808 I SurfaceFlinger: id=179654 onLayerDestroyed from LayerHierarchyBuilder(RequestedLayerState{a26e6bc es.uniovi.recetasasturianas.test/androidx.test.core.app.InstrumentationActivityInvoker$EmptyActivity#179654 !handle})
05-15 20:59:54.278  1808  1808 I SurfaceFlinger: id=179655 onLayerDestroyed from LayerHierarchyBuilder(RequestedLayerState{es.uniovi.recetasasturianas.test/androidx.test.core.app.InstrumentationActivityInvoker$EmptyActivity$_24267#179655 !handle})
05-15 20:59:54.279  1808  1808 I Layer   : id=179654 Destroyed a26e6bc es.uniovi.recetasasturianas.test/androidx.test.core.app.InstrumentationActivityInvoker$EmptyActivity#179654
05-15 20:59:54.279  1808  1808 I Layer   : id=179655 Destroyed es.uniovi.recetasasturianas.test/androidx.test.core.app.InstrumentationActivityInvoker$EmptyActivity$_24267#179655
05-15 20:59:54.280  4195  4195 I HoneySpace.TaskStackChangeRepositoryImpl: onTaskRemoved : 2391
05-15 20:59:54.281  4195  4195 I HoneySpace.TaskListViewModel[264452461]: taskRemoveId, 2391
05-15 20:59:54.281  4195  4195 W HoneySpace.TaskListViewModel[264452461]: task is already removed: 2391
05-15 20:59:54.281  4195  4401 I HoneySpace.TopTaskSource: onTaskRemoved: 2391
05-15 20:59:54.281 20661 20726 I VRI[HomeActivity]@27ecfc4: mWNT: t=0xb400007df8daf910 mBlastBufferQueue=0xb400007e28de3ce0 fn= 11 HdrRenderState mRenderHdrSdrRatio=1.0 caller= android.view.SyncRtSurfaceTransactionApplier.applyTransaction:100 android.view.SyncRtSurfaceTransactionApplier.lambda$scheduleApply$0:73 android.view.SyncRtSurfaceTransactionApplier.$r8$lambda$afI4fXg3U3-nBZQEDQMiNy-B06s:0
05-15 20:59:54.282  4195  4195 I HoneySpace.TaskStackChangeRepositoryImpl: onTaskRemoved : 2391
05-15 20:59:54.282  4195  4195 I HoneySpace.TaskListViewModel[264452461]: taskRemoveId, 2391
05-15 20:59:54.282  4195  4195 W HoneySpace.TaskListViewModel[264452461]: task is already removed: 2391
05-15 20:59:54.283 12633 21222 I Routine@Core[4.9.04.16]: ActivityWatcherListenerImpl: onStopComponent: componentName - es.uniovi.recetasasturianas, userId: 0
05-15 20:59:54.284  1977  4243 I SemDvfsHyPerManager: acquire hyper - AMS_APP_SWITCH/1977@28, type = -999
05-15 20:59:54.284 12633 21222 I Routine@Core[4.9.04.16]: Pref: putSharedPrefsData: key=condition_launch_app_data_resume_pkg, data.size=49
05-15 20:59:54.284  1808  1899 I SurfaceFlinger: id=179664 createSurf, flag=24004, Task=2392#179664
05-15 20:59:54.286  5896  5896 I SemDvfsHyPerManager: acquire hyper - APP_START_SHORT/5896@15, type = -999
05-15 20:59:54.287  1808  1808 I SurfaceFlinger: [Task=2392#179664] attach to parent LayerHierarchy{RequestedLayerState{DefaultTaskDisplayArea_d0#172934 parentId=9} 12 children}
05-15 20:59:54.287  1808  1899 I SurfaceFlinger: id=179665 createSurf, flag=84004, ActivityRecord{113146246 u0 es.uniovi.recetasasturianas/.MainActivity t2392}#179665
05-15 20:59:54.290 20661 20727 I VRI[HomeActivity]@27ecfc4: mWNT: t=0xb400007df8df1150 mBlastBufferQueue=0xb400007e28de3ce0 fn= 12 HdrRenderState mRenderHdrSdrRatio=1.0 caller= android.view.SyncRtSurfaceTransactionApplier.applyTransaction:100 android.view.SyncRtSurfaceTransactionApplier.lambda$scheduleApply$0:73 android.view.SyncRtSurfaceTransactionApplier.$r8$lambda$afI4fXg3U3-nBZQEDQMiNy-B06s:0
05-15 20:59:54.291 11062 11138 D ViewRootImpl: desktopMode is false
05-15 20:59:54.291 11062 11138 I ViewRootImpl: dVRR is disabled
05-15 20:59:54.292 11062 11227 D NativeCustomFrequencyManager: [NativeCFMS] BpCustomFrequencyManager::BpCustomFrequencyManager()
05-15 20:59:54.293  1977  6950 I SemDvfsHyPerManager: acquire hyper - AMS_APP_LAUNCH/1977@21, type = -999
05-15 20:59:54.294 11062 11118 D ShellDesktopMode: handleRequest: TransitionRequestInfo {type=1, tid=2392, debugId=14587}
05-15 20:59:54.294  1632  1829 I HYPER-HAL: [RequestManager.cpp]acquire(): Acquired ID : 2011043  [1977 / 28]    HINT : AMS_APP_SWITCH    list :
05-15 20:59:54.294  5896  5896 I SemDvfsHyPerManager: acquire hyper - APP_START/5896@17, type = -999
05-15 20:59:54.295  4301  4301 E pageboostd: Received HALT command code 2
05-15 20:59:54.295  1808  1808 I SurfaceFlinger: [LayerHierarchy{RequestedLayerState{ActivityRecord{32312203 u0 es.uniovi.recetasasturianas/.MainActivity t2390}#179636} 2 children}] reparent to OffscreenRoot
05-15 20:59:54.295  1808  1808 I SurfaceFlinger: [LayerHierarchy{RequestedLayerState{ActivityRecord{32312203 u0 es.uniovi.recetasasturianas/.MainActivity t2390}#179636} 2 children}] RelativeParent to null
05-15 20:59:54.295  1808  1808 I SurfaceFlinger: [LayerHierarchy{RequestedLayerState{Task=2390#179635 z=7} no children}] reparent to OffscreenRoot
05-15 20:59:54.295  1808  1808 I SurfaceFlinger: [LayerHierarchy{RequestedLayerState{Task=2390#179635 z=7} no children}] RelativeParent to null
05-15 20:59:54.295  1808  1808 I SurfaceFlinger: [LayerHierarchy{RequestedLayerState{es.uniovi.recetasasturianas/es.uniovi.recetasasturianas.MainActivity$_24090#179644} no children}] reparent to OffscreenRoot
05-15 20:59:54.295  1808  1808 I SurfaceFlinger: [LayerHierarchy{RequestedLayerState{es.uniovi.recetasasturianas/es.uniovi.recetasasturianas.MainActivity$_24090#179644} no children}] RelativeParent to null
05-15 20:59:54.295  1808  1808 I SurfaceFlinger: [LayerHierarchy{RequestedLayerState{3b15c37 es.uniovi.recetasasturianas/es.uniovi.recetasasturianas.MainActivity#179643} no children}] reparent to OffscreenRoot
05-15 20:59:54.295  1808  1808 I SurfaceFlinger: [LayerHierarchy{RequestedLayerState{3b15c37 es.uniovi.recetasasturianas/es.uniovi.recetasasturianas.MainActivity#179643} no children}] RelativeParent to null
05-15 20:59:54.295  1808  1808 I SurfaceFlinger: [LayerHierarchy{RequestedLayerState{Task=2391#179650 z=8} 1 children}] reparent to OffscreenRoot
05-15 20:59:54.295  1808  1808 I SurfaceFlinger: [LayerHierarchy{RequestedLayerState{Task=2391#179650 z=8} 1 children}] RelativeParent to null
05-15 20:59:54.295  1808  1808 I SurfaceFlinger: [LayerHierarchy{RequestedLayerState{ActivityRecord{229215882 u0 es.uniovi.recetasasturianas.test/androidx.test.core.app.InstrumentationActivityInvoker$EmptyActivity t2391}#179651} 1 children}] reparent to OffscreenRoot
05-15 20:59:54.295  1808  1808 I SurfaceFlinger: [LayerHierarchy{RequestedLayerState{ActivityRecord{229215882 u0 es.uniovi.recetasasturianas.test/androidx.test.core.app.InstrumentationActivityInvoker$EmptyActivity t2391}#179651} 1 children}] RelativeParent to null
05-15 20:59:54.295  1808  1808 I SurfaceFlinger: [LayerHierarchy{RequestedLayerState{cd5eee1 Splash Screen es.uniovi.recetasasturianas.test#179652 z=2147483647} 1 children}] reparent to OffscreenRoot
05-15 20:59:54.295  1808  1808 I SurfaceFlinger: [LayerHierarchy{RequestedLayerState{cd5eee1 Splash Screen es.uniovi.recetasasturianas.test#179652 z=2147483647} 1 children}] RelativeParent to null
05-15 20:59:54.295  1808  1808 I SurfaceFlinger: [LayerHierarchy{RequestedLayerState{Splash Screen es.uniovi.recetasasturianas.test$_11062#179653} no children}] reparent to OffscreenRoot
05-15 20:59:54.295  1808  1808 I SurfaceFlinger: [LayerHierarchy{RequestedLayerState{Splash Screen es.uniovi.recetasasturianas.test$_11062#179653} no children}] RelativeParent to null
05-15 20:59:54.295  1808  1808 I SurfaceFlinger: [LayerHierarchy{RequestedLayerState{Task=2390#179663 z=7} no children}] reparent to OffscreenRoot
05-15 20:59:54.295  1808  1808 I SurfaceFlinger: [LayerHierarchy{RequestedLayerState{Task=2390#179663 z=7} no children}] RelativeParent to null
05-15 20:59:54.295  1808  1808 I SurfaceFlinger: [LayerHierarchy{RequestedLayerState{Task=2391#179662 z=8} no children}] reparent to OffscreenRoot
05-15 20:59:54.295  1808  1808 I SurfaceFlinger: [LayerHierarchy{RequestedLayerState{Task=2391#179662 z=8} no children}] RelativeParent to null
05-15 20:59:54.295  1808  1808 I SurfaceFlinger: [ActivityRecord{113146246 u0 es.uniovi.recetasasturianas/.MainActivity t2392}#179665] attach to parent LayerHierarchy{RequestedLayerState{Task=2392#179664 parentId=172934} 1 children}
05-15 20:59:54.296  1808  2995 I SurfaceFlinger: id=179643 Removed 3b15c37 es.uniovi.recetasasturianas/es.uniovi.recetasasturianas.MainActivity#179643 (180)
05-15 20:59:54.296  1808  2995 I SurfaceFlinger: id=179652 Removed cd5eee1 Splash Screen es.uniovi.recetasasturianas.test#179652 (180)
05-15 20:59:54.296  1808  2995 I SurfaceFlinger: id=179651 Removed ActivityRecord{229215882 u0 es.uniovi.recetasasturianas.test/androidx.test.core.app.InstrumentationActivityInvoker$EmptyActivity t2391}#179651 (180)
05-15 20:59:54.296  1808  1897 I SurfaceFlinger: id=179662 Removed Task=2391#179662 (180)
05-15 20:59:54.296  1808  1897 I SurfaceFlinger: id=179636 Removed ActivityRecord{32312203 u0 es.uniovi.recetasasturianas/.MainActivity t2390}#179636 (180)
05-15 20:59:54.296  1808  1897 I SurfaceFlinger: id=179663 Removed Task=2390#179663 (180)
05-15 20:59:54.296  1808  1897 I SurfaceFlinger: id=179644 Removed es.uniovi.recetasasturianas/es.uniovi.recetasasturianas.MainActivity$_24090#179644 (180)
05-15 20:59:54.296  1808  1897 I SurfaceFlinger: id=179653 Removed Splash Screen es.uniovi.recetasasturianas.test$_11062#179653 (180)
05-15 20:59:54.297  1632  1829 I HYPER-HAL: [ResourceManager.cpp]updateResource(): [CPULittleMinFreq] UpdateResource Request ID : 2011043    Value : 1804800
05-15 20:59:54.298 20661 20726 I VRI[HomeActivity]@27ecfc4: mWNT: t=0xb400007df8d4a490 mBlastBufferQueue=0xb400007e28de3ce0 fn= 13 HdrRenderState mRenderHdrSdrRatio=1.0 caller= android.view.SyncRtSurfaceTransactionApplier.applyTransaction:100 android.view.SyncRtSurfaceTransactionApplier.lambda$scheduleApply$0:73 android.view.SyncRtSurfaceTransactionApplier.$r8$lambda$afI4fXg3U3-nBZQEDQMiNy-B06s:0
05-15 20:59:54.301  1632  1829 I HYPER-HAL: [ResourceManager.cpp]updateResource(): [CPUMinFreq] UpdateResource Request ID : 2011043    Value : 2841600
05-15 20:59:54.302  1632  1829 I HYPER-HAL: [RequestManager.cpp]acquire(): Acquired ID : 17472931  [5896 / 15]    HINT : APP_START    list : [TIMEOUT / 1500]
05-15 20:59:54.302  1632  1829 I HYPER-HAL: [ResourceManager.cpp]updateResource(): [CPUMaxFreq] UpdateResource Request ID : 17472931    Value : 2841600
05-15 20:59:54.302  1632  1829 I HYPER-HAL: [RequestManager.cpp]acquire(): Acquired ID : 1997022  [1977 / 21]    HINT : AMS_APP_LAUNCH    list :
05-15 20:59:54.302  1632  1829 I HYPER-HAL: [ResourceManager.cpp]updateResource(): [CPULittleMinFreq] UpdateResource Request ID : 1997022    Value : 1804800
05-15 20:59:54.302  1632  1829 I HYPER-HAL: [ResourceManager.cpp]updateResource(): [CPUMinFreq] UpdateResource Request ID : 1997022    Value : 2841600
05-15 20:59:54.302  1632  1829 I HYPER-HAL: [RequestManager.cpp]acquire(): Acquired ID : 17484758  [5896 / 17]    HINT : APP_START    list :
05-15 20:59:54.302  1632  1829 I HYPER-HAL: [ResourceManager.cpp]updateResource(): [CPUMaxFreq] UpdateResource Request ID : 17484758    Value : 2841600
05-15 20:59:54.303  1808  1808 I SurfaceFlinger: [Display 0 name="Built-in Screen"#172933] setFrameRateCategory: High
05-15 20:59:54.303  1808  1808 I SurfaceFlinger: destroyed ActivityRecord{32312203 u0 es.uniovi.recetasasturianas/.MainActivity t2390}#179636 form LifecycleManager
05-15 20:59:54.303  1808  1808 I SurfaceFlinger: destroyed 87c4905 ActivityRecordInputSink es.uniovi.recetasasturianas/.MainActivity#179640 form LifecycleManager
05-15 20:59:54.303  1808  1808 I SurfaceFlinger: destroyed es.uniovi.recetasasturianas/es.uniovi.recetasasturianas.MainActivity$_24090#179644 form LifecycleManager
05-15 20:59:54.303  1808  1808 I SurfaceFlinger: destroyed 3b15c37 es.uniovi.recetasasturianas/es.uniovi.recetasasturianas.MainActivity#179643 form LifecycleManager
05-15 20:59:54.303  1808  1808 I SurfaceFlinger: destroyed Task=2391#179662 form LifecycleManager
05-15 20:59:54.303  1808  1808 I SurfaceFlinger: destroyed Task=2390#179663 form LifecycleManager
05-15 20:59:54.303  1808  1808 I SurfaceFlinger: destroyed Splash Screen es.uniovi.recetasasturianas.test$_11062#179653 form LifecycleManager
05-15 20:59:54.303  1808  1808 I SurfaceFlinger: destroyed cd5eee1 Splash Screen es.uniovi.recetasasturianas.test#179652 form LifecycleManager
05-15 20:59:54.303  1808  1808 I SurfaceFlinger: destroyed ActivityRecord{229215882 u0 es.uniovi.recetasasturianas.test/androidx.test.core.app.InstrumentationActivityInvoker$EmptyActivity t2391}#179651 form LifecycleManager
05-15 20:59:54.303  1808  1808 I SurfaceFlinger: id=179636 onLayerDestroyed from LayerHierarchyBuilder(RequestedLayerState{ActivityRecord{32312203 u0 es.uniovi.recetasasturianas/.MainActivity t2390}#179636 !handle})
05-15 20:59:54.303  1808  1808 I SurfaceFlinger: id=179640 onLayerDestroyed from LayerHierarchyBuilder(RequestedLayerState{87c4905 ActivityRecordInputSink es.uniovi.recetasasturianas/.MainActivity#179640 !handle z=-2147483648})
05-15 20:59:54.303  1808  1808 I SurfaceFlinger: id=179644 onLayerDestroyed from LayerHierarchyBuilder(RequestedLayerState{es.uniovi.recetasasturianas/es.uniovi.recetasasturianas.MainActivity$_24090#179644 !handle})
05-15 20:59:54.303  1808  1808 I SurfaceFlinger: id=179643 onLayerDestroyed from LayerHierarchyBuilder(RequestedLayerState{3b15c37 es.uniovi.recetasasturianas/es.uniovi.recetasasturianas.MainActivity#179643 !handle})
05-15 20:59:54.303  1808  1808 I SurfaceFlinger: id=179662 onLayerDestroyed from LayerHierarchyBuilder(RequestedLayerState{Task=2391#179662 !handle z=8})
05-15 20:59:54.303  1808  1808 I SurfaceFlinger: id=179663 onLayerDestroyed from LayerHierarchyBuilder(RequestedLayerState{Task=2390#179663 !handle z=7})
05-15 20:59:54.303  1808  1808 I SurfaceFlinger: id=179653 onLayerDestroyed from LayerHierarchyBuilder(RequestedLayerState{Splash Screen es.uniovi.recetasasturianas.test$_11062#179653 !handle})
05-15 20:59:54.303  1808  1808 I SurfaceFlinger: id=179652 onLayerDestroyed from LayerHierarchyBuilder(RequestedLayerState{cd5eee1 Splash Screen es.uniovi.recetasasturianas.test#179652 !handle z=2147483647})
05-15 20:59:54.303  1808  1808 I SurfaceFlinger: id=179651 onLayerDestroyed from LayerHierarchyBuilder(RequestedLayerState{ActivityRecord{229215882 u0 es.uniovi.recetasasturianas.test/androidx.test.core.app.InstrumentationActivityInvoker$EmptyActivity t2391}#179651 !handle})
05-15 20:59:54.304  1808  1808 I Layer   : id=179636 Destroyed ActivityRecord{32312203 u0 es.uniovi.recetasasturianas/.MainActivity t2390}#179636
05-15 20:59:54.304  1808  1808 I Layer   : id=179640 Destroyed 87c4905 ActivityRecordInputSink es.uniovi.recetasasturianas/.MainActivity#179640
05-15 20:59:54.304  1808  1808 I Layer   : id=179644 Destroyed es.uniovi.recetasasturianas/es.uniovi.recetasasturianas.MainActivity$_24090#179644
05-15 20:59:54.304  1808  1808 I Layer   : id=179643 Destroyed 3b15c37 es.uniovi.recetasasturianas/es.uniovi.recetasasturianas.MainActivity#179643
05-15 20:59:54.304  1808  1808 I Layer   : id=179662 Destroyed Task=2391#179662
05-15 20:59:54.304  1808  1808 I Layer   : id=179663 Destroyed Task=2390#179663
05-15 20:59:54.304  1808  1808 I Layer   : id=179653 Destroyed Splash Screen es.uniovi.recetasasturianas.test$_11062#179653
05-15 20:59:54.304  1808  1808 I Layer   : id=179652 Destroyed cd5eee1 Splash Screen es.uniovi.recetasasturianas.test#179652
05-15 20:59:54.304  1808  1808 I Layer   : id=179651 Destroyed ActivityRecord{229215882 u0 es.uniovi.recetasasturianas.test/androidx.test.core.app.InstrumentationActivityInvoker$EmptyActivity t2391}#179651
05-15 20:59:54.304  1808  1808 I BpBinder: onLastStrongRef automatically unlinking death recipients:
05-15 20:59:54.305   776   776 I lmkd    : 1(delay), 0(swap), 0(freelimit), 0(reentrymode) memory pressure events were skipped after a kill!
05-15 20:59:54.305  4195  4401 I HoneySpace.TopTaskSource: onTaskRemoved: 2391
05-15 20:59:54.305  4195  4195 I HoneySpace.TaskStackChangeRepositoryImpl: onTaskRemoved : 2390
05-15 20:59:54.305  4195  4195 I HoneySpace.TaskStackChangeRepositoryImpl: onTaskRemoved : 2390
05-15 20:59:54.307  4195 23188 I HoneySpace.RecentTasks: onRunningTaskVanished
05-15 20:59:54.307  4195 23188 I HoneySpace.RecentTasks: onRunningTaskVanished
05-15 20:59:54.307  4195 23188 I HoneySpace.RecentTasks: onRecentTasksChanged
05-15 20:59:54.307  4195 10967 I HoneySpace.RecentTasks: onRecentTasksChanged
05-15 20:59:54.308  1977  8791 D InputTransport: Input channel constructed: 'c78860d', fd=462
05-15 20:59:54.308  1977  8791 D InputTransport: Input channel constructed: 'c78860d', fd=1094
05-15 20:59:54.308  1977  8791 D InputTransport: Input channel constructed: 'c78860d', fd=1134
05-15 20:59:54.308  1977  8791 D InputTransport: Input channel destroyed: 'c78860d', fd=1094
05-15 20:59:54.308  1808  1897 I SurfaceFlinger: id=179666 createSurf, flag=84004, c78860d Splash Screen es.uniovi.recetasasturianas#179666
05-15 20:59:54.309  1977  8791 D InputTransport: Input channel destroyed: 'c78860d', fd=1134
05-15 20:59:54.309 11062 11138 D InputTransport: Input channel constructed: 'c78860d', fd=446
05-15 20:59:54.310 11062 11138 I InsetsController: onStateChanged: host=Splash Screen es.uniovi.recetasasturianas, from=android.view.ViewRootImpl.onInsetsStateChanged:3026, state=InsetsState: {mDisplayFrame=Rect(0, 0 - 1080, 2340), mDisplayCutout=DisplayCutout{insets=Rect(0, 99 - 0, 0) waterfall=Insets{left=0, top=0, right=0, bottom=0} boundingRect={Bounds=[Rect(0, 0 - 0, 0), Rect(505, 0 - 575, 99), Rect(0, 0 - 0, 0), Rect(0, 0 - 0, 0)]} cutoutPathParserInfo={CutoutPathParserInfo{displayWidth=1080 displayHeight=2340 physicalDisplayWidth=1080 physicalDisplayHeight=2340 density={3.0} cutoutSpec={M 0,0 M 0,29 a 35,35 0 1,0 0,70 a 35,35 0 1,0 0,-70 Z} rotation={0} scale={1.0} physicalPixelDisplaySizeRatio={1.0}}} sideOverrides={}}, mRoundedCorners=RoundedCorners{[RoundedCorner{position=TopLeft, radius=108, center=Point(108, 108)}, RoundedCorner{position=TopRight, radius=108, center=Point(972, 108)}, RoundedCorner{position=BottomRight, radius=108, center=Point(972, 2232)}, RoundedCorner{position=BottomLeft, radius=108, center=Point(108, 2232)}]}  mRoundedCornerFrame=Rect(0, 0 - 1080, 2340), mPrivacyIndicatorBounds=PrivacyIndicatorBounds {static bounds=Rect(948, 0 - 1080, 99) rotation=0}, mDisplayShape=DisplayShape{ spec=-311912193 displayWidth=1080 displayHeight=2340 physicalPixelDisplaySizeRatio=1.0 rotation=0 offsetX=0 offsetY=0 scale=1.0}, mSources= { InsetsSource: {b73a0001 mType=navigationBars mFrame=[0,0][0,0] mVisible=true mFlags=SUPPRESS_SCRIM mSideHint=NONE mBoundingRects=null}, InsetsSource: {b73a0004 mType=systemGestures mFrame=[0,0][90,2340] mVisible=true mFlags= mSideHint=LEFT mBoundingRects=null}, InsetsSource: {b73a0005 mType=mandatorySystemGestures mFrame=[0,2265][1080,2340] mVisible=true mFlags= mSideHint=BOTTOM mBoundingRects=null}, InsetsSource: {b73a0006 mType=tappableElement mFrame=[0,0][0,0] mVisible=true mFlags= mSideHint=NONE mBoundingRects=null}, InsetsSource: {b73a0024 mType=systemGestures mFrame=[990,0][1080,2340] mVisible=true mFlags= mSideHint=RIGHT mBoundingRects=null}, InsetsSource: {27 mType=displayCutout mFrame=[0,0][1080,99] mVisible=true mFlags= mSideHint=TOP mBoundingRects=null}, InsetsSource: {9260000 mType=statusBars mFrame=[0,0][1080,99] mVisible=false mFlags= mSideHint=TOP mBoundingRects=null}, InsetsSource: {9260005 mType=mandatorySystemGestures mFrame=[0,0][1080,135] mVisible=true mFlags= mSideHint=TOP mBoundingRects=null}, InsetsSource: {9260006 mType=tappableElement mFrame=[0,0][1080,99] mVisible=true mFlags= mSideHint=TOP mBoundingRects=null} }
05-15 20:59:54.310 11062 11138 I VRI[recetasasturianas]@6f707ee: onActiveControlsChanged, removed=false, mAdded=true, caller=android.view.ViewRootImpl.handleInsetsControlChanged:3002 android.view.ViewRootImpl.setView:2014 android.view.WindowManagerGlobal.addView:604 com.android.wm.shell.startingsurface.SplashscreenWindowCreator.addWindow:38 com.android.wm.shell.startingsurface.StartingWindowController$$ExternalSyntheticLambda4.run:1365
05-15 20:59:54.310 11062 11138 I VRI[recetasasturianas]@6f707ee: synced displayState. AttachInfo displayState=2
05-15 20:59:54.311  2090  2090 I CameraService: onUidStateChanged: uid=10048, procState is changed. (0 -> 1)
05-15 20:59:54.311  1808  1808 I SurfaceFlinger: [c78860d Splash Screen es.uniovi.recetasasturianas#179666] attach to parent LayerHierarchy{RequestedLayerState{ActivityRecord{113146246 u0 es.uniovi.recetasasturianas/.MainActivity t2392}#179665 parentId=179664} 1 children}
05-15 20:59:54.313  4195  4401 I HoneySpace.TopTaskSource: onTaskRemoved: 2390
05-15 20:59:54.318  1977  6970 D GraphicsStatsService: requestRenderEngineFor(es.uniovi.recetasasturianas)
05-15 20:59:54.319  4195  4195 I HoneySpace.TaskListViewModel[264452461]: taskRemoveId, 2390
05-15 20:59:54.319  4195  4195 W HoneySpace.TaskListViewModel[264452461]: task is already removed: 2390
05-15 20:59:54.320  4195  4195 I HoneySpace.TaskListViewModel[264452461]: taskRemoveId, 2390
05-15 20:59:54.320  4195  4195 W HoneySpace.TaskListViewModel[264452461]: task is already removed: 2390
05-15 20:59:54.344  1977  6943 D InputDispatcher: Focused application(0): ActivityRecord{113146246 u0 es.uniovi.recetasasturianas/.MainActivity t2392}
05-15 20:59:54.345  1977  6943 D SurfaceComposerClient: setCornerRadius ## c78860d Splash Screen es.uniovi.recetasasturianas#179666 cornerRadius=0.000000
05-15 20:59:54.346  1977  6943 D SurfaceComposerClient: setCornerRadius ## c78860d Splash Screen es.uniovi.recetasasturianas#179666 cornerRadius=0.000000
05-15 20:59:54.347 20661 20727 I VRI[HomeActivity]@27ecfc4: mWNT: t=0xb400007df8dd93d0 mBlastBufferQueue=0xb400007e28de3ce0 fn= 14 HdrRenderState mRenderHdrSdrRatio=1.0 caller= android.view.SyncRtSurfaceTransactionApplier.applyTransaction:100 android.view.SyncRtSurfaceTransactionApplier.lambda$scheduleApply$0:73 android.view.SyncRtSurfaceTransactionApplier.$r8$lambda$afI4fXg3U3-nBZQEDQMiNy-B06s:0
05-15 20:59:54.347 11062 11138 I VRI[recetasasturianas]@6f707ee: setView = android.widget.FrameLayout@69fb508 IsHRR=false mFlingFrameRateChange=0 TM=true
05-15 20:59:54.348 11062 11227 D HWUI    : HWUI - treat SMPTE_170M as sRGB
05-15 20:59:54.349  1977  6948 I WindowManager: Relayout Window{c78860d u0 Splash Screen es.uniovi.recetasasturianas}: viewVisibility=0 req=1080x2340 ty=3 d0
05-15 20:59:54.349  1808  4802 I SurfaceFlinger: id=179667 createSurf, flag=44004, Splash Screen es.uniovi.recetasasturianas$_11062#179667
05-15 20:59:54.349 12633 21222 I Routine@Core[4.9.04.16]: ActivityWatcherListenerImpl: onPauseComponent: componentName - bitpit.launcher, userId: 0
05-15 20:59:54.349 12633 21222 I Routine@Core[4.9.04.16]: Pref: removeSharedPrefsData() key=condition_launch_app_data_resume_pkg
05-15 20:59:54.349  1977  6948 D SurfaceComposerClient: setCornerRadius ## c78860d Splash Screen es.uniovi.recetasasturianas#179666 cornerRadius=0.000000
05-15 20:59:54.350  1977  6948 D SurfaceComposerClient: setCornerRadius ## c78860d Splash Screen es.uniovi.recetasasturianas#179666 cornerRadius=0.000000
05-15 20:59:54.350  4195  4401 I HoneySpace.TopTaskSource: onTaskRemoved: 2390
05-15 20:59:54.350  1977  6948 I WindowManager: Relayout hash=c78860d, pid=11062, syncId=-1: mAttrs={(0,0)(fillxfill) sim={adjust=pan} layoutInDisplayCutoutMode=always ty=APPLICATION_STARTING fmt=TRANSLUCENT wanim=0x1030317
05-15 20:59:54.350  1977  6948 I WindowManager:   fl=81030118
05-15 20:59:54.350  1977  6948 I WindowManager:   pfl=10000810
05-15 20:59:54.350  1977  6948 I WindowManager:   bhv=1
05-15 20:59:54.350  1977  6948 I WindowManager:   fitSides=0
05-15 20:59:54.350  1977  6948 I WindowManager:   frameRateBoostOnTouch=true
05-15 20:59:54.350  1977  6948 I WindowManager:   dvrrWindowFrameRateHint=true naviIconColor=0}
05-15 20:59:54.351 11062 11138 I InsetsController: onStateChanged: host=Splash Screen es.uniovi.recetasasturianas, from=android.view.ViewRootImpl.onInsetsStateChanged:3026, state=InsetsState: {mDisplayFrame=Rect(0, 0 - 1080, 2340), mDisplayCutout=DisplayCutout{insets=Rect(0, 99 - 0, 0) waterfall=Insets{left=0, top=0, right=0, bottom=0} boundingRect={Bounds=[Rect(0, 0 - 0, 0), Rect(505, 0 - 575, 99), Rect(0, 0 - 0, 0), Rect(0, 0 - 0, 0)]} cutoutPathParserInfo={CutoutPathParserInfo{displayWidth=1080 displayHeight=2340 physicalDisplayWidth=1080 physicalDisplayHeight=2340 density={3.0} cutoutSpec={M 0,0 M 0,29 a 35,35 0 1,0 0,70 a 35,35 0 1,0 0,-70 Z} rotation={0} scale={1.0} physicalPixelDisplaySizeRatio={1.0}}} sideOverrides={}}, mRoundedCorners=RoundedCorners{[RoundedCorner{position=TopLeft, radius=108, center=Point(108, 108)}, RoundedCorner{position=TopRight, radius=108, center=Point(972, 108)}, RoundedCorner{position=BottomRight, radius=108, center=Point(972, 2232)}, RoundedCorner{position=BottomLeft, radius=108, center=Point(108, 2232)}]}  mRoundedCornerFrame=Rect(0, 0 - 1080, 2340), mPrivacyIndicatorBounds=PrivacyIndicatorBounds {static bounds=Rect(948, 0 - 1080, 99) rotation=0}, mDisplayShape=DisplayShape{ spec=-311912193 displayWidth=1080 displayHeight=2340 physicalPixelDisplaySizeRatio=1.0 rotation=0 offsetX=0 offsetY=0 scale=1.0}, mSources= { InsetsSource: {b73a0001 mType=navigationBars mFrame=[0,0][0,0] mVisible=true mFlags=SUPPRESS_SCRIM mSideHint=NONE mBoundingRects=null}, InsetsSource: {b73a0004 mType=systemGestures mFrame=[0,0][90,2340] mVisible=true mFlags= mSideHint=LEFT mBoundingRects=null}, InsetsSource: {b73a0005 mType=mandatorySystemGestures mFrame=[0,2265][1080,2340] mVisible=true mFlags= mSideHint=BOTTOM mBoundingRects=null}, InsetsSource: {b73a0006 mType=tappableElement mFrame=[0,0][0,0] mVisible=true mFlags= mSideHint=NONE mBoundingRects=null}, InsetsSource: {b73a0024 mType=systemGestures mFrame=[990,0][1080,2340] mVisible=true mFlags= mSideHint=RIGHT mBoundingRects=null}, InsetsSource: {3 mType=ime mFrame=[0,0][0,0] mVisible=false mFlags= mSideHint=NONE mBoundingRects=null}, InsetsSource: {27 mType=displayCutout mFrame=[0,0][1080,99] mVisible=true mFlags= mSideHint=TOP mBoundingRects=null}, InsetsSource: {9260000 mType=statusBars mFrame=[0,0][1080,99] mVisible=false mFlags= mSideHint=TOP mBoundingRects=null}, InsetsSource: {9260005 mType=mandatorySystemGestures mFrame=[0,0][1080,135] mVisible=true mFlags= mSideHint=TOP mBoundingRects=null}, InsetsSource: {9260006 mType=tappableElement mFrame=[0,0][1080,99] mVisible=true mFlags= mSideHint=TOP mBoundingRects=null} }
05-15 20:59:54.351  1977  3186 D AS.MultiSoundManager: mForegroundUid = 10625
05-15 20:59:54.351 11062 11138 I VRI[recetasasturianas]@6f707ee: onActiveControlsChanged, removed=false, mAdded=true, caller=android.view.ViewRootImpl.handleInsetsControlChanged:3002 android.view.ViewRootImpl.relayoutWindow:11629 android.view.ViewRootImpl.performTraversals:4804 android.view.ViewRootImpl.doTraversal:3924 android.view.ViewRootImpl$TraversalRunnable.run:12903
05-15 20:59:54.351 11062 11138 W libc    : Access denied finding property "vendor.display.enable_optimal_refresh_rate"
05-15 20:59:54.351 11062 11138 I BufferQueueProducer: [](id:2b360000014a,api:0,p:1090338685,c:11062) setDequeueTimeout:2077252342
05-15 20:59:54.352  4195 15522 I HoneySpace.RecentTasks: onRecentTasksChanged
05-15 20:59:54.352  4195 30507 I HoneySpace.RecentTasks: onRecentTasksChanged
05-15 20:59:54.352 11062 11138 I BLASTBufferQueue_Java: new BLASTBufferQueue, mName= VRI[recetasasturianas]@6f707ee mNativeObject= 0xb400007e29214fb0 caller= android.view.ViewRootImpl.updateBlastSurfaceIfNeeded:3585 android.view.ViewRootImpl.relayoutWindow:11685 android.view.ViewRootImpl.performTraversals:4804 android.view.ViewRootImpl.doTraversal:3924 android.view.ViewRootImpl$TraversalRunnable.run:12903 android.view.Choreographer$CallbackRecord.run:1901 android.view.Choreographer$CallbackRecord.run:1910 android.view.Choreographer.doCallbacks:1367 android.view.Choreographer.doFrame:1292 android.view.Choreographer$FrameDisplayEventReceiver.run:1870
05-15 20:59:54.352 11062 11138 I BLASTBufferQueue_Java: update, w= 1080 h= 2340 mName = VRI[recetasasturianas]@6f707ee mNativeObject= 0xb400007e29214fb0 sc.mNativeObject= 0xb400007ea8d66950 format= -3 caller= android.view.ViewRootImpl.updateBlastSurfaceIfNeeded:3590 android.view.ViewRootImpl.relayoutWindow:11685 android.view.ViewRootImpl.performTraversals:4804 android.view.ViewRootImpl.doTraversal:3924 android.view.ViewRootImpl$TraversalRunnable.run:12903 android.view.Choreographer$CallbackRecord.run:1901
05-15 20:59:54.352 11062 11138 W libc    : Access denied finding property "vendor.display.enable_optimal_refresh_rate"
05-15 20:59:54.353 11062 11138 I VRI[recetasasturianas]@6f707ee: Relayout returned: old=(0,0,1080,2340) new=(0,0,1080,2340) relayoutAsync=false req=(1080,2340)0 dur=3 res=0x3 s={true 0xb400007de8f35310} ch=true seqId=0
05-15 20:59:54.353 11062 11138 I VRI[recetasasturianas]@6f707ee: performConfigurationChange setNightDimText nightDimLevel=0
05-15 20:59:54.353 12633 17431 I Routine@Core[4.9.04.16]: ModeOrderObserver: ModeOrderObserver:onChange: uri content://com.samsung.android.app.routines.routineprovider/preference
05-15 20:59:54.353  1808  1808 I SurfaceFlinger: [LayerHierarchy{RequestedLayerState{ImeContainer#15 parentId=116667 relativeParentId=116667 z=1} 1 children}] RelativeParent to null
05-15 20:59:54.353  1808  1808 I SurfaceFlinger: [Splash Screen es.uniovi.recetasasturianas$_11062#179667] attach to parent LayerHierarchy{RequestedLayerState{c78860d Splash Screen es.uniovi.recetasasturianas#179666 parentId=179665} 1 children}
05-15 20:59:54.354 11062 11138 D VRI[recetasasturianas]@6f707ee: mThreadedRenderer.initialize() mSurface={isValid=true 0xb400007de8f35310} hwInitialized=true
05-15 20:59:54.355 11062 11138 D VRI[recetasasturianas]@6f707ee: reportNextDraw android.view.ViewRootImpl.performTraversals:5443 android.view.ViewRootImpl.doTraversal:3924 android.view.ViewRootImpl$TraversalRunnable.run:12903 android.view.Choreographer$CallbackRecord.run:1901 android.view.Choreographer$CallbackRecord.run:1910
05-15 20:59:54.356 11062 11138 D VRI[recetasasturianas]@6f707ee: Setup new sync=wmsSync-VRI[recetasasturianas]@6f707ee#36
05-15 20:59:54.356 11062 11138 I VRI[recetasasturianas]@6f707ee: Creating new active sync group VRI[recetasasturianas]@6f707ee#37
05-15 20:59:54.356 11062 11138 D VRI[recetasasturianas]@6f707ee: registerCallbacksForSync syncBuffer=false
05-15 20:59:54.356 20661 20726 I VRI[HomeActivity]@27ecfc4: mWNT: t=0xb400007df8d8aed0 mBlastBufferQueue=0xb400007e28de3ce0 fn= 15 HdrRenderState mRenderHdrSdrRatio=1.0 caller= android.view.SyncRtSurfaceTransactionApplier.applyTransaction:100 android.view.SyncRtSurfaceTransactionApplier.lambda$scheduleApply$0:73 android.view.SyncRtSurfaceTransactionApplier.$r8$lambda$afI4fXg3U3-nBZQEDQMiNy-B06s:0
05-15 20:59:54.357 11062 11224 D VRI[recetasasturianas]@6f707ee: Received frameDrawingCallback syncResult=0 frameNum=1.
05-15 20:59:54.357 11062 11224 I VRI[recetasasturianas]@6f707ee: mWNT: t=0xb400007df8ef7250 mBlastBufferQueue=0xb400007e29214fb0 fn= 1 HdrRenderState mRenderHdrSdrRatio=1.0 caller= android.view.ViewRootImpl$12.onFrameDraw:15441 android.view.ThreadedRenderer$1.onFrameDraw:718 <bottom of call stack>
05-15 20:59:54.357 11062 11224 I VRI[recetasasturianas]@6f707ee: Setting up sync and frameCommitCallback
05-15 20:59:54.357  4195  4401 I HoneySpace.TopTaskSource: onTaskMovedToFront : taskId = 2392, displayId = 0
05-15 20:59:54.359 11062 11062 I {OngoingActivityController}: onTaskFocusChanged but OA data is empty
05-15 20:59:54.359 24090 24090 D LifecycleMonitor: Lifecycle status change: es.uniovi.recetasasturianas.MainActivity@24694bd in: PRE_ON_CREATE
05-15 20:59:54.359  1977  2134 D PkgPredictorService-SecIpmManagerServiceImpl: onForegroundActivitiesChanged pid:24090 uid:10625
05-15 20:59:54.360 24090 24090 V ActivityScenario: Activity lifecycle changed event received but ignored because the reported transition was not ON_CREATE while the last known transition was PRE_ON_CREATE
05-15 20:59:54.360  4195  4403 I HoneySpace.TopTaskUseCase: topTasks 2392 ComponentInfo{es.uniovi.recetasasturianas/es.uniovi.recetasasturianas.MainActivity}[displayId=0]
05-15 20:59:54.361 11062 11227 I BLASTBufferQueue: [VRI[recetasasturianas]@6f707ee#330](f:0,a:0,s:0) onFrameAvailable the first frame is available
05-15 20:59:54.361 11062 11227 I SurfaceComposerClient: apply transaction with the first frame. layerId: 179667, bufferData(ID: 47510928231577, frameNumber: 1)
05-15 20:59:54.364 11062 11227 I VRI[recetasasturianas]@6f707ee: Received frameCommittedCallback lastAttemptedDrawFrameNum=1 didProduceBuffer=true
05-15 20:59:54.364  1808  4802 I SurfaceFlinger: [Splash Screen es.uniovi.recetasasturianas$_11062#179667] setTransactionState with the first frame. bufferData(ID: 47510928231577, frameNumber: 1)
05-15 20:59:54.366 20661 20727 I VRI[HomeActivity]@27ecfc4: mWNT: t=0xb400007df8dc3950 mBlastBufferQueue=0xb400007e28de3ce0 fn= 16 HdrRenderState mRenderHdrSdrRatio=1.0 caller= android.view.SyncRtSurfaceTransactionApplier.applyTransaction:100 android.view.SyncRtSurfaceTransactionApplier.lambda$scheduleApply$0:73 android.view.SyncRtSurfaceTransactionApplier.$r8$lambda$afI4fXg3U3-nBZQEDQMiNy-B06s:0
05-15 20:59:54.367  4195  4401 I HoneySpace.TopTaskSource: onTaskFocusChanged(): taskId = 2392
05-15 20:59:54.367  1977  2134 D NetworkPolicy: already checked 10625
05-15 20:59:54.368  1977  2134 D NetworkPolicy: already checked 10625
05-15 20:59:54.371  1977  2141 D EnterpriseDeviceManagerService: isMdmAdminPresentInternal() : MDM Admin Found - com.samsung.knox.securefolder
05-15 20:59:54.372 20661 20726 I VRI[HomeActivity]@27ecfc4: mWNT: t=0xb400007df8d44450 mBlastBufferQueue=0xb400007e28de3ce0 fn= 17 HdrRenderState mRenderHdrSdrRatio=1.0 caller= android.view.SyncRtSurfaceTransactionApplier.applyTransaction:100 android.view.SyncRtSurfaceTransactionApplier.lambda$scheduleApply$0:73 android.view.SyncRtSurfaceTransactionApplier.$r8$lambda$afI4fXg3U3-nBZQEDQMiNy-B06s:0
05-15 20:59:54.372  1808  1951 D SurfaceFlinger: [input] setFocusedWindow: <null>
05-15 20:59:54.373  1977  6943 D InputDispatcher: Focus left window (0): c5a06c0 bitpit.launcher/bitpit.launcher.ui.HomeActivity
05-15 20:59:54.373 20661 20661 I ImeFocusController: onPreWindowFocus: skipped hasWindowFocus=false mHasImeFocus=true
05-15 20:59:54.373 20661 20661 I ImeFocusController: onPostWindowFocus: skipped hasWindowFocus=false mHasImeFocus=true
05-15 20:59:54.374  1977  6948 D InputDispatcher: Once focus requested (0): <null>
05-15 20:59:54.376 12633 21222 I Routine@Core[4.9.04.16]: ActivityWatcherListenerImpl: onResumeComponent: componentName - es.uniovi.recetasasturianas, es.uniovi.recetasasturianas.MainActivity, userId: 0
05-15 20:59:54.377 12633 21222 I Routine@Core[4.9.04.16]: Pref: putSharedPrefsData: key=condition_launch_app_data_resume_pkg, data.size=70
05-15 20:59:54.380 20661 20727 I VRI[HomeActivity]@27ecfc4: mWNT: t=0xb400007df8db9690 mBlastBufferQueue=0xb400007e28de3ce0 fn= 18 HdrRenderState mRenderHdrSdrRatio=1.0 caller= android.view.SyncRtSurfaceTransactionApplier.applyTransaction:100 android.view.SyncRtSurfaceTransactionApplier.lambda$scheduleApply$0:73 android.view.SyncRtSurfaceTransactionApplier.$r8$lambda$afI4fXg3U3-nBZQEDQMiNy-B06s:0
05-15 20:59:54.387 20661 20661 I InsetsController: cancelAnimation: types=statusBars, animType=1, host=bitpit.launcher/bitpit.launcher.ui.HomeActivity, from=android.view.InsetsController.notifyFinished:2006 android.view.InsetsAnimationControlImpl.applyChangeInsets:335 android.view.InsetsController.lambda$new$3:957
05-15 20:59:54.388 20661 20726 I VRI[HomeActivity]@27ecfc4: mWNT: t=0xb400007df8dfcc90 mBlastBufferQueue=0xb400007e28de3ce0 fn= 19 HdrRenderState mRenderHdrSdrRatio=1.0 caller= android.view.SyncRtSurfaceTransactionApplier.applyTransaction:100 android.view.SyncRtSurfaceTransactionApplier.lambda$scheduleApply$0:73 android.view.SyncRtSurfaceTransactionApplier.$r8$lambda$afI4fXg3U3-nBZQEDQMiNy-B06s:0
05-15 20:59:54.390 24090 24090 I DecorView: setWindowBackground: isPopOver=false color=ff141218 d=android.graphics.drawable.ColorDrawable@e1542f
05-15 20:59:54.390 12633 17431 I Routine@Core[4.9.04.16]: ModesOrderManager: getOrderOrDefault: uuid(100)
05-15 20:59:54.391 12633 17431 I Routine@Core[4.9.04.16]: ModesOrderManager: getOrder: uuid(100) -> order(999)
05-15 20:59:54.391 12633 17431 I Routine@Core[4.9.04.16]: ModeListHolder: update: size(1) updated(2026/05/15 20:59:54) [ModeMeta(id=1, uuid=100, iconResourceId=2131231140, iconStatusResourceId=2131231637, displayName=Sleep, isRunning=false, runningReason=, runningReasonCondition=, isSet=true, isDeleted=false, detailRunningReason=null, order=999, toggleTime=1778816639015)]
05-15 20:59:54.392 24090 24090 D LifecycleMonitor: Lifecycle status change: es.uniovi.recetasasturianas.MainActivity@24694bd in: CREATED
05-15 20:59:54.392 24090 24090 V ActivityScenario: Update currentActivityStage to CREATED, currentActivity=es.uniovi.recetasasturianas.MainActivity@24694bd
05-15 20:59:54.395  1808  1808 I SurfaceFlinger: RequestedLayer [Surface(name=8f932e4 StatusBar)/@0xa[...]ion-leash of insets_animation#179657] hidden!! flag  from(0) --> to(1)
05-15 20:59:54.395  1808  1808 E SurfaceFlinger: alpha changed 0.037 -> 0.000 - Surface(name=8f932e4 StatusBar)/@0xabc478a - animation-leash of insets_animation#179657
05-15 20:59:54.397  1808  1808 D SurfaceFlinger: Display 4630947232161729154 HWC layers:
05-15 20:59:54.397  1808  1808 D SurfaceFlinger:        DEVICE |           47510928231149 | 00000100 | RGBA_8888    |    0.0    0.0 1080.0 2340.0 |    0    0 1080 2340 | Wallpaper BBQ wrapper 7_systemlock#178730 (1)
05-15 20:59:54.397  1808  1808 D SurfaceFlinger:        DEVICE |           88738319307415 | 00002100 | RGBA_8888    |    0.0    0.0 1080.0 2340.0 |    0    0 1080 2340 | bitpit.launcher/bitpit.launcher.ui.HomeActivity$_20661#179656 (19)
05-15 20:59:54.397  1808  1808 D SurfaceFlinger:        DEVICE |           47510928230649 | 00002100 | RGBA_8888    |    0.0    0.0 1080.0  144.0 |    0 2196 1080 2340 | NavigationBar0$_11062#172972 (359)
05-15 20:59:54.397  1808  1808 D SurfaceFlinger:        DEVICE |           27157078223661 | 00002100 | RGBA_8888    |    0.0   13.0  290.0  158.0 |  395    0  685  145 | $_6323#154529 (967)
05-15 20:59:54.397  1808  1808 D SurfaceFlinger:        DEVICE |           27157078223656 | 00002100 | RGBA_8888    |    0.0    0.0 1080.0  115.0 |    0    0 1080  115 | $_6323#177506 (652)
05-15 20:59:54.397  1808  1808 D SurfaceFlinger:        DEVICE |           47510928230638 | 00002140 | RGBA_8888    |    0.0    0.0 1080.0  121.0 |    0    0 1080  121 | ScreenDecorOverlay$_11062#172986 (67)
05-15 20:59:54.397  1808  1808 D SurfaceFlinger:        DEVICE |           47510
05-15 20:59:54.397  1808  1808 D SurfaceFlinger: 928230639 | 00002140 | RGBA_8888    |    0.0    0.0 1080.0  121.0 |    0 2219 1080 2340 | ScreenDecorOverlayBottom$_11062#172987 (60)
05-15 20:59:54.397  1808  1808 D SurfaceFlinger:
05-15 20:59:54.399  1977  1993 I system_server: Background young concurrent copying GC freed 20MB AllocSpace bytes, 114(2280KB) LOS objects, 9% free, 151MB/166MB, paused 399us,1.241ms total 260.240ms
05-15 20:59:54.407  1632 24534 I HYPER-HAL: [ResourceManager.cpp]removeResource(): [CPUMinFreq] RemoveResource Request ID : 1999022
05-15 20:59:54.407  1632 24534 I HYPER-HAL: [RequestManager.cpp]releaseLocked(): Released ID : 1999022
05-15 20:59:54.410  1977  1995 W System  : A resource failed to call release.
05-15 20:59:54.411  1977  1995 W System  : A resource failed to call release.
05-15 20:59:54.412 24090 24090 D RecipeListViewModel: SwitchMap disparado con query: ''
05-15 20:59:54.412 24090 24090 D RecipeListViewModel: ViewModel init
05-15 20:59:54.412 24090 24090 D RecipeListViewModel: loadRecipes() empezando...
05-15 20:59:54.412 11062 11227 D HWUI    : CFMS:: SetUp Pid : 11062    Tid : 11227
05-15 20:59:54.412  1977  1995 W System  : A resource failed to call HardwareBuffer.close.
05-15 20:59:54.412 11062 11138 D VRI[recetasasturianas]@6f707ee: reportDrawFinished seqId=0
05-15 20:59:54.413 24090 24090 D RecipeListViewModel: Conexión detectada: true
05-15 20:59:54.414  1977  2142 D SurfaceComposerClient: setCornerRadius ## c78860d Splash Screen es.uniovi.recetasasturianas#179666 cornerRadius=0.000000
05-15 20:59:54.414 24090 24090 D RecipeListViewModel: SwitchMap disparado con query: ''
05-15 20:59:54.414  1977  2142 D SurfaceComposerClient: setCornerRadius ## c78860d Splash Screen es.uniovi.recetasasturianas#179666 cornerRadius=0.000000
05-15 20:59:54.415  1808  1897 I SurfaceFlinger: id=179668 createSurf, flag=84004, Transition Root: Task=2392#179668
05-15 20:59:54.415 24090 24090 D LifecycleMonitor: Lifecycle status change: es.uniovi.recetasasturianas.MainActivity@24694bd in: STARTED
05-15 20:59:54.415 24090 24090 V ActivityScenario: Update currentActivityStage to STARTED, currentActivity=es.uniovi.recetasasturianas.MainActivity@24694bd
05-15 20:59:54.416 24090 24090 D LifecycleMonitor: Lifecycle status change: es.uniovi.recetasasturianas.MainActivity@24694bd in: RESUMED
05-15 20:59:54.416 24090 24090 V ActivityScenario: Update currentActivityStage to RESUMED, currentActivity=es.uniovi.recetasasturianas.MainActivity@24694bd
05-15 20:59:54.416 24090 24090 D RecipeListViewModel: SwitchMap disparado con query: ' '
05-15 20:59:54.417 24090 24090 D RecipeListViewModel: SwitchMap disparado con query: ''
05-15 20:59:54.417  1977  2142 I SurfaceControlRegistry: show, t=StartTransaction_SyncId<14587> sc=ActivityRecord{113146246 u0 es.uniovi.recetasasturianas/.MainActivity t2392}, caller=android.view.SurfaceControl$Transaction.show:3557 com.android.server.wm.Transition.onTransactionReady:2048 com.android.server.wm.BLASTSyncEngine$SyncGroup.finishNow:240 com.android.server.wm.BLASTSyncEngine.onSurfacePlacement:263 com.android.server.wm.RootWindowContainer.performSurfacePlacementNoTrace:1083 com.android.server.wm.WindowSurfacePlacer.performSurfacePlacement:166
05-15 20:59:54.417  1977  2142 D SurfaceComposerClient: setCornerRadius ## WallpaperWindowToken{43888ef showWhenLocked=false}#178727 cornerRadius=0.000000
05-15 20:59:54.418  1977  2142 D SurfaceComposerClient: setCornerRadius ## Task=1#172921 cornerRadius=0.000000
05-15 20:59:54.418 24090 24090 D ViewRootImpl: desktopMode is false
05-15 20:59:54.418  1977  2142 D SurfaceComposerClient: setCornerRadius ## Task=2392#179664 cornerRadius=0.000000
05-15 20:59:54.418 24090 24090 I ViewRootImpl: dVRR is disabled
05-15 20:59:54.418 24090 24155 D NativeCustomFrequencyManager: [NativeCFMS] BpCustomFrequencyManager::BpCustomFrequencyManager()
05-15 20:59:54.420  1808  1808 I SurfaceFlinger: [Transition Root: Task=2392#179668] attach to parent LayerHierarchy{RequestedLayerState{DefaultTaskDisplayArea_d0#172934 parentId=9} 11 children}
05-15 20:59:54.421  1977  6950 D InputTransport: Input channel constructed: 'be1cb34', fd=1030
05-15 20:59:54.421  1977  6950 D InputTransport: Input channel constructed: 'be1cb34', fd=1049
05-15 20:59:54.421  1977  6950 D InputTransport: Input channel constructed: 'be1cb34', fd=1094
05-15 20:59:54.421  1977  6950 D InputTransport: Input channel destroyed: 'be1cb34', fd=1049
05-15 20:59:54.421  1808  1897 I SurfaceFlinger: id=179669 createSurf, flag=84004, be1cb34 es.uniovi.recetasasturianas/es.uniovi.recetasasturianas.MainActivity#179669
05-15 20:59:54.422  1977  6950 D InputTransport: Input channel destroyed: 'be1cb34', fd=1094
05-15 20:59:54.422 11062 11118 I SurfaceControlRegistry: hide, t=FinishTransaction_SyncId<14587> sc=Task=1, caller=android.view.SurfaceControl$Transaction.hide:3583 com.android.wm.shell.transition.Transitions.dispatchReady:1263 com.android.wm.shell.transition.Transitions.onTransitionReady:251 com.android.wm.shell.transition.Transitions$TransitionPlayerImpl$$ExternalSyntheticLambda0.run:13 android.os.Handler.handleCallback:995 android.os.Handler.dispatchMessage:103
