05-15 20:59:54.422 11062 11118 I SurfaceControlRegistry: show, t=StartTransaction_SyncId<14587> sc=Task=2392, caller=android.view.SurfaceControl$Transaction.show:3557 com.android.wm.shell.transition.Transitions.dispatchReady:1279 com.android.wm.shell.transition.Transitions.onTransitionReady:251 com.android.wm.shell.transition.Transitions$TransitionPlayerImpl$$ExternalSyntheticLambda0.run:13 android.os.Handler.handleCallback:995 android.os.Handler.dispatchMessage:103
05-15 20:59:54.422 24090 24090 D InputTransport: Input channel constructed: 'be1cb34', fd=148
05-15 20:59:54.422 11062 11118 I SurfaceControlRegistry: show, t=FinishTransaction_SyncId<14587> sc=Task=2392, caller=android.view.SurfaceControl$Transaction.show:3557 com.android.wm.shell.transition.Transitions.dispatchReady:1330 com.android.wm.shell.transition.Transitions.onTransitionReady:251 com.android.wm.shell.transition.Transitions$TransitionPlayerImpl$$ExternalSyntheticLambda0.run:13 android.os.Handler.handleCallback:995 android.os.Handler.dispatchMessage:103
05-15 20:59:54.423 11062 11118 I SurfaceControlRegistry: show, t=StartTransaction_SyncId<14587> sc=Transition Root: Task=2392, caller=android.view.SurfaceControl$Transaction.show:3557 com.android.wm.shell.transition.Transitions.playTransition:79 com.android.wm.shell.transition.Transitions.processReadyQueue:239 com.android.wm.shell.transition.Transitions.dispatchReady:1352 com.android.wm.shell.transition.Transitions.onTransitionReady:251 com.android.wm.shell.transition.Transitions$TransitionPlayerImpl$$ExternalSyntheticLambda0.run:13
05-15 20:59:54.423 24090 24090 I InsetsController: onStateChanged: host=es.uniovi.recetasasturianas/es.uniovi.recetasasturianas.MainActivity, from=android.view.ViewRootImpl.onInsetsStateChanged:3026, state=InsetsState: {mDisplayFrame=Rect(0, 0 - 1080, 2340), mDisplayCutout=DisplayCutout{insets=Rect(0, 99 - 0, 0) waterfall=Insets{left=0, top=0, right=0, bottom=0} boundingRect={Bounds=[Rect(0, 0 - 0, 0), Rect(505, 0 - 575, 99), Rect(0, 0 - 0, 0), Rect(0, 0 - 0, 0)]} cutoutPathParserInfo={CutoutPathParserInfo{displayWidth=1080 displayHeight=2340 physicalDisplayWidth=1080 physicalDisplayHeight=2340 density={3.0} cutoutSpec={M 0,0 M 0,29 a 35,35 0 1,0 0,70 a 35,35 0 1,0 0,-70 Z} rotation={0} scale={1.0} physicalPixelDisplaySizeRatio={1.0}}} sideOverrides={}}, mRoundedCorners=RoundedCorners{[RoundedCorner{position=TopLeft, radius=108, center=Point(108, 108)}, RoundedCorner{position=TopRight, radius=108, center=Point(972, 108)}, RoundedCorner{position=BottomRight, radius=108, center=Point(972, 2232)}, RoundedCorner{position=BottomLeft, radius=108, center=Point(108, 2232)}]}  mRoundedCornerFrame=Rect(0, 0 - 1080, 2340), mPrivacyIndicatorBounds=PrivacyIndicatorBounds {static bounds=Rect(948, 0 - 1080, 99) rotation=0}, mDisplayShape=DisplayShape{ spec=-311912193 displayWidth=1080 displayHeight=2340 physicalPixelDisplaySizeRatio=1.0 rotation=0 offsetX=0 offsetY=0 scale=1.0}, mSources= { InsetsSource: {b73a0001 mType=navigationBars mFrame=[0,0][0,0] mVisible=true mFlags=SUPPRESS_SCRIM mSideHint=NONE mBoundingRects=null}, InsetsSource: {b73a0004 mType=systemGestures mFrame=[0,0][90,2340] mVisible=true mFlags= mSideHint=LEFT mBoundingRects=null}, InsetsSource: {b73a0005 mType=mandatorySystemGestures mFrame=[0,2265][1080,2340] mVisible=true mFlags= mSideHint=BOTTOM mBoundingRects=null}, InsetsSource: {b73a0006 mType=tappableElement mFrame=[0,0][0,0] mVisible=true mFlags= mSideHint=NONE mBoundingRects=null}, InsetsSource: {b73a0024 mType=systemGestures mFrame=[990,0][1080,2340] mVisible=true mFlags= mSideHint=RIGHT mBoundingRects=null}, InsetsSource: {3 mType=ime mFrame=[0,0][0,0] mVisible=false mFlags= mSideHint=NONE mBoundingRects=null}, InsetsSource: {27 mType=displayCutout mFrame=[0,0][1080,99] mVisible=true mFlags= mSideHint=TOP mBoundingRects=null}, InsetsSource: {9260000 mType=statusBars mFrame=[0,0][1080,99] mVisible=false mFlags= mSideHint=TOP mBoundingRects=null}, InsetsSource: {9260005 mType=mandatorySystemGestures mFrame=[0,0][1080,135] mVisible=true mFlags= mSideHint=TOP mBoundingRects=null}, InsetsSource: {9260006 mType=tappableElement mFrame=[0,0][1080,99] mVisible=true mFlags= mSideHint=TOP mBoundingRects=null} }
05-15 20:59:54.423 24090 24090 I VRI[MainActivity]@229a2fc: synced displayState. AttachInfo displayState=2
05-15 20:59:54.423  1808  1897 I SurfaceFlinger: id=179670 createSurf, flag=84000, ce999c8 ActivityRecordInputSink es.uniovi.recetasasturianas/.MainActivity#179670
05-15 20:59:54.424 11062 11118 I SurfaceControlRegistry: apply, t=StartTransaction_SyncId<14587>, caller=android.view.SurfaceControl$Transaction.apply:3459 android.view.SurfaceControl$Transaction.apply:3447 android.view.SurfaceControl$Transaction.apply:3397 com.android.wm.shell.transition.DefaultTransitionHandler.startAnimation:3292 com.android.wm.shell.transition.Transitions.dispatchTransition:90 com.android.wm.shell.transition.Transitions.playTransition:774
05-15 20:59:54.425 11062 11062 D Bubbles : onEntryUpdated : shouldBubbleUp=false ,key=-1|com.android.systemui|2131364006|charging_state|10048
05-15 20:59:54.425 11062 11062 D InterruptionStateProvider:  no Heads up : edgelighting enabled app. -1|com.android.systemui|2131364006|charging_state|10048
05-15 20:59:54.425 11062 11062 I {OngoingActivityController}: onEntryUpdated and OA data is empty. So update latest task info
05-15 20:59:54.426 24090 24090 I VRI[MainActivity]@229a2fc: setView = com.android.internal.policy.DecorView@cebf2e8 IsHRR=false mFlingFrameRateChange=0 TM=true
05-15 20:59:54.426 11062 11130 D SurfaceComposerClient: setCornerRadius ## Task=2392#179664 cornerRadius=108.000000
05-15 20:59:54.426 11062 11062 I {OngoingActivityDataHelper}: setBaseActivityComponentName:ComponentInfo{es.uniovi.recetasasturianas/es.uniovi.recetasasturianas.MainActivity}
05-15 20:59:54.426  1977  2505 D AnalyticsContainerHandler: handleMessage : { when=0 what=1 target=com.android.server.knox.KnoxAnalyticsContainer$AnalyticsHandler }
05-15 20:59:54.426  1977  2505 D AnalyticsContainerHandler: handleMessage : { when=0 what=2 target=com.android.server.knox.KnoxAnalyticsContainer$AnalyticsHandler }
05-15 20:59:54.428  4195 23188 I HoneySpace.RecentTasks: onRunningTaskAppeared
05-15 20:59:54.428  4195 23188 I HoneySpace.RecentTasks: onRecentTasksChanged
05-15 20:59:54.429  1808  1808 I SurfaceFlinger: RequestedLayer [be1cb34 es.uniovi.recetasasturianas/[...]ecetasasturianas.MainActivity#179669] hidden!! flag  from(1) --> to(0)
05-15 20:59:54.429  1808  1808 I SurfaceFlinger: RequestedLayer [c78860d Splash Screen es.uniovi.recetasasturianas#179666] hidden!! flag  from(1) --> to(0)
05-15 20:59:54.429  1808  1808 I SurfaceFlinger: RequestedLayer [Splash Screen es.uniovi.recetasasturianas$_11062#179667] hidden!! flag  from(1) --> to(0)
05-15 20:59:54.429  1808  1808 I SurfaceFlinger: RequestedLayer [Task=2392#179664] hidden!! flag  from(1) --> to(0)
05-15 20:59:54.429  1808  1808 E SurfaceFlinger: alpha changed 1.000 -> 0.000 - Task=2392#179664
05-15 20:59:54.429  1808  1808 I SurfaceFlinger: RequestedLayer [Transition Root: Task=2392#179668] hidden!! flag  from(1) --> to(0)
05-15 20:59:54.429  1808  1808 I SurfaceFlinger: RequestedLayer [ActivityRecord{113146246 u0 es.uniov[...]turianas/.MainActivity t2392}#179665] hidden!! flag  from(1) --> to(0)
05-15 20:59:54.429  1808  1808 E SurfaceFlinger: alpha changed 0.000 -> 1.000 - Task=2392#179664
05-15 20:59:54.429  1808  1808 I SurfaceFlinger: [LayerHierarchy{RequestedLayerState{Task=1#172921 parentId=179668 z=3} 4 children}] reparent to LayerHierarchy{RequestedLayerState{Transition Root: Task=2392#179668 parentId=172934 z=7} 1 children}
05-15 20:59:54.429  1808  1808 I SurfaceFlinger: [LayerHierarchy{RequestedLayerState{Task=2392#179664 parentId=179668 z=7} 1 children}] reparent to LayerHierarchy{RequestedLayerState{Transition Root: Task=2392#179668 parentId=172934 z=7} 2 children}
05-15 20:59:54.429  1808  1808 I SurfaceFlinger: [be1cb34 es.uniovi.recetasasturianas/es.uniovi.recetasasturianas.MainActivity#179669] attach to parent LayerHierarchy{RequestedLayerState{ActivityRecord{113146246 u0 es.uniovi.recetasasturianas/.MainActivity t2392}#179665 parentId=179664} 2 children}
05-15 20:59:54.429  1808  1808 I SurfaceFlinger: [ce999c8 ActivityRecordInputSink es.uniovi.recetasasturianas/.MainActivity#179670] attach to parent LayerHierarchy{RequestedLayerState{ActivityRecord{113146246 u0 es.uniovi.recetasasturianas/.MainActivity t2392}#179665 parentId=179664} 3 children}
05-15 20:59:54.430 11062 11130 D SurfaceComposerClient: setCornerRadius ## Task=2392#179664 cornerRadius=108.000000
05-15 20:59:54.431  1977  4779 I WindowManager: Relayout Window{be1cb34 u0 es.uniovi.recetasasturianas/es.uniovi.recetasasturianas.MainActivity}: viewVisibility=0 req=1080x2340 ty=1 d0
05-15 20:59:54.431  1808  1899 I SurfaceFlinger: id=179671 createSurf, flag=44004, es.uniovi.recetasasturianas/es.uniovi.recetasasturianas.MainActivity$_24090#179671
05-15 20:59:54.431 11062 11118 I SurfaceControlRegistry: apply, t=FinishTransaction_SyncId<14587>, caller=android.view.SurfaceControl$Transaction.apply:3459 android.view.SurfaceControl$Transaction.apply:3447 android.view.SurfaceControl$Transaction.apply:3397 com.android.wm.shell.transition.Transitions.onFinish:315 com.android.wm.shell.transition.Transitions$$ExternalSyntheticLambda7.onTransitionFinished:12 com.android.wm.shell.transition.DefaultTransitionHandler$$ExternalSyntheticLambda6.run:36
05-15 20:59:54.431 11062 11062 W RefactorFlag: New code path expects SceneContainerFlag to be enabled.
05-15 20:59:54.431 11062 11062 D ExpandableNotifRow: mMaxSmallHeight different before reInflateViews mMaxSmallHeight: 216 mTempSmallHeight:0 -1|com.android.systemui|2131364006|charging_state|10048
05-15 20:59:54.431 11062 11062 D ExpandableNotifRow: mMaxSmallHeight different before reInflateViews mMaxSmallHeight: 216 mTempSmallHeight:0 -1|com.android.systemui|2131364006|charging_state|10048
05-15 20:59:54.432  1977  4779 D SurfaceComposerClient: setCornerRadius ## c78860d Splash Screen es.uniovi.recetasasturianas#179666 cornerRadius=0.000000
05-15 20:59:54.432  1977  4779 D SurfaceComposerClient: setCornerRadius ## be1cb34 es.uniovi.recetasasturianas/es.uniovi.recetasasturianas.MainActivity#179669 cornerRadius=0.000000
05-15 20:59:54.432 11062 11062 I LockscreenNotificationIconsOnlyController: onNotificationInfoUpdated 0
05-15 20:59:54.433 11062 11062 I AODNotificationManager: updateNotification()
05-15 20:59:54.433  1808  1899 I SurfaceFlinger: id=179672 createSurf, flag=24004, Surface(name=8f932e4 StatusBar)/@0xabc478a - animation-leash of insets_animation#179672
05-15 20:59:54.434  1808  1899 I SurfaceFlinger: id=179673 createSurf, flag=24000, Surface(name=7a9d783 NavigationBar0)/@0x10e1471 - animation-leash of insets_animation#179673
05-15 20:59:54.435  1977  4779 D SurfaceComposerClient: setCornerRadius ## c78860d Splash Screen es.uniovi.recetasasturianas#179666 cornerRadius=0.000000
05-15 20:59:54.435  1977  4779 D SurfaceComposerClient: setCornerRadius ## be1cb34 es.uniovi.recetasasturianas/es.uniovi.recetasasturianas.MainActivity#179669 cornerRadius=0.000000
05-15 20:59:54.436  1808  1899 I SurfaceFlinger: id=179674 createSurf, flag=24004, Surface(name=8f932e4 StatusBar)/@0xabc478a - animation-leash of insets_animation#179674
05-15 20:59:54.438  1808  1899 I SurfaceFlinger: id=179675 createSurf, flag=24000, Surface(name=7a9d783 NavigationBar0)/@0x10e1471 - animation-leash of insets_animation#179675
05-15 20:59:54.439  1977  4779 I SystemKeyManager: requested systemKeyInfo size=1 focusedWindow=es.uniovi.recetasasturianas/es.uniovi.recetasasturianas.MainActivity
05-15 20:59:54.439  1977  4779 I SystemKeyManager: requested systemKeyInfo size=1 focusedWindow=es.uniovi.recetasasturianas/es.uniovi.recetasasturianas.MainActivity
05-15 20:59:54.439  1977  4779 I WindowManager: Relayout hash=be1cb34, pid=24090, syncId=-1: mAttrs={(0,0)(fillxfill) sim={adjust=resize forwardNavigation} layoutInDisplayCutoutMode=always ty=BASE_APPLICATION wanim=0x1030317
05-15 20:59:54.439  1977  4779 I WindowManager:   fl=81810100
05-15 20:59:54.439  1977  4779 I WindowManager:   pfl=100088c0
05-15 20:59:54.439  1977  4779 I WindowManager:   vsysui=500
05-15 20:59:54.439  1977  4779 I WindowManager:   bhv=1
05-15 20:59:54.439  1977  4779 I WindowManager:   fitSides=0
05-15 20:59:54.439  1977  4779 I WindowManager:   frameRateBoostOnTouch=true
05-15 20:59:54.439  1977  4779 I WindowManager:   dvrrWindowFrameRateHint=true naviIconColor=0}
05-15 20:59:54.440  1977  8796 D PersonaActivityHelper: token.toString()  Token{fe28a74 ActivityRecord{113146246 u0 es.uniovi.recetasasturianas/.MainActivity t2392}}
05-15 20:59:54.440  1977  8796 D PersonaActivityHelper: mLastResumedSFActivity getPackageName  com.android.settings
05-15 20:59:54.440  1977  8796 D PersonaActivityHelper: mLastResumedSFActivity getShortClassName  .fuelgauge.RequestIgnoreBatteryOptimizations
05-15 20:59:54.440 11062 11073 I WallpaperService: dispatchAppVisibility: systemlock, visible=false , mLidState = -1
05-15 20:59:54.440  1977  8796 D PersonaActivityHelper: token.toString()  Token{d2d617a ActivityRecord{148716444 u0 bitpit.launcher/.ui.HomeActivity t1351}}
05-15 20:59:54.440  1977  8796 D PersonaActivityHelper: mLastResumedSFActivity getPackageName  com.android.settings
05-15 20:59:54.440  1977  8796 D PersonaActivityHelper: mLastResumedSFActivity getShortClassName  .fuelgauge.RequestIgnoreBatteryOptimizations
05-15 20:59:54.440 24090 24090 W libc    : Access denied finding property "vendor.display.enable_optimal_refresh_rate"
05-15 20:59:54.440 24090 24090 I BufferQueueProducer: [](id:5e1a00000008,api:0,p:-1074412913,c:24090) setDequeueTimeout:2077252342
05-15 20:59:54.440 11062 11719 I WallpaperService: reportVisibility: visibility changed. visible=false
05-15 20:59:54.440 11062 11719 I ImageWallpaper_7[Image]:  onVisibilityChanged: visible=false , displayId=0
05-15 20:59:54.441 24090 24090 I BLASTBufferQueue_Java: new BLASTBufferQueue, mName= VRI[MainActivity]@229a2fc mNativeObject= 0xb400007e28d947f0 caller= android.view.ViewRootImpl.updateBlastSurfaceIfNeeded:3585 android.view.ViewRootImpl.relayoutWindow:11685 android.view.ViewRootImpl.performTraversals:4804 android.view.ViewRootImpl.doTraversal:3924 android.view.ViewRootImpl$TraversalRunnable.run:12903 android.view.Choreographer$CallbackRecord.run:1901 android.view.Choreographer$CallbackRecord.run:1910 android.view.Choreographer.doCallbacks:1367 android.view.Choreographer.doFrame:1292 android.view.Choreographer$FrameDisplayEventReceiver.run:1870
05-15 20:59:54.441 24090 24090 I BLASTBufferQueue_Java: update, w= 1080 h= 2340 mName = VRI[MainActivity]@229a2fc mNativeObject= 0xb400007e28d947f0 sc.mNativeObject= 0xb400007ea8d370d0 format= -1 caller= android.view.ViewRootImpl.updateBlastSurfaceIfNeeded:3590 android.view.ViewRootImpl.relayoutWindow:11685 android.view.ViewRootImpl.performTraversals:4804 android.view.ViewRootImpl.doTraversal:3924 android.view.ViewRootImpl$TraversalRunnable.run:12903 android.view.Choreographer$CallbackRecord.run:1901
05-15 20:59:54.441 20661 20661 I VRI[HomeActivity]@27ecfc4: handleAppVisibility mAppVisible = true visible = false
05-15 20:59:54.441 20661 20661 D VRI[HomeActivity]@27ecfc4: visibilityChanged oldVisibility=true newVisibility=false
05-15 20:59:54.441  1808  1808 D SurfaceFlinger: Display 4630947232161729154 HWC layers:
05-15 20:59:54.441  1808  1808 D SurfaceFlinger:        DEVICE |           47510928231149 | 00000100 | RGBA_8888    |    0.0    0.0 1080.0 2340.0 |    0    0 1080 2340 | Wallpaper BBQ wrapper 7_systemlock#178730 (1)
05-15 20:59:54.441  1808  1808 D SurfaceFlinger:        DEVICE |           88738319307415 | 00002100 | RGBA_8888    |    0.0    0.0 1080.0 2340.0 |    0    0 1080 2340 | bitpit.launcher/bitpit.launcher.ui.HomeActivity$_20661#179656 (19)
05-15 20:59:54.441  1808  1808 D SurfaceFlinger:        CLIENT |           47510928231577 | 00002100 | RGBA_8888    |    0.0    0.0 1080.0 2340.0 |    0    0 1080 2340 | Splash Screen es.uniovi.recetasasturianas$_11062#179667 (1)
05-15 20:59:54.441  1808  1808 D SurfaceFlinger:        DEVICE |           47510928230649 | 00002100 | RGBA_8888    |    0.0    0.0 1080.0  144.0 |    0 2196 1080 2340 | NavigationBar0$_11062#172972 (359)
05-15 20:59:54.441  1808  1808 D SurfaceFlinger:        DEVICE |           27157078223661 | 00002100 | RGBA_8888    |    0.0   13.0  290.0  158.0 |  395    0  685  145 | $_6323#154529 (967)
05-15 20:59:54.441  1808  1808 D SurfaceFlinger:        DEVICE |           27157078223656 | 00002100 | RGBA_8888    |    0.0    0.0 1080.0  115.0 |    0    0 1080  115 | $_6323#177506 (652)
05-15 20:59:54.441  1808  1808 D SurfaceFlinger:        DE
05-15 20:59:54.441  1808  1808 D SurfaceFlinger: VICE |           47510928230638 | 00002140 | RGBA_8888    |    0.0    0.0 1080.0  121.0 |    0    0 1080  121 | ScreenDecorOverlay$_11062#172986 (67)
05-15 20:59:54.441  1808  1808 D SurfaceFlinger:        DEVICE |           47510928230639 | 00002140 | RGBA_8888    |    0.0    0.0 1080.0  121.0 |    0 2219 1080 2340 | ScreenDecorOverlayBottom$_11062#172987 (60)
05-15 20:59:54.441  1808  1808 D SurfaceFlinger:
05-15 20:59:54.441 24090 24090 W libc    : Access denied finding property "vendor.display.enable_optimal_refresh_rate"
05-15 20:59:54.441 24090 24090 I VRI[MainActivity]@229a2fc: Relayout returned: old=(0,0,1080,2340) new=(0,0,1080,2340) relayoutAsync=false req=(1080,2340)0 dur=10 res=0x3 s={true 0xb400007de8e591c0} ch=true seqId=0
05-15 20:59:54.442 24090 24090 I VRI[MainActivity]@229a2fc: performConfigurationChange setNightDimText nightDimLevel=0
05-15 20:59:54.442  1977  4019 D DARUtil : Device owner status not updated yet...
05-15 20:59:54.442  1977  4019 D DARUtil : Not an enterprise user : 0
05-15 20:59:54.442  1808  1808 I SurfaceFlinger: RequestedLayer [Task=1#172921] hidden!! flag  from(0) --> to(1)
05-15 20:59:54.442  1808  1808 I SurfaceFlinger: [Display 0 name="Built-in Screen"#172933] setFrameRateCategory: Default
05-15 20:59:54.442  1977  4019 D DARUtil : Device owner status not updated yet...
05-15 20:59:54.442  1977  4019 D DARUtil : Not an enterprise user : 0
05-15 20:59:54.442  1808  1808 I SurfaceFlinger: [LayerHierarchy{RequestedLayerState{Task=1#172921 parentId=172934} 4 children}] reparent to LayerHierarchy{RequestedLayerState{DefaultTaskDisplayArea_d0#172934 parentId=9} 10 children}
05-15 20:59:54.442  1808  1808 I SurfaceFlinger: [LayerHierarchy{RequestedLayerState{WallpaperWindowToken{43888ef showWhenLocked=false}#178727 parentId=8} 1 children}] reparent to LayerHierarchy{RequestedLayerState{Leaf:1:1#8 parentId=7} 1 children}
05-15 20:59:54.442  1808  1808 I SurfaceFlinger: [LayerHierarchy{RequestedLayerState{Task=2392#179664 parentId=172934 z=7} 1 children}] reparent to LayerHierarchy{RequestedLayerState{DefaultTaskDisplayArea_d0#172934 parentId=9} 11 children}
05-15 20:59:54.442  1977  4019 D SyntheticPasswordManager.SDP: Inside fromBytes() - result.pinLength : -1
05-15 20:59:54.442 24090 24090 D VRI[MainActivity]@229a2fc: mThreadedRenderer.initialize() mSurface={isValid=true 0xb400007de8e591c0} hwInitialized=true
05-15 20:59:54.442  1977  4019 D SyntheticPasswordManager.SDP: 1. result.secureMode : 0
05-15 20:59:54.442  1808  1808 I SurfaceFlinger: [LayerHierarchy{RequestedLayerState{Transition Root: Task=2392#179668 z=7} no children}] reparent to OffscreenRoot
05-15 20:59:54.443  1808  1808 I SurfaceFlinger: [LayerHierarchy{RequestedLayerState{Transition Root: Task=2392#179668 z=7} no children}] RelativeParent to null
05-15 20:59:54.443  1808  1808 I SurfaceFlinger: [es.uniovi.recetasasturianas/es.uniovi.recetasasturianas.MainActivity$_24090#179671] attach to parent LayerHierarchy{RequestedLayerState{be1cb34 es.uniovi.recetasasturianas/es.uniovi.recetasasturianas.MainActivity#179669 parentId=179665} 1 children}
05-15 20:59:54.443  1808  1808 I SurfaceFlinger: [Surface(name=8f932e4 StatusBar)/@0xabc478a - animation-leash of insets_animation#179672] attach to parent LayerHierarchy{RequestedLayerState{WindowToken{68a9b23 type=2000 android.os.BinderProxy@abe78dd}#172963 parentId=17} 2 children}
05-15 20:59:54.443 11062 11719 D ImageWallpaper[WallpaperAnimator]: onEngineVisibilityChanged: visible = false, which = 7, isFullAodShown = false, isMultipack = false, mKeyguardState = false
05-15 20:59:54.443 11062 11719 D ImageWallpaper[WallpaperAnimator]: changeToDownScaleImmediately
05-15 20:59:54.443  1808  1808 I SurfaceFlinger: [Surface(name=7a9d783 NavigationBar0)/@0x10e1471 - animation-leash of insets_animation#179673] attach to parent LayerHierarchy{RequestedLayerState{WindowToken{ec79b94 type=2019 android.os.BinderProxy@3619da6}#172956 parentId=34} 2 children}
05-15 20:59:54.443 11062 11719 I ImageWallpaper[WallpaperAnimator]: release
05-15 20:59:54.443  1808  1808 I SurfaceFlinger: [Surface(name=8f932e4 StatusBar)/@0xabc478a - animation-leash of insets_animation#179674] attach to parent LayerHierarchy{RequestedLayerState{WindowToken{68a9b23 type=2000 android.os.BinderProxy@abe78dd}#172963 parentId=17} 3 children}
05-15 20:59:54.443  1808  1808 I SurfaceFlinger: [Surface(name=7a9d783 NavigationBar0)/@0x10e1471 - animation-leash of insets_animation#179675] attach to parent LayerHierarchy{RequestedLayerState{WindowToken{ec79b94 type=2019 android.os.BinderProxy@3619da6}#172956 parentId=34} 3 children}
05-15 20:59:54.445 24090 24090 D VRI[MainActivity]@229a2fc: reportNextDraw android.view.ViewRootImpl.performTraversals:5443 android.view.ViewRootImpl.doTraversal:3924 android.view.ViewRootImpl$TraversalRunnable.run:12903 android.view.Choreographer$CallbackRecord.run:1901 android.view.Choreographer$CallbackRecord.run:1910
05-15 20:59:54.446 24090 24090 D VRI[MainActivity]@229a2fc: Setup new sync=wmsSync-VRI[MainActivity]@229a2fc#22
05-15 20:59:54.446 24090 24090 I VRI[MainActivity]@229a2fc: Creating new active sync group VRI[MainActivity]@229a2fc#23
05-15 20:59:54.446 24090 24090 D VRI[MainActivity]@229a2fc: registerCallbacksForSync syncBuffer=false
05-15 20:59:54.446  1808  1808 I SurfaceFlinger: id=179668 Removed Transition Root: Task=2392#179668 (181)
05-15 20:59:54.447  1808  1808 E RefreshRateSelector: Can't find HRR max refresh rate by policy with the same group 1080
05-15 20:59:54.447  1808  1808 D SurfaceFlinger: GPIS:: requestGPISForClientComposition
05-15 20:59:54.447 20661 20699 D HWUI    : CacheManager::trimMemory(20)
05-15 20:59:54.449  1977  2142 D SurfaceComposerClient: setCornerRadius ## c78860d Splash Screen es.uniovi.recetasasturianas#179666 cornerRadius=0.000000
05-15 20:59:54.449  1977  2142 D SurfaceComposerClient: setCornerRadius ## be1cb34 es.uniovi.recetasasturianas/es.uniovi.recetasasturianas.MainActivity#179669 cornerRadius=0.000000
05-15 20:59:54.453  1808  1808 D SurfaceFlinger: Display 4630947232161729154 HWC layers:
05-15 20:59:54.453  1808  1808 D SurfaceFlinger:        DEVICE |           47510928231149 | 00000100 | RGBA_8888    |    0.0    0.0 1080.0 2340.0 |    0    0 1080 2340 | Wallpaper BBQ wrapper 7_systemlock#178730 (1)
05-15 20:59:54.453  1808  1808 D SurfaceFlinger:        DEVICE |           47510928231577 | 00002100 | RGBA_8888    |    0.0    0.0 1080.0 2340.0 |    0    0 1080 2340 | Splash Screen es.uniovi.recetasasturianas$_11062#179667 (1)
05-15 20:59:54.453  1808  1808 D SurfaceFlinger:        DEVICE |           47510928230649 | 00002100 | RGBA_8888    |    0.0    0.0 1080.0  144.0 |    0 2196 1080 2340 | NavigationBar0$_11062#172972 (359)
05-15 20:59:54.453  1808  1808 D SurfaceFlinger:        DEVICE |           27157078223661 | 00002100 | RGBA_8888    |    0.0   13.0  290.0  158.0 |  395    0  685  145 | $_6323#154529 (967)
05-15 20:59:54.453  1808  1808 D SurfaceFlinger:        DEVICE |           27157078223656 | 00002100 | RGBA_8888    |    0.0    0.0 1080.0  115.0 |    0    0 1080  115 | $_6323#177506 (652)
05-15 20:59:54.453  1808  1808 D SurfaceFlinger:        DEVICE |           47510928230638 | 00002140 | RGBA_8888    |    0.0    0.0 1080.0  121.0 |    0    0 1080  121 | ScreenDecorOverlay$_11062#172986 (67)
05-15 20:59:54.453  1808  1808 D SurfaceFlinger:        DEVICE |           475109282306
05-15 20:59:54.453  1808  1808 D SurfaceFlinger: 39 | 00002140 | RGBA_8888    |    0.0    0.0 1080.0  121.0 |    0 2219 1080 2340 | ScreenDecorOverlayBottom$_11062#172987 (60)
05-15 20:59:54.453  1808  1808 D SurfaceFlinger:
05-15 20:59:54.453  1977  4019 I WindowManager: Relayout Window{c5a06c0 u0 bitpit.launcher/bitpit.launcher.ui.HomeActivity}: viewVisibility=8 req=1080x2340 ty=1 d0
05-15 20:59:54.453  1977  4019 D SurfaceComposerClient: setCornerRadius ## c78860d Splash Screen es.uniovi.recetasasturianas#179666 cornerRadius=0.000000
05-15 20:59:54.453  1977  4019 D SurfaceComposerClient: setCornerRadius ## be1cb34 es.uniovi.recetasasturianas/es.uniovi.recetasasturianas.MainActivity#179669 cornerRadius=0.000000
05-15 20:59:54.454  1977  4019 D SurfaceComposerClient: setCornerRadius ## c78860d Splash Screen es.uniovi.recetasasturianas#179666 cornerRadius=0.000000
05-15 20:59:54.454  1977  4019 D SurfaceComposerClient: setCornerRadius ## be1cb34 es.uniovi.recetasasturianas/es.uniovi.recetasasturianas.MainActivity#179669 cornerRadius=0.000000
05-15 20:59:54.454  1808  1808 I SurfaceFlinger: RequestedLayer [Surface(name=8f932e4 StatusBar)/@0xa[...]ion-leash of insets_animation#179672] hidden!! flag  from(1) --> to(0)
05-15 20:59:54.454  1808  1808 E SurfaceFlinger: alpha changed 1.000 -> 0.000 - Surface(name=8f932e4 StatusBar)/@0xabc478a - animation-leash of insets_animation#179672
05-15 20:59:54.454  1808  1808 I SurfaceFlinger: RequestedLayer [Surface(name=8f932e4 StatusBar)/@0xa[...]ion-leash of insets_animation#179674] hidden!! flag  from(1) --> to(0)
05-15 20:59:54.454  1808  1808 E SurfaceFlinger: alpha changed 1.000 -> 0.000 - Surface(name=8f932e4 StatusBar)/@0xabc478a - animation-leash of insets_animation#179674
05-15 20:59:54.454  1808  1808 I SurfaceFlinger: RequestedLayer [bitpit.launcher/bitpit.launcher.ui.HomeActivity$_20661#179656] hidden!! flag  from(0) --> to(1)
05-15 20:59:54.454  1808  1808 I SurfaceFlinger: RequestedLayer [com.android.systemui.wallpapers.ImageWallpaper$_11062#178729] hidden!! flag  from(0) --> to(1)
05-15 20:59:54.454  1808  1808 I SurfaceFlinger: RequestedLayer [WallpaperWindowToken{43888ef showWhenLocked=false}#178727] hidden!! flag  from(0) --> to(1)
05-15 20:59:54.454  1808  1808 I SurfaceFlinger: RequestedLayer [ActivityRecord{148716444 u0 bitpit.launcher/.ui.HomeActivity t1351}#116667] hidden!! flag  from(0) --> to(1)
05-15 20:59:54.454  1808  1808 I SurfaceFlinger: RequestedLayer [Task=1351#116666] hidden!! flag  from(0) --> to(1)
05-15 20:59:54.454  1808  1808 I SurfaceFlinger: destroyed Transition Root: Task=2392#179668 form LifecycleManager
05-15 20:59:54.454  1808  1808 I SurfaceFlinger: [LayerHierarchy{RequestedLayerState{7a9d783 NavigationBar0#172957 parentId=179675} 1 children}] reparent to LayerHierarchy{RequestedLayerState{Surface(name=7a9d783 NavigationBar0)/@0x10e1471 - animation-leash of insets_animation#179675 parentId=172956} 1 children}
05-15 20:59:54.454  1808  1808 I SurfaceFlinger: [LayerHierarchy{RequestedLayerState{8f932e4 StatusBar#172964 parentId=179674} 1 children}] reparent to LayerHierarchy{RequestedLayerState{Surface(name=8f932e4 StatusBar)/@0xabc478a - animation-leash of insets_animation#179674 parentId=172963} 1 children}
05-15 20:59:54.454  1808  1808 I SurfaceFlinger: [LayerHierarchy{RequestedLayerState{Surface(name=7a9d783 NavigationBar0)/@0x10e1471 - animation-leash of insets_animation#179658} no children}] reparent to OffscreenRoot
05-15 20:59:54.454  1808  1808 I SurfaceFlinger: [LayerHierarchy{RequestedLayerState{Surface(name=7a9d783 NavigationBar0)/@0x10e1471 - animation-leash of insets_animation#179658} no children}] RelativeParent to null
05-15 20:59:54.454  1808  1808 I SurfaceFlinger: [LayerHierarchy{RequestedLayerState{Surface(name=8f932e4 StatusBar)/@0xabc478a - animation-leash of insets_animation#179657} no children}] reparent to OffscreenRoot
05-15 20:59:54.454  1808  1808 I SurfaceFlinger: [LayerHierarchy{RequestedLayerState{Surface(name=8f932e4 StatusBar)/@0xabc478a - animation-leash of insets_animation#179657} no children}] RelativeParent to null
05-15 20:59:54.454  1808  1808 I SurfaceFlinger: [LayerHierarchy{RequestedLayerState{Surface(name=8f932e4 StatusBar)/@0xabc478a - animation-leash of insets_animation#179672} no children}] reparent to OffscreenRoot
05-15 20:59:54.454  1808  1808 I SurfaceFlinger: [LayerHierarchy{RequestedLayerState{Surface(name=8f932e4 StatusBar)/@0xabc478a - animation-leash of insets_animation#179672} no children}] RelativeParent to null
05-15 20:59:54.454  1808  1808 I SurfaceFlinger: [LayerHierarchy{RequestedLayerState{Surface(name=7a9d783 NavigationBar0)/@0x10e1471 - animation-leash of insets_animation#179673} no children}] reparent to OffscreenRoot
05-15 20:59:54.454  1808  1808 I SurfaceFlinger: [LayerHierarchy{RequestedLayerState{Surface(name=7a9d783 NavigationBar0)/@0x10e1471 - animation-leash of insets_animation#179673} no children}] RelativeParent to null
05-15 20:59:54.454  1808  1808 I SurfaceFlinger: id=179668 onLayerDestroyed from LayerHierarchyBuilder(RequestedLayerState{Transition Root: Task=2392#179668 !handle z=7})
05-15 20:59:54.455 11062 11419 D LocalImageResolver: Couldn't use ImageDecoder for drawable, falling back to non-resized load.
05-15 20:59:54.455 24090 24176 D VRI[MainActivity]@229a2fc: Received frameDrawingCallback syncResult=0 frameNum=1.
05-15 20:59:54.456 24090 24176 I VRI[MainActivity]@229a2fc: mWNT: t=0xb400007df8d65d90 mBlastBufferQueue=0xb400007e28d947f0 fn= 1 HdrRenderState mRenderHdrSdrRatio=1.0 caller= android.view.ViewRootImpl$12.onFrameDraw:15441 android.view.ThreadedRenderer$1.onFrameDraw:718 <bottom of call stack>
05-15 20:59:54.456 24090 24176 I VRI[MainActivity]@229a2fc: Setting up sync and frameCommitCallback
05-15 20:59:54.456  4195 23188 I HoneySpace.RecentTasks: onRecentTasksChanged
05-15 20:59:54.457  1977  2142 D SurfaceComposerClient: setCornerRadius ## c78860d Splash Screen es.uniovi.recetasasturianas#179666 cornerRadius=0.000000
05-15 20:59:54.457  1977  2142 D SurfaceComposerClient: setCornerRadius ## be1cb34 es.uniovi.recetasasturianas/es.uniovi.recetasasturianas.MainActivity#179669 cornerRadius=0.000000
05-15 20:59:54.457  5896  6390 I SemDvfsHyPerManager: acquire hyper - BaseTABoost/5896@20, type = -999
05-15 20:59:54.457  1808  1808 I Layer   : id=179668 Destroyed Transition Root: Task=2392#179668
05-15 20:59:54.458  1977  4019 I WindowManager: Relayout hash=c5a06c0, pid=20661, syncId=-1: mAttrs={(0,0)(fillxfill) sim={state=always_hidden adjust=resize forwardNavigation} layoutInDisplayCutoutMode=always ty=BASE_APPLICATION fmt=TRANSPARENT wanim=0x1030317
05-15 20:59:54.458  1977  4019 I WindowManager:   fl=80910100
05-15 20:59:54.458  1977  4019 I WindowManager:   pfl=10008840
05-15 20:59:54.458  1977  4019 I WindowManager:   bhv=1
05-15 20:59:54.458  1977  4019 I WindowManager:   fitSides=0
05-15 20:59:54.458  1977  4019 I WindowManager:   frameRateBoostOnTouch=true
05-15 20:59:54.458  1977  4019 I WindowManager:   dvrrWindowFrameRateHint=true naviIconColor=0}
05-15 20:59:54.458  1632  1829 I HYPER-HAL: [RequestManager.cpp]acquire(): Acquired ID : 17502506  [5896 / 20]    HINT :      list : [TABoost / 1]
05-15 20:59:54.458 11062 11419 D LocalImageResolver: Couldn't use ImageDecoder for drawable, falling back to non-resized load.
05-15 20:59:54.460  1977  2142 D SurfaceComposerClient: setCornerRadius ## c78860d Splash Screen es.uniovi.recetasasturianas#179666 cornerRadius=0.000000
05-15 20:59:54.460 20661 20661 I VRI[HomeActivity]@27ecfc4: Relayout returned: old=(0,0,1080,2340) new=(0,0,1080,2340) relayoutAsync=false req=(1080,2340)8 dur=11 res=0x2 s={false 0x0} ch=true seqId=0
05-15 20:59:54.460  1977  2142 D SurfaceComposerClient: setCornerRadius ## be1cb34 es.uniovi.recetasasturianas/es.uniovi.recetasasturianas.MainActivity#179669 cornerRadius=0.000000
05-15 20:59:54.460 20661 20661 D VRI[HomeActivity]@27ecfc4: Not drawing due to not visible. Reason=!mAppVisible && !mForceDecorViewVisibility
05-15 20:59:54.460  1977  2142 D SurfaceComposerClient: setCornerRadius ## c78860d Splash Screen es.uniovi.recetasasturianas#179666 cornerRadius=0.000000
05-15 20:59:54.461  1977  2142 D SurfaceComposerClient: setCornerRadius ## be1cb34 es.uniovi.recetasasturianas/es.uniovi.recetasasturianas.MainActivity#179669 cornerRadius=0.000000
05-15 20:59:54.462  1808  1808 D SurfaceFlinger: Display 4630947232161729154 HWC layers:
05-15 20:59:54.462  1808  1808 D SurfaceFlinger:        DEVICE |           47510928231577 | 00002100 | RGBA_8888    |    0.0    0.0 1080.0 2340.0 |    0    0 1080 2340 | Splash Screen es.uniovi.recetasasturianas$_11062#179667 (1)
05-15 20:59:54.462  1808  1808 D SurfaceFlinger:        DEVICE |           47510928230649 | 00002100 | RGBA_8888    |    0.0    0.0 1080.0  144.0 |    0 2196 1080 2340 | NavigationBar0$_11062#172972 (359)
05-15 20:59:54.462  1808  1808 D SurfaceFlinger:        DEVICE |           27157078223661 | 00002100 | RGBA_8888    |    0.0   13.0  290.0  158.0 |  395    0  685  145 | $_6323#154529 (967)
05-15 20:59:54.462  1808  1808 D SurfaceFlinger:        DEVICE |           27157078223656 | 00002100 | RGBA_8888    |    0.0    0.0 1080.0  115.0 |    0    0 1080  115 | $_6323#177506 (652)
05-15 20:59:54.462  1808  1808 D SurfaceFlinger:        DEVICE |           47510928230638 | 00002140 | RGBA_8888    |    0.0    0.0 1080.0  121.0 |    0    0 1080  121 | ScreenDecorOverlay$_11062#172986 (67)
05-15 20:59:54.462  1808  1808 D SurfaceFlinger:        DEVICE |           47510928230639 | 00002140 | RGBA_8888    |    0.0    0.0 1080.0  121.0 |    0 2219 1080 2340 | ScreenDecorOverlayBottom$_11062#172987 (60)
05-15 20:59:54.462  1808  1808 D SurfaceFlinger:
05-15 20:59:54.462  1808  1951 D SurfaceFlinger: [input] setFocusedWindow: be1cb34 es.uniovi.recetasasturianas/es.uniovi.recetasasturianas.MainActivity
05-15 20:59:54.463  1808  1897 I SurfaceFlinger: id=179657 Removed Surface(name=8f932e4 StatusBar)/@0xabc478a - animation-leash of insets_animation#179657 (180)
05-15 20:59:54.463  1808  1897 I SurfaceFlinger: id=179672 Removed Surface(name=8f932e4 StatusBar)/@0xabc478a - animation-leash of insets_animation#179672 (180)
05-15 20:59:54.463  1808  1899 I SurfaceFlinger: id=179673 Removed Surface(name=7a9d783 NavigationBar0)/@0x10e1471 - animation-leash of insets_animation#179673 (180)
05-15 20:59:54.463  1808  1897 I SurfaceFlinger: id=179658 Removed Surface(name=7a9d783 NavigationBar0)/@0x10e1471 - animation-leash of insets_animation#179658 (180)
05-15 20:59:54.463  1977  8796 D InputDispatcher: Once focus requested (0): be1cb34 es.uniovi.recetasasturianas/es.uniovi.recetasasturianas.MainActivity
05-15 20:59:54.463  1977  8796 D InputDispatcher: Focus request (0): be1cb34 es.uniovi.recetasasturianas/es.uniovi.recetasasturianas.MainActivity but waiting because NO_WINDOW
05-15 20:59:54.463  1808  1808 I SurfaceFlinger: destroyed Surface(name=7a9d783 NavigationBar0)/@0x10e1471 - animation-leash of insets_animation#179658 form LifecycleManager
05-15 20:59:54.463  1808  1808 I SurfaceFlinger: destroyed Surface(name=8f932e4 StatusBar)/@0xabc478a - animation-leash of insets_animation#179657 form LifecycleManager
05-15 20:59:54.463  1808  1808 I SurfaceFlinger: destroyed Surface(name=7a9d783 NavigationBar0)/@0x10e1471 - animation-leash of insets_animation#179673 form LifecycleManager
05-15 20:59:54.463  1808  1808 I SurfaceFlinger: destroyed Surface(name=8f932e4 StatusBar)/@0xabc478a - animation-leash of insets_animation#179672 form LifecycleManager
05-15 20:59:54.463  1808  1808 I SurfaceFlinger: id=179658 onLayerDestroyed from LayerHierarchyBuilder(RequestedLayerState{Surface(name=7a9d783 NavigationBar0)/@0x10e1471 - animation-leash of insets_animation#179658 !handle})
05-15 20:59:54.463  1808  1808 I SurfaceFlinger: id=179657 onLayerDestroyed from LayerHierarchyBuilder(RequestedLayerState{Surface(name=8f932e4 StatusBar)/@0xabc478a - animation-leash of insets_animation#179657 !handle})
05-15 20:59:54.463  1808  1808 I SurfaceFlinger: id=179673 onLayerDestroyed from LayerHierarchyBuilder(RequestedLayerState{Surface(name=7a9d783 NavigationBar0)/@0x10e1471 - animation-leash of insets_animation#179673 !handle})
05-15 20:59:54.463  1808  1808 I SurfaceFlinger: id=179672 onLayerDestroyed from LayerHierarchyBuilder(RequestedLayerState{Surface(name=8f932e4 StatusBar)/@0xabc478a - animation-leash of insets_animation#179672 !handle})
05-15 20:59:54.464  6323  6323 I VRI[]@f636171: handleResized, frames=ClientWindowFrames{frame=[395,-13][685,145] display=[-100000,-100000][100000,100000] parentFrame=[0,0][0,0]} displayId=0 dragResizing=false compatScale=1.0 frameChanged=false attachedFrameChanged=false configChanged=false displayChanged=false compatScaleChanged=false dragResizingChanged=false
05-15 20:59:54.464  6323  6323 I VRI[]@d065a31: handleResized, frames=ClientWindowFrames{frame=[0,0][1080,115] display=[0,0][1080,2340] parentFrame=[0,0][0,0]} displayId=0 dragResizing=false compatScale=1.0 frameChanged=false attachedFrameChanged=false configChanged=false displayChanged=false compatScaleChanged=false dragResizingChanged=false
05-15 20:59:54.465 11062 11062 D LocalImageResolver: Couldn't use ImageDecoder for drawable, falling back to non-resized load.
05-15 20:59:54.465  1808  1808 I Layer   : id=179658 Destroyed Surface(name=7a9d783 NavigationBar0)/@0x10e1471 - animation-leash of insets_animation#179658
05-15 20:59:54.465  1808  1808 I Layer   : id=179657 Destroyed Surface(name=8f932e4 StatusBar)/@0xabc478a - animation-leash of insets_animation#179657
05-15 20:59:54.465  1808  1808 I Layer   : id=179673 Destroyed Surface(name=7a9d783 NavigationBar0)/@0x10e1471 - animation-leash of insets_animation#179673
05-15 20:59:54.465  1808  1808 I Layer   : id=179672 Destroyed Surface(name=8f932e4 StatusBar)/@0xabc478a - animation-leash of insets_animation#179672
05-15 20:59:54.466 24090 24155 I BLASTBufferQueue: [VRI[MainActivity]@229a2fc#8](f:0,a:0,s:0) onFrameAvailable the first frame is available
05-15 20:59:54.466 24090 24155 I SurfaceComposerClient: apply transaction with the first frame. layerId: 179671, bufferData(ID: 103465762160674, frameNumber: 1)
05-15 20:59:54.467 24090 24155 I VRI[MainActivity]@229a2fc: Received frameCommittedCallback lastAttemptedDrawFrameNum=1 didProduceBuffer=true
05-15 20:59:54.467  1808  1897 I SurfaceFlinger: [es.uniovi.recetasasturianas/es.uniovi.recetasasturianas.MainActivity$_24090#179671] setTransactionState with the first frame. bufferData(ID: 103465762160674, frameNumber: 1)
05-15 20:59:54.467 24090 24155 D HWUI    : CFMS:: SetUp Pid : 24090    Tid : 24155
05-15 20:59:54.467 24090 24090 D VRI[MainActivity]@229a2fc: reportDrawFinished seqId=0
05-15 20:59:54.468  1977  2142 D SurfaceComposerClient: setCornerRadius ## c78860d Splash Screen es.uniovi.recetasasturianas#179666 cornerRadius=0.000000
05-15 20:59:54.468  1977  2142 D SurfaceComposerClient: setCornerRadius ## be1cb34 es.uniovi.recetasasturianas/es.uniovi.recetasasturianas.MainActivity#179669 cornerRadius=0.000000
05-15 20:59:54.469 24090 24155 D HWUI    : HWUI - treat SMPTE_170M as sRGB
05-15 20:59:54.469 24090 24090 D RecipeListViewModel: loadRecipes() finalizado
05-15 20:59:54.469  1977  2142 D SurfaceComposerClient: setCornerRadius ## c78860d Splash Screen es.uniovi.recetasasturianas#179666 cornerRadius=0.000000
05-15 20:59:54.469 11062 11062 I VRI[StatusBar]@613a967: handleResized, frames=ClientWindowFrames{frame=[0,0][1080,99] display=[0,0][1080,2340] parentFrame=[0,0][0,0]} displayId=0 dragResizing=false compatScale=1.0 frameChanged=false attachedFrameChanged=false configChanged=false displayChanged=false compatScaleChanged=false dragResizingChanged=false
05-15 20:59:54.469 24090 24090 D RecipeListViewModel: Dataset recibido: 78 recetas
05-15 20:59:54.469 11062 11062 I VRI[NavigationBar0]@e1dc51d: handleResized, frames=ClientWindowFrames{frame=[0,2196][1080,2340] display=[0,0][1080,2340] parentFrame=[0,0][0,0]} displayId=0 dragResizing=false compatScale=1.0 frameChanged=false attachedFrameChanged=false configChanged=false displayChanged=false compatScaleChanged=false dragResizingChanged=false
05-15 20:59:54.469 11062 11062 I VRI[ScreenDecorOverlay]@6f4609c: Resizing android.view.ViewRootImpl@48f9e69: frame = [0,0][1080,121] reportDraw = false forceLayout = false syncSeqId = -1
05-15 20:59:54.469 11062 11062 I VRI[ScreenDecorOverlayBottom]@8250f9b: Resizing android.view.ViewRootImpl@229441c: frame = [0,2219][1080,2340] reportDraw = false forceLayout = false syncSeqId = -1
05-15 20:59:54.469 11062 11493 I VRI[ScreenDecorOverlay]@6f4609c: handleResized, frames=ClientWindowFrames{frame=[0,0][1080,121] display=[0,0][1080,2340] parentFrame=[0,0][0,0]} displayId=0 dragResizing=false compatScale=1.0 frameChanged=false attachedFrameChanged=false configChanged=false displayChanged=false compatScaleChanged=false dragResizingChanged=false
05-15 20:59:54.469 11062 11493 I VRI[ScreenDecorOverlayBottom]@8250f9b: handleResized, frames=ClientWindowFrames{frame=[0,2219][1080,2340] display=[0,0][1080,2340] parentFrame=[0,0][0,0]} displayId=0 dragResizing=false compatScale=1.0 frameChanged=false attachedFrameChanged=false configChanged=false displayChanged=false compatScaleChanged=false dragResizingChanged=false
05-15 20:59:54.470  1808  1897 I SurfaceFlinger: id=179676 createSurf, flag=24000, Surface(name=be1cb34 es.uniovi.recetasasturianas/es.uniovi.recetasasturianas.MainActivity)/@0xc054391 - animation-leash of starting_reveal#179676
05-15 20:59:54.470 11062 11138 I VRI[recetasasturianas]@6f707ee: onActiveControlsChanged, removed=false, mAdded=true, caller=android.view.ViewRootImpl.handleInsetsControlChanged:3002 android.view.ViewRootImpl$ViewRootHandler.handleMessageImpl:8352 android.view.ViewRootImpl$ViewRootHandler.handleMessage:8301 android.os.Handler.dispatchMessage:110 android.os.Looper.loopOnce:273
05-15 20:59:54.471 11062 11118 D ShellTaskOrganizer: removeStartingWindow, removalInfo=StartingWindowRemovalInfo{taskId=2392 frame=Rect(0, 0 - 1080, 2340) playRevealAnimation=true roundedCornerRadius=0.0 deferRemoveMode=0 windowlessSurface=false removeImmediately=false}
05-15 20:59:54.471  1977  2142 D SurfaceComposerClient: setCornerRadius ## be1cb34 es.uniovi.recetasasturianas/es.uniovi.recetasasturianas.MainActivity#179669 cornerRadius=0.000000
05-15 20:59:54.472  1808  1808 I SurfaceFlinger: [Surface(name=be1cb34 es.uniovi.recetasasturianas/es.uniovi.recetasasturianas.MainActivity)/@0xc054391 - animation-leash of starting_reveal#179676] attach to parent LayerHierarchy{RequestedLayerState{ActivityRecord{113146246 u0 es.uniovi.recetasasturianas/.MainActivity t2392}#179665 parentId=179664} 4 children}
05-15 20:59:54.473  1977  2142 D SurfaceComposerClient: setCornerRadius ## c78860d Splash Screen es.uniovi.recetasasturianas#179666 cornerRadius=0.000000
05-15 20:59:54.473  1977  2142 D SurfaceComposerClient: setCornerRadius ## be1cb34 es.uniovi.recetasasturianas/es.uniovi.recetasasturianas.MainActivity#179669 cornerRadius=0.000000
05-15 20:59:54.473  1977  2142 D SurfaceComposerClient: setCornerRadius ## c78860d Splash Screen es.uniovi.recetasasturianas#179666 cornerRadius=0.000000
05-15 20:59:54.473  1977  2142 D SurfaceComposerClient: setCornerRadius ## be1cb34 es.uniovi.recetasasturianas/es.uniovi.recetasasturianas.MainActivity#179669 cornerRadius=0.000000
05-15 20:59:54.475  1977  2128 I PkgPredictorService-SecIpmManagerServiceImpl: reportToNAP uid:10625 es.uniovi.recetasasturianas/es.uniovi.recetasasturianas.MainActivity thisTime:190
05-15 20:59:54.475  1977  2128 D PkgPredictorService-SecIpmManagerServiceImpl: reportToNAP: mHeavyLaunchCounter is false
05-15 20:59:54.477  1977  2128 I ActivityTaskManager: Displayed es.uniovi.recetasasturianas/.MainActivity for user 0: +190ms
05-15 20:59:54.477 24090 24090 D ConnectivityManager: StackLog: [android.net.ConnectivityManager.sendRequestForNetwork(ConnectivityManager.java:4740)] [android.net.ConnectivityManager.registerDefaultNetworkCallbackForUid(ConnectivityManager.java:5465)] [android.net.ConnectivityManager.registerDefaultNetworkCallback(ConnectivityManager.java:5432)] [android.net.ConnectivityManager.registerDefaultNetworkCallback(ConnectivityManager.java:5406)] [com.bumptech.glide.manager.SingletonConnectivityReceiver$FrameworkConnectivityMonitorPostApi24.register(SingletonConnectivityReceiver.java:191)] [com.bumptech.glide.manager.SingletonConnectivityReceiver.maybeRegisterReceiver(SingletonConnectivityReceiver.java:113)] [com.bumptech.glide.manager.SingletonConnectivityReceiver.register(SingletonConnectivityReceiver.java:94)] [com.bumptech.glide.manager.DefaultConnectivityMonitor.register(DefaultConnectivityMonitor.java:25)] [com.bumptech.glide.manager.DefaultConnectivityMonitor.onStart(DefaultConnectivityMonitor.java:34)] [com.bumptech.glide.manager.LifecycleLifecycle.addListener(LifecycleLifecycle.java:54)] [com.bumptech.glide.RequestManager.<init>(RequestManager.java:147)] [com.bumptech.glide.RequestManager.<init>(RequestManager.java:105)] [com.bumptech.glide.manager.RequestManagerRetriever$1.build(RequestManagerRetriever.java:292)] [com.bumptech.glide.manager.LifecycleRequestManagerRetriever.getOrCreate(LifecycleRequestManagerRetriever.java:43)] [com.bumptech.glide.manager.RequestManagerRetriever.get(RequestManagerRetriever.java:114)] [com.bumptech.glide.manager.RequestManagerRetriever.get(RequestManagerRetriever.java:92)] [com.bumptech.glide.Glide.with(Glide.java:545)] [es.uniovi.recetasasturianas.ui.list.RecipeAdapter$RecipeViewHolder.bind(RecipeAdapter.kt:126)] [es.uniovi.recetasasturianas.ui.list.RecipeAdapter.onBindViewHolder(RecipeAdapter.kt:76)] [es.uniovi.recetasasturianas.ui.list.RecipeAdapter.onBindViewHolder(RecipeAdapter.kt:27)] [androidx.recyclerview.widget.RecyclerView$Adapter.onBindViewHolder(RecyclerView.java:7065)] [androidx.recyclerview.widget.RecyclerView$Adapter.bindViewHolder(RecyclerView.java:7107)] [androidx.recyclerview.widget.RecyclerView$Recycler.tryBindViewHolderByDeadline(RecyclerView.java:6012)] [androidx.recyclerview.widget.RecyclerView$Recycler.tryGetViewHolderForPositionByDeadline(RecyclerView.java:6279)] [androidx.recyclerview.widget.RecyclerView$Recycler.getViewForPosition(RecyclerView.java:6118)] [androidx.recyclerview.widget.RecyclerView$Recycler.getViewForPosition(RecyclerView.java:6114)] [androidx.recyclerview.widget.LinearLayoutManager$LayoutState.next(LinearLayoutManager.java:2303)] [androidx.recyclerview.widget.LinearLayoutManager.layoutChunk(LinearLayoutManager.java:1627)] [androidx.recyclerview.widget.LinearLayoutManager.fill(LinearLayoutManager.java:1587)] [androidx.recyclerview.widget.LinearLayoutManager.onLayoutChildren(LinearLayoutManager.java:665)] [androidx.recyclerview.widget.RecyclerView.dispatchLayoutStep2(RecyclerView.java:4134)] [androidx.recyclerview.widget.RecyclerView.dispatchLayout(RecyclerView.java:3851)] [androidx.recyclerview.widget.RecyclerView.consumePendingUpdateOperations(RecyclerView.java:1897)] [androidx.recyclerview.widget.RecyclerView$1.run(RecyclerView.java:414)] [android.view.Choreographer$CallbackRecord.run(Choreographer.java:1901)] [android.view.Choreographer$CallbackRecord.run(Choreographer.java:1910)] [android.view.Choreographer.doCallbacks(Choreographer.java:1367)] [android.view.Choreographer.doFrame(Choreographer.java:1282)] [android.view.Choreographer$FrameDisplayEventReceiver.run(Choreographer.java:1870)]
05-15 20:59:54.478  4301  4301 E pageboostd: Received HALT command code 2
05-15 20:59:54.478  1977  6950 D ConnectivityService: requestNetwork for uid/pid:10625/24090 activeRequest: null callbackRequest: 58610 [NetworkRequest [ REQUEST id=58611, [ Capabilities: INTERNET&NOT_RESTRICTED&TRUSTED&NOT_VCN_MANAGED&NOT_BANDWIDTH_CONSTRAINED Uid: 10625 RequestorUid: 10625 RequestorPkg: es.uniovi.recetasasturianas UnderlyingNetworks: Null] ]] callback flags: 0 order: 2147483647 isUidTracked: false declaredMethods: AVAIL|LOST
05-15 20:59:54.479  1977  3160 D ConnectivityService:    accepting network in place of null for NetworkRequest [ REQUEST id=58611, [ Capabilities: INTERNET&NOT_RESTRICTED&TRUSTED&NOT_VCN_MANAGED&NOT_BANDWIDTH_CONSTRAINED Uid: 10625 RequestorUid: 10625 RequestorPkg: es.uniovi.recetasasturianas UnderlyingNetworks: Null] ]
05-15 20:59:54.479 24090 24090 I MaterialCardView: Setting a custom background is not supported.
05-15 20:59:54.480  1808  1808 I SurfaceFlinger: [Display 0 name="Built-in Screen"#172933] setFrameRateCategory: High
05-15 20:59:54.480  1808  1808 I SurfaceFlinger: RequestedLayer [es.uniovi.recetasasturianas/es.uniov[...]sturianas.MainActivity$_24090#179671] hidden!! flag  from(1) --> to(0)
05-15 20:59:54.480  1977  3160 D ConnectivityService: Rematched networks [computed 0ms] [applied 1ms] [issued 1]
05-15 20:59:54.480  1977  3160 D ConnectivityService: NetworkReassignment :
05-15 20:59:54.480  1977  3160 D ConnectivityService:   58611 : null → 2805
05-15 20:59:54.480  1808  1808 I SurfaceFlinger: [LayerHierarchy{RequestedLayerState{be1cb34 es.uniovi.recetasasturianas/es.uniovi.recetasasturianas.MainActivity#179669 parentId=179676} 1 children}] reparent to LayerHierarchy{RequestedLayerState{Surface(name=be1cb34 es.uniovi.recetasasturianas/es.uniovi.recetasasturianas.MainActivity)/@0xc054391 - animation-leash of starting_reveal#179676 parentId=179665} 1 children}
05-15 20:59:54.483 11062 11062 W RefactorFlag: New code path expects SceneContainerFlag to be enabled.
05-15 20:59:54.484  1977  6950 I WindowManager: Relayout Window{c78860d u0 Splash Screen es.uniovi.recetasasturianas}: viewVisibility=8 req=1080x2340 ty=3 d0
