05-15 20:59:53.386  1808  1808 I SurfaceFlinger: RequestedLayer [Surface(name=8f932e4 StatusBar)/@0xa[...]ion-leash of insets_animation#179641] hidden!! flag  from(1) --> to(0)
05-15 20:59:53.386  1808  1808 E SurfaceFlinger: alpha changed 0.000 -> 0.011 - Surface(name=8f932e4 StatusBar)/@0xabc478a - animation-leash of insets_animation#179641
05-15 20:59:53.390 24090 24176 D VRI[MainActivity]@824b4c1: Received frameDrawingCallback syncResult=0 frameNum=1.
05-15 20:59:53.390 24090 24176 I VRI[MainActivity]@824b4c1: mWNT: t=0xb400007df8df6e10 mBlastBufferQueue=0xb400007e28dbca70 fn= 1 HdrRenderState mRenderHdrSdrRatio=1.0 caller= android.view.ViewRootImpl$12.onFrameDraw:15441 android.view.ThreadedRenderer$1.onFrameDraw:718 <bottom of call stack>
05-15 20:59:53.390 24090 24176 I VRI[MainActivity]@824b4c1: Setting up sync and frameCommitCallback
05-15 20:59:53.392 11062 11138 I InsetsController: onStateChanged: host=Splash Screen es.uniovi.recetasasturianas, from=android.view.ViewRootImpl.onInsetsStateChanged:3026, state=InsetsState: {mDisplayFrame=Rect(0, 0 - 1080, 2340), mDisplayCutout=DisplayCutout{insets=Rect(0, 99 - 0, 0) waterfall=Insets{left=0, top=0, right=0, bottom=0} boundingRect={Bounds=[Rect(0, 0 - 0, 0), Rect(505, 0 - 575, 99), Rect(0, 0 - 0, 0), Rect(0, 0 - 0, 0)]} cutoutPathParserInfo={CutoutPathParserInfo{displayWidth=1080 displayHeight=2340 physicalDisplayWidth=1080 physicalDisplayHeight=2340 density={3.0} cutoutSpec={M 0,0 M 0,29 a 35,35 0 1,0 0,70 a 35,35 0 1,0 0,-70 Z} rotation={0} scale={1.0} physicalPixelDisplaySizeRatio={1.0}}} sideOverrides={}}, mRoundedCorners=RoundedCorners{[RoundedCorner{position=TopLeft, radius=108, center=Point(108, 108)}, RoundedCorner{position=TopRight, radius=108, center=Point(972, 108)}, RoundedCorner{position=BottomRight, radius=108, center=Point(972, 2232)}, RoundedCorner{position=BottomLeft, radius=108, center=Point(108, 2232)}]}  mRoundedCornerFrame=Rect(0, 0 - 1080, 2340), mPrivacyIndicatorBounds=PrivacyIndicatorBounds {static bounds=Rect(948, 0 - 1080, 99) rotation=0}, mDisplayShape=DisplayShape{ spec=-311912193 displayWidth=1080 displayHeight=2340 physicalPixelDisplaySizeRatio=1.0 rotation=0 offsetX=0 offsetY=0 scale=1.0}, mSources= { InsetsSource: {b73a0001 mType=navigationBars mFrame=[0,0][0,0] mVisible=true mFlags=SUPPRESS_SCRIM mSideHint=NONE mBoundingRects=null}, InsetsSource: {b73a0004 mType=systemGestures mFrame=[0,0][90,2340] mVisible=true mFlags= mSideHint=LEFT mBoundingRects=null}, InsetsSource: {b73a0005 mType=mandatorySystemGestures mFrame=[0,2265][1080,2340] mVisible=true mFlags= mSideHint=BOTTOM mBoundingRects=null}, InsetsSource: {b73a0006 mType=tappableElement mFrame=[0,0][0,0] mVisible=true mFlags= mSideHint=NONE mBoundingRects=null}, InsetsSource: {b73a0024 mType=systemGestures mFrame=[990,0][1080,2340] mVisible=true mFlags= mSideHint=RIGHT mBoundingRects=null}, InsetsSource: {3 mType=ime mFrame=[0,1553][1080,2340] mVisible=false mFlags= mSideHint=BOTTOM mBoundingRects=null}, InsetsSource: {27 mType=displayCutout mFrame=[0,0][1080,99] mVisible=true mFlags= mSideHint=TOP mBoundingRects=null}, InsetsSource: {9260000 mType=statusBars mFrame=[0,0][1080,99] mVisible=true mFlags= mSideHint=TOP mBoundingRects=null}, InsetsSource: {9260005 mType=mandatorySystemGestures mFrame=[0,0][1080,135] mVisible=true mFlags= mSideHint=TOP mBoundingRects=null}, InsetsSource: {9260006 mType=tappableElement mFrame=[0,0][1080,99] mVisible=true mFlags= mSideHint=TOP mBoundingRects=null} }
05-15 20:59:53.392 24090 24155 I BLASTBufferQueue: [VRI[MainActivity]@824b4c1#7](f:0,a:0,s:0) onFrameAvailable the first frame is available
05-15 20:59:53.392 11062 11138 I VRI[recetasasturianas]@83e4ada: onActiveControlsChanged, removed=false, mAdded=true, caller=android.view.ViewRootImpl.handleInsetsControlChanged:3002 android.view.ViewRootImpl$ViewRootHandler.handleMessageImpl:8352 android.view.ViewRootImpl$ViewRootHandler.handleMessage:8301 android.os.Handler.dispatchMessage:110 android.os.Looper.loopOnce:273
05-15 20:59:53.393 24090 24155 I SurfaceComposerClient: apply transaction with the first frame. layerId: 179644, bufferData(ID: 103465762160671, frameNumber: 1)
05-15 20:59:53.393 24090 24155 I VRI[MainActivity]@824b4c1: Received frameCommittedCallback lastAttemptedDrawFrameNum=1 didProduceBuffer=true
05-15 20:59:53.393  1808  1897 I SurfaceFlinger: [es.uniovi.recetasasturianas/es.uniovi.recetasasturianas.MainActivity$_24090#179644] setTransactionState with the first frame. bufferData(ID: 103465762160671, frameNumber: 1)
05-15 20:59:53.394 24090 24155 D HWUI    : CFMS:: SetUp Pid : 24090    Tid : 24155
05-15 20:59:53.394 24090 24090 D VRI[MainActivity]@824b4c1: reportDrawFinished seqId=0
05-15 20:59:53.393 11062 11138 I InsetsController: cancelAnimation: types=statusBars, animType=0, host=Splash Screen es.uniovi.recetasasturianas, from=android.view.InsetsController.notifyControlRevoked:2043 android.view.InsetsSourceConsumer.setControl:158 android.view.InsetsController.onControlsChanged:1207
05-15 20:59:53.394  1808  1808 D SurfaceFlinger: Display 4630947232161729154 HWC layers:
05-15 20:59:53.394  1808  1808 D SurfaceFlinger:        DEVICE |           47510928231564 | 00002100 | RGBA_8888    |    0.0    0.0 1080.0 2340.0 |    0    0 1080 2340 | Splash Screen es.uniovi.recetasasturianas$_11062#179638 (1)
05-15 20:59:53.394  1808  1808 D SurfaceFlinger:        DEVICE |           47510928230666 | 00002100 | RGBA_8888    |    0.0    0.0 1080.0   99.0 |    0    0 1080   99 | StatusBar$_11062#172976 (4143)
05-15 20:59:53.394  1808  1808 D SurfaceFlinger:        DEVICE |           47510928230649 | 00002100 | RGBA_8888    |    0.0    0.0 1080.0  144.0 |    0 2196 1080 2340 | NavigationBar0$_11062#172972 (359)
05-15 20:59:53.394  1808  1808 D SurfaceFlinger:        DEVICE |           27157078223661 | 00002100 | RGBA_8888    |    0.0   13.0  290.0  158.0 |  395    0  685  145 | $_6323#154529 (967)
05-15 20:59:53.394  1808  1808 D SurfaceFlinger:        DEVICE |           27157078223656 | 00002100 | RGBA_8888    |    0.0    0.0 1080.0  115.0 |    0    0 1080  115 | $_6323#177506 (652)
05-15 20:59:53.394  1808  1808 D SurfaceFlinger:        DEVICE |           47510928230638 | 00002140 | RGBA_8888    |    0.0    0.0 1080.0  121.0 |    0    0 1080  121 | ScreenDecorOverlay$_11062#172986 (67)
05-15 20:59:53.394  1808  1808 D SurfaceFlinger:        DEVICE |           47510928230639 | 00002140 |
05-15 20:59:53.394  1808  1808 D SurfaceFlinger:  RGBA_8888    |    0.0    0.0 1080.0  121.0 |    0 2219 1080 2340 | ScreenDecorOverlayBottom$_11062#172987 (60)
05-15 20:59:53.394  1808  1808 D SurfaceFlinger:
05-15 20:59:53.395  1808  1808 I SurfaceFlinger: [LayerHierarchy{RequestedLayerState{7a9d783 NavigationBar0#172957 parentId=179646} 1 children}] reparent to LayerHierarchy{RequestedLayerState{Surface(name=7a9d783 NavigationBar0)/@0x10e1471 - animation-leash of insets_animation#179646 parentId=172956} 1 children}
05-15 20:59:53.395  1808  1808 I SurfaceFlinger: [LayerHierarchy{RequestedLayerState{8f932e4 StatusBar#172964 parentId=179645} 1 children}] reparent to LayerHierarchy{RequestedLayerState{Surface(name=8f932e4 StatusBar)/@0xabc478a - animation-leash of insets_animation#179645 parentId=172963} 1 children}
05-15 20:59:53.395  1808  1808 I SurfaceFlinger: [LayerHierarchy{RequestedLayerState{Surface(name=7a9d783 NavigationBar0)/@0x10e1471 - animation-leash of insets_animation#179642} no children}] reparent to OffscreenRoot
05-15 20:59:53.395  1808  1808 I SurfaceFlinger: [LayerHierarchy{RequestedLayerState{Surface(name=7a9d783 NavigationBar0)/@0x10e1471 - animation-leash of insets_animation#179642} no children}] RelativeParent to null
05-15 20:59:53.395  1808  1808 I SurfaceFlinger: [LayerHierarchy{RequestedLayerState{Surface(name=8f932e4 StatusBar)/@0xabc478a - animation-leash of insets_animation#179641} no children}] reparent to OffscreenRoot
05-15 20:59:53.395  1808  1808 I SurfaceFlinger: [LayerHierarchy{RequestedLayerState{Surface(name=8f932e4 StatusBar)/@0xabc478a - animation-leash of insets_animation#179641} no children}] RelativeParent to null
05-15 20:59:53.395  1977  2142 D SurfaceComposerClient: setCornerRadius ## 2028cac Splash Screen es.uniovi.recetasasturianas#179637 cornerRadius=0.000000
05-15 20:59:53.395  1977  2142 D SurfaceComposerClient: setCornerRadius ## 3b15c37 es.uniovi.recetasasturianas/es.uniovi.recetasasturianas.MainActivity#179643 cornerRadius=0.000000
05-15 20:59:53.396 24090 24155 D HWUI    : HWUI - treat SMPTE_170M as sRGB
05-15 20:59:53.396  1808  1899 I SurfaceFlinger: id=179641 Removed Surface(name=8f932e4 StatusBar)/@0xabc478a - animation-leash of insets_animation#179641 (176)
05-15 20:59:53.396  1808  1899 I SurfaceFlinger: id=179642 Removed Surface(name=7a9d783 NavigationBar0)/@0x10e1471 - animation-leash of insets_animation#179642 (176)
05-15 20:59:53.396 24090 24090 D RecipeListViewModel: loadRecipes() finalizado
05-15 20:59:53.397 24090 24090 D RecipeListViewModel: Dataset recibido: 78 recetas
05-15 20:59:53.397  1977  2142 D SurfaceComposerClient: setCornerRadius ## 2028cac Splash Screen es.uniovi.recetasasturianas#179637 cornerRadius=0.000000
05-15 20:59:53.398  1808  1899 I SurfaceFlinger: id=179647 createSurf, flag=24000, Surface(name=3b15c37 es.uniovi.recetasasturianas/es.uniovi.recetasasturianas.MainActivity)/@0xd580641 - animation-leash of starting_reveal#179647
05-15 20:59:53.399  1977  2142 D SurfaceComposerClient: setCornerRadius ## 3b15c37 es.uniovi.recetasasturianas/es.uniovi.recetasasturianas.MainActivity#179643 cornerRadius=0.000000
05-15 20:59:53.399 11062 11118 D ShellTaskOrganizer: removeStartingWindow, removalInfo=StartingWindowRemovalInfo{taskId=2390 frame=Rect(0, 0 - 1080, 2340) playRevealAnimation=true roundedCornerRadius=0.0 deferRemoveMode=0 windowlessSurface=false removeImmediately=false}
05-15 20:59:53.399  1977  2142 D SurfaceComposerClient: setCornerRadius ## 2028cac Splash Screen es.uniovi.recetasasturianas#179637 cornerRadius=0.000000
05-15 20:59:53.400  1977  2142 D SurfaceComposerClient: setCornerRadius ## 3b15c37 es.uniovi.recetasasturianas/es.uniovi.recetasasturianas.MainActivity#179643 cornerRadius=0.000000
05-15 20:59:53.400  1977  2142 D SurfaceComposerClient: setCornerRadius ## 2028cac Splash Screen es.uniovi.recetasasturianas#179637 cornerRadius=0.000000
05-15 20:59:53.400  1977  2142 D SurfaceComposerClient: setCornerRadius ## 3b15c37 es.uniovi.recetasasturianas/es.uniovi.recetasasturianas.MainActivity#179643 cornerRadius=0.000000
05-15 20:59:53.403  1808  1808 I SurfaceFlinger: [Display 0 name="Built-in Screen"#172933] setFrameRateCategory: High
05-15 20:59:53.403  1808  1808 I SurfaceFlinger: destroyed Surface(name=7a9d783 NavigationBar0)/@0x10e1471 - animation-leash of insets_animation#179642 form LifecycleManager
05-15 20:59:53.403  1808  1808 I SurfaceFlinger: destroyed Surface(name=8f932e4 StatusBar)/@0xabc478a - animation-leash of insets_animation#179641 form LifecycleManager
05-15 20:59:53.403  1808  1808 I SurfaceFlinger: [Surface(name=3b15c37 es.uniovi.recetasasturianas/es.uniovi.recetasasturianas.MainActivity)/@0xd580641 - animation-leash of starting_reveal#179647] attach to parent LayerHierarchy{RequestedLayerState{ActivityRecord{32312203 u0 es.uniovi.recetasasturianas/.MainActivity t2390}#179636 parentId=179635} 4 children}
05-15 20:59:53.403  1808  1808 I SurfaceFlinger: id=179642 onLayerDestroyed from LayerHierarchyBuilder(RequestedLayerState{Surface(name=7a9d783 NavigationBar0)/@0x10e1471 - animation-leash of insets_animation#179642 !handle})
05-15 20:59:53.403  1808  1808 I SurfaceFlinger: id=179641 onLayerDestroyed from LayerHierarchyBuilder(RequestedLayerState{Surface(name=8f932e4 StatusBar)/@0xabc478a - animation-leash of insets_animation#179641 !handle})
05-15 20:59:53.403  1808  1951 D SurfaceFlinger: [input] setFocusedWindow: 3b15c37 es.uniovi.recetasasturianas/es.uniovi.recetasasturianas.MainActivity
05-15 20:59:53.404  1808  1808 I Layer   : id=179642 Destroyed Surface(name=7a9d783 NavigationBar0)/@0x10e1471 - animation-leash of insets_animation#179642
05-15 20:59:53.404  1808  1808 I Layer   : id=179641 Destroyed Surface(name=8f932e4 StatusBar)/@0xabc478a - animation-leash of insets_animation#179641
05-15 20:59:53.404  1977  4019 D InputDispatcher: Once focus requested (0): 3b15c37 es.uniovi.recetasasturianas/es.uniovi.recetasasturianas.MainActivity
05-15 20:59:53.404  1977  4019 D InputDispatcher: Focus request (0): 3b15c37 es.uniovi.recetasasturianas/es.uniovi.recetasasturianas.MainActivity but waiting because NO_WINDOW
05-15 20:59:53.404 24090 24090 D ConnectivityManager: StackLog: [android.net.ConnectivityManager.sendRequestForNetwork(ConnectivityManager.java:4740)] [android.net.ConnectivityManager.registerDefaultNetworkCallbackForUid(ConnectivityManager.java:5465)] [android.net.ConnectivityManager.registerDefaultNetworkCallback(ConnectivityManager.java:5432)] [android.net.ConnectivityManager.registerDefaultNetworkCallback(ConnectivityManager.java:5406)] [com.bumptech.glide.manager.SingletonConnectivityReceiver$FrameworkConnectivityMonitorPostApi24.register(SingletonConnectivityReceiver.java:191)] [com.bumptech.glide.manager.SingletonConnectivityReceiver.maybeRegisterReceiver(SingletonConnectivityReceiver.java:113)] [com.bumptech.glide.manager.SingletonConnectivityReceiver.register(SingletonConnectivityReceiver.java:94)] [com.bumptech.glide.manager.DefaultConnectivityMonitor.register(DefaultConnectivityMonitor.java:25)] [com.bumptech.glide.manager.DefaultConnectivityMonitor.onStart(DefaultConnectivityMonitor.java:34)] [com.bumptech.glide.manager.LifecycleLifecycle.addListener(LifecycleLifecycle.java:54)] [com.bumptech.glide.RequestManager.<init>(RequestManager.java:147)] [com.bumptech.glide.RequestManager.<init>(RequestManager.java:105)] [com.bumptech.glide.manager.RequestManagerRetriever$1.build(RequestManagerRetriever.java:292)] [com.bumptech.glide.manager.LifecycleRequestManagerRetriever.getOrCreate(LifecycleRequestManagerRetriever.java:43)] [com.bumptech.glide.manager.RequestManagerRetriever.get(RequestManagerRetriever.java:114)] [com.bumptech.glide.manager.RequestManagerRetriever.get(RequestManagerRetriever.java:92)] [com.bumptech.glide.Glide.with(Glide.java:545)] [es.uniovi.recetasasturianas.ui.list.RecipeAdapter$RecipeViewHolder.bind(RecipeAdapter.kt:126)] [es.uniovi.recetasasturianas.ui.list.RecipeAdapter.onBindViewHolder(RecipeAdapter.kt:76)] [es.uniovi.recetasasturianas.ui.list.RecipeAdapter.onBindViewHolder(RecipeAdapter.kt:27)] [androidx.recyclerview.widget.RecyclerView$Adapter.onBindViewHolder(RecyclerView.java:7065)] [androidx.recyclerview.widget.RecyclerView$Adapter.bindViewHolder(RecyclerView.java:7107)] [androidx.recyclerview.widget.RecyclerView$Recycler.tryBindViewHolderByDeadline(RecyclerView.java:6012)] [androidx.recyclerview.widget.RecyclerView$Recycler.tryGetViewHolderForPositionByDeadline(RecyclerView.java:6279)] [androidx.recyclerview.widget.RecyclerView$Recycler.getViewForPosition(RecyclerView.java:6118)] [androidx.recyclerview.widget.RecyclerView$Recycler.getViewForPosition(RecyclerView.java:6114)] [androidx.recyclerview.widget.LinearLayoutManager$LayoutState.next(LinearLayoutManager.java:2303)] [androidx.recyclerview.widget.LinearLayoutManager.layoutChunk(LinearLayoutManager.java:1627)] [androidx.recyclerview.widget.LinearLayoutManager.fill(LinearLayoutManager.java:1587)] [androidx.recyclerview.widget.LinearLayoutManager.onLayoutChildren(LinearLayoutManager.java:665)] [androidx.recyclerview.widget.RecyclerView.dispatchLayoutStep2(RecyclerView.java:4134)] [androidx.recyclerview.widget.RecyclerView.dispatchLayout(RecyclerView.java:3851)] [androidx.recyclerview.widget.RecyclerView.consumePendingUpdateOperations(RecyclerView.java:1897)] [androidx.recyclerview.widget.RecyclerView$1.run(RecyclerView.java:414)] [android.view.Choreographer$CallbackRecord.run(Choreographer.java:1901)] [android.view.Choreographer$CallbackRecord.run(Choreographer.java:1910)] [android.view.Choreographer.doCallbacks(Choreographer.java:1367)] [android.view.Choreographer.doFrame(Choreographer.java:1282)] [android.view.Choreographer$FrameDisplayEventReceiver.run(Choreographer.java:1870)]
05-15 20:59:53.405  1977  4019 D ConnectivityService: requestNetwork for uid/pid:10625/24090 activeRequest: null callbackRequest: 58606 [NetworkRequest [ REQUEST id=58607, [ Capabilities: INTERNET&NOT_RESTRICTED&TRUSTED&NOT_VCN_MANAGED&NOT_BANDWIDTH_CONSTRAINED Uid: 10625 RequestorUid: 10625 RequestorPkg: es.uniovi.recetasasturianas UnderlyingNetworks: Null] ]] callback flags: 0 order: 2147483647 isUidTracked: false declaredMethods: AVAIL|LOST
05-15 20:59:53.405  1977  3160 D ConnectivityService:    accepting network in place of null for NetworkRequest [ REQUEST id=58607, [ Capabilities: INTERNET&NOT_RESTRICTED&TRUSTED&NOT_VCN_MANAGED&NOT_BANDWIDTH_CONSTRAINED Uid: 10625 RequestorUid: 10625 RequestorPkg: es.uniovi.recetasasturianas UnderlyingNetworks: Null] ]
05-15 20:59:53.407  1977  3160 D ConnectivityService: Rematched networks [computed 0ms] [applied 0ms] [issued 1]
05-15 20:59:53.407  1977  3160 D ConnectivityService: NetworkReassignment :
05-15 20:59:53.407  1977  3160 D ConnectivityService:   58607 : null → 2805
05-15 20:59:53.407 24090 24090 I MaterialCardView: Setting a custom background is not supported.
05-15 20:59:53.408  1977  2128 I PkgPredictorService-SecIpmManagerServiceImpl: reportToNAP uid:10625 es.uniovi.recetasasturianas/es.uniovi.recetasasturianas.MainActivity thisTime:149
05-15 20:59:53.408  1977  2128 D PkgPredictorService-SecIpmManagerServiceImpl: reportToNAP: mHeavyLaunchCounter is false
05-15 20:59:53.411  1808  1808 I SurfaceFlinger: RequestedLayer [es.uniovi.recetasasturianas/es.uniov[...]sturianas.MainActivity$_24090#179644] hidden!! flag  from(1) --> to(0)
05-15 20:59:53.411  1808  1808 I SurfaceFlinger: [LayerHierarchy{RequestedLayerState{3b15c37 es.uniovi.recetasasturianas/es.uniovi.recetasasturianas.MainActivity#179643 parentId=179647} 1 children}] reparent to LayerHierarchy{RequestedLayerState{Surface(name=3b15c37 es.uniovi.recetasasturianas/es.uniovi.recetasasturianas.MainActivity)/@0xd580641 - animation-leash of starting_reveal#179647 parentId=179636} 1 children}
05-15 20:59:53.413  1977  2128 I ActivityTaskManager: Displayed es.uniovi.recetasasturianas/.MainActivity for user 0: +149ms
05-15 20:59:53.414  4301  4301 E pageboostd: Received HALT command code 2
05-15 20:59:53.414 24090 24090 I MaterialCardView: Setting a custom background is not supported.
05-15 20:59:53.417  1977  6943 I WindowManager: Relayout Window{2028cac u0 Splash Screen es.uniovi.recetasasturianas}: viewVisibility=8 req=1080x2340 ty=3 d0
05-15 20:59:53.418  1977  6943 D SurfaceComposerClient: setCornerRadius ## 3b15c37 es.uniovi.recetasasturianas/es.uniovi.recetasasturianas.MainActivity#179643 cornerRadius=0.000000
05-15 20:59:53.420  1977  6943 D SurfaceComposerClient: setCornerRadius ## 2028cac Splash Screen es.uniovi.recetasasturianas#179637 cornerRadius=0.000000
05-15 20:59:53.420  1977  6943 D SurfaceComposerClient: setCornerRadius ## 3b15c37 es.uniovi.recetasasturianas/es.uniovi.recetasasturianas.MainActivity#179643 cornerRadius=0.000000
05-15 20:59:53.420  1808  1808 D SurfaceFlinger: Display 4630947232161729154 HWC layers:
05-15 20:59:53.420  1808  1808 D SurfaceFlinger:        DEVICE |          103465762160671 | 00002102 | RGBA_8888    |    0.0    0.0 1080.0 2340.0 |    0    0 1080 2340 | es.uniovi.recetasasturianas/es.uniov[...]sturianas.MainActivity$_24090#179644 (1)
05-15 20:59:53.420  1808  1808 D SurfaceFlinger:        DEVICE |           47510928231564 | 00002100 | RGBA_8888    |    0.0    0.0 1080.0 2340.0 |    0    0 1080 2340 | Splash Screen es.uniovi.recetasasturianas$_11062#179638 (1)
05-15 20:59:53.420  1808  1808 D SurfaceFlinger:        DEVICE |           47510928230666 | 00002100 | RGBA_8888    |    0.0    0.0 1080.0   99.0 |    0    0 1080   99 | StatusBar$_11062#172976 (4143)
05-15 20:59:53.420  1808  1808 D SurfaceFlinger:        DEVICE |           47510928230649 | 00002100 | RGBA_8888    |    0.0    0.0 1080.0  144.0 |    0 2196 1080 2340 | NavigationBar0$_11062#172972 (359)
05-15 20:59:53.420  1808  1808 D SurfaceFlinger:        DEVICE |           27157078223661 | 00002100 | RGBA_8888    |    0.0   13.0  290.0  158.0 |  395    0  685  145 | $_6323#154529 (967)
05-15 20:59:53.420  1808  1808 D SurfaceFlinger:        DEVICE |           27157078223656 | 00002100 | RGBA_8888    |    0.0    0.0 1080.0  115.0 |    0    0 1080  115 | $_6323#177506 (652)
05-15 20:59:53.420  1808  1808 D SurfaceFlinger:        DE
05-15 20:59:53.420  1808  1808 D SurfaceFlinger: VICE |           47510928230638 | 00002140 | RGBA_8888    |    0.0    0.0 1080.0  121.0 |    0    0 1080  121 | ScreenDecorOverlay$_11062#172986 (67)
05-15 20:59:53.420  1808  1808 D SurfaceFlinger:        DEVICE |           47510928230639 | 00002140 | RGBA_8888    |    0.0    0.0 1080.0  121.0 |    0 2219 1080 2340 | ScreenDecorOverlayBottom$_11062#172987 (60)
05-15 20:59:53.420  1808  1808 D SurfaceFlinger:
05-15 20:59:53.422  1977  6943 I WindowManager: Relayout hash=2028cac, pid=11062, syncId=-1: mAttrs={(0,0)(fillxfill) sim={adjust=pan} layoutInDisplayCutoutMode=always ty=APPLICATION_STARTING fmt=TRANSLUCENT wanim=0x1030317
05-15 20:59:53.422  1977  6943 I WindowManager:   fl=81030118
05-15 20:59:53.422  1977  6943 I WindowManager:   pfl=10000810
05-15 20:59:53.422  1977  6943 I WindowManager:   bhv=1
05-15 20:59:53.422  1977  6943 I WindowManager:   fitSides=0
05-15 20:59:53.422  1977  6943 I WindowManager:   frameRateBoostOnTouch=true
05-15 20:59:53.422  1977  6943 I WindowManager:   dvrrWindowFrameRateHint=true naviIconColor=0}
05-15 20:59:53.424 11062 11138 I VRI[recetasasturianas]@83e4ada: onActiveControlsChanged, removed=false, mAdded=true, caller=android.view.ViewRootImpl.handleInsetsControlChanged:3002 android.view.ViewRootImpl.relayoutWindow:11629 android.view.ViewRootImpl.performTraversals:4804 android.view.ViewRootImpl.doTraversal:3924 android.view.ViewRootImpl$TraversalRunnable.run:12903
05-15 20:59:53.424  2090  2090 I CameraService: onUidStateChanged: uid=10048, procState is changed. (1 -> 0)
05-15 20:59:53.424  1977  6763 D InputDispatcher: Focus entered window (0): 3b15c37 es.uniovi.recetasasturianas/es.uniovi.recetasasturianas.MainActivity
05-15 20:59:53.425 11062 11138 I VRI[recetasasturianas]@83e4ada: Relayout returned: old=(0,0,1080,2340) new=(0,0,1080,2340) relayoutAsync=false req=(1080,2340)8 dur=18 res=0x2 s={false 0x0} ch=true seqId=0
05-15 20:59:53.425 11062 11138 D VRI[recetasasturianas]@83e4ada: Not drawing due to not visible. Reason=View.GONE
05-15 20:59:53.426 11062 11138 W WindowOnBackDispatcher: sendCancelIfRunning: isInProgress=false callback=android.view.ViewRootImpl$$ExternalSyntheticLambda16@48b5b32
05-15 20:59:53.427 11062 11062 D SystemUIService: SYSUI_RAM_OPTIMIZATION onTrimMemory=20
05-15 20:59:53.427 11062 11062 D CentralSurfaces: SYSUI_RAM_OPTIMIZATION onTrimMemory=20
05-15 20:59:53.427 11062 11227 D HWUI    : CacheManager::trimMemory(20)
05-15 20:59:53.428  1808  1808 I SurfaceFlinger: RequestedLayer [Splash Screen es.uniovi.recetasasturianas$_11062#179638] hidden!! flag  from(0) --> to(1)
05-15 20:59:53.431 11062 11138 I VRI[recetasasturianas]@83e4ada: dispatchDetachedFromWindow
05-15 20:59:53.432 24090 24090 I VRI[MainActivity]@824b4c1: handleResized, frames=ClientWindowFrames{frame=[0,0][1080,2340] display=[0,0][1080,2340] parentFrame=[0,0][0,0]} displayId=0 dragResizing=false compatScale=1.0 frameChanged=false attachedFrameChanged=false configChanged=false displayChanged=false compatScaleChanged=false dragResizingChanged=false
05-15 20:59:53.432 24090 24090 I VRI[MainActivity]@824b4c1: handleResized mSyncSeqId = 0
05-15 20:59:53.432 24090 24090 D VRI[MainActivity]@824b4c1: reportNextDraw android.view.ViewRootImpl.handleResized:2983 android.view.ViewRootImpl.-$$Nest$mhandleResized:0 android.view.ViewRootImpl$W.resized:14082 android.app.servertransaction.WindowStateResizeItem.execute:93 android.app.servertransaction.WindowStateTransactionItem.execute:62
05-15 20:59:53.433  1977  6950 I SemDvfsHyPerManager: acquire hyper - AMS_RESUME_TAIL/1977@22, type = -999
05-15 20:59:53.433 24090 24090 I InsetsSourceConsumer: applyRequestedVisibilityToControl: visible=true, type=statusBars, host=es.uniovi.recetasasturianas/es.uniovi.recetasasturianas.MainActivity
05-15 20:59:53.433  1977  6950 I SemDvfsHyPerManager: acquire hyper - AMS_ACT_LAZY/1977@23, type = -999
05-15 20:59:53.433  1632  1829 I HYPER-HAL: [RequestManager.cpp]acquire(): Acquired ID : 1999022  [1977 / 22]    HINT : AMS_RESUME_TAIL    list :
05-15 20:59:53.433  1977  6950 D InputTransport: Input channel destroyed: '2028cac', fd=1030
05-15 20:59:53.433 24090 24090 I InsetsSourceConsumer: applyRequestedVisibilityToControl: visible=true, type=navigationBars, host=es.uniovi.recetasasturianas/es.uniovi.recetasasturianas.MainActivity
05-15 20:59:53.434  1977  6950 D SurfaceComposerClient: setCornerRadius ## 3b15c37 es.uniovi.recetasasturianas/es.uniovi.recetasasturianas.MainActivity#179643 cornerRadius=0.000000
05-15 20:59:53.435  1977  6950 D SurfaceComposerClient: setCornerRadius ## 3b15c37 es.uniovi.recetasasturianas/es.uniovi.recetasasturianas.MainActivity#179643 cornerRadius=0.000000
05-15 20:59:53.435 11062 11138 D InputTransport: Input channel destroyed: '2028cac', fd=455
05-15 20:59:53.436  1808  1808 D SurfaceFlinger: Display 4630947232161729154 HWC layers:
05-15 20:59:53.436  1808  1808 D SurfaceFlinger:        DEVICE |          103465762160670 | 00002102 | RGBA_8888    |    0.0    0.0 1080.0 2340.0 |    0    0 1080 2340 | es.uniovi.recetasasturianas/es.uniov[...]sturianas.MainActivity$_24090#179644 (2)
05-15 20:59:53.436  1808  1808 D SurfaceFlinger:        DEVICE |           47510928230666 | 00002100 | RGBA_8888    |    0.0    0.0 1080.0   99.0 |    0    0 1080   99 | StatusBar$_11062#172976 (4143)
05-15 20:59:53.436  1808  1808 D SurfaceFlinger:        DEVICE |           47510928230649 | 00002100 | RGBA_8888    |    0.0    0.0 1080.0  144.0 |    0 2196 1080 2340 | NavigationBar0$_11062#172972 (359)
05-15 20:59:53.436  1808  1808 D SurfaceFlinger:        DEVICE |           27157078223661 | 00002100 | RGBA_8888    |    0.0   13.0  290.0  158.0 |  395    0  685  145 | $_6323#154529 (967)
05-15 20:59:53.436  1808  1808 D SurfaceFlinger:        DEVICE |           27157078223656 | 00002100 | RGBA_8888    |    0.0    0.0 1080.0  115.0 |    0    0 1080  115 | $_6323#177506 (652)
05-15 20:59:53.436  1808  1808 D SurfaceFlinger:        DEVICE |           47510928230638 | 00002140 | RGBA_8888    |    0.0    0.0 1080.0  121.0 |    0    0 1080  121 | ScreenDecorOverlay$_11062#172986 (67)
05-15 20:59:53.436  1808  1808 D SurfaceFlinger:        DEVICE |           47510
05-15 20:59:53.436  1808  1808 D SurfaceFlinger: 928230639 | 00002140 | RGBA_8888    |    0.0    0.0 1080.0  121.0 |    0 2219 1080 2340 | ScreenDecorOverlayBottom$_11062#172987 (60)
05-15 20:59:53.436  1808  1808 D SurfaceFlinger:
05-15 20:59:53.437 20661 20661 W WindowOnBackDispatcher: sendCancelIfRunning: isInProgress=false callback=b.TeCqMNUAa81tlGMLY@555456b
05-15 20:59:53.437 24090 24090 D VRI[MainActivity]@824b4c1: Setup new sync=wmsSync-VRI[MainActivity]@824b4c1#20
05-15 20:59:53.437 24090 24090 I VRI[MainActivity]@824b4c1: Creating new active sync group VRI[MainActivity]@824b4c1#21
05-15 20:59:53.437 24090 24090 D VRI[MainActivity]@824b4c1: registerCallbacksForSync syncBuffer=false
05-15 20:59:53.437 20661 20661 I VRI[HomeActivity]@27ecfc4: stopped(true) old = false
05-15 20:59:53.437 20661 20661 D VRI[HomeActivity]@27ecfc4: WindowStopped on bitpit.launcher/bitpit.launcher.ui.HomeActivity set to true
05-15 20:59:53.438 20661 20699 D HWUI    : CacheManager::trimMemory(20)
05-15 20:59:53.440 20661 20661 I AutofillManager: onInvisibleForAutofill(): expiringResponse
05-15 20:59:53.440  1632  1829 I HYPER-HAL: [ResourceManager.cpp]updateResource(): [CPUMinFreq] UpdateResource Request ID : 1999022    Value : 1785600
05-15 20:59:53.440  1632  1829 I HYPER-HAL: [RequestManager.cpp]acquire(): Acquired ID : 2001023  [1977 / 23]    HINT : AMS_ACT_LAZY    list :
05-15 20:59:53.441  1632  1829 I HYPER-HAL: [ResourceManager.cpp]removeResource(): [CPULittleMinFreq] RemoveResource Request ID : 2011043
05-15 20:59:53.441  1977  2142 D SurfaceComposerClient: setCornerRadius ## 3b15c37 es.uniovi.recetasasturianas/es.uniovi.recetasasturianas.MainActivity#179643 cornerRadius=0.000000
05-15 20:59:53.442 24090 24175 D VRI[MainActivity]@824b4c1: Received frameDrawingCallback syncResult=0 frameNum=3.
05-15 20:59:53.442 24090 24175 I VRI[MainActivity]@824b4c1: Setting up sync and frameCommitCallback
05-15 20:59:53.443  1977  6763 I AppWidgetServiceImpl: stopListening callbacks : null
05-15 20:59:53.444 24090 24155 I VRI[MainActivity]@824b4c1: Received frameCommittedCallback lastAttemptedDrawFrameNum=3 didProduceBuffer=true
05-15 20:59:53.445 24090 24090 D VRI[MainActivity]@824b4c1: reportDrawFinished seqId=0
05-15 20:59:53.445 24090 24090 D VRI[MainActivity]@824b4c1: mThreadedRenderer.initializeIfNeeded()#2 mSurface={isValid=true 0xb400007de8ebd4b0}
05-15 20:59:53.445  1808  1808 I SurfaceFlinger: [Display 0 name="Built-in Screen"#172933] setFrameRateCategory: Default
05-15 20:59:53.445  1808  1808 I SurfaceFlinger: [LayerHierarchy{RequestedLayerState{2028cac Splash Screen es.uniovi.recetasasturianas#179637 z=2147483647} 1 children}] reparent to OffscreenRoot
05-15 20:59:53.445  1808  1808 I SurfaceFlinger: [LayerHierarchy{RequestedLayerState{2028cac Splash Screen es.uniovi.recetasasturianas#179637 z=2147483647} 1 children}] RelativeParent to null
05-15 20:59:53.445  1808  1808 I SurfaceFlinger: [LayerHierarchy{RequestedLayerState{Surface(name=3b15c37 es.uniovi.recetasasturianas/es.uniovi.recetasasturianas.MainActivity)/@0xd580641 - animation-leash of starting_reveal#179647} 1 children}] reparent to OffscreenRoot
05-15 20:59:53.445  1808  1808 I SurfaceFlinger: [LayerHierarchy{RequestedLayerState{Surface(name=3b15c37 es.uniovi.recetasasturianas/es.uniovi.recetasasturianas.MainActivity)/@0xd580641 - animation-leash of starting_reveal#179647} 1 children}] RelativeParent to null
05-15 20:59:53.445  1808  1808 I SurfaceFlinger: [LayerHierarchy{RequestedLayerState{Splash Screen es.uniovi.recetasasturianas$_11062#179638} no children}] reparent to OffscreenRoot
05-15 20:59:53.445  1808  1808 I SurfaceFlinger: [LayerHierarchy{RequestedLayerState{Splash Screen es.uniovi.recetasasturianas$_11062#179638} no children}] RelativeParent to null
05-15 20:59:53.446  1808  1808 I SurfaceFlinger: [LayerHierarchy{RequestedLayerState{3b15c37 es.uniovi.recetasasturianas/es.uniovi.recetasasturianas.MainActivity#179643 parentId=179636} 1 children}] reparent to LayerHierarchy{RequestedLayerState{ActivityRecord{32312203 u0 es.uniovi.recetasasturianas/.MainActivity t2390}#179636 parentId=179635} 2 children}
05-15 20:59:53.446 24090 24090 D InputMethodManagerUtils: startInputInner - Id : 0
05-15 20:59:53.446 24090 24090 I InputMethodManager: startInputInner - IInputMethodManagerGlobalInvoker.startInputOrWindowGainedFocus
05-15 20:59:53.447  1977  2946 I ImeTracker: es.uniovi.recetasasturianas:f983c74f: onRequestHide at ORIGIN_SERVER reason HIDE_UNSPECIFIED_WINDOW fromUser false
05-15 20:59:53.448  1808  1808 I SurfaceFlinger: id=179638 Removed Splash Screen es.uniovi.recetasasturianas$_11062#179638 (175)
05-15 20:59:53.448  1808  1808 I SurfaceFlinger: id=179637 Removed 2028cac Splash Screen es.uniovi.recetasasturianas#179637 (175)
05-15 20:59:53.448 12633 17431 I Routine@Core[4.9.04.16]: ActivityWatcherListenerImpl: onStopComponent: componentName - bitpit.launcher, userId: 0
05-15 20:59:53.448 24090 24090 I InputMethodManager: handleMessage: setImeVisibility visible=false
05-15 20:59:53.448 24090 24090 D InsetsController: hide(ime(), fromIme=false)
05-15 20:59:53.448 24090 24090 I ImeTracker: es.uniovi.recetasasturianas:f983c74f: onCancelled at PHASE_CLIENT_ALREADY_HIDDEN
05-15 20:59:53.448  1808  1808 E RefreshRateSelector: Can't find HRR max refresh rate by policy with the same group 1080
05-15 20:59:53.449 12633 17431 I Routine@Core[4.9.04.16]: Pref: putSharedPrefsData: key=condition_launch_app_data_resume_pkg, data.size=70
05-15 20:59:53.449  1632  1829 I HYPER-HAL: [ResourceManager.cpp]removeResource(): [CPUMinFreq] RemoveResource Request ID : 2011043
05-15 20:59:53.449  1632  1829 I HYPER-HAL: [RequestManager.cpp]releaseLocked(): Released ID : 2011043
05-15 20:59:53.452  1977  2946 D InputTransport: Input channel constructed: 'ClientS', fd=1030
05-15 20:59:53.453  1977  2946 D InputTransport: Input channel destroyed: 'ClientS', fd=1030
05-15 20:59:53.453 24090 24299 D InputTransport: Input channel constructed: 'ClientS', fd=172
05-15 20:59:53.453  1977  2142 D SurfaceComposerClient: setCornerRadius ## 3b15c37 es.uniovi.recetasasturianas/es.uniovi.recetasasturianas.MainActivity#179643 cornerRadius=0.000000
05-15 20:59:53.453  1977  2142 D SurfaceComposerClient: setCornerRadius ## 3b15c37 es.uniovi.recetasasturianas/es.uniovi.recetasasturianas.MainActivity#179643 cornerRadius=0.000000
05-15 20:59:53.454  1808  1808 I SurfaceFlinger: destroyed 2028cac Splash Screen es.uniovi.recetasasturianas#179637 form LifecycleManager
05-15 20:59:53.454  1808  1808 I SurfaceFlinger: destroyed Splash Screen es.uniovi.recetasasturianas$_11062#179638 form LifecycleManager
05-15 20:59:53.454  1808  1808 I SurfaceFlinger: [LayerHierarchy{RequestedLayerState{bitpit.launcher/bitpit.launcher.ui.HomeActivity$_20661#179627} no children}] reparent to OffscreenRoot
05-15 20:59:53.454  1808  1808 I SurfaceFlinger: [LayerHierarchy{RequestedLayerState{bitpit.launcher/bitpit.launcher.ui.HomeActivity$_20661#179627} no children}] RelativeParent to null
05-15 20:59:53.454  1808  1808 I SurfaceFlinger: id=179637 onLayerDestroyed from LayerHierarchyBuilder(RequestedLayerState{2028cac Splash Screen es.uniovi.recetasasturianas#179637 !handle z=2147483647})
05-15 20:59:53.454  1808  1808 I SurfaceFlinger: id=179638 onLayerDestroyed from LayerHierarchyBuilder(RequestedLayerState{Splash Screen es.uniovi.recetasasturianas$_11062#179638 !handle})
05-15 20:59:53.454 23357 23357 I LatinIME: onFinishInput
05-15 20:59:53.455 20661 20661 D InputTransport: Input channel destroyed: 'ClientS', fd=192
05-15 20:59:53.455  4252  4252 V InlineSuggestionRenderService: handleDestroySuggestionViews called for 0:1988796903
05-15 20:59:53.455 23357 23357 D InputMethodService: unregisterCompatOnBackInvokedCallback return because registered : false
05-15 20:59:53.456 23357 23357 D InputMethodService: updateClientDisplayId: displayId=0, mClientDisplayId=0
05-15 20:59:53.456  1977  2134 D PkgPredictorService-SecIpmManagerServiceImpl: bg information pid:20661 uid:10578 pkgName:bitpit.launcher
05-15 20:59:53.456  1808  1808 I Layer   : id=179637 Destroyed 2028cac Splash Screen es.uniovi.recetasasturianas#179637
05-15 20:59:53.456  1808  1808 I Layer   : id=179638 Destroyed Splash Screen es.uniovi.recetasasturianas$_11062#179638
05-15 20:59:53.456  1808  1808 I SurfaceFlinger: id=179627 Removed bitpit.launcher/bitpit.launcher.ui.HomeActivity$_20661#179627 (173)
05-15 20:59:53.457  1808  4802 I SurfaceFlinger: id=179648 createSurf, flag=24004, Surface(name=35023c1 InputMethod)/@0x1087f31 - animation-leash of insets_animation#179648
05-15 20:59:53.458  1977  6943 I ImeTracker: system_server:6a0858c5: onRequestHide at ORIGIN_SERVER reason IME_REQUESTED_CHANGED_LISTENER fromUser false
05-15 20:59:53.459  1977  2141 I ImeTracker: system_server:6a0858c5: onCancelled at PHASE_SERVER_SHOULD_HIDE
05-15 20:59:53.459  1977  2142 D SurfaceComposerClient: setCornerRadius ## 3b15c37 es.uniovi.recetasasturianas/es.uniovi.recetasasturianas.MainActivity#179643 cornerRadius=0.000000
05-15 20:59:53.460 20661 20661 D BBA2    : setIsFg isFg = false; delayValue 3999ms
05-15 20:59:53.462  1808  1808 I SurfaceFlinger: destroyed bitpit.launcher/bitpit.launcher.ui.HomeActivity$_20661#179627 form LifecycleManager
05-15 20:59:53.462  1808  1808 I SurfaceFlinger: [Surface(name=35023c1 InputMethod)/@0x1087f31 - animation-leash of insets_animation#179648] attach to parent LayerHierarchy{RequestedLayerState{WindowToken{21e384e type=2011 android.os.Binder@4717749}#146663 parentId=15} 2 children}
05-15 20:59:53.462  1808  1808 I SurfaceFlinger: id=179627 onLayerDestroyed from LayerHierarchyBuilder(RequestedLayerState{bitpit.launcher/bitpit.launcher.ui.HomeActivity$_20661#179627 !handle})
05-15 20:59:53.464  1808  1808 I Layer   : id=179627 Destroyed bitpit.launcher/bitpit.launcher.ui.HomeActivity$_20661#179627
05-15 20:59:53.471  1808  1808 I SurfaceFlinger: RequestedLayer [Surface(name=35023c1 InputMethod)/@0[...]ion-leash of insets_animation#179648] hidden!! flag  from(1) --> to(0)
05-15 20:59:53.471  1808  1808 E SurfaceFlinger: alpha changed 1.000 -> 0.000 - Surface(name=35023c1 InputMethod)/@0x1087f31 - animation-leash of insets_animation#179648
05-15 20:59:53.471  1808  1808 I SurfaceFlinger: [LayerHierarchy{RequestedLayerState{ImeContainer#15 parentId=179636 relativeParentId=179643 z=1} 1 children}] reparent to LayerHierarchy{RequestedLayerState{ActivityRecord{32312203 u0 es.uniovi.recetasasturianas/.MainActivity t2390}#179636 parentId=179635} 3 children}
05-15 20:59:53.471  1808  1808 I SurfaceFlinger: [LayerHierarchy{RequestedLayerState{ImeContainer#15 parentId=179636 relativeParentId=179643 z=1} 1 children}] RelativeParent to LayerHierarchy{RequestedLayerState{3b15c37 es.uniovi.recetasasturianas/es.uniovi.recetasasturianas.MainActivity#179643 parentId=179636} 2 children}
05-15 20:59:53.471  1808  1808 I SurfaceFlinger: [LayerHierarchy{RequestedLayerState{35023c1 InputMethod#146668 parentId=179648} 1 children}] reparent to LayerHierarchy{RequestedLayerState{Surface(name=35023c1 InputMethod)/@0x1087f31 - animation-leash of insets_animation#179648 parentId=146663} 1 children}
05-15 20:59:53.471  1808  1808 I SurfaceFlinger: [LayerHierarchy{RequestedLayerState{Surface(name=35023c1 InputMethod)/@0x1087f31 - animation-leash of insets_animation#179631} no children}] reparent to OffscreenRoot
05-15 20:59:53.471  1808  1808 I SurfaceFlinger: [LayerHierarchy{RequestedLayerState{Surface(name=35023c1 InputMethod)/@0x1087f31 - animation-leash of insets_animation#179631} no children}] RelativeParent to null
05-15 20:59:53.474 24429 24429 D nativeloader: Configuring clns-9 for other apk /data/app/~~QqGnXhLjx-Z4iITNWi688A==/proton.android.pass-gbhgVbO7vGfmm5cIWU-fQA==/base.apk. target_sdk_version=35, uses_libraries=, library_path=/data/app/~~QqGnXhLjx-Z4iITNWi688A==/proton.android.pass-gbhgVbO7vGfmm5cIWU-fQA==/lib/arm64:/data/app/~~QqGnXhLjx-Z4iITNWi688A==/proton.android.pass-gbhgVbO7vGfmm5cIWU-fQA==/base.apk!/lib/arm64-v8a, permitted_path=/data:/mnt/expand:/data/user/0/proton.android.pass
05-15 20:59:53.476  1977  2142 I ImeTracker: system_server:35b561b4: onRequestShow at ORIGIN_SERVER reason CONTROLS_CHANGED fromUser false
05-15 20:59:53.476  1808  2995 I SurfaceFlinger: id=179631 Removed Surface(name=35023c1 InputMethod)/@0x1087f31 - animation-leash of insets_animation#179631 (173)
05-15 20:59:53.478  1808  1808 I SurfaceFlinger: destroyed Surface(name=35023c1 InputMethod)/@0x1087f31 - animation-leash of insets_animation#179631 form LifecycleManager
05-15 20:59:53.478  1808  1808 I SurfaceFlinger: id=179631 onLayerDestroyed from LayerHierarchyBuilder(RequestedLayerState{Surface(name=35023c1 InputMethod)/@0x1087f31 - animation-leash of insets_animation#179631 !handle})
05-15 20:59:53.478 24429 24429 D CompatChangeReporter: Compat change id reported: 202956589; UID 10332; state: ENABLED
05-15 20:59:53.478  1808  1808 I Layer   : id=179631 Destroyed Surface(name=35023c1 InputMethod)/@0x1087f31 - animation-leash of insets_animation#179631
05-15 20:59:53.479 24090 24090 I InsetsSourceConsumer: applyRequestedVisibilityToControl: visible=false, type=ime, host=es.uniovi.recetasasturianas/es.uniovi.recetasasturianas.MainActivity
05-15 20:59:53.480 24090 24090 I ImeTracker: system_server:35b561b4: onCancelled at PHASE_CLIENT_ON_CONTROLS_CHANGED
05-15 20:59:53.482 11062 11062 D NavigationBar: setImeWindowStatus displayId=0 vis=0 backDisposition=0 showImeSwitcher=false isImeVisible=false
05-15 20:59:53.482 23357 23357 I InputMethodService: scheduleImeSurfaceRemoval: canceled, mShowInputRequested=false, mWindowVisible=false, IsmWindowNull=false, IsmImeSurfaceRemoverRunnableNotNull=true
05-15 20:59:53.486 24429 24429 V GraphicsEnvironment: Currently set values for:
05-15 20:59:53.486 24429 24429 V GraphicsEnvironment:   angle_gl_driver_selection_pkgs=[]
05-15 20:59:53.486 24429 24429 V GraphicsEnvironment:   angle_gl_driver_selection_values=[]
05-15 20:59:53.487 24429 24429 V GraphicsEnvironment: proton.android.pass is not listed in per-application setting
05-15 20:59:53.487 24429 24429 V GraphicsEnvironment: ANGLE allowlist from config:
05-15 20:59:53.487 24429 24429 V GraphicsEnvironment: proton.android.pass is not listed in ANGLE allowlist or settings, returning default
05-15 20:59:53.487 24429 24429 V GraphicsEnvironment: App is not on the allowlist for updatable production driver.
05-15 20:59:53.487  1808  1808 I SurfaceFlinger: RequestedLayer [Surface(name=35023c1 InputMethod)/@0[...]ion-leash of insets_animation#179648] hidden!! flag  from(0) --> to(1)
05-15 20:59:53.505  7404  7472 I [CE_SDK_11.1.5000]_ContextAdapterImpl: unbindService -
05-15 20:59:53.505  7404  7472 I [CE_SDK_11.1.5000]_ContextAdapterImpl: unbindServiceImpl - connected
05-15 20:59:53.507 23925 23925 I [CE]_ContextEngineSystemService: onUnbind - hit
05-15 20:59:53.508  7404  7472 I [CE_SDK_11.1.5000]_ExecutorUtil: shutdown - mIsStarted: true
05-15 20:59:53.508 23925 23925 I [CE]_ContextEngineSystemService: onDestroy - hit
05-15 20:59:53.510 24429 24429 D Sentry  : io.sentry.auto-init read: false
05-15 20:59:53.521 24429 24429 D CompatChangeReporter: Compat change id reported: 279646685; UID 10332; state: ENABLED
05-15 20:59:53.555  1977  8796 D PackageManager: setEnabledSetting : userId = 0 packageName = proton.android.pass cmp = androidx.work.impl.background.systemjob.SystemJobService newState = 1 callingPackage = proton.android.pass
05-15 20:59:53.556  1977  8796 D ApplicationPolicy: getApplicationStateEnabled : pkg = proton.android.pass userId : 0
05-15 20:59:53.556  1977  8796 D ApplicationPolicy: getApplicationComponentState : pkg = proton.android.pass userId : 0
05-15 20:59:53.567 24429 24450 E ashmem  : Pinning is deprecated since Android Q. Please use trim or other methods.
05-15 20:59:53.581 24090 24090 I ViewInteraction: Checking 'es.uniovi.recetasasturianas.RecipeListFragmentTest$$ExternalSyntheticLambda1@eee5e15' assertion on view view.getId() is <2131296655/es.uniovi.recetasasturianas:id/recycler_view>
05-15 20:59:53.582 24090 24090 I ViewInteraction: Checking 'MatchesViewAssertion{viewMatcher=(view has effective visibility <VISIBLE> and view.getGlobalVisibleRect() to return non-empty rectangle)}' assertion on view view.getId() is <2131296655/es.uniovi.recetasasturianas:id/recycler_view>
05-15 20:59:53.584 24090 24090 I ViewInteraction: Performing 'fast swipe' action on view view.getId() is <2131296736/es.uniovi.recetasasturianas:id/swipe_refresh>
05-15 20:59:53.585  1977  6943 D InputDispatcher: Inject motion (24090/10625): action=0x0, time=304071611000000, f=0x0, d=0 dsdx=1.000000 dtdx=0.000000
05-15 20:59:53.586  1977  2929 I InputDispatcher: Delivering touch to (11062): action: 0x4, f=0x0, d=0, '7a9d783', t=0
05-15 20:59:53.586  1977  2929 I InputDispatcher: Delivering touch to (24090): action: 0x0, f=0x0, d=0, '3b15c37', t=0
05-15 20:59:53.586 24090 24090 I VRI[MainActivity]@824b4c1: ViewPostIme pointer 0
05-15 20:59:53.587  4195  4195 I HoneySpace.GestureInputHandler: inputConsumers = [com.honeyspace.gesture.inputconsumer.InputConsumer$Companion$NO_OP$1@44ea0c6]
05-15 20:59:53.587 24090 24090 I VRI[MainActivity]@824b4c1: call setFrameRateCategory for touch hint category=high hint, reason=touch, vri=VRI[MainActivity]@824b4c1
05-15 20:59:53.587  1977  2134 I GestureDetector: obtain mCurrentDownEvent. id: -386572168 caller: com.android.server.wm.SystemGesturesPointerEventListener.onPointerEvent:17 com.android.server.wm.PointerEventDispatcher.onInputEvent:51 android.view.InputEventReceiver.dispatchInputEvent:392
05-15 20:59:53.587  4195  4195 I HoneySpace.InputSession: inputConsumers = NO_OP
05-15 20:59:53.587  1977  2134 I GestureDetector: obtain mCurrentDownEvent. id: -386572168 caller: com.android.server.wm.SystemPerformancePointerEventListener.onPointerEvent:13 com.android.server.wm.PointerEventDispatcher.onInputEvent:51 android.view.InputEventReceiver.dispatchInputEvent:392
05-15 20:59:53.587  4195  4195 I HoneySpace.InputSession: open
05-15 20:59:53.587  5896  5896 I SemDvfsHyPerManager: acquire hyper - TABoost/5896@21, type = -999
05-15 20:59:53.588  1632  1829 I HYPER-HAL: [RequestManager.cpp]releaseLocked(): Released ID : 17508424
05-15 20:59:53.588  1632  1829 I HYPER-HAL: [RequestManager.cpp]acquire(): Acquired ID : 17508424  [5896 / 21]    HINT :      list : [TABoost / 1] [TIMEOUT / 1500]
05-15 20:59:53.594  1808  1808 I SurfaceFlinger: [es.uniovi.recetasasturianas/es.uniovi.recetasasturianas.MainActivity$_24090#179644] setFrameRateCategory: HighHint
05-15 20:59:53.601  1977  2134 I GestureDetector: obtain mCurrentMotionEventRaw. action: 2 id: -598500690
05-15 20:59:53.601  1977  2134 I GestureDetector: obtain mCurrentMotionEventRaw. action: 2 id: -598500690
05-15 20:59:53.601  1977  1977 I SemDvfsHyPerManager: acquire hyper - WM_SCROLL_DETECTED/1977@2, type = -999
05-15 20:59:53.602  1632  1829 I HYPER-HAL: [RequestManager.cpp]acquire(): Acquired ID : 1959212  [1977 / 2]    HINT :      list : [CoreNumBigMin / 3]
05-15 20:59:53.615 24429 24456 D CompatChangeReporter: Compat change id reported: 312399441; UID 10332; state: ENABLED
05-15 20:59:53.617  1977  6943 D PackageManager: setEnabledSetting : userId = 0 packageName = proton.android.pass cmp = androidx.work.impl.background.systemalarm.RescheduleReceiver newState = 1 callingPackage = proton.android.pass
05-15 20:59:53.617  1977  6943 D ApplicationPolicy: getApplicationStateEnabled : pkg = proton.android.pass userId : 0
05-15 20:59:53.617  1977  6943 D ApplicationPolicy: getApplicationComponentState : pkg = proton.android.pass userId : 0
05-15 20:59:53.621 24429 24460 W JobInfo : Requested important-while-foreground flag for job19301 is ignored and takes no effect
05-15 20:59:53.622 24429 24460 D CompatChangeReporter: Compat change id reported: 311402873; UID 10332; state: ENABLED
05-15 20:59:53.622 24429 24460 D CompatChangeReporter: Compat change id reported: 323349338; UID 10332; state: ENABLED
05-15 20:59:53.634 24429 24460 D ConnectivityManager: StackLog: [android.net.ConnectivityManager.sendRequestForNetwork(ConnectivityManager.java:4740)] [android.net.ConnectivityManager.registerDefaultNetworkCallbackForUid(ConnectivityManager.java:5465)] [android.net.ConnectivityManager.registerDefaultNetworkCallback(ConnectivityManager.java:5432)] [android.net.ConnectivityManager.registerDefaultNetworkCallback(ConnectivityManager.java:5406)] [androidx.work.impl.utils.NetworkApi24.registerDefaultNetworkCallbackCompat(Unknown Source:10)] [androidx.work.impl.constraints.trackers.NetworkStateTracker24.startTracking(Unknown Source:17)] [androidx.work.impl.constraints.controllers.ConstraintController.replace(Unknown Source:155)] [coil.request.RequestService.replace(Unknown Source:50)] [androidx.work.impl.background.greedy.GreedyScheduler.schedule(Unknown Source:353)] [androidx.work.impl.Schedulers.schedule(Unknown Source:151)] [androidx.work.impl.utils.EnqueueRunnable.run(Unknown Source:88)] [androidx.work.Worker$2.run$androidx$work$impl$utils$SerialExecutorImpl$Task(Unknown Source:4)] [androidx.work.Worker$2.run(Unknown Source:255)] [java.util.concurrent.ThreadPoolExecutor.runWorker(ThreadPoolExecutor.java:1154)] [java.util.concurrent.ThreadPoolExecutor$Worker.run(ThreadPoolExecutor.java:652)] [java.lang.Thread.run(Thread.java:1564)]
05-15 20:59:53.635  1977  6943 D ConnectivityService: requestNetwork for uid/pid:10332/24429 activeRequest: null callbackRequest: 58608 [NetworkRequest [ REQUEST id=58609, [ Capabilities: INTERNET&NOT_RESTRICTED&TRUSTED&NOT_VCN_MANAGED&NOT_BANDWIDTH_CONSTRAINED Uid: 10332 RequestorUid: 10332 RequestorPkg: proton.android.pass UnderlyingNetworks: Null] ]] callback flags: 0 order: 2147483647 isUidTracked: false declaredMethods: AVAIL|LOST|NC
05-15 20:59:53.635  1977  3160 D ConnectivityService:    accepting network in place of null for NetworkRequest [ REQUEST id=58609, [ Capabilities: INTERNET&NOT_RESTRICTED&TRUSTED&NOT_VCN_MANAGED&NOT_BANDWIDTH_CONSTRAINED Uid: 10332 RequestorUid: 10332 RequestorPkg: proton.android.pass UnderlyingNetworks: Null] ]
05-15 20:59:53.637  1977  3160 D ConnectivityService: Rematched networks [computed 0ms] [applied 0ms] [issued 1]
05-15 20:59:53.637  1977  3160 D ConnectivityService: NetworkReassignment :
05-15 20:59:53.637  1977  3160 D ConnectivityService:   58609 : null → 2805
05-15 20:59:53.646   850   850 W keymaster_tee: [WRN]begin req PARAMS: A32 B32 P1
05-15 20:59:53.648   850   850 D keymaster_swd: keymaster_swd [WRN] (km_usage_expire_datetime_valid:223) for purpose 0 we shuldn't check KM_TAG_USAGE_EXPIRE_DATETIME
05-15 20:59:53.648   850   850 D keymaster_swd: keymaster_swd [WRN] (km_add_tag:500) skip: non repetable tag already exists with different value: 2684354
05-15 20:59:53.648   850   850 D keymaster_swd: keymaster_swd [WRN] (swd_run_cb:260) swd_begin() returns 0
05-15 20:59:53.652   850   850 D keymaster_swd: keymaster_swd [WRN] (swd_run_cb:260) swd_update() returns 0
05-15 20:59:53.654   850   850 D keymaster_swd: keymaster_swd [WRN] (swd_run_cb:260) swd_finish() returns 0
