05-15 20:59:49.460 24090 24138 I TestRunner: started: restaurantButton_existsIfHasUrl(es.uniovi.recetasasturianas.RecipeDetailFragmentTest)
05-15 20:59:49.460  1808  1897 I SurfaceFlinger: id=179466 Removed fc0e8aa ActivityRecordInputSink es.uniovi.recetasasturianas/.MainActivity#179466 (182)
05-15 20:59:49.461  1808  1897 I SurfaceFlinger: id=179492 createSurf, flag=24004, Task=2380#179492
05-15 20:59:49.462 20661 20699 I BLASTBufferQueue: [VRI[HomeActivity]@27ecfc4#849](f:0,a:0,s:0) onFrameAvailable the first frame is available
05-15 20:59:49.462 20661 20699 I SurfaceComposerClient: apply transaction with the first frame. layerId: 179488, bufferData(ID: 88738319307394, frameNumber: 1)
05-15 20:59:49.462 24090 24138 W Settings: Setting always_finish_activities has moved from android.provider.Settings.System to android.provider.Settings.Global, returning read-only value.
05-15 20:59:49.462 20661 20699 I VRI[HomeActivity]@27ecfc4: Received frameCommittedCallback lastAttemptedDrawFrameNum=1 didProduceBuffer=true
05-15 20:59:49.462  1808  1897 I SurfaceFlinger: [bitpit.launcher/bitpit.launcher.ui.HomeActivity$_20661#179488] setTransactionState with the first frame. bufferData(ID: 88738319307394, frameNumber: 1)
05-15 20:59:49.463 12633 17431 I Routine@Core[4.9.04.16]: ActivityWatcherListenerImpl: onStopComponent: componentName - es.uniovi.recetasasturianas, userId: 0
05-15 20:59:49.463 20661 20661 D VRI[HomeActivity]@27ecfc4: reportDrawFinished seqId=0
05-15 20:59:49.463  1977  2142 I SurfaceControl: apply, lowDebugName=reparent_to_imeParent, caller=android.view.SurfaceControl$Transaction.apply:3447 android.view.SurfaceControl$Transaction.apply:3397 com.android.server.wm.WindowAnimator.animate:307 com.android.server.wm.WindowAnimator$$ExternalSyntheticLambda1.doFrame:14 android.view.Choreographer$CallbackRecord.run:1899 android.view.Choreographer$CallbackRecord.run:1910
05-15 20:59:49.464 12633 17431 I Routine@Core[4.9.04.16]: Pref: putSharedPrefsData: key=condition_launch_app_data_resume_pkg, data.size=49
05-15 20:59:49.464  1808  1808 I SurfaceFlinger: [Task=2380#179492] attach to parent Root
05-15 20:59:49.465  4195  4195 I HoneySpace.TaskStackChangeRepositoryImpl: onTaskRemoved : 2380
05-15 20:59:49.466  4195  4401 I HoneySpace.TopTaskSource: onTaskRemoved: 2380
05-15 20:59:49.466  4195  4195 I HoneySpace.TaskListViewModel[264452461]: taskRemoveId, 2380
05-15 20:59:49.466  4195  4195 W HoneySpace.TaskListViewModel[264452461]: task is already removed: 2380
05-15 20:59:49.467  4195  4195 I HoneySpace.TaskStackChangeRepositoryImpl: onTaskRemoved : 2380
05-15 20:59:49.467  4195 15522 I HoneySpace.RecentTasks: onRunningTaskVanished
05-15 20:59:49.467  4195 15522 I HoneySpace.RecentTasks: onRecentTasksChanged
05-15 20:59:49.467  1977  2142 D SurfaceComposerClient: setCornerRadius ## c5a06c0 bitpit.launcher/bitpit.launcher.ui.HomeActivity#155257 cornerRadius=0.000000
05-15 20:59:49.467  4195  4401 I HoneySpace.TopTaskSource: onTaskRemoved: 2380
05-15 20:59:49.467  4195  4195 I HoneySpace.TaskListViewModel[264452461]: taskRemoveId, 2380
05-15 20:59:49.467  4195  4195 W HoneySpace.TaskListViewModel[264452461]: task is already removed: 2380
05-15 20:59:49.468  1977  2142 D SurfaceComposerClient: setCornerRadius ## c5a06c0 bitpit.launcher/bitpit.launcher.ui.HomeActivity#155257 cornerRadius=0.000000
05-15 20:59:49.469  1808  1899 I SurfaceFlinger: id=179493 createSurf, flag=84004, Transition Root: Task=1#179493
05-15 20:59:49.469  6323  6323 I VRI[]@f636171: handleResized, frames=ClientWindowFrames{frame=[395,-13][685,145] display=[-100000,-100000][100000,100000] parentFrame=[0,0][0,0]} displayId=0 dragResizing=false compatScale=1.0 frameChanged=false attachedFrameChanged=false configChanged=false displayChanged=false compatScaleChanged=false dragResizingChanged=false
05-15 20:59:49.469 20661 20661 I InsetsController: onStateChanged: host=bitpit.launcher/bitpit.launcher.ui.HomeActivity, from=android.view.ViewRootImpl.onInsetsStateChanged:3026, state=InsetsState: {mDisplayFrame=Rect(0, 0 - 1080, 2340), mDisplayCutout=DisplayCutout{insets=Rect(0, 99 - 0, 0) waterfall=Insets{left=0, top=0, right=0, bottom=0} boundingRect={Bounds=[Rect(0, 0 - 0, 0), Rect(505, 0 - 575, 99), Rect(0, 0 - 0, 0), Rect(0, 0 - 0, 0)]} cutoutPathParserInfo={CutoutPathParserInfo{displayWidth=1080 displayHeight=2340 physicalDisplayWidth=1080 physicalDisplayHeight=2340 density={3.0} cutoutSpec={M 0,0 M 0,29 a 35,35 0 1,0 0,70 a 35,35 0 1,0 0,-70 Z} rotation={0} scale={1.0} physicalPixelDisplaySizeRatio={1.0}}} sideOverrides={}}, mRoundedCorners=RoundedCorners{[RoundedCorner{position=TopLeft, radius=108, center=Point(108, 108)}, RoundedCorner{position=TopRight, radius=108, center=Point(972, 108)}, RoundedCorner{position=BottomRight, radius=108, center=Point(972, 2232)}, RoundedCorner{position=BottomLeft, radius=108, center=Point(108, 2232)}]}  mRoundedCornerFrame=Rect(0, 0 - 1080, 2340), mPrivacyIndicatorBounds=PrivacyIndicatorBounds {static bounds=Rect(948, 0 - 1080, 99) rotation=0}, mDisplayShape=DisplayShape{ spec=-311912193 displayWidth=1080 displayHeight=2340 physicalPixelDisplaySizeRatio=1.0 rotation=0 offsetX=0 offsetY=0 scale=1.0}, mSources= { InsetsSource: {b73a0001 mType=navigationBars mFrame=[0,0][0,0] mVisible=true mFlags=SUPPRESS_SCRIM mSideHint=NONE mBoundingRects=null}, InsetsSource: {b73a0004 mType=systemGestures mFrame=[0,0][90,2340] mVisible=true mFlags= mSideHint=LEFT mBoundingRects=null}, InsetsSource: {b73a0005 mType=mandatorySystemGestures mFrame=[0,2265][1080,2340] mVisible=true mFlags= mSideHint=BOTTOM mBoundingRects=null}, InsetsSource: {b73a0006 mType=tappableElement mFrame=[0,0][0,0] mVisible=true mFlags= mSideHint=NONE mBoundingRects=null}, InsetsSource: {b73a0024 mType=systemGestures mFrame=[990,0][1080,2340] mVisible=true mFlags= mSideHint=RIGHT mBoundingRects=null}, InsetsSource: {3 mType=ime mFrame=[0,0][0,0] mVisible=false mFlags= mSideHint=NONE mBoundingRects=null}, InsetsSource: {27 mType=displayCutout mFrame=[0,0][1080,99] mVisible=true mFlags= mSideHint=TOP mBoundingRects=null}, InsetsSource: {9260000 mType=statusBars mFrame=[0,0][1080,99] mVisible=true mFlags= mSideHint=TOP mBoundingRects=null}, InsetsSource: {9260005 mType=mandatorySystemGestures mFrame=[0,0][1080,135] mVisible=true mFlags= mSideHint=TOP mBoundingRects=null}, InsetsSource: {9260006 mType=tappableElement mFrame=[0,0][1080,99] mVisible=true mFlags= mSideHint=TOP mBoundingRects=null} }
05-15 20:59:49.470 20661 20661 I InsetsSourceConsumer: applyRequestedVisibilityToControl: visible=true, type=navigationBars, host=bitpit.launcher/bitpit.launcher.ui.HomeActivity
05-15 20:59:49.470  6323  6323 I VRI[]@d065a31: handleResized, frames=ClientWindowFrames{frame=[0,0][1080,115] display=[0,0][1080,2340] parentFrame=[0,0][0,0]} displayId=0 dragResizing=false compatScale=1.0 frameChanged=false attachedFrameChanged=false configChanged=false displayChanged=false compatScaleChanged=false dragResizingChanged=false
05-15 20:59:49.469 11062 11062 I WallpaperService: resized: systemlock, reportDraw=false, forceLayout=false, displayId=0
05-15 20:59:49.470 11062 11062 I VRI[NavigationBar0]@e1dc51d: handleResized, frames=ClientWindowFrames{frame=[0,2196][1080,2340] display=[0,0][1080,2340] parentFrame=[0,0][0,0]} displayId=0 dragResizing=false compatScale=1.0 frameChanged=false attachedFrameChanged=false configChanged=false displayChanged=false compatScaleChanged=false dragResizingChanged=false
05-15 20:59:49.470 11062 11062 I VRI[ScreenDecorOverlay]@6f4609c: Resizing android.view.ViewRootImpl@48f9e69: frame = [0,0][1080,121] reportDraw = false forceLayout = false syncSeqId = -1
05-15 20:59:49.470 11062 11062 I VRI[ScreenDecorOverlayBottom]@8250f9b: Resizing android.view.ViewRootImpl@229441c: frame = [0,2219][1080,2340] reportDraw = false forceLayout = false syncSeqId = -1
05-15 20:59:49.470 11062 11719 I WallpaperService: handleResized: which=7, reportDraw=false
05-15 20:59:49.470 11062 11719 I WallpaperService: updateSurface systemlock forceRelayout=true forceReport=false redrawNeeded=false myWidth=-1 myHeight=-1 fixedSize=false x = 0 y = 0 mWidth=-1 mHeight=-1
05-15 20:59:49.470 11062 11719 I WallpaperService: maxBounds : Rect(0, 0 - 1080, 2340) , mDeviceHeight : 2340, mDeviceWidth : 1080,mDeviceRotation  : 0
05-15 20:59:49.470 11062 11719 I WallpaperService: updateSurface: invoke Session.relayout
05-15 20:59:49.470 11062 11493 I VRI[ScreenDecorOverlay]@6f4609c: handleResized, frames=ClientWindowFrames{frame=[0,0][1080,121] display=[0,0][1080,2340] parentFrame=[0,0][0,0]} displayId=0 dragResizing=false compatScale=1.0 frameChanged=false attachedFrameChanged=false configChanged=false displayChanged=false compatScaleChanged=false dragResizingChanged=false
05-15 20:59:49.470 11062 11493 I VRI[ScreenDecorOverlayBottom]@8250f9b: handleResized, frames=ClientWindowFrames{frame=[0,2219][1080,2340] display=[0,0][1080,2340] parentFrame=[0,0][0,0]} displayId=0 dragResizing=false compatScale=1.0 frameChanged=false attachedFrameChanged=false configChanged=false displayChanged=false compatScaleChanged=false dragResizingChanged=false
05-15 20:59:49.471 11062 11138 I VRI[test]@59f5da0: onActiveControlsChanged, removed=false, mAdded=true, caller=android.view.ViewRootImpl.handleInsetsControlChanged:3002 android.view.ViewRootImpl$ViewRootHandler.handleMessageImpl:8352 android.view.ViewRootImpl$ViewRootHandler.handleMessage:8301 android.os.Handler.dispatchMessage:110 android.os.Looper.loopOnce:273
05-15 20:59:49.471  1808  1897 I SurfaceFlinger: id=179486 Removed Surface(name=8f932e4 StatusBar)/@0xabc478a - animation-leash of insets_animation#179486 (184)
05-15 20:59:49.471  1808  1897 I SurfaceFlinger: id=179487 Removed Surface(name=7a9d783 NavigationBar0)/@0x10e1471 - animation-leash of insets_animation#179487 (184)
05-15 20:59:49.471 20661 20661 I InsetsController: controlAnimationUncheckedInner: Added types=statusBars, animType=1, host=bitpit.launcher/bitpit.launcher.ui.HomeActivity, from=android.view.InsetsController.controlAnimationUnchecked:1608 android.view.InsetsController.applyAnimation:2416 android.view.InsetsController.applyAnimation:2343
05-15 20:59:49.471  1977  2142 I SurfaceControlRegistry: show, t=StartTransaction_SyncId<14575> sc=ActivityRecord{148716444 u0 bitpit.launcher/.ui.HomeActivity t1351}, caller=android.view.SurfaceControl$Transaction.show:3557 com.android.server.wm.Transition.onTransactionReady:2048 com.android.server.wm.BLASTSyncEngine$SyncGroup.finishNow:240 com.android.server.wm.BLASTSyncEngine.onSurfacePlacement:263 com.android.server.wm.RootWindowContainer.performSurfacePlacementNoTrace:1083 com.android.server.wm.WindowSurfacePlacer.performSurfacePlacement:166
05-15 20:59:49.471 20661 20661 I InsetsController: onStateChanged: host=bitpit.launcher/bitpit.launcher.ui.HomeActivity, from=android.view.ViewRootImpl.onInsetsStateChanged:3026, state=InsetsState: {mDisplayFrame=Rect(0, 0 - 1080, 2340), mDisplayCutout=DisplayCutout{insets=Rect(0, 99 - 0, 0) waterfall=Insets{left=0, top=0, right=0, bottom=0} boundingRect={Bounds=[Rect(0, 0 - 0, 0), Rect(505, 0 - 575, 99), Rect(0, 0 - 0, 0), Rect(0, 0 - 0, 0)]} cutoutPathParserInfo={CutoutPathParserInfo{displayWidth=1080 displayHeight=2340 physicalDisplayWidth=1080 physicalDisplayHeight=2340 density={3.0} cutoutSpec={M 0,0 M 0,29 a 35,35 0 1,0 0,70 a 35,35 0 1,0 0,-70 Z} rotation={0} scale={1.0} physicalPixelDisplaySizeRatio={1.0}}} sideOverrides={}}, mRoundedCorners=RoundedCorners{[RoundedCorner{position=TopLeft, radius=108, center=Point(108, 108)}, RoundedCorner{position=TopRight, radius=108, center=Point(972, 108)}, RoundedCorner{position=BottomRight, radius=108, center=Point(972, 2232)}, RoundedCorner{position=BottomLeft, radius=108, center=Point(108, 2232)}]}  mRoundedCornerFrame=Rect(0, 0 - 1080, 2340), mPrivacyIndicatorBounds=PrivacyIndicatorBounds {static bounds=Rect(948, 0 - 1080, 99) rotation=0}, mDisplayShape=DisplayShape{ spec=-311912193 displayWidth=1080 displayHeight=2340 physicalPixelDisplaySizeRatio=1.0 rotation=0 offsetX=0 offsetY=0 scale=1.0}, mSources= { InsetsSource: {b73a0001 mType=navigationBars mFrame=[0,0][0,0] mVisible=true mFlags=SUPPRESS_SCRIM mSideHint=NONE mBoundingRects=null}, InsetsSource: {b73a0004 mType=systemGestures mFrame=[0,0][90,2340] mVisible=true mFlags= mSideHint=LEFT mBoundingRects=null}, InsetsSource: {b73a0005 mType=mandatorySystemGestures mFrame=[0,2265][1080,2340] mVisible=true mFlags= mSideHint=BOTTOM mBoundingRects=null}, InsetsSource: {b73a0006 mType=tappableElement mFrame=[0,0][0,0] mVisible=true mFlags= mSideHint=NONE mBoundingRects=null}, InsetsSource: {b73a0024 mType=systemGestures mFrame=[990,0][1080,2340] mVisible=true mFlags= mSideHint=RIGHT mBoundingRects=null}, InsetsSource: {3 mType=ime mFrame=[0,0][0,0] mVisible=false mFlags= mSideHint=NONE mBoundingRects=null}, InsetsSource: {27 mType=displayCutout mFrame=[0,0][1080,99] mVisible=true mFlags= mSideHint=TOP mBoundingRects=null}, InsetsSource: {9260000 mType=statusBars mFrame=[0,0][1080,99] mVisible=false mFlags= mSideHint=TOP mBoundingRects=null}, InsetsSource: {9260005 mType=mandatorySystemGestures mFrame=[0,0][1080,135] mVisible=true mFlags= mSideHint=TOP mBoundingRects=null}, InsetsSource: {9260006 mType=tappableElement mFrame=[0,0][1080,99] mVisible=true mFlags= mSideHint=TOP mBoundingRects=null} }
05-15 20:59:49.471  1977  2142 I SurfaceControlRegistry: show, t=StartTransaction_SyncId<14575> sc=Task=1351, caller=android.view.SurfaceControl$Transaction.show:3557 com.android.server.wm.Transition.onTransactionReady:2081 com.android.server.wm.BLASTSyncEngine$SyncGroup.finishNow:240 com.android.server.wm.BLASTSyncEngine.onSurfacePlacement:263 com.android.server.wm.RootWindowContainer.performSurfacePlacementNoTrace:1083 com.android.server.wm.WindowSurfacePlacer.performSurfacePlacement:166
05-15 20:59:49.472 20661 20661 I VRI[HomeActivity]@27ecfc4: handleResized, frames=ClientWindowFrames{frame=[0,0][1080,2340] display=[0,0][1080,2340] parentFrame=[0,0][0,0]} displayId=0 dragResizing=false compatScale=1.0 frameChanged=false attachedFrameChanged=false configChanged=false displayChanged=false compatScaleChanged=false dragResizingChanged=false
05-15 20:59:49.472  1977  2142 D SurfaceComposerClient: setCornerRadius ## WallpaperWindowToken{43888ef showWhenLocked=false}#178727 cornerRadius=0.000000
05-15 20:59:49.472  1977  2142 D SurfaceComposerClient: setCornerRadius ## Task=2381#179476 cornerRadius=0.000000
05-15 20:59:49.472  1977  2142 D SurfaceComposerClient: setCornerRadius ## Task=1#172921 cornerRadius=0.000000
05-15 20:59:49.472  1808  1808 I SurfaceFlinger: RequestedLayer [com.android.systemui.wallpapers.ImageWallpaper$_11062#178729] hidden!! flag  from(1) --> to(0)
05-15 20:59:49.472  1808  1808 I SurfaceFlinger: RequestedLayer [Surface(name=35023c1 InputMethod)/@0[...]ion-leash of insets_animation#179491] hidden!! flag  from(1) --> to(0)
05-15 20:59:49.472  1808  1808 E SurfaceFlinger: alpha changed 1.000 -> 0.000 - Surface(name=35023c1 InputMethod)/@0x1087f31 - animation-leash of insets_animation#179491
05-15 20:59:49.472  1808  1808 I SurfaceFlinger: destroyed Surface(name=7a9d783 NavigationBar0)/@0x10e1471 - animation-leash of insets_animation#179487 form LifecycleManager
05-15 20:59:49.472  1808  1808 I SurfaceFlinger: destroyed Surface(name=8f932e4 StatusBar)/@0xabc478a - animation-leash of insets_animation#179486 form LifecycleManager
05-15 20:59:49.472  1808  1808 I SurfaceFlinger: [LayerHierarchy{RequestedLayerState{ImeContainer#15 parentId=14 relativeParentId=14 z=1} 1 children}] reparent to LayerHierarchy{RequestedLayerState{ImePlaceholder:13:14#14 parentId=9 z=2} 1 children}
05-15 20:59:49.472  1808  1808 I SurfaceFlinger: [LayerHierarchy{RequestedLayerState{ImeContainer#15 parentId=14 relativeParentId=14 z=1} 1 children}] RelativeParent to null
05-15 20:59:49.472  1808  1808 I SurfaceFlinger: [LayerHierarchy{RequestedLayerState{35023c1 InputMethod#146668 parentId=179491} no children}] reparent to LayerHierarchy{RequestedLayerState{Surface(name=35023c1 InputMethod)/@0x1087f31 - animation-leash of insets_animation#179491 parentId=146663} 1 children}
05-15 20:59:49.472  1808  1808 I SurfaceFlinger: [Transition Root: Task=1#179493] attach to parent LayerHierarchy{RequestedLayerState{DefaultTaskDisplayArea_d0#172934 parentId=9} 12 children}
05-15 20:59:49.472  1808  1808 I SurfaceFlinger: [LayerHierarchy{RequestedLayerState{Task=2380#179492 z=7} no children}] reparent to OffscreenRoot
05-15 20:59:49.472  1808  1808 I SurfaceFlinger: [LayerHierarchy{RequestedLayerState{Task=2380#179492 z=7} no children}] RelativeParent to null
05-15 20:59:49.472  1808  1808 I SurfaceFlinger: [LayerHierarchy{RequestedLayerState{Surface(name=35023c1 InputMethod)/@0x1087f31 - animation-leash of insets_animation#179475} no children}] reparent to OffscreenRoot
05-15 20:59:49.472  1808  1808 I SurfaceFlinger: [LayerHierarchy{RequestedLayerState{Surface(name=35023c1 InputMethod)/@0x1087f31 - animation-leash of insets_animation#179475} no children}] RelativeParent to null
05-15 20:59:49.472  1808  1808 I SurfaceFlinger: [LayerHierarchy{RequestedLayerState{es.uniovi.recetasasturianas/es.uniovi.recetasasturianas.MainActivity$_24090#179470} no children}] reparent to OffscreenRoot
05-15 20:59:49.472  1808  1808 I SurfaceFlinger: [LayerHierarchy{RequestedLayerState{es.uniovi.recetasasturianas/es.uniovi.recetasasturianas.MainActivity$_24090#179470} no children}] RelativeParent to null
05-15 20:59:49.472  1808  1808 I SurfaceFlinger: [LayerHierarchy{RequestedLayerState{Task=2380#179456 z=7} 1 children}] reparent to OffscreenRoot
05-15 20:59:49.472  1808  1808 I SurfaceFlinger: [LayerHierarchy{RequestedLayerState{Task=2380#179456 z=7} 1 children}] RelativeParent to null
05-15 20:59:49.472  1808  1808 I SurfaceFlinger: [LayerHierarchy{RequestedLayerState{3f7caca es.uniovi.recetasasturianas/es.uniovi.recetasasturianas.MainActivity#179469} no children}] reparent to OffscreenRoot
05-15 20:59:49.472  1808  1808 I SurfaceFlinger: [LayerHierarchy{RequestedLayerState{3f7caca es.uniovi.recetasasturianas/es.uniovi.recetasasturianas.MainActivity#179469} no children}] RelativeParent to null
05-15 20:59:49.472  1808  1808 I SurfaceFlinger: id=179487 onLayerDestroyed from LayerHierarchyBuilder(RequestedLayerState{Surface(name=7a9d783 NavigationBar0)/@0x10e1471 - animation-leash of insets_animation#179487 !handle})
05-15 20:59:49.472  1808  1808 I SurfaceFlinger: id=179486 onLayerDestroyed from LayerHierarchyBuilder(RequestedLayerState{Surface(name=8f932e4 StatusBar)/@0xabc478a - animation-leash of insets_animation#179486 !handle})
05-15 20:59:49.473  1808  1808 I Layer   : id=179487 Destroyed Surface(name=7a9d783 NavigationBar0)/@0x10e1471 - animation-leash of insets_animation#179487
05-15 20:59:49.473  1808  1808 I Layer   : id=179486 Destroyed Surface(name=8f932e4 StatusBar)/@0xabc478a - animation-leash of insets_animation#179486
05-15 20:59:49.474 20661 20726 I VRI[HomeActivity]@27ecfc4: mWNT: t=0xb400007df8df2b90 mBlastBufferQueue=0xb400007e28d543f0 fn= 2 HdrRenderState mRenderHdrSdrRatio=1.0 caller= android.view.SyncRtSurfaceTransactionApplier.applyTransaction:100 android.view.SyncRtSurfaceTransactionApplier.lambda$scheduleApply$0:73 android.view.SyncRtSurfaceTransactionApplier.$r8$lambda$afI4fXg3U3-nBZQEDQMiNy-B06s:0
05-15 20:59:49.474  1808  1897 I SurfaceFlinger: id=179469 Removed 3f7caca es.uniovi.recetasasturianas/es.uniovi.recetasasturianas.MainActivity#179469 (182)
05-15 20:59:49.474  1808  1897 I SurfaceFlinger: id=179475 Removed Surface(name=35023c1 InputMethod)/@0x1087f31 - animation-leash of insets_animation#179475 (182)
05-15 20:59:49.474  1808  1897 I SurfaceFlinger: id=179492 Removed Task=2380#179492 (182)
05-15 20:59:49.474  1808  1899 I SurfaceFlinger: id=179470 Removed es.uniovi.recetasasturianas/es.uniovi.recetasasturianas.MainActivity$_24090#179470 (182)
05-15 20:59:49.475  1977  2142 D ScreenCapture: [Capture_TEST] : setIsScreenShotBySystem false
05-15 20:59:49.475  1977  2142 I SurfaceComposerClient: captureLayers:childrenOnly:1, sync:1
05-15 20:59:49.481  1808  1808 I SurfaceFlinger: destroyed Task=2380#179492 form LifecycleManager
05-15 20:59:49.481  1808  1808 I SurfaceFlinger: destroyed Surface(name=35023c1 InputMethod)/@0x1087f31 - animation-leash of insets_animation#179475 form LifecycleManager
05-15 20:59:49.481  1808  1808 I SurfaceFlinger: destroyed es.uniovi.recetasasturianas/es.uniovi.recetasasturianas.MainActivity$_24090#179470 form LifecycleManager
05-15 20:59:49.481  1808  1808 I SurfaceFlinger: destroyed 3f7caca es.uniovi.recetasasturianas/es.uniovi.recetasasturianas.MainActivity#179469 form LifecycleManager
05-15 20:59:49.481  1808  1808 I SurfaceFlinger: id=179492 onLayerDestroyed from LayerHierarchyBuilder(RequestedLayerState{Task=2380#179492 !handle z=7})
05-15 20:59:49.481  1808  1808 I SurfaceFlinger: id=179475 onLayerDestroyed from LayerHierarchyBuilder(RequestedLayerState{Surface(name=35023c1 InputMethod)/@0x1087f31 - animation-leash of insets_animation#179475 !handle})
05-15 20:59:49.481  1808  1808 I SurfaceFlinger: id=179470 onLayerDestroyed from LayerHierarchyBuilder(RequestedLayerState{es.uniovi.recetasasturianas/es.uniovi.recetasasturianas.MainActivity$_24090#179470 !handle})
05-15 20:59:49.481  1808  1808 I SurfaceFlinger: id=179469 onLayerDestroyed from LayerHierarchyBuilder(RequestedLayerState{3f7caca es.uniovi.recetasasturianas/es.uniovi.recetasasturianas.MainActivity#179469 !handle})
05-15 20:59:49.481 11062 11062 D QSClock : onDarkChanged tint=DARK
05-15 20:59:49.481  1808  1808 I Layer   : id=179492 Destroyed Task=2380#179492
05-15 20:59:49.481  1808  1808 I Layer   : id=179475 Destroyed Surface(name=35023c1 InputMethod)/@0x1087f31 - animation-leash of insets_animation#179475
05-15 20:59:49.481  1808  1808 I Layer   : id=179470 Destroyed es.uniovi.recetasasturianas/es.uniovi.recetasasturianas.MainActivity$_24090#179470
05-15 20:59:49.482  1808  1808 I Layer   : id=179469 Destroyed 3f7caca es.uniovi.recetasasturianas/es.uniovi.recetasasturianas.MainActivity#179469
05-15 20:59:49.482  1808  1899 I SurfaceFlinger: Capture layer list: 	 es.uniovi.recetasasturianas.test/androidx.test.core.app.InstrumentationActivityInvoker$EmptyActivity$_24267#179481(seamlessTransition:0)
05-15 20:59:49.482  1808  1899 I SurfaceFlinger: Capture layer list: 	 Splash Screen es.uniovi.recetasasturianas.test$_11062#179479(seamlessTransition:0)
05-15 20:59:49.483  1808  1908 D RenderEngine: [SEC_SF_EFFECTS] drawLayersInternal,1483, Rendering layer ScreenCaptureFillLayer at index 0
05-15 20:59:49.483  1808  1908 D RenderEngine: [SEC_SF_EFFECTS] drawLayersInternal,1483, Rendering layer es.uniovi.recetasasturianas.test/androidx.test.core.app.InstrumentationActivityInvoker$EmptyActivity$_24267#179481 at index 1
05-15 20:59:49.483  1808  1908 D RenderEngine: [SEC_SF_EFFECTS] drawLayersInternal,1483, Rendering layer Splash Screen es.uniovi.recetasasturianas.test$_11062#179479 at index 2
05-15 20:59:49.486  1977  2142 D SurfaceComposerClient: setCornerRadius ## c5a06c0 bitpit.launcher/bitpit.launcher.ui.HomeActivity#155257 cornerRadius=0.000000
05-15 20:59:49.487  1977  2142 D SurfaceComposerClient: setCornerRadius ## c5a06c0 bitpit.launcher/bitpit.launcher.ui.HomeActivity#155257 cornerRadius=0.000000
05-15 20:59:49.487 20661 20727 I VRI[HomeActivity]@27ecfc4: mWNT: t=0xb400007df8d77590 mBlastBufferQueue=0xb400007e28d543f0 fn= 3 HdrRenderState mRenderHdrSdrRatio=1.0 caller= android.view.SyncRtSurfaceTransactionApplier.applyTransaction:100 android.view.SyncRtSurfaceTransactionApplier.lambda$scheduleApply$0:73 android.view.SyncRtSurfaceTransactionApplier.$r8$lambda$afI4fXg3U3-nBZQEDQMiNy-B06s:0
05-15 20:59:49.487 11062 11062 D SamsungLightBarControlHelper: updateStatusBar (WHITE icon) numStacks:1, StatusBarMode:MODE_TRANSPARENT, lightBarBounds:[], StatusBarState:SHADE, packageName:, isWhiteKeyguardStatusBar:false
05-15 20:59:49.488 11062 11062 D SamsungLightBarControlHelper: onStatusBarAppearanceChanged() -  sbModeChanged:false, statusBarMode:0, barState:MODE_TRANSPARENT, isKeyguardShowing:false, navbarColorManagedByIme:false, (AppearanceRegion{ bounds=[0,0][1080,2340]}, )
05-15 20:59:49.489 11062 11062 D QSClock : onDarkChanged tint=WHITE
05-15 20:59:49.492  1977  6970 I WindowManager: Relayout Window{4845400 u0 com.android.systemui.wallpapers.ImageWallpaper}: viewVisibility=0 req=-1x-1 ty=2013 d0
05-15 20:59:49.493  1977  6970 D SurfaceComposerClient: setCornerRadius ## c5a06c0 bitpit.launcher/bitpit.launcher.ui.HomeActivity#155257 cornerRadius=0.000000
05-15 20:59:49.493 20661 20726 I VRI[HomeActivity]@27ecfc4: mWNT: t=0xb400007df8de88d0 mBlastBufferQueue=0xb400007e28d543f0 fn= 4 HdrRenderState mRenderHdrSdrRatio=1.0 caller= android.view.SyncRtSurfaceTransactionApplier.applyTransaction:100 android.view.SyncRtSurfaceTransactionApplier.lambda$scheduleApply$0:73 android.view.SyncRtSurfaceTransactionApplier.$r8$lambda$afI4fXg3U3-nBZQEDQMiNy-B06s:0
05-15 20:59:49.495  1977  6970 D SurfaceComposerClient: setCornerRadius ## c5a06c0 bitpit.launcher/bitpit.launcher.ui.HomeActivity#155257 cornerRadius=0.000000
05-15 20:59:49.498 20661 20727 I VRI[HomeActivity]@27ecfc4: mWNT: t=0xb400007df8d7bd50 mBlastBufferQueue=0xb400007e28d543f0 fn= 5 HdrRenderState mRenderHdrSdrRatio=1.0 caller= android.view.SyncRtSurfaceTransactionApplier.applyTransaction:100 android.view.SyncRtSurfaceTransactionApplier.lambda$scheduleApply$0:73 android.view.SyncRtSurfaceTransactionApplier.$r8$lambda$afI4fXg3U3-nBZQEDQMiNy-B06s:0
05-15 20:59:49.499  1977  6970 I WindowManager: Relayout hash=4845400, pid=11062, syncId=-1: mAttrs={(0,0)(fillxfill) gr=TOP START CENTER layoutInDisplayCutoutMode=always ty=WALLPAPER fmt=RGBX_8888 wanim=0x1030328
05-15 20:59:49.499  1977  6970 I WindowManager:   fl=10318
05-15 20:59:49.499  1977  6970 I WindowManager:   pfl=14
05-15 20:59:49.499  1977  6970 I WindowManager:   bhv=1
05-15 20:59:49.499  1977  6970 I WindowManager:   frameRateBoostOnTouch=true
05-15 20:59:49.499  1977  6970 I WindowManager:   dvrrWindowFrameRateHint=true naviIconColor=0}
05-15 20:59:49.500 11062 11719 I BLASTBufferQueue_Java: update, w= 1080 h= 2340 mName = Wallpaper mNativeObject= 0xb400007e28d927d0 sc.mNativeObject= 0xb400007ea8d7e710 format= 2 caller= android.service.wallpaper.WallpaperService$Engine.getOrCreateBLASTSurface:2929 android.service.wallpaper.WallpaperService$Engine.updateSurface:1682 android.service.wallpaper.WallpaperService$IWallpaperEngineWrapper.handleResized:3540 android.service.wallpaper.WallpaperService$IWallpaperEngineWrapper.executeMessage:3459 com.android.internal.os.HandlerCaller$MyHandler.handleMessage:44 android.os.Handler.dispatchMessage:110
05-15 20:59:49.501 11062 11719 I BLASTBufferQueue: [Wallpaper#276](f:0,a:1,s:0) update width=1080 height=2340 format=2 mTransformHint=0
05-15 20:59:49.503 11062 11118 I SurfaceControlRegistry: show, t=StartTransaction_SyncId<14575> sc=WallpaperWindowToken{43888ef showWhenLocked=false}, caller=android.view.SurfaceControl$Transaction.show:3557 com.android.wm.shell.transition.Transitions.dispatchReady:907 com.android.wm.shell.transition.Transitions.onTransitionReady:251 com.android.wm.shell.transition.Transitions$TransitionPlayerImpl$$ExternalSyntheticLambda0.run:13 android.os.Handler.handleCallback:995 android.os.Handler.dispatchMessage:103
05-15 20:59:49.503 11062 11118 I SurfaceControlRegistry: hide, t=FinishTransaction_SyncId<14575> sc=Task=2381, caller=android.view.SurfaceControl$Transaction.hide:3583 com.android.wm.shell.transition.Transitions.dispatchReady:1263 com.android.wm.shell.transition.Transitions.onTransitionReady:251 com.android.wm.shell.transition.Transitions$TransitionPlayerImpl$$ExternalSyntheticLambda0.run:13 android.os.Handler.handleCallback:995 android.os.Handler.dispatchMessage:103
05-15 20:59:49.503 11062 11118 I SurfaceControlRegistry: show, t=StartTransaction_SyncId<14575> sc=Task=1, caller=android.view.SurfaceControl$Transaction.show:3557 com.android.wm.shell.transition.Transitions.dispatchReady:1279 com.android.wm.shell.transition.Transitions.onTransitionReady:251 com.android.wm.shell.transition.Transitions$TransitionPlayerImpl$$ExternalSyntheticLambda0.run:13 android.os.Handler.handleCallback:995 android.os.Handler.dispatchMessage:103
05-15 20:59:49.503 11062 11118 I SurfaceControlRegistry: show, t=FinishTransaction_SyncId<14575> sc=Task=1, caller=android.view.SurfaceControl$Transaction.show:3557 com.android.wm.shell.transition.Transitions.dispatchReady:1330 com.android.wm.shell.transition.Transitions.onTransitionReady:251 com.android.wm.shell.transition.Transitions$TransitionPlayerImpl$$ExternalSyntheticLambda0.run:13 android.os.Handler.handleCallback:995 android.os.Handler.dispatchMessage:103
05-15 20:59:49.503 11062 11118 I SurfaceControlRegistry: show, t=StartTransaction_SyncId<14575> sc=Transition Root: Task=1, caller=android.view.SurfaceControl$Transaction.show:3557 com.android.wm.shell.transition.Transitions.playTransition:79 com.android.wm.shell.transition.Transitions.processReadyQueue:239 com.android.wm.shell.transition.Transitions.dispatchReady:1352 com.android.wm.shell.transition.Transitions.onTransitionReady:251 com.android.wm.shell.transition.Transitions$TransitionPlayerImpl$$ExternalSyntheticLambda0.run:13
05-15 20:59:49.505 11062 11118 I SurfaceControlRegistry: apply, t=StartTransaction_SyncId<14575>, caller=android.view.SurfaceControl$Transaction.apply:3459 android.view.SurfaceControl$Transaction.apply:3447 android.view.SurfaceControl$Transaction.apply:3397 com.android.wm.shell.transition.DefaultTransitionHandler.startAnimation:3292 com.android.wm.shell.transition.Transitions.dispatchTransition:90 com.android.wm.shell.transition.Transitions.playTransition:774
05-15 20:59:49.506  1808  1808 I SurfaceFlinger: RequestedLayer [Task=1351#116666] hidden!! flag  from(1) --> to(0)
05-15 20:59:49.506  1808  1808 I SurfaceFlinger: RequestedLayer [Task=1#172921] hidden!! flag  from(1) --> to(0)
05-15 20:59:49.508 20661 20726 I VRI[HomeActivity]@27ecfc4: mWNT: t=0xb400007df8db5410 mBlastBufferQueue=0xb400007e28d543f0 fn= 6 HdrRenderState mRenderHdrSdrRatio=1.0 caller= android.view.SyncRtSurfaceTransactionApplier.applyTransaction:100 android.view.SyncRtSurfaceTransactionApplier.lambda$scheduleApply$0:73 android.view.SyncRtSurfaceTransactionApplier.$r8$lambda$afI4fXg3U3-nBZQEDQMiNy-B06s:0
05-15 20:59:49.511  1977  4243 I SemDvfsHyPerManager: acquire hyper - AMS_APP_SWITCH/1977@28, type = -999
05-15 20:59:49.511  1808  1899 I SurfaceFlinger: id=179494 createSurf, flag=24004, Task=2382#179494
05-15 20:59:49.512  1632  1829 I HYPER-HAL: [RequestManager.cpp]acquire(): Acquired ID : 2011043  [1977 / 28]    HINT : AMS_APP_SWITCH    list :
05-15 20:59:49.512  1632  1829 I HYPER-HAL: [ResourceManager.cpp]updateResource(): [CPULittleMinFreq] UpdateResource Request ID : 2011043    Value : 1804800
05-15 20:59:49.512  5896  5896 I SemDvfsHyPerManager: acquire hyper - APP_START_SHORT/5896@15, type = -999
05-15 20:59:49.513  1808  1899 I SurfaceFlinger: id=179495 createSurf, flag=84004, ActivityRecord{242776597 u0 es.uniovi.recetasasturianas/.MainActivity t2382}#179495
05-15 20:59:49.514  1808  1808 I SurfaceFlinger: RequestedLayer [bitpit.launcher/bitpit.launcher.ui.HomeActivity$_20661#179488] hidden!! flag  from(1) --> to(0)
05-15 20:59:49.514  1808  1808 I SurfaceFlinger: RequestedLayer [Transition Root: Task=1#179493] hidden!! flag  from(1) --> to(0)
05-15 20:59:49.514  1808  1808 I SurfaceFlinger: RequestedLayer [ActivityRecord{148716444 u0 bitpit.launcher/.ui.HomeActivity t1351}#116667] hidden!! flag  from(1) --> to(0)
05-15 20:59:49.514  1808  1808 I SurfaceFlinger: RequestedLayer [WallpaperWindowToken{43888ef showWhenLocked=false}#178727] hidden!! flag  from(1) --> to(0)
05-15 20:59:49.514  1808  1808 E SurfaceFlinger: alpha changed 1.000 -> 0.000 - Task=2381#179476
05-15 20:59:49.514  1808  1808 I SurfaceFlinger: [LayerHierarchy{RequestedLayerState{Task=1#172921 parentId=179493 z=4} 4 children}] reparent to LayerHierarchy{RequestedLayerState{Transition Root: Task=1#179493 parentId=172934} 1 children}
05-15 20:59:49.515  1808  1808 I SurfaceFlinger: [LayerHierarchy{RequestedLayerState{ActivityRecord{159583387 u0 es.uniovi.recetasasturianas/.MainActivity t2380}#179457} 1 children}] reparent to OffscreenRoot
05-15 20:59:49.515  1808  1808 I SurfaceFlinger: [LayerHierarchy{RequestedLayerState{ActivityRecord{159583387 u0 es.uniovi.recetasasturianas/.MainActivity t2380}#179457} 1 children}] RelativeParent to null
05-15 20:59:49.515  1808  1808 I SurfaceFlinger: [LayerHierarchy{RequestedLayerState{Task=2381#179476 parentId=179493 z=6} 1 children}] reparent to LayerHierarchy{RequestedLayerState{Transition Root: Task=1#179493 parentId=172934} 2 children}
05-15 20:59:49.515  1808  1808 I SurfaceFlinger: [Task=2382#179494] attach to parent LayerHierarchy{RequestedLayerState{DefaultTaskDisplayArea_d0#172934 parentId=9} 10 children}
05-15 20:59:49.515  1808  1808 I SurfaceFlinger: [ActivityRecord{242776597 u0 es.uniovi.recetasasturianas/.MainActivity t2382}#179495] attach to parent LayerHierarchy{RequestedLayerState{Task=2382#179494 parentId=172934} 1 children}
05-15 20:59:49.516 11062 11118 I SurfaceControlRegistry: apply, t=FinishTransaction_SyncId<14575>, caller=android.view.SurfaceControl$Transaction.apply:3459 android.view.SurfaceControl$Transaction.apply:3447 android.view.SurfaceControl$Transaction.apply:3397 com.android.wm.shell.transition.Transitions.onFinish:315 com.android.wm.shell.transition.Transitions$$ExternalSyntheticLambda7.onTransitionFinished:12 com.android.wm.shell.transition.DefaultTransitionHandler$$ExternalSyntheticLambda6.run:36
05-15 20:59:49.516  1632  1829 I HYPER-HAL: [ResourceManager.cpp]updateResource(): [CPUMinFreq] UpdateResource Request ID : 2011043    Value : 2841600
05-15 20:59:49.516  1632  1829 I HYPER-HAL: [RequestManager.cpp]acquire(): Acquired ID : 17472931  [5896 / 15]    HINT : APP_START    list : [TIMEOUT / 1500]
05-15 20:59:49.516  1632  1829 I HYPER-HAL: [ResourceManager.cpp]updateResource(): [CPUMaxFreq] UpdateResource Request ID : 17472931    Value : 2841600
05-15 20:59:49.517 20661 20727 I VRI[HomeActivity]@27ecfc4: mWNT: t=0xb400007df8df8850 mBlastBufferQueue=0xb400007e28d543f0 fn= 7 HdrRenderState mRenderHdrSdrRatio=1.0 caller= android.view.SyncRtSurfaceTransactionApplier.applyTransaction:100 android.view.SyncRtSurfaceTransactionApplier.lambda$scheduleApply$0:73 android.view.SyncRtSurfaceTransactionApplier.$r8$lambda$afI4fXg3U3-nBZQEDQMiNy-B06s:0
05-15 20:59:49.520  1977  6948 I SemDvfsHyPerManager: acquire hyper - AMS_APP_LAUNCH/1977@21, type = -999
05-15 20:59:49.520  4301  4301 E pageboostd: Received HALT command code 2
05-15 20:59:49.521  1632  1829 I HYPER-HAL: [RequestManager.cpp]acquire(): Acquired ID : 1997022  [1977 / 21]    HINT : AMS_APP_LAUNCH    list :
05-15 20:59:49.521  1632  1829 I HYPER-HAL: [ResourceManager.cpp]updateResource(): [CPULittleMinFreq] UpdateResource Request ID : 1997022    Value : 1804800
05-15 20:59:49.521  1632  1829 I HYPER-HAL: [ResourceManager.cpp]updateResource(): [CPUMinFreq] UpdateResource Request ID : 1997022    Value : 2841600
05-15 20:59:49.521  5896  5896 I SemDvfsHyPerManager: acquire hyper - APP_START/5896@17, type = -999
05-15 20:59:49.521  1632  1829 I HYPER-HAL: [RequestManager.cpp]acquire(): Acquired ID : 17484758  [5896 / 17]    HINT : APP_START    list :
05-15 20:59:49.521  1632  1829 I HYPER-HAL: [ResourceManager.cpp]updateResource(): [CPUMaxFreq] UpdateResource Request ID : 17484758    Value : 2841600
05-15 20:59:49.524  1808  1808 D SurfaceFlinger: Display 4630947232161729154 HWC layers:
05-15 20:59:49.524  1808  1808 D SurfaceFlinger:        DEVICE |           47510928231149 | 00000100 | RGBA_8888    |    0.0    0.0 1080.0 2340.0 |    0    0 1080 2340 | Wallpaper BBQ wrapper 7_systemlock#178730 (1)
05-15 20:59:49.524  1808  1808 D SurfaceFlinger:        DEVICE |           88738319307397 | 00002100 | RGBA_8888    |    0.0    0.0 1080.0 2340.0 |    0    0 1080 2340 | bitpit.launcher/bitpit.launcher.ui.HomeActivity$_20661#179488 (5)
05-15 20:59:49.524  1808  1808 D SurfaceFlinger:        DEVICE |           47510928230651 | 00002100 | RGBA_8888    |    0.0    0.0 1080.0   99.0 |    0    0 1080   99 | StatusBar$_11062#172976 (4136)
05-15 20:59:49.524  1808  1808 D SurfaceFlinger:        DEVICE |           47510928230672 | 00002100 | RGBA_8888    |    0.0    0.0 1080.0  144.0 |    0 2196 1080 2340 | NavigationBar0$_11062#172972 (357)
05-15 20:59:49.524  1808  1808 D SurfaceFlinger:        DEVICE |           27157078223661 | 00002100 | RGBA_8888    |    0.0   13.0  290.0  158.0 |  395    0  685  145 | $_6323#154529 (967)
05-15 20:59:49.524  1808  1808 D SurfaceFlinger:        DEVICE |           27157078223656 | 00002100 | RGBA_8888    |    0.0    0.0 1080.0  115.0 |    0    0 1080  115 | $_6323#177506 (652)
05-15 20:59:49.524  1808  1808 D SurfaceFlinger:        DEVICE |           4751092823063
05-15 20:59:49.524  1808  1808 D SurfaceFlinger: 8 | 00002140 | RGBA_8888    |    0.0    0.0 1080.0  121.0 |    0    0 1080  121 | ScreenDecorOverlay$_11062#172986 (67)
05-15 20:59:49.524  1808  1808 D SurfaceFlinger:        DEVICE |           47510928230639 | 00002140 | RGBA_8888    |    0.0    0.0 1080.0  121.0 |    0 2219 1080 2340 | ScreenDecorOverlayBottom$_11062#172987 (60)
05-15 20:59:49.524  1808  1808 D SurfaceFlinger:
05-15 20:59:49.524  1808  1897 I SurfaceFlinger: id=179496 createSurf, flag=24000, Surface(name=bcfd950 es.uniovi.recetasasturianas.test/androidx.test.core.app.InstrumentationActivityInvoker$EmptyActivity)/@0x1738293 - animation-leash of starting_reveal#179496
05-15 20:59:49.524  1808  1808 I SurfaceFlinger: RequestedLayer [Task=2381#179476] hidden!! flag  from(0) --> to(1)
05-15 20:59:49.524  1808  1808 E SurfaceFlinger: alpha changed 0.000 -> 1.000 - Task=2381#179476
05-15 20:59:49.524  1808  1808 I SurfaceFlinger: [LayerHierarchy{RequestedLayerState{Task=1#172921 parentId=172934} 4 children}] reparent to LayerHierarchy{RequestedLayerState{DefaultTaskDisplayArea_d0#172934 parentId=9} 11 children}
05-15 20:59:49.525  1808  1808 I SurfaceFlinger: [LayerHierarchy{RequestedLayerState{WallpaperWindowToken{43888ef showWhenLocked=false}#178727 parentId=8} 1 children}] reparent to LayerHierarchy{RequestedLayerState{Leaf:1:1#8 parentId=7} 1 children}
05-15 20:59:49.525  1808  1808 I SurfaceFlinger: [LayerHierarchy{RequestedLayerState{Transition Root: Task=1#179493} 1 children}] reparent to OffscreenRoot
05-15 20:59:49.525  1808  1808 I SurfaceFlinger: [LayerHierarchy{RequestedLayerState{Transition Root: Task=1#179493} 1 children}] RelativeParent to null
05-15 20:59:49.525  1808  1808 I SurfaceFlinger: [LayerHierarchy{RequestedLayerState{Task=2381#179476 parentId=172934 z=7} 1 children}] reparent to LayerHierarchy{RequestedLayerState{DefaultTaskDisplayArea_d0#172934 parentId=9} 11 children}
05-15 20:59:49.528  1977  6950 D PersonaActivityHelper: token.toString()  Token{d2d617a ActivityRecord{148716444 u0 bitpit.launcher/.ui.HomeActivity t1351}}
05-15 20:59:49.528  1977  6950 D PersonaActivityHelper: mLastResumedSFActivity getPackageName  com.android.settings
05-15 20:59:49.528  1977  6950 D PersonaActivityHelper: mLastResumedSFActivity getShortClassName  .fuelgauge.RequestIgnoreBatteryOptimizations
05-15 20:59:49.529  1977  6950 D PersonaActivityHelper: token.toString()  Token{478011 ActivityRecord{159583387 u0 es.uniovi.recetasasturianas/.MainActivity t-1 f}}}
05-15 20:59:49.529  1977  6950 D PersonaActivityHelper: mLastResumedSFActivity getPackageName  com.android.settings
05-15 20:59:49.529  1977  6950 D PersonaActivityHelper: mLastResumedSFActivity getShortClassName  .fuelgauge.RequestIgnoreBatteryOptimizations
05-15 20:59:49.529  1977  6950 D PersonaActivityHelper: token.toString()  Token{70571bc ActivityRecord{164051337 u0 es.uniovi.recetasasturianas.test/androidx.test.core.app.InstrumentationActivityInvoker$EmptyActivity t2381 f}}}
05-15 20:59:49.529  1977  6950 D PersonaActivityHelper: mLastResumedSFActivity getPackageName  com.android.settings
05-15 20:59:49.529  1977  6950 D PersonaActivityHelper: mLastResumedSFActivity getShortClassName  .fuelgauge.RequestIgnoreBatteryOptimizations
05-15 20:59:49.530 24267 24267 I VRI[InstrumentationActivityInvoker$EmptyActivity]@f522b0c: handleAppVisibility mAppVisible = true visible = false
05-15 20:59:49.530 24267 24267 D VRI[InstrumentationActivityInvoker$EmptyActivity]@f522b0c: visibilityChanged oldVisibility=true newVisibility=false
05-15 20:59:49.531 11062 11118 D ShellDesktopMode: handleRequest: TransitionRequestInfo {type=1, tid=2382, debugId=14576}
05-15 20:59:49.532  1808  1899 I SurfaceFlinger: id=179457 Removed ActivityRecord{159583387 u0 es.uniovi.recetasasturianas/.MainActivity t2380}#179457 (181)
05-15 20:59:49.532  1808  1808 I SurfaceFlinger: [Display 0 name="Built-in Screen"#172933] setFrameRateCategory: Default
05-15 20:59:49.532  1808  1808 I SurfaceFlinger: destroyed fc0e8aa ActivityRecordInputSink es.uniovi.recetasasturianas/.MainActivity#179466 form LifecycleManager
05-15 20:59:49.532  1808  1808 I SurfaceFlinger: destroyed ActivityRecord{159583387 u0 es.uniovi.recetasasturianas/.MainActivity t2380}#179457 form LifecycleManager
05-15 20:59:49.533  1808  1808 I SurfaceFlinger: [LayerHierarchy{RequestedLayerState{Transition Root: Task=1#179493} no children}] reparent to OffscreenRoot
05-15 20:59:49.533  1808  1808 I SurfaceFlinger: [LayerHierarchy{RequestedLayerState{Transition Root: Task=1#179493} no children}] RelativeParent to null
05-15 20:59:49.533  1808  1808 I SurfaceFlinger: [Surface(name=bcfd950 es.uniovi.recetasasturianas.test/androidx.test.core.app.InstrumentationActivityInvoker$EmptyActivity)/@0x1738293 - animation-leash of starting_reveal#179496] attach to parent LayerHierarchy{RequestedLayerState{ActivityRecord{164051337 u0 es.uniovi.recetasasturianas.test/androidx.test.core.app.InstrumentationActivityInvoker$EmptyActivity t2381}#179477 parentId=179476} 4 children}
05-15 20:59:49.533  1808  1808 I SurfaceFlinger: id=179466 onLayerDestroyed from LayerHierarchyBuilder(RequestedLayerState{fc0e8aa ActivityRecordInputSink es.uniovi.recetasasturianas/.MainActivity#179466 !handle z=-2147483648})
05-15 20:59:49.533  1808  1808 I SurfaceFlinger: id=179457 onLayerDestroyed from LayerHierarchyBuilder(RequestedLayerState{ActivityRecord{159583387 u0 es.uniovi.recetasasturianas/.MainActivity t2380}#179457 !handle})
05-15 20:59:49.533  1977  4019 D InputDispatcher: Focused application(0): ActivityRecord{242776597 u0 es.uniovi.recetasasturianas/.MainActivity t2382}
05-15 20:59:49.533 24267 24288 D HWUI    : CacheManager::trimMemory(20)
05-15 20:59:49.533  1977  3116 D GraphicsStatsService: requestRenderEngineFor(es.uniovi.recetasasturianas)
05-15 20:59:49.535  4195  4401 I HoneySpace.TopTaskSource: onTaskMovedToFront : taskId = 2382, displayId = 0
05-15 20:59:49.535  1808  1808 I Layer   : id=179466 Destroyed fc0e8aa ActivityRecordInputSink es.uniovi.recetasasturianas/.MainActivity#179466
05-15 20:59:49.535  1808  1808 I Layer   : id=179457 Destroyed ActivityRecord{159583387 u0 es.uniovi.recetasasturianas/.MainActivity t2380}#179457
05-15 20:59:49.535  4195  4403 I HoneySpace.TopTaskUseCase: topTasks 2382 ComponentInfo{es.uniovi.recetasasturianas/es.uniovi.recetasasturianas.MainActivity}[displayId=0]
05-15 20:59:49.535  1808  1808 I SurfaceFlinger: id=179493 Removed Transition Root: Task=1#179493 (179)
05-15 20:59:49.536  1808  1808 E RefreshRateSelector: Can't find HRR max refresh rate by policy with the same group 1080
05-15 20:59:49.538  5896  6390 I SemDvfsHyPerManager: acquire hyper - BaseTABoost/5896@20, type = -999
05-15 20:59:49.538 11062 11138 D ViewRootImpl: desktopMode is false
05-15 20:59:49.539 11062 11138 I ViewRootImpl: dVRR is disabled
05-15 20:59:49.539  1977  3116 I WindowManager: Relayout Window{bcfd950 u0 es.uniovi.recetasasturianas.test/androidx.test.core.app.InstrumentationActivityInvoker$EmptyActivity}: viewVisibility=8 req=1080x2340 ty=1 d0
05-15 20:59:49.540 20661 20726 I VRI[HomeActivity]@27ecfc4: mWNT: t=0xb400007df8e07b90 mBlastBufferQueue=0xb400007e28d543f0 fn= 8 HdrRenderState mRenderHdrSdrRatio=1.0 caller= android.view.SyncRtSurfaceTransactionApplier.applyTransaction:100 android.view.SyncRtSurfaceTransactionApplier.lambda$scheduleApply$0:73 android.view.SyncRtSurfaceTransactionApplier.$r8$lambda$afI4fXg3U3-nBZQEDQMiNy-B06s:0
05-15 20:59:49.541  1808  1808 I SurfaceFlinger: destroyed Transition Root: Task=1#179493 form LifecycleManager
05-15 20:59:49.541  1808  1808 I SurfaceFlinger: id=179493 onLayerDestroyed from LayerHierarchyBuilder(RequestedLayerState{Transition Root: Task=1#179493 !handle})
05-15 20:59:49.541  1632  1829 I HYPER-HAL: [RequestManager.cpp]acquire(): Acquired ID : 17502506  [5896 / 20]    HINT :      list : [TABoost / 1]
05-15 20:59:49.541 11062 11118 D ShellTaskOrganizer: removeStartingWindow, removalInfo=StartingWindowRemovalInfo{taskId=2381 frame=Rect(0, 0 - 1080, 2340) playRevealAnimation=true roundedCornerRadius=0.0 deferRemoveMode=0 windowlessSurface=false removeImmediately=false}
05-15 20:59:49.542 24090 24090 D LifecycleMonitor: Lifecycle status change: es.uniovi.recetasasturianas.MainActivity@8cbe52c in: PRE_ON_CREATE
05-15 20:59:49.542 24090 24090 V ActivityScenario: Activity lifecycle changed event received but ignored because the reported transition was not ON_CREATE while the last known transition was PRE_ON_CREATE
05-15 20:59:49.542  4195  7787 I HoneySpace.RecentTasks: onRecentTasksChanged
05-15 20:59:49.542  4195 23230 I HoneySpace.RecentTasks: onRecentTasksChanged
05-15 20:59:49.542  4195 15522 I HoneySpace.RecentTasks: onRecentTasksChanged
05-15 20:59:49.542  1808  1808 I Layer   : id=179493 Destroyed Transition Root: Task=1#179493
05-15 20:59:49.545  1977  2134 D PkgPredictorService-SecIpmManagerServiceImpl: onForegroundActivitiesChanged pid:24090 uid:10625
05-15 20:59:49.545 20661 20727 I VRI[HomeActivity]@27ecfc4: mWNT: t=0xb400007df8deabd0 mBlastBufferQueue=0xb400007e28d543f0 fn= 9 HdrRenderState mRenderHdrSdrRatio=1.0 caller= android.view.SyncRtSurfaceTransactionApplier.applyTransaction:100 android.view.SyncRtSurfaceTransactionApplier.lambda$scheduleApply$0:73 android.view.SyncRtSurfaceTransactionApplier.$r8$lambda$afI4fXg3U3-nBZQEDQMiNy-B06s:0
05-15 20:59:49.546  1977  2997 D InputDispatcher: Focus entered window (0): c5a06c0 bitpit.launcher/bitpit.launcher.ui.HomeActivity
05-15 20:59:49.546  1977  2134 D NetworkPolicy: already checked 10625
05-15 20:59:49.547 20661 20661 D VRI[HomeActivity]@27ecfc4: mThreadedRenderer.initializeIfNeeded()#2 mSurface={isValid=true 0xb400007de8e124c0}
05-15 20:59:49.547  1977  2134 D NetworkPolicy: already checked 10625
05-15 20:59:49.547 20661 20661 D InputMethodManagerUtils: startInputInner - Id : 0
05-15 20:59:49.547 20661 20661 I InputMethodManager: startInputInner - IInputMethodManagerGlobalInvoker.startInputOrWindowGainedFocus
05-15 20:59:49.549  1977  3186 D AS.MultiSoundManager: mForegroundUid = 10625
05-15 20:59:49.549  1808  1808 I SurfaceFlinger: [Display 0 name="Built-in Screen"#172933] setFrameRateCategory: High
05-15 20:59:49.549  1808  1808 I SurfaceFlinger: RequestedLayer [Splash Screen es.uniovi.recetasasturianas.test$_11062#179479] hidden!! flag  from(0) --> to(1)
05-15 20:59:49.549  1808  1808 I SurfaceFlinger: RequestedLayer [ActivityRecord{164051337 u0 es.uniov[...]yInvoker$EmptyActivity t2381}#179477] hidden!! flag  from(0) --> to(1)
05-15 20:59:49.549  1808  1808 I SurfaceFlinger: RequestedLayer [es.uniovi.recetasasturianas.test/and[...]yInvoker$EmptyActivity$_24267#179481] hidden!! flag  from(0) --> to(1)
05-15 20:59:49.549  1808  1808 I SurfaceFlinger: [LayerHierarchy{RequestedLayerState{bcfd950 es.uniovi.recetasasturianas.test/androidx.test.core.app.InstrumentationActivityInvoker$EmptyActivity#179480 parentId=179496} 1 children}] reparent to LayerHierarchy{RequestedLayerState{Surface(name=bcfd950 es.uniovi.recetasasturianas.test/androidx.test.core.app.InstrumentationActivityInvoker$EmptyActivity)/@0x1738293 - animation-leash of starting_reveal#179496 parentId=179477} 1 children}
05-15 20:59:49.551 20661 20726 I VRI[HomeActivity]@27ecfc4: mWNT: t=0xb400007df8d7ced0 mBlastBufferQueue=0xb400007e28d543f0 fn= 10 HdrRenderState mRenderHdrSdrRatio=1.0 caller= android.view.SyncRtSurfaceTransactionApplier.applyTransaction:100 android.view.SyncRtSurfaceTransactionApplier.lambda$scheduleApply$0:73 android.view.SyncRtSurfaceTransactionApplier.$r8$lambda$afI4fXg3U3-nBZQEDQMiNy-B06s:0
05-15 20:59:49.552 12633 17431 I Routine@Core[4.9.04.16]: ActivityWatcherListenerImpl: onPauseComponent: componentName - bitpit.launcher, userId: 0
05-15 20:59:49.553 12633 17431 I Routine@Core[4.9.04.16]: Pref: removeSharedPrefsData() key=condition_launch_app_data_resume_pkg
05-15 20:59:49.553 11062 11062 I {OngoingActivityController}: onTaskFocusChanged but OA data is empty
05-15 20:59:49.554 12633 21222 I Routine@Core[4.9.04.16]: ModeOrderObserver: ModeOrderObserver:onChange: uri content://com.samsung.android.app.routines.routineprovider/preference
05-15 20:59:49.554  4195  4401 I HoneySpace.TopTaskSource: onTaskFocusChanged(): taskId = 2382
05-15 20:59:49.557  1808  1951 D SurfaceFlinger: [input] setFocusedWindow: <null>
05-15 20:59:49.558  1977  4019 D InputDispatcher: Once focus requested (0): <null>
05-15 20:59:49.558  1977  4019 D InputDispatcher: Focus request (0): <null> but waiting because NO_WINDOW
05-15 20:59:49.558  1977  4019 D InputDispatcher: Focus left window (0): c5a06c0 bitpit.launcher/bitpit.launcher.ui.HomeActivity
