05-15 20:59:55.546  1977  6948 D PersonaActivityHelper: mLastResumedSFActivity getShortClassName  .fuelgauge.RequestIgnoreBatteryOptimizations
05-15 20:59:55.546 11062 11212 I WallpaperService: dispatchAppVisibility: systemlock, visible=false , mLidState = -1
05-15 20:59:55.546 11062 11719 I WallpaperService: reportVisibility: visibility changed. visible=false
05-15 20:59:55.546 11062 11719 I ImageWallpaper_7[Image]:  onVisibilityChanged: visible=false , displayId=0
05-15 20:59:55.547  1977  4779 D DARUtil : Device owner status not updated yet...
05-15 20:59:55.547  1977  4779 D DARUtil : Not an enterprise user : 0
05-15 20:59:55.547  1977  4779 D DARUtil : Device owner status not updated yet...
05-15 20:59:55.547  1977  4779 D DARUtil : Not an enterprise user : 0
05-15 20:59:55.547  1977  4779 D SyntheticPasswordManager.SDP: Inside fromBytes() - result.pinLength : -1
05-15 20:59:55.547  1977  4779 D SyntheticPasswordManager.SDP: 1. result.secureMode : 0
05-15 20:59:55.547  1977  3573 D InputTransport: Input channel constructed: '4454fea', fd=462
05-15 20:59:55.547  1977  3573 D InputTransport: Input channel constructed: '4454fea', fd=1049
05-15 20:59:55.547 20661 20661 I VRI[HomeActivity]@27ecfc4: handleAppVisibility mAppVisible = true visible = false
05-15 20:59:55.547 20661 20661 D VRI[HomeActivity]@27ecfc4: visibilityChanged oldVisibility=true newVisibility=false
05-15 20:59:55.547 11062 11719 D ImageWallpaper[WallpaperAnimator]: onEngineVisibilityChanged: visible = false, which = 7, isFullAodShown = false, isMultipack = false, mKeyguardState = false
05-15 20:59:55.547 11062 11719 D ImageWallpaper[WallpaperAnimator]: changeToDownScaleImmediately
05-15 20:59:55.547 11062 11719 I ImageWallpaper[WallpaperAnimator]: release
05-15 20:59:55.547  1977  3573 D InputTransport: Input channel constructed: '4454fea', fd=1094
05-15 20:59:55.547  1977  3573 D InputTransport: Input channel destroyed: '4454fea', fd=1049
05-15 20:59:55.548  1808  2497 I SurfaceFlinger: id=179702 createSurf, flag=84004, 4454fea es.uniovi.recetasasturianas/es.uniovi.recetasasturianas.MainActivity#179702
05-15 20:59:55.549  1977  3573 D InputTransport: Input channel destroyed: '4454fea', fd=1094
05-15 20:59:55.549 24090 24090 D InputTransport: Input channel constructed: '4454fea', fd=148
05-15 20:59:55.549 20661 20699 D HWUI    : CacheManager::trimMemory(20)
05-15 20:59:55.549 24090 24090 I InsetsController: onStateChanged: host=es.uniovi.recetasasturianas/es.uniovi.recetasasturianas.MainActivity, from=android.view.ViewRootImpl.onInsetsStateChanged:3026, state=InsetsState: {mDisplayFrame=Rect(0, 0 - 1080, 2340), mDisplayCutout=DisplayCutout{insets=Rect(0, 99 - 0, 0) waterfall=Insets{left=0, top=0, right=0, bottom=0} boundingRect={Bounds=[Rect(0, 0 - 0, 0), Rect(505, 0 - 575, 99), Rect(0, 0 - 0, 0), Rect(0, 0 - 0, 0)]} cutoutPathParserInfo={CutoutPathParserInfo{displayWidth=1080 displayHeight=2340 physicalDisplayWidth=1080 physicalDisplayHeight=2340 density={3.0} cutoutSpec={M 0,0 M 0,29 a 35,35 0 1,0 0,70 a 35,35 0 1,0 0,-70 Z} rotation={0} scale={1.0} physicalPixelDisplaySizeRatio={1.0}}} sideOverrides={}}, mRoundedCorners=RoundedCorners{[RoundedCorner{position=TopLeft, radius=108, center=Point(108, 108)}, RoundedCorner{position=TopRight, radius=108, center=Point(972, 108)}, RoundedCorner{position=BottomRight, radius=108, center=Point(972, 2232)}, RoundedCorner{position=BottomLeft, radius=108, center=Point(108, 2232)}]}  mRoundedCornerFrame=Rect(0, 0 - 1080, 2340), mPrivacyIndicatorBounds=PrivacyIndicatorBounds {static bounds=Rect(948, 0 - 1080, 99) rotation=0}, mDisplayShape=DisplayShape{ spec=-311912193 displayWidth=1080 displayHeight=2340 physicalPixelDisplaySizeRatio=1.0 rotation=0 offsetX=0 offsetY=0 scale=1.0}, mSources= { InsetsSource: {b73a0001 mType=navigationBars mFrame=[0,0][0,0] mVisible=true mFlags=SUPPRESS_SCRIM mSideHint=NONE mBoundingRects=null}, InsetsSource: {b73a0004 mType=systemGestures mFrame=[0,0][90,2340] mVisible=true mFlags= mSideHint=LEFT mBoundingRects=null}, InsetsSource: {b73a0005 mType=mandatorySystemGestures mFrame=[0,2265][1080,2340] mVisible=true mFlags= mSideHint=BOTTOM mBoundingRects=null}, InsetsSource: {b73a0006 mType=tappableElement mFrame=[0,0][0,0] mVisible=true mFlags= mSideHint=NONE mBoundingRects=null}, InsetsSource: {b73a0024 mType=systemGestures mFrame=[990,0][1080,2340] mVisible=true mFlags= mSideHint=RIGHT mBoundingRects=null}, InsetsSource: {3 mType=ime mFrame=[0,0][0,0] mVisible=false mFlags= mSideHint=NONE mBoundingRects=null}, InsetsSource: {27 mType=displayCutout mFrame=[0,0][1080,99] mVisible=true mFlags= mSideHint=TOP mBoundingRects=null}, InsetsSource: {9260000 mType=statusBars mFrame=[0,0][1080,99] mVisible=false mFlags= mSideHint=TOP mBoundingRects=null}, InsetsSource: {9260005 mType=mandatorySystemGestures mFrame=[0,0][1080,135] mVisible=true mFlags= mSideHint=TOP mBoundingRects=null}, InsetsSource: {9260006 mType=tappableElement mFrame=[0,0][1080,99] mVisible=true mFlags= mSideHint=TOP mBoundingRects=null} }
05-15 20:59:55.549  1808  3007 D NativeSemDvfsManager: acquire:: timeout = 2000 mIsAcquired = 1  mTagName : SurfaceFlinger
05-15 20:59:55.550  1808  3007 E NativeCustomFrequencyManager: [NativeCFMS] BpCustomFrequencyManager::acquire()
05-15 20:59:55.550  1808  1808 D SurfaceFlinger: Display 4630947232161729154 HWC layers:
05-15 20:59:55.550  1808  1808 D SurfaceFlinger:        DEVICE |           47510928231149 | 00000100 | RGBA_8888    |    0.0    0.0 1080.0 2340.0 |    0    0 1080 2340 | Wallpaper BBQ wrapper 7_systemlock#178730 (1)
05-15 20:59:55.550  1808  1808 D SurfaceFlinger:        DEVICE |           88738319307417 | 00002100 | RGBA_8888    |    0.0    0.0 1080.0 2340.0 |    0    0 1080 2340 | bitpit.launcher/bitpit.launcher.ui.HomeActivity$_20661#179688 (15)
05-15 20:59:55.550  1808  1808 D SurfaceFlinger:        CLIENT |           47510928231590 | 00002100 | RGBA_8888    |    0.0    0.0 1080.0 2340.0 |    0    0 1080 2340 | Splash Screen es.uniovi.recetasasturianas$_11062#179699 (1)
05-15 20:59:55.550  1808  1808 D SurfaceFlinger:        DEVICE |           47510928230651 | 00002100 | RGBA_8888    |    0.0    0.0 1080.0   99.0 |    0    0 1080   99 | StatusBar$_11062#172976 (4148)
05-15 20:59:55.550  1808  1808 D SurfaceFlinger:        DEVICE |           47510928230649 | 00002100 | RGBA_8888    |    0.0    0.0 1080.0  144.0 |    0 2196 1080 2340 | NavigationBar0$_11062#172972 (359)
05-15 20:59:55.550  1808  1808 D SurfaceFlinger:        DEVICE |           27157078223661 | 00002100 | RGBA_8888    |    0.0   13.0  290.0  158.0 |  395    0  685  145 | $_6323#154529 (967
05-15 20:59:55.550  1808  1808 D SurfaceFlinger: )
05-15 20:59:55.550  1808  1808 D SurfaceFlinger:        DEVICE |           27157078223656 | 00002100 | RGBA_8888    |    0.0    0.0 1080.0  115.0 |    0    0 1080  115 | $_6323#177506 (652)
05-15 20:59:55.550  1808  1808 D SurfaceFlinger:        DEVICE |           47510928230638 | 00002140 | RGBA_8888    |    0.0    0.0 1080.0  121.0 |    0    0 1080  121 | ScreenDecorOverlay$_11062#172986 (67)
05-15 20:59:55.550  1808  1808 D SurfaceFlinger:        DEVICE |           47510928230639 | 00002140 | RGBA_8888    |    0.0    0.0 1080.0  121.0 |    0 2219 1080 2340 | ScreenDecorOverlayBottom$_11062#172987 (60)
05-15 20:59:55.550  1808  1808 D SurfaceFlinger:
05-15 20:59:55.550 24090 24090 I VRI[MainActivity]@43a9cd5: synced displayState. AttachInfo displayState=2
05-15 20:59:55.550  1632  1829 I HYPER-HAL: [RequestManager.cpp]acquire(): Acquired ID : 3944836  [1808 / 1000]    HINT : SF_GPU_MINLOCK    list : [TIMEOUT / 2000]
05-15 20:59:55.550  1977  8796 I WindowManager: Relayout Window{c5a06c0 u0 bitpit.launcher/bitpit.launcher.ui.HomeActivity}: viewVisibility=8 req=1080x2340 ty=1 d0
05-15 20:59:55.551  1808  1808 I SurfaceFlinger: RequestedLayer [Task=1#172921] hidden!! flag  from(0) --> to(1)
05-15 20:59:55.551  1977  8796 D SurfaceComposerClient: setCornerRadius ## bca70da Splash Screen es.uniovi.recetasasturianas#179698 cornerRadius=0.000000
05-15 20:59:55.551  1808  1808 I SurfaceFlinger: [Display 0 name="Built-in Screen"#172933] setFrameRateCategory: Default
05-15 20:59:55.551  1977  8796 D SurfaceComposerClient: setCornerRadius ## 4454fea es.uniovi.recetasasturianas/es.uniovi.recetasasturianas.MainActivity#179702 cornerRadius=0.000000
05-15 20:59:55.551  1808  1808 I SurfaceFlinger: RequestedLayer [4454fea es.uniovi.recetasasturianas/[...]ecetasasturianas.MainActivity#179702] hidden!! flag  from(1) --> to(0)
05-15 20:59:55.551  1808  1808 I SurfaceFlinger: RequestedLayer [bitpit.launcher/bitpit.launcher.ui.HomeActivity$_20661#179688] hidden!! flag  from(0) --> to(1)
05-15 20:59:55.551  1808  1808 I SurfaceFlinger: RequestedLayer [com.android.systemui.wallpapers.ImageWallpaper$_11062#178729] hidden!! flag  from(0) --> to(1)
05-15 20:59:55.551  1808  1808 I SurfaceFlinger: RequestedLayer [WallpaperWindowToken{43888ef showWhenLocked=false}#178727] hidden!! flag  from(0) --> to(1)
05-15 20:59:55.551  1808  1808 I SurfaceFlinger: RequestedLayer [ActivityRecord{148716444 u0 bitpit.launcher/.ui.HomeActivity t1351}#116667] hidden!! flag  from(0) --> to(1)
05-15 20:59:55.551  1808  1808 I SurfaceFlinger: RequestedLayer [Task=1351#116666] hidden!! flag  from(0) --> to(1)
05-15 20:59:55.551  1808  1808 I SurfaceFlinger: [LayerHierarchy{RequestedLayerState{Task=1#172921 parentId=172934} 4 children}] reparent to LayerHierarchy{RequestedLayerState{DefaultTaskDisplayArea_d0#172934 parentId=9} 10 children}
05-15 20:59:55.551  1808  1808 I SurfaceFlinger: [LayerHierarchy{RequestedLayerState{WallpaperWindowToken{43888ef showWhenLocked=false}#178727 parentId=8} 1 children}] reparent to LayerHierarchy{RequestedLayerState{Leaf:1:1#8 parentId=7} 1 children}
05-15 20:59:55.551  1808  1808 I SurfaceFlinger: [LayerHierarchy{RequestedLayerState{Task=2394#179696 parentId=172934 z=7} 1 children}] reparent to LayerHierarchy{RequestedLayerState{DefaultTaskDisplayArea_d0#172934 parentId=9} 11 children}
05-15 20:59:55.551  1808  1897 I SurfaceFlinger: id=179703 createSurf, flag=24004, Surface(name=8f932e4 StatusBar)/@0xabc478a - animation-leash of insets_animation#179703
05-15 20:59:55.551  1808  1808 I SurfaceFlinger: [LayerHierarchy{RequestedLayerState{Transition Root: Task=2394#179700 z=7} no children}] reparent to OffscreenRoot
05-15 20:59:55.551  1808  1808 I SurfaceFlinger: [LayerHierarchy{RequestedLayerState{Transition Root: Task=2394#179700 z=7} no children}] RelativeParent to null
05-15 20:59:55.551  1808  1808 I SurfaceFlinger: [4454fea es.uniovi.recetasasturianas/es.uniovi.recetasasturianas.MainActivity#179702] attach to parent LayerHierarchy{RequestedLayerState{ActivityRecord{240184822 u0 es.uniovi.recetasasturianas/.MainActivity t2394}#179697 parentId=179696} 3 children}
05-15 20:59:55.552  1808  1897 I SurfaceFlinger: id=179704 createSurf, flag=24000, Surface(name=7a9d783 NavigationBar0)/@0x10e1471 - animation-leash of insets_animation#179704
05-15 20:59:55.553  1977  8796 D SurfaceComposerClient: setCornerRadius ## bca70da Splash Screen es.uniovi.recetasasturianas#179698 cornerRadius=0.000000
05-15 20:59:55.553  1977  8796 D SurfaceComposerClient: setCornerRadius ## 4454fea es.uniovi.recetasasturianas/es.uniovi.recetasasturianas.MainActivity#179702 cornerRadius=0.000000
05-15 20:59:55.554  1977  8796 I WindowManager: Relayout hash=c5a06c0, pid=20661, syncId=-1: mAttrs={(0,0)(fillxfill) sim={state=always_hidden adjust=resize forwardNavigation} layoutInDisplayCutoutMode=always ty=BASE_APPLICATION fmt=TRANSPARENT wanim=0x1030317
05-15 20:59:55.554  1977  8796 I WindowManager:   fl=80910100
05-15 20:59:55.554  1977  8796 I WindowManager:   pfl=10008840
05-15 20:59:55.554  1977  8796 I WindowManager:   bhv=1
05-15 20:59:55.554  1977  8796 I WindowManager:   fitSides=0
05-15 20:59:55.554  1977  8796 I WindowManager:   frameRateBoostOnTouch=true
05-15 20:59:55.554  1977  8796 I WindowManager:   dvrrWindowFrameRateHint=true naviIconColor=0}
05-15 20:59:55.554  1977  2142 D SurfaceComposerClient: setCornerRadius ## bca70da Splash Screen es.uniovi.recetasasturianas#179698 cornerRadius=0.000000
05-15 20:59:55.554  1977  2142 D SurfaceComposerClient: setCornerRadius ## 4454fea es.uniovi.recetasasturianas/es.uniovi.recetasasturianas.MainActivity#179702 cornerRadius=0.000000
05-15 20:59:55.555 24090 24090 I VRI[MainActivity]@43a9cd5: setView = com.android.internal.policy.DecorView@3a27678 IsHRR=false mFlingFrameRateChange=0 TM=true
05-15 20:59:55.555  1808  1808 I SurfaceFlinger: id=179700 Removed Transition Root: Task=2394#179700 (168)
05-15 20:59:55.555 20661 20661 I InsetsController: cancelAnimation: types=statusBars, animType=1, host=bitpit.launcher/bitpit.launcher.ui.HomeActivity, from=android.view.InsetsController.notifyControlRevoked:2043 android.view.InsetsSourceConsumer.setControl:158 android.view.InsetsController.onControlsChanged:1207
05-15 20:59:55.555  1977  2505 D AnalyticsContainerHandler: handleMessage : { when=0 what=1 target=com.android.server.knox.KnoxAnalyticsContainer$AnalyticsHandler }
05-15 20:59:55.555  1977  2505 D AnalyticsContainerHandler: handleMessage : { when=0 what=2 target=com.android.server.knox.KnoxAnalyticsContainer$AnalyticsHandler }
05-15 20:59:55.555  1808  1808 E RefreshRateSelector: Can't find HRR max refresh rate by policy with the same group 1080
05-15 20:59:55.555 20661 20661 I VRI[HomeActivity]@27ecfc4: Relayout returned: old=(0,0,1080,2340) new=(0,0,1080,2340) relayoutAsync=false req=(1080,2340)8 dur=6 res=0x2 s={false 0x0} ch=true seqId=0
05-15 20:59:55.555 20661 20661 D VRI[HomeActivity]@27ecfc4: Not drawing due to not visible. Reason=!mAppVisible && !mForceDecorViewVisibility
05-15 20:59:55.556  1808  1808 D SurfaceFlinger: GPIS:: requestGPISForClientComposition
05-15 20:59:55.559  1977  8796 I WindowManager: Relayout Window{4454fea u0 es.uniovi.recetasasturianas/es.uniovi.recetasasturianas.MainActivity}: viewVisibility=0 req=1080x2340 ty=1 d0
05-15 20:59:55.560  1808  1897 I SurfaceFlinger: id=179705 createSurf, flag=44004, es.uniovi.recetasasturianas/es.uniovi.recetasasturianas.MainActivity$_24090#179705
05-15 20:59:55.560  1808  1808 D SurfaceFlinger: Display 4630947232161729154 HWC layers:
05-15 20:59:55.560  1808  1808 D SurfaceFlinger:        DEVICE |           47510928231590 | 00002100 | RGBA_8888    |    0.0    0.0 1080.0 2340.0 |    0    0 1080 2340 | Splash Screen es.uniovi.recetasasturianas$_11062#179699 (1)
05-15 20:59:55.560  1808  1808 D SurfaceFlinger:        DEVICE |           47510928230651 | 00002100 | RGBA_8888    |    0.0    0.0 1080.0   99.0 |    0    0 1080   99 | StatusBar$_11062#172976 (4148)
05-15 20:59:55.560  1808  1808 D SurfaceFlinger:        DEVICE |           47510928230649 | 00002100 | RGBA_8888    |    0.0    0.0 1080.0  144.0 |    0 2196 1080 2340 | NavigationBar0$_11062#172972 (359)
05-15 20:59:55.560  1808  1808 D SurfaceFlinger:        DEVICE |           27157078223661 | 00002100 | RGBA_8888    |    0.0   13.0  290.0  158.0 |  395    0  685  145 | $_6323#154529 (967)
05-15 20:59:55.560  1808  1808 D SurfaceFlinger:        DEVICE |           27157078223656 | 00002100 | RGBA_8888    |    0.0    0.0 1080.0  115.0 |    0    0 1080  115 | $_6323#177506 (652)
05-15 20:59:55.560  1808  1808 D SurfaceFlinger:        DEVICE |           47510928230638 | 00002140 | RGBA_8888    |    0.0    0.0 1080.0  121.0 |    0    0 1080  121 | ScreenDecorOverlay$_11062#172986 (67)
05-15 20:59:55.560  1808  1808 D SurfaceFlinger:        DEVICE |           47510928230639 | 00002140 |
05-15 20:59:55.560  1808  1808 D SurfaceFlinger:  RGBA_8888    |    0.0    0.0 1080.0  121.0 |    0 2219 1080 2340 | ScreenDecorOverlayBottom$_11062#172987 (60)
05-15 20:59:55.560  1808  1808 D SurfaceFlinger:
05-15 20:59:55.561  1977  8796 D SurfaceComposerClient: setCornerRadius ## bca70da Splash Screen es.uniovi.recetasasturianas#179698 cornerRadius=0.000000
05-15 20:59:55.561  1977  8796 D SurfaceComposerClient: setCornerRadius ## 4454fea es.uniovi.recetasasturianas/es.uniovi.recetasasturianas.MainActivity#179702 cornerRadius=0.000000
05-15 20:59:55.561  1977  8796 D SurfaceComposerClient: setCornerRadius ## bca70da Splash Screen es.uniovi.recetasasturianas#179698 cornerRadius=0.000000
05-15 20:59:55.561  1977  8796 D SurfaceComposerClient: setCornerRadius ## 4454fea es.uniovi.recetasasturianas/es.uniovi.recetasasturianas.MainActivity#179702 cornerRadius=0.000000
05-15 20:59:55.561  1808  1808 I SurfaceFlinger: RequestedLayer [Surface(name=8f932e4 StatusBar)/@0xa[...]ion-leash of insets_animation#179689] hidden!! flag  from(0) --> to(1)
05-15 20:59:55.561  1808  1808 I SurfaceFlinger: RequestedLayer [Surface(name=8f932e4 StatusBar)/@0xa[...]ion-leash of insets_animation#179703] hidden!! flag  from(1) --> to(0)
05-15 20:59:55.561  1808  1808 E SurfaceFlinger: alpha changed 1.000 -> 0.000 - Surface(name=8f932e4 StatusBar)/@0xabc478a - animation-leash of insets_animation#179703
05-15 20:59:55.561  1808  1808 I SurfaceFlinger: destroyed Transition Root: Task=2394#179700 form LifecycleManager
05-15 20:59:55.561  1808  1808 I SurfaceFlinger: [LayerHierarchy{RequestedLayerState{Surface(name=7a9d783 NavigationBar0)/@0x10e1471 - animation-leash of insets_animation#179690} 1 children}] reparent to OffscreenRoot
05-15 20:59:55.561  1808  1808 I SurfaceFlinger: [LayerHierarchy{RequestedLayerState{Surface(name=7a9d783 NavigationBar0)/@0x10e1471 - animation-leash of insets_animation#179690} 1 children}] RelativeParent to null
05-15 20:59:55.561  1808  1808 I SurfaceFlinger: [LayerHierarchy{RequestedLayerState{7a9d783 NavigationBar0#172957 parentId=179704} 1 children}] reparent to LayerHierarchy{RequestedLayerState{Surface(name=7a9d783 NavigationBar0)/@0x10e1471 - animation-leash of insets_animation#179704 parentId=172956} 1 children}
05-15 20:59:55.562  1808  1897 I SurfaceFlinger: id=179706 createSurf, flag=24004, Surface(name=8f932e4 StatusBar)/@0xabc478a - animation-leash of insets_animation#179706
05-15 20:59:55.562  1808  1808 I SurfaceFlinger: [LayerHierarchy{RequestedLayerState{8f932e4 StatusBar#172964 parentId=179703} 1 children}] reparent to LayerHierarchy{RequestedLayerState{Surface(name=8f932e4 StatusBar)/@0xabc478a - animation-leash of insets_animation#179703 parentId=172963} 1 children}
05-15 20:59:55.562  1808  1808 I SurfaceFlinger: [LayerHierarchy{RequestedLayerState{Surface(name=8f932e4 StatusBar)/@0xabc478a - animation-leash of insets_animation#179689} no children}] reparent to OffscreenRoot
05-15 20:59:55.562  1808  1808 I SurfaceFlinger: [LayerHierarchy{RequestedLayerState{Surface(name=8f932e4 StatusBar)/@0xabc478a - animation-leash of insets_animation#179689} no children}] RelativeParent to null
05-15 20:59:55.562  1808  1808 I SurfaceFlinger: [es.uniovi.recetasasturianas/es.uniovi.recetasasturianas.MainActivity$_24090#179705] attach to parent LayerHierarchy{RequestedLayerState{4454fea es.uniovi.recetasasturianas/es.uniovi.recetasasturianas.MainActivity#179702 parentId=179697} 1 children}
05-15 20:59:55.562  1808  1808 I SurfaceFlinger: [Surface(name=8f932e4 StatusBar)/@0xabc478a - animation-leash of insets_animation#179703] attach to parent LayerHierarchy{RequestedLayerState{WindowToken{68a9b23 type=2000 android.os.BinderProxy@abe78dd}#172963 parentId=17} 1 children}
05-15 20:59:55.562  1808  1808 I SurfaceFlinger: [Surface(name=7a9d783 NavigationBar0)/@0x10e1471 - animation-leash of insets_animation#179704] attach to parent LayerHierarchy{RequestedLayerState{WindowToken{ec79b94 type=2019 android.os.BinderProxy@3619da6}#172956 parentId=34} 1 children}
05-15 20:59:55.562  1808  1808 I SurfaceFlinger: id=179700 onLayerDestroyed from LayerHierarchyBuilder(RequestedLayerState{Transition Root: Task=2394#179700 !handle z=7})
05-15 20:59:55.563  1808  1897 I SurfaceFlinger: id=179707 createSurf, flag=24000, Surface(name=7a9d783 NavigationBar0)/@0x10e1471 - animation-leash of insets_animation#179707
05-15 20:59:55.563  1977  8796 I SystemKeyManager: requested systemKeyInfo size=1 focusedWindow=es.uniovi.recetasasturianas/es.uniovi.recetasasturianas.MainActivity
05-15 20:59:55.563  1977  8796 I SystemKeyManager: requested systemKeyInfo size=1 focusedWindow=es.uniovi.recetasasturianas/es.uniovi.recetasasturianas.MainActivity
05-15 20:59:55.564  1977  8796 I WindowManager: Relayout hash=4454fea, pid=24090, syncId=-1: mAttrs={(0,0)(fillxfill) sim={adjust=resize forwardNavigation} layoutInDisplayCutoutMode=always ty=BASE_APPLICATION wanim=0x1030317
05-15 20:59:55.564  1977  8796 I WindowManager:   fl=81810100
05-15 20:59:55.564  1977  8796 I WindowManager:   pfl=100088c0
05-15 20:59:55.564  1977  8796 I WindowManager:   vsysui=500
05-15 20:59:55.564  1977  8796 I WindowManager:   bhv=1
05-15 20:59:55.564  1977  8796 I WindowManager:   fitSides=0
05-15 20:59:55.564  1977  8796 I WindowManager:   frameRateBoostOnTouch=true
05-15 20:59:55.564  1977  8796 I WindowManager:   dvrrWindowFrameRateHint=true naviIconColor=0}
05-15 20:59:55.565  1808  1808 I Layer   : id=179700 Destroyed Transition Root: Task=2394#179700
05-15 20:59:55.565 24090 24090 W libc    : Access denied finding property "vendor.display.enable_optimal_refresh_rate"
05-15 20:59:55.565 24090 24090 I BufferQueueProducer: [](id:5e1a00000009,api:0,p:-1074412913,c:24090) setDequeueTimeout:2077252342
05-15 20:59:55.565 24090 24090 I BLASTBufferQueue_Java: new BLASTBufferQueue, mName= VRI[MainActivity]@43a9cd5 mNativeObject= 0xb400007e290a0880 caller= android.view.ViewRootImpl.updateBlastSurfaceIfNeeded:3585 android.view.ViewRootImpl.relayoutWindow:11685 android.view.ViewRootImpl.performTraversals:4804 android.view.ViewRootImpl.doTraversal:3924 android.view.ViewRootImpl$TraversalRunnable.run:12903 android.view.Choreographer$CallbackRecord.run:1901 android.view.Choreographer$CallbackRecord.run:1910 android.view.Choreographer.doCallbacks:1367 android.view.Choreographer.doFrame:1292 android.view.Choreographer$FrameDisplayEventReceiver.run:1870
05-15 20:59:55.565 24090 24090 I BLASTBufferQueue_Java: update, w= 1080 h= 2340 mName = VRI[MainActivity]@43a9cd5 mNativeObject= 0xb400007e290a0880 sc.mNativeObject= 0xb400007ea8d370d0 format= -1 caller= android.view.ViewRootImpl.updateBlastSurfaceIfNeeded:3590 android.view.ViewRootImpl.relayoutWindow:11685 android.view.ViewRootImpl.performTraversals:4804 android.view.ViewRootImpl.doTraversal:3924 android.view.ViewRootImpl$TraversalRunnable.run:12903 android.view.Choreographer$CallbackRecord.run:1901
05-15 20:59:55.565  1808  2497 I SurfaceFlinger: id=179690 Removed Surface(name=7a9d783 NavigationBar0)/@0x10e1471 - animation-leash of insets_animation#179690 (170)
05-15 20:59:55.566 24090 24090 W libc    : Access denied finding property "vendor.display.enable_optimal_refresh_rate"
05-15 20:59:55.566 24090 24090 I VRI[MainActivity]@43a9cd5: Relayout returned: old=(0,0,1080,2340) new=(0,0,1080,2340) relayoutAsync=false req=(1080,2340)0 dur=5 res=0x3 s={true 0xb400007de8e0d110} ch=true seqId=0
05-15 20:59:55.566 24090 24090 I VRI[MainActivity]@43a9cd5: performConfigurationChange setNightDimText nightDimLevel=0
05-15 20:59:55.567 11062 11138 I VRI[recetasasturianas]@791ca2b: onActiveControlsChanged, removed=false, mAdded=true, caller=android.view.ViewRootImpl.handleInsetsControlChanged:3002 android.view.ViewRootImpl$ViewRootHandler.handleMessageImpl:8352 android.view.ViewRootImpl$ViewRootHandler.handleMessage:8301 android.os.Handler.dispatchMessage:110 android.os.Looper.loopOnce:273
05-15 20:59:55.567 24090 24090 D VRI[MainActivity]@43a9cd5: mThreadedRenderer.initialize() mSurface={isValid=true 0xb400007de8e0d110} hwInitialized=true
05-15 20:59:55.569  1808  1808 D SurfaceFlinger: Display 4630947232161729154 HWC layers:
05-15 20:59:55.569  1808  1808 D SurfaceFlinger:        DEVICE |           47510928231590 | 00002100 | RGBA_8888    |    0.0    0.0 1080.0 2340.0 |    0    0 1080 2340 | Splash Screen es.uniovi.recetasasturianas$_11062#179699 (1)
05-15 20:59:55.569  1808  1808 D SurfaceFlinger:        DEVICE |           47510928230649 | 00002100 | RGBA_8888    |    0.0    0.0 1080.0  144.0 |    0 2196 1080 2340 | NavigationBar0$_11062#172972 (359)
05-15 20:59:55.569  1808  1808 D SurfaceFlinger:        DEVICE |           27157078223661 | 00002100 | RGBA_8888    |    0.0   13.0  290.0  158.0 |  395    0  685  145 | $_6323#154529 (967)
05-15 20:59:55.569  1808  1808 D SurfaceFlinger:        DEVICE |           27157078223656 | 00002100 | RGBA_8888    |    0.0    0.0 1080.0  115.0 |    0    0 1080  115 | $_6323#177506 (652)
05-15 20:59:55.569  1808  1808 D SurfaceFlinger:        DEVICE |           47510928230638 | 00002140 | RGBA_8888    |    0.0    0.0 1080.0  121.0 |    0    0 1080  121 | ScreenDecorOverlay$_11062#172986 (67)
05-15 20:59:55.569  1808  1808 D SurfaceFlinger:        DEVICE |           47510928230639 | 00002140 | RGBA_8888    |    0.0    0.0 1080.0  121.0 |    0 2219 1080 2340 | ScreenDecorOverlayBottom$_11062#172987 (60)
05-15 20:59:55.569  1808  1808 D SurfaceFlinger:
05-15 20:59:55.569 24090 24090 D VRI[MainActivity]@43a9cd5: reportNextDraw android.view.ViewRootImpl.performTraversals:5443 android.view.ViewRootImpl.doTraversal:3924 android.view.ViewRootImpl$TraversalRunnable.run:12903 android.view.Choreographer$CallbackRecord.run:1901 android.view.Choreographer$CallbackRecord.run:1910
05-15 20:59:55.569 24090 24090 D VRI[MainActivity]@43a9cd5: Setup new sync=wmsSync-VRI[MainActivity]@43a9cd5#26
05-15 20:59:55.569 24090 24090 I VRI[MainActivity]@43a9cd5: Creating new active sync group VRI[MainActivity]@43a9cd5#27
05-15 20:59:55.570 24090 24090 D VRI[MainActivity]@43a9cd5: registerCallbacksForSync syncBuffer=false
05-15 20:59:55.570  1808  1808 I SurfaceFlinger: RequestedLayer [Surface(name=8f932e4 StatusBar)/@0xa[...]ion-leash of insets_animation#179706] hidden!! flag  from(1) --> to(0)
05-15 20:59:55.570  1808  1808 E SurfaceFlinger: alpha changed 1.000 -> 0.000 - Surface(name=8f932e4 StatusBar)/@0xabc478a - animation-leash of insets_animation#179706
05-15 20:59:55.570  1808  1808 I SurfaceFlinger: destroyed Surface(name=7a9d783 NavigationBar0)/@0x10e1471 - animation-leash of insets_animation#179690 form LifecycleManager
05-15 20:59:55.570  1808  1808 I SurfaceFlinger: [Surface(name=7a9d783 NavigationBar0)/@0x10e1471 - animation-leash of insets_animation#179707] attach to parent LayerHierarchy{RequestedLayerState{WindowToken{ec79b94 type=2019 android.os.BinderProxy@3619da6}#172956 parentId=34} 2 children}
05-15 20:59:55.570  1808  1808 I SurfaceFlinger: [LayerHierarchy{RequestedLayerState{7a9d783 NavigationBar0#172957 parentId=179707} 1 children}] reparent to LayerHierarchy{RequestedLayerState{Surface(name=7a9d783 NavigationBar0)/@0x10e1471 - animation-leash of insets_animation#179707 parentId=172956} 1 children}
05-15 20:59:55.570  1808  1808 I SurfaceFlinger: [LayerHierarchy{RequestedLayerState{8f932e4 StatusBar#172964 parentId=179706} 1 children}] reparent to LayerHierarchy{RequestedLayerState{Surface(name=8f932e4 StatusBar)/@0xabc478a - animation-leash of insets_animation#179706 parentId=172963} 1 children}
05-15 20:59:55.570  1808  1808 I SurfaceFlinger: [LayerHierarchy{RequestedLayerState{Surface(name=8f932e4 StatusBar)/@0xabc478a - animation-leash of insets_animation#179703} no children}] reparent to OffscreenRoot
05-15 20:59:55.570  1808  1808 I SurfaceFlinger: [LayerHierarchy{RequestedLayerState{Surface(name=8f932e4 StatusBar)/@0xabc478a - animation-leash of insets_animation#179703} no children}] RelativeParent to null
05-15 20:59:55.570  1808  1808 I SurfaceFlinger: [LayerHierarchy{RequestedLayerState{Surface(name=7a9d783 NavigationBar0)/@0x10e1471 - animation-leash of insets_animation#179704} no children}] reparent to OffscreenRoot
05-15 20:59:55.570  1808  1808 I SurfaceFlinger: [LayerHierarchy{RequestedLayerState{Surface(name=7a9d783 NavigationBar0)/@0x10e1471 - animation-leash of insets_animation#179704} no children}] RelativeParent to null
05-15 20:59:55.570  1808  1808 I SurfaceFlinger: [Surface(name=8f932e4 StatusBar)/@0xabc478a - animation-leash of insets_animation#179706] attach to parent LayerHierarchy{RequestedLayerState{WindowToken{68a9b23 type=2000 android.os.BinderProxy@abe78dd}#172963 parentId=17} 1 children}
05-15 20:59:55.570  1808  1808 I SurfaceFlinger: id=179690 onLayerDestroyed from LayerHierarchyBuilder(RequestedLayerState{Surface(name=7a9d783 NavigationBar0)/@0x10e1471 - animation-leash of insets_animation#179690 !handle})
05-15 20:59:55.572  1808  1808 I Layer   : id=179690 Destroyed Surface(name=7a9d783 NavigationBar0)/@0x10e1471 - animation-leash of insets_animation#179690
05-15 20:59:55.573  1808  4802 I SurfaceFlinger: id=179703 Removed Surface(name=8f932e4 StatusBar)/@0xabc478a - animation-leash of insets_animation#179703 (169)
05-15 20:59:55.573  1808  4802 I SurfaceFlinger: id=179704 Removed Surface(name=7a9d783 NavigationBar0)/@0x10e1471 - animation-leash of insets_animation#179704 (169)
05-15 20:59:55.574  1977  2142 D SurfaceComposerClient: setCornerRadius ## bca70da Splash Screen es.uniovi.recetasasturianas#179698 cornerRadius=0.000000
05-15 20:59:55.574  1977  2142 D SurfaceComposerClient: setCornerRadius ## 4454fea es.uniovi.recetasasturianas/es.uniovi.recetasasturianas.MainActivity#179702 cornerRadius=0.000000
05-15 20:59:55.574  1977  2142 D SurfaceComposerClient: setCornerRadius ## bca70da Splash Screen es.uniovi.recetasasturianas#179698 cornerRadius=0.000000
05-15 20:59:55.574  1977  2142 D SurfaceComposerClient: setCornerRadius ## 4454fea es.uniovi.recetasasturianas/es.uniovi.recetasasturianas.MainActivity#179702 cornerRadius=0.000000
05-15 20:59:55.575 11062 11062 I VRI[StatusBar]@613a967: handleResized, frames=ClientWindowFrames{frame=[0,0][1080,99] display=[0,0][1080,2340] parentFrame=[0,0][0,0]} displayId=0 dragResizing=false compatScale=1.0 frameChanged=false attachedFrameChanged=false configChanged=false displayChanged=false compatScaleChanged=false dragResizingChanged=false
05-15 20:59:55.575 11062 11062 I VRI[NavigationBar0]@e1dc51d: handleResized, frames=ClientWindowFrames{frame=[0,2196][1080,2340] display=[0,0][1080,2340] parentFrame=[0,0][0,0]} displayId=0 dragResizing=false compatScale=1.0 frameChanged=false attachedFrameChanged=false configChanged=false displayChanged=false compatScaleChanged=false dragResizingChanged=false
05-15 20:59:55.575 11062 11062 I VRI[ScreenDecorOverlay]@6f4609c: Resizing android.view.ViewRootImpl@48f9e69: frame = [0,0][1080,121] reportDraw = false forceLayout = false syncSeqId = -1
05-15 20:59:55.575 11062 11062 I VRI[ScreenDecorOverlayBottom]@8250f9b: Resizing android.view.ViewRootImpl@229441c: frame = [0,2219][1080,2340] reportDraw = false forceLayout = false syncSeqId = -1
05-15 20:59:55.575 11062 11493 I VRI[ScreenDecorOverlay]@6f4609c: handleResized, frames=ClientWindowFrames{frame=[0,0][1080,121] display=[0,0][1080,2340] parentFrame=[0,0][0,0]} displayId=0 dragResizing=false compatScale=1.0 frameChanged=false attachedFrameChanged=false configChanged=false displayChanged=false compatScaleChanged=false dragResizingChanged=false
05-15 20:59:55.575 11062 11493 I VRI[ScreenDecorOverlayBottom]@8250f9b: handleResized, frames=ClientWindowFrames{frame=[0,2219][1080,2340] display=[0,0][1080,2340] parentFrame=[0,0][0,0]} displayId=0 dragResizing=false compatScale=1.0 frameChanged=false attachedFrameChanged=false configChanged=false displayChanged=false compatScaleChanged=false dragResizingChanged=false
05-15 20:59:55.575  1808  1808 I SurfaceFlinger: destroyed Surface(name=8f932e4 StatusBar)/@0xabc478a - animation-leash of insets_animation#179703 form LifecycleManager
05-15 20:59:55.575  1808  1951 D SurfaceFlinger: [input] setFocusedWindow: 4454fea es.uniovi.recetasasturianas/es.uniovi.recetasasturianas.MainActivity
05-15 20:59:55.575  1808  1808 I SurfaceFlinger: destroyed Surface(name=7a9d783 NavigationBar0)/@0x10e1471 - animation-leash of insets_animation#179704 form LifecycleManager
05-15 20:59:55.575  1808  1808 I SurfaceFlinger: id=179703 onLayerDestroyed from LayerHierarchyBuilder(RequestedLayerState{Surface(name=8f932e4 StatusBar)/@0xabc478a - animation-leash of insets_animation#179703 !handle})
05-15 20:59:55.575  1808  1808 I SurfaceFlinger: id=179704 onLayerDestroyed from LayerHierarchyBuilder(RequestedLayerState{Surface(name=7a9d783 NavigationBar0)/@0x10e1471 - animation-leash of insets_animation#179704 !handle})
05-15 20:59:55.575  1977  6948 D InputDispatcher: Once focus requested (0): 4454fea es.uniovi.recetasasturianas/es.uniovi.recetasasturianas.MainActivity
05-15 20:59:55.575  1977  6948 D InputDispatcher: Focus request (0): 4454fea es.uniovi.recetasasturianas/es.uniovi.recetasasturianas.MainActivity but waiting because NO_WINDOW
05-15 20:59:55.576  6323  6323 I VRI[]@f636171: handleResized, frames=ClientWindowFrames{frame=[395,-13][685,145] display=[-100000,-100000][100000,100000] parentFrame=[0,0][0,0]} displayId=0 dragResizing=false compatScale=1.0 frameChanged=false attachedFrameChanged=false configChanged=false displayChanged=false compatScaleChanged=false dragResizingChanged=false
05-15 20:59:55.576  6323  6323 I VRI[]@d065a31: handleResized, frames=ClientWindowFrames{frame=[0,0][1080,115] display=[0,0][1080,2340] parentFrame=[0,0][0,0]} displayId=0 dragResizing=false compatScale=1.0 frameChanged=false attachedFrameChanged=false configChanged=false displayChanged=false compatScaleChanged=false dragResizingChanged=false
05-15 20:59:55.577  1808  1808 I Layer   : id=179703 Destroyed Surface(name=8f932e4 StatusBar)/@0xabc478a - animation-leash of insets_animation#179703
05-15 20:59:55.577  1808  1808 I Layer   : id=179704 Destroyed Surface(name=7a9d783 NavigationBar0)/@0x10e1471 - animation-leash of insets_animation#179704
05-15 20:59:55.578 24090 24176 D VRI[MainActivity]@43a9cd5: Received frameDrawingCallback syncResult=0 frameNum=1.
05-15 20:59:55.578 24090 24176 I VRI[MainActivity]@43a9cd5: mWNT: t=0xb400007df8d80dd0 mBlastBufferQueue=0xb400007e290a0880 fn= 1 HdrRenderState mRenderHdrSdrRatio=1.0 caller= android.view.ViewRootImpl$12.onFrameDraw:15441 android.view.ThreadedRenderer$1.onFrameDraw:718 <bottom of call stack>
05-15 20:59:55.578 24090 24176 I VRI[MainActivity]@43a9cd5: Setting up sync and frameCommitCallback
05-15 20:59:55.580 24090 24155 I BLASTBufferQueue: [VRI[MainActivity]@43a9cd5#9](f:0,a:0,s:0) onFrameAvailable the first frame is available
05-15 20:59:55.580 24090 24155 I SurfaceComposerClient: apply transaction with the first frame. layerId: 179705, bufferData(ID: 103465762160679, frameNumber: 1)
05-15 20:59:55.581 24090 24155 I VRI[MainActivity]@43a9cd5: Received frameCommittedCallback lastAttemptedDrawFrameNum=1 didProduceBuffer=true
05-15 20:59:55.581  1808  4802 I SurfaceFlinger: [es.uniovi.recetasasturianas/es.uniovi.recetasasturianas.MainActivity$_24090#179705] setTransactionState with the first frame. bufferData(ID: 103465762160679, frameNumber: 1)
05-15 20:59:55.582 24090 24155 D HWUI    : CFMS:: SetUp Pid : 24090    Tid : 24155
05-15 20:59:55.582 24090 24090 D VRI[MainActivity]@43a9cd5: reportDrawFinished seqId=0
05-15 20:59:55.582  1977  2142 D SurfaceComposerClient: setCornerRadius ## bca70da Splash Screen es.uniovi.recetasasturianas#179698 cornerRadius=0.000000
05-15 20:59:55.582  1977  2142 D SurfaceComposerClient: setCornerRadius ## 4454fea es.uniovi.recetasasturianas/es.uniovi.recetasasturianas.MainActivity#179702 cornerRadius=0.000000
05-15 20:59:55.583  1977  2142 D SurfaceComposerClient: setCornerRadius ## bca70da Splash Screen es.uniovi.recetasasturianas#179698 cornerRadius=0.000000
05-15 20:59:55.583 24090 24155 D HWUI    : HWUI - treat SMPTE_170M as sRGB
05-15 20:59:55.583 24090 24090 D RecipeListViewModel: loadRecipes() finalizado
05-15 20:59:55.583  1808  4802 I SurfaceFlinger: id=179708 createSurf, flag=24000, Surface(name=4454fea es.uniovi.recetasasturianas/es.uniovi.recetasasturianas.MainActivity)/@0x58af08e - animation-leash of starting_reveal#179708
05-15 20:59:55.583 24090 24090 D RecipeListViewModel: Dataset recibido: 78 recetas
05-15 20:59:55.584  1977  2142 D SurfaceComposerClient: setCornerRadius ## 4454fea es.uniovi.recetasasturianas/es.uniovi.recetasasturianas.MainActivity#179702 cornerRadius=0.000000
05-15 20:59:55.584 11062 11118 D ShellTaskOrganizer: removeStartingWindow, removalInfo=StartingWindowRemovalInfo{taskId=2394 frame=Rect(0, 0 - 1080, 2340) playRevealAnimation=true roundedCornerRadius=0.0 deferRemoveMode=0 windowlessSurface=false removeImmediately=false}
05-15 20:59:55.585  1977  2142 D SurfaceComposerClient: setCornerRadius ## bca70da Splash Screen es.uniovi.recetasasturianas#179698 cornerRadius=0.000000
05-15 20:59:55.585  1977  2142 D SurfaceComposerClient: setCornerRadius ## 4454fea es.uniovi.recetasasturianas/es.uniovi.recetasasturianas.MainActivity#179702 cornerRadius=0.000000
05-15 20:59:55.585  1977  2142 D SurfaceComposerClient: setCornerRadius ## bca70da Splash Screen es.uniovi.recetasasturianas#179698 cornerRadius=0.000000
05-15 20:59:55.585  1977  2142 D SurfaceComposerClient: setCornerRadius ## 4454fea es.uniovi.recetasasturianas/es.uniovi.recetasasturianas.MainActivity#179702 cornerRadius=0.000000
05-15 20:59:55.586  1977  2128 I PkgPredictorService-SecIpmManagerServiceImpl: reportToNAP uid:10625 es.uniovi.recetasasturianas/es.uniovi.recetasasturianas.MainActivity thisTime:114
05-15 20:59:55.586  1977  2128 D PkgPredictorService-SecIpmManagerServiceImpl: reportToNAP: mHeavyLaunchCounter is false
05-15 20:59:55.588  5896  6390 I SemDvfsHyPerManager: acquire hyper - BaseTABoost/5896@20, type = -999
05-15 20:59:55.588  1977  2128 I ActivityTaskManager: Displayed es.uniovi.recetasasturianas/.MainActivity for user 0: +114ms
05-15 20:59:55.588  4195 23188 I HoneySpace.RecentTasks: onRecentTasksChanged
05-15 20:59:55.588  4301  4301 E pageboostd: Received HALT command code 2
05-15 20:59:55.589  1808  1808 I SurfaceFlinger: [Surface(name=4454fea es.uniovi.recetasasturianas/es.uniovi.recetasasturianas.MainActivity)/@0x58af08e - animation-leash of starting_reveal#179708] attach to parent LayerHierarchy{RequestedLayerState{ActivityRecord{240184822 u0 es.uniovi.recetasasturianas/.MainActivity t2394}#179697 parentId=179696} 4 children}
05-15 20:59:55.590  1632  1829 I HYPER-HAL: [RequestManager.cpp]acquire(): Acquired ID : 17502506  [5896 / 20]    HINT :      list : [TABoost / 1]
05-15 20:59:55.590 24090 24090 D ConnectivityManager: StackLog: [android.net.ConnectivityManager.sendRequestForNetwork(ConnectivityManager.java:4740)] [android.net.ConnectivityManager.registerDefaultNetworkCallbackForUid(ConnectivityManager.java:5465)] [android.net.ConnectivityManager.registerDefaultNetworkCallback(ConnectivityManager.java:5432)] [android.net.ConnectivityManager.registerDefaultNetworkCallback(ConnectivityManager.java:5406)] [com.bumptech.glide.manager.SingletonConnectivityReceiver$FrameworkConnectivityMonitorPostApi24.register(SingletonConnectivityReceiver.java:191)] [com.bumptech.glide.manager.SingletonConnectivityReceiver.maybeRegisterReceiver(SingletonConnectivityReceiver.java:113)] [com.bumptech.glide.manager.SingletonConnectivityReceiver.register(SingletonConnectivityReceiver.java:94)] [com.bumptech.glide.manager.DefaultConnectivityMonitor.register(DefaultConnectivityMonitor.java:25)] [com.bumptech.glide.manager.DefaultConnectivityMonitor.onStart(DefaultConnectivityMonitor.java:34)] [com.bumptech.glide.manager.LifecycleLifecycle.addListener(LifecycleLifecycle.java:54)] [com.bumptech.glide.RequestManager.<init>(RequestManager.java:147)] [com.bumptech.glide.RequestManager.<init>(RequestManager.java:105)] [com.bumptech.glide.manager.RequestManagerRetriever$1.build(RequestManagerRetriever.java:292)] [com.bumptech.glide.manager.LifecycleRequestManagerRetriever.getOrCreate(LifecycleRequestManagerRetriever.java:43)] [com.bumptech.glide.manager.RequestManagerRetriever.get(RequestManagerRetriever.java:114)] [com.bumptech.glide.manager.RequestManagerRetriever.get(RequestManagerRetriever.java:92)] [com.bumptech.glide.Glide.with(Glide.java:545)] [es.uniovi.recetasasturianas.ui.list.RecipeAdapter$RecipeViewHolder.bind(RecipeAdapter.kt:126)] [es.uniovi.recetasasturianas.ui.list.RecipeAdapter.onBindViewHolder(RecipeAdapter.kt:76)] [es.uniovi.recetasasturianas.ui.list.RecipeAdapter.onBindViewHolder(RecipeAdapter.kt:27)] [androidx.recyclerview.widget.RecyclerView$Adapter.onBindViewHolder(RecyclerView.java:7065)] [androidx.recyclerview.widget.RecyclerView$Adapter.bindViewHolder(RecyclerView.java:7107)] [androidx.recyclerview.widget.RecyclerView$Recycler.tryBindViewHolderByDeadline(RecyclerView.java:6012)] [androidx.recyclerview.widget.RecyclerView$Recycler.tryGetViewHolderForPositionByDeadline(RecyclerView.java:6279)] [androidx.recyclerview.widget.RecyclerView$Recycler.getViewForPosition(RecyclerView.java:6118)] [androidx.recyclerview.widget.RecyclerView$Recycler.getViewForPosition(RecyclerView.java:6114)] [androidx.recyclerview.widget.LinearLayoutManager$LayoutState.next(LinearLayoutManager.java:2303)] [androidx.recyclerview.widget.LinearLayoutManager.layoutChunk(LinearLayoutManager.java:1627)] [androidx.recyclerview.widget.LinearLayoutManager.fill(LinearLayoutManager.java:1587)] [androidx.recyclerview.widget.LinearLayoutManager.onLayoutChildren(LinearLayoutManager.java:665)] [androidx.recyclerview.widget.RecyclerView.dispatchLayoutStep2(RecyclerView.java:4134)] [androidx.recyclerview.widget.RecyclerView.dispatchLayout(RecyclerView.java:3851)] [androidx.recyclerview.widget.RecyclerView.consumePendingUpdateOperations(RecyclerView.java:1897)] [androidx.recyclerview.widget.RecyclerView$1.run(RecyclerView.java:414)] [android.view.Choreographer$CallbackRecord.run(Choreographer.java:1901)] [android.view.Choreographer$CallbackRecord.run(Choreographer.java:1910)] [android.view.Choreographer.doCallbacks(Choreographer.java:1367)] [android.view.Choreographer.doFrame(Choreographer.java:1282)] [android.view.Choreographer$FrameDisplayEventReceiver.run(Choreographer.java:1870)]
05-15 20:59:55.591  1977  8796 D ConnectivityService: requestNetwork for uid/pid:10625/24090 activeRequest: null callbackRequest: 58612 [NetworkRequest [ REQUEST id=58613, [ Capabilities: INTERNET&NOT_RESTRICTED&TRUSTED&NOT_VCN_MANAGED&NOT_BANDWIDTH_CONSTRAINED Uid: 10625 RequestorUid: 10625 RequestorPkg: es.uniovi.recetasasturianas UnderlyingNetworks: Null] ]] callback flags: 0 order: 2147483647 isUidTracked: false declaredMethods: AVAIL|LOST
05-15 20:59:55.592  1977  3573 I WindowManager: Relayout Window{bca70da u0 Splash Screen es.uniovi.recetasasturianas}: viewVisibility=8 req=1080x2340 ty=3 d0
05-15 20:59:55.592 24090 24090 I MaterialCardView: Setting a custom background is not supported.
05-15 20:59:55.592  1977  3573 D SurfaceComposerClient: setCornerRadius ## 4454fea es.uniovi.recetasasturianas/es.uniovi.recetasasturianas.MainActivity#179702 cornerRadius=0.000000
05-15 20:59:55.593  1977  3160 D ConnectivityService:    accepting network in place of null for NetworkRequest [ REQUEST id=58613, [ Capabilities: INTERNET&NOT_RESTRICTED&TRUSTED&NOT_VCN_MANAGED&NOT_BANDWIDTH_CONSTRAINED Uid: 10625 RequestorUid: 10625 RequestorPkg: es.uniovi.recetasasturianas UnderlyingNetworks: Null] ]
05-15 20:59:55.593  2090  2090 I CameraService: onUidStateChanged: uid=10048, procState is changed. (1 -> 0)
05-15 20:59:55.594  1977  3160 D ConnectivityService: Rematched networks [computed 0ms] [applied 1ms] [issued 0]
05-15 20:59:55.594  1977  3160 D ConnectivityService: NetworkReassignment :
05-15 20:59:55.594  1977  3160 D ConnectivityService:   58613 : null → 2805
05-15 20:59:55.594  1977  3573 D SurfaceComposerClient: setCornerRadius ## bca70da Splash Screen es.uniovi.recetasasturianas#179698 cornerRadius=0.000000
05-15 20:59:55.594  1977  3573 D SurfaceComposerClient: setCornerRadius ## 4454fea es.uniovi.recetasasturianas/es.uniovi.recetasasturianas.MainActivity#179702 cornerRadius=0.000000
05-15 20:59:55.595  1977  3573 I WindowManager: Relayout hash=bca70da, pid=11062, syncId=-1: mAttrs={(0,0)(fillxfill) sim={adjust=pan} layoutInDisplayCutoutMode=always ty=APPLICATION_STARTING fmt=TRANSLUCENT wanim=0x1030317
05-15 20:59:55.595  1977  3573 I WindowManager:   fl=81030118
05-15 20:59:55.595  1977  3573 I WindowManager:   pfl=10000810
05-15 20:59:55.595  1977  3573 I WindowManager:   bhv=1
05-15 20:59:55.595  1977  3573 I WindowManager:   fitSides=0
05-15 20:59:55.595  1977  3573 I WindowManager:   frameRateBoostOnTouch=true
05-15 20:59:55.595  1977  3573 I WindowManager:   dvrrWindowFrameRateHint=true naviIconColor=0}
05-15 20:59:55.595 11062 11138 I InsetsController: onStateChanged: host=Splash Screen es.uniovi.recetasasturianas, from=android.view.ViewRootImpl.onInsetsStateChanged:3026, state=InsetsState: {mDisplayFrame=Rect(0, 0 - 1080, 2340), mDisplayCutout=DisplayCutout{insets=Rect(0, 99 - 0, 0) waterfall=Insets{left=0, top=0, right=0, bottom=0} boundingRect={Bounds=[Rect(0, 0 - 0, 0), Rect(505, 0 - 575, 99), Rect(0, 0 - 0, 0), Rect(0, 0 - 0, 0)]} cutoutPathParserInfo={CutoutPathParserInfo{displayWidth=1080 displayHeight=2340 physicalDisplayWidth=1080 physicalDisplayHeight=2340 density={3.0} cutoutSpec={M 0,0 M 0,29 a 35,35 0 1,0 0,70 a 35,35 0 1,0 0,-70 Z} rotation={0} scale={1.0} physicalPixelDisplaySizeRatio={1.0}}} sideOverrides={}}, mRoundedCorners=RoundedCorners{[RoundedCorner{position=TopLeft, radius=108, center=Point(108, 108)}, RoundedCorner{position=TopRight, radius=108, center=Point(972, 108)}, RoundedCorner{position=BottomRight, radius=108, center=Point(972, 2232)}, RoundedCorner{position=BottomLeft, radius=108, center=Point(108, 2232)}]}  mRoundedCornerFrame=Rect(0, 0 - 1080, 2340), mPrivacyIndicatorBounds=PrivacyIndicatorBounds {static bounds=Rect(948, 0 - 1080, 99) rotation=0}, mDisplayShape=DisplayShape{ spec=-311912193 displayWidth=1080 displayHeight=2340 physicalPixelDisplaySizeRatio=1.0 rotation=0 offsetX=0 offsetY=0 scale=1.0}, mSources= { InsetsSource: {b73a0001 mType=navigationBars mFrame=[0,0][0,0] mVisible=true mFlags=SUPPRESS_SCRIM mSideHint=NONE mBoundingRects=null}, InsetsSource: {b73a0004 mType=systemGestures mFrame=[0,0][90,2340] mVisible=true mFlags= mSideHint=LEFT mBoundingRects=null}, InsetsSource: {b73a0005 mType=mandatorySystemGestures mFrame=[0,2265][1080,2340] mVisible=true mFlags= mSideHint=BOTTOM mBoundingRects=null}, InsetsSource: {b73a0006 mType=tappableElement mFrame=[0,0][0,0] mVisible=true mFlags= mSideHint=NONE mBoundingRects=null}, InsetsSource: {b73a0024 mType=systemGestures mFrame=[990,0][1080,2340] mVisible=true mFlags= mSideHint=RIGHT mBoundingRects=null}, InsetsSource: {3 mType=ime mFrame=[0,0][0,0] mVisible=false mFlags= mSideHint=NONE mBoundingRects=null}, InsetsSource: {27 mType=displayCutout mFrame=[0,0][1080,99] mVisible=true mFlags= mSideHint=TOP mBoundingRects=null}, InsetsSource: {9260000 mType=statusBars mFrame=[0,0][1080,99] mVisible=true mFlags= mSideHint=TOP mBoundingRects=null}, InsetsSource: {9260005 mType=mandatorySystemGestures mFrame=[0,0][1080,135] mVisible=true mFlags= mSideHint=TOP mBoundingRects=null}, InsetsSource: {9260006 mType=tappableElement mFrame=[0,0][1080,99] mVisible=true mFlags= mSideHint=TOP mBoundingRects=null} }
05-15 20:59:55.596 11062 11138 I VRI[recetasasturianas]@791ca2b: onActiveControlsChanged, removed=false, mAdded=true, caller=android.view.ViewRootImpl.handleInsetsControlChanged:3002 android.view.ViewRootImpl.relayoutWindow:11629 android.view.ViewRootImpl.performTraversals:4804 android.view.ViewRootImpl.doTraversal:3924 android.view.ViewRootImpl$TraversalRunnable.run:12903
05-15 20:59:55.596 11062 11138 I VRI[recetasasturianas]@791ca2b: Relayout returned: old=(0,0,1080,2340) new=(0,0,1080,2340) relayoutAsync=false req=(1080,2340)8 dur=6 res=0x2 s={false 0x0} ch=true seqId=0
05-15 20:59:55.596 11062 11138 D VRI[recetasasturianas]@791ca2b: Not drawing due to not visible. Reason=View.GONE
05-15 20:59:55.596 11062 11138 W WindowOnBackDispatcher: sendCancelIfRunning: isInProgress=false callback=android.view.ViewRootImpl$$ExternalSyntheticLambda16@160de07
05-15 20:59:55.597 11062 11062 D SystemUIService: SYSUI_RAM_OPTIMIZATION onTrimMemory=20
05-15 20:59:55.597 11062 11062 D CentralSurfaces: SYSUI_RAM_OPTIMIZATION onTrimMemory=20
05-15 20:59:55.597 11062 11227 D HWUI    : CacheManager::trimMemory(20)
05-15 20:59:55.597  1808  1808 I SurfaceFlinger: [Display 0 name="Built-in Screen"#172933] setFrameRateCategory: High
05-15 20:59:55.597  1808  1808 I SurfaceFlinger: RequestedLayer [es.uniovi.recetasasturianas/es.uniov[...]sturianas.MainActivity$_24090#179705] hidden!! flag  from(1) --> to(0)
05-15 20:59:55.597  1808  1808 I SurfaceFlinger: [LayerHierarchy{RequestedLayerState{4454fea es.uniovi.recetasasturianas/es.uniovi.recetasasturianas.MainActivity#179702 parentId=179708} 1 children}] reparent to LayerHierarchy{RequestedLayerState{Surface(name=4454fea es.uniovi.recetasasturianas/es.uniovi.recetasasturianas.MainActivity)/@0x58af08e - animation-leash of starting_reveal#179708 parentId=179697} 1 children}
05-15 20:59:55.598 11062 11138 I VRI[recetasasturianas]@791ca2b: dispatchDetachedFromWindow
05-15 20:59:55.598  1977  6948 I SemDvfsHyPerManager: acquire hyper - AMS_RESUME_TAIL/1977@22, type = -999
05-15 20:59:55.598  1977  6948 I SemDvfsHyPerManager: acquire hyper - AMS_ACT_LAZY/1977@23, type = -999
05-15 20:59:55.598  1632  1829 I HYPER-HAL: [RequestManager.cpp]acquire(): Acquired ID : 1999022  [1977 / 22]    HINT : AMS_RESUME_TAIL    list :
05-15 20:59:55.599  1977  6948 D InputTransport: Input channel destroyed: 'bca70da', fd=1030
05-15 20:59:55.599  1977  6948 D SurfaceComposerClient: setCornerRadius ## 4454fea es.uniovi.recetasasturianas/es.uniovi.recetasasturianas.MainActivity#179702 cornerRadius=0.000000
05-15 20:59:55.599 24090 24090 I MaterialCardView: Setting a custom background is not supported.
