05-15 20:59:50.860 20661 20661 W WindowOnBackDispatcher: sendCancelIfRunning: isInProgress=false callback=b.TeCqMNUAa81tlGMLY@555456b
05-15 20:59:50.860  1632  1829 I HYPER-HAL: [RequestManager.cpp]releaseLocked(): Released ID : 2011043
05-15 20:59:50.860 20661 20661 I VRI[HomeActivity]@27ecfc4: stopped(true) old = false
05-15 20:59:50.860 20661 20661 D VRI[HomeActivity]@27ecfc4: WindowStopped on bitpit.launcher/bitpit.launcher.ui.HomeActivity set to true
05-15 20:59:50.860 24267 24267 D ViewRootImpl: Skipping stats log for color mode
05-15 20:59:50.860 24267 24267 I VRI[InstrumentationActivityInvoker$EmptyActivity]@89a0672: dispatchDetachedFromWindow
05-15 20:59:50.861  1977  6943 D InputTransport: Input channel destroyed: '79ff7b8', fd=1049
05-15 20:59:50.861 20661 20699 D HWUI    : CacheManager::trimMemory(20)
05-15 20:59:50.861  1977  6943 D SurfaceComposerClient: setCornerRadius ## 69737d6 es.uniovi.recetasasturianas/es.uniovi.recetasasturianas.MainActivity#179535 cornerRadius=0.000000
05-15 20:59:50.862  1977  6943 D SurfaceComposerClient: setCornerRadius ## 69737d6 es.uniovi.recetasasturianas/es.uniovi.recetasasturianas.MainActivity#179535 cornerRadius=0.000000
05-15 20:59:50.863 24267 24267 D InputTransport: Input channel destroyed: '79ff7b8', fd=124
05-15 20:59:50.865  1808  1897 I SurfaceFlinger: id=179519 Removed f52c32d ActivityRecordInputSink es.uniovi.recetasasturianas.test/androidx.test.core.app.InstrumentationActivityInvoker$EmptyActivity#179519 (163)
05-15 20:59:50.865  1808  4802 I SurfaceFlinger: id=179544 createSurf, flag=24004, Task=2383#179544
05-15 20:59:50.866  1808  1808 I SurfaceFlinger: [Task=2383#179544] attach to parent Root
05-15 20:59:50.867 23357 23357 I InputMethodService: scheduleImeSurfaceRemoval: removeImeSurface is posted.
05-15 20:59:50.867 20661 20661 I AutofillManager: onInvisibleForAutofill(): expiringResponse
05-15 20:59:50.867 12633 12673 I Routine@Core[4.9.04.16]: ActivityWatcherListenerImpl: onStopComponent: componentName - es.uniovi.recetasasturianas.test, userId: 0
05-15 20:59:50.869  1977  3573 I AppWidgetServiceImpl: stopListening callbacks : null
05-15 20:59:50.869 12633 12673 I Routine@Core[4.9.04.16]: Pref: putSharedPrefsData: key=condition_launch_app_data_resume_pkg, data.size=70
05-15 20:59:50.872  4195 23187 I HoneySpace.RecentTasks: onRunningTaskVanished
05-15 20:59:50.872  4195  4195 I HoneySpace.TaskStackChangeRepositoryImpl: onTaskRemoved : 2383
05-15 20:59:50.872  4195 23187 I HoneySpace.RecentTasks: onRecentTasksChanged
05-15 20:59:50.872  4195  4195 I HoneySpace.TaskStackChangeRepositoryImpl: onTaskRemoved : 2383
05-15 20:59:50.872  4195  4401 I HoneySpace.TopTaskSource: onTaskRemoved: 2383
05-15 20:59:50.873  4195  4195 I HoneySpace.TaskListViewModel[264452461]: taskRemoveId, 2383
05-15 20:59:50.873  4195  4195 W HoneySpace.TaskListViewModel[264452461]: task is already removed: 2383
05-15 20:59:50.873  4195  4195 I HoneySpace.TaskListViewModel[264452461]: taskRemoveId, 2383
05-15 20:59:50.873  4195  4195 W HoneySpace.TaskListViewModel[264452461]: task is already removed: 2383
05-15 20:59:50.875  1808  1808 I SurfaceFlinger: [LayerHierarchy{RequestedLayerState{es.uniovi.recetasasturianas.test/androidx.test.core.app.InstrumentationActivityInvoker$EmptyActivity$_24267#179514} no children}] reparent to OffscreenRoot
05-15 20:59:50.875  1808  1808 I SurfaceFlinger: [LayerHierarchy{RequestedLayerState{es.uniovi.recetasasturianas.test/androidx.test.core.app.InstrumentationActivityInvoker$EmptyActivity$_24267#179514} no children}] RelativeParent to null
05-15 20:59:50.875  1808  1808 I SurfaceFlinger: [LayerHierarchy{RequestedLayerState{Task=2383#179508 z=7} 1 children}] reparent to OffscreenRoot
05-15 20:59:50.875  1808  1808 I SurfaceFlinger: [LayerHierarchy{RequestedLayerState{Task=2383#179508 z=7} 1 children}] RelativeParent to null
05-15 20:59:50.875  1808  1808 I SurfaceFlinger: [LayerHierarchy{RequestedLayerState{ActivityRecord{45168115 u0 es.uniovi.recetasasturianas.test/androidx.test.core.app.InstrumentationActivityInvoker$EmptyActivity t2383}#179509} 2 children}] reparent to OffscreenRoot
05-15 20:59:50.875  1808  1808 I SurfaceFlinger: [LayerHierarchy{RequestedLayerState{ActivityRecord{45168115 u0 es.uniovi.recetasasturianas.test/androidx.test.core.app.InstrumentationActivityInvoker$EmptyActivity t2383}#179509} 2 children}] RelativeParent to null
05-15 20:59:50.875  1808  1808 I SurfaceFlinger: [LayerHierarchy{RequestedLayerState{79ff7b8 es.uniovi.recetasasturianas.test/androidx.test.core.app.InstrumentationActivityInvoker$EmptyActivity#179512} no children}] reparent to OffscreenRoot
05-15 20:59:50.875  1808  1808 I SurfaceFlinger: [LayerHierarchy{RequestedLayerState{79ff7b8 es.uniovi.recetasasturianas.test/androidx.test.core.app.InstrumentationActivityInvoker$EmptyActivity#179512} no children}] RelativeParent to null
05-15 20:59:50.875  1808  1808 I SurfaceFlinger: [LayerHierarchy{RequestedLayerState{Task=2383#179544 z=7} no children}] reparent to OffscreenRoot
05-15 20:59:50.875  1808  1808 I SurfaceFlinger: [LayerHierarchy{RequestedLayerState{Task=2383#179544 z=7} no children}] RelativeParent to null
05-15 20:59:50.875  1808  1808 I SurfaceFlinger: id=179544 Removed Task=2383#179544 (164)
05-15 20:59:50.875  1808  1808 I SurfaceFlinger: id=179509 Removed ActivityRecord{45168115 u0 es.uniovi.recetasasturianas.test/androidx.test.core.app.InstrumentationActivityInvoker$EmptyActivity t2383}#179509 (164)
05-15 20:59:50.875  1808  1808 I SurfaceFlinger: id=179512 Removed 79ff7b8 es.uniovi.recetasasturianas.test/androidx.test.core.app.InstrumentationActivityInvoker$EmptyActivity#179512 (164)
05-15 20:59:50.875  1808  1808 I SurfaceFlinger: id=179514 Removed es.uniovi.recetasasturianas.test/androidx.test.core.app.InstrumentationActivityInvoker$EmptyActivity$_24267#179514 (164)
05-15 20:59:50.876  4195  4401 I HoneySpace.TopTaskSource: onTaskRemoved: 2383
05-15 20:59:50.884  1808  1808 I SurfaceFlinger: destroyed es.uniovi.recetasasturianas.test/androidx.test.core.app.InstrumentationActivityInvoker$EmptyActivity$_24267#179514 form LifecycleManager
05-15 20:59:50.884  1808  1808 I SurfaceFlinger: destroyed Task=2383#179544 form LifecycleManager
05-15 20:59:50.884  1808  1808 I SurfaceFlinger: destroyed ActivityRecord{45168115 u0 es.uniovi.recetasasturianas.test/androidx.test.core.app.InstrumentationActivityInvoker$EmptyActivity t2383}#179509 form LifecycleManager
05-15 20:59:50.884  1808  1808 I SurfaceFlinger: destroyed 79ff7b8 es.uniovi.recetasasturianas.test/androidx.test.core.app.InstrumentationActivityInvoker$EmptyActivity#179512 form LifecycleManager
05-15 20:59:50.884  1808  1808 I SurfaceFlinger: destroyed f52c32d ActivityRecordInputSink es.uniovi.recetasasturianas.test/androidx.test.core.app.InstrumentationActivityInvoker$EmptyActivity#179519 form LifecycleManager
05-15 20:59:50.884  1808  1808 I SurfaceFlinger: id=179514 onLayerDestroyed from LayerHierarchyBuilder(RequestedLayerState{es.uniovi.recetasasturianas.test/androidx.test.core.app.InstrumentationActivityInvoker$EmptyActivity$_24267#179514 !handle})
05-15 20:59:50.884  1808  1808 I SurfaceFlinger: id=179544 onLayerDestroyed from LayerHierarchyBuilder(RequestedLayerState{Task=2383#179544 !handle z=7})
05-15 20:59:50.884  1808  1808 I SurfaceFlinger: id=179509 onLayerDestroyed from LayerHierarchyBuilder(RequestedLayerState{ActivityRecord{45168115 u0 es.uniovi.recetasasturianas.test/androidx.test.core.app.InstrumentationActivityInvoker$EmptyActivity t2383}#179509 !handle})
05-15 20:59:50.884  1808  1808 I SurfaceFlinger: id=179512 onLayerDestroyed from LayerHierarchyBuilder(RequestedLayerState{79ff7b8 es.uniovi.recetasasturianas.test/androidx.test.core.app.InstrumentationActivityInvoker$EmptyActivity#179512 !handle})
05-15 20:59:50.884  1808  1808 I SurfaceFlinger: id=179519 onLayerDestroyed from LayerHierarchyBuilder(RequestedLayerState{f52c32d ActivityRecordInputSink es.uniovi.recetasasturianas.test/androidx.test.core.app.InstrumentationActivityInvoker$EmptyActivity#179519 !handle z=-2147483648})
05-15 20:59:50.885 20661 20699 D HWUI    : CacheManager::trimMemory(20)
05-15 20:59:50.886  1977  8796 I WindowManager: Relayout Window{c5a06c0 u0 bitpit.launcher/bitpit.launcher.ui.HomeActivity}: viewVisibility=4 req=1080x2340 ty=1 d0
05-15 20:59:50.886  1977  8796 D SurfaceComposerClient: setCornerRadius ## 69737d6 es.uniovi.recetasasturianas/es.uniovi.recetasasturianas.MainActivity#179535 cornerRadius=0.000000
05-15 20:59:50.887  1977  8796 D SurfaceComposerClient: setCornerRadius ## 69737d6 es.uniovi.recetasasturianas/es.uniovi.recetasasturianas.MainActivity#179535 cornerRadius=0.000000
05-15 20:59:50.887  1808  1808 I Layer   : id=179514 Destroyed es.uniovi.recetasasturianas.test/androidx.test.core.app.InstrumentationActivityInvoker$EmptyActivity$_24267#179514
05-15 20:59:50.887  1808  1808 I Layer   : id=179544 Destroyed Task=2383#179544
05-15 20:59:50.887  1808  1808 I Layer   : id=179509 Destroyed ActivityRecord{45168115 u0 es.uniovi.recetasasturianas.test/androidx.test.core.app.InstrumentationActivityInvoker$EmptyActivity t2383}#179509
05-15 20:59:50.887  1808  1808 I Layer   : id=179512 Destroyed 79ff7b8 es.uniovi.recetasasturianas.test/androidx.test.core.app.InstrumentationActivityInvoker$EmptyActivity#179512
05-15 20:59:50.887  1808  1808 I Layer   : id=179519 Destroyed f52c32d ActivityRecordInputSink es.uniovi.recetasasturianas.test/androidx.test.core.app.InstrumentationActivityInvoker$EmptyActivity#179519
05-15 20:59:50.887  1977  8796 I WindowManager: Relayout hash=c5a06c0, pid=20661, syncId=-1: mAttrs={(0,0)(fillxfill) sim={state=always_hidden adjust=resize forwardNavigation} layoutInDisplayCutoutMode=always ty=BASE_APPLICATION fmt=TRANSPARENT wanim=0x1030317
05-15 20:59:50.887  1977  8796 I WindowManager:   fl=80910100
05-15 20:59:50.887  1977  8796 I WindowManager:   pfl=10008840
05-15 20:59:50.887  1977  8796 I WindowManager:   bhv=1
05-15 20:59:50.887  1977  8796 I WindowManager:   fitSides=0
05-15 20:59:50.887  1977  8796 I WindowManager:   frameRateBoostOnTouch=true
05-15 20:59:50.887  1977  8796 I WindowManager:   dvrrWindowFrameRateHint=true naviIconColor=0}
05-15 20:59:50.888 20661 20661 I VRI[HomeActivity]@27ecfc4: Relayout returned: old=(0,0,1080,2340) new=(0,0,1080,2340) relayoutAsync=false req=(1080,2340)4 dur=2 res=0x2 s={false 0x0} ch=false seqId=0
05-15 20:59:50.888 20661 20661 D VRI[HomeActivity]@27ecfc4: Not drawing due to not visible. Reason=View.INVISIBLE
05-15 20:59:50.889 12633 12673 I Routine@Core[4.9.04.16]: ActivityWatcherListenerImpl: onStopComponent: componentName - bitpit.launcher, userId: 0
05-15 20:59:50.890 20661 20661 I VRI[HomeActivity]@27ecfc4: handleAppVisibility mAppVisible = true visible = false
05-15 20:59:50.891 12633 12673 I Routine@Core[4.9.04.16]: Pref: putSharedPrefsData: key=condition_launch_app_data_resume_pkg, data.size=70
05-15 20:59:50.893  1808  1808 I SurfaceFlinger: [LayerHierarchy{RequestedLayerState{bitpit.launcher/bitpit.launcher.ui.HomeActivity$_20661#179524} no children}] reparent to OffscreenRoot
05-15 20:59:50.893  1808  1808 I SurfaceFlinger: [LayerHierarchy{RequestedLayerState{bitpit.launcher/bitpit.launcher.ui.HomeActivity$_20661#179524} no children}] RelativeParent to null
05-15 20:59:50.893  1977  2142 D SurfaceComposerClient: setCornerRadius ## 69737d6 es.uniovi.recetasasturianas/es.uniovi.recetasasturianas.MainActivity#179535 cornerRadius=0.000000
05-15 20:59:50.894  1977  2142 D SurfaceComposerClient: setCornerRadius ## 69737d6 es.uniovi.recetasasturianas/es.uniovi.recetasasturianas.MainActivity#179535 cornerRadius=0.000000
05-15 20:59:50.894  1977  2134 D PkgPredictorService-SecIpmManagerServiceImpl: bg information pid:20661 uid:10578 pkgName:bitpit.launcher
05-15 20:59:50.895  1808  1808 I SurfaceFlinger: id=179524 Removed bitpit.launcher/bitpit.launcher.ui.HomeActivity$_20661#179524 (159)
05-15 20:59:50.897 20661 20661 D BBA2    : setIsFg isFg = false; delayValue 3999ms
05-15 20:59:50.901  1808  1808 I SurfaceFlinger: destroyed bitpit.launcher/bitpit.launcher.ui.HomeActivity$_20661#179524 form LifecycleManager
05-15 20:59:50.901  1808  1808 I SurfaceFlinger: id=179524 onLayerDestroyed from LayerHierarchyBuilder(RequestedLayerState{bitpit.launcher/bitpit.launcher.ui.HomeActivity$_20661#179524 !handle})
05-15 20:59:50.903  1808  1808 I Layer   : id=179524 Destroyed bitpit.launcher/bitpit.launcher.ui.HomeActivity$_20661#179524
05-15 20:59:50.917  1795  1831 E HeatmapThread: ECT Thread time in milliseconds: 1778871590
05-15 20:59:50.917  1795  1831 D HeatmapThread: !@ batteryplugType : 0
05-15 20:59:50.917  1795  1831 D HeatmapThread: !@ batteryLevel : 0  batteryTemperature : 0
05-15 20:59:50.917  1795  1831 D HeatmapThread: !@ Heatmap currtime: 29647859
05-15 20:59:50.917  1795  1831 D HeatmapThread: !@ Heatmap prevtime: 29647842
05-15 20:59:50.917  1795  1831 D HeatmapThread: !@ Heatmap plugstarttime: 35791394
05-15 20:59:50.917  1795  1831 D HeatmapThread: !@ Heatmap prevv_dsoh_update_time: 29635503
05-15 20:59:50.918  1795  1831 E HeatmapThread: !@Could not open '/efs/FactoryApp/bsoh', errno = 13
05-15 20:59:50.918  1795  1831 E HeatmapThread: !@ CAM Could not access BSOH EFS
05-15 20:59:50.918  1795  1831 E HeatmapThread: !@ CAM New BSOH: 0
05-15 20:59:50.973  1977  1995 W System  : A resource failed to call release.
05-15 20:59:50.974  1977  1995 W System  : A resource failed to call release.
05-15 20:59:50.977 24090 24090 I ViewInteraction: Checking 'es.uniovi.recetasasturianas.RecipeDetailFragmentTest$$ExternalSyntheticLambda0@282a6b8' assertion on view view.getId() is <2131296655/es.uniovi.recetasasturianas:id/recycler_view>
05-15 20:59:50.979 24090 24090 I ViewInteraction: Performing 'actionOnItemAtPosition performing ViewAction: single click on item at position: 0' action on view view.getId() is <2131296655/es.uniovi.recetasasturianas:id/recycler_view>
05-15 20:59:50.984  1977  8796 D InputDispatcher: Inject motion (24090/10625): action=0x0, time=304069010000000, f=0x0, d=0 dsdx=1.000000 dtdx=0.000000
05-15 20:59:50.985  1977  2929 I InputDispatcher: Delivering touch to (11062): action: 0x4, f=0x0, d=0, '7a9d783', t=0
05-15 20:59:50.985  1977  2929 I InputDispatcher: Delivering touch to (24090): action: 0x0, f=0x0, d=0, '69737d6', t=0
05-15 20:59:50.985 24090 24090 I VRI[MainActivity]@4972095: ViewPostIme pointer 0
05-15 20:59:50.985  4195  4195 I HoneySpace.GestureInputHandler: inputConsumers = [com.honeyspace.gesture.inputconsumer.InputConsumer$Companion$NO_OP$1@44ea0c6]
05-15 20:59:50.985 24090 24090 I VRI[MainActivity]@4972095: call setFrameRateCategory for touch hint category=high hint, reason=touch, vri=VRI[MainActivity]@4972095
05-15 20:59:50.985  4195  4195 I HoneySpace.InputSession: inputConsumers = NO_OP
05-15 20:59:50.986  4195  4195 I HoneySpace.InputSession: open
05-15 20:59:50.986  1977  2134 I GestureDetector: obtain mCurrentDownEvent. id: -975429939 caller: com.android.server.wm.SystemGesturesPointerEventListener.onPointerEvent:17 com.android.server.wm.PointerEventDispatcher.onInputEvent:51 android.view.InputEventReceiver.dispatchInputEvent:392
05-15 20:59:50.986  1977  2134 I GestureDetector: obtain mCurrentDownEvent. id: -975429939 caller: com.android.server.wm.SystemPerformancePointerEventListener.onPointerEvent:13 com.android.server.wm.PointerEventDispatcher.onInputEvent:51 android.view.InputEventReceiver.dispatchInputEvent:392
05-15 20:59:50.987  5896  5896 I SemDvfsHyPerManager: acquire hyper - TABoost/5896@21, type = -999
05-15 20:59:50.987  1632  1829 I HYPER-HAL: [RequestManager.cpp]releaseLocked(): Released ID : 17508424
05-15 20:59:50.987  1632  1829 I HYPER-HAL: [RequestManager.cpp]acquire(): Acquired ID : 17508424  [5896 / 21]    HINT :      list : [TABoost / 1] [TIMEOUT / 1500]
05-15 20:59:50.991  1808  1808 I SurfaceFlinger: [es.uniovi.recetasasturianas/es.uniovi.recetasasturianas.MainActivity$_24090#179537] setFrameRateCategory: HighHint
05-15 20:59:51.025  1977  8796 D InputDispatcher: Inject motion (24090/10625): action=0x1, time=304069051000000, f=0x0, d=0 dsdx=1.000000 dtdx=0.000000
05-15 20:59:51.026  1977  2929 I InputDispatcher: Delivering touch to (24090): action: 0x1, f=0x0, d=0, '69737d6', t=0
05-15 20:59:51.026 24090 24090 I VRI[MainActivity]@4972095: ViewPostIme pointer 1
05-15 20:59:51.027  4195  4195 I HoneySpace.GestureInputHandler: reset
05-15 20:59:51.027  4195  4195 I HoneySpace.InputSession: close
05-15 20:59:51.027  1977  2134 I GestureDetector: obtain mCurrentMotionEventRaw. action: 1 id: -553853035
05-15 20:59:51.028  1977  2134 I GestureDetector: obtain mCurrentMotionEventRaw. action: 1 id: -553853035
05-15 20:59:51.034 24090 24090 W WindowOnBackDispatcher: OnBackInvokedCallback is not enabled for the application.
05-15 20:59:51.034 24090 24090 W WindowOnBackDispatcher: Set 'android:enableOnBackInvokedCallback="true"' in the application manifest.
05-15 20:59:51.137  1632 24362 I HYPER-HAL: [ResourceManager.cpp]removeResource(): [CPUMinFreq] RemoveResource Request ID : 1999022
05-15 20:59:51.137  1632 24362 I HYPER-HAL: [RequestManager.cpp]releaseLocked(): Released ID : 1999022
05-15 20:59:51.285  1977  1977 I GestureDetector: handleMessage TAP
05-15 20:59:51.286  1977  2134 I GestureDetector: handleMessage TAP
05-15 20:59:51.358  1632 24363 I HYPER-HAL: [ResourceManager.cpp]removeResource(): [CPUMinFreq] RemoveResource Request ID : 2013050
05-15 20:59:51.358  1632 24363 I HYPER-HAL: [RequestManager.cpp]releaseLocked(): Released ID : 2013050
05-15 20:59:51.367 23357 23357 I InputMethodService: removeImeSurface
05-15 20:59:51.367 23357 23357 I InputMethodService: cancelImeSurfaceRemoval: removeCallbacks
05-15 20:59:51.375  1632 24342 I HYPER-HAL: [RequestManager.cpp]releaseLocked(): Released ID : 3944836
05-15 20:59:51.584 24090 24090 I ViewInteraction: Checking 'MatchesViewAssertion{viewMatcher=(view has effective visibility <VISIBLE> and view.getGlobalVisibleRect() to return non-empty rectangle)}' assertion on view view.getId() is <2131296764/es.uniovi.recetasasturianas:id/text_name>
05-15 20:59:51.585 24090 24090 I ViewInteraction: Checking 'MatchesViewAssertion{viewMatcher=(view has effective visibility <VISIBLE> and view.getGlobalVisibleRect() to return non-empty rectangle)}' assertion on view view.getId() is <2131296771/es.uniovi.recetasasturianas:id/text_restaurant>
05-15 20:59:51.587 24090 24090 I ViewInteraction: Checking 'MatchesViewAssertion{viewMatcher=view has effective visibility <VISIBLE>}' assertion on view view.getId() is <2131296759/es.uniovi.recetasasturianas:id/text_ingredients>
05-15 20:59:51.589 24090 24090 I ViewInteraction: Checking 'MatchesViewAssertion{viewMatcher=view has effective visibility <VISIBLE>}' assertion on view view.getId() is <2131296768/es.uniovi.recetasasturianas:id/text_preparation>
05-15 20:59:51.595  1977  4243 I SemDvfsHyPerManager: acquire hyper - AMS_APP_SWITCH/1977@28, type = -999
05-15 20:59:51.595  1632  1829 I HYPER-HAL: [RequestManager.cpp]acquire(): Acquired ID : 2011043  [1977 / 28]    HINT : AMS_APP_SWITCH    list :
05-15 20:59:51.595  1632  1829 I HYPER-HAL: [ResourceManager.cpp]updateResource(): [CPULittleMinFreq] UpdateResource Request ID : 2011043    Value : 1804800
05-15 20:59:51.595  5896  5896 I SemDvfsHyPerManager: acquire hyper - APP_START_SHORT/5896@15, type = -999
05-15 20:59:51.595  1808  2497 I SurfaceFlinger: id=179545 createSurf, flag=24004, Task=2385#179545
05-15 20:59:51.598  1808  2497 I SurfaceFlinger: id=179546 createSurf, flag=84004, ActivityRecord{72596606 u0 es.uniovi.recetasasturianas.test/androidx.test.core.app.InstrumentationActivityInvoker$EmptyActivity t2385}#179546
05-15 20:59:51.599  1632  1829 I HYPER-HAL: [ResourceManager.cpp]updateResource(): [CPUMinFreq] UpdateResource Request ID : 2011043    Value : 2841600
05-15 20:59:51.600  1632  1829 I HYPER-HAL: [RequestManager.cpp]acquire(): Acquired ID : 17472931  [5896 / 15]    HINT : APP_START    list : [TIMEOUT / 1500]
05-15 20:59:51.600  1632  1829 I HYPER-HAL: [ResourceManager.cpp]updateResource(): [CPUMaxFreq] UpdateResource Request ID : 17472931    Value : 2841600
05-15 20:59:51.602 11062 11138 D ViewRootImpl: desktopMode is false
05-15 20:59:51.602 11062 11138 I ViewRootImpl: dVRR is disabled
05-15 20:59:51.603  1977  8796 I SemDvfsHyPerManager: acquire hyper - AMS_APP_LAUNCH/1977@21, type = -999
05-15 20:59:51.603  4301  4301 E pageboostd: Received HALT command code 2
05-15 20:59:51.603 11062 11227 D NativeCustomFrequencyManager: [NativeCFMS] BpCustomFrequencyManager::BpCustomFrequencyManager()
05-15 20:59:51.605  5896  5896 I SemDvfsHyPerManager: acquire hyper - APP_START/5896@17, type = -999
05-15 20:59:51.605  1632  1829 I HYPER-HAL: [RequestManager.cpp]acquire(): Acquired ID : 1997022  [1977 / 21]    HINT : AMS_APP_LAUNCH    list :
05-15 20:59:51.605  1977  8796 D InputTransport: Input channel constructed: '2a297a9', fd=1030
05-15 20:59:51.605  1977  8796 D InputTransport: Input channel constructed: '2a297a9', fd=1049
05-15 20:59:51.605  1977  8796 D InputTransport: Input channel constructed: '2a297a9', fd=1134
05-15 20:59:51.605  1977  8796 D InputTransport: Input channel destroyed: '2a297a9', fd=1049
05-15 20:59:51.606  1632  1829 I HYPER-HAL: [ResourceManager.cpp]updateResource(): [CPULittleMinFreq] UpdateResource Request ID : 1997022    Value : 1804800
05-15 20:59:51.606  1632  1829 I HYPER-HAL: [ResourceManager.cpp]updateResource(): [CPUMinFreq] UpdateResource Request ID : 1997022    Value : 2841600
05-15 20:59:51.606  1808  2497 I SurfaceFlinger: id=179547 createSurf, flag=84004, 2a297a9 Splash Screen es.uniovi.recetasasturianas.test#179547
05-15 20:59:51.606 11062 11118 D ShellDesktopMode: handleRequest: TransitionRequestInfo {type=1, tid=2385, debugId=14579}
05-15 20:59:51.606  1632  1829 I HYPER-HAL: [RequestManager.cpp]acquire(): Acquired ID : 17484758  [5896 / 17]    HINT : APP_START    list :
05-15 20:59:51.606  1632  1829 I HYPER-HAL: [ResourceManager.cpp]updateResource(): [CPUMaxFreq] UpdateResource Request ID : 17484758    Value : 2841600
05-15 20:59:51.607  1977  8796 D InputTransport: Input channel destroyed: '2a297a9', fd=1134
05-15 20:59:51.608 11062 11138 D InputTransport: Input channel constructed: '2a297a9', fd=446
05-15 20:59:51.608 11062 11138 I InsetsController: onStateChanged: host=Splash Screen es.uniovi.recetasasturianas.test, from=android.view.ViewRootImpl.onInsetsStateChanged:3026, state=InsetsState: {mDisplayFrame=Rect(0, 0 - 1080, 2340), mDisplayCutout=DisplayCutout{insets=Rect(0, 99 - 0, 0) waterfall=Insets{left=0, top=0, right=0, bottom=0} boundingRect={Bounds=[Rect(0, 0 - 0, 0), Rect(505, 0 - 575, 99), Rect(0, 0 - 0, 0), Rect(0, 0 - 0, 0)]} cutoutPathParserInfo={CutoutPathParserInfo{displayWidth=1080 displayHeight=2340 physicalDisplayWidth=1080 physicalDisplayHeight=2340 density={3.0} cutoutSpec={M 0,0 M 0,29 a 35,35 0 1,0 0,70 a 35,35 0 1,0 0,-70 Z} rotation={0} scale={1.0} physicalPixelDisplaySizeRatio={1.0}}} sideOverrides={}}, mRoundedCorners=RoundedCorners{[RoundedCorner{position=TopLeft, radius=108, center=Point(108, 108)}, RoundedCorner{position=TopRight, radius=108, center=Point(972, 108)}, RoundedCorner{position=BottomRight, radius=108, center=Point(972, 2232)}, RoundedCorner{position=BottomLeft, radius=108, center=Point(108, 2232)}]}  mRoundedCornerFrame=Rect(0, 0 - 1080, 2340), mPrivacyIndicatorBounds=PrivacyIndicatorBounds {static bounds=Rect(948, 0 - 1080, 99) rotation=0}, mDisplayShape=DisplayShape{ spec=-311912193 displayWidth=1080 displayHeight=2340 physicalPixelDisplaySizeRatio=1.0 rotation=0 offsetX=0 offsetY=0 scale=1.0}, mSources= { InsetsSource: {b73a0001 mType=navigationBars mFrame=[0,0][0,0] mVisible=true mFlags=SUPPRESS_SCRIM mSideHint=NONE mBoundingRects=null}, InsetsSource: {b73a0004 mType=systemGestures mFrame=[0,0][90,2340] mVisible=true mFlags= mSideHint=LEFT mBoundingRects=null}, InsetsSource: {b73a0005 mType=mandatorySystemGestures mFrame=[0,2265][1080,2340] mVisible=true mFlags= mSideHint=BOTTOM mBoundingRects=null}, InsetsSource: {b73a0006 mType=tappableElement mFrame=[0,0][0,0] mVisible=true mFlags= mSideHint=NONE mBoundingRects=null}, InsetsSource: {b73a0024 mType=systemGestures mFrame=[990,0][1080,2340] mVisible=true mFlags= mSideHint=RIGHT mBoundingRects=null}, InsetsSource: {27 mType=displayCutout mFrame=[0,0][1080,99] mVisible=true mFlags= mSideHint=TOP mBoundingRects=null}, InsetsSource: {9260000 mType=statusBars mFrame=[0,0][1080,99] mVisible=true mFlags= mSideHint=TOP mBoundingRects=null}, InsetsSource: {9260005 mType=mandatorySystemGestures mFrame=[0,0][1080,135] mVisible=true mFlags= mSideHint=TOP mBoundingRects=null}, InsetsSource: {9260006 mType=tappableElement mFrame=[0,0][1080,99] mVisible=true mFlags= mSideHint=TOP mBoundingRects=null} }
05-15 20:59:51.608 11062 11138 I VRI[test]@86696cc: onActiveControlsChanged, removed=false, mAdded=true, caller=android.view.ViewRootImpl.handleInsetsControlChanged:3002 android.view.ViewRootImpl.setView:2014 android.view.WindowManagerGlobal.addView:604 com.android.wm.shell.startingsurface.SplashscreenWindowCreator.addWindow:38 com.android.wm.shell.startingsurface.StartingWindowController$$ExternalSyntheticLambda4.run:1365
05-15 20:59:51.609  1808  1808 I SurfaceFlinger: [Display 0 name="Built-in Screen"#172933] setFrameRateCategory: High
05-15 20:59:51.609  1808  1808 I SurfaceFlinger: [Task=2385#179545] attach to parent LayerHierarchy{RequestedLayerState{DefaultTaskDisplayArea_d0#172934 parentId=9} 11 children}
05-15 20:59:51.609  1808  1808 I SurfaceFlinger: [ActivityRecord{72596606 u0 es.uniovi.recetasasturianas.test/androidx.test.core.app.InstrumentationActivityInvoker$EmptyActivity t2385}#179546] attach to parent LayerHierarchy{RequestedLayerState{Task=2385#179545 parentId=172934} 1 children}
05-15 20:59:51.609  1808  1808 I SurfaceFlinger: [2a297a9 Splash Screen es.uniovi.recetasasturianas.test#179547] attach to parent LayerHierarchy{RequestedLayerState{ActivityRecord{72596606 u0 es.uniovi.recetasasturianas.test/androidx.test.core.app.InstrumentationActivityInvoker$EmptyActivity t2385}#179546 parentId=179545} 1 children}
05-15 20:59:51.609 24090 24090 D LifecycleMonitor: Lifecycle status change: es.uniovi.recetasasturianas.MainActivity@9db5282 in: PAUSED
05-15 20:59:51.609 24090 24090 V ActivityScenario: Update currentActivityStage to PAUSED, currentActivity=es.uniovi.recetasasturianas.MainActivity@9db5282
05-15 20:59:51.611  1977  6943 D InputDispatcher: Focused application(0): ActivityRecord{72596606 u0 es.uniovi.recetasasturianas.test/androidx.test.core.app.InstrumentationActivityInvoker$EmptyActivity t2385}
05-15 20:59:51.612  2090  2090 I CameraService: onUidStateChanged: uid=10048, procState is changed. (0 -> 1)
05-15 20:59:51.612 11062 11138 I VRI[test]@86696cc: synced displayState. AttachInfo displayState=2
05-15 20:59:51.612  1977  6943 D SurfaceComposerClient: setCornerRadius ## 2a297a9 Splash Screen es.uniovi.recetasasturianas.test#179547 cornerRadius=0.000000
05-15 20:59:51.613  1977  6943 D SurfaceComposerClient: setCornerRadius ## 2a297a9 Splash Screen es.uniovi.recetasasturianas.test#179547 cornerRadius=0.000000
05-15 20:59:51.613  4195 23188 I HoneySpace.RecentTasks: onRecentTasksChanged
05-15 20:59:51.614  4195 30507 I HoneySpace.RecentTasks: onRecentTasksChanged
05-15 20:59:51.614  1977  6950 D GraphicsStatsService: requestRenderEngineFor(es.uniovi.recetasasturianas.test)
05-15 20:59:51.614 12633 12673 I Routine@Core[4.9.04.16]: ActivityWatcherListenerImpl: onPauseComponent: componentName - es.uniovi.recetasasturianas, userId: 0
05-15 20:59:51.615 12633 12673 I Routine@Core[4.9.04.16]: Pref: removeSharedPrefsData() key=condition_launch_app_data_resume_pkg
05-15 20:59:51.615 24267 24288 I AdrenoGLES-0: QUALCOMM build                   : c62cb5db3a, I2ae86c79d4
05-15 20:59:51.615 24267 24288 I AdrenoGLES-0: Build Date                       : 09/12/25
05-15 20:59:51.615 24267 24288 I AdrenoGLES-0: OpenGL ES Shader Compiler Version: EV031.35.01.12
05-15 20:59:51.615 24267 24288 I AdrenoGLES-0: Local Branch                     :
05-15 20:59:51.615 24267 24288 I AdrenoGLES-0: Remote Branch                    : refs/tags/AU_LINUX_ANDROID_LA.UM.9.14.11.00.00.571.148
05-15 20:59:51.615 24267 24288 I AdrenoGLES-0: Remote Branch                    : NONE
05-15 20:59:51.615 24267 24288 I AdrenoGLES-0: Reconstruct Branch               : NOTHING
05-15 20:59:51.615 24267 24288 I AdrenoGLES-0: Build Config                     : S P 10.0.7 AArch64
05-15 20:59:51.615  1977  3186 D AS.MultiSoundManager: mForegroundUid = 10626
05-15 20:59:51.615 24267 24288 I AdrenoGLES-0: Driver Path                      : /vendor/lib64/egl/libGLESv2_adreno.so
05-15 20:59:51.616  1977  2134 D PkgPredictorService-SecIpmManagerServiceImpl: onForegroundActivitiesChanged pid:24267 uid:10626
05-15 20:59:51.616  1977  4221 V PkgPredictorService-SecIpmManagerServiceImpl: discard foreground app:es.uniovi.recetasasturianas.test 1|true
05-15 20:59:51.616  4195  4401 I HoneySpace.TopTaskSource: onTaskMovedToFront : taskId = 2385, displayId = 0
05-15 20:59:51.617 11062 11138 I VRI[test]@86696cc: setView = android.widget.FrameLayout@6771cf6 IsHRR=false mFlingFrameRateChange=0 TM=true
05-15 20:59:51.617  1808  1808 I SurfaceFlinger: [LayerHierarchy{RequestedLayerState{ImeContainer#15 parentId=179528 relativeParentId=179528 z=1} 1 children}] RelativeParent to null
05-15 20:59:51.617 11062 11227 D HWUI    : HWUI - treat SMPTE_170M as sRGB
05-15 20:59:51.618  1808  1808 I BpBinder: onLastStrongRef automatically unlinking death recipients:
05-15 20:59:51.618  1977  2134 D NetworkPolicy: already checked 10626
05-15 20:59:51.618  1977  2134 D NetworkPolicy: already checked 10626
05-15 20:59:51.619  4195  4403 I HoneySpace.TopTaskUseCase: topTasks 2385 ComponentInfo{es.uniovi.recetasasturianas.test/androidx.test.core.app.InstrumentationActivityInvoker$EmptyActivity}[displayId=0]
05-15 20:59:51.620  1977  6941 I WindowManager: Relayout Window{2a297a9 u0 Splash Screen es.uniovi.recetasasturianas.test}: viewVisibility=0 req=1080x2340 ty=3 d0
05-15 20:59:51.620 11062 11062 I {OngoingActivityController}: onTaskFocusChanged but OA data is empty
05-15 20:59:51.620  1808  4802 I SurfaceFlinger: id=179548 createSurf, flag=44004, Splash Screen es.uniovi.recetasasturianas.test$_11062#179548
05-15 20:59:51.621  4195  4401 I HoneySpace.TopTaskSource: onTaskFocusChanged(): taskId = 2385
05-15 20:59:51.621  1977  6941 D SurfaceComposerClient: setCornerRadius ## 2a297a9 Splash Screen es.uniovi.recetasasturianas.test#179547 cornerRadius=0.000000
05-15 20:59:51.621  1977  6941 D SurfaceComposerClient: setCornerRadius ## 2a297a9 Splash Screen es.uniovi.recetasasturianas.test#179547 cornerRadius=0.000000
05-15 20:59:51.622  1977  6941 I WindowManager: Relayout hash=2a297a9, pid=11062, syncId=-1: mAttrs={(0,0)(fillxfill) sim={adjust=pan} layoutInDisplayCutoutMode=always ty=APPLICATION_STARTING fmt=TRANSLUCENT
05-15 20:59:51.622  1977  6941 I WindowManager:   fl=81030118
05-15 20:59:51.622  1977  6941 I WindowManager:   pfl=10000810
05-15 20:59:51.622  1977  6941 I WindowManager:   apr=18
05-15 20:59:51.622  1977  6941 I WindowManager:   bhv=1
05-15 20:59:51.622  1977  6941 I WindowManager:   fitSides=0
05-15 20:59:51.622  1977  6941 I WindowManager:   frameRateBoostOnTouch=true
05-15 20:59:51.622  1977  6941 I WindowManager:   dvrrWindowFrameRateHint=true naviIconColor=0}
05-15 20:59:51.622 12633 21222 I Routine@Core[4.9.04.16]: ModeOrderObserver: ModeOrderObserver:onChange: uri content://com.samsung.android.app.routines.routineprovider/preference
05-15 20:59:51.623 24267 24288 I AdrenoGLES-0: PFP: 0x016dc094, ME: 0x00000000
05-15 20:59:51.623 24267 24267 I DecorView: setWindowBackground: isPopOver=false color=ffffffff d=android.graphics.drawable.ColorDrawable@72319a5
05-15 20:59:51.625 11062 11138 I InsetsController: onStateChanged: host=Splash Screen es.uniovi.recetasasturianas.test, from=android.view.ViewRootImpl.onInsetsStateChanged:3026, state=InsetsState: {mDisplayFrame=Rect(0, 0 - 1080, 2340), mDisplayCutout=DisplayCutout{insets=Rect(0, 99 - 0, 0) waterfall=Insets{left=0, top=0, right=0, bottom=0} boundingRect={Bounds=[Rect(0, 0 - 0, 0), Rect(505, 0 - 575, 99), Rect(0, 0 - 0, 0), Rect(0, 0 - 0, 0)]} cutoutPathParserInfo={CutoutPathParserInfo{displayWidth=1080 displayHeight=2340 physicalDisplayWidth=1080 physicalDisplayHeight=2340 density={3.0} cutoutSpec={M 0,0 M 0,29 a 35,35 0 1,0 0,70 a 35,35 0 1,0 0,-70 Z} rotation={0} scale={1.0} physicalPixelDisplaySizeRatio={1.0}}} sideOverrides={}}, mRoundedCorners=RoundedCorners{[RoundedCorner{position=TopLeft, radius=108, center=Point(108, 108)}, RoundedCorner{position=TopRight, radius=108, center=Point(972, 108)}, RoundedCorner{position=BottomRight, radius=108, center=Point(972, 2232)}, RoundedCorner{position=BottomLeft, radius=108, center=Point(108, 2232)}]}  mRoundedCornerFrame=Rect(0, 0 - 1080, 2340), mPrivacyIndicatorBounds=PrivacyIndicatorBounds {static bounds=Rect(948, 0 - 1080, 99) rotation=0}, mDisplayShape=DisplayShape{ spec=-311912193 displayWidth=1080 displayHeight=2340 physicalPixelDisplaySizeRatio=1.0 rotation=0 offsetX=0 offsetY=0 scale=1.0}, mSources= { InsetsSource: {b73a0001 mType=navigationBars mFrame=[0,0][0,0] mVisible=true mFlags=SUPPRESS_SCRIM mSideHint=NONE mBoundingRects=null}, InsetsSource: {b73a0004 mType=systemGestures mFrame=[0,0][90,2340] mVisible=true mFlags= mSideHint=LEFT mBoundingRects=null}, InsetsSource: {b73a0005 mType=mandatorySystemGestures mFrame=[0,2265][1080,2340] mVisible=true mFlags= mSideHint=BOTTOM mBoundingRects=null}, InsetsSource: {b73a0006 mType=tappableElement mFrame=[0,0][0,0] mVisible=true mFlags= mSideHint=NONE mBoundingRects=null}, InsetsSource: {b73a0024 mType=systemGestures mFrame=[990,0][1080,2340] mVisible=true mFlags= mSideHint=RIGHT mBoundingRects=null}, InsetsSource: {3 mType=ime mFrame=[0,0][0,0] mVisible=false mFlags= mSideHint=NONE mBoundingRects=null}, InsetsSource: {27 mType=displayCutout mFrame=[0,0][1080,99] mVisible=true mFlags= mSideHint=TOP mBoundingRects=null}, InsetsSource: {9260000 mType=statusBars mFrame=[0,0][1080,99] mVisible=true mFlags= mSideHint=TOP mBoundingRects=null}, InsetsSource: {9260005 mType=mandatorySystemGestures mFrame=[0,0][1080,135] mVisible=true mFlags= mSideHint=TOP mBoundingRects=null}, InsetsSource: {9260006 mType=tappableElement mFrame=[0,0][1080,99] mVisible=true mFlags= mSideHint=TOP mBoundingRects=null} }
05-15 20:59:51.626 24267 24267 D ViewRootImpl: desktopMode is false
05-15 20:59:51.626 24267 24267 I ViewRootImpl: dVRR is disabled
05-15 20:59:51.626  1808  1951 D SurfaceFlinger: [input] setFocusedWindow: <null>
05-15 20:59:51.626 11062 11138 I VRI[test]@86696cc: onActiveControlsChanged, removed=false, mAdded=true, caller=android.view.ViewRootImpl.handleInsetsControlChanged:3002 android.view.ViewRootImpl.relayoutWindow:11629 android.view.ViewRootImpl.performTraversals:4804 android.view.ViewRootImpl.doTraversal:3924 android.view.ViewRootImpl$TraversalRunnable.run:12903
05-15 20:59:51.626  1977  6950 D InputDispatcher: Focus left window (0): 69737d6 es.uniovi.recetasasturianas/es.uniovi.recetasasturianas.MainActivity
05-15 20:59:51.627 24090 24090 I ImeFocusController: onPreWindowFocus: skipped hasWindowFocus=false mHasImeFocus=true
05-15 20:59:51.627 11062 11138 W libc    : Access denied finding property "vendor.display.enable_optimal_refresh_rate"
05-15 20:59:51.627 11062 11138 I BufferQueueProducer: [](id:2b3600000143,api:0,p:1222583920,c:11062) setDequeueTimeout:2077252342
05-15 20:59:51.628  1977  6943 D InputDispatcher: Once focus requested (0): <null>
05-15 20:59:51.628 24090 24090 I ImeFocusController: onPostWindowFocus: skipped hasWindowFocus=false mHasImeFocus=true
05-15 20:59:51.628 11062 11138 I BLASTBufferQueue_Java: new BLASTBufferQueue, mName= VRI[test]@86696cc mNativeObject= 0xb400007e28d725d0 caller= android.view.ViewRootImpl.updateBlastSurfaceIfNeeded:3585 android.view.ViewRootImpl.relayoutWindow:11685 android.view.ViewRootImpl.performTraversals:4804 android.view.ViewRootImpl.doTraversal:3924 android.view.ViewRootImpl$TraversalRunnable.run:12903 android.view.Choreographer$CallbackRecord.run:1901 android.view.Choreographer$CallbackRecord.run:1910 android.view.Choreographer.doCallbacks:1367 android.view.Choreographer.doFrame:1292 android.view.Choreographer$FrameDisplayEventReceiver.run:1870
05-15 20:59:51.628 11062 11138 I BLASTBufferQueue_Java: update, w= 1080 h= 2340 mName = VRI[test]@86696cc mNativeObject= 0xb400007e28d725d0 sc.mNativeObject= 0xb400007ea8da6cd0 format= -3 caller= android.view.ViewRootImpl.updateBlastSurfaceIfNeeded:3590 android.view.ViewRootImpl.relayoutWindow:11685 android.view.ViewRootImpl.performTraversals:4804 android.view.ViewRootImpl.doTraversal:3924 android.view.ViewRootImpl$TraversalRunnable.run:12903 android.view.Choreographer$CallbackRecord.run:1901
05-15 20:59:51.629 11062 11138 W libc    : Access denied finding property "vendor.display.enable_optimal_refresh_rate"
05-15 20:59:51.629 11062 11138 I VRI[test]@86696cc: Relayout returned: old=(0,0,1080,2340) new=(0,0,1080,2340) relayoutAsync=false req=(1080,2340)0 dur=8 res=0x3 s={true 0xb400007de8fba5e0} ch=true seqId=0
05-15 20:59:51.629 24267 24288 D NativeCustomFrequencyManager: [NativeCFMS] BpCustomFrequencyManager::BpCustomFrequencyManager()
05-15 20:59:51.629 11062 11138 I VRI[test]@86696cc: performConfigurationChange setNightDimText nightDimLevel=0
05-15 20:59:51.630 11062 11138 D VRI[test]@86696cc: mThreadedRenderer.initialize() mSurface={isValid=true 0xb400007de8fba5e0} hwInitialized=true
05-15 20:59:51.630 11062 11138 D VRI[test]@86696cc: reportNextDraw android.view.ViewRootImpl.performTraversals:5443 android.view.ViewRootImpl.doTraversal:3924 android.view.ViewRootImpl$TraversalRunnable.run:12903 android.view.Choreographer$CallbackRecord.run:1901 android.view.Choreographer$CallbackRecord.run:1910
05-15 20:59:51.630 11062 11138 D VRI[test]@86696cc: Setup new sync=wmsSync-VRI[test]@86696cc#22
05-15 20:59:51.631 11062 11138 I VRI[test]@86696cc: Creating new active sync group VRI[test]@86696cc#23
05-15 20:59:51.631 11062 11138 D VRI[test]@86696cc: registerCallbacksForSync syncBuffer=false
05-15 20:59:51.631  1977  6950 D InputTransport: Input channel constructed: 'c497d97', fd=1111
05-15 20:59:51.631  1977  6950 D InputTransport: Input channel constructed: 'c497d97', fd=1134
05-15 20:59:51.631  1977  6950 D InputTransport: Input channel constructed: 'c497d97', fd=1139
05-15 20:59:51.631  1977  6950 D InputTransport: Input channel destroyed: 'c497d97', fd=1134
05-15 20:59:51.631 11062 11225 D VRI[test]@86696cc: Received frameDrawingCallback syncResult=0 frameNum=1.
05-15 20:59:51.631 11062 11225 I VRI[test]@86696cc: mWNT: t=0xb400007df8e84150 mBlastBufferQueue=0xb400007e28d725d0 fn= 1 HdrRenderState mRenderHdrSdrRatio=1.0 caller= android.view.ViewRootImpl$12.onFrameDraw:15441 android.view.ThreadedRenderer$1.onFrameDraw:718 <bottom of call stack>
05-15 20:59:51.631 11062 11225 I VRI[test]@86696cc: Setting up sync and frameCommitCallback
05-15 20:59:51.631  1808  1899 I SurfaceFlinger: id=179549 createSurf, flag=84004, c497d97 es.uniovi.recetasasturianas.test/androidx.test.core.app.InstrumentationActivityInvoker$EmptyActivity#179549
05-15 20:59:51.632 12633 21222 I Routine@Core[4.9.04.16]: ModesOrderManager: getOrderOrDefault: uuid(100)
05-15 20:59:51.633  1977  6950 D InputTransport: Input channel destroyed: 'c497d97', fd=1139
05-15 20:59:51.633 12633 21222 I Routine@Core[4.9.04.16]: ModesOrderManager: getOrder: uuid(100) -> order(999)
05-15 20:59:51.633 12633 21222 I Routine@Core[4.9.04.16]: ModeListHolder: update: size(1) updated(2026/05/15 20:59:51) [ModeMeta(id=1, uuid=100, iconResourceId=2131231140, iconStatusResourceId=2131231637, displayName=Sleep, isRunning=false, runningReason=, runningReasonCondition=, isSet=true, isDeleted=false, detailRunningReason=null, order=999, toggleTime=1778816639015)]
05-15 20:59:51.633 24267 24267 D InputTransport: Input channel constructed: 'c497d97', fd=124
05-15 20:59:51.634 24267 24267 I InsetsController: onStateChanged: host=es.uniovi.recetasasturianas.test/androidx.test.core.app.InstrumentationActivityInvoker$EmptyActivity, from=android.view.ViewRootImpl.onInsetsStateChanged:3026, state=InsetsState: {mDisplayFrame=Rect(0, 0 - 1080, 2340), mDisplayCutout=DisplayCutout{insets=Rect(0, 99 - 0, 0) waterfall=Insets{left=0, top=0, right=0, bottom=0} boundingRect={Bounds=[Rect(0, 0 - 0, 0), Rect(505, 0 - 575, 99), Rect(0, 0 - 0, 0), Rect(0, 0 - 0, 0)]} cutoutPathParserInfo={CutoutPathParserInfo{displayWidth=1080 displayHeight=2340 physicalDisplayWidth=1080 physicalDisplayHeight=2340 density={3.0} cutoutSpec={M 0,0 M 0,29 a 35,35 0 1,0 0,70 a 35,35 0 1,0 0,-70 Z} rotation={0} scale={1.0} physicalPixelDisplaySizeRatio={1.0}}} sideOverrides={}}, mRoundedCorners=RoundedCorners{[RoundedCorner{position=TopLeft, radius=108, center=Point(108, 108)}, RoundedCorner{position=TopRight, radius=108, center=Point(972, 108)}, RoundedCorner{position=BottomRight, radius=108, center=Point(972, 2232)}, RoundedCorner{position=BottomLeft, radius=108, center=Point(108, 2232)}]}  mRoundedCornerFrame=Rect(0, 0 - 1080, 2340), mPrivacyIndicatorBounds=PrivacyIndicatorBounds {static bounds=Rect(948, 0 - 1080, 99) rotation=0}, mDisplayShape=DisplayShape{ spec=-311912193 displayWidth=1080 displayHeight=2340 physicalPixelDisplaySizeRatio=1.0 rotation=0 offsetX=0 offsetY=0 scale=1.0}, mSources= { InsetsSource: {b73a0001 mType=navigationBars mFrame=[0,0][0,0] mVisible=true mFlags=SUPPRESS_SCRIM mSideHint=NONE mBoundingRects=null}, InsetsSource: {b73a0004 mType=systemGestures mFrame=[0,0][90,2340] mVisible=true mFlags= mSideHint=LEFT mBoundingRects=null}, InsetsSource: {b73a0005 mType=mandatorySystemGestures mFrame=[0,2265][1080,2340] mVisible=true mFlags= mSideHint=BOTTOM mBoundingRects=null}, InsetsSource: {b73a0006 mType=tappableElement mFrame=[0,0][0,0] mVisible=true mFlags= mSideHint=NONE mBoundingRects=null}, InsetsSource: {b73a0024 mType=systemGestures mFrame=[990,0][1080,2340] mVisible=true mFlags= mSideHint=RIGHT mBoundingRects=null}, InsetsSource: {3 mType=ime mFrame=[0,0][0,0] mVisible=false mFlags= mSideHint=NONE mBoundingRects=null}, InsetsSource: {27 mType=displayCutout mFrame=[0,0][1080,99] mVisible=true mFlags= mSideHint=TOP mBoundingRects=null}, InsetsSource: {9260000 mType=statusBars mFrame=[0,0][1080,99] mVisible=true mFlags= mSideHint=TOP mBoundingRects=null}, InsetsSource: {9260005 mType=mandatorySystemGestures mFrame=[0,0][1080,135] mVisible=true mFlags= mSideHint=TOP mBoundingRects=null}, InsetsSource: {9260006 mType=tappableElement mFrame=[0,0][1080,99] mVisible=true mFlags= mSideHint=TOP mBoundingRects=null} }
05-15 20:59:51.634  1808  1808 I SurfaceFlinger: [Splash Screen es.uniovi.recetasasturianas.test$_11062#179548] attach to parent LayerHierarchy{RequestedLayerState{2a297a9 Splash Screen es.uniovi.recetasasturianas.test#179547 parentId=179546} 1 children}
05-15 20:59:51.634  1808  1808 I SurfaceFlinger: [c497d97 es.uniovi.recetasasturianas.test/androidx.test.core.app.InstrumentationActivityInvoker$EmptyActivity#179549] attach to parent LayerHierarchy{RequestedLayerState{ActivityRecord{72596606 u0 es.uniovi.recetasasturianas.test/androidx.test.core.app.InstrumentationActivityInvoker$EmptyActivity t2385}#179546 parentId=179545} 2 children}
05-15 20:59:51.635  1977  2141 D EnterpriseDeviceManagerService: isMdmAdminPresentInternal() : MDM Admin Found - com.samsung.knox.securefolder
05-15 20:59:51.636 24267 24267 I VRI[InstrumentationActivityInvoker$EmptyActivity]@f3b7588: synced displayState. AttachInfo displayState=2
05-15 20:59:51.636 11062 11227 I BLASTBufferQueue: [VRI[test]@86696cc#323](f:0,a:0,s:0) onFrameAvailable the first frame is available
05-15 20:59:51.636 11062 11227 I SurfaceComposerClient: apply transaction with the first frame. layerId: 179548, bufferData(ID: 47510928231519, frameNumber: 1)
05-15 20:59:51.636 11062 11227 I VRI[test]@86696cc: Received frameCommittedCallback lastAttemptedDrawFrameNum=1 didProduceBuffer=true
05-15 20:59:51.637  1808  1899 I SurfaceFlinger: [Splash Screen es.uniovi.recetasasturianas.test$_11062#179548] setTransactionState with the first frame. bufferData(ID: 47510928231519, frameNumber: 1)
05-15 20:59:51.637 11062 11227 D HWUI    : CFMS:: SetUp Pid : 11062    Tid : 11227
05-15 20:59:51.637 11062 11138 D VRI[test]@86696cc: reportDrawFinished seqId=0
05-15 20:59:51.638 24267 24267 I VRI[InstrumentationActivityInvoker$EmptyActivity]@f3b7588: setView = com.android.internal.policy.DecorView@9c62107 IsHRR=false mFlingFrameRateChange=0 TM=true
05-15 20:59:51.639 24267 24288 D HWUI    : HWUI - treat SMPTE_170M as sRGB
05-15 20:59:51.640  1977  6950 D SurfaceComposerClient: setCornerRadius ## 2a297a9 Splash Screen es.uniovi.recetasasturianas.test#179547 cornerRadius=0.000000
05-15 20:59:51.640  1977  6950 D SurfaceComposerClient: setCornerRadius ## c497d97 es.uniovi.recetasasturianas.test/androidx.test.core.app.InstrumentationActivityInvoker$EmptyActivity#179549 cornerRadius=0.000000
05-15 20:59:51.642  1977  2505 D AnalyticsContainerHandler: handleMessage : { when=0 what=1 target=com.android.server.knox.KnoxAnalyticsContainer$AnalyticsHandler }
05-15 20:59:51.642  1977  2505 D AnalyticsContainerHandler: handleMessage : { when=0 what=2 target=com.android.server.knox.KnoxAnalyticsContainer$AnalyticsHandler }
05-15 20:59:51.642  1977  2142 D SurfaceComposerClient: setCornerRadius ## 2a297a9 Splash Screen es.uniovi.recetasasturianas.test#179547 cornerRadius=0.000000
05-15 20:59:51.642  1977  2142 D SurfaceComposerClient: setCornerRadius ## c497d97 es.uniovi.recetasasturianas.test/androidx.test.core.app.InstrumentationActivityInvoker$EmptyActivity#179549 cornerRadius=0.000000
05-15 20:59:51.643  1977  2142 D SurfaceComposerClient: setCornerRadius ## 2a297a9 Splash Screen es.uniovi.recetasasturianas.test#179547 cornerRadius=0.000000
05-15 20:59:51.643  1977  2142 D SurfaceComposerClient: setCornerRadius ## c497d97 es.uniovi.recetasasturianas.test/androidx.test.core.app.InstrumentationActivityInvoker$EmptyActivity#179549 cornerRadius=0.000000
05-15 20:59:51.643  1808  4802 I SurfaceFlinger: id=179550 createSurf, flag=84004, Transition Root: Task=2385#179550
05-15 20:59:51.645  1977  2142 I SurfaceControlRegistry: show, t=StartTransaction_SyncId<14579> sc=ActivityRecord{72596606 u0 es.uniovi.recetasasturianas.test/androidx.test.core.app.InstrumentationActivityInvoker$EmptyActivity t2385}, caller=android.view.SurfaceControl$Transaction.show:3557 com.android.server.wm.Transition.onTransactionReady:2048 com.android.server.wm.BLASTSyncEngine$SyncGroup.finishNow:240 com.android.server.wm.BLASTSyncEngine.onSurfacePlacement:263 com.android.server.wm.RootWindowContainer.performSurfacePlacementNoTrace:1083 com.android.server.wm.WindowSurfacePlacer.performSurfacePlacement:166
05-15 20:59:51.645  1977  2142 D SurfaceComposerClient: setCornerRadius ## Task=2384#179527 cornerRadius=0.000000
05-15 20:59:51.645  1977  2142 D SurfaceComposerClient: setCornerRadius ## Task=2385#179545 cornerRadius=0.000000
05-15 20:59:51.646  1977  2142 D ScreenCapture: [Capture_TEST] : setIsScreenShotBySystem false
05-15 20:59:51.646  1977  2142 I SurfaceComposerClient: captureLayers:childrenOnly:1, sync:1
05-15 20:59:51.647 11062 11118 I SurfaceControlRegistry: hide, t=FinishTransaction_SyncId<14579> sc=Task=2384, caller=android.view.SurfaceControl$Transaction.hide:3583 com.android.wm.shell.transition.Transitions.dispatchReady:1263 com.android.wm.shell.transition.Transitions.onTransitionReady:251 com.android.wm.shell.transition.Transitions$TransitionPlayerImpl$$ExternalSyntheticLambda0.run:13 android.os.Handler.handleCallback:995 android.os.Handler.dispatchMessage:103
05-15 20:59:51.647 11062 11118 I SurfaceControlRegistry: show, t=StartTransaction_SyncId<14579> sc=Task=2385, caller=android.view.SurfaceControl$Transaction.show:3557 com.android.wm.shell.transition.Transitions.dispatchReady:1279 com.android.wm.shell.transition.Transitions.onTransitionReady:251 com.android.wm.shell.transition.Transitions$TransitionPlayerImpl$$ExternalSyntheticLambda0.run:13 android.os.Handler.handleCallback:995 android.os.Handler.dispatchMessage:103
05-15 20:59:51.647 11062 11118 I SurfaceControlRegistry: show, t=FinishTransaction_SyncId<14579> sc=Task=2385, caller=android.view.SurfaceControl$Transaction.show:3557 com.android.wm.shell.transition.Transitions.dispatchReady:1330 com.android.wm.shell.transition.Transitions.onTransitionReady:251 com.android.wm.shell.transition.Transitions$TransitionPlayerImpl$$ExternalSyntheticLambda0.run:13 android.os.Handler.handleCallback:995 android.os.Handler.dispatchMessage:103
05-15 20:59:51.647 11062 11118 I SurfaceControlRegistry: show, t=StartTransaction_SyncId<14579> sc=Transition Root: Task=2385, caller=android.view.SurfaceControl$Transaction.show:3557 com.android.wm.shell.transition.Transitions.playTransition:79 com.android.wm.shell.transition.Transitions.processReadyQueue:239 com.android.wm.shell.transition.Transitions.dispatchReady:1352 com.android.wm.shell.transition.Transitions.onTransitionReady:251 com.android.wm.shell.transition.Transitions$TransitionPlayerImpl$$ExternalSyntheticLambda0.run:13
05-15 20:59:51.648 11062 11118 D SurfaceComposerClient: [Task=2384#179527] setEdgeExtension Right
05-15 20:59:51.649 11062 11118 I SurfaceControlRegistry: apply, t=StartTransaction_SyncId<14579>, caller=android.view.SurfaceControl$Transaction.apply:3459 android.view.SurfaceControl$Transaction.apply:3447 android.view.SurfaceControl$Transaction.apply:3397 com.android.wm.shell.transition.DefaultTransitionHandler.startAnimation:3292 com.android.wm.shell.transition.Transitions.dispatchTransition:90 com.android.wm.shell.transition.Transitions.playTransition:774
