05-15 20:59:54.186  1808  1808 I SurfaceFlinger: [Transition Root: Task=1#179659] attach to parent LayerHierarchy{RequestedLayerState{DefaultTaskDisplayArea_d0#172934 parentId=9} 12 children}
05-15 20:59:54.186  1977  2142 D SurfaceComposerClient: setCornerRadius ## Task=2390#179635 cornerRadius=0.000000
05-15 20:59:54.187  1977  2142 D SurfaceComposerClient: setCornerRadius ## Task=1#172921 cornerRadius=0.000000
05-15 20:59:54.189 20661 20661 I InsetsController: controlAnimationUncheckedInner: Added types=statusBars, animType=1, host=bitpit.launcher/bitpit.launcher.ui.HomeActivity, from=android.view.InsetsController.controlAnimationUnchecked:1608 android.view.InsetsController.applyAnimation:2416 android.view.InsetsController.applyAnimation:2343
05-15 20:59:54.189 20661 20661 I InsetsController: onStateChanged: host=bitpit.launcher/bitpit.launcher.ui.HomeActivity, from=android.view.ViewRootImpl.onInsetsStateChanged:3026, state=InsetsState: {mDisplayFrame=Rect(0, 0 - 1080, 2340), mDisplayCutout=DisplayCutout{insets=Rect(0, 99 - 0, 0) waterfall=Insets{left=0, top=0, right=0, bottom=0} boundingRect={Bounds=[Rect(0, 0 - 0, 0), Rect(505, 0 - 575, 99), Rect(0, 0 - 0, 0), Rect(0, 0 - 0, 0)]} cutoutPathParserInfo={CutoutPathParserInfo{displayWidth=1080 displayHeight=2340 physicalDisplayWidth=1080 physicalDisplayHeight=2340 density={3.0} cutoutSpec={M 0,0 M 0,29 a 35,35 0 1,0 0,70 a 35,35 0 1,0 0,-70 Z} rotation={0} scale={1.0} physicalPixelDisplaySizeRatio={1.0}}} sideOverrides={}}, mRoundedCorners=RoundedCorners{[RoundedCorner{position=TopLeft, radius=108, center=Point(108, 108)}, RoundedCorner{position=TopRight, radius=108, center=Point(972, 108)}, RoundedCorner{position=BottomRight, radius=108, center=Point(972, 2232)}, RoundedCorner{position=BottomLeft, radius=108, center=Point(108, 2232)}]}  mRoundedCornerFrame=Rect(0, 0 - 1080, 2340), mPrivacyIndicatorBounds=PrivacyIndicatorBounds {static bounds=Rect(948, 0 - 1080, 99) rotation=0}, mDisplayShape=DisplayShape{ spec=-311912193 displayWidth=1080 displayHeight=2340 physicalPixelDisplaySizeRatio=1.0 rotation=0 offsetX=0 offsetY=0 scale=1.0}, mSources= { InsetsSource: {b73a0001 mType=navigationBars mFrame=[0,0][0,0] mVisible=true mFlags=SUPPRESS_SCRIM mSideHint=NONE mBoundingRects=null}, InsetsSource: {b73a0004 mType=systemGestures mFrame=[0,0][90,2340] mVisible=true mFlags= mSideHint=LEFT mBoundingRects=null}, InsetsSource: {b73a0005 mType=mandatorySystemGestures mFrame=[0,2265][1080,2340] mVisible=true mFlags= mSideHint=BOTTOM mBoundingRects=null}, InsetsSource: {b73a0006 mType=tappableElement mFrame=[0,0][0,0] mVisible=true mFlags= mSideHint=NONE mBoundingRects=null}, InsetsSource: {b73a0024 mType=systemGestures mFrame=[990,0][1080,2340] mVisible=true mFlags= mSideHint=RIGHT mBoundingRects=null}, InsetsSource: {3 mType=ime mFrame=[0,0][0,0] mVisible=false mFlags= mSideHint=NONE mBoundingRects=null}, InsetsSource: {27 mType=displayCutout mFrame=[0,0][1080,99] mVisible=true mFlags= mSideHint=TOP mBoundingRects=null}, InsetsSource: {9260000 mType=statusBars mFrame=[0,0][1080,99] mVisible=false mFlags= mSideHint=TOP mBoundingRects=null}, InsetsSource: {9260005 mType=mandatorySystemGestures mFrame=[0,0][1080,135] mVisible=true mFlags= mSideHint=TOP mBoundingRects=null}, InsetsSource: {9260006 mType=tappableElement mFrame=[0,0][1080,99] mVisible=true mFlags= mSideHint=TOP mBoundingRects=null} }
05-15 20:59:54.189 20661 20661 I VRI[HomeActivity]@27ecfc4: handleResized, frames=ClientWindowFrames{frame=[0,0][1080,2340] display=[0,0][1080,2340] parentFrame=[0,0][0,0]} displayId=0 dragResizing=false compatScale=1.0 frameChanged=false attachedFrameChanged=false configChanged=false displayChanged=false compatScaleChanged=false dragResizingChanged=false
05-15 20:59:54.189 20661 20661 I VRI[HomeActivity]@27ecfc4: handleResized mSyncSeqId = 0
05-15 20:59:54.189 20661 20661 D VRI[HomeActivity]@27ecfc4: reportNextDraw android.view.ViewRootImpl.handleResized:2983 android.view.ViewRootImpl.-$$Nest$mhandleResized:0 android.view.ViewRootImpl$W.resized:14082 android.app.servertransaction.WindowStateResizeItem.execute:93 android.app.servertransaction.WindowStateTransactionItem.execute:62
05-15 20:59:54.191  1977  2142 D ScreenCapture: [Capture_TEST] : setIsScreenShotBySystem false
05-15 20:59:54.191  1977  2142 I SurfaceComposerClient: captureLayers:childrenOnly:1, sync:1
05-15 20:59:54.195 11062 11118 I SurfaceControlRegistry: show, t=StartTransaction_SyncId<14586> sc=WallpaperWindowToken{43888ef showWhenLocked=false}, caller=android.view.SurfaceControl$Transaction.show:3557 com.android.wm.shell.transition.Transitions.dispatchReady:907 com.android.wm.shell.transition.Transitions.onTransitionReady:251 com.android.wm.shell.transition.Transitions$TransitionPlayerImpl$$ExternalSyntheticLambda0.run:13 android.os.Handler.handleCallback:995 android.os.Handler.dispatchMessage:103
05-15 20:59:54.195 11062 11118 I SurfaceControlRegistry: hide, t=FinishTransaction_SyncId<14586> sc=Task=2390, caller=android.view.SurfaceControl$Transaction.hide:3583 com.android.wm.shell.transition.Transitions.dispatchReady:1263 com.android.wm.shell.transition.Transitions.onTransitionReady:251 com.android.wm.shell.transition.Transitions$TransitionPlayerImpl$$ExternalSyntheticLambda0.run:13 android.os.Handler.handleCallback:995 android.os.Handler.dispatchMessage:103
05-15 20:59:54.195 11062 11118 I SurfaceControlRegistry: show, t=StartTransaction_SyncId<14586> sc=Task=1, caller=android.view.SurfaceControl$Transaction.show:3557 com.android.wm.shell.transition.Transitions.dispatchReady:1279 com.android.wm.shell.transition.Transitions.onTransitionReady:251 com.android.wm.shell.transition.Transitions$TransitionPlayerImpl$$ExternalSyntheticLambda0.run:13 android.os.Handler.handleCallback:995 android.os.Handler.dispatchMessage:103
05-15 20:59:54.195 11062 11118 I SurfaceControlRegistry: show, t=FinishTransaction_SyncId<14586> sc=Task=1, caller=android.view.SurfaceControl$Transaction.show:3557 com.android.wm.shell.transition.Transitions.dispatchReady:1330 com.android.wm.shell.transition.Transitions.onTransitionReady:251 com.android.wm.shell.transition.Transitions$TransitionPlayerImpl$$ExternalSyntheticLambda0.run:13 android.os.Handler.handleCallback:995 android.os.Handler.dispatchMessage:103
05-15 20:59:54.196 11062 11118 I SurfaceControlRegistry: show, t=StartTransaction_SyncId<14586> sc=Transition Root: Task=1, caller=android.view.SurfaceControl$Transaction.show:3557 com.android.wm.shell.transition.Transitions.playTransition:79 com.android.wm.shell.transition.Transitions.processReadyQueue:239 com.android.wm.shell.transition.Transitions.dispatchReady:1352 com.android.wm.shell.transition.Transitions.onTransitionReady:251 com.android.wm.shell.transition.Transitions$TransitionPlayerImpl$$ExternalSyntheticLambda0.run:13
05-15 20:59:54.197  1808  1899 I SurfaceFlinger: Capture layer list: 	 es.uniovi.recetasasturianas/es.uniovi.recetasasturianas.MainActivity$_24090#179644(seamlessTransition:0)
05-15 20:59:54.198  1808  1908 D RenderEngine: [SEC_SF_EFFECTS] drawLayersInternal,1483, Rendering layer ScreenCaptureFillLayer at index 0
05-15 20:59:54.198  1808  1908 D RenderEngine: [SEC_SF_EFFECTS] drawLayersInternal,1483, Rendering layer es.uniovi.recetasasturianas/es.uniovi.recetasasturianas.MainActivity$_24090#179644 at index 1
05-15 20:59:54.199 20661 20661 D VRI[HomeActivity]@27ecfc4: Setup new sync=wmsSync-VRI[HomeActivity]@27ecfc4#9
05-15 20:59:54.199 20661 20661 I VRI[HomeActivity]@27ecfc4: Creating new active sync group VRI[HomeActivity]@27ecfc4#10
05-15 20:59:54.199 11062 11118 I SurfaceControlRegistry: apply, t=StartTransaction_SyncId<14586>, caller=android.view.SurfaceControl$Transaction.apply:3459 android.view.SurfaceControl$Transaction.apply:3447 android.view.SurfaceControl$Transaction.apply:3397 com.android.wm.shell.transition.DefaultTransitionHandler.startAnimation:3292 com.android.wm.shell.transition.Transitions.dispatchTransition:90 com.android.wm.shell.transition.Transitions.playTransition:774
05-15 20:59:54.200 20661 20661 D VRI[HomeActivity]@27ecfc4: registerCallbacksForSync syncBuffer=false
05-15 20:59:54.200 20661 20727 I VRI[HomeActivity]@27ecfc4: mWNT: t=0xb400007df8dfdfd0 mBlastBufferQueue=0xb400007e28de3ce0 fn= 2 HdrRenderState mRenderHdrSdrRatio=1.0 caller= android.view.SyncRtSurfaceTransactionApplier.applyTransaction:100 android.view.SyncRtSurfaceTransactionApplier.lambda$scheduleApply$0:73 android.view.SyncRtSurfaceTransactionApplier.$r8$lambda$afI4fXg3U3-nBZQEDQMiNy-B06s:0
05-15 20:59:54.200 20661 20727 D VRI[HomeActivity]@27ecfc4: Received frameDrawingCallback syncResult=0 frameNum=2.
05-15 20:59:54.200 20661 20727 I VRI[HomeActivity]@27ecfc4: Setting up sync and frameCommitCallback
05-15 20:59:54.203  1808  1808 I SurfaceFlinger: RequestedLayer [cd5eee1 Splash Screen es.uniovi.recetasasturianas.test#179652] hidden!! flag  from(1) --> to(0)
05-15 20:59:54.203  1808  1808 I SurfaceFlinger: RequestedLayer [a26e6bc es.uniovi.recetasasturianas.[...]ActivityInvoker$EmptyActivity#179654] hidden!! flag  from(1) --> to(0)
05-15 20:59:54.203  1808  1808 I SurfaceFlinger: RequestedLayer [bitpit.launcher/bitpit.launcher.ui.HomeActivity$_20661#179656] hidden!! flag  from(1) --> to(0)
05-15 20:59:54.203  1808  1808 I SurfaceFlinger: RequestedLayer [Transition Root: Task=1#179659] hidden!! flag  from(1) --> to(0)
05-15 20:59:54.203  1808  1808 I SurfaceFlinger: RequestedLayer [ActivityRecord{148716444 u0 bitpit.launcher/.ui.HomeActivity t1351}#116667] hidden!! flag  from(1) --> to(0)
05-15 20:59:54.203  1808  1808 I SurfaceFlinger: RequestedLayer [Task=1351#116666] hidden!! flag  from(1) --> to(0)
05-15 20:59:54.203  1808  1808 I SurfaceFlinger: RequestedLayer [WallpaperWindowToken{43888ef showWhenLocked=false}#178727] hidden!! flag  from(1) --> to(0)
05-15 20:59:54.203  1808  1808 I SurfaceFlinger: RequestedLayer [Task=1#172921] hidden!! flag  from(1) --> to(0)
05-15 20:59:54.203  1808  1808 E SurfaceFlinger: alpha changed 1.000 -> 0.000 - Task=1#172921
05-15 20:59:54.203  1808  1808 E SurfaceFlinger: alpha changed 1.000 -> 0.000 - Task=2390#179635
05-15 20:59:54.203  1808  1808 E SurfaceFlinger: alpha changed 0.000 -> 1.000 - Task=1#172921
05-15 20:59:54.203  1808  1808 I SurfaceFlinger: [LayerHierarchy{RequestedLayerState{Task=1#172921 parentId=179659 z=4} 4 children}] reparent to LayerHierarchy{RequestedLayerState{Transition Root: Task=1#179659 parentId=172934} 1 children}
05-15 20:59:54.203  1808  1808 I SurfaceFlinger: [LayerHierarchy{RequestedLayerState{Task=2390#179635 parentId=179659 z=6} 1 children}] reparent to LayerHierarchy{RequestedLayerState{Transition Root: Task=1#179659 parentId=172934} 2 children}
05-15 20:59:54.205 11062 11118 I SurfaceControlRegistry: apply, t=FinishTransaction_SyncId<14586>, caller=android.view.SurfaceControl$Transaction.apply:3459 android.view.SurfaceControl$Transaction.apply:3447 android.view.SurfaceControl$Transaction.apply:3397 com.android.wm.shell.transition.Transitions.onFinish:315 com.android.wm.shell.transition.Transitions$$ExternalSyntheticLambda7.onTransitionFinished:12 com.android.wm.shell.transition.DefaultTransitionHandler$$ExternalSyntheticLambda6.run:36
05-15 20:59:54.206  1808  1808 D SurfaceFlinger: Display 4630947232161729154 HWC layers:
05-15 20:59:54.206  1808  1808 D SurfaceFlinger:        DEVICE |           47510928231149 | 00000100 | RGBA_8888    |    0.0    0.0 1080.0 2340.0 |    0    0 1080 2340 | Wallpaper BBQ wrapper 7_systemlock#178730 (1)
05-15 20:59:54.206  1808  1808 D SurfaceFlinger:        DEVICE |           88738319307413 | 00002100 | RGBA_8888    |    0.0    0.0 1080.0 2340.0 |    0    0 1080 2340 | bitpit.launcher/bitpit.launcher.ui.HomeActivity$_20661#179656 (1)
05-15 20:59:54.206  1808  1808 D SurfaceFlinger:        DEVICE |           47510928230651 | 00002100 | RGBA_8888    |    0.0    0.0 1080.0   99.0 |    0    0 1080   99 | StatusBar$_11062#172976 (4144)
05-15 20:59:54.206  1808  1808 D SurfaceFlinger:        DEVICE |           47510928230649 | 00002100 | RGBA_8888    |    0.0    0.0 1080.0  144.0 |    0 2196 1080 2340 | NavigationBar0$_11062#172972 (359)
05-15 20:59:54.206  1808  1808 D SurfaceFlinger:        DEVICE |           27157078223661 | 00002100 | RGBA_8888    |    0.0   13.0  290.0  158.0 |  395    0  685  145 | $_6323#154529 (967)
05-15 20:59:54.206  1808  1808 D SurfaceFlinger:        DEVICE |           27157078223656 | 00002100 | RGBA_8888    |    0.0    0.0 1080.0  115.0 |    0    0 1080  115 | $_6323#177506 (652)
05-15 20:59:54.206  1808  1808 D SurfaceFlinger:        DEVICE |           4751092823063
05-15 20:59:54.206  1808  1808 D SurfaceFlinger: 8 | 00002140 | RGBA_8888    |    0.0    0.0 1080.0  121.0 |    0    0 1080  121 | ScreenDecorOverlay$_11062#172986 (67)
05-15 20:59:54.206  1808  1808 D SurfaceFlinger:        DEVICE |           47510928230639 | 00002140 | RGBA_8888    |    0.0    0.0 1080.0  121.0 |    0 2219 1080 2340 | ScreenDecorOverlayBottom$_11062#172987 (60)
05-15 20:59:54.206  1808  1808 D SurfaceFlinger:
05-15 20:59:54.208  1977  2142 D SurfaceComposerClient: setCornerRadius ## c5a06c0 bitpit.launcher/bitpit.launcher.ui.HomeActivity#155257 cornerRadius=0.000000
05-15 20:59:54.208  4195  6818 I HoneySpace.NotificationListener: onNotificationPosted com.android.systemui: -1|com.android.systemui|2131364006|charging_state|10048: 0
05-15 20:59:54.208  4195  6818 I HoneySpace.NotificationListener: invalid notification: com.android.systemui UserHandle{-1}: canShowBadge is false
05-15 20:59:54.208  1977  2142 D SurfaceComposerClient: setCornerRadius ## c5a06c0 bitpit.launcher/bitpit.launcher.ui.HomeActivity#155257 cornerRadius=0.000000
05-15 20:59:54.211  1808  1808 I SurfaceFlinger: RequestedLayer [Task=2390#179635] hidden!! flag  from(0) --> to(1)
05-15 20:59:54.211  1808  1808 E SurfaceFlinger: alpha changed 0.000 -> 1.000 - Task=2390#179635
05-15 20:59:54.211  1808  1808 I SurfaceFlinger: [LayerHierarchy{RequestedLayerState{Task=1#172921 parentId=172934} 4 children}] reparent to LayerHierarchy{RequestedLayerState{DefaultTaskDisplayArea_d0#172934 parentId=9} 11 children}
05-15 20:59:54.211  1808  1808 I SurfaceFlinger: [LayerHierarchy{RequestedLayerState{WallpaperWindowToken{43888ef showWhenLocked=false}#178727 parentId=8} 1 children}] reparent to LayerHierarchy{RequestedLayerState{Leaf:1:1#8 parentId=7} 1 children}
05-15 20:59:54.211  1808  1808 I SurfaceFlinger: [LayerHierarchy{RequestedLayerState{Task=2390#179635 parentId=172934 z=7} 1 children}] reparent to LayerHierarchy{RequestedLayerState{DefaultTaskDisplayArea_d0#172934 parentId=9} 12 children}
05-15 20:59:54.211  1808  1808 I SurfaceFlinger: [LayerHierarchy{RequestedLayerState{Transition Root: Task=1#179659} no children}] reparent to OffscreenRoot
05-15 20:59:54.211  1808  1808 I SurfaceFlinger: [LayerHierarchy{RequestedLayerState{Transition Root: Task=1#179659} no children}] RelativeParent to null
05-15 20:59:54.212 20661 20699 I VRI[HomeActivity]@27ecfc4: Received frameCommittedCallback lastAttemptedDrawFrameNum=2 didProduceBuffer=true
05-15 20:59:54.212 20661 20661 D VRI[HomeActivity]@27ecfc4: reportDrawFinished seqId=0
05-15 20:59:54.212  1808  1899 I SurfaceFlinger: id=179660 createSurf, flag=24000, Surface(name=a26e6bc es.uniovi.recetasasturianas.test/androidx.test.core.app.InstrumentationActivityInvoker$EmptyActivity)/@0xebc195f - animation-leash of starting_reveal#179660
05-15 20:59:54.218 20661 20726 I VRI[HomeActivity]@27ecfc4: mWNT: t=0xb400007df8d65bd0 mBlastBufferQueue=0xb400007e28de3ce0 fn= 3 HdrRenderState mRenderHdrSdrRatio=1.0 caller= android.view.SyncRtSurfaceTransactionApplier.applyTransaction:100 android.view.SyncRtSurfaceTransactionApplier.lambda$scheduleApply$0:73 android.view.SyncRtSurfaceTransactionApplier.$r8$lambda$afI4fXg3U3-nBZQEDQMiNy-B06s:0
05-15 20:59:54.218  1977  8796 D PersonaActivityHelper: token.toString()  Token{afd7081 ActivityRecord{32312203 u0 es.uniovi.recetasasturianas/.MainActivity t2390 f}}}
05-15 20:59:54.218  1977  8796 D PersonaActivityHelper: mLastResumedSFActivity getPackageName  com.android.settings
05-15 20:59:54.218  1977  8796 D PersonaActivityHelper: mLastResumedSFActivity getShortClassName  .fuelgauge.RequestIgnoreBatteryOptimizations
05-15 20:59:54.218  1977  8796 D PersonaActivityHelper: token.toString()  Token{d2d617a ActivityRecord{148716444 u0 bitpit.launcher/.ui.HomeActivity t1351}}
05-15 20:59:54.218  1977  8796 D PersonaActivityHelper: mLastResumedSFActivity getPackageName  com.android.settings
05-15 20:59:54.218  1977  8796 D PersonaActivityHelper: mLastResumedSFActivity getShortClassName  .fuelgauge.RequestIgnoreBatteryOptimizations
05-15 20:59:54.219  1977  8796 D PersonaActivityHelper: token.toString()  Token{f9a0956 ActivityRecord{229215882 u0 es.uniovi.recetasasturianas.test/androidx.test.core.app.InstrumentationActivityInvoker$EmptyActivity t2391 f}}}
05-15 20:59:54.219  1977  8796 D PersonaActivityHelper: mLastResumedSFActivity getPackageName  com.android.settings
05-15 20:59:54.219  1977  8796 D PersonaActivityHelper: mLastResumedSFActivity getShortClassName  .fuelgauge.RequestIgnoreBatteryOptimizations
05-15 20:59:54.219 24090 24090 I VRI[MainActivity]@824b4c1: handleAppVisibility mAppVisible = true visible = false
05-15 20:59:54.219 24090 24090 D VRI[MainActivity]@824b4c1: visibilityChanged oldVisibility=true newVisibility=false
05-15 20:59:54.220  1808  1808 I SurfaceFlinger: [LayerHierarchy{RequestedLayerState{Transition Root: Task=1#179659} no children}] reparent to OffscreenRoot
05-15 20:59:54.220  1808  1808 I SurfaceFlinger: [LayerHierarchy{RequestedLayerState{Transition Root: Task=1#179659} no children}] RelativeParent to null
05-15 20:59:54.220  1808  1808 I SurfaceFlinger: [Surface(name=a26e6bc es.uniovi.recetasasturianas.test/androidx.test.core.app.InstrumentationActivityInvoker$EmptyActivity)/@0xebc195f - animation-leash of starting_reveal#179660] attach to parent LayerHierarchy{RequestedLayerState{ActivityRecord{229215882 u0 es.uniovi.recetasasturianas.test/androidx.test.core.app.InstrumentationActivityInvoker$EmptyActivity t2391}#179651 parentId=179650} 3 children}
05-15 20:59:54.220 13317 13317 I NotificationListener: [Service]v6.1.9-eap02 Received new notification
05-15 20:59:54.220  1808  1808 I SurfaceFlinger: id=179659 Removed Transition Root: Task=1#179659 (179)
05-15 20:59:54.222 13317 13602 I NotificationPipeline: Processing new notification: -1|com.android.systemui|2131364006|charging_state|10048
05-15 20:59:54.223 24090 24155 D HWUI    : CacheManager::trimMemory(20)
05-15 20:59:54.224  1977  6950 D InputDispatcher: Focus entered window (0): c5a06c0 bitpit.launcher/bitpit.launcher.ui.HomeActivity
05-15 20:59:54.224 11062 11118 D ShellTaskOrganizer: removeStartingWindow, removalInfo=StartingWindowRemovalInfo{taskId=2391 frame=Rect(0, 0 - 1080, 2340) playRevealAnimation=true roundedCornerRadius=0.0 deferRemoveMode=0 windowlessSurface=false removeImmediately=false}
05-15 20:59:54.226 20661 20727 I VRI[HomeActivity]@27ecfc4: mWNT: t=0xb400007df8dd00d0 mBlastBufferQueue=0xb400007e28de3ce0 fn= 4 HdrRenderState mRenderHdrSdrRatio=1.0 caller= android.view.SyncRtSurfaceTransactionApplier.applyTransaction:100 android.view.SyncRtSurfaceTransactionApplier.lambda$scheduleApply$0:73 android.view.SyncRtSurfaceTransactionApplier.$r8$lambda$afI4fXg3U3-nBZQEDQMiNy-B06s:0
05-15 20:59:54.226 20661 20661 D VRI[HomeActivity]@27ecfc4: mThreadedRenderer.initializeIfNeeded()#2 mSurface={isValid=true 0xb400007de8d93280}
05-15 20:59:54.226  4195 23188 I HoneySpace.RecentTasks: onRunningTaskAppeared
05-15 20:59:54.226  4195 23188 I HoneySpace.RecentTasks: onRecentTasksChanged
05-15 20:59:54.227 20661 20661 D InputMethodManagerUtils: startInputInner - Id : 0
05-15 20:59:54.227 20661 20661 I InputMethodManager: startInputInner - IInputMethodManagerGlobalInvoker.startInputOrWindowGainedFocus
05-15 20:59:54.228  1808  1808 I SurfaceFlinger: [Display 0 name="Built-in Screen"#172933] setFrameRateCategory: Default
05-15 20:59:54.228  1808  1808 I SurfaceFlinger: destroyed Transition Root: Task=1#179659 form LifecycleManager
05-15 20:59:54.228  1808  1808 I SurfaceFlinger: id=179659 onLayerDestroyed from LayerHierarchyBuilder(RequestedLayerState{Transition Root: Task=1#179659 !handle})
05-15 20:59:54.229  1977  8796 I WindowManager: Relayout Window{3b15c37 u0 es.uniovi.recetasasturianas/es.uniovi.recetasasturianas.MainActivity}: viewVisibility=8 req=1080x2340 ty=1 d0
05-15 20:59:54.229  1808  1808 I Layer   : id=179659 Destroyed Transition Root: Task=1#179659
05-15 20:59:54.229  1977  8796 D SurfaceComposerClient: setCornerRadius ## c5a06c0 bitpit.launcher/bitpit.launcher.ui.HomeActivity#155257 cornerRadius=0.000000
05-15 20:59:54.229  1808  1808 E RefreshRateSelector: Can't find HRR max refresh rate by policy with the same group 1080
05-15 20:59:54.230  1977  8796 D SurfaceComposerClient: setCornerRadius ## c5a06c0 bitpit.launcher/bitpit.launcher.ui.HomeActivity#155257 cornerRadius=0.000000
05-15 20:59:54.230 11062 11062 I LockscreenNotificationIconsOnlyController: onNotificationInfoUpdated 0
05-15 20:59:54.230 11062 11062 I AODNotificationManager: updateNotification()
05-15 20:59:54.231 20661 20726 I VRI[HomeActivity]@27ecfc4: mWNT: t=0xb400007df8dbdc90 mBlastBufferQueue=0xb400007e28de3ce0 fn= 5 HdrRenderState mRenderHdrSdrRatio=1.0 caller= android.view.SyncRtSurfaceTransactionApplier.applyTransaction:100 android.view.SyncRtSurfaceTransactionApplier.lambda$scheduleApply$0:73 android.view.SyncRtSurfaceTransactionApplier.$r8$lambda$afI4fXg3U3-nBZQEDQMiNy-B06s:0
05-15 20:59:54.232 24267 24267 I VRI[InstrumentationActivityInvoker$EmptyActivity]@9aaffd5: stopped(true) old = false
05-15 20:59:54.232 24267 24267 D VRI[InstrumentationActivityInvoker$EmptyActivity]@9aaffd5: WindowStopped on es.uniovi.recetasasturianas.test/androidx.test.core.app.InstrumentationActivityInvoker$EmptyActivity set to true
05-15 20:59:54.233 24267 24288 D HWUI    : CacheManager::trimMemory(20)
05-15 20:59:54.235  1977  8796 I WindowManager: Relayout hash=3b15c37, pid=24090, syncId=-1: mAttrs={(0,0)(fillxfill) sim={adjust=resize forwardNavigation} layoutInDisplayCutoutMode=always ty=BASE_APPLICATION wanim=0x1030317
05-15 20:59:54.235  1977  8796 I WindowManager:   fl=81810100
05-15 20:59:54.235  1977  8796 I WindowManager:   pfl=100088c0
05-15 20:59:54.235  1977  8796 I WindowManager:   vsysui=500
05-15 20:59:54.235  1977  8796 I WindowManager:   bhv=1
05-15 20:59:54.235  1977  8796 I WindowManager:   fitSides=0
05-15 20:59:54.235  1977  8796 I WindowManager:   frameRateBoostOnTouch=true
05-15 20:59:54.235  1977  8796 I WindowManager:   dvrrWindowFrameRateHint=true naviIconColor=0}
05-15 20:59:54.236  1977  2946 D InputTransport: Input channel constructed: 'ClientS', fd=1134
05-15 20:59:54.236  1977  2946 D InputTransport: Input channel destroyed: 'ClientS', fd=1134
05-15 20:59:54.236 20661 18408 D InputTransport: Input channel constructed: 'ClientS', fd=202
05-15 20:59:54.237 24090 24090 I VRI[MainActivity]@824b4c1: Relayout returned: old=(0,0,1080,2340) new=(0,0,1080,2340) relayoutAsync=false req=(1080,2340)8 dur=10 res=0x2 s={false 0x0} ch=true seqId=0
05-15 20:59:54.237 24090 24090 D VRI[MainActivity]@824b4c1: Not drawing due to not visible. Reason=!mAppVisible && !mForceDecorViewVisibility
05-15 20:59:54.237 24090 24090 D ConnectivityManager: StackLog: [android.net.ConnectivityManager.unregisterNetworkCallback(ConnectivityManager.java:5575)] [com.bumptech.glide.manager.SingletonConnectivityReceiver$FrameworkConnectivityMonitorPostApi24.unregister(SingletonConnectivityReceiver.java:205)] [com.bumptech.glide.manager.SingletonConnectivityReceiver.maybeUnregisterReceiver(SingletonConnectivityReceiver.java:122)] [com.bumptech.glide.manager.SingletonConnectivityReceiver.unregister(SingletonConnectivityReceiver.java:105)] [com.bumptech.glide.manager.DefaultConnectivityMonitor.unregister(DefaultConnectivityMonitor.java:29)] [com.bumptech.glide.manager.DefaultConnectivityMonitor.onStop(DefaultConnectivityMonitor.java:39)] [com.bumptech.glide.manager.LifecycleLifecycle.onStop(LifecycleLifecycle.java:35)] [java.lang.reflect.Method.invoke(Native Method)] [androidx.lifecycle.ClassesInfoCache$MethodReference.invokeCallback(ClassesInfoCache.java:225)] [androidx.lifecycle.ClassesInfoCache$CallbackInfo.invokeMethodsForEvent(ClassesInfoCache.java:199)] [androidx.lifecycle.ClassesInfoCache$CallbackInfo.invokeCallbacks(ClassesInfoCache.java:190)] [androidx.lifecycle.ReflectiveGenericLifecycleObserver.onStateChanged(ReflectiveGenericLifecycleObserver.java:40)] [androidx.lifecycle.LifecycleRegistry$ObserverWithState.dispatchEvent(LifecycleRegistry.kt:322)] [androidx.lifecycle.LifecycleRegistry.backwardPass(LifecycleRegistry.kt:273)] [androidx.lifecycle.LifecycleRegistry.sync(LifecycleRegistry.kt:290)] [androidx.lifecycle.LifecycleRegistry.moveToState(LifecycleRegistry.kt:143)] [androidx.lifecycle.LifecycleRegistry.handleLifecycleEvent(LifecycleRegistry.kt:126)] [androidx.lifecycle.ReportFragment$Companion.dispatch$lifecycle_runtime_release(ReportFragment.kt:190)] [androidx.lifecycle.ReportFragment$LifecycleCallbacks.onActivityPreStopped(ReportFragment.kt:135)] [android.app.Activity.dispatchActivityPreStopped(Activity.java:1740)] [android.app.Activity.performStop(Activity.java:9789)] [android.app.ActivityThread.callActivityOnStop(ActivityThread.java:6744)] [android.app.ActivityThread.performStopActivityInner(ActivityThread.java:6718)] [android.app.ActivityThread.handleStopActivity(ActivityThread.java:6788)] [android.app.servertransaction.TransactionExecutor.performLifecycleSequence(TransactionExecutor.java:229)] [android.app.servertransaction.TransactionExecutor.cycleToPath(TransactionExecutor.java:194)] [android.app.servertransaction.TransactionExecutor.executeLifecycleItem(TransactionExecutor.java:166)] [android.app.servertransaction.TransactionExecutor.executeTransactionItems(TransactionExecutor.java:101)] [android.app.servertransaction.TransactionExecutor.execute(TransactionExecutor.java:80)] [android.app.ActivityThread$H.handleMessage(ActivityThread.java:3150)]
05-15 20:59:54.238 23357 23357 I LatinIME: onFinishInput
05-15 20:59:54.238 23357 23357 D InputMethodService: unregisterCompatOnBackInvokedCallback return because registered : false
05-15 20:59:54.238 23357 23357 D InputMethodService: updateClientDisplayId: displayId=0, mClientDisplayId=0
05-15 20:59:54.239  2090  2090 I CameraService: onUidStateChanged: uid=10048, procState is changed. (1 -> 0)
05-15 20:59:54.239 20661 20727 I VRI[HomeActivity]@27ecfc4: mWNT: t=0xb400007df8d52ed0 mBlastBufferQueue=0xb400007e28de3ce0 fn= 6 HdrRenderState mRenderHdrSdrRatio=1.0 caller= android.view.SyncRtSurfaceTransactionApplier.applyTransaction:100 android.view.SyncRtSurfaceTransactionApplier.lambda$scheduleApply$0:73 android.view.SyncRtSurfaceTransactionApplier.$r8$lambda$afI4fXg3U3-nBZQEDQMiNy-B06s:0
05-15 20:59:54.239 24267 24267 W WindowOnBackDispatcher: sendCancelIfRunning: isInProgress=false callback=android.view.ViewRootImpl$$ExternalSyntheticLambda16@f5274b6
05-15 20:59:54.240  1808  2995 I SurfaceFlinger: id=179661 createSurf, flag=24004, Surface(name=35023c1 InputMethod)/@0x1087f31 - animation-leash of insets_animation#179661
05-15 20:59:54.240 24090 24090 I VRI[MainActivity]@824b4c1: stopped(true) old = false
05-15 20:59:54.240 24090 24090 D VRI[MainActivity]@824b4c1: WindowStopped on es.uniovi.recetasasturianas/es.uniovi.recetasasturianas.MainActivity set to true
05-15 20:59:54.240  1977  3160 D ConnectivityService:  Removing from current network [2805 CELLULAR], leaving 173 requests.
05-15 20:59:54.241 13317 13602 I Notification4Watch7_NB: NotificationChecker.checkIgnoreCase - onGoing
05-15 20:59:54.242 24090 24155 D HWUI    : CacheManager::trimMemory(20)
05-15 20:59:54.242 13317 13602 W Notification4Watch7_NB: NotificationBridgeCallback.onNotificationPosted-Ignored package : [-1] com.android.systemui
05-15 20:59:54.242 13317 13602 I NotificationPipeline: Discarding notification: -1|com.android.systemui|2131364006|charging_state|10048
05-15 20:59:54.243 24090 24090 D LifecycleMonitor: Lifecycle status change: es.uniovi.recetasasturianas.MainActivity@626f17d in: STOPPED
05-15 20:59:54.243 24090 24090 V ActivityScenario: Update currentActivityStage to STOPPED, currentActivity=es.uniovi.recetasasturianas.MainActivity@626f17d
05-15 20:59:54.245  1808  1808 I SurfaceFlinger: [Surface(name=35023c1 InputMethod)/@0x1087f31 - animation-leash of insets_animation#179661] attach to parent LayerHierarchy{RequestedLayerState{WindowToken{21e384e type=2011 android.os.Binder@4717749}#146663 parentId=15} 2 children}
05-15 20:59:54.245 11062 11062 D SystemUIService: SYSUI_RAM_OPTIMIZATION onTrimMemory=20
05-15 20:59:54.245 11062 11062 D CentralSurfaces: SYSUI_RAM_OPTIMIZATION onTrimMemory=20
05-15 20:59:54.245 11062 11062 D SystemUIService: SYSUI_RAM_OPTIMIZATION onTrimMemory=20
05-15 20:59:54.245 11062 11062 D CentralSurfaces: SYSUI_RAM_OPTIMIZATION onTrimMemory=20
05-15 20:59:54.249 24090 24090 D LifecycleMonitor: Lifecycle status change: es.uniovi.recetasasturianas.MainActivity@626f17d in: DESTROYED
05-15 20:59:54.249 24090 24090 V ActivityScenario: Update currentActivityStage to DESTROYED, currentActivity=null
05-15 20:59:54.249 24090 24138 I TestRunner: finished: pullToRefresh_refreshesList(es.uniovi.recetasasturianas.RecipeListFragmentTest)
