05-15 20:59:55.356  1808  2497 I SurfaceFlinger: id=179685 Removed Surface(name=7a9d783 NavigationBar0)/@0x10e1471 - animation-leash of insets_animation#179685 (168)
05-15 20:59:55.357  4195 23188 I HoneySpace.RecentTasks: onRecentTasksChanged
05-15 20:59:55.358 24090 24090 I InsetsSourceConsumer: applyRequestedVisibilityToControl: visible=true, type=statusBars, host=es.uniovi.recetasasturianas/es.uniovi.recetasasturianas.MainActivity
05-15 20:59:55.358 24090 24090 I InsetsSourceConsumer: applyRequestedVisibilityToControl: visible=true, type=navigationBars, host=es.uniovi.recetasasturianas/es.uniovi.recetasasturianas.MainActivity
05-15 20:59:55.359  1977  2505 D AnalyticsContainerHandler: handleMessage : { when=0 what=1 target=com.android.server.knox.KnoxAnalyticsContainer$AnalyticsHandler }
05-15 20:59:55.359  1977  2505 D AnalyticsContainerHandler: handleMessage : { when=0 what=2 target=com.android.server.knox.KnoxAnalyticsContainer$AnalyticsHandler }
05-15 20:59:55.360 12633 17431 I Routine@Core[4.9.04.16]: ActivityWatcherListenerImpl: onPauseComponent: componentName - es.uniovi.recetasasturianas.test, userId: 0
05-15 20:59:55.361 12633 17431 I Routine@Core[4.9.04.16]: Pref: removeSharedPrefsData() key=condition_launch_app_data_resume_pkg
05-15 20:59:55.361  4195  4401 I HoneySpace.TopTaskSource: onTaskFocusChanged(): taskId = 1351
05-15 20:59:55.361 11062 11062 I {OngoingActivityController}: onTaskFocusChanged but OA data is empty
05-15 20:59:55.361 12633 21222 I Routine@Core[4.9.04.16]: ModeOrderObserver: ModeOrderObserver:onChange: uri content://com.samsung.android.app.routines.routineprovider/preference
05-15 20:59:55.363  1808  1808 I SurfaceFlinger: destroyed Surface(name=7a9d783 NavigationBar0)/@0x10e1471 - animation-leash of insets_animation#179685 form LifecycleManager
05-15 20:59:55.363  1808  1808 I SurfaceFlinger: destroyed Surface(name=8f932e4 StatusBar)/@0xabc478a - animation-leash of insets_animation#179684 form LifecycleManager
05-15 20:59:55.363  1808  1808 I SurfaceFlinger: id=179685 onLayerDestroyed from LayerHierarchyBuilder(RequestedLayerState{Surface(name=7a9d783 NavigationBar0)/@0x10e1471 - animation-leash of insets_animation#179685 !handle})
05-15 20:59:55.363  1808  1808 I SurfaceFlinger: id=179684 onLayerDestroyed from LayerHierarchyBuilder(RequestedLayerState{Surface(name=8f932e4 StatusBar)/@0xabc478a - animation-leash of insets_animation#179684 !handle})
05-15 20:59:55.364  1808  1808 I Layer   : id=179685 Destroyed Surface(name=7a9d783 NavigationBar0)/@0x10e1471 - animation-leash of insets_animation#179685
05-15 20:59:55.364  1808  1808 I Layer   : id=179684 Destroyed Surface(name=8f932e4 StatusBar)/@0xabc478a - animation-leash of insets_animation#179684
05-15 20:59:55.365  1977  4779 I WindowManager: Relayout Window{c5a06c0 u0 bitpit.launcher/bitpit.launcher.ui.HomeActivity}: viewVisibility=0 req=1080x2340 ty=1 d0
05-15 20:59:55.365  1808  1899 I SurfaceFlinger: id=179688 createSurf, flag=44004, bitpit.launcher/bitpit.launcher.ui.HomeActivity$_20661#179688
05-15 20:59:55.367  1977  4779 D SurfaceComposerClient: setCornerRadius ## c5a06c0 bitpit.launcher/bitpit.launcher.ui.HomeActivity#155257 cornerRadius=0.000000
05-15 20:59:55.367  1977  4779 D SurfaceComposerClient: setCornerRadius ## c5a06c0 bitpit.launcher/bitpit.launcher.ui.HomeActivity#155257 cornerRadius=0.000000
05-15 20:59:55.368  1977  2141 D EnterpriseDeviceManagerService: isMdmAdminPresentInternal() : MDM Admin Found - com.samsung.knox.securefolder
05-15 20:59:55.370 12633 21222 I Routine@Core[4.9.04.16]: ModesOrderManager: getOrderOrDefault: uuid(100)
05-15 20:59:55.370 12633 21222 I Routine@Core[4.9.04.16]: ModesOrderManager: getOrder: uuid(100) -> order(999)
05-15 20:59:55.370 12633 21222 I Routine@Core[4.9.04.16]: ModeListHolder: update: size(1) updated(2026/05/15 20:59:55) [ModeMeta(id=1, uuid=100, iconResourceId=2131231140, iconStatusResourceId=2131231637, displayName=Sleep, isRunning=false, runningReason=, runningReasonCondition=, isSet=true, isDeleted=false, detailRunningReason=null, order=999, toggleTime=1778816639015)]
05-15 20:59:55.386  1808  1899 I SurfaceFlinger: id=179689 createSurf, flag=24000, Surface(name=8f932e4 StatusBar)/@0xabc478a - animation-leash of insets_animation#179689
05-15 20:59:55.387  1808  1899 I SurfaceFlinger: id=179690 createSurf, flag=24000, Surface(name=7a9d783 NavigationBar0)/@0x10e1471 - animation-leash of insets_animation#179690
05-15 20:59:55.388  1977  4779 I SystemKeyManager: requested systemKeyInfo size=1 focusedWindow=bitpit.launcher/bitpit.launcher.ui.HomeActivity
05-15 20:59:55.388  1977  4779 I SystemKeyManager: requested systemKeyInfo size=1 focusedWindow=bitpit.launcher/bitpit.launcher.ui.HomeActivity
05-15 20:59:55.390  1977  4779 I WindowManager: Relayout hash=c5a06c0, pid=20661, syncId=-1: mAttrs={(0,0)(fillxfill) sim={state=always_hidden adjust=resize forwardNavigation} layoutInDisplayCutoutMode=always ty=BASE_APPLICATION fmt=TRANSPARENT wanim=0x1030317
05-15 20:59:55.390  1977  4779 I WindowManager:   fl=80910100
05-15 20:59:55.390  1977  4779 I WindowManager:   pfl=10008840
05-15 20:59:55.390  1977  4779 I WindowManager:   bhv=1
05-15 20:59:55.390  1977  4779 I WindowManager:   fitSides=0
05-15 20:59:55.390  1977  4779 I WindowManager:   frameRateBoostOnTouch=true
05-15 20:59:55.390  1977  4779 I WindowManager:   dvrrWindowFrameRateHint=true naviIconColor=0}
05-15 20:59:55.390 11062 11155 D CollapsedStatusBarFragmentExt: fullscreen    shouldHideIconsForNextAppWindow:false, lastFullscreen(pkg:bitpit.launcher, flag:false),    keyguard(fa:false, ga:false, oc:false, show:false)
05-15 20:59:55.391  1977  2142 D SurfaceComposerClient: setCornerRadius ## c5a06c0 bitpit.launcher/bitpit.launcher.ui.HomeActivity#155257 cornerRadius=0.000000
05-15 20:59:55.391  1977  2142 D SurfaceComposerClient: setCornerRadius ## c5a06c0 bitpit.launcher/bitpit.launcher.ui.HomeActivity#155257 cornerRadius=0.000000
05-15 20:59:55.391  1977  2142 D SurfaceComposerClient: setCornerRadius ## c5a06c0 bitpit.launcher/bitpit.launcher.ui.HomeActivity#155257 cornerRadius=0.000000
05-15 20:59:55.391 20661 20661 I InsetsController: onStateChanged: host=bitpit.launcher/bitpit.launcher.ui.HomeActivity, from=android.view.ViewRootImpl.onInsetsStateChanged:3026, state=InsetsState: {mDisplayFrame=Rect(0, 0 - 1080, 2340), mDisplayCutout=DisplayCutout{insets=Rect(0, 99 - 0, 0) waterfall=Insets{left=0, top=0, right=0, bottom=0} boundingRect={Bounds=[Rect(0, 0 - 0, 0), Rect(505, 0 - 575, 99), Rect(0, 0 - 0, 0), Rect(0, 0 - 0, 0)]} cutoutPathParserInfo={CutoutPathParserInfo{displayWidth=1080 displayHeight=2340 physicalDisplayWidth=1080 physicalDisplayHeight=2340 density={3.0} cutoutSpec={M 0,0 M 0,29 a 35,35 0 1,0 0,70 a 35,35 0 1,0 0,-70 Z} rotation={0} scale={1.0} physicalPixelDisplaySizeRatio={1.0}}} sideOverrides={}}, mRoundedCorners=RoundedCorners{[RoundedCorner{position=TopLeft, radius=108, center=Point(108, 108)}, RoundedCorner{position=TopRight, radius=108, center=Point(972, 108)}, RoundedCorner{position=BottomRight, radius=108, center=Point(972, 2232)}, RoundedCorner{position=BottomLeft, radius=108, center=Point(108, 2232)}]}  mRoundedCornerFrame=Rect(0, 0 - 1080, 2340), mPrivacyIndicatorBounds=PrivacyIndicatorBounds {static bounds=Rect(948, 0 - 1080, 99) rotation=0}, mDisplayShape=DisplayShape{ spec=-311912193 displayWidth=1080 displayHeight=2340 physicalPixelDisplaySizeRatio=1.0 rotation=0 offsetX=0 offsetY=0 scale=1.0}, mSources= { InsetsSource: {b73a0001 mType=navigationBars mFrame=[0,0][0,0] mVisible=true mFlags=SUPPRESS_SCRIM mSideHint=NONE mBoundingRects=null}, InsetsSource: {b73a0004 mType=systemGestures mFrame=[0,0][90,2340] mVisible=true mFlags= mSideHint=LEFT mBoundingRects=null}, InsetsSource: {b73a0005 mType=mandatorySystemGestures mFrame=[0,2265][1080,2340] mVisible=true mFlags= mSideHint=BOTTOM mBoundingRects=null}, InsetsSource: {b73a0006 mType=tappableElement mFrame=[0,0][0,0] mVisible=true mFlags= mSideHint=NONE mBoundingRects=null}, InsetsSource: {b73a0024 mType=systemGestures mFrame=[990,0][1080,2340] mVisible=true mFlags= mSideHint=RIGHT mBoundingRects=null}, InsetsSource: {3 mType=ime mFrame=[0,0][0,0] mVisible=false mFlags= mSideHint=NONE mBoundingRects=null}, InsetsSource: {27 mType=displayCutout mFrame=[0,0][1080,99] mVisible=true mFlags= mSideHint=TOP mBoundingRects=null}, InsetsSource: {9260000 mType=statusBars mFrame=[0,0][1080,99] mVisible=true mFlags= mSideHint=TOP mBoundingRects=null}, InsetsSource: {9260005 mType=mandatorySystemGestures mFrame=[0,0][1080,135] mVisible=true mFlags= mSideHint=TOP mBoundingRects=null}, InsetsSource: {9260006 mType=tappableElement mFrame=[0,0][1080,99] mVisible=true mFlags= mSideHint=TOP mBoundingRects=null} }
05-15 20:59:55.392 11062 13408 I WallpaperService: dispatchAppVisibility: systemlock, visible=true , mLidState = -1
05-15 20:59:55.392 11062 11719 I WallpaperService: updateSurface systemlock forceRelayout=false forceReport=false redrawNeeded=false myWidth=-1 myHeight=-1 fixedSize=false x = 0 y = 0 mWidth=-1 mHeight=-1
05-15 20:59:55.392 11062 11719 I WallpaperService: reportVisibility: visibility changed. visible=true
05-15 20:59:55.392 11062 11719 I ImageWallpaper_7[Image]:  onVisibilityChanged: visible=true , displayId=0
05-15 20:59:55.392 12633 21222 I Routine@Core[4.9.04.16]: ActivityWatcherListenerImpl: onResumeComponent: componentName - bitpit.launcher, bitpit.launcher.ui.HomeActivity, userId: 0
05-15 20:59:55.392 20661 20661 W libc    : Access denied finding property "vendor.display.enable_optimal_refresh_rate"
05-15 20:59:55.392 20661 20661 I BufferQueueProducer: [](id:50b500000358,api:0,p:1222536688,c:20661) setDequeueTimeout:2077252342
05-15 20:59:55.392 12633 21222 I Routine@Core[4.9.04.16]: Pref: putSharedPrefsData: key=condition_launch_app_data_resume_pkg, data.size=49
05-15 20:59:55.393 20661 20661 I BLASTBufferQueue_Java: new BLASTBufferQueue, mName= VRI[HomeActivity]@27ecfc4 mNativeObject= 0xb400007e28de3ce0 caller= android.view.ViewRootImpl.updateBlastSurfaceIfNeeded:3585 android.view.ViewRootImpl.relayoutWindow:11685 android.view.ViewRootImpl.performTraversals:4804 android.view.ViewRootImpl.doTraversal:3924 android.view.ViewRootImpl$TraversalRunnable.run:12903 android.view.Choreographer$CallbackRecord.run:1901 android.view.Choreographer$CallbackRecord.run:1910 android.view.Choreographer.doCallbacks:1367 android.view.Choreographer.doFrame:1292 android.view.Choreographer$FrameDisplayEventReceiver.run:1870
05-15 20:59:55.393 20661 20661 I BLASTBufferQueue_Java: update, w= 1080 h= 2340 mName = VRI[HomeActivity]@27ecfc4 mNativeObject= 0xb400007e28de3ce0 sc.mNativeObject= 0xb400007ea8debd90 format= -2 caller= android.view.ViewRootImpl.updateBlastSurfaceIfNeeded:3590 android.view.ViewRootImpl.relayoutWindow:11685 android.view.ViewRootImpl.performTraversals:4804 android.view.ViewRootImpl.doTraversal:3924 android.view.ViewRootImpl$TraversalRunnable.run:12903 android.view.Choreographer$CallbackRecord.run:1901
05-15 20:59:55.393  1977  4019 D DARUtil : Device owner status not updated yet...
05-15 20:59:55.393  1977  4019 D DARUtil : Not an enterprise user : 0
05-15 20:59:55.394  1977  4019 D DARUtil : Device owner status not updated yet...
05-15 20:59:55.394  1977  4019 D DARUtil : Not an enterprise user : 0
05-15 20:59:55.394  1977  4019 D SyntheticPasswordManager.SDP: Inside fromBytes() - result.pinLength : -1
05-15 20:59:55.394  1977  4019 D SyntheticPasswordManager.SDP: 1. result.secureMode : 0
05-15 20:59:55.394  1977  1995 W System  : A resource failed to call release.
05-15 20:59:55.394 11062 11719 D ImageWallpaper[WallpaperAnimator]: onEngineVisibilityChanged: visible = true, which = 7, isFullAodShown = false, isMultipack = false, mKeyguardState = false
05-15 20:59:55.394 11062 11719 D ImageWallpaper[WallpaperAnimator]: changeToDownScaleImmediately
05-15 20:59:55.394 11062 11719 I ImageWallpaper[WallpaperAnimator]: release
05-15 20:59:55.395  1977  1995 W System  : A resource failed to call release.
05-15 20:59:55.395 20661 20661 W libc    : Access denied finding property "vendor.display.enable_optimal_refresh_rate"
05-15 20:59:55.395 20661 20661 I VRI[HomeActivity]@27ecfc4: Relayout returned: old=(0,0,1080,2340) new=(0,0,1080,2340) relayoutAsync=false req=(1080,2340)0 dur=28 res=0x3 s={true 0xb400007de8d4ec20} ch=true seqId=0
05-15 20:59:55.395 20661 20661 D VRI[HomeActivity]@27ecfc4: mThreadedRenderer.initialize() mSurface={isValid=true 0xb400007de8d4ec20} hwInitialized=true
05-15 20:59:55.396 20661 20661 D VRI[HomeActivity]@27ecfc4: reportNextDraw android.view.ViewRootImpl.performTraversals:5443 android.view.ViewRootImpl.doTraversal:3924 android.view.ViewRootImpl$TraversalRunnable.run:12903 android.view.Choreographer$CallbackRecord.run:1901 android.view.Choreographer$CallbackRecord.run:1910
05-15 20:59:55.396 20661 20661 D VRI[HomeActivity]@27ecfc4: Setup new sync=wmsSync-VRI[HomeActivity]@27ecfc4#11
05-15 20:59:55.396 20661 20661 I VRI[HomeActivity]@27ecfc4: Creating new active sync group VRI[HomeActivity]@27ecfc4#12
05-15 20:59:55.396  1808  1808 I SurfaceFlinger: [LayerHierarchy{RequestedLayerState{Surface(name=8f932e4 StatusBar)/@0xabc478a - animation-leash of insets_animation#179686} 1 children}] reparent to OffscreenRoot
05-15 20:59:55.396  1808  1808 I SurfaceFlinger: [LayerHierarchy{RequestedLayerState{Surface(name=8f932e4 StatusBar)/@0xabc478a - animation-leash of insets_animation#179686} 1 children}] RelativeParent to null
05-15 20:59:55.396  1808  1808 I SurfaceFlinger: [LayerHierarchy{RequestedLayerState{7a9d783 NavigationBar0#172957 parentId=179690} 1 children}] reparent to LayerHierarchy{RequestedLayerState{Surface(name=7a9d783 NavigationBar0)/@0x10e1471 - animation-leash of insets_animation#179690 parentId=172956} 1 children}
05-15 20:59:55.396  1808  1808 I SurfaceFlinger: [LayerHierarchy{RequestedLayerState{8f932e4 StatusBar#172964 parentId=179689} 1 children}] reparent to LayerHierarchy{RequestedLayerState{Surface(name=8f932e4 StatusBar)/@0xabc478a - animation-leash of insets_animation#179689 parentId=172963} 1 children}
05-15 20:59:55.396  1808  1808 I SurfaceFlinger: [LayerHierarchy{RequestedLayerState{Surface(name=7a9d783 NavigationBar0)/@0x10e1471 - animation-leash of insets_animation#179687} no children}] reparent to OffscreenRoot
05-15 20:59:55.396  1808  1808 I SurfaceFlinger: [LayerHierarchy{RequestedLayerState{Surface(name=7a9d783 NavigationBar0)/@0x10e1471 - animation-leash of insets_animation#179687} no children}] RelativeParent to null
05-15 20:59:55.396 20661 20661 D VRI[HomeActivity]@27ecfc4: Start draw after previous draw not visible
05-15 20:59:55.396  1808  1808 I SurfaceFlinger: [bitpit.launcher/bitpit.launcher.ui.HomeActivity$_20661#179688] attach to parent LayerHierarchy{RequestedLayerState{c5a06c0 bitpit.launcher/bitpit.launcher.ui.HomeActivity#155257 parentId=116667} 1 children}
05-15 20:59:55.396  1808  1808 I SurfaceFlinger: [Surface(name=8f932e4 StatusBar)/@0xabc478a - animation-leash of insets_animation#179689] attach to parent LayerHierarchy{RequestedLayerState{WindowToken{68a9b23 type=2000 android.os.BinderProxy@abe78dd}#172963 parentId=17} 1 children}
05-15 20:59:55.396  1808  1808 I SurfaceFlinger: [Surface(name=7a9d783 NavigationBar0)/@0x10e1471 - animation-leash of insets_animation#179690] attach to parent LayerHierarchy{RequestedLayerState{WindowToken{ec79b94 type=2019 android.os.BinderProxy@3619da6}#172956 parentId=34} 1 children}
05-15 20:59:55.396  1977  2134 D PkgPredictorService-SecIpmManagerServiceImpl: onForegroundActivitiesChanged pid:20661 uid:10578
05-15 20:59:55.396 20661 20661 D VRI[HomeActivity]@27ecfc4: registerCallbacksForSync syncBuffer=false
05-15 20:59:55.397 20661 20727 D VRI[HomeActivity]@27ecfc4: Received frameDrawingCallback syncResult=0 frameNum=1.
05-15 20:59:55.398 20661 20727 I VRI[HomeActivity]@27ecfc4: mWNT: t=0xb400007df8df1850 mBlastBufferQueue=0xb400007e28de3ce0 fn= 1 HdrRenderState mRenderHdrSdrRatio=1.0 caller= android.view.ViewRootImpl$12.onFrameDraw:15441 android.view.ThreadedRenderer$1.onFrameDraw:718 <bottom of call stack>
05-15 20:59:55.398 20661 20727 I VRI[HomeActivity]@27ecfc4: Setting up sync and frameCommitCallback
05-15 20:59:55.398  1808  1951 D SurfaceFlinger: [input] setFocusedWindow: c5a06c0 bitpit.launcher/bitpit.launcher.ui.HomeActivity
05-15 20:59:55.398  1977  6950 D InputDispatcher: Once focus requested (0): c5a06c0 bitpit.launcher/bitpit.launcher.ui.HomeActivity
05-15 20:59:55.399  1977  6950 D InputDispatcher: Focus request (0): c5a06c0 bitpit.launcher/bitpit.launcher.ui.HomeActivity but waiting because NO_WINDOW
05-15 20:59:55.399  1808  2497 I SurfaceFlinger: id=179686 Removed Surface(name=8f932e4 StatusBar)/@0xabc478a - animation-leash of insets_animation#179686 (169)
05-15 20:59:55.399  1808  1899 I SurfaceFlinger: id=179687 Removed Surface(name=7a9d783 NavigationBar0)/@0x10e1471 - animation-leash of insets_animation#179687 (169)
05-15 20:59:55.399  1977  2142 D SurfaceComposerClient: setCornerRadius ## c5a06c0 bitpit.launcher/bitpit.launcher.ui.HomeActivity#155257 cornerRadius=0.000000
05-15 20:59:55.400  1977  2142 D SurfaceComposerClient: setCornerRadius ## c5a06c0 bitpit.launcher/bitpit.launcher.ui.HomeActivity#155257 cornerRadius=0.000000
05-15 20:59:55.400 11062 11062 I WallpaperService: resized: systemlock, reportDraw=false, forceLayout=false, displayId=0
05-15 20:59:55.401 11062 11719 I WallpaperService: handleResized: which=7, reportDraw=false
05-15 20:59:55.401 11062 11062 I VRI[NavigationBar0]@e1dc51d: handleResized, frames=ClientWindowFrames{frame=[0,2196][1080,2340] display=[0,0][1080,2340] parentFrame=[0,0][0,0]} displayId=0 dragResizing=false compatScale=1.0 frameChanged=false attachedFrameChanged=false configChanged=false displayChanged=false compatScaleChanged=false dragResizingChanged=false
05-15 20:59:55.401 11062 11719 I WallpaperService: updateSurface systemlock forceRelayout=true forceReport=false redrawNeeded=false myWidth=-1 myHeight=-1 fixedSize=false x = 0 y = 0 mWidth=-1 mHeight=-1
05-15 20:59:55.401 11062 11062 I VRI[ScreenDecorOverlay]@6f4609c: Resizing android.view.ViewRootImpl@48f9e69: frame = [0,0][1080,121] reportDraw = false forceLayout = false syncSeqId = -1
05-15 20:59:55.401 11062 11719 I WallpaperService: maxBounds : Rect(0, 0 - 1080, 2340) , mDeviceHeight : 2340, mDeviceWidth : 1080,mDeviceRotation  : 0
05-15 20:59:55.401 11062 11719 I WallpaperService: updateSurface: invoke Session.relayout
05-15 20:59:55.401 11062 11062 I VRI[ScreenDecorOverlayBottom]@8250f9b: Resizing android.view.ViewRootImpl@229441c: frame = [0,2219][1080,2340] reportDraw = false forceLayout = false syncSeqId = -1
05-15 20:59:55.401 11062 11493 I VRI[ScreenDecorOverlay]@6f4609c: handleResized, frames=ClientWindowFrames{frame=[0,0][1080,121] display=[0,0][1080,2340] parentFrame=[0,0][0,0]} displayId=0 dragResizing=false compatScale=1.0 frameChanged=false attachedFrameChanged=false configChanged=false displayChanged=false compatScaleChanged=false dragResizingChanged=false
05-15 20:59:55.401  1977  8791 I WindowManager: Relayout Window{4845400 u0 com.android.systemui.wallpapers.ImageWallpaper}: viewVisibility=0 req=-1x-1 ty=2013 d0
05-15 20:59:55.401 11062 11493 I VRI[ScreenDecorOverlayBottom]@8250f9b: handleResized, frames=ClientWindowFrames{frame=[0,2219][1080,2340] display=[0,0][1080,2340] parentFrame=[0,0][0,0]} displayId=0 dragResizing=false compatScale=1.0 frameChanged=false attachedFrameChanged=false configChanged=false displayChanged=false compatScaleChanged=false dragResizingChanged=false
05-15 20:59:55.401  1977  8791 D SurfaceComposerClient: setCornerRadius ## c5a06c0 bitpit.launcher/bitpit.launcher.ui.HomeActivity#155257 cornerRadius=0.000000
05-15 20:59:55.401  6323  6323 I VRI[]@f636171: handleResized, frames=ClientWindowFrames{frame=[395,-13][685,145] display=[-100000,-100000][100000,100000] parentFrame=[0,0][0,0]} displayId=0 dragResizing=false compatScale=1.0 frameChanged=false attachedFrameChanged=false configChanged=false displayChanged=false compatScaleChanged=false dragResizingChanged=false
05-15 20:59:55.401  6323  6323 I VRI[]@d065a31: handleResized, frames=ClientWindowFrames{frame=[0,0][1080,115] display=[0,0][1080,2340] parentFrame=[0,0][0,0]} displayId=0 dragResizing=false compatScale=1.0 frameChanged=false attachedFrameChanged=false configChanged=false displayChanged=false compatScaleChanged=false dragResizingChanged=false
05-15 20:59:55.402  1977  8791 D SurfaceComposerClient: setCornerRadius ## c5a06c0 bitpit.launcher/bitpit.launcher.ui.HomeActivity#155257 cornerRadius=0.000000
05-15 20:59:55.402  1977  8791 I WindowManager: Relayout hash=4845400, pid=11062, syncId=-1: mAttrs={(0,0)(fillxfill) gr=TOP START CENTER layoutInDisplayCutoutMode=always ty=WALLPAPER fmt=RGBX_8888 wanim=0x1030328
05-15 20:59:55.402  1977  8791 I WindowManager:   fl=10318
05-15 20:59:55.402  1977  8791 I WindowManager:   pfl=14
05-15 20:59:55.402  1977  8791 I WindowManager:   bhv=1
05-15 20:59:55.402  1977  8791 I WindowManager:   frameRateBoostOnTouch=true
05-15 20:59:55.402  1977  8791 I WindowManager:   dvrrWindowFrameRateHint=true naviIconColor=0}
05-15 20:59:55.403 11062 11719 I BLASTBufferQueue_Java: update, w= 1080 h= 2340 mName = Wallpaper mNativeObject= 0xb400007e28d927d0 sc.mNativeObject= 0xb400007ea8d7e710 format= 2 caller= android.service.wallpaper.WallpaperService$Engine.getOrCreateBLASTSurface:2929 android.service.wallpaper.WallpaperService$Engine.updateSurface:1682 android.service.wallpaper.WallpaperService$IWallpaperEngineWrapper.handleResized:3540 android.service.wallpaper.WallpaperService$IWallpaperEngineWrapper.executeMessage:3459 com.android.internal.os.HandlerCaller$MyHandler.handleMessage:44 android.os.Handler.dispatchMessage:110
05-15 20:59:55.403 11062 11719 I BLASTBufferQueue: [Wallpaper#276](f:0,a:1,s:0) update width=1080 height=2340 format=2 mTransformHint=0
05-15 20:59:55.405  1808  1808 I SurfaceFlinger: RequestedLayer [com.android.systemui.wallpapers.ImageWallpaper$_11062#178729] hidden!! flag  from(1) --> to(0)
05-15 20:59:55.405  1808  1808 I SurfaceFlinger: destroyed Surface(name=8f932e4 StatusBar)/@0xabc478a - animation-leash of insets_animation#179686 form LifecycleManager
05-15 20:59:55.405  1808  1808 I SurfaceFlinger: destroyed Surface(name=7a9d783 NavigationBar0)/@0x10e1471 - animation-leash of insets_animation#179687 form LifecycleManager
05-15 20:59:55.405  1808  1808 I SurfaceFlinger: id=179686 onLayerDestroyed from LayerHierarchyBuilder(RequestedLayerState{Surface(name=8f932e4 StatusBar)/@0xabc478a - animation-leash of insets_animation#179686 !handle})
05-15 20:59:55.405  1808  1808 I SurfaceFlinger: id=179687 onLayerDestroyed from LayerHierarchyBuilder(RequestedLayerState{Surface(name=7a9d783 NavigationBar0)/@0x10e1471 - animation-leash of insets_animation#179687 !handle})
05-15 20:59:55.405  1808  1808 I Layer   : id=179686 Destroyed Surface(name=8f932e4 StatusBar)/@0xabc478a - animation-leash of insets_animation#179686
05-15 20:59:55.405  1808  1808 I Layer   : id=179687 Destroyed Surface(name=7a9d783 NavigationBar0)/@0x10e1471 - animation-leash of insets_animation#179687
05-15 20:59:55.407 20661 20699 I BLASTBufferQueue: [VRI[HomeActivity]@27ecfc4#855](f:0,a:0,s:0) onFrameAvailable the first frame is available
05-15 20:59:55.407 20661 20699 I SurfaceComposerClient: apply transaction with the first frame. layerId: 179688, bufferData(ID: 88738319307417, frameNumber: 1)
05-15 20:59:55.407  1977  2134 D NetworkPolicy: already checked 10578
05-15 20:59:55.407  1977  2134 D NetworkPolicy: already checked 10578
05-15 20:59:55.407  1808  1899 I SurfaceFlinger: [bitpit.launcher/bitpit.launcher.ui.HomeActivity$_20661#179688] setTransactionState with the first frame. bufferData(ID: 88738319307417, frameNumber: 1)
05-15 20:59:55.407 20661 20699 I VRI[HomeActivity]@27ecfc4: Received frameCommittedCallback lastAttemptedDrawFrameNum=1 didProduceBuffer=true
05-15 20:59:55.408 20661 20661 D VRI[HomeActivity]@27ecfc4: reportDrawFinished seqId=0
05-15 20:59:55.408  1977  2142 D SurfaceComposerClient: setCornerRadius ## c5a06c0 bitpit.launcher/bitpit.launcher.ui.HomeActivity#155257 cornerRadius=0.000000
05-15 20:59:55.408  1977  2142 D SurfaceComposerClient: setCornerRadius ## c5a06c0 bitpit.launcher/bitpit.launcher.ui.HomeActivity#155257 cornerRadius=0.000000
05-15 20:59:55.409 20661 20661 I InsetsController: onStateChanged: host=bitpit.launcher/bitpit.launcher.ui.HomeActivity, from=android.view.ViewRootImpl.onInsetsStateChanged:3026, state=InsetsState: {mDisplayFrame=Rect(0, 0 - 1080, 2340), mDisplayCutout=DisplayCutout{insets=Rect(0, 99 - 0, 0) waterfall=Insets{left=0, top=0, right=0, bottom=0} boundingRect={Bounds=[Rect(0, 0 - 0, 0), Rect(505, 0 - 575, 99), Rect(0, 0 - 0, 0), Rect(0, 0 - 0, 0)]} cutoutPathParserInfo={CutoutPathParserInfo{displayWidth=1080 displayHeight=2340 physicalDisplayWidth=1080 physicalDisplayHeight=2340 density={3.0} cutoutSpec={M 0,0 M 0,29 a 35,35 0 1,0 0,70 a 35,35 0 1,0 0,-70 Z} rotation={0} scale={1.0} physicalPixelDisplaySizeRatio={1.0}}} sideOverrides={}}, mRoundedCorners=RoundedCorners{[RoundedCorner{position=TopLeft, radius=108, center=Point(108, 108)}, RoundedCorner{position=TopRight, radius=108, center=Point(972, 108)}, RoundedCorner{position=BottomRight, radius=108, center=Point(972, 2232)}, RoundedCorner{position=BottomLeft, radius=108, center=Point(108, 2232)}]}  mRoundedCornerFrame=Rect(0, 0 - 1080, 2340), mPrivacyIndicatorBounds=PrivacyIndicatorBounds {static bounds=Rect(948, 0 - 1080, 99) rotation=0}, mDisplayShape=DisplayShape{ spec=-311912193 displayWidth=1080 displayHeight=2340 physicalPixelDisplaySizeRatio=1.0 rotation=0 offsetX=0 offsetY=0 scale=1.0}, mSources= { InsetsSource: {b73a0001 mType=navigationBars mFrame=[0,0][0,0] mVisible=true mFlags=SUPPRESS_SCRIM mSideHint=NONE mBoundingRects=null}, InsetsSource: {b73a0004 mType=systemGestures mFrame=[0,0][90,2340] mVisible=true mFlags= mSideHint=LEFT mBoundingRects=null}, InsetsSource: {b73a0005 mType=mandatorySystemGestures mFrame=[0,2265][1080,2340] mVisible=true mFlags= mSideHint=BOTTOM mBoundingRects=null}, InsetsSource: {b73a0006 mType=tappableElement mFrame=[0,0][0,0] mVisible=true mFlags= mSideHint=NONE mBoundingRects=null}, InsetsSource: {b73a0024 mType=systemGestures mFrame=[990,0][1080,2340] mVisible=true mFlags= mSideHint=RIGHT mBoundingRects=null}, InsetsSource: {3 mType=ime mFrame=[0,0][0,0] mVisible=false mFlags= mSideHint=NONE mBoundingRects=null}, InsetsSource: {27 mType=displayCutout mFrame=[0,0][1080,99] mVisible=true mFlags= mSideHint=TOP mBoundingRects=null}, InsetsSource: {9260000 mType=statusBars mFrame=[0,0][1080,99] mVisible=true mFlags= mSideHint=TOP mBoundingRects=null}, InsetsSource: {9260005 mType=mandatorySystemGestures mFrame=[0,0][1080,135] mVisible=true mFlags= mSideHint=TOP mBoundingRects=null}, InsetsSource: {9260006 mType=tappableElement mFrame=[0,0][1080,99] mVisible=true mFlags= mSideHint=TOP mBoundingRects=null} }
05-15 20:59:55.409 20661 20661 I InsetsSourceConsumer: applyRequestedVisibilityToControl: visible=true, type=navigationBars, host=bitpit.launcher/bitpit.launcher.ui.HomeActivity
05-15 20:59:55.409  1808  2497 I SurfaceFlinger: id=179691 createSurf, flag=84004, Transition Root: Task=1#179691
05-15 20:59:55.410  1977  2142 I SurfaceControlRegistry: show, t=StartTransaction_SyncId<14588> sc=ActivityRecord{148716444 u0 bitpit.launcher/.ui.HomeActivity t1351}, caller=android.view.SurfaceControl$Transaction.show:3557 com.android.server.wm.Transition.onTransactionReady:2048 com.android.server.wm.BLASTSyncEngine$SyncGroup.finishNow:240 com.android.server.wm.BLASTSyncEngine.onSurfacePlacement:263 com.android.server.wm.RootWindowContainer.performSurfacePlacementNoTrace:1083 com.android.server.wm.WindowSurfacePlacer.performSurfacePlacement:166
05-15 20:59:55.410  1977  2142 I SurfaceControlRegistry: show, t=StartTransaction_SyncId<14588> sc=Task=1351, caller=android.view.SurfaceControl$Transaction.show:3557 com.android.server.wm.Transition.onTransactionReady:2081 com.android.server.wm.BLASTSyncEngine$SyncGroup.finishNow:240 com.android.server.wm.BLASTSyncEngine.onSurfacePlacement:263 com.android.server.wm.RootWindowContainer.performSurfacePlacementNoTrace:1083 com.android.server.wm.WindowSurfacePlacer.performSurfacePlacement:166
05-15 20:59:55.410  1977  2142 D SurfaceComposerClient: setCornerRadius ## WallpaperWindowToken{43888ef showWhenLocked=false}#178727 cornerRadius=0.000000
05-15 20:59:55.410  1977  2142 D SurfaceComposerClient: setCornerRadius ## Task=2392#179664 cornerRadius=0.000000
05-15 20:59:55.410  1977  2142 D SurfaceComposerClient: setCornerRadius ## Task=1#172921 cornerRadius=0.000000
05-15 20:59:55.411 20661 20661 I InsetsController: controlAnimationUncheckedInner: Added types=statusBars, animType=1, host=bitpit.launcher/bitpit.launcher.ui.HomeActivity, from=android.view.InsetsController.controlAnimationUnchecked:1608 android.view.InsetsController.applyAnimation:2416 android.view.InsetsController.applyAnimation:2343
05-15 20:59:55.411  1977  2142 D ScreenCapture: [Capture_TEST] : setIsScreenShotBySystem false
05-15 20:59:55.411  1977  2142 I SurfaceComposerClient: captureLayers:childrenOnly:1, sync:1
05-15 20:59:55.411 20661 20661 I InsetsController: onStateChanged: host=bitpit.launcher/bitpit.launcher.ui.HomeActivity, from=android.view.ViewRootImpl.onInsetsStateChanged:3026, state=InsetsState: {mDisplayFrame=Rect(0, 0 - 1080, 2340), mDisplayCutout=DisplayCutout{insets=Rect(0, 99 - 0, 0) waterfall=Insets{left=0, top=0, right=0, bottom=0} boundingRect={Bounds=[Rect(0, 0 - 0, 0), Rect(505, 0 - 575, 99), Rect(0, 0 - 0, 0), Rect(0, 0 - 0, 0)]} cutoutPathParserInfo={CutoutPathParserInfo{displayWidth=1080 displayHeight=2340 physicalDisplayWidth=1080 physicalDisplayHeight=2340 density={3.0} cutoutSpec={M 0,0 M 0,29 a 35,35 0 1,0 0,70 a 35,35 0 1,0 0,-70 Z} rotation={0} scale={1.0} physicalPixelDisplaySizeRatio={1.0}}} sideOverrides={}}, mRoundedCorners=RoundedCorners{[RoundedCorner{position=TopLeft, radius=108, center=Point(108, 108)}, RoundedCorner{position=TopRight, radius=108, center=Point(972, 108)}, RoundedCorner{position=BottomRight, radius=108, center=Point(972, 2232)}, RoundedCorner{position=BottomLeft, radius=108, center=Point(108, 2232)}]}  mRoundedCornerFrame=Rect(0, 0 - 1080, 2340), mPrivacyIndicatorBounds=PrivacyIndicatorBounds {static bounds=Rect(948, 0 - 1080, 99) rotation=0}, mDisplayShape=DisplayShape{ spec=-311912193 displayWidth=1080 displayHeight=2340 physicalPixelDisplaySizeRatio=1.0 rotation=0 offsetX=0 offsetY=0 scale=1.0}, mSources= { InsetsSource: {b73a0001 mType=navigationBars mFrame=[0,0][0,0] mVisible=true mFlags=SUPPRESS_SCRIM mSideHint=NONE mBoundingRects=null}, InsetsSource: {b73a0004 mType=systemGestures mFrame=[0,0][90,2340] mVisible=true mFlags= mSideHint=LEFT mBoundingRects=null}, InsetsSource: {b73a0005 mType=mandatorySystemGestures mFrame=[0,2265][1080,2340] mVisible=true mFlags= mSideHint=BOTTOM mBoundingRects=null}, InsetsSource: {b73a0006 mType=tappableElement mFrame=[0,0][0,0] mVisible=true mFlags= mSideHint=NONE mBoundingRects=null}, InsetsSource: {b73a0024 mType=systemGestures mFrame=[990,0][1080,2340] mVisible=true mFlags= mSideHint=RIGHT mBoundingRects=null}, InsetsSource: {3 mType=ime mFrame=[0,0][0,0] mVisible=false mFlags= mSideHint=NONE mBoundingRects=null}, InsetsSource: {27 mType=displayCutout mFrame=[0,0][1080,99] mVisible=true mFlags= mSideHint=TOP mBoundingRects=null}, InsetsSource: {9260000 mType=statusBars mFrame=[0,0][1080,99] mVisible=false mFlags= mSideHint=TOP mBoundingRects=null}, InsetsSource: {9260005 mType=mandatorySystemGestures mFrame=[0,0][1080,135] mVisible=true mFlags= mSideHint=TOP mBoundingRects=null}, InsetsSource: {9260006 mType=tappableElement mFrame=[0,0][1080,99] mVisible=true mFlags= mSideHint=TOP mBoundingRects=null} }
05-15 20:59:55.412 20661 20661 I VRI[HomeActivity]@27ecfc4: handleResized, frames=ClientWindowFrames{frame=[0,0][1080,2340] display=[0,0][1080,2340] parentFrame=[0,0][0,0]} displayId=0 dragResizing=false compatScale=1.0 frameChanged=false attachedFrameChanged=false configChanged=false displayChanged=false compatScaleChanged=false dragResizingChanged=false
05-15 20:59:55.412 20661 20661 I VRI[HomeActivity]@27ecfc4: handleResized mSyncSeqId = 0
05-15 20:59:55.412 20661 20661 D VRI[HomeActivity]@27ecfc4: reportNextDraw android.view.ViewRootImpl.handleResized:2983 android.view.ViewRootImpl.-$$Nest$mhandleResized:0 android.view.ViewRootImpl$W.resized:14082 android.app.servertransaction.WindowStateResizeItem.execute:93 android.app.servertransaction.WindowStateTransactionItem.execute:62
05-15 20:59:55.413 11062 11118 I SurfaceControlRegistry: show, t=StartTransaction_SyncId<14588> sc=WallpaperWindowToken{43888ef showWhenLocked=false}, caller=android.view.SurfaceControl$Transaction.show:3557 com.android.wm.shell.transition.Transitions.dispatchReady:907 com.android.wm.shell.transition.Transitions.onTransitionReady:251 com.android.wm.shell.transition.Transitions$TransitionPlayerImpl$$ExternalSyntheticLambda0.run:13 android.os.Handler.handleCallback:995 android.os.Handler.dispatchMessage:103
05-15 20:59:55.413 11062 11118 I SurfaceControlRegistry: hide, t=FinishTransaction_SyncId<14588> sc=Task=2392, caller=android.view.SurfaceControl$Transaction.hide:3583 com.android.wm.shell.transition.Transitions.dispatchReady:1263 com.android.wm.shell.transition.Transitions.onTransitionReady:251 com.android.wm.shell.transition.Transitions$TransitionPlayerImpl$$ExternalSyntheticLambda0.run:13 android.os.Handler.handleCallback:995 android.os.Handler.dispatchMessage:103
05-15 20:59:55.413 11062 11118 I SurfaceControlRegistry: show, t=StartTransaction_SyncId<14588> sc=Task=1, caller=android.view.SurfaceControl$Transaction.show:3557 com.android.wm.shell.transition.Transitions.dispatchReady:1279 com.android.wm.shell.transition.Transitions.onTransitionReady:251 com.android.wm.shell.transition.Transitions$TransitionPlayerImpl$$ExternalSyntheticLambda0.run:13 android.os.Handler.handleCallback:995 android.os.Handler.dispatchMessage:103
05-15 20:59:55.413 11062 11118 I SurfaceControlRegistry: show, t=FinishTransaction_SyncId<14588> sc=Task=1, caller=android.view.SurfaceControl$Transaction.show:3557 com.android.wm.shell.transition.Transitions.dispatchReady:1330 com.android.wm.shell.transition.Transitions.onTransitionReady:251 com.android.wm.shell.transition.Transitions$TransitionPlayerImpl$$ExternalSyntheticLambda0.run:13 android.os.Handler.handleCallback:995 android.os.Handler.dispatchMessage:103
05-15 20:59:55.413  1808  1808 I SurfaceFlinger: [Transition Root: Task=1#179691] attach to parent LayerHierarchy{RequestedLayerState{DefaultTaskDisplayArea_d0#172934 parentId=9} 12 children}
05-15 20:59:55.413 11062 11118 I SurfaceControlRegistry: show, t=StartTransaction_SyncId<14588> sc=Transition Root: Task=1, caller=android.view.SurfaceControl$Transaction.show:3557 com.android.wm.shell.transition.Transitions.playTransition:79 com.android.wm.shell.transition.Transitions.processReadyQueue:239 com.android.wm.shell.transition.Transitions.dispatchReady:1352 com.android.wm.shell.transition.Transitions.onTransitionReady:251 com.android.wm.shell.transition.Transitions$TransitionPlayerImpl$$ExternalSyntheticLambda0.run:13
05-15 20:59:55.413 20661 20661 D VRI[HomeActivity]@27ecfc4: Setup new sync=wmsSync-VRI[HomeActivity]@27ecfc4#13
05-15 20:59:55.413 20661 20661 I VRI[HomeActivity]@27ecfc4: Creating new active sync group VRI[HomeActivity]@27ecfc4#14
05-15 20:59:55.414 20661 20661 D VRI[HomeActivity]@27ecfc4: registerCallbacksForSync syncBuffer=false
05-15 20:59:55.414 20661 20727 I VRI[HomeActivity]@27ecfc4: mWNT: t=0xb400007df8dc19d0 mBlastBufferQueue=0xb400007e28de3ce0 fn= 2 HdrRenderState mRenderHdrSdrRatio=1.0 caller= android.view.SyncRtSurfaceTransactionApplier.applyTransaction:100 android.view.SyncRtSurfaceTransactionApplier.lambda$scheduleApply$0:73 android.view.SyncRtSurfaceTransactionApplier.$r8$lambda$afI4fXg3U3-nBZQEDQMiNy-B06s:0
05-15 20:59:55.414 20661 20727 D VRI[HomeActivity]@27ecfc4: Received frameDrawingCallback syncResult=0 frameNum=2.
05-15 20:59:55.414 20661 20727 I VRI[HomeActivity]@27ecfc4: Setting up sync and frameCommitCallback
05-15 20:59:55.415 11062 11118 I SurfaceControlRegistry: apply, t=StartTransaction_SyncId<14588>, caller=android.view.SurfaceControl$Transaction.apply:3459 android.view.SurfaceControl$Transaction.apply:3447 android.view.SurfaceControl$Transaction.apply:3397 com.android.wm.shell.transition.DefaultTransitionHandler.startAnimation:3292 com.android.wm.shell.transition.Transitions.dispatchTransition:90 com.android.wm.shell.transition.Transitions.playTransition:774
05-15 20:59:55.417  1808  2497 I SurfaceFlinger: Capture layer list: 	 es.uniovi.recetasasturianas/es.uniovi.recetasasturianas.MainActivity$_24090#179671(seamlessTransition:0)
05-15 20:59:55.417  1808  1908 D RenderEngine: [SEC_SF_EFFECTS] drawLayersInternal,1483, Rendering layer ScreenCaptureFillLayer at index 0
05-15 20:59:55.417  1808  1908 D RenderEngine: [SEC_SF_EFFECTS] drawLayersInternal,1483, Rendering layer es.uniovi.recetasasturianas/es.uniovi.recetasasturianas.MainActivity$_24090#179671 at index 1
05-15 20:59:55.421  1977  2142 D SurfaceComposerClient: setCornerRadius ## c5a06c0 bitpit.launcher/bitpit.launcher.ui.HomeActivity#155257 cornerRadius=0.000000
05-15 20:59:55.421  1808  1808 I SurfaceFlinger: RequestedLayer [27d02b7 Splash Screen es.uniovi.recetasasturianas.test#179680] hidden!! flag  from(1) --> to(0)
05-15 20:59:55.421  1808  1808 I SurfaceFlinger: RequestedLayer [3af429d es.uniovi.recetasasturianas.[...]ActivityInvoker$EmptyActivity#179682] hidden!! flag  from(1) --> to(0)
05-15 20:59:55.421  1808  1808 I SurfaceFlinger: RequestedLayer [bitpit.launcher/bitpit.launcher.ui.HomeActivity$_20661#179688] hidden!! flag  from(1) --> to(0)
05-15 20:59:55.421  1808  1808 I SurfaceFlinger: RequestedLayer [Transition Root: Task=1#179691] hidden!! flag  from(1) --> to(0)
05-15 20:59:55.421  1808  1808 I SurfaceFlinger: RequestedLayer [ActivityRecord{148716444 u0 bitpit.launcher/.ui.HomeActivity t1351}#116667] hidden!! flag  from(1) --> to(0)
05-15 20:59:55.421  1808  1808 I SurfaceFlinger: RequestedLayer [Task=1351#116666] hidden!! flag  from(1) --> to(0)
05-15 20:59:55.421  1808  1808 I SurfaceFlinger: RequestedLayer [WallpaperWindowToken{43888ef showWhenLocked=false}#178727] hidden!! flag  from(1) --> to(0)
05-15 20:59:55.421  1808  1808 I SurfaceFlinger: RequestedLayer [Task=1#172921] hidden!! flag  from(1) --> to(0)
05-15 20:59:55.421  1808  1808 E SurfaceFlinger: alpha changed 1.000 -> 0.000 - Task=1#172921
05-15 20:59:55.421  1808  1808 E SurfaceFlinger: alpha changed 1.000 -> 0.000 - Task=2392#179664
05-15 20:59:55.421  1808  1808 E SurfaceFlinger: alpha changed 0.000 -> 1.000 - Task=1#172921
05-15 20:59:55.421  1977  2142 D SurfaceComposerClient: setCornerRadius ## c5a06c0 bitpit.launcher/bitpit.launcher.ui.HomeActivity#155257 cornerRadius=0.000000
05-15 20:59:55.421  1808  1808 I SurfaceFlinger: [LayerHierarchy{RequestedLayerState{Task=1#172921 parentId=179691 z=4} 4 children}] reparent to LayerHierarchy{RequestedLayerState{Transition Root: Task=1#179691 parentId=172934} 1 children}
05-15 20:59:55.421  1808  1808 I SurfaceFlinger: [LayerHierarchy{RequestedLayerState{Task=2392#179664 parentId=179691 z=6} 1 children}] reparent to LayerHierarchy{RequestedLayerState{Transition Root: Task=1#179691 parentId=172934} 2 children}
05-15 20:59:55.423 11062 11118 I SurfaceControlRegistry: apply, t=FinishTransaction_SyncId<14588>, caller=android.view.SurfaceControl$Transaction.apply:3459 android.view.SurfaceControl$Transaction.apply:3447 android.view.SurfaceControl$Transaction.apply:3397 com.android.wm.shell.transition.Transitions.onFinish:315 com.android.wm.shell.transition.Transitions$$ExternalSyntheticLambda7.onTransitionFinished:12 com.android.wm.shell.transition.DefaultTransitionHandler$$ExternalSyntheticLambda6.run:36
05-15 20:59:55.423  4195 23186 I HoneySpace.RecentTasks: onRunningTaskAppeared
05-15 20:59:55.424  4195 23186 I HoneySpace.RecentTasks: onRecentTasksChanged
05-15 20:59:55.424  1808  1808 D SurfaceFlinger: Display 4630947232161729154 HWC layers:
05-15 20:59:55.424  1808  1808 D SurfaceFlinger:        DEVICE |           47510928231149 | 00000100 | RGBA_8888    |    0.0    0.0 1080.0 2340.0 |    0    0 1080 2340 | Wallpaper BBQ wrapper 7_systemlock#178730 (1)
05-15 20:59:55.424  1808  1808 D SurfaceFlinger:        DEVICE |           88738319307417 | 00002100 | RGBA_8888    |    0.0    0.0 1080.0 2340.0 |    0    0 1080 2340 | bitpit.launcher/bitpit.launcher.ui.HomeActivity$_20661#179688 (1)
05-15 20:59:55.424  1808  1808 D SurfaceFlinger:        DEVICE |           47510928230651 | 00002100 | RGBA_8888    |    0.0    0.0 1080.0   99.0 |    0    0 1080   99 | StatusBar$_11062#172976 (4148)
05-15 20:59:55.424  1808  1808 D SurfaceFlinger:        DEVICE |           47510928230649 | 00002100 | RGBA_8888    |    0.0    0.0 1080.0  144.0 |    0 2196 1080 2340 | NavigationBar0$_11062#172972 (359)
05-15 20:59:55.424  1808  1808 D SurfaceFlinger:        DEVICE |           27157078223661 | 00002100 | RGBA_8888    |    0.0   13.0  290.0  158.0 |  395    0  685  145 | $_6323#154529 (967)
05-15 20:59:55.424  1808  1808 D SurfaceFlinger:        DEVICE |           27157078223656 | 00002100 | RGBA_8888    |    0.0    0.0 1080.0  115.0 |    0    0 1080  115 | $_6323#177506 (652)
05-15 20:59:55.424  1808  1808 D SurfaceFlinger:        DEVICE |           4751092823063
05-15 20:59:55.424  1808  1808 D SurfaceFlinger: 8 | 00002140 | RGBA_8888    |    0.0    0.0 1080.0  121.0 |    0    0 1080  121 | ScreenDecorOverlay$_11062#172986 (67)
05-15 20:59:55.424  1808  1808 D SurfaceFlinger:        DEVICE |           47510928230639 | 00002140 | RGBA_8888    |    0.0    0.0 1080.0  121.0 |    0 2219 1080 2340 | ScreenDecorOverlayBottom$_11062#172987 (60)
05-15 20:59:55.424  1808  1808 D SurfaceFlinger:
05-15 20:59:55.425 20661 20699 I VRI[HomeActivity]@27ecfc4: Received frameCommittedCallback lastAttemptedDrawFrameNum=2 didProduceBuffer=true
05-15 20:59:55.425 20661 20661 D VRI[HomeActivity]@27ecfc4: reportDrawFinished seqId=0
05-15 20:59:55.425  1977  6943 D PersonaActivityHelper: token.toString()  Token{fe28a74 ActivityRecord{113146246 u0 es.uniovi.recetasasturianas/.MainActivity t2392 f}}}
05-15 20:59:55.425  1977  6943 D PersonaActivityHelper: mLastResumedSFActivity getPackageName  com.android.settings
05-15 20:59:55.425  1977  6943 D PersonaActivityHelper: mLastResumedSFActivity getShortClassName  .fuelgauge.RequestIgnoreBatteryOptimizations
05-15 20:59:55.426  1977  6943 D PersonaActivityHelper: token.toString()  Token{d2d617a ActivityRecord{148716444 u0 bitpit.launcher/.ui.HomeActivity t1351}}
05-15 20:59:55.426  1977  6943 D PersonaActivityHelper: mLastResumedSFActivity getPackageName  com.android.settings
05-15 20:59:55.426  1977  6943 D PersonaActivityHelper: mLastResumedSFActivity getShortClassName  .fuelgauge.RequestIgnoreBatteryOptimizations
05-15 20:59:55.426 24090 24090 I VRI[MainActivity]@229a2fc: handleAppVisibility mAppVisible = true visible = false
05-15 20:59:55.426 24090 24090 D VRI[MainActivity]@229a2fc: visibilityChanged oldVisibility=true newVisibility=false
05-15 20:59:55.426  1977  6943 D PersonaActivityHelper: token.toString()  Token{cb7b360 ActivityRecord{198149522 u0 es.uniovi.recetasasturianas.test/androidx.test.core.app.InstrumentationActivityInvoker$EmptyActivity t2393 f}}}
05-15 20:59:55.426  1977  6943 D PersonaActivityHelper: mLastResumedSFActivity getPackageName  com.android.settings
05-15 20:59:55.426  1977  6943 D PersonaActivityHelper: mLastResumedSFActivity getShortClassName  .fuelgauge.RequestIgnoreBatteryOptimizations
05-15 20:59:55.426 20661 20726 I VRI[HomeActivity]@27ecfc4: mWNT: t=0xb400007df8d49bd0 mBlastBufferQueue=0xb400007e28de3ce0 fn= 3 HdrRenderState mRenderHdrSdrRatio=1.0 caller= android.view.SyncRtSurfaceTransactionApplier.applyTransaction:100 android.view.SyncRtSurfaceTransactionApplier.lambda$scheduleApply$0:73 android.view.SyncRtSurfaceTransactionApplier.$r8$lambda$afI4fXg3U3-nBZQEDQMiNy-B06s:0
05-15 20:59:55.428  1808  1899 I SurfaceFlinger: id=179692 createSurf, flag=24000, Surface(name=3af429d es.uniovi.recetasasturianas.test/androidx.test.core.app.InstrumentationActivityInvoker$EmptyActivity)/@0xd67a6b3 - animation-leash of starting_reveal#179692
05-15 20:59:55.430  1808  1808 I SurfaceFlinger: RequestedLayer [Task=2392#179664] hidden!! flag  from(0) --> to(1)
05-15 20:59:55.430  1808  1808 E SurfaceFlinger: alpha changed 0.000 -> 1.000 - Task=2392#179664
05-15 20:59:55.430  1808  1808 I SurfaceFlinger: [Display 0 name="Built-in Screen"#172933] setFrameRateCategory: Default
05-15 20:59:55.430  1808  1808 I SurfaceFlinger: [LayerHierarchy{RequestedLayerState{Task=1#172921 parentId=172934} 4 children}] reparent to LayerHierarchy{RequestedLayerState{DefaultTaskDisplayArea_d0#172934 parentId=9} 11 children}
05-15 20:59:55.430  1808  1808 I SurfaceFlinger: [LayerHierarchy{RequestedLayerState{WallpaperWindowToken{43888ef showWhenLocked=false}#178727 parentId=8} 1 children}] reparent to LayerHierarchy{RequestedLayerState{Leaf:1:1#8 parentId=7} 1 children}
05-15 20:59:55.430  1808  1808 I SurfaceFlinger: [LayerHierarchy{RequestedLayerState{Task=2392#179664 parentId=172934 z=7} 1 children}] reparent to LayerHierarchy{RequestedLayerState{DefaultTaskDisplayArea_d0#172934 parentId=9} 12 children}
05-15 20:59:55.430  1808  1808 I SurfaceFlinger: [LayerHierarchy{RequestedLayerState{Transition Root: Task=1#179691} no children}] reparent to OffscreenRoot
05-15 20:59:55.430  1808  1808 I SurfaceFlinger: [LayerHierarchy{RequestedLayerState{Transition Root: Task=1#179691} no children}] RelativeParent to null
05-15 20:59:55.430  1808  1808 I SurfaceFlinger: [Surface(name=3af429d es.uniovi.recetasasturianas.test/androidx.test.core.app.InstrumentationActivityInvoker$EmptyActivity)/@0xd67a6b3 - animation-leash of starting_reveal#179692] attach to parent LayerHierarchy{RequestedLayerState{ActivityRecord{198149522 u0 es.uniovi.recetasasturianas.test/androidx.test.core.app.InstrumentationActivityInvoker$EmptyActivity t2393}#179679 parentId=179678} 3 children}
05-15 20:59:55.430  1977  8791 D InputDispatcher: Focus entered window (0): c5a06c0 bitpit.launcher/bitpit.launcher.ui.HomeActivity
05-15 20:59:55.431  1808  1808 I SurfaceFlinger: id=179691 Removed Transition Root: Task=1#179691 (169)
05-15 20:59:55.431  1808  1808 E RefreshRateSelector: Can't find HRR max refresh rate by policy with the same group 1080
05-15 20:59:55.431  1977  2142 D SurfaceComposerClient: setCornerRadius ## c5a06c0 bitpit.launcher/bitpit.launcher.ui.HomeActivity#155257 cornerRadius=0.000000
05-15 20:59:55.432  1977  2142 D SurfaceComposerClient: setCornerRadius ## c5a06c0 bitpit.launcher/bitpit.launcher.ui.HomeActivity#155257 cornerRadius=0.000000
05-15 20:59:55.432 24090 24155 D HWUI    : CacheManager::trimMemory(20)
05-15 20:59:55.433  1977  4019 I WindowManager: Relayout Window{be1cb34 u0 es.uniovi.recetasasturianas/es.uniovi.recetasasturianas.MainActivity}: viewVisibility=8 req=1080x2340 ty=1 d0
05-15 20:59:55.433 11062 11118 D ShellTaskOrganizer: removeStartingWindow, removalInfo=StartingWindowRemovalInfo{taskId=2393 frame=Rect(0, 0 - 1080, 2340) playRevealAnimation=true roundedCornerRadius=0.0 deferRemoveMode=0 windowlessSurface=false removeImmediately=false}
05-15 20:59:55.434 24267 24267 I VRI[InstrumentationActivityInvoker$EmptyActivity]@3bba3f2: stopped(true) old = false
05-15 20:59:55.434 24267 24267 D VRI[InstrumentationActivityInvoker$EmptyActivity]@3bba3f2: WindowStopped on es.uniovi.recetasasturianas.test/androidx.test.core.app.InstrumentationActivityInvoker$EmptyActivity set to true
05-15 20:59:55.434 24267 24288 D HWUI    : CacheManager::trimMemory(20)
05-15 20:59:55.434  1977  4019 D SurfaceComposerClient: setCornerRadius ## c5a06c0 bitpit.launcher/bitpit.launcher.ui.HomeActivity#155257 cornerRadius=0.000000
05-15 20:59:55.435  1977  4019 D SurfaceComposerClient: setCornerRadius ## c5a06c0 bitpit.launcher/bitpit.launcher.ui.HomeActivity#155257 cornerRadius=0.000000
05-15 20:59:55.435  1977  4019 I WindowManager: Relayout hash=be1cb34, pid=24090, syncId=-1: mAttrs={(0,0)(fillxfill) sim={adjust=resize forwardNavigation} layoutInDisplayCutoutMode=always ty=BASE_APPLICATION wanim=0x1030317
05-15 20:59:55.435  1977  4019 I WindowManager:   fl=81810100
05-15 20:59:55.435  1977  4019 I WindowManager:   pfl=100088c0
05-15 20:59:55.435  1977  4019 I WindowManager:   vsysui=500
05-15 20:59:55.435  1977  4019 I WindowManager:   bhv=1
05-15 20:59:55.435  1977  4019 I WindowManager:   fitSides=0
05-15 20:59:55.435  1977  4019 I WindowManager:   frameRateBoostOnTouch=true
05-15 20:59:55.435  1977  4019 I WindowManager:   dvrrWindowFrameRateHint=true naviIconColor=0}
05-15 20:59:55.437 20661 20727 I VRI[HomeActivity]@27ecfc4: mWNT: t=0xb400007df8ddf090 mBlastBufferQueue=0xb400007e28de3ce0 fn= 4 HdrRenderState mRenderHdrSdrRatio=1.0 caller= android.view.SyncRtSurfaceTransactionApplier.applyTransaction:100 android.view.SyncRtSurfaceTransactionApplier.lambda$scheduleApply$0:73 android.view.SyncRtSurfaceTransactionApplier.$r8$lambda$afI4fXg3U3-nBZQEDQMiNy-B06s:0
05-15 20:59:55.437 20661 20661 D VRI[HomeActivity]@27ecfc4: mThreadedRenderer.initializeIfNeeded()#2 mSurface={isValid=true 0xb400007de8d4ec20}
05-15 20:59:55.438 24090 24090 I VRI[MainActivity]@229a2fc: Relayout returned: old=(0,0,1080,2340) new=(0,0,1080,2340) relayoutAsync=false req=(1080,2340)8 dur=5 res=0x2 s={false 0x0} ch=true seqId=0
05-15 20:59:55.438 24267 24267 W WindowOnBackDispatcher: sendCancelIfRunning: isInProgress=false callback=android.view.ViewRootImpl$$ExternalSyntheticLambda16@fdc0d3e
