05-15 20:59:48.073 11062 11138 D VRI[recetasasturianas]@1fcc10d: reportDrawFinished seqId=0
05-15 20:59:48.076  1977  6943 D SurfaceComposerClient: setCornerRadius ## 3172d4e Splash Screen es.uniovi.recetasasturianas#179458 cornerRadius=0.000000
05-15 20:59:48.076  1977  6943 D SurfaceComposerClient: setCornerRadius ## 3172d4e Splash Screen es.uniovi.recetasasturianas#179458 cornerRadius=0.000000
05-15 20:59:48.078  4195 23186 I HoneySpace.RecentTasks: onRecentTasksChanged
05-15 20:59:48.078  1977  3186 D AS.MultiSoundManager: mForegroundUid = 10625
05-15 20:59:48.078  1808  1808 I SurfaceFlinger: [Surface(name=8f932e4 StatusBar)/@0xabc478a - animation-leash of insets_animation#179463] attach to parent LayerHierarchy{RequestedLayerState{WindowToken{68a9b23 type=2000 android.os.BinderProxy@abe78dd}#172963 parentId=17} 2 children}
05-15 20:59:48.079  1808  1808 I SurfaceFlinger: [Surface(name=7a9d783 NavigationBar0)/@0x10e1471 - animation-leash of insets_animation#179464] attach to parent LayerHierarchy{RequestedLayerState{WindowToken{ec79b94 type=2019 android.os.BinderProxy@3619da6}#172956 parentId=34} 2 children}
05-15 20:59:48.079 20661 20661 I InsetsController: onStateChanged: host=bitpit.launcher/bitpit.launcher.ui.HomeActivity, from=android.view.ViewRootImpl.onInsetsStateChanged:3026, state=InsetsState: {mDisplayFrame=Rect(0, 0 - 1080, 2340), mDisplayCutout=DisplayCutout{insets=Rect(0, 99 - 0, 0) waterfall=Insets{left=0, top=0, right=0, bottom=0} boundingRect={Bounds=[Rect(0, 0 - 0, 0), Rect(505, 0 - 575, 99), Rect(0, 0 - 0, 0), Rect(0, 0 - 0, 0)]} cutoutPathParserInfo={CutoutPathParserInfo{displayWidth=1080 displayHeight=2340 physicalDisplayWidth=1080 physicalDisplayHeight=2340 density={3.0} cutoutSpec={M 0,0 M 0,29 a 35,35 0 1,0 0,70 a 35,35 0 1,0 0,-70 Z} rotation={0} scale={1.0} physicalPixelDisplaySizeRatio={1.0}}} sideOverrides={}}, mRoundedCorners=RoundedCorners{[RoundedCorner{position=TopLeft, radius=108, center=Point(108, 108)}, RoundedCorner{position=TopRight, radius=108, center=Point(972, 108)}, RoundedCorner{position=BottomRight, radius=108, center=Point(972, 2232)}, RoundedCorner{position=BottomLeft, radius=108, center=Point(108, 2232)}]}  mRoundedCornerFrame=Rect(0, 0 - 1080, 2340), mPrivacyIndicatorBounds=PrivacyIndicatorBounds {static bounds=Rect(948, 0 - 1080, 99) rotation=0}, mDisplayShape=DisplayShape{ spec=-311912193 displayWidth=1080 displayHeight=2340 physicalPixelDisplaySizeRatio=1.0 rotation=0 offsetX=0 offsetY=0 scale=1.0}, mSources= { InsetsSource: {b73a0001 mType=navigationBars mFrame=[0,0][0,0] mVisible=true mFlags=SUPPRESS_SCRIM mSideHint=NONE mBoundingRects=null}, InsetsSource: {b73a0004 mType=systemGestures mFrame=[0,0][90,2340] mVisible=true mFlags= mSideHint=LEFT mBoundingRects=null}, InsetsSource: {b73a0005 mType=mandatorySystemGestures mFrame=[0,2265][1080,2340] mVisible=true mFlags= mSideHint=BOTTOM mBoundingRects=null}, InsetsSource: {b73a0006 mType=tappableElement mFrame=[0,0][0,0] mVisible=true mFlags= mSideHint=NONE mBoundingRects=null}, InsetsSource: {b73a0024 mType=systemGestures mFrame=[990,0][1080,2340] mVisible=true mFlags= mSideHint=RIGHT mBoundingRects=null}, InsetsSource: {3 mType=ime mFrame=[0,0][0,0] mVisible=false mFlags= mSideHint=NONE mBoundingRects=null}, InsetsSource: {27 mType=displayCutout mFrame=[0,0][1080,99] mVisible=true mFlags= mSideHint=TOP mBoundingRects=null}, InsetsSource: {9260000 mType=statusBars mFrame=[0,0][1080,99] mVisible=true mFlags= mSideHint=TOP mBoundingRects=null}, InsetsSource: {9260005 mType=mandatorySystemGestures mFrame=[0,0][1080,135] mVisible=true mFlags= mSideHint=TOP mBoundingRects=null}, InsetsSource: {9260006 mType=tappableElement mFrame=[0,0][1080,99] mVisible=true mFlags= mSideHint=TOP mBoundingRects=null} }
05-15 20:59:48.079 20661 20661 I InsetsSourceConsumer: applyRequestedVisibilityToControl: visible=true, type=navigationBars, host=bitpit.launcher/bitpit.launcher.ui.HomeActivity
05-15 20:59:48.080  1977  2142 D SurfaceComposerClient: setCornerRadius ## 3172d4e Splash Screen es.uniovi.recetasasturianas#179458 cornerRadius=0.000000
05-15 20:59:48.080 20661 20661 I InsetsController: controlAnimationUncheckedInner: Added types=statusBars, animType=1, host=bitpit.launcher/bitpit.launcher.ui.HomeActivity, from=android.view.InsetsController.controlAnimationUnchecked:1608 android.view.InsetsController.applyAnimation:2416 android.view.InsetsController.applyAnimation:2343
05-15 20:59:48.081  1977  2142 D SurfaceComposerClient: setCornerRadius ## 3172d4e Splash Screen es.uniovi.recetasasturianas#179458 cornerRadius=0.000000
05-15 20:59:48.081 20661 20661 I InsetsController: onStateChanged: host=bitpit.launcher/bitpit.launcher.ui.HomeActivity, from=android.view.ViewRootImpl.onInsetsStateChanged:3026, state=InsetsState: {mDisplayFrame=Rect(0, 0 - 1080, 2340), mDisplayCutout=DisplayCutout{insets=Rect(0, 99 - 0, 0) waterfall=Insets{left=0, top=0, right=0, bottom=0} boundingRect={Bounds=[Rect(0, 0 - 0, 0), Rect(505, 0 - 575, 99), Rect(0, 0 - 0, 0), Rect(0, 0 - 0, 0)]} cutoutPathParserInfo={CutoutPathParserInfo{displayWidth=1080 displayHeight=2340 physicalDisplayWidth=1080 physicalDisplayHeight=2340 density={3.0} cutoutSpec={M 0,0 M 0,29 a 35,35 0 1,0 0,70 a 35,35 0 1,0 0,-70 Z} rotation={0} scale={1.0} physicalPixelDisplaySizeRatio={1.0}}} sideOverrides={}}, mRoundedCorners=RoundedCorners{[RoundedCorner{position=TopLeft, radius=108, center=Point(108, 108)}, RoundedCorner{position=TopRight, radius=108, center=Point(972, 108)}, RoundedCorner{position=BottomRight, radius=108, center=Point(972, 2232)}, RoundedCorner{position=BottomLeft, radius=108, center=Point(108, 2232)}]}  mRoundedCornerFrame=Rect(0, 0 - 1080, 2340), mPrivacyIndicatorBounds=PrivacyIndicatorBounds {static bounds=Rect(948, 0 - 1080, 99) rotation=0}, mDisplayShape=DisplayShape{ spec=-311912193 displayWidth=1080 displayHeight=2340 physicalPixelDisplaySizeRatio=1.0 rotation=0 offsetX=0 offsetY=0 scale=1.0}, mSources= { InsetsSource: {b73a0001 mType=navigationBars mFrame=[0,0][0,0] mVisible=true mFlags=SUPPRESS_SCRIM mSideHint=NONE mBoundingRects=null}, InsetsSource: {b73a0004 mType=systemGestures mFrame=[0,0][90,2340] mVisible=true mFlags= mSideHint=LEFT mBoundingRects=null}, InsetsSource: {b73a0005 mType=mandatorySystemGestures mFrame=[0,2265][1080,2340] mVisible=true mFlags= mSideHint=BOTTOM mBoundingRects=null}, InsetsSource: {b73a0006 mType=tappableElement mFrame=[0,0][0,0] mVisible=true mFlags= mSideHint=NONE mBoundingRects=null}, InsetsSource: {b73a0024 mType=systemGestures mFrame=[990,0][1080,2340] mVisible=true mFlags= mSideHint=RIGHT mBoundingRects=null}, InsetsSource: {3 mType=ime mFrame=[0,0][0,0] mVisible=false mFlags= mSideHint=NONE mBoundingRects=null}, InsetsSource: {27 mType=displayCutout mFrame=[0,0][1080,99] mVisible=true mFlags= mSideHint=TOP mBoundingRects=null}, InsetsSource: {9260000 mType=statusBars mFrame=[0,0][1080,99] mVisible=false mFlags= mSideHint=TOP mBoundingRects=null}, InsetsSource: {9260005 mType=mandatorySystemGestures mFrame=[0,0][1080,135] mVisible=true mFlags= mSideHint=TOP mBoundingRects=null}, InsetsSource: {9260006 mType=tappableElement mFrame=[0,0][1080,99] mVisible=true mFlags= mSideHint=TOP mBoundingRects=null} }
05-15 20:59:48.081 20661 20661 I VRI[HomeActivity]@27ecfc4: handleResized, frames=ClientWindowFrames{frame=[0,0][1080,2340] display=[0,0][1080,2340] parentFrame=[0,0][0,0]} displayId=0 dragResizing=false compatScale=1.0 frameChanged=false attachedFrameChanged=false configChanged=false displayChanged=false compatScaleChanged=false dragResizingChanged=false
05-15 20:59:48.081 20661 20661 I VRI[HomeActivity]@27ecfc4: handleResized mSyncSeqId = 0
05-15 20:59:48.081 20661 20661 D VRI[HomeActivity]@27ecfc4: reportNextDraw android.view.ViewRootImpl.handleResized:2983 android.view.ViewRootImpl.-$$Nest$mhandleResized:0 android.view.ViewRootImpl$W.resized:14082 android.app.servertransaction.WindowStateResizeItem.execute:93 android.app.servertransaction.WindowStateTransactionItem.execute:62
05-15 20:59:48.081  1808  2497 I SurfaceFlinger: id=179465 createSurf, flag=84004, Transition Root: Task=2380#179465
05-15 20:59:48.083  1977  2142 I SurfaceControlRegistry: show, t=StartTransaction_SyncId<14573> sc=ActivityRecord{159583387 u0 es.uniovi.recetasasturianas/.MainActivity t2380}, caller=android.view.SurfaceControl$Transaction.show:3557 com.android.server.wm.Transition.onTransactionReady:2048 com.android.server.wm.BLASTSyncEngine$SyncGroup.finishNow:240 com.android.server.wm.BLASTSyncEngine.onSurfacePlacement:263 com.android.server.wm.RootWindowContainer.performSurfacePlacementNoTrace:1083 com.android.server.wm.WindowSurfacePlacer.performSurfacePlacement:166
05-15 20:59:48.083  1977  2142 D SurfaceComposerClient: setCornerRadius ## Task=2379#179439 cornerRadius=0.000000
05-15 20:59:48.083  1977  2142 D SurfaceComposerClient: setCornerRadius ## Task=2380#179456 cornerRadius=0.000000
05-15 20:59:48.084  1977  2142 D ScreenCapture: [Capture_TEST] : setIsScreenShotBySystem false
05-15 20:59:48.084  1977  2142 I SurfaceComposerClient: captureLayers:childrenOnly:1, sync:1
05-15 20:59:48.087 11062 11062 D QSClock : onDarkChanged tint=WHITE
05-15 20:59:48.087  1808  1808 I SurfaceFlinger: RequestedLayer [Surface(name=8f932e4 StatusBar)/@0xa[...]ion-leash of insets_animation#179463] hidden!! flag  from(1) --> to(0)
05-15 20:59:48.087 20661 20661 D VRI[HomeActivity]@27ecfc4: Setup new sync=wmsSync-VRI[HomeActivity]@27ecfc4#89
05-15 20:59:48.087  1808  1808 E SurfaceFlinger: alpha changed 1.000 -> 0.000 - Surface(name=8f932e4 StatusBar)/@0xabc478a - animation-leash of insets_animation#179463
05-15 20:59:48.087 20661 20661 I VRI[HomeActivity]@27ecfc4: Creating new active sync group VRI[HomeActivity]@27ecfc4#90
05-15 20:59:48.088  1808  1808 I SurfaceFlinger: [LayerHierarchy{RequestedLayerState{7a9d783 NavigationBar0#172957 parentId=179464} 1 children}] reparent to LayerHierarchy{RequestedLayerState{Surface(name=7a9d783 NavigationBar0)/@0x10e1471 - animation-leash of insets_animation#179464 parentId=172956} 1 children}
05-15 20:59:48.088  1808  1808 I SurfaceFlinger: [LayerHierarchy{RequestedLayerState{8f932e4 StatusBar#172964 parentId=179463} 1 children}] reparent to LayerHierarchy{RequestedLayerState{Surface(name=8f932e4 StatusBar)/@0xabc478a - animation-leash of insets_animation#179463 parentId=172963} 1 children}
05-15 20:59:48.088  1808  1808 I SurfaceFlinger: [LayerHierarchy{RequestedLayerState{Surface(name=7a9d783 NavigationBar0)/@0x10e1471 - animation-leash of insets_animation#179461} no children}] reparent to OffscreenRoot
05-15 20:59:48.088  1808  1808 I SurfaceFlinger: [LayerHierarchy{RequestedLayerState{Surface(name=7a9d783 NavigationBar0)/@0x10e1471 - animation-leash of insets_animation#179461} no children}] RelativeParent to null
05-15 20:59:48.088  1808  1808 I SurfaceFlinger: [LayerHierarchy{RequestedLayerState{Surface(name=8f932e4 StatusBar)/@0xabc478a - animation-leash of insets_animation#179460} no children}] reparent to OffscreenRoot
05-15 20:59:48.088  1808  1808 I SurfaceFlinger: [LayerHierarchy{RequestedLayerState{Surface(name=8f932e4 StatusBar)/@0xabc478a - animation-leash of insets_animation#179460} no children}] RelativeParent to null
05-15 20:59:48.088  1808  1808 I SurfaceFlinger: [Transition Root: Task=2380#179465] attach to parent LayerHierarchy{RequestedLayerState{DefaultTaskDisplayArea_d0#172934 parentId=9} 12 children}
05-15 20:59:48.090 20661 20661 D VRI[HomeActivity]@27ecfc4: registerCallbacksForSync syncBuffer=false
05-15 20:59:48.090  1808  2497 I SurfaceFlinger: Capture layer list: 	 es.uniovi.recetasasturianas.test/androidx.test.core.app.InstrumentationActivityInvoker$EmptyActivity$_24267#179446(seamlessTransition:0)
05-15 20:59:48.091  1808  1908 D RenderEngine: [SEC_SF_EFFECTS] drawLayersInternal,1483, Rendering layer ScreenCaptureFillLayer at index 0
05-15 20:59:48.091  1808  1908 D RenderEngine: [SEC_SF_EFFECTS] drawLayersInternal,1483, Rendering layer es.uniovi.recetasasturianas.test/androidx.test.core.app.InstrumentationActivityInvoker$EmptyActivity$_24267#179446 at index 1
05-15 20:59:48.092 20661 20727 I VRI[HomeActivity]@27ecfc4: mWNT: t=0xb400007df8d9c890 mBlastBufferQueue=0xb400007e28e0ef90 fn= 2 HdrRenderState mRenderHdrSdrRatio=1.0 caller= android.view.SyncRtSurfaceTransactionApplier.applyTransaction:100 android.view.SyncRtSurfaceTransactionApplier.lambda$scheduleApply$0:73 android.view.SyncRtSurfaceTransactionApplier.$r8$lambda$afI4fXg3U3-nBZQEDQMiNy-B06s:0
05-15 20:59:48.092 20661 20727 D VRI[HomeActivity]@27ecfc4: Received frameDrawingCallback syncResult=0 frameNum=2.
05-15 20:59:48.092 20661 20727 I VRI[HomeActivity]@27ecfc4: Setting up sync and frameCommitCallback
05-15 20:59:48.095  1808  1808 D SurfaceFlinger: Display 4630947232161729154 HWC layers:
05-15 20:59:48.095  1808  1808 D SurfaceFlinger:        DEVICE |          104225971372036 | 00002102 | RGBA_8888    |    0.0    0.0 1080.0 2340.0 |    0    0 1080 2340 | es.uniovi.recetasasturianas.test/and[...]yInvoker$EmptyActivity$_24267#179446 (1)
05-15 20:59:48.095  1808  1808 D SurfaceFlinger:        DEVICE |           47510928230672 | 00002100 | RGBA_8888    |    0.0    0.0 1080.0  144.0 |    0 2196 1080 2340 | NavigationBar0$_11062#172972 (357)
05-15 20:59:48.095  1808  1808 D SurfaceFlinger:        DEVICE |           27157078223661 | 00002100 | RGBA_8888    |    0.0   13.0  290.0  158.0 |  395    0  685  145 | $_6323#154529 (967)
05-15 20:59:48.095  1808  1808 D SurfaceFlinger:        DEVICE |           27157078223656 | 00002100 | RGBA_8888    |    0.0    0.0 1080.0  115.0 |    0    0 1080  115 | $_6323#177506 (652)
05-15 20:59:48.095  1808  1808 D SurfaceFlinger:        DEVICE |           47510928230638 | 00002140 | RGBA_8888    |    0.0    0.0 1080.0  121.0 |    0    0 1080  121 | ScreenDecorOverlay$_11062#172986 (67)
05-15 20:59:48.095  1808  1808 D SurfaceFlinger:        DEVICE |           47510928230639 | 00002140 | RGBA_8888    |    0.0    0.0 1080.0  121.0 |    0 2219 1080 2340 | ScreenDecorOverlayBottom$_11062#172987 (60)
05-15 20:59:48.095  1808  1808 D SurfaceFlinger:
05-15 20:59:48.095 11062 11118 I SurfaceControlRegistry: hide, t=FinishTransaction_SyncId<14573> sc=Task=2379, caller=android.view.SurfaceControl$Transaction.hide:3583 com.android.wm.shell.transition.Transitions.dispatchReady:1263 com.android.wm.shell.transition.Transitions.onTransitionReady:251 com.android.wm.shell.transition.Transitions$TransitionPlayerImpl$$ExternalSyntheticLambda0.run:13 android.os.Handler.handleCallback:995 android.os.Handler.dispatchMessage:103
05-15 20:59:48.095 11062 11118 I SurfaceControlRegistry: show, t=StartTransaction_SyncId<14573> sc=Task=2380, caller=android.view.SurfaceControl$Transaction.show:3557 com.android.wm.shell.transition.Transitions.dispatchReady:1279 com.android.wm.shell.transition.Transitions.onTransitionReady:251 com.android.wm.shell.transition.Transitions$TransitionPlayerImpl$$ExternalSyntheticLambda0.run:13 android.os.Handler.handleCallback:995 android.os.Handler.dispatchMessage:103
05-15 20:59:48.095 11062 11118 I SurfaceControlRegistry: show, t=FinishTransaction_SyncId<14573> sc=Task=2380, caller=android.view.SurfaceControl$Transaction.show:3557 com.android.wm.shell.transition.Transitions.dispatchReady:1330 com.android.wm.shell.transition.Transitions.onTransitionReady:251 com.android.wm.shell.transition.Transitions$TransitionPlayerImpl$$ExternalSyntheticLambda0.run:13 android.os.Handler.handleCallback:995 android.os.Handler.dispatchMessage:103
05-15 20:59:48.095  1808  1951 D SurfaceFlinger: [input] setFocusedWindow: <null>
05-15 20:59:48.095  1977  2997 D InputDispatcher: Once focus requested (0): <null>
05-15 20:59:48.095 11062 11118 I SurfaceControlRegistry: show, t=StartTransaction_SyncId<14573> sc=Transition Root: Task=2380, caller=android.view.SurfaceControl$Transaction.show:3557 com.android.wm.shell.transition.Transitions.playTransition:79 com.android.wm.shell.transition.Transitions.processReadyQueue:239 com.android.wm.shell.transition.Transitions.dispatchReady:1352 com.android.wm.shell.transition.Transitions.onTransitionReady:251 com.android.wm.shell.transition.Transitions$TransitionPlayerImpl$$ExternalSyntheticLambda0.run:13
05-15 20:59:48.096  1977  2134 D PkgPredictorService-SecIpmManagerServiceImpl: onForegroundActivitiesChanged pid:24090 uid:10625
05-15 20:59:48.096 12633 13086 I Routine@Core[4.9.04.16]: ActivityWatcherListenerImpl: onPauseComponent: componentName - bitpit.launcher, userId: 0
05-15 20:59:48.096 12633 13086 I Routine@Core[4.9.04.16]: Pref: removeSharedPrefsData() key=condition_launch_app_data_resume_pkg
05-15 20:59:48.097 24090 24090 D LifecycleMonitor: Lifecycle status change: es.uniovi.recetasasturianas.MainActivity@d997c2a in: PRE_ON_CREATE
05-15 20:59:48.097 11062 11118 I SurfaceControlRegistry: apply, t=StartTransaction_SyncId<14573>, caller=android.view.SurfaceControl$Transaction.apply:3459 android.view.SurfaceControl$Transaction.apply:3447 android.view.SurfaceControl$Transaction.apply:3397 com.android.wm.shell.transition.DefaultTransitionHandler.startAnimation:3292 com.android.wm.shell.transition.Transitions.dispatchTransition:90 com.android.wm.shell.transition.Transitions.playTransition:774
05-15 20:59:48.097 24090 24090 V ActivityScenario: Activity lifecycle changed event received but ignored because the reported transition was not ON_CREATE while the last known transition was PRE_ON_CREATE
05-15 20:59:48.098 12633 12673 I Routine@Core[4.9.04.16]: ModeOrderObserver: ModeOrderObserver:onChange: uri content://com.samsung.android.app.routines.routineprovider/preference
05-15 20:59:48.098  1977  2134 D NetworkPolicy: already checked 10625
05-15 20:59:48.098  1977  2134 D NetworkPolicy: already checked 10625
05-15 20:59:48.099  4195  4401 I HoneySpace.TopTaskSource: onTaskFocusChanged(): taskId = 2380
05-15 20:59:48.102 11062 11062 I {OngoingActivityController}: onTaskFocusChanged but OA data is empty
05-15 20:59:48.103  1808  2497 I SurfaceFlinger: id=179466 createSurf, flag=84000, fc0e8aa ActivityRecordInputSink es.uniovi.recetasasturianas/.MainActivity#179466
05-15 20:59:48.103  1808  1808 I SurfaceFlinger: RequestedLayer [3172d4e Splash Screen es.uniovi.recetasasturianas#179458] hidden!! flag  from(1) --> to(0)
05-15 20:59:48.103  1808  1808 I SurfaceFlinger: RequestedLayer [Splash Screen es.uniovi.recetasasturianas$_11062#179462] hidden!! flag  from(1) --> to(0)
05-15 20:59:48.103  1808  1808 I SurfaceFlinger: RequestedLayer [Task=2380#179456] hidden!! flag  from(1) --> to(0)
05-15 20:59:48.103  1808  1808 I SurfaceFlinger: RequestedLayer [Transition Root: Task=2380#179465] hidden!! flag  from(1) --> to(0)
05-15 20:59:48.103  1808  1808 I SurfaceFlinger: RequestedLayer [ActivityRecord{159583387 u0 es.uniov[...]turianas/.MainActivity t2380}#179457] hidden!! flag  from(1) --> to(0)
05-15 20:59:48.104  1808  1808 I SurfaceFlinger: [LayerHierarchy{RequestedLayerState{ActivityRecord{135332749 u0 es.uniovi.recetasasturianas/.MainActivity t2378}#179424} 1 children}] reparent to OffscreenRoot
05-15 20:59:48.104  1808  1808 I SurfaceFlinger: [LayerHierarchy{RequestedLayerState{ActivityRecord{135332749 u0 es.uniovi.recetasasturianas/.MainActivity t2378}#179424} 1 children}] RelativeParent to null
05-15 20:59:48.104  1808  1808 I SurfaceFlinger: [LayerHierarchy{RequestedLayerState{Surface(name=222f2c7 es.uniovi.recetasasturianas.test/androidx.test.core.app.InstrumentationActivityInvoker$EmptyActivity)/@0xd8241ea - animation-leash of starting_reveal#179449} 1 children}] reparent to OffscreenRoot
05-15 20:59:48.104  1808  1808 I SurfaceFlinger: [LayerHierarchy{RequestedLayerState{Surface(name=222f2c7 es.uniovi.recetasasturianas.test/androidx.test.core.app.InstrumentationActivityInvoker$EmptyActivity)/@0xd8241ea - animation-leash of starting_reveal#179449} 1 children}] RelativeParent to null
05-15 20:59:48.104  1808  1808 I SurfaceFlinger: [LayerHierarchy{RequestedLayerState{222f2c7 es.uniovi.recetasasturianas.test/androidx.test.core.app.InstrumentationActivityInvoker$EmptyActivity#179445 parentId=179440} 1 children}] reparent to LayerHierarchy{RequestedLayerState{ActivityRecord{87241834 u0 es.uniovi.recetasasturianas.test/androidx.test.core.app.InstrumentationActivityInvoker$EmptyActivity t2379}#179440 parentId=179439} 3 children}
05-15 20:59:48.104  1808  1808 I SurfaceFlinger: [LayerHierarchy{RequestedLayerState{Task=2379#179439 parentId=179465 z=4} 1 children}] reparent to LayerHierarchy{RequestedLayerState{Transition Root: Task=2380#179465 parentId=172934 z=8} 1 children}
05-15 20:59:48.104  1808  1808 I SurfaceFlinger: [LayerHierarchy{RequestedLayerState{6ccc34b Splash Screen es.uniovi.recetasasturianas.test#179441 z=2147483647} 1 children}] reparent to OffscreenRoot
05-15 20:59:48.104  1808  1808 I SurfaceFlinger: [LayerHierarchy{RequestedLayerState{6ccc34b Splash Screen es.uniovi.recetasasturianas.test#179441 z=2147483647} 1 children}] RelativeParent to null
05-15 20:59:48.104  1808  1808 I SurfaceFlinger: [LayerHierarchy{RequestedLayerState{Splash Screen es.uniovi.recetasasturianas.test$_11062#179442} no children}] reparent to OffscreenRoot
05-15 20:59:48.104  1808  1808 I SurfaceFlinger: [LayerHierarchy{RequestedLayerState{Splash Screen es.uniovi.recetasasturianas.test$_11062#179442} no children}] RelativeParent to null
05-15 20:59:48.104  1808  1808 I SurfaceFlinger: [LayerHierarchy{RequestedLayerState{Task=2380#179456 parentId=179465 z=3} 1 children}] reparent to LayerHierarchy{RequestedLayerState{Transition Root: Task=2380#179465 parentId=172934 z=8} 2 children}
05-15 20:59:48.104  1808  1808 I SurfaceFlinger: [fc0e8aa ActivityRecordInputSink es.uniovi.recetasasturianas/.MainActivity#179466] attach to parent LayerHierarchy{RequestedLayerState{ActivityRecord{159583387 u0 es.uniovi.recetasasturianas/.MainActivity t2380}#179457 parentId=179456} 2 children}
05-15 20:59:48.106 20661 20699 I VRI[HomeActivity]@27ecfc4: Received frameCommittedCallback lastAttemptedDrawFrameNum=2 didProduceBuffer=true
05-15 20:59:48.106 20661 20661 D VRI[HomeActivity]@27ecfc4: reportDrawFinished seqId=0
05-15 20:59:48.106  1977  2142 D SurfaceComposerClient: setCornerRadius ## 3172d4e Splash Screen es.uniovi.recetasasturianas#179458 cornerRadius=0.000000
05-15 20:59:48.107  1808  2497 I SurfaceFlinger: id=179467 createSurf, flag=24000, Surface(name=8f932e4 StatusBar)/@0xabc478a - animation-leash of insets_animation#179467
05-15 20:59:48.107 20661 20726 I VRI[HomeActivity]@27ecfc4: mWNT: t=0xb400007df8e10090 mBlastBufferQueue=0xb400007e28e0ef90 fn= 3 HdrRenderState mRenderHdrSdrRatio=1.0 caller= android.view.SyncRtSurfaceTransactionApplier.applyTransaction:100 android.view.SyncRtSurfaceTransactionApplier.lambda$scheduleApply$0:73 android.view.SyncRtSurfaceTransactionApplier.$r8$lambda$afI4fXg3U3-nBZQEDQMiNy-B06s:0
05-15 20:59:48.108  4195 23230 I HoneySpace.RecentTasks: onRunningTaskAppeared
05-15 20:59:48.108  4195 23230 I HoneySpace.RecentTasks: onRecentTasksChanged
05-15 20:59:48.108  1808  1808 D SurfaceFlinger: Display 4630947232161729154 HWC layers:
05-15 20:59:48.108  1808  1808 D SurfaceFlinger:        DEVICE |           47510928231474 | 00002100 | RGBA_8888    |    0.0    0.0 1080.0 2340.0 |    0    0 1080 2340 | Splash Screen es.uniovi.recetasasturianas$_11062#179462 (1)
05-15 20:59:48.108  1808  1808 D SurfaceFlinger:        DEVICE |           47510928230672 | 00002100 | RGBA_8888    |    0.0    0.0 1080.0  144.0 |    0 2196 1080 2340 | NavigationBar0$_11062#172972 (357)
05-15 20:59:48.108  1808  1808 D SurfaceFlinger:        DEVICE |           27157078223661 | 00002100 | RGBA_8888    |    0.0   13.0  290.0  158.0 |  395    0  685  145 | $_6323#154529 (967)
05-15 20:59:48.108  1808  1808 D SurfaceFlinger:        DEVICE |           27157078223656 | 00002100 | RGBA_8888    |    0.0    0.0 1080.0  115.0 |    0    0 1080  115 | $_6323#177506 (652)
05-15 20:59:48.108  1808  1808 D SurfaceFlinger:        DEVICE |           47510928230638 | 00002140 | RGBA_8888    |    0.0    0.0 1080.0  121.0 |    0    0 1080  121 | ScreenDecorOverlay$_11062#172986 (67)
05-15 20:59:48.108  1808  1808 D SurfaceFlinger:        DEVICE |           47510928230639 | 00002140 | RGBA_8888    |    0.0    0.0 1080.0  121.0 |    0 2219 1080 2340 | ScreenDecorOverlayBottom$_11062#172987 (60)
05-15 20:59:48.108  1808  1808 D SurfaceFlinger:
05-15 20:59:48.110  1808  2995 I SurfaceFlinger: id=179468 createSurf, flag=24000, Surface(name=7a9d783 NavigationBar0)/@0x10e1471 - animation-leash of insets_animation#179468
05-15 20:59:48.111 20661 20661 I InsetsController: cancelAnimation: types=statusBars, animType=1, host=bitpit.launcher/bitpit.launcher.ui.HomeActivity, from=android.view.InsetsController.notifyControlRevoked:2043 android.view.InsetsSourceConsumer.setControl:158 android.view.InsetsController.onControlsChanged:1207
05-15 20:59:48.111  1808  2497 I SurfaceFlinger: id=179461 Removed Surface(name=7a9d783 NavigationBar0)/@0x10e1471 - animation-leash of insets_animation#179461 (184)
05-15 20:59:48.112  1808  1808 I SurfaceFlinger: RequestedLayer [WallpaperWindowToken{43888ef showWhenLocked=false}#178727] hidden!! flag  from(1) --> to(0)
05-15 20:59:48.112  1808  1808 I SurfaceFlinger: destroyed Surface(name=7a9d783 NavigationBar0)/@0x10e1471 - animation-leash of insets_animation#179461 form LifecycleManager
05-15 20:59:48.112  1808  1808 I SurfaceFlinger: [Surface(name=7a9d783 NavigationBar0)/@0x10e1471 - animation-leash of insets_animation#179468] attach to parent LayerHierarchy{RequestedLayerState{WindowToken{ec79b94 type=2019 android.os.BinderProxy@3619da6}#172956 parentId=34} 2 children}
05-15 20:59:48.112  1808  1808 I SurfaceFlinger: [Surface(name=8f932e4 StatusBar)/@0xabc478a - animation-leash of insets_animation#179467] attach to parent LayerHierarchy{RequestedLayerState{WindowToken{68a9b23 type=2000 android.os.BinderProxy@abe78dd}#172963 parentId=17} 2 children}
05-15 20:59:48.112  1808  1808 I SurfaceFlinger: id=179461 onLayerDestroyed from LayerHierarchyBuilder(RequestedLayerState{Surface(name=7a9d783 NavigationBar0)/@0x10e1471 - animation-leash of insets_animation#179461 !handle})
05-15 20:59:48.112 24267 24267 I InsetsSourceConsumer: applyRequestedVisibilityToControl: visible=true, type=navigationBars, host=es.uniovi.recetasasturianas.test/androidx.test.core.app.InstrumentationActivityInvoker$EmptyActivity
05-15 20:59:48.113  1808  1808 I Layer   : id=179461 Destroyed Surface(name=7a9d783 NavigationBar0)/@0x10e1471 - animation-leash of insets_animation#179461
05-15 20:59:48.113  1977  2142 D SurfaceComposerClient: setCornerRadius ## 3172d4e Splash Screen es.uniovi.recetasasturianas#179458 cornerRadius=0.000000
05-15 20:59:48.115  1808  1808 D SurfaceFlinger: Display 4630947232161729154 HWC layers:
05-15 20:59:48.115  1808  1808 D SurfaceFlinger:        DEVICE |           47510928231149 | 00000100 | RGBA_8888    |    0.0    0.0 1080.0 2340.0 |    0    0 1080 2340 | Wallpaper BBQ wrapper 7_systemlock#178730 (1)
05-15 20:59:48.115  1808  1808 D SurfaceFlinger:        DEVICE |           47510928231474 | 00002100 | RGBA_8888    |    0.0    0.0 1080.0 2340.0 |    0    0 1080 2340 | Splash Screen es.uniovi.recetasasturianas$_11062#179462 (1)
05-15 20:59:48.115  1808  1808 D SurfaceFlinger:        DEVICE |           47510928230672 | 00002100 | RGBA_8888    |    0.0    0.0 1080.0  144.0 |    0 2196 1080 2340 | NavigationBar0$_11062#172972 (357)
05-15 20:59:48.115  1808  1808 D SurfaceFlinger:        DEVICE |           27157078223661 | 00002100 | RGBA_8888    |    0.0   13.0  290.0  158.0 |  395    0  685  145 | $_6323#154529 (967)
05-15 20:59:48.115  1808  1808 D SurfaceFlinger:        DEVICE |           27157078223656 | 00002100 | RGBA_8888    |    0.0    0.0 1080.0  115.0 |    0    0 1080  115 | $_6323#177506 (652)
05-15 20:59:48.115  1808  1808 D SurfaceFlinger:        DEVICE |           47510928230638 | 00002140 | RGBA_8888    |    0.0    0.0 1080.0  121.0 |    0    0 1080  121 | ScreenDecorOverlay$_11062#172986 (67)
05-15 20:59:48.115  1808  1808 D SurfaceFlinger:        DEVICE |           475109282306
05-15 20:59:48.115  1808  1808 D SurfaceFlinger: 39 | 00002140 | RGBA_8888    |    0.0    0.0 1080.0  121.0 |    0 2219 1080 2340 | ScreenDecorOverlayBottom$_11062#172987 (60)
05-15 20:59:48.115  1808  1808 D SurfaceFlinger:
05-15 20:59:48.115  1977  2141 D EnterpriseDeviceManagerService: isMdmAdminPresentInternal() : MDM Admin Found - com.samsung.knox.securefolder
05-15 20:59:48.116 11062 11062 I VRI[StatusBar]@613a967: handleResized, frames=ClientWindowFrames{frame=[0,0][1080,99] display=[0,0][1080,2340] parentFrame=[0,0][0,0]} displayId=0 dragResizing=false compatScale=1.0 frameChanged=false attachedFrameChanged=false configChanged=false displayChanged=false compatScaleChanged=false dragResizingChanged=false
05-15 20:59:48.116 11062 11062 I VRI[NavigationBar0]@e1dc51d: handleResized, frames=ClientWindowFrames{frame=[0,2196][1080,2340] display=[0,0][1080,2340] parentFrame=[0,0][0,0]} displayId=0 dragResizing=false compatScale=1.0 frameChanged=false attachedFrameChanged=false configChanged=false displayChanged=false compatScaleChanged=false dragResizingChanged=false
05-15 20:59:48.116 11062 11062 I VRI[ScreenDecorOverlay]@6f4609c: Resizing android.view.ViewRootImpl@48f9e69: frame = [0,0][1080,121] reportDraw = false forceLayout = false syncSeqId = -1
05-15 20:59:48.116 11062 11062 I VRI[ScreenDecorOverlayBottom]@8250f9b: Resizing android.view.ViewRootImpl@229441c: frame = [0,2219][1080,2340] reportDraw = false forceLayout = false syncSeqId = -1
05-15 20:59:48.116 11062 11493 I VRI[ScreenDecorOverlay]@6f4609c: handleResized, frames=ClientWindowFrames{frame=[0,0][1080,121] display=[0,0][1080,2340] parentFrame=[0,0][0,0]} displayId=0 dragResizing=false compatScale=1.0 frameChanged=false attachedFrameChanged=false configChanged=false displayChanged=false compatScaleChanged=false dragResizingChanged=false
05-15 20:59:48.116 11062 11493 I VRI[ScreenDecorOverlayBottom]@8250f9b: handleResized, frames=ClientWindowFrames{frame=[0,2219][1080,2340] display=[0,0][1080,2340] parentFrame=[0,0][0,0]} displayId=0 dragResizing=false compatScale=1.0 frameChanged=false attachedFrameChanged=false configChanged=false displayChanged=false compatScaleChanged=false dragResizingChanged=false
05-15 20:59:48.117  6323  6323 I VRI[]@f636171: handleResized, frames=ClientWindowFrames{frame=[395,-13][685,145] display=[-100000,-100000][100000,100000] parentFrame=[0,0][0,0]} displayId=0 dragResizing=false compatScale=1.0 frameChanged=false attachedFrameChanged=false configChanged=false displayChanged=false compatScaleChanged=false dragResizingChanged=false
05-15 20:59:48.117  6323  6323 I VRI[]@d065a31: handleResized, frames=ClientWindowFrames{frame=[0,0][1080,115] display=[0,0][1080,2340] parentFrame=[0,0][0,0]} displayId=0 dragResizing=false compatScale=1.0 frameChanged=false attachedFrameChanged=false configChanged=false displayChanged=false compatScaleChanged=false dragResizingChanged=false
05-15 20:59:48.118 12633 12673 I Routine@Core[4.9.04.16]: ModesOrderManager: getOrderOrDefault: uuid(100)
05-15 20:59:48.119 24267 24267 I InsetsController: controlAnimationUncheckedInner: Added types=statusBars, animType=0, host=es.uniovi.recetasasturianas.test/androidx.test.core.app.InstrumentationActivityInvoker$EmptyActivity, from=android.view.InsetsController.controlAnimationUnchecked:1608 android.view.InsetsController.applyAnimation:2416 android.view.InsetsController.applyAnimation:2343
05-15 20:59:48.119 20661 20727 I VRI[HomeActivity]@27ecfc4: mWNT: t=0xb400007df8d98450 mBlastBufferQueue=0xb400007e28e0ef90 fn= 4 HdrRenderState mRenderHdrSdrRatio=1.0 caller= android.view.SyncRtSurfaceTransactionApplier.applyTransaction:100 android.view.SyncRtSurfaceTransactionApplier.lambda$scheduleApply$0:73 android.view.SyncRtSurfaceTransactionApplier.$r8$lambda$afI4fXg3U3-nBZQEDQMiNy-B06s:0
05-15 20:59:48.120 11062 11118 I SurfaceControlRegistry: apply, t=FinishTransaction_SyncId<14573>, caller=android.view.SurfaceControl$Transaction.apply:3459 android.view.SurfaceControl$Transaction.apply:3447 android.view.SurfaceControl$Transaction.apply:3397 com.android.wm.shell.transition.Transitions.onFinish:315 com.android.wm.shell.transition.Transitions$$ExternalSyntheticLambda7.onTransitionFinished:12 com.android.wm.shell.transition.DefaultTransitionHandler$$ExternalSyntheticLambda6.run:36
05-15 20:59:48.120 24090 24090 I DecorView: setWindowBackground: isPopOver=false color=ff141218 d=android.graphics.drawable.ColorDrawable@a1d09f4
05-15 20:59:48.120  1808  1808 I SurfaceFlinger: RequestedLayer [Task=2379#179439] hidden!! flag  from(0) --> to(1)
05-15 20:59:48.120  1808  1808 I SurfaceFlinger: [LayerHierarchy{RequestedLayerState{7a9d783 NavigationBar0#172957 parentId=179468} 1 children}] reparent to LayerHierarchy{RequestedLayerState{Surface(name=7a9d783 NavigationBar0)/@0x10e1471 - animation-leash of insets_animation#179468 parentId=172956} 1 children}
05-15 20:59:48.120  1808  1808 I SurfaceFlinger: [LayerHierarchy{RequestedLayerState{8f932e4 StatusBar#172964 parentId=179467} 1 children}] reparent to LayerHierarchy{RequestedLayerState{Surface(name=8f932e4 StatusBar)/@0xabc478a - animation-leash of insets_animation#179467 parentId=172963} 1 children}
05-15 20:59:48.120  1808  1808 I SurfaceFlinger: [LayerHierarchy{RequestedLayerState{Task=2379#179439 parentId=172934 z=7} 1 children}] reparent to LayerHierarchy{RequestedLayerState{DefaultTaskDisplayArea_d0#172934 parentId=9} 11 children}
05-15 20:59:48.120  1808  1808 I SurfaceFlinger: [LayerHierarchy{RequestedLayerState{Task=2380#179456 parentId=172934 z=8} 1 children}] reparent to LayerHierarchy{RequestedLayerState{DefaultTaskDisplayArea_d0#172934 parentId=9} 12 children}
05-15 20:59:48.120  1808  1808 I SurfaceFlinger: [LayerHierarchy{RequestedLayerState{Surface(name=8f932e4 StatusBar)/@0xabc478a - animation-leash of insets_animation#179463} no children}] reparent to OffscreenRoot
05-15 20:59:48.120  1808  1808 I SurfaceFlinger: [LayerHierarchy{RequestedLayerState{Surface(name=8f932e4 StatusBar)/@0xabc478a - animation-leash of insets_animation#179463} no children}] RelativeParent to null
05-15 20:59:48.120  1808  1808 I SurfaceFlinger: [LayerHierarchy{RequestedLayerState{Surface(name=7a9d783 NavigationBar0)/@0x10e1471 - animation-leash of insets_animation#179464} no children}] reparent to OffscreenRoot
05-15 20:59:48.120  1808  1808 I SurfaceFlinger: [LayerHierarchy{RequestedLayerState{Surface(name=7a9d783 NavigationBar0)/@0x10e1471 - animation-leash of insets_animation#179464} no children}] RelativeParent to null
05-15 20:59:48.120  1808  1808 I SurfaceFlinger: [LayerHierarchy{RequestedLayerState{Transition Root: Task=2380#179465 z=8} no children}] reparent to OffscreenRoot
05-15 20:59:48.120  1808  1808 I SurfaceFlinger: [LayerHierarchy{RequestedLayerState{Transition Root: Task=2380#179465 z=8} no children}] RelativeParent to null
05-15 20:59:48.121 12633 12673 I Routine@Core[4.9.04.16]: ModesOrderManager: getOrder: uuid(100) -> order(999)
05-15 20:59:48.121 12633 12673 I Routine@Core[4.9.04.16]: ModeListHolder: update: size(1) updated(2026/05/15 20:59:48) [ModeMeta(id=1, uuid=100, iconResourceId=2131231140, iconStatusResourceId=2131231637, displayName=Sleep, isRunning=false, runningReason=, runningReasonCondition=, isSet=true, isDeleted=false, detailRunningReason=null, order=999, toggleTime=1778816639015)]
05-15 20:59:48.122  1977  2142 D SurfaceComposerClient: setCornerRadius ## 3172d4e Splash Screen es.uniovi.recetasasturianas#179458 cornerRadius=0.000000
05-15 20:59:48.122 24090 24090 D LifecycleMonitor: Lifecycle status change: es.uniovi.recetasasturianas.MainActivity@d997c2a in: CREATED
05-15 20:59:48.123 24090 24090 V ActivityScenario: Update currentActivityStage to CREATED, currentActivity=es.uniovi.recetasasturianas.MainActivity@d997c2a
05-15 20:59:48.123  1977  2142 D SurfaceComposerClient: setCornerRadius ## 3172d4e Splash Screen es.uniovi.recetasasturianas#179458 cornerRadius=0.000000
05-15 20:59:48.123  1808  1897 I SurfaceFlinger: id=179442 Removed Splash Screen es.uniovi.recetasasturianas.test$_11062#179442 (183)
05-15 20:59:48.123  1808  1897 I SurfaceFlinger: id=179441 Removed 6ccc34b Splash Screen es.uniovi.recetasasturianas.test#179441 (183)
05-15 20:59:48.123  1808  1897 I SurfaceFlinger: id=179424 Removed ActivityRecord{135332749 u0 es.uniovi.recetasasturianas/.MainActivity t2378}#179424 (183)
05-15 20:59:48.124  1977  6970 D PersonaActivityHelper: token.toString()  Token{27859f8 ActivityRecord{87241834 u0 es.uniovi.recetasasturianas.test/androidx.test.core.app.InstrumentationActivityInvoker$EmptyActivity t2379 f}}}
05-15 20:59:48.124  1977  6970 D PersonaActivityHelper: mLastResumedSFActivity getPackageName  com.android.settings
05-15 20:59:48.124  1977  6970 D PersonaActivityHelper: mLastResumedSFActivity getShortClassName  .fuelgauge.RequestIgnoreBatteryOptimizations
05-15 20:59:48.124 11062 12871 I WallpaperService: dispatchAppVisibility: systemlock, visible=false , mLidState = -1
05-15 20:59:48.124  1977  6970 D PersonaActivityHelper: token.toString()  Token{8335d53 ActivityRecord{135332749 u0 es.uniovi.recetasasturianas/.MainActivity t-1 f}}}
05-15 20:59:48.124  1977  6970 D PersonaActivityHelper: mLastResumedSFActivity getPackageName  com.android.settings
05-15 20:59:48.124  1977  6970 D PersonaActivityHelper: mLastResumedSFActivity getShortClassName  .fuelgauge.RequestIgnoreBatteryOptimizations
05-15 20:59:48.124  1977  6970 D PersonaActivityHelper: token.toString()  Token{d2d617a ActivityRecord{148716444 u0 bitpit.launcher/.ui.HomeActivity t1351}}
05-15 20:59:48.124  1977  6970 D PersonaActivityHelper: mLastResumedSFActivity getPackageName  com.android.settings
05-15 20:59:48.124  1977  6970 D PersonaActivityHelper: mLastResumedSFActivity getShortClassName  .fuelgauge.RequestIgnoreBatteryOptimizations
05-15 20:59:48.124  1977  6970 D PersonaActivityHelper: token.toString()  Token{478011 ActivityRecord{159583387 u0 es.uniovi.recetasasturianas/.MainActivity t2380}}
05-15 20:59:48.124  1977  6970 D PersonaActivityHelper: mLastResumedSFActivity getPackageName  com.android.settings
05-15 20:59:48.124  1977  6970 D PersonaActivityHelper: mLastResumedSFActivity getShortClassName  .fuelgauge.RequestIgnoreBatteryOptimizations
05-15 20:59:48.124 24267 24267 I VRI[InstrumentationActivityInvoker$EmptyActivity]@380c198: handleAppVisibility mAppVisible = true visible = false
05-15 20:59:48.124 24267 24267 D VRI[InstrumentationActivityInvoker$EmptyActivity]@380c198: visibilityChanged oldVisibility=true newVisibility=false
05-15 20:59:48.125  1808  1808 D SurfaceFlinger: Display 4630947232161729154 HWC layers:
05-15 20:59:48.125  1808  1808 D SurfaceFlinger:        DEVICE |           47510928231149 | 00000100 | RGBA_8888    |    0.0    0.0 1080.0 2340.0 |    0    0 1080 2340 | Wallpaper BBQ wrapper 7_systemlock#178730 (1)
05-15 20:59:48.125  1808  1808 D SurfaceFlinger:        DEVICE |           47510928231474 | 00002100 | RGBA_8888    |    0.0    0.0 1080.0 2340.0 |    0    0 1080 2340 | Splash Screen es.uniovi.recetasasturianas$_11062#179462 (1)
05-15 20:59:48.125  1808  1808 D SurfaceFlinger:        DEVICE |           47510928230647 | 00002100 | RGBA_8888    |    0.0    0.0 1080.0   99.0 |    0    0 1080   99 | StatusBar$_11062#172976 (4134)
05-15 20:59:48.125  1808  1808 D SurfaceFlinger:        DEVICE |           47510928230672 | 00002100 | RGBA_8888    |    0.0    0.0 1080.0  144.0 |    0 2196 1080 2340 | NavigationBar0$_11062#172972 (357)
05-15 20:59:48.125  1808  1808 D SurfaceFlinger:        DEVICE |           27157078223661 | 00002100 | RGBA_8888    |    0.0   13.0  290.0  158.0 |  395    0  685  145 | $_6323#154529 (967)
05-15 20:59:48.125  1808  1808 D SurfaceFlinger:        DEVICE |           27157078223656 | 00002100 | RGBA_8888    |    0.0    0.0 1080.0  115.0 |    0    0 1080  115 | $_6323#177506 (652)
05-15 20:59:48.125  1808  1808 D SurfaceFlinger:        DEVICE |           47510928230638 | 00
05-15 20:59:48.125  1808  1808 D SurfaceFlinger: 002140 | RGBA_8888    |    0.0    0.0 1080.0  121.0 |    0    0 1080  121 | ScreenDecorOverlay$_11062#172986 (67)
05-15 20:59:48.125  1808  1808 D SurfaceFlinger:        DEVICE |           47510928230639 | 00002140 | RGBA_8888    |    0.0    0.0 1080.0  121.0 |    0 2219 1080 2340 | ScreenDecorOverlayBottom$_11062#172987 (60)
05-15 20:59:48.125  1808  1808 D SurfaceFlinger:
05-15 20:59:48.125 11062 11719 I WallpaperService: reportVisibility: visibility changed. visible=false
05-15 20:59:48.125 11062 11719 I ImageWallpaper_7[Image]:  onVisibilityChanged: visible=false , displayId=0
05-15 20:59:48.126  1977  3116 D DARUtil : Device owner status not updated yet...
05-15 20:59:48.126  1977  3116 D DARUtil : Not an enterprise user : 0
05-15 20:59:48.126  1977  3116 D DARUtil : Device owner status not updated yet...
05-15 20:59:48.126  1977  3116 D DARUtil : Not an enterprise user : 0
05-15 20:59:48.126  1977  3116 D SyntheticPasswordManager.SDP: Inside fromBytes() - result.pinLength : -1
05-15 20:59:48.126  1977  3116 D SyntheticPasswordManager.SDP: 1. result.secureMode : 0
05-15 20:59:48.126 11062 11719 D ImageWallpaper[WallpaperAnimator]: onEngineVisibilityChanged: visible = false, which = 7, isFullAodShown = false, isMultipack = false, mKeyguardState = false
05-15 20:59:48.126 11062 11719 D ImageWallpaper[WallpaperAnimator]: changeToDownScaleImmediately
05-15 20:59:48.126 11062 11719 I ImageWallpaper[WallpaperAnimator]: release
05-15 20:59:48.129  1808  1808 I SurfaceFlinger: RequestedLayer [Surface(name=8f932e4 StatusBar)/@0xa[...]ion-leash of insets_animation#179460] hidden!! flag  from(0) --> to(1)
05-15 20:59:48.129  1808  1808 I SurfaceFlinger: [Display 0 name="Built-in Screen"#172933] setFrameRateCategory: Default
05-15 20:59:48.129  1808  1808 I SurfaceFlinger: RequestedLayer [Surface(name=8f932e4 StatusBar)/@0xa[...]ion-leash of insets_animation#179463] hidden!! flag  from(0) --> to(1)
05-15 20:59:48.129  1808  1808 I SurfaceFlinger: RequestedLayer [com.android.systemui.wallpapers.ImageWallpaper$_11062#178729] hidden!! flag  from(0) --> to(1)
05-15 20:59:48.129  1808  1808 I SurfaceFlinger: RequestedLayer [WallpaperWindowToken{43888ef showWhenLocked=false}#178727] hidden!! flag  from(0) --> to(1)
05-15 20:59:48.129  1808  1808 I SurfaceFlinger: RequestedLayer [ActivityRecord{87241834 u0 es.uniovi[...]yInvoker$EmptyActivity t2379}#179440] hidden!! flag  from(0) --> to(1)
05-15 20:59:48.129  1808  1808 I SurfaceFlinger: RequestedLayer [es.uniovi.recetasasturianas.test/and[...]yInvoker$EmptyActivity$_24267#179446] hidden!! flag  from(0) --> to(1)
05-15 20:59:48.129  1808  1808 I SurfaceFlinger: destroyed ActivityRecord{135332749 u0 es.uniovi.recetasasturianas/.MainActivity t2378}#179424 form LifecycleManager
05-15 20:59:48.129  1808  1808 I SurfaceFlinger: destroyed 557c24 ActivityRecordInputSink es.uniovi.recetasasturianas/.MainActivity#179428 form LifecycleManager
05-15 20:59:48.129  1808  1808 I SurfaceFlinger: destroyed 6ccc34b Splash Screen es.uniovi.recetasasturianas.test#179441 form LifecycleManager
05-15 20:59:48.129  1808  1808 I SurfaceFlinger: destroyed Splash Screen es.uniovi.recetasasturianas.test$_11062#179442 form LifecycleManager
05-15 20:59:48.129  1808  1808 I SurfaceFlinger: [LayerHierarchy{RequestedLayerState{Transition Root: Task=2380#179465 z=8} no children}] reparent to OffscreenRoot
05-15 20:59:48.129  1808  1808 I SurfaceFlinger: [LayerHierarchy{RequestedLayerState{Transition Root: Task=2380#179465 z=8} no children}] RelativeParent to null
05-15 20:59:48.129  1808  1808 I SurfaceFlinger: id=179424 onLayerDestroyed from LayerHierarchyBuilder(RequestedLayerState{ActivityRecord{135332749 u0 es.uniovi.recetasasturianas/.MainActivity t2378}#179424 !handle})
05-15 20:59:48.129  1808  1808 I SurfaceFlinger: id=179428 onLayerDestroyed from LayerHierarchyBuilder(RequestedLayerState{557c24 ActivityRecordInputSink es.uniovi.recetasasturianas/.MainActivity#179428 !handle z=-2147483648})
05-15 20:59:48.129  1808  1808 I SurfaceFlinger: id=179441 onLayerDestroyed from LayerHierarchyBuilder(RequestedLayerState{6ccc34b Splash Screen es.uniovi.recetasasturianas.test#179441 !handle z=2147483647})
05-15 20:59:48.129  1808  1808 I SurfaceFlinger: id=179442 onLayerDestroyed from LayerHierarchyBuilder(RequestedLayerState{Splash Screen es.uniovi.recetasasturianas.test$_11062#179442 !handle})
05-15 20:59:48.129 12633 12673 I Routine@Core[4.9.04.16]: ActivityWatcherListenerImpl: onResumeComponent: componentName - es.uniovi.recetasasturianas, es.uniovi.recetasasturianas.MainActivity, userId: 0
05-15 20:59:48.130 12633 12673 I Routine@Core[4.9.04.16]: Pref: putSharedPrefsData: key=condition_launch_app_data_resume_pkg, data.size=70
05-15 20:59:48.130  1808  1808 I Layer   : id=179424 Destroyed ActivityRecord{135332749 u0 es.uniovi.recetasasturianas/.MainActivity t2378}#179424
05-15 20:59:48.130  1808  1808 I Layer   : id=179428 Destroyed 557c24 ActivityRecordInputSink es.uniovi.recetasasturianas/.MainActivity#179428
05-15 20:59:48.130  1808  1808 I Layer   : id=179441 Destroyed 6ccc34b Splash Screen es.uniovi.recetasasturianas.test#179441
05-15 20:59:48.130  1808  1808 I Layer   : id=179442 Destroyed Splash Screen es.uniovi.recetasasturianas.test$_11062#179442
05-15 20:59:48.130  1808  1808 I SurfaceFlinger: id=179465 Removed Transition Root: Task=2380#179465 (179)
05-15 20:59:48.130  1808  1808 E RefreshRateSelector: Can't find HRR max refresh rate by policy with the same group 1080
05-15 20:59:48.131 24267 24288 D HWUI    : CacheManager::trimMemory(20)
05-15 20:59:48.131  1977  2142 D SurfaceComposerClient: setCornerRadius ## 3172d4e Splash Screen es.uniovi.recetasasturianas#179458 cornerRadius=0.000000
05-15 20:59:48.132  1808  1808 D SurfaceFlinger: Display 4630947232161729154 HWC layers:
05-15 20:59:48.132  1808  1808 D SurfaceFlinger:        DEVICE |           47510928231474 | 00002100 | RGBA_8888    |    0.0    0.0 1080.0 2340.0 |    0    0 1080 2340 | Splash Screen es.uniovi.recetasasturianas$_11062#179462 (1)
05-15 20:59:48.132  1808  1808 D SurfaceFlinger:        DEVICE |           47510928230647 | 00002100 | RGBA_8888    |    0.0    0.0 1080.0   99.0 |    0    0 1080   99 | StatusBar$_11062#172976 (4134)
05-15 20:59:48.132  1808  1808 D SurfaceFlinger:        DEVICE |           47510928230672 | 00002100 | RGBA_8888    |    0.0    0.0 1080.0  144.0 |    0 2196 1080 2340 | NavigationBar0$_11062#172972 (357)
05-15 20:59:48.132  1808  1808 D SurfaceFlinger:        DEVICE |           27157078223661 | 00002100 | RGBA_8888    |    0.0   13.0  290.0  158.0 |  395    0  685  145 | $_6323#154529 (967)
05-15 20:59:48.132  1808  1808 D SurfaceFlinger:        DEVICE |           27157078223656 | 00002100 | RGBA_8888    |    0.0    0.0 1080.0  115.0 |    0    0 1080  115 | $_6323#177506 (652)
05-15 20:59:48.132  1808  1808 D SurfaceFlinger:        DEVICE |           47510928230638 | 00002140 | RGBA_8888    |    0.0    0.0 1080.0  121.0 |    0    0 1080  121 | ScreenDecorOverlay$_11062#172986 (67)
05-15 20:59:48.132  1808  1808 D SurfaceFlinger:        DEVICE |           47510928230639 | 00002140 |
05-15 20:59:48.132  1808  1808 D SurfaceFlinger:  RGBA_8888    |    0.0    0.0 1080.0  121.0 |    0 2219 1080 2340 | ScreenDecorOverlayBottom$_11062#172987 (60)
05-15 20:59:48.132  1808  1808 D SurfaceFlinger:
