05-15 20:59:49.341 24267 24267 I InsetsController: onStateChanged: host=es.uniovi.recetasasturianas.test/androidx.test.core.app.InstrumentationActivityInvoker$EmptyActivity, from=android.view.ViewRootImpl.onInsetsStateChanged:3026, state=InsetsState: {mDisplayFrame=Rect(0, 0 - 1080, 2340), mDisplayCutout=DisplayCutout{insets=Rect(0, 99 - 0, 0) waterfall=Insets{left=0, top=0, right=0, bottom=0} boundingRect={Bounds=[Rect(0, 0 - 0, 0), Rect(505, 0 - 575, 99), Rect(0, 0 - 0, 0), Rect(0, 0 - 0, 0)]} cutoutPathParserInfo={CutoutPathParserInfo{displayWidth=1080 displayHeight=2340 physicalDisplayWidth=1080 physicalDisplayHeight=2340 density={3.0} cutoutSpec={M 0,0 M 0,29 a 35,35 0 1,0 0,70 a 35,35 0 1,0 0,-70 Z} rotation={0} scale={1.0} physicalPixelDisplaySizeRatio={1.0}}} sideOverrides={}}, mRoundedCorners=RoundedCorners{[RoundedCorner{position=TopLeft, radius=108, center=Point(108, 108)}, RoundedCorner{position=TopRight, radius=108, center=Point(972, 108)}, RoundedCorner{position=BottomRight, radius=108, center=Point(972, 2232)}, RoundedCorner{position=BottomLeft, radius=108, center=Point(108, 2232)}]}  mRoundedCornerFrame=Rect(0, 0 - 1080, 2340), mPrivacyIndicatorBounds=PrivacyIndicatorBounds {static bounds=Rect(948, 0 - 1080, 99) rotation=0}, mDisplayShape=DisplayShape{ spec=-311912193 displayWidth=1080 displayHeight=2340 physicalPixelDisplaySizeRatio=1.0 rotation=0 offsetX=0 offsetY=0 scale=1.0}, mSources= { InsetsSource: {b73a0001 mType=navigationBars mFrame=[0,0][0,0] mVisible=true mFlags=SUPPRESS_SCRIM mSideHint=NONE mBoundingRects=null}, InsetsSource: {b73a0004 mType=systemGestures mFrame=[0,0][90,2340] mVisible=true mFlags= mSideHint=LEFT mBoundingRects=null}, InsetsSource: {b73a0005 mType=mandatorySystemGestures mFrame=[0,2265][1080,2340] mVisible=true mFlags= mSideHint=BOTTOM mBoundingRects=null}, InsetsSource: {b73a0006 mType=tappableElement mFrame=[0,0][0,0] mVisible=true mFlags= mSideHint=NONE mBoundingRects=null}, InsetsSource: {b73a0024 mType=systemGestures mFrame=[990,0][1080,2340] mVisible=true mFlags= mSideHint=RIGHT mBoundingRects=null}, InsetsSource: {3 mType=ime mFrame=[0,0][0,0] mVisible=false mFlags= mSideHint=NONE mBoundingRects=null}, InsetsSource: {27 mType=displayCutout mFrame=[0,0][1080,99] mVisible=true mFlags= mSideHint=TOP mBoundingRects=null}, InsetsSource: {9260000 mType=statusBars mFrame=[0,0][1080,99] mVisible=true mFlags= mSideHint=TOP mBoundingRects=null}, InsetsSource: {9260005 mType=mandatorySystemGestures mFrame=[0,0][1080,135] mVisible=true mFlags= mSideHint=TOP mBoundingRects=null}, InsetsSource: {9260006 mType=tappableElement mFrame=[0,0][1080,99] mVisible=true mFlags= mSideHint=TOP mBoundingRects=null} }
05-15 20:59:49.342  1977  2134 D NetworkPolicy: already checked 10626
05-15 20:59:49.342  1977  2134 D NetworkPolicy: already checked 10626
05-15 20:59:49.342 24267 24267 I VRI[InstrumentationActivityInvoker$EmptyActivity]@f522b0c: synced displayState. AttachInfo displayState=2
05-15 20:59:49.343 11062 11138 D VRI[test]@59f5da0: registerCallbacksForSync syncBuffer=false
05-15 20:59:49.343 11062 11225 D VRI[test]@59f5da0: Received frameDrawingCallback syncResult=0 frameNum=1.
05-15 20:59:49.344 11062 11225 I VRI[test]@59f5da0: mWNT: t=0xb400007df8eacfd0 mBlastBufferQueue=0xb400007e28d725d0 fn= 1 HdrRenderState mRenderHdrSdrRatio=1.0 caller= android.view.ViewRootImpl$12.onFrameDraw:15441 android.view.ThreadedRenderer$1.onFrameDraw:718 <bottom of call stack>
05-15 20:59:49.344 11062 11225 I VRI[test]@59f5da0: Setting up sync and frameCommitCallback
05-15 20:59:49.344 11062 11227 I BLASTBufferQueue: [VRI[test]@59f5da0#319](f:0,a:0,s:0) onFrameAvailable the first frame is available
05-15 20:59:49.344 11062 11227 I SurfaceComposerClient: apply transaction with the first frame. layerId: 179479, bufferData(ID: 47510928231483, frameNumber: 1)
05-15 20:59:49.345  1977  2141 D EnterpriseDeviceManagerService: isMdmAdminPresentInternal() : MDM Admin Found - com.samsung.knox.securefolder
05-15 20:59:49.345 11062 11227 I VRI[test]@59f5da0: Received frameCommittedCallback lastAttemptedDrawFrameNum=1 didProduceBuffer=true
05-15 20:59:49.345  1808  2995 I SurfaceFlinger: [Splash Screen es.uniovi.recetasasturianas.test$_11062#179479] setTransactionState with the first frame. bufferData(ID: 47510928231483, frameNumber: 1)
05-15 20:59:49.346 11062 11227 D HWUI    : CFMS:: SetUp Pid : 11062    Tid : 11227
05-15 20:59:49.347 11062 11138 D VRI[test]@59f5da0: reportDrawFinished seqId=0
05-15 20:59:49.347 24267 24267 I VRI[InstrumentationActivityInvoker$EmptyActivity]@f522b0c: setView = com.android.internal.policy.DecorView@895675b IsHRR=false mFlingFrameRateChange=0 TM=true
05-15 20:59:49.347 24267 24288 D HWUI    : HWUI - treat SMPTE_170M as sRGB
05-15 20:59:49.347  1977  2505 D AnalyticsContainerHandler: handleMessage : { when=0 what=1 target=com.android.server.knox.KnoxAnalyticsContainer$AnalyticsHandler }
05-15 20:59:49.347  1977  2505 D AnalyticsContainerHandler: handleMessage : { when=0 what=2 target=com.android.server.knox.KnoxAnalyticsContainer$AnalyticsHandler }
05-15 20:59:49.348  1977  6943 D SurfaceComposerClient: setCornerRadius ## 7175cf2 Splash Screen es.uniovi.recetasasturianas.test#179478 cornerRadius=0.000000
05-15 20:59:49.348  1977  6943 D SurfaceComposerClient: setCornerRadius ## bcfd950 es.uniovi.recetasasturianas.test/androidx.test.core.app.InstrumentationActivityInvoker$EmptyActivity#179480 cornerRadius=0.000000
05-15 20:59:49.350 12633 12673 I Routine@Core[4.9.04.16]: ModesOrderManager: getOrderOrDefault: uuid(100)
05-15 20:59:49.351  1977  2997 I WindowManager: Relayout Window{bcfd950 u0 es.uniovi.recetasasturianas.test/androidx.test.core.app.InstrumentationActivityInvoker$EmptyActivity}: viewVisibility=0 req=1080x2340 ty=1 d0
05-15 20:59:49.351  1808  2995 I SurfaceFlinger: id=179481 createSurf, flag=44004, es.uniovi.recetasasturianas.test/androidx.test.core.app.InstrumentationActivityInvoker$EmptyActivity$_24267#179481
05-15 20:59:49.352  1977  2997 D SurfaceComposerClient: setCornerRadius ## 7175cf2 Splash Screen es.uniovi.recetasasturianas.test#179478 cornerRadius=0.000000
05-15 20:59:49.352  1977  2997 D SurfaceComposerClient: setCornerRadius ## bcfd950 es.uniovi.recetasasturianas.test/androidx.test.core.app.InstrumentationActivityInvoker$EmptyActivity#179480 cornerRadius=0.000000
05-15 20:59:49.353 12633 12673 I Routine@Core[4.9.04.16]: ModesOrderManager: getOrder: uuid(100) -> order(999)
05-15 20:59:49.353  1977  2997 D SurfaceComposerClient: setCornerRadius ## 7175cf2 Splash Screen es.uniovi.recetasasturianas.test#179478 cornerRadius=0.000000
05-15 20:59:49.353  1977  2997 D SurfaceComposerClient: setCornerRadius ## bcfd950 es.uniovi.recetasasturianas.test/androidx.test.core.app.InstrumentationActivityInvoker$EmptyActivity#179480 cornerRadius=0.000000
05-15 20:59:49.353 12633 12673 I Routine@Core[4.9.04.16]: ModeListHolder: update: size(1) updated(2026/05/15 20:59:49) [ModeMeta(id=1, uuid=100, iconResourceId=2131231140, iconStatusResourceId=2131231637, displayName=Sleep, isRunning=false, runningReason=, runningReasonCondition=, isSet=true, isDeleted=false, detailRunningReason=null, order=999, toggleTime=1778816639015)]
05-15 20:59:49.354  1808  2995 I SurfaceFlinger: id=179482 createSurf, flag=84004, Transition Root: Task=2381#179482
05-15 20:59:49.355  1977  2997 I SurfaceControlRegistry: show, t=StartTransaction_SyncId<14574> sc=ActivityRecord{164051337 u0 es.uniovi.recetasasturianas.test/androidx.test.core.app.InstrumentationActivityInvoker$EmptyActivity t2381}, caller=android.view.SurfaceControl$Transaction.show:3557 com.android.server.wm.Transition.onTransactionReady:2048 com.android.server.wm.BLASTSyncEngine$SyncGroup.finishNow:240 com.android.server.wm.BLASTSyncEngine.onSurfacePlacement:263 com.android.server.wm.RootWindowContainer.performSurfacePlacementNoTrace:1083 com.android.server.wm.WindowSurfacePlacer.performSurfacePlacement:166
05-15 20:59:49.355  1977  2997 D SurfaceComposerClient: setCornerRadius ## Task=2380#179456 cornerRadius=0.000000
05-15 20:59:49.355  1977  2997 D SurfaceComposerClient: setCornerRadius ## Task=2381#179476 cornerRadius=0.000000
05-15 20:59:49.356  1977  2997 D ScreenCapture: [Capture_TEST] : setIsScreenShotBySystem false
05-15 20:59:49.356  1977  2997 I SurfaceComposerClient: captureLayers:childrenOnly:1, sync:1
05-15 20:59:49.357 11062 11118 I SurfaceControlRegistry: hide, t=FinishTransaction_SyncId<14574> sc=Task=2380, caller=android.view.SurfaceControl$Transaction.hide:3583 com.android.wm.shell.transition.Transitions.dispatchReady:1263 com.android.wm.shell.transition.Transitions.onTransitionReady:251 com.android.wm.shell.transition.Transitions$TransitionPlayerImpl$$ExternalSyntheticLambda0.run:13 android.os.Handler.handleCallback:995 android.os.Handler.dispatchMessage:103
05-15 20:59:49.357 11062 11118 I SurfaceControlRegistry: show, t=StartTransaction_SyncId<14574> sc=Task=2381, caller=android.view.SurfaceControl$Transaction.show:3557 com.android.wm.shell.transition.Transitions.dispatchReady:1279 com.android.wm.shell.transition.Transitions.onTransitionReady:251 com.android.wm.shell.transition.Transitions$TransitionPlayerImpl$$ExternalSyntheticLambda0.run:13 android.os.Handler.handleCallback:995 android.os.Handler.dispatchMessage:103
05-15 20:59:49.357 11062 11118 I SurfaceControlRegistry: show, t=FinishTransaction_SyncId<14574> sc=Task=2381, caller=android.view.SurfaceControl$Transaction.show:3557 com.android.wm.shell.transition.Transitions.dispatchReady:1330 com.android.wm.shell.transition.Transitions.onTransitionReady:251 com.android.wm.shell.transition.Transitions$TransitionPlayerImpl$$ExternalSyntheticLambda0.run:13 android.os.Handler.handleCallback:995 android.os.Handler.dispatchMessage:103
05-15 20:59:49.357 11062 11118 I SurfaceControlRegistry: show, t=StartTransaction_SyncId<14574> sc=Transition Root: Task=2381, caller=android.view.SurfaceControl$Transaction.show:3557 com.android.wm.shell.transition.Transitions.playTransition:79 com.android.wm.shell.transition.Transitions.processReadyQueue:239 com.android.wm.shell.transition.Transitions.dispatchReady:1352 com.android.wm.shell.transition.Transitions.onTransitionReady:251 com.android.wm.shell.transition.Transitions$TransitionPlayerImpl$$ExternalSyntheticLambda0.run:13
05-15 20:59:49.359 11062 11118 D SurfaceComposerClient: [Task=2380#179456] setEdgeExtension Right
05-15 20:59:49.359 11062 11118 I SurfaceControlRegistry: apply, t=StartTransaction_SyncId<14574>, caller=android.view.SurfaceControl$Transaction.apply:3459 android.view.SurfaceControl$Transaction.apply:3447 android.view.SurfaceControl$Transaction.apply:3397 com.android.wm.shell.transition.DefaultTransitionHandler.startAnimation:3292 com.android.wm.shell.transition.Transitions.dispatchTransition:90 com.android.wm.shell.transition.Transitions.playTransition:774
05-15 20:59:49.364 11062 11118 I SurfaceControlRegistry: apply, t=FinishTransaction_SyncId<14574>, caller=android.view.SurfaceControl$Transaction.apply:3459 android.view.SurfaceControl$Transaction.apply:3447 android.view.SurfaceControl$Transaction.apply:3397 com.android.wm.shell.transition.Transitions.onFinish:315 com.android.wm.shell.transition.Transitions$$ExternalSyntheticLambda7.onTransitionFinished:12 com.android.wm.shell.transition.DefaultTransitionHandler$$ExternalSyntheticLambda6.run:36
05-15 20:59:49.365  1808  1808 I SurfaceFlinger: RequestedLayer [7175cf2 Splash Screen es.uniovi.recetasasturianas.test#179478] hidden!! flag  from(1) --> to(0)
05-15 20:59:49.365  1808  1808 I SurfaceFlinger: RequestedLayer [bcfd950 es.uniovi.recetasasturianas.[...]ActivityInvoker$EmptyActivity#179480] hidden!! flag  from(1) --> to(0)
05-15 20:59:49.365  1808  1808 I SurfaceFlinger: RequestedLayer [Splash Screen es.uniovi.recetasasturianas.test$_11062#179479] hidden!! flag  from(1) --> to(0)
05-15 20:59:49.365  1808  1808 I SurfaceFlinger: RequestedLayer [Task=2381#179476] hidden!! flag  from(1) --> to(0)
05-15 20:59:49.365  1808  1808 E SurfaceFlinger: alpha changed 1.000 -> 0.000 - Task=2381#179476
05-15 20:59:49.365  1808  1808 I SurfaceFlinger: RequestedLayer [Transition Root: Task=2381#179482] hidden!! flag  from(1) --> to(0)
05-15 20:59:49.365  1808  1808 I SurfaceFlinger: RequestedLayer [ActivityRecord{164051337 u0 es.uniov[...]yInvoker$EmptyActivity t2381}#179477] hidden!! flag  from(1) --> to(0)
05-15 20:59:49.365  1808  1808 E SurfaceFlinger: alpha changed 0.000 -> 1.000 - Task=2381#179476
05-15 20:59:49.365  1808  1808 I SurfaceFlinger: [LayerHierarchy{RequestedLayerState{Task=2380#179456 parentId=179482 z=2} 1 children}] reparent to LayerHierarchy{RequestedLayerState{Transition Root: Task=2381#179482 parentId=172934 z=8} 1 children}
05-15 20:59:49.365  1808  1808 I SurfaceFlinger: [LayerHierarchy{RequestedLayerState{Task=2381#179476 parentId=179482 z=5} 1 children}] reparent to LayerHierarchy{RequestedLayerState{Transition Root: Task=2381#179482 parentId=172934 z=8} 2 children}
05-15 20:59:49.365  1808  1808 I SurfaceFlinger: [es.uniovi.recetasasturianas.test/androidx.test.core.app.InstrumentationActivityInvoker$EmptyActivity$_24267#179481] attach to parent LayerHierarchy{RequestedLayerState{bcfd950 es.uniovi.recetasasturianas.test/androidx.test.core.app.InstrumentationActivityInvoker$EmptyActivity#179480 parentId=179477} 1 children}
05-15 20:59:49.365  1808  1808 I SurfaceFlinger: [Transition Root: Task=2381#179482] attach to parent LayerHierarchy{RequestedLayerState{DefaultTaskDisplayArea_d0#172934 parentId=9} 10 children}
05-15 20:59:49.373  1808  2995 I SurfaceFlinger: Capture layer list: 	 es.uniovi.recetasasturianas/es.uniovi.recetasasturianas.MainActivity$_24090#179470(seamlessTransition:0)
05-15 20:59:49.373  1808  3007 D NativeSemDvfsManager: acquire:: timeout = 2000 mIsAcquired = 1  mTagName : SurfaceFlinger
05-15 20:59:49.373  1808  3007 E NativeCustomFrequencyManager: [NativeCFMS] BpCustomFrequencyManager::acquire()
05-15 20:59:49.373  1808  1808 D SurfaceFlinger: Display 4630947232161729154 HWC layers:
05-15 20:59:49.373  1808  1808 D SurfaceFlinger:        CLIENT |          103465762160650 | 00002102 | RGBA_8888    |  360.0    0.0 1080.0 2340.0 |    0    0 1080 2340 | es.uniovi.recetasasturianas/es.uniov[...]sturianas.MainActivity$_24090#179470 (62)
05-15 20:59:49.373  1808  1808 D SurfaceFlinger:        DEVICE |           47510928231483 | 00002100 | RGBA_8888    |    0.0    0.0 1080.0 2340.0 |    0    0 1080 2340 | Splash Screen es.uniovi.recetasasturianas.test$_11062#179479 (1)
05-15 20:59:49.373  1808  1808 D SurfaceFlinger:        DEVICE |           47510928230647 | 00002100 | RGBA_8888    |    0.0    0.0 1080.0   99.0 |    0    0 1080   99 | StatusBar$_11062#172976 (4134)
05-15 20:59:49.373  1808  1808 D SurfaceFlinger:        DEVICE |           47510928230672 | 00002100 | RGBA_8888    |    0.0    0.0 1080.0  144.0 |    0 2196 1080 2340 | NavigationBar0$_11062#172972 (357)
05-15 20:59:49.373  1808  1808 D SurfaceFlinger:        DEVICE |           27157078223661 | 00002100 | RGBA_8888    |    0.0   13.0  290.0  158.0 |  395    0  685  145 | $_6323#154529 (967)
05-15 20:59:49.373  1808  1808 D SurfaceFlinger:        DEVICE |           27157078223656 | 00002100 | RGBA_8888    |    0.0    0.0 1080.0  115.0 |    0    0 1080  115 | $_6323#177506 (652)
05-15 20:59:49.373  1808  1808 D SurfaceFlinger:
05-15 20:59:49.373  1808  1808 D SurfaceFlinger:     DEVICE |           47510928230638 | 00002140 | RGBA_8888    |    0.0    0.0 1080.0  121.0 |    0    0 1080  121 | ScreenDecorOverlay$_11062#172986 (67)
05-15 20:59:49.373  1808  1808 D SurfaceFlinger:        DEVICE |           47510928230639 | 00002140 | RGBA_8888    |    0.0    0.0 1080.0  121.0 |    0 2219 1080 2340 | ScreenDecorOverlayBottom$_11062#172987 (60)
05-15 20:59:49.373  1808  1808 D SurfaceFlinger:
05-15 20:59:49.374  1808  1908 D RenderEngine: [SEC_SF_EFFECTS] drawLayersInternal,1483, Rendering layer ScreenCaptureFillLayer at index 0
05-15 20:59:49.374  1808  1908 D RenderEngine: [SEC_SF_EFFECTS] drawLayersInternal,1483, Rendering layer es.uniovi.recetasasturianas/es.uniovi.recetasasturianas.MainActivity$_24090#179470 at index 1
05-15 20:59:49.374  1808  1808 I SurfaceFlinger: RequestedLayer [Task=2380#179456] hidden!! flag  from(0) --> to(1)
05-15 20:59:49.374  1808  1808 I SurfaceFlinger: [LayerHierarchy{RequestedLayerState{Task=2380#179456 parentId=172934 z=7} 1 children}] reparent to LayerHierarchy{RequestedLayerState{DefaultTaskDisplayArea_d0#172934 parentId=9} 11 children}
05-15 20:59:49.374  1632  1829 I HYPER-HAL: [RequestManager.cpp]acquire(): Acquired ID : 3944836  [1808 / 1000]    HINT : SF_GPU_MINLOCK    list : [TIMEOUT / 2000]
05-15 20:59:49.374  1808  1808 I SurfaceFlinger: [LayerHierarchy{RequestedLayerState{Task=2381#179476 parentId=172934 z=8} 1 children}] reparent to LayerHierarchy{RequestedLayerState{DefaultTaskDisplayArea_d0#172934 parentId=9} 12 children}
05-15 20:59:49.374  1808  1808 I SurfaceFlinger: [LayerHierarchy{RequestedLayerState{Transition Root: Task=2381#179482 z=8} no children}] reparent to OffscreenRoot
05-15 20:59:49.374  1808  1808 I SurfaceFlinger: [LayerHierarchy{RequestedLayerState{Transition Root: Task=2381#179482 z=8} no children}] RelativeParent to null
05-15 20:59:49.377  1808  1808 D SurfaceFlinger: GPIS:: requestGPISForClientComposition
05-15 20:59:49.378  1808  2995 I SurfaceFlinger: id=179483 createSurf, flag=24000, Surface(name=8f932e4 StatusBar)/@0xabc478a - animation-leash of insets_animation#179483
05-15 20:59:49.379  1808  2995 I SurfaceFlinger: id=179484 createSurf, flag=24000, Surface(name=7a9d783 NavigationBar0)/@0x10e1471 - animation-leash of insets_animation#179484
05-15 20:59:49.380  1977  2997 I SystemKeyManager: requested systemKeyInfo size=1 focusedWindow=es.uniovi.recetasasturianas.test/androidx.test.core.app.InstrumentationActivityInvoker$EmptyActivity
05-15 20:59:49.380  1977  2997 I SystemKeyManager: requested systemKeyInfo size=1 focusedWindow=es.uniovi.recetasasturianas.test/androidx.test.core.app.InstrumentationActivityInvoker$EmptyActivity
05-15 20:59:49.381  1977  2997 I WindowManager: Relayout hash=bcfd950, pid=24267, syncId=-1: mAttrs={(0,0)(fillxfill) sim={adjust=pan forwardNavigation} layoutInDisplayCutoutMode=always ty=BASE_APPLICATION
05-15 20:59:49.381  1977  2997 I WindowManager:   fl=81810100
05-15 20:59:49.381  1977  2997 I WindowManager:   pfl=100088c0
05-15 20:59:49.381  1977  2997 I WindowManager:   bhv=1
05-15 20:59:49.381  1977  2997 I WindowManager:   fitSides=0
05-15 20:59:49.381  1977  2997 I WindowManager:   frameRateBoostOnTouch=true
05-15 20:59:49.381  1977  2997 I WindowManager:   dvrrWindowFrameRateHint=true naviIconColor=0}
05-15 20:59:49.382 24267 24267 W libc    : Access denied finding property "vendor.display.enable_optimal_refresh_rate"
05-15 20:59:49.382 24267 24267 I BufferQueueProducer: [](id:5ecb00000002,api:0,p:1221826768,c:24267) setDequeueTimeout:2077252342
05-15 20:59:49.382  1808  1808 D SurfaceFlinger: Display 4630947232161729154 HWC layers:
05-15 20:59:49.382  1808  1808 D SurfaceFlinger:        DEVICE |           47510928231483 | 00002100 | RGBA_8888    |    0.0    0.0 1080.0 2340.0 |    0    0 1080 2340 | Splash Screen es.uniovi.recetasasturianas.test$_11062#179479 (1)
05-15 20:59:49.382  1808  1808 D SurfaceFlinger:        DEVICE |           47510928230647 | 00002100 | RGBA_8888    |    0.0    0.0 1080.0   99.0 |    0    0 1080   99 | StatusBar$_11062#172976 (4134)
05-15 20:59:49.382  1808  1808 D SurfaceFlinger:        DEVICE |           47510928230672 | 00002100 | RGBA_8888    |    0.0    0.0 1080.0  144.0 |    0 2196 1080 2340 | NavigationBar0$_11062#172972 (357)
05-15 20:59:49.382  1808  1808 D SurfaceFlinger:        DEVICE |           27157078223661 | 00002100 | RGBA_8888    |    0.0   13.0  290.0  158.0 |  395    0  685  145 | $_6323#154529 (967)
05-15 20:59:49.382  1808  1808 D SurfaceFlinger:        DEVICE |           27157078223656 | 00002100 | RGBA_8888    |    0.0    0.0 1080.0  115.0 |    0    0 1080  115 | $_6323#177506 (652)
05-15 20:59:49.382  1808  1808 D SurfaceFlinger:        DEVICE |           47510928230638 | 00002140 | RGBA_8888    |    0.0    0.0 1080.0  121.0 |    0    0 1080  121 | ScreenDecorOverlay$_11062#172986 (67)
05-15 20:59:49.382  1808  1808 D SurfaceFlinger:        DEVICE |           47510928230639 | 00002
05-15 20:59:49.382  1808  1808 D SurfaceFlinger: 140 | RGBA_8888    |    0.0    0.0 1080.0  121.0 |    0 2219 1080 2340 | ScreenDecorOverlayBottom$_11062#172987 (60)
05-15 20:59:49.382  1808  1808 D SurfaceFlinger:
05-15 20:59:49.382  1977  4019 D PersonaActivityHelper: token.toString()  Token{478011 ActivityRecord{159583387 u0 es.uniovi.recetasasturianas/.MainActivity t2380 f}}}
05-15 20:59:49.382  1977  4019 D PersonaActivityHelper: mLastResumedSFActivity getPackageName  com.android.settings
05-15 20:59:49.382  1977  4019 D PersonaActivityHelper: mLastResumedSFActivity getShortClassName  .fuelgauge.RequestIgnoreBatteryOptimizations
05-15 20:59:49.382  1977  4019 D PersonaActivityHelper: token.toString()  Token{70571bc ActivityRecord{164051337 u0 es.uniovi.recetasasturianas.test/androidx.test.core.app.InstrumentationActivityInvoker$EmptyActivity t2381}}
05-15 20:59:49.382  1977  4019 D PersonaActivityHelper: mLastResumedSFActivity getPackageName  com.android.settings
05-15 20:59:49.382  1977  4019 D PersonaActivityHelper: mLastResumedSFActivity getShortClassName  .fuelgauge.RequestIgnoreBatteryOptimizations
05-15 20:59:49.382 24267 24267 I BLASTBufferQueue_Java: new BLASTBufferQueue, mName= VRI[InstrumentationActivityInvoker$EmptyActivity]@f522b0c mNativeObject= 0xb400007e28d614c0 caller= android.view.ViewRootImpl.updateBlastSurfaceIfNeeded:3585 android.view.ViewRootImpl.relayoutWindow:11685 android.view.ViewRootImpl.performTraversals:4804 android.view.ViewRootImpl.doTraversal:3924 android.view.ViewRootImpl$TraversalRunnable.run:12903 android.view.Choreographer$CallbackRecord.run:1901 android.view.Choreographer$CallbackRecord.run:1910 android.view.Choreographer.doCallbacks:1367 android.view.Choreographer.doFrame:1292 android.view.Choreographer$FrameDisplayEventReceiver.run:1870
05-15 20:59:49.382 24267 24267 I BLASTBufferQueue_Java: update, w= 1080 h= 2340 mName = VRI[InstrumentationActivityInvoker$EmptyActivity]@f522b0c mNativeObject= 0xb400007e28d614c0 sc.mNativeObject= 0xb400007ea8d1c0d0 format= -1 caller= android.view.ViewRootImpl.updateBlastSurfaceIfNeeded:3590 android.view.ViewRootImpl.relayoutWindow:11685 android.view.ViewRootImpl.performTraversals:4804 android.view.ViewRootImpl.doTraversal:3924 android.view.ViewRootImpl$TraversalRunnable.run:12903 android.view.Choreographer$CallbackRecord.run:1901
05-15 20:59:49.382  1808  1897 I SurfaceFlinger: id=179485 createSurf, flag=84000, c5a1b53 ActivityRecordInputSink es.uniovi.recetasasturianas.test/androidx.test.core.app.InstrumentationActivityInvoker$EmptyActivity#179485
05-15 20:59:49.382  1808  1808 I SurfaceFlinger: [LayerHierarchy{RequestedLayerState{Transition Root: Task=2381#179482 z=8} no children}] reparent to OffscreenRoot
05-15 20:59:49.382  1808  1808 I SurfaceFlinger: [LayerHierarchy{RequestedLayerState{Transition Root: Task=2381#179482 z=8} no children}] RelativeParent to null
05-15 20:59:49.382  1808  1808 I SurfaceFlinger: [Surface(name=8f932e4 StatusBar)/@0xabc478a - animation-leash of insets_animation#179483] attach to parent LayerHierarchy{RequestedLayerState{WindowToken{68a9b23 type=2000 android.os.BinderProxy@abe78dd}#172963 parentId=17} 2 children}
05-15 20:59:49.382 24090 24090 I VRI[MainActivity]@b2c56dd: handleAppVisibility mAppVisible = true visible = false
05-15 20:59:49.382 24090 24090 D VRI[MainActivity]@b2c56dd: visibilityChanged oldVisibility=true newVisibility=false
05-15 20:59:49.382  1808  1808 I SurfaceFlinger: [Surface(name=7a9d783 NavigationBar0)/@0x10e1471 - animation-leash of insets_animation#179484] attach to parent LayerHierarchy{RequestedLayerState{WindowToken{ec79b94 type=2019 android.os.BinderProxy@3619da6}#172956 parentId=34} 2 children}
05-15 20:59:49.383 24267 24267 W libc    : Access denied finding property "vendor.display.enable_optimal_refresh_rate"
05-15 20:59:49.383 24267 24267 I VRI[InstrumentationActivityInvoker$EmptyActivity]@f522b0c: Relayout returned: old=(0,0,1080,2340) new=(0,0,1080,2340) relayoutAsync=false req=(1080,2340)0 dur=31 res=0x3 s={true 0xb400007de8d36370} ch=true seqId=0
05-15 20:59:49.383 24267 24267 I VRI[InstrumentationActivityInvoker$EmptyActivity]@f522b0c: performConfigurationChange setNightDimText nightDimLevel=0
05-15 20:59:49.384 24267 24267 D VRI[InstrumentationActivityInvoker$EmptyActivity]@f522b0c: mThreadedRenderer.initialize() mSurface={isValid=true 0xb400007de8d36370} hwInitialized=true
05-15 20:59:49.384 24267 24267 D VRI[InstrumentationActivityInvoker$EmptyActivity]@f522b0c: reportNextDraw android.view.ViewRootImpl.performTraversals:5443 android.view.ViewRootImpl.doTraversal:3924 android.view.ViewRootImpl$TraversalRunnable.run:12903 android.view.Choreographer$CallbackRecord.run:1901 android.view.Choreographer$CallbackRecord.run:1910
05-15 20:59:49.384 24267 24267 D VRI[InstrumentationActivityInvoker$EmptyActivity]@f522b0c: Setup new sync=wmsSync-VRI[InstrumentationActivityInvoker$EmptyActivity]@f522b0c#4
05-15 20:59:49.384 24267 24267 I VRI[InstrumentationActivityInvoker$EmptyActivity]@f522b0c: Creating new active sync group VRI[InstrumentationActivityInvoker$EmptyActivity]@f522b0c#5
05-15 20:59:49.384 24267 24267 D VRI[InstrumentationActivityInvoker$EmptyActivity]@f522b0c: registerCallbacksForSync syncBuffer=false
05-15 20:59:49.385 24267 24292 D VRI[InstrumentationActivityInvoker$EmptyActivity]@f522b0c: Received frameDrawingCallback syncResult=0 frameNum=1.
05-15 20:59:49.385 24267 24292 I VRI[InstrumentationActivityInvoker$EmptyActivity]@f522b0c: mWNT: t=0xb400007df8d46ad0 mBlastBufferQueue=0xb400007e28d614c0 fn= 1 HdrRenderState mRenderHdrSdrRatio=1.0 caller= android.view.ViewRootImpl$12.onFrameDraw:15441 android.view.ThreadedRenderer$1.onFrameDraw:718 <bottom of call stack>
05-15 20:59:49.385 24267 24292 I VRI[InstrumentationActivityInvoker$EmptyActivity]@f522b0c: Setting up sync and frameCommitCallback
05-15 20:59:49.385  1808  2995 I SurfaceFlinger: id=179482 Removed Transition Root: Task=2381#179482 (181)
05-15 20:59:49.387 24267 24288 I BLASTBufferQueue: [VRI[InstrumentationActivityInvoker$EmptyActivity]@f522b0c#2](f:0,a:0,s:0) onFrameAvailable the first frame is available
05-15 20:59:49.387 24267 24288 I SurfaceComposerClient: apply transaction with the first frame. layerId: 179481, bufferData(ID: 104225971372040, frameNumber: 1)
05-15 20:59:49.388 24267 24288 I VRI[InstrumentationActivityInvoker$EmptyActivity]@f522b0c: Received frameCommittedCallback lastAttemptedDrawFrameNum=1 didProduceBuffer=true
05-15 20:59:49.388  1808  1899 I SurfaceFlinger: [es.uniovi.recetasasturianas.test/androidx.test.core.app.InstrumentationActivityInvoker$EmptyActivity$_24267#179481] setTransactionState with the first frame. bufferData(ID: 104225971372040, frameNumber: 1)
05-15 20:59:49.388 24267 24288 D HWUI    : CFMS:: SetUp Pid : 24267    Tid : 24288
05-15 20:59:49.388 24267 24267 D VRI[InstrumentationActivityInvoker$EmptyActivity]@f522b0c: reportDrawFinished seqId=0
05-15 20:59:49.390  4195 15522 I HoneySpace.RecentTasks: onRunningTaskAppeared
05-15 20:59:49.390  4195 15522 I HoneySpace.RecentTasks: onRecentTasksChanged
05-15 20:59:49.391 11062 11118 D ShellDesktopMode: handleRequest: TransitionRequestInfo {type=2, tid=2381, debugId=14575}
05-15 20:59:49.391  1808  1808 I SurfaceFlinger: [Display 0 name="Built-in Screen"#172933] setFrameRateCategory: Default
05-15 20:59:49.391 24090 24155 D HWUI    : CacheManager::trimMemory(20)
05-15 20:59:49.391 12633 12673 I Routine@Core[4.9.04.16]: ActivityWatcherListenerImpl: onResumeComponent: componentName - es.uniovi.recetasasturianas.test, androidx.test.core.app.InstrumentationActivityInvoker$EmptyActivity, userId: 0
05-15 20:59:49.391  1808  1808 I SurfaceFlinger: RequestedLayer [ActivityRecord{159583387 u0 es.uniov[...]turianas/.MainActivity t2380}#179457] hidden!! flag  from(0) --> to(1)
05-15 20:59:49.392  1808  1808 I SurfaceFlinger: RequestedLayer [es.uniovi.recetasasturianas/es.uniov[...]sturianas.MainActivity$_24090#179470] hidden!! flag  from(0) --> to(1)
05-15 20:59:49.392  1808  1808 I SurfaceFlinger: destroyed Transition Root: Task=2381#179482 form LifecycleManager
05-15 20:59:49.392  1808  1808 I SurfaceFlinger: [LayerHierarchy{RequestedLayerState{7a9d783 NavigationBar0#172957 parentId=179484} 1 children}] reparent to LayerHierarchy{RequestedLayerState{Surface(name=7a9d783 NavigationBar0)/@0x10e1471 - animation-leash of insets_animation#179484 parentId=172956} 1 children}
05-15 20:59:49.392  1808  1808 I SurfaceFlinger: [LayerHierarchy{RequestedLayerState{8f932e4 StatusBar#172964 parentId=179483} 1 children}] reparent to LayerHierarchy{RequestedLayerState{Surface(name=8f932e4 StatusBar)/@0xabc478a - animation-leash of insets_animation#179483 parentId=172963} 1 children}
05-15 20:59:49.392  1808  1808 I SurfaceFlinger: [LayerHierarchy{RequestedLayerState{Surface(name=7a9d783 NavigationBar0)/@0x10e1471 - animation-leash of insets_animation#179472} no children}] reparent to OffscreenRoot
05-15 20:59:49.392  1808  1808 I SurfaceFlinger: [LayerHierarchy{RequestedLayerState{Surface(name=7a9d783 NavigationBar0)/@0x10e1471 - animation-leash of insets_animation#179472} no children}] RelativeParent to null
05-15 20:59:49.392  1808  1808 I SurfaceFlinger: [LayerHierarchy{RequestedLayerState{Surface(name=8f932e4 StatusBar)/@0xabc478a - animation-leash of insets_animation#179471} no children}] reparent to OffscreenRoot
05-15 20:59:49.392  1808  1808 I SurfaceFlinger: [LayerHierarchy{RequestedLayerState{Surface(name=8f932e4 StatusBar)/@0xabc478a - animation-leash of insets_animation#179471} no children}] RelativeParent to null
05-15 20:59:49.392  1808  1808 I SurfaceFlinger: [c5a1b53 ActivityRecordInputSink es.uniovi.recetasasturianas.test/androidx.test.core.app.InstrumentationActivityInvoker$EmptyActivity#179485] attach to parent LayerHierarchy{RequestedLayerState{ActivityRecord{164051337 u0 es.uniovi.recetasasturianas.test/androidx.test.core.app.InstrumentationActivityInvoker$EmptyActivity t2381}#179477 parentId=179476} 3 children}
05-15 20:59:49.392  1808  1808 I SurfaceFlinger: id=179482 onLayerDestroyed from LayerHierarchyBuilder(RequestedLayerState{Transition Root: Task=2381#179482 !handle z=8})
05-15 20:59:49.392 12633 12673 I Routine@Core[4.9.04.16]: Pref: putSharedPrefsData: key=condition_launch_app_data_resume_pkg, data.size=102
05-15 20:59:49.394  1977  6943 I SemDvfsHyPerManager: acquire hyper - AMS_RESUME_TAIL/1977@22, type = -999
05-15 20:59:49.394  1977  6943 I SemDvfsHyPerManager: acquire hyper - AMS_ACT_LAZY/1977@23, type = -999
05-15 20:59:49.395 11062 11062 D SamsungLightBarControlHelper: updateStatusBar (BLACK icon) numStacks:1, StatusBarMode:MODE_TRANSPARENT, lightBarBounds:[Rect(0, 0 - 1080, 2340)], StatusBarState:SHADE, packageName:, isWhiteKeyguardStatusBar:false
05-15 20:59:49.395 11062 11062 D SamsungLightBarControlHelper: onStatusBarAppearanceChanged() -  sbModeChanged:false, statusBarMode:0, barState:MODE_TRANSPARENT, isKeyguardShowing:false, navbarColorManagedByIme:false, (AppearanceRegion{LIGHT_STATUS_BARS bounds=[0,0][1080,2340]}, )
05-15 20:59:49.395  1808  1808 I Layer   : id=179482 Destroyed Transition Root: Task=2381#179482
05-15 20:59:49.396  1977  6970 I WindowManager: Relayout Window{3f7caca u0 es.uniovi.recetasasturianas/es.uniovi.recetasasturianas.MainActivity}: viewVisibility=8 req=1080x2340 ty=1 d0
05-15 20:59:49.396  1808  1808 E RefreshRateSelector: Can't find HRR max refresh rate by policy with the same group 1080
05-15 20:59:49.396  1632  1829 I HYPER-HAL: [RequestManager.cpp]acquire(): Acquired ID : 1999022  [1977 / 22]    HINT : AMS_RESUME_TAIL    list :
05-15 20:59:49.398  1808  1899 I SurfaceFlinger: id=179486 createSurf, flag=24000, Surface(name=8f932e4 StatusBar)/@0xabc478a - animation-leash of insets_animation#179486
05-15 20:59:49.399  1808  1808 I SurfaceFlinger: [Surface(name=8f932e4 StatusBar)/@0xabc478a - animation-leash of insets_animation#179486] attach to parent LayerHierarchy{RequestedLayerState{WindowToken{68a9b23 type=2000 android.os.BinderProxy@abe78dd}#172963 parentId=17} 2 children}
05-15 20:59:49.399  1632  1829 I HYPER-HAL: [ResourceManager.cpp]updateResource(): [CPUMinFreq] UpdateResource Request ID : 1999022    Value : 1785600
05-15 20:59:49.399  1632  1829 I HYPER-HAL: [RequestManager.cpp]acquire(): Acquired ID : 2001023  [1977 / 23]    HINT : AMS_ACT_LAZY    list :
05-15 20:59:49.399  1808  1951 D SurfaceFlinger: [input] setFocusedWindow: bcfd950 es.uniovi.recetasasturianas.test/androidx.test.core.app.InstrumentationActivityInvoker$EmptyActivity
05-15 20:59:49.399  1632  1829 I HYPER-HAL: [ResourceManager.cpp]removeResource(): [CPULittleMinFreq] RemoveResource Request ID : 2011043
05-15 20:59:49.399  1977  2128 I PkgPredictorService-SecIpmManagerServiceImpl: reportToNAP uid:10626 es.uniovi.recetasasturianas.test/androidx.test.core.app.InstrumentationActivityInvoker$EmptyActivity thisTime:101
05-15 20:59:49.399  1977  2128 D PkgPredictorService-SecIpmManagerServiceImpl: reportToNAP: mHeavyLaunchCounter is false
05-15 20:59:49.400  1977  4221 D PkgPredictorService-SecIpmManagerServiceImpl: ACTION_FOREGROUND_FINISH_EVENT sCurForegroundApp :es.uniovi.recetasasturianas.test
05-15 20:59:49.400  1977  6950 D InputDispatcher: Once focus requested (0): bcfd950 es.uniovi.recetasasturianas.test/androidx.test.core.app.InstrumentationActivityInvoker$EmptyActivity
05-15 20:59:49.400  1977  6950 D InputDispatcher: Focus request (0): bcfd950 es.uniovi.recetasasturianas.test/androidx.test.core.app.InstrumentationActivityInvoker$EmptyActivity but waiting because NO_WINDOW
05-15 20:59:49.400  1808  1899 I SurfaceFlinger: id=179487 createSurf, flag=24000, Surface(name=7a9d783 NavigationBar0)/@0x10e1471 - animation-leash of insets_animation#179487
05-15 20:59:49.401  1977  2128 I ActivityTaskManager: Displayed es.uniovi.recetasasturianas.test/androidx.test.core.app.InstrumentationActivityInvoker$EmptyActivity for user 0: +101ms
05-15 20:59:49.402  4301  4301 E pageboostd: Received HALT command code 2
05-15 20:59:49.402  1977  6970 I WindowManager: Relayout hash=3f7caca, pid=24090, syncId=-1: mAttrs={(0,0)(fillxfill) sim={adjust=pan} layoutInDisplayCutoutMode=always ty=BASE_APPLICATION wanim=0x1030317
05-15 20:59:49.402  1977  6970 I WindowManager:   fl=81810100
05-15 20:59:49.402  1977  6970 I WindowManager:   pfl=100088c0
05-15 20:59:49.402  1977  6970 I WindowManager:   vsysui=500
05-15 20:59:49.402  1977  6970 I WindowManager:   bhv=1
05-15 20:59:49.402  1977  6970 I WindowManager:   fitSides=0
05-15 20:59:49.402  1977  6970 I WindowManager:   frameRateBoostOnTouch=true
05-15 20:59:49.402  1977  6970 I WindowManager:   dvrrWindowFrameRateHint=true naviIconColor=0}
05-15 20:59:49.403  1977  6950 I SemDvfsHyPerManager: acquire hyper - AMS_APP_HOME/1977@29, type = -999
05-15 20:59:49.403  1808  1897 I SurfaceFlinger: id=179471 Removed Surface(name=8f932e4 StatusBar)/@0xabc478a - animation-leash of insets_animation#179471 (182)
05-15 20:59:49.403  1808  2995 I SurfaceFlinger: id=179472 Removed Surface(name=7a9d783 NavigationBar0)/@0x10e1471 - animation-leash of insets_animation#179472 (182)
05-15 20:59:49.404  5896  5896 I SemDvfsHyPerManager: acquire hyper - APP_START_HOME/5896@16, type = -999
05-15 20:59:49.404 24090 24090 I VRI[MainActivity]@b2c56dd: Relayout returned: old=(0,0,1080,2340) new=(0,0,1080,2340) relayoutAsync=false req=(1080,2340)8 dur=11 res=0x2 s={false 0x0} ch=true seqId=0
05-15 20:59:49.405 24090 24090 D VRI[MainActivity]@b2c56dd: Not drawing due to not visible. Reason=!mAppVisible && !mForceDecorViewVisibility
05-15 20:59:49.405 11062 11062 D NavigationBar: onSystemBarAttributesChanged() -  displayId:0, appearance:8, packageName: es.uniovi.recetasasturianas.test (APPEARANCE_LIGHT_STATUS_BARS ), navbarColorManagedByIme:false
05-15 20:59:49.406  1808  1808 I SurfaceFlinger: [Display 0 name="Built-in Screen"#172933] setFrameRateCategory: High
05-15 20:59:49.406  1808  1808 I SurfaceFlinger: destroyed Surface(name=7a9d783 NavigationBar0)/@0x10e1471 - animation-leash of insets_animation#179472 form LifecycleManager
05-15 20:59:49.406  1808  1808 I SurfaceFlinger: destroyed Surface(name=8f932e4 StatusBar)/@0xabc478a - animation-leash of insets_animation#179471 form LifecycleManager
05-15 20:59:49.406  1808  1808 I SurfaceFlinger: [Surface(name=7a9d783 NavigationBar0)/@0x10e1471 - animation-leash of insets_animation#179487] attach to parent LayerHierarchy{RequestedLayerState{WindowToken{ec79b94 type=2019 android.os.BinderProxy@3619da6}#172956 parentId=34} 2 children}
05-15 20:59:49.406  1808  1808 I SurfaceFlinger: id=179472 onLayerDestroyed from LayerHierarchyBuilder(RequestedLayerState{Surface(name=7a9d783 NavigationBar0)/@0x10e1471 - animation-leash of insets_animation#179472 !handle})
05-15 20:59:49.406  1808  1808 I SurfaceFlinger: id=179471 onLayerDestroyed from LayerHierarchyBuilder(RequestedLayerState{Surface(name=8f932e4 StatusBar)/@0xabc478a - animation-leash of insets_animation#179471 !handle})
05-15 20:59:49.406  1808  1808 I Layer   : id=179472 Destroyed Surface(name=7a9d783 NavigationBar0)/@0x10e1471 - animation-leash of insets_animation#179472
05-15 20:59:49.406  1808  1808 I Layer   : id=179471 Destroyed Surface(name=8f932e4 StatusBar)/@0xabc478a - animation-leash of insets_animation#179471
05-15 20:59:49.407  1808  1808 I BpBinder: onLastStrongRef automatically unlinking death recipients:
05-15 20:59:49.407  1632  1829 I HYPER-HAL: [ResourceManager.cpp]removeResource(): [CPUMinFreq] RemoveResource Request ID : 2011043
05-15 20:59:49.407  1632  1829 I HYPER-HAL: [RequestManager.cpp]releaseLocked(): Released ID : 2011043
05-15 20:59:49.407  1632  1829 I HYPER-HAL: [RequestManager.cpp]acquire(): Acquired ID : 2013050  [1977 / 29]    HINT : AMS_APP_HOME    list :
05-15 20:59:49.409  1632  1829 I HYPER-HAL: [ResourceManager.cpp]updateResource(): [CPUMinFreq] UpdateResource Request ID : 2013050    Value : 2841600
05-15 20:59:49.410  1632  1829 I HYPER-HAL: [RequestManager.cpp]acquire(): Acquired ID : 17478844  [5896 / 16]    HINT : APP_START    list : [KERNEL_APP_START_NOTIFY / 0] [TIMEOUT / 1500]
05-15 20:59:49.410  1632  1829 I HYPER-HAL: [ResourceManager.cpp]updateResource(): [CPUMaxFreq] UpdateResource Request ID : 17478844    Value : 2841600
05-15 20:59:49.412 20661 20661 I VRI[HomeActivity]@27ecfc4: handleAppVisibility mAppVisible = false visible = true
05-15 20:59:49.412  1977  6950 D InputDispatcher: Focused application(0): ActivityRecord{148716444 u0 bitpit.launcher/.ui.HomeActivity t1351}
05-15 20:59:49.412  1977  3186 D AS.MultiSoundManager: mForegroundUid = 10578
05-15 20:59:49.414  1977  6950 D SurfaceComposerClient: setCornerRadius ## c5a06c0 bitpit.launcher/bitpit.launcher.ui.HomeActivity#155257 cornerRadius=0.000000
05-15 20:59:49.414  1977  6950 D SurfaceComposerClient: setCornerRadius ## c5a06c0 bitpit.launcher/bitpit.launcher.ui.HomeActivity#155257 cornerRadius=0.000000
05-15 20:59:49.414 20661 20661 I VRI[HomeActivity]@27ecfc4: stopped(false) old = true
05-15 20:59:49.414 20661 20661 D VRI[HomeActivity]@27ecfc4: WindowStopped on bitpit.launcher/bitpit.launcher.ui.HomeActivity set to false
05-15 20:59:49.418  1977  6948 I AppWidgetServiceImpl: lookupOrAddHostLocked = HostId{user:0, app:10578, hostId:4354, pkg:bitpit.launcher}
05-15 20:59:49.418  1977  6948 I AppWidgetServiceImpl: startListening callbacks : com.android.internal.appwidget.IAppWidgetHost$Stub$Proxy@e4165e6 intervalEnsure:741446978 intervalHostLock:741446978 LhostId:HostId{user:0, app:10578, hostId:4354, pkg:bitpit.launcher}
05-15 20:59:49.422  1808  1808 I SurfaceFlinger: RequestedLayer [es.uniovi.recetasasturianas.test/and[...]yInvoker$EmptyActivity$_24267#179481] hidden!! flag  from(1) --> to(0)
05-15 20:59:49.422  1808  1808 I SurfaceFlinger: [LayerHierarchy{RequestedLayerState{7a9d783 NavigationBar0#172957 parentId=179487} 1 children}] reparent to LayerHierarchy{RequestedLayerState{Surface(name=7a9d783 NavigationBar0)/@0x10e1471 - animation-leash of insets_animation#179487 parentId=172956} 1 children}
05-15 20:59:49.422  1808  1808 I SurfaceFlinger: [LayerHierarchy{RequestedLayerState{8f932e4 StatusBar#172964 parentId=179486} 1 children}] reparent to LayerHierarchy{RequestedLayerState{Surface(name=8f932e4 StatusBar)/@0xabc478a - animation-leash of insets_animation#179486 parentId=172963} 1 children}
05-15 20:59:49.422  1808  1808 I SurfaceFlinger: [LayerHierarchy{RequestedLayerState{Surface(name=8f932e4 StatusBar)/@0xabc478a - animation-leash of insets_animation#179483} no children}] reparent to OffscreenRoot
05-15 20:59:49.422  1808  1808 I SurfaceFlinger: [LayerHierarchy{RequestedLayerState{Surface(name=8f932e4 StatusBar)/@0xabc478a - animation-leash of insets_animation#179483} no children}] RelativeParent to null
05-15 20:59:49.422  1808  1808 I SurfaceFlinger: [LayerHierarchy{RequestedLayerState{Surface(name=7a9d783 NavigationBar0)/@0x10e1471 - animation-leash of insets_animation#179484} no children}] reparent to OffscreenRoot
05-15 20:59:49.422  1808  1808 I SurfaceFlinger: [LayerHierarchy{RequestedLayerState{Surface(name=7a9d783 NavigationBar0)/@0x10e1471 - animation-leash of insets_animation#179484} no children}] RelativeParent to null
05-15 20:59:49.422 24090 24090 D ConnectivityManager: StackLog: [android.net.ConnectivityManager.unregisterNetworkCallback(ConnectivityManager.java:5575)] [com.bumptech.glide.manager.SingletonConnectivityReceiver$FrameworkConnectivityMonitorPostApi24.unregister(SingletonConnectivityReceiver.java:205)] [com.bumptech.glide.manager.SingletonConnectivityReceiver.maybeUnregisterReceiver(SingletonConnectivityReceiver.java:122)] [com.bumptech.glide.manager.SingletonConnectivityReceiver.unregister(SingletonConnectivityReceiver.java:105)] [com.bumptech.glide.manager.DefaultConnectivityMonitor.unregister(DefaultConnectivityMonitor.java:29)] [com.bumptech.glide.manager.DefaultConnectivityMonitor.onStop(DefaultConnectivityMonitor.java:39)] [com.bumptech.glide.manager.LifecycleLifecycle.onStop(LifecycleLifecycle.java:35)] [java.lang.reflect.Method.invoke(Native Method)] [androidx.lifecycle.ClassesInfoCache$MethodReference.invokeCallback(ClassesInfoCache.java:225)] [androidx.lifecycle.ClassesInfoCache$CallbackInfo.invokeMethodsForEvent(ClassesInfoCache.java:199)] [androidx.lifecycle.ClassesInfoCache$CallbackInfo.invokeCallbacks(ClassesInfoCache.java:190)] [androidx.lifecycle.ReflectiveGenericLifecycleObserver.onStateChanged(ReflectiveGenericLifecycleObserver.java:40)] [androidx.lifecycle.LifecycleRegistry$ObserverWithState.dispatchEvent(LifecycleRegistry.kt:322)] [androidx.lifecycle.LifecycleRegistry.backwardPass(LifecycleRegistry.kt:273)] [androidx.lifecycle.LifecycleRegistry.sync(LifecycleRegistry.kt:290)] [androidx.lifecycle.LifecycleRegistry.moveToState(LifecycleRegistry.kt:143)] [androidx.lifecycle.LifecycleRegistry.handleLifecycleEvent(LifecycleRegistry.kt:126)] [androidx.lifecycle.ReportFragment$Companion.dispatch$lifecycle_runtime_release(ReportFragment.kt:190)] [androidx.lifecycle.ReportFragment$LifecycleCallbacks.onActivityPreStopped(ReportFragment.kt:135)] [android.app.Activity.dispatchActivityPreStopped(Activity.java:1740)] [android.app.Activity.performStop(Activity.java:9789)] [android.app.ActivityThread.callActivityOnStop(ActivityThread.java:6744)] [android.app.ActivityThread.performStopActivityInner(ActivityThread.java:6718)] [android.app.ActivityThread.handleStopActivity(ActivityThread.java:6788)] [android.app.servertransaction.TransactionExecutor.performLifecycleSequence(TransactionExecutor.java:229)] [android.app.servertransaction.TransactionExecutor.cycleToPath(TransactionExecutor.java:194)] [android.app.servertransaction.TransactionExecutor.executeLifecycleItem(TransactionExecutor.java:166)] [android.app.servertransaction.TransactionExecutor.executeTransactionItems(TransactionExecutor.java:101)] [android.app.servertransaction.TransactionExecutor.execute(TransactionExecutor.java:80)] [android.app.ActivityThread$H.handleMessage(ActivityThread.java:3150)]
05-15 20:59:49.423 24090 24090 I VRI[MainActivity]@b2c56dd: stopped(true) old = false
05-15 20:59:49.423 24090 24090 D VRI[MainActivity]@b2c56dd: WindowStopped on es.uniovi.recetasasturianas/es.uniovi.recetasasturianas.MainActivity set to true
05-15 20:59:49.424  1977  3160 D ConnectivityService:  Removing from current network [2805 CELLULAR], leaving 175 requests.
05-15 20:59:49.424 24090 24155 D HWUI    : CacheManager::trimMemory(20)
05-15 20:59:49.425  1808  1899 I SurfaceFlinger: id=179483 Removed Surface(name=8f932e4 StatusBar)/@0xabc478a - animation-leash of insets_animation#179483 (180)
05-15 20:59:49.425  1808  1899 I SurfaceFlinger: id=179484 Removed Surface(name=7a9d783 NavigationBar0)/@0x10e1471 - animation-leash of insets_animation#179484 (180)
05-15 20:59:49.425  1808  1808 D SurfaceFlinger: Display 4630947232161729154 HWC layers:
05-15 20:59:49.425  1808  1808 D SurfaceFlinger:        DEVICE |          104225971372040 | 00002102 | RGBA_8888    |    0.0    0.0 1080.0 2340.0 |    0    0 1080 2340 | es.uniovi.recetasasturianas.test/and[...]yInvoker$EmptyActivity$_24267#179481 (1)
05-15 20:59:49.425  1808  1808 D SurfaceFlinger:        DEVICE |           47510928231483 | 00002100 | RGBA_8888    |    0.0    0.0 1080.0 2340.0 |    0    0 1080 2340 | Splash Screen es.uniovi.recetasasturianas.test$_11062#179479 (1)
05-15 20:59:49.425  1808  1808 D SurfaceFlinger:        DEVICE |           47510928230647 | 00002100 | RGBA_8888    |    0.0    0.0 1080.0   99.0 |    0    0 1080   99 | StatusBar$_11062#172976 (4134)
05-15 20:59:49.425  1808  1808 D SurfaceFlinger:        DEVICE |           47510928230672 | 00002100 | RGBA_8888    |    0.0    0.0 1080.0  144.0 |    0 2196 1080 2340 | NavigationBar0$_11062#172972 (357)
05-15 20:59:49.425  1808  1808 D SurfaceFlinger:        DEVICE |           27157078223661 | 00002100 | RGBA_8888    |    0.0   13.0  290.0  158.0 |  395    0  685  145 | $_6323#154529 (967)
05-15 20:59:49.425  1808  1808 D SurfaceFlinger:        DEVICE |           27157078223656 | 00002100 | RGBA_8888    |    0.0    0.0 1080.0  115.0 |    0    0 1080  115 | $_6323#177506 (652)
05-15 20:59:49.425  1808  1808 D SurfaceFlinger:
05-15 20:59:49.425  1808  1808 D SurfaceFlinger:    DEVICE |           47510928230638 | 00002140 | RGBA_8888    |    0.0    0.0 1080.0  121.0 |    0    0 1080  121 | ScreenDecorOverlay$_11062#172986 (67)
05-15 20:59:49.425  1808  1808 D SurfaceFlinger:        DEVICE |           47510928230639 | 00002140 | RGBA_8888    |    0.0    0.0 1080.0  121.0 |    0 2219 1080 2340 | ScreenDecorOverlayBottom$_11062#172987 (60)
05-15 20:59:49.425  1808  1808 D SurfaceFlinger:
05-15 20:59:49.426  1977  2505 D AnalyticsContainerHandler: handleMessage : { when=0 what=1 target=com.android.server.knox.KnoxAnalyticsContainer$AnalyticsHandler }
05-15 20:59:49.426  1977  2505 D AnalyticsContainerHandler: handleMessage : { when=0 what=2 target=com.android.server.knox.KnoxAnalyticsContainer$AnalyticsHandler }
05-15 20:59:49.426 11062 11138 I VRI[test]@59f5da0: onActiveControlsChanged, removed=false, mAdded=true, caller=android.view.ViewRootImpl.handleInsetsControlChanged:3002 android.view.ViewRootImpl$ViewRootHandler.handleMessageImpl:8352 android.view.ViewRootImpl$ViewRootHandler.handleMessage:8301 android.os.Handler.dispatchMessage:110 android.os.Looper.loopOnce:273
05-15 20:59:49.426 11062 11138 I InsetsSourceConsumer: applyRequestedVisibilityToControl: visible=true, type=statusBars, host=Splash Screen es.uniovi.recetasasturianas.test
05-15 20:59:49.427 11062 11138 I InsetsSourceConsumer: applyRequestedVisibilityToControl: visible=true, type=navigationBars, host=Splash Screen es.uniovi.recetasasturianas.test
05-15 20:59:49.427  1977  2134 D PkgPredictorService-SecIpmManagerServiceImpl: bg information pid:24090 uid:10625 pkgName:es.uniovi.recetasasturianas
05-15 20:59:49.428  1977  2134 D PkgPredictorService-SecIpmManagerServiceImpl: onForegroundActivitiesChanged pid:20661 uid:10578
05-15 20:59:49.429  4195  4401 I HoneySpace.TopTaskSource: onTaskMovedToFront : taskId = 1351, displayId = 0
05-15 20:59:49.429  1977  2134 D NetworkPolicy: already checked 10578
05-15 20:59:49.430  1977  2134 D NetworkPolicy: already checked 10578
05-15 20:59:49.430  4195  4403 I HoneySpace.TopTaskUseCase: topTasks 1351 ComponentInfo{bitpit.launcher/bitpit.launcher.ui.HomeActivity}[displayId=0]
05-15 20:59:49.431  1808  1808 I SurfaceFlinger: destroyed Surface(name=8f932e4 StatusBar)/@0xabc478a - animation-leash of insets_animation#179483 form LifecycleManager
05-15 20:59:49.431  1808  1808 I SurfaceFlinger: destroyed Surface(name=7a9d783 NavigationBar0)/@0x10e1471 - animation-leash of insets_animation#179484 form LifecycleManager
05-15 20:59:49.431  1808  1808 I SurfaceFlinger: id=179483 onLayerDestroyed from LayerHierarchyBuilder(RequestedLayerState{Surface(name=8f932e4 StatusBar)/@0xabc478a - animation-leash of insets_animation#179483 !handle})
05-15 20:59:49.431  1808  1808 I SurfaceFlinger: id=179484 onLayerDestroyed from LayerHierarchyBuilder(RequestedLayerState{Surface(name=7a9d783 NavigationBar0)/@0x10e1471 - animation-leash of insets_animation#179484 !handle})
05-15 20:59:49.431  1808  1808 I Layer   : id=179483 Destroyed Surface(name=8f932e4 StatusBar)/@0xabc478a - animation-leash of insets_animation#179483
05-15 20:59:49.431  1808  1808 I Layer   : id=179484 Destroyed Surface(name=7a9d783 NavigationBar0)/@0x10e1471 - animation-leash of insets_animation#179484
05-15 20:59:49.431 24090 24090 D LifecycleMonitor: Lifecycle status change: es.uniovi.recetasasturianas.MainActivity@d997c2a in: STOPPED
