05-15 20:59:52.202  1977  4221 D PkgPredictorService-SecIpmManagerServiceImpl: ACTION_FOREGROUND_FINISH_EVENT sCurForegroundApp :es.uniovi.recetasasturianas.test
05-15 20:59:52.202  1808  1951 D SurfaceFlinger: [input] setFocusedWindow: 2d4aba es.uniovi.recetasasturianas.test/androidx.test.core.app.InstrumentationActivityInvoker$EmptyActivity
05-15 20:59:52.202  1977  3573 D InputDispatcher: Once focus requested (0): 2d4aba es.uniovi.recetasasturianas.test/androidx.test.core.app.InstrumentationActivityInvoker$EmptyActivity
05-15 20:59:52.202  1977  2128 I ActivityTaskManager: Displayed es.uniovi.recetasasturianas.test/androidx.test.core.app.InstrumentationActivityInvoker$EmptyActivity for user 0: +97ms
05-15 20:59:52.202  1977  3573 D InputDispatcher: Focus request (0): 2d4aba es.uniovi.recetasasturianas.test/androidx.test.core.app.InstrumentationActivityInvoker$EmptyActivity but waiting because NO_WINDOW
05-15 20:59:52.202  1808  1808 I SurfaceFlinger: id=179590 Removed Transition Root: Task=2387#179590 (172)
05-15 20:59:52.202  1808  1808 E RefreshRateSelector: Can't find HRR max refresh rate by policy with the same group 1080
05-15 20:59:52.203  4301  4301 E pageboostd: Received HALT command code 2
05-15 20:59:52.204 24090 24155 D HWUI    : CacheManager::trimMemory(20)
05-15 20:59:52.204 11062 11118 D ShellDesktopMode: handleRequest: TransitionRequestInfo {type=2, tid=2387, debugId=14582}
05-15 20:59:52.209  1977  4019 I SemDvfsHyPerManager: acquire hyper - AMS_APP_HOME/1977@29, type = -999
05-15 20:59:52.210  1632  1829 I HYPER-HAL: [ResourceManager.cpp]removeResource(): [CPUMinFreq] RemoveResource Request ID : 2011043
05-15 20:59:52.210  5896  5896 I SemDvfsHyPerManager: acquire hyper - APP_START_HOME/5896@16, type = -999
05-15 20:59:52.210  1632  1829 I HYPER-HAL: [RequestManager.cpp]releaseLocked(): Released ID : 2011043
05-15 20:59:52.210  1632  1829 I HYPER-HAL: [RequestManager.cpp]acquire(): Acquired ID : 2013050  [1977 / 29]    HINT : AMS_APP_HOME    list :
05-15 20:59:52.210  1632  1829 I HYPER-HAL: [ResourceManager.cpp]updateResource(): [CPUMinFreq] UpdateResource Request ID : 2013050    Value : 2841600
05-15 20:59:52.210  1632  1829 I HYPER-HAL: [RequestManager.cpp]acquire(): Acquired ID : 17478844  [5896 / 16]    HINT : APP_START    list : [KERNEL_APP_START_NOTIFY / 0] [TIMEOUT / 1500]
05-15 20:59:52.210  1632  1829 I HYPER-HAL: [ResourceManager.cpp]updateResource(): [CPUMaxFreq] UpdateResource Request ID : 17478844    Value : 2841600
05-15 20:59:52.210  1808  1808 I SurfaceFlinger: RequestedLayer [ActivityRecord{199560672 u0 es.uniov[...]turianas/.MainActivity t2386}#179565] hidden!! flag  from(0) --> to(1)
05-15 20:59:52.210  1808  1808 I SurfaceFlinger: RequestedLayer [es.uniovi.recetasasturianas/es.uniov[...]sturianas.MainActivity$_24090#179576] hidden!! flag  from(0) --> to(1)
05-15 20:59:52.210  1808  1808 I SurfaceFlinger: RequestedLayer [es.uniovi.recetasasturianas.test/and[...]yInvoker$EmptyActivity$_24267#179587] hidden!! flag  from(1) --> to(0)
05-15 20:59:52.210  1808  1808 I SurfaceFlinger: destroyed Transition Root: Task=2387#179590 form LifecycleManager
05-15 20:59:52.211  1808  1808 I SurfaceFlinger: id=179590 onLayerDestroyed from LayerHierarchyBuilder(RequestedLayerState{Transition Root: Task=2387#179590 !handle z=8})
05-15 20:59:52.211  1808  1808 I Layer   : id=179590 Destroyed Transition Root: Task=2387#179590
05-15 20:59:52.217 20661 20661 I VRI[HomeActivity]@27ecfc4: handleAppVisibility mAppVisible = false visible = true
05-15 20:59:52.217  1977  4019 D InputDispatcher: Focused application(0): ActivityRecord{148716444 u0 bitpit.launcher/.ui.HomeActivity t1351}
05-15 20:59:52.217  1977  3186 D AS.MultiSoundManager: mForegroundUid = 10578
05-15 20:59:52.218  1808  1808 D SurfaceFlinger: Display 4630947232161729154 HWC layers:
05-15 20:59:52.218  1808  1808 D SurfaceFlinger:        DEVICE |          104225971372052 | 00002102 | RGBA_8888    |    0.0    0.0 1080.0 2340.0 |    0    0 1080 2340 | es.uniovi.recetasasturianas.test/and[...]yInvoker$EmptyActivity$_24267#179587 (1)
05-15 20:59:52.218  1808  1808 D SurfaceFlinger:        DEVICE |           47510928231537 | 00002100 | RGBA_8888    |    0.0    0.0 1080.0 2340.0 |    0    0 1080 2340 | Splash Screen es.uniovi.recetasasturianas.test$_11062#179585 (1)
05-15 20:59:52.218  1808  1808 D SurfaceFlinger:        DEVICE |           47510928230651 | 00002100 | RGBA_8888    |    0.0    0.0 1080.0   99.0 |    0    0 1080   99 | StatusBar$_11062#172976 (4140)
05-15 20:59:52.218  1808  1808 D SurfaceFlinger:        DEVICE |           47510928230672 | 00002100 | RGBA_8888    |    0.0    0.0 1080.0  144.0 |    0 2196 1080 2340 | NavigationBar0$_11062#172972 (357)
05-15 20:59:52.218  1808  1808 D SurfaceFlinger:        DEVICE |           27157078223661 | 00002100 | RGBA_8888    |    0.0   13.0  290.0  158.0 |  395    0  685  145 | $_6323#154529 (967)
05-15 20:59:52.218  1808  1808 D SurfaceFlinger:        DEVICE |           27157078223656 | 00002100 | RGBA_8888    |    0.0    0.0 1080.0  115.0 |    0    0 1080  115 | $_6323#177506 (652)
05-15 20:59:52.218  1808  1808 D SurfaceFlinger:
05-15 20:59:52.218  1808  1808 D SurfaceFlinger:    DEVICE |           47510928230638 | 00002140 | RGBA_8888    |    0.0    0.0 1080.0  121.0 |    0    0 1080  121 | ScreenDecorOverlay$_11062#172986 (67)
05-15 20:59:52.218  1808  1808 D SurfaceFlinger:        DEVICE |           47510928230639 | 00002140 | RGBA_8888    |    0.0    0.0 1080.0  121.0 |    0 2219 1080 2340 | ScreenDecorOverlayBottom$_11062#172987 (60)
05-15 20:59:52.218  1808  1808 D SurfaceFlinger:
05-15 20:59:52.221  1808  2497 I SurfaceFlinger: id=179592 createSurf, flag=24000, Surface(name=8f932e4 StatusBar)/@0xabc478a - animation-leash of insets_animation#179592
05-15 20:59:52.222  1808  2497 I SurfaceFlinger: id=179593 createSurf, flag=24000, Surface(name=7a9d783 NavigationBar0)/@0x10e1471 - animation-leash of insets_animation#179593
05-15 20:59:52.225 11062 11062 D NavigationBar: onSystemBarAttributesChanged() -  displayId:0, appearance:8, packageName: es.uniovi.recetasasturianas.test (APPEARANCE_LIGHT_STATUS_BARS ), navbarColorManagedByIme:false
05-15 20:59:52.226  1977  4019 D SurfaceComposerClient: setCornerRadius ## c5a06c0 bitpit.launcher/bitpit.launcher.ui.HomeActivity#155257 cornerRadius=0.000000
05-15 20:59:52.227  1977  4019 D SurfaceComposerClient: setCornerRadius ## c5a06c0 bitpit.launcher/bitpit.launcher.ui.HomeActivity#155257 cornerRadius=0.000000
05-15 20:59:52.228 20661 20661 I VRI[HomeActivity]@27ecfc4: stopped(false) old = true
05-15 20:59:52.228  1977  6948 I WindowManager: Relayout Window{7bb6bcd u0 es.uniovi.recetasasturianas/es.uniovi.recetasasturianas.MainActivity}: viewVisibility=8 req=1080x2340 ty=1 d0
05-15 20:59:52.228 20661 20661 D VRI[HomeActivity]@27ecfc4: WindowStopped on bitpit.launcher/bitpit.launcher.ui.HomeActivity set to false
05-15 20:59:52.228  1977  6948 D SurfaceComposerClient: setCornerRadius ## c5a06c0 bitpit.launcher/bitpit.launcher.ui.HomeActivity#155257 cornerRadius=0.000000
05-15 20:59:52.228 24267 24267 I InsetsSourceConsumer: applyRequestedVisibilityToControl: visible=true, type=statusBars, host=es.uniovi.recetasasturianas.test/androidx.test.core.app.InstrumentationActivityInvoker$EmptyActivity
05-15 20:59:52.228  1977  6948 D SurfaceComposerClient: setCornerRadius ## c5a06c0 bitpit.launcher/bitpit.launcher.ui.HomeActivity#155257 cornerRadius=0.000000
05-15 20:59:52.228 24267 24267 I InsetsSourceConsumer: applyRequestedVisibilityToControl: visible=true, type=navigationBars, host=es.uniovi.recetasasturianas.test/androidx.test.core.app.InstrumentationActivityInvoker$EmptyActivity
05-15 20:59:52.229  1977  6948 I WindowManager: Relayout hash=7bb6bcd, pid=24090, syncId=-1: mAttrs={(0,0)(fillxfill) sim={adjust=resize} layoutInDisplayCutoutMode=always ty=BASE_APPLICATION wanim=0x1030317
05-15 20:59:52.229  1977  6948 I WindowManager:   fl=81810100
05-15 20:59:52.229  1977  6948 I WindowManager:   pfl=100088c0
05-15 20:59:52.229  1977  6948 I WindowManager:   vsysui=500
05-15 20:59:52.229  1977  6948 I WindowManager:   bhv=1
05-15 20:59:52.229  1977  6948 I WindowManager:   fitSides=0
05-15 20:59:52.229  1977  6948 I WindowManager:   frameRateBoostOnTouch=true
05-15 20:59:52.229  1977  6948 I WindowManager:   dvrrWindowFrameRateHint=true naviIconColor=0}
05-15 20:59:52.230  1808  2995 I SurfaceFlinger: id=179577 Removed Surface(name=8f932e4 StatusBar)/@0xabc478a - animation-leash of insets_animation#179577 (173)
05-15 20:59:52.230  1808  2995 I SurfaceFlinger: id=179578 Removed Surface(name=7a9d783 NavigationBar0)/@0x10e1471 - animation-leash of insets_animation#179578 (173)
05-15 20:59:52.230  1977  4019 I AppWidgetServiceImpl: lookupOrAddHostLocked = HostId{user:0, app:10578, hostId:4354, pkg:bitpit.launcher}
05-15 20:59:52.230  1977  4019 I AppWidgetServiceImpl: startListening callbacks : com.android.internal.appwidget.IAppWidgetHost$Stub$Proxy@5f7f9ed intervalEnsure:741449790 intervalHostLock:741449790 LhostId:HostId{user:0, app:10578, hostId:4354, pkg:bitpit.launcher}
05-15 20:59:52.231 24090 24090 I VRI[MainActivity]@de229ec: Relayout returned: old=(0,0,1080,2340) new=(0,0,1080,2340) relayoutAsync=false req=(1080,2340)8 dur=26 res=0x2 s={false 0x0} ch=true seqId=0
05-15 20:59:52.231 24090 24090 D VRI[MainActivity]@de229ec: Not drawing due to not visible. Reason=!mAppVisible && !mForceDecorViewVisibility
05-15 20:59:52.234  1808  1808 I SurfaceFlinger: [Display 0 name="Built-in Screen"#172933] setFrameRateCategory: High
05-15 20:59:52.234  1808  1808 I SurfaceFlinger: destroyed Surface(name=7a9d783 NavigationBar0)/@0x10e1471 - animation-leash of insets_animation#179578 form LifecycleManager
05-15 20:59:52.234  1808  1808 I SurfaceFlinger: destroyed Surface(name=8f932e4 StatusBar)/@0xabc478a - animation-leash of insets_animation#179577 form LifecycleManager
05-15 20:59:52.234  1808  1808 I SurfaceFlinger: [LayerHierarchy{RequestedLayerState{7a9d783 NavigationBar0#172957 parentId=179593} 1 children}] reparent to LayerHierarchy{RequestedLayerState{Surface(name=7a9d783 NavigationBar0)/@0x10e1471 - animation-leash of insets_animation#179593 parentId=172956} 1 children}
05-15 20:59:52.234  1808  1808 I SurfaceFlinger: [LayerHierarchy{RequestedLayerState{8f932e4 StatusBar#172964 parentId=179592} 1 children}] reparent to LayerHierarchy{RequestedLayerState{Surface(name=8f932e4 StatusBar)/@0xabc478a - animation-leash of insets_animation#179592 parentId=172963} 1 children}
05-15 20:59:52.234  1808  1808 I SurfaceFlinger: [Surface(name=7a9d783 NavigationBar0)/@0x10e1471 - animation-leash of insets_animation#179593] attach to parent LayerHierarchy{RequestedLayerState{WindowToken{ec79b94 type=2019 android.os.BinderProxy@3619da6}#172956 parentId=34} 2 children}
05-15 20:59:52.234  1808  1808 I SurfaceFlinger: [Surface(name=8f932e4 StatusBar)/@0xabc478a - animation-leash of insets_animation#179592] attach to parent LayerHierarchy{RequestedLayerState{WindowToken{68a9b23 type=2000 android.os.BinderProxy@abe78dd}#172963 parentId=17} 2 children}
05-15 20:59:52.234  1808  1808 I SurfaceFlinger: [LayerHierarchy{RequestedLayerState{Surface(name=8f932e4 StatusBar)/@0xabc478a - animation-leash of insets_animation#179588} no children}] reparent to OffscreenRoot
05-15 20:59:52.234  1808  1808 I SurfaceFlinger: [LayerHierarchy{RequestedLayerState{Surface(name=8f932e4 StatusBar)/@0xabc478a - animation-leash of insets_animation#179588} no children}] RelativeParent to null
05-15 20:59:52.234  1808  1808 I SurfaceFlinger: [LayerHierarchy{RequestedLayerState{Surface(name=7a9d783 NavigationBar0)/@0x10e1471 - animation-leash of insets_animation#179589} no children}] reparent to OffscreenRoot
05-15 20:59:52.234  1808  1808 I SurfaceFlinger: [LayerHierarchy{RequestedLayerState{Surface(name=7a9d783 NavigationBar0)/@0x10e1471 - animation-leash of insets_animation#179589} no children}] RelativeParent to null
05-15 20:59:52.234  1808  1808 I SurfaceFlinger: id=179578 onLayerDestroyed from LayerHierarchyBuilder(RequestedLayerState{Surface(name=7a9d783 NavigationBar0)/@0x10e1471 - animation-leash of insets_animation#179578 !handle})
05-15 20:59:52.234  1808  1808 I SurfaceFlinger: id=179577 onLayerDestroyed from LayerHierarchyBuilder(RequestedLayerState{Surface(name=8f932e4 StatusBar)/@0xabc478a - animation-leash of insets_animation#179577 !handle})
05-15 20:59:52.235  1808  1808 I Layer   : id=179578 Destroyed Surface(name=7a9d783 NavigationBar0)/@0x10e1471 - animation-leash of insets_animation#179578
05-15 20:59:52.235  1808  1808 I Layer   : id=179577 Destroyed Surface(name=8f932e4 StatusBar)/@0xabc478a - animation-leash of insets_animation#179577
05-15 20:59:52.235  1808  1808 I BpBinder: onLastStrongRef automatically unlinking death recipients:
05-15 20:59:52.235  1977  2142 D SurfaceComposerClient: setCornerRadius ## c5a06c0 bitpit.launcher/bitpit.launcher.ui.HomeActivity#155257 cornerRadius=0.000000
05-15 20:59:52.235  1977  4019 D InputDispatcher: Focus entered window (0): 2d4aba es.uniovi.recetasasturianas.test/androidx.test.core.app.InstrumentationActivityInvoker$EmptyActivity
05-15 20:59:52.236  1808  2995 I SurfaceFlinger: id=179588 Removed Surface(name=8f932e4 StatusBar)/@0xabc478a - animation-leash of insets_animation#179588 (171)
05-15 20:59:52.236  1808  2995 I SurfaceFlinger: id=179589 Removed Surface(name=7a9d783 NavigationBar0)/@0x10e1471 - animation-leash of insets_animation#179589 (171)
05-15 20:59:52.236 24267 24267 D VRI[InstrumentationActivityInvoker$EmptyActivity]@49c39ce: mThreadedRenderer.initializeIfNeeded()#2 mSurface={isValid=true 0xb400007de8d3d750}
05-15 20:59:52.236 24267 24267 D InputMethodManagerUtils: startInputInner - Id : 0
05-15 20:59:52.237 24267 24267 I InputMethodManager: startInputInner - IInputMethodManagerGlobalInvoker.startInputOrWindowGainedFocus
05-15 20:59:52.240 11062 11138 I VRI[test]@2879a97: onActiveControlsChanged, removed=false, mAdded=true, caller=android.view.ViewRootImpl.handleInsetsControlChanged:3002 android.view.ViewRootImpl$ViewRootHandler.handleMessageImpl:8352 android.view.ViewRootImpl$ViewRootHandler.handleMessage:8301 android.os.Handler.dispatchMessage:110 android.os.Looper.loopOnce:273
05-15 20:59:52.240 11062 11138 I InsetsSourceConsumer: applyRequestedVisibilityToControl: visible=true, type=statusBars, host=Splash Screen es.uniovi.recetasasturianas.test
05-15 20:59:52.240  1977  2505 D AnalyticsContainerHandler: handleMessage : { when=0 what=1 target=com.android.server.knox.KnoxAnalyticsContainer$AnalyticsHandler }
05-15 20:59:52.240 11062 11138 I InsetsSourceConsumer: applyRequestedVisibilityToControl: visible=true, type=navigationBars, host=Splash Screen es.uniovi.recetasasturianas.test
05-15 20:59:52.240  1977  4779 D InputDispatcher: Focus left window (0): 2d4aba es.uniovi.recetasasturianas.test/androidx.test.core.app.InstrumentationActivityInvoker$EmptyActivity
05-15 20:59:52.240  1977  2505 D AnalyticsContainerHandler: handleMessage : { when=0 what=2 target=com.android.server.knox.KnoxAnalyticsContainer$AnalyticsHandler }
05-15 20:59:52.241  1977  2134 D PkgPredictorService-SecIpmManagerServiceImpl: onForegroundActivitiesChanged pid:20661 uid:10578
05-15 20:59:52.241 24267 24267 I ImeFocusController: onPreWindowFocus: skipped hasWindowFocus=false mHasImeFocus=true
05-15 20:59:52.241 24267 24267 I ImeFocusController: onPostWindowFocus: skipped hasWindowFocus=false mHasImeFocus=true
05-15 20:59:52.242  1977  2134 D NetworkPolicy: already checked 10578
05-15 20:59:52.242  1977  2134 D NetworkPolicy: already checked 10578
05-15 20:59:52.242  1808  1808 I SurfaceFlinger: destroyed Surface(name=8f932e4 StatusBar)/@0xabc478a - animation-leash of insets_animation#179588 form LifecycleManager
05-15 20:59:52.242  1808  1808 I SurfaceFlinger: destroyed Surface(name=7a9d783 NavigationBar0)/@0x10e1471 - animation-leash of insets_animation#179589 form LifecycleManager
05-15 20:59:52.242  1808  1808 I SurfaceFlinger: id=179588 onLayerDestroyed from LayerHierarchyBuilder(RequestedLayerState{Surface(name=8f932e4 StatusBar)/@0xabc478a - animation-leash of insets_animation#179588 !handle})
05-15 20:59:52.242  1808  1808 I SurfaceFlinger: id=179589 onLayerDestroyed from LayerHierarchyBuilder(RequestedLayerState{Surface(name=7a9d783 NavigationBar0)/@0x10e1471 - animation-leash of insets_animation#179589 !handle})
05-15 20:59:52.243  1808  1808 I Layer   : id=179588 Destroyed Surface(name=8f932e4 StatusBar)/@0xabc478a - animation-leash of insets_animation#179588
05-15 20:59:52.243  1808  1808 I Layer   : id=179589 Destroyed Surface(name=7a9d783 NavigationBar0)/@0x10e1471 - animation-leash of insets_animation#179589
05-15 20:59:52.247  4195  4401 I HoneySpace.TopTaskSource: onTaskMovedToFront : taskId = 1351, displayId = 0
05-15 20:59:52.248  4195  4403 I HoneySpace.TopTaskUseCase: topTasks 1351 ComponentInfo{bitpit.launcher/bitpit.launcher.ui.HomeActivity}[displayId=0]
05-15 20:59:52.248  4195 23188 I HoneySpace.RecentTasks: onRecentTasksChanged
05-15 20:59:52.249 12633 21222 I Routine@Core[4.9.04.16]: ActivityWatcherListenerImpl: onPauseComponent: componentName - es.uniovi.recetasasturianas.test, userId: 0
05-15 20:59:52.250 11062 11062 I {OngoingActivityController}: onTaskFocusChanged but OA data is empty
05-15 20:59:52.250  4195  4401 I HoneySpace.TopTaskSource: onTaskFocusChanged(): taskId = 1351
05-15 20:59:52.250 12633 21222 I Routine@Core[4.9.04.16]: Pref: removeSharedPrefsData() key=condition_launch_app_data_resume_pkg
05-15 20:59:52.251 24090 24090 D ConnectivityManager: StackLog: [android.net.ConnectivityManager.unregisterNetworkCallback(ConnectivityManager.java:5575)] [com.bumptech.glide.manager.SingletonConnectivityReceiver$FrameworkConnectivityMonitorPostApi24.unregister(SingletonConnectivityReceiver.java:205)] [com.bumptech.glide.manager.SingletonConnectivityReceiver.maybeUnregisterReceiver(SingletonConnectivityReceiver.java:122)] [com.bumptech.glide.manager.SingletonConnectivityReceiver.unregister(SingletonConnectivityReceiver.java:105)] [com.bumptech.glide.manager.DefaultConnectivityMonitor.unregister(DefaultConnectivityMonitor.java:29)] [com.bumptech.glide.manager.DefaultConnectivityMonitor.onStop(DefaultConnectivityMonitor.java:39)] [com.bumptech.glide.manager.LifecycleLifecycle.onStop(LifecycleLifecycle.java:35)] [java.lang.reflect.Method.invoke(Native Method)] [androidx.lifecycle.ClassesInfoCache$MethodReference.invokeCallback(ClassesInfoCache.java:225)] [androidx.lifecycle.ClassesInfoCache$CallbackInfo.invokeMethodsForEvent(ClassesInfoCache.java:199)] [androidx.lifecycle.ClassesInfoCache$CallbackInfo.invokeCallbacks(ClassesInfoCache.java:190)] [androidx.lifecycle.ReflectiveGenericLifecycleObserver.onStateChanged(ReflectiveGenericLifecycleObserver.java:40)] [androidx.lifecycle.LifecycleRegistry$ObserverWithState.dispatchEvent(LifecycleRegistry.kt:322)] [androidx.lifecycle.LifecycleRegistry.backwardPass(LifecycleRegistry.kt:273)] [androidx.lifecycle.LifecycleRegistry.sync(LifecycleRegistry.kt:290)] [androidx.lifecycle.LifecycleRegistry.moveToState(LifecycleRegistry.kt:143)] [androidx.lifecycle.LifecycleRegistry.handleLifecycleEvent(LifecycleRegistry.kt:126)] [androidx.lifecycle.ReportFragment$Companion.dispatch$lifecycle_runtime_release(ReportFragment.kt:190)] [androidx.lifecycle.ReportFragment$LifecycleCallbacks.onActivityPreStopped(ReportFragment.kt:135)] [android.app.Activity.dispatchActivityPreStopped(Activity.java:1740)] [android.app.Activity.performStop(Activity.java:9789)] [android.app.ActivityThread.callActivityOnStop(ActivityThread.java:6744)] [android.app.ActivityThread.performStopActivityInner(ActivityThread.java:6718)] [android.app.ActivityThread.handleStopActivity(ActivityThread.java:6788)] [android.app.servertransaction.TransactionExecutor.performLifecycleSequence(TransactionExecutor.java:229)] [android.app.servertransaction.TransactionExecutor.cycleToPath(TransactionExecutor.java:194)] [android.app.servertransaction.TransactionExecutor.executeLifecycleItem(TransactionExecutor.java:166)] [android.app.servertransaction.TransactionExecutor.executeTransactionItems(TransactionExecutor.java:101)] [android.app.servertransaction.TransactionExecutor.execute(TransactionExecutor.java:80)] [android.app.ActivityThread$H.handleMessage(ActivityThread.java:3150)]
05-15 20:59:52.252  1977  6941 I WindowManager: Relayout Window{c5a06c0 u0 bitpit.launcher/bitpit.launcher.ui.HomeActivity}: viewVisibility=0 req=1080x2340 ty=1 d0
05-15 20:59:52.252  1808  1899 I SurfaceFlinger: id=179594 createSurf, flag=44004, bitpit.launcher/bitpit.launcher.ui.HomeActivity$_20661#179594
05-15 20:59:52.253 24090 24090 I VRI[MainActivity]@de229ec: stopped(true) old = false
05-15 20:59:52.253 24090 24090 D VRI[MainActivity]@de229ec: WindowStopped on es.uniovi.recetasasturianas/es.uniovi.recetasasturianas.MainActivity set to true
05-15 20:59:52.253 24090 24155 D HWUI    : CacheManager::trimMemory(20)
05-15 20:59:52.254 12633 12673 I Routine@Core[4.9.04.16]: ModeOrderObserver: ModeOrderObserver:onChange: uri content://com.samsung.android.app.routines.routineprovider/preference
05-15 20:59:52.255 24090 24090 D LifecycleMonitor: Lifecycle status change: es.uniovi.recetasasturianas.MainActivity@c621eed in: STOPPED
05-15 20:59:52.255 24090 24090 V ActivityScenario: Update currentActivityStage to STOPPED, currentActivity=es.uniovi.recetasasturianas.MainActivity@c621eed
05-15 20:59:52.257  1977  3160 D ConnectivityService:  Removing from current network [2805 CELLULAR], leaving 175 requests.
05-15 20:59:52.258  1977  6941 D SurfaceComposerClient: setCornerRadius ## c5a06c0 bitpit.launcher/bitpit.launcher.ui.HomeActivity#155257 cornerRadius=0.000000
05-15 20:59:52.259  1977  6941 D SurfaceComposerClient: setCornerRadius ## c5a06c0 bitpit.launcher/bitpit.launcher.ui.HomeActivity#155257 cornerRadius=0.000000
05-15 20:59:52.261 24090 24090 D LifecycleMonitor: Lifecycle status change: es.uniovi.recetasasturianas.MainActivity@c621eed in: DESTROYED
05-15 20:59:52.261 24090 24090 V ActivityScenario: Update currentActivityStage to DESTROYED, currentActivity=null
05-15 20:59:52.261 24090 24138 I TestRunner: finished: displayRecipeList(es.uniovi.recetasasturianas.RecipeListFragmentTest)
