05-15 20:59:55.460 24090 24138 I TestRunner: started: filterByTime_filtersList(es.uniovi.recetasasturianas.RecipeListFragmentTest)
05-15 20:59:55.461  1977  2142 D SurfaceComposerClient: setCornerRadius ## c5a06c0 bitpit.launcher/bitpit.launcher.ui.HomeActivity#155257 cornerRadius=0.000000
05-15 20:59:55.461 11062 11138 D InputTransport: Input channel destroyed: '27d02b7', fd=428
05-15 20:59:55.462  1808  1899 I SurfaceFlinger: id=179670 Removed ce999c8 ActivityRecordInputSink es.uniovi.recetasasturianas/.MainActivity#179670 (170)
05-15 20:59:55.462  1808  1899 I SurfaceFlinger: id=179695 createSurf, flag=24004, Task=2392#179695
05-15 20:59:55.462  4195 23186 I HoneySpace.RecentTasks: onRunningTaskVanished
05-15 20:59:55.463  4195 23188 I HoneySpace.RecentTasks: onRecentTasksChanged
05-15 20:59:55.463  1808  1808 I SurfaceFlinger: [Display 0 name="Built-in Screen"#172933] setFrameRateCategory: Default
05-15 20:59:55.463  1808  1808 I SurfaceFlinger: RequestedLayer [Surface(name=35023c1 InputMethod)/@0[...]ion-leash of insets_animation#179693] hidden!! flag  from(1) --> to(0)
05-15 20:59:55.463  1808  1808 E SurfaceFlinger: alpha changed 1.000 -> 0.000 - Surface(name=35023c1 InputMethod)/@0x1087f31 - animation-leash of insets_animation#179693
05-15 20:59:55.463  1808  1808 I SurfaceFlinger: [LayerHierarchy{RequestedLayerState{ImeContainer#15 parentId=116667 relativeParentId=155257 z=1} 1 children}] reparent to LayerHierarchy{RequestedLayerState{ActivityRecord{148716444 u0 bitpit.launcher/.ui.HomeActivity t1351}#116667 parentId=116666} 3 children}
05-15 20:59:55.463  1808  1808 I SurfaceFlinger: [LayerHierarchy{RequestedLayerState{ImeContainer#15 parentId=116667 relativeParentId=155257 z=1} 1 children}] RelativeParent to LayerHierarchy{RequestedLayerState{c5a06c0 bitpit.launcher/bitpit.launcher.ui.HomeActivity#155257 parentId=116667} 2 children}
05-15 20:59:55.463  1808  1808 I SurfaceFlinger: [LayerHierarchy{RequestedLayerState{35023c1 InputMethod#146668 parentId=179693} no children}] reparent to LayerHierarchy{RequestedLayerState{Surface(name=35023c1 InputMethod)/@0x1087f31 - animation-leash of insets_animation#179693 parentId=146663} 1 children}
05-15 20:59:55.463  1808  1808 I SurfaceFlinger: [LayerHierarchy{RequestedLayerState{be1cb34 es.uniovi.recetasasturianas/es.uniovi.recetasasturianas.MainActivity#179669} 1 children}] reparent to OffscreenRoot
05-15 20:59:55.463  1808  1808 I SurfaceFlinger: [LayerHierarchy{RequestedLayerState{be1cb34 es.uniovi.recetasasturianas/es.uniovi.recetasasturianas.MainActivity#179669} 1 children}] RelativeParent to null
05-15 20:59:55.463  1808  1808 I SurfaceFlinger: [LayerHierarchy{RequestedLayerState{Surface(name=35023c1 InputMethod)/@0x1087f31 - animation-leash of insets_animation#179677} no children}] reparent to OffscreenRoot
05-15 20:59:55.463  1808  1808 I SurfaceFlinger: [LayerHierarchy{RequestedLayerState{Surface(name=35023c1 InputMethod)/@0x1087f31 - animation-leash of insets_animation#179677} no children}] RelativeParent to null
05-15 20:59:55.463  1808  1808 I SurfaceFlinger: [LayerHierarchy{RequestedLayerState{es.uniovi.recetasasturianas/es.uniovi.recetasasturianas.MainActivity$_24090#179671} no children}] reparent to OffscreenRoot
05-15 20:59:55.463  1808  1808 I SurfaceFlinger: [LayerHierarchy{RequestedLayerState{es.uniovi.recetasasturianas/es.uniovi.recetasasturianas.MainActivity$_24090#179671} no children}] RelativeParent to null
05-15 20:59:55.463  1808  1808 I SurfaceFlinger: [LayerHierarchy{RequestedLayerState{Task=2393#179678 z=8} 1 children}] reparent to OffscreenRoot
05-15 20:59:55.463  1808  1808 I SurfaceFlinger: [LayerHierarchy{RequestedLayerState{Task=2393#179678 z=8} 1 children}] RelativeParent to null
05-15 20:59:55.463  1808  1808 I SurfaceFlinger: [LayerHierarchy{RequestedLayerState{ActivityRecord{198149522 u0 es.uniovi.recetasasturianas.test/androidx.test.core.app.InstrumentationActivityInvoker$EmptyActivity t2393}#179679} 2 children}] reparent to OffscreenRoot
05-15 20:59:55.463  1808  1808 I SurfaceFlinger: [LayerHierarchy{RequestedLayerState{ActivityRecord{198149522 u0 es.uniovi.recetasasturianas.test/androidx.test.core.app.InstrumentationActivityInvoker$EmptyActivity t2393}#179679} 2 children}] RelativeParent to null
05-15 20:59:55.463  1808  1808 I SurfaceFlinger: [LayerHierarchy{RequestedLayerState{27d02b7 Splash Screen es.uniovi.recetasasturianas.test#179680 z=2147483647} 1 children}] reparent to OffscreenRoot
05-15 20:59:55.463  1808  1808 I SurfaceFlinger: [LayerHierarchy{RequestedLayerState{27d02b7 Splash Screen es.uniovi.recetasasturianas.test#179680 z=2147483647} 1 children}] RelativeParent to null
05-15 20:59:55.463  1808  1808 I SurfaceFlinger: [LayerHierarchy{RequestedLayerState{Splash Screen es.uniovi.recetasasturianas.test$_11062#179681} no children}] reparent to OffscreenRoot
05-15 20:59:55.463  1808  1808 I SurfaceFlinger: [LayerHierarchy{RequestedLayerState{Splash Screen es.uniovi.recetasasturianas.test$_11062#179681} no children}] RelativeParent to null
05-15 20:59:55.463  1808  1808 I SurfaceFlinger: [LayerHierarchy{RequestedLayerState{3af429d es.uniovi.recetasasturianas.test/androidx.test.core.app.InstrumentationActivityInvoker$EmptyActivity#179682} 1 children}] reparent to OffscreenRoot
05-15 20:59:55.463  1808  1808 I SurfaceFlinger: [LayerHierarchy{RequestedLayerState{3af429d es.uniovi.recetasasturianas.test/androidx.test.core.app.InstrumentationActivityInvoker$EmptyActivity#179682} 1 children}] RelativeParent to null
05-15 20:59:55.463  1808  1808 I SurfaceFlinger: [LayerHierarchy{RequestedLayerState{es.uniovi.recetasasturianas.test/androidx.test.core.app.InstrumentationActivityInvoker$EmptyActivity$_24267#179683} no children}] reparent to OffscreenRoot
05-15 20:59:55.463  1808  1808 I SurfaceFlinger: [LayerHierarchy{RequestedLayerState{es.uniovi.recetasasturianas.test/androidx.test.core.app.InstrumentationActivityInvoker$EmptyActivity$_24267#179683} no children}] RelativeParent to null
05-15 20:59:55.463  1808  1808 I SurfaceFlinger: [LayerHierarchy{RequestedLayerState{Surface(name=3af429d es.uniovi.recetasasturianas.test/androidx.test.core.app.InstrumentationActivityInvoker$EmptyActivity)/@0xd67a6b3 - animation-leash of starting_reveal#179692} no children}] reparent to OffscreenRoot
05-15 20:59:55.463  1808  1808 I SurfaceFlinger: [LayerHierarchy{RequestedLayerState{Surface(name=3af429d es.uniovi.recetasasturianas.test/androidx.test.core.app.InstrumentationActivityInvoker$EmptyActivity)/@0xd67a6b3 - animation-leash of starting_reveal#179692} no children}] RelativeParent to null
05-15 20:59:55.463  1808  1808 I SurfaceFlinger: [Task=2393#179694] attach to parent OffscreenRoot
05-15 20:59:55.463  1808  1808 I SurfaceFlinger: [Task=2392#179695] attach to parent Root
05-15 20:59:55.464 20661 20727 I VRI[HomeActivity]@27ecfc4: mWNT: t=0xb400007df8d94710 mBlastBufferQueue=0xb400007e28de3ce0 fn= 8 HdrRenderState mRenderHdrSdrRatio=1.0 caller= android.view.SyncRtSurfaceTransactionApplier.applyTransaction:100 android.view.SyncRtSurfaceTransactionApplier.lambda$scheduleApply$0:73 android.view.SyncRtSurfaceTransactionApplier.$r8$lambda$afI4fXg3U3-nBZQEDQMiNy-B06s:0
05-15 20:59:55.464  1808  1808 E RefreshRateSelector: Can't find HRR max refresh rate by policy with the same group 1080
05-15 20:59:55.465  1808  2497 I SurfaceFlinger: id=179677 Removed Surface(name=35023c1 InputMethod)/@0x1087f31 - animation-leash of insets_animation#179677 (171)
05-15 20:59:55.465  1808  2497 I SurfaceFlinger: id=179682 Removed 3af429d es.uniovi.recetasasturianas.test/androidx.test.core.app.InstrumentationActivityInvoker$EmptyActivity#179682 (171)
05-15 20:59:55.465  1808  2497 I SurfaceFlinger: id=179680 Removed 27d02b7 Splash Screen es.uniovi.recetasasturianas.test#179680 (171)
05-15 20:59:55.465  1977  2141 I ImeTracker: system_server:7100e354: onCancelled at PHASE_SERVER_SHOULD_HIDE
05-15 20:59:55.465  1808  2497 I SurfaceFlinger: id=179679 Removed ActivityRecord{198149522 u0 es.uniovi.recetasasturianas.test/androidx.test.core.app.InstrumentationActivityInvoker$EmptyActivity t2393}#179679 (171)
05-15 20:59:55.465  1808  2497 I SurfaceFlinger: id=179694 Removed Task=2393#179694 (171)
05-15 20:59:55.465  1808  1897 I SurfaceFlinger: id=179669 Removed be1cb34 es.uniovi.recetasasturianas/es.uniovi.recetasasturianas.MainActivity#179669 (171)
05-15 20:59:55.465  1808  1897 I SurfaceFlinger: id=179671 Removed es.uniovi.recetasasturianas/es.uniovi.recetasasturianas.MainActivity$_24090#179671 (171)
05-15 20:59:55.465  1808  1897 I SurfaceFlinger: id=179681 Removed Splash Screen es.uniovi.recetasasturianas.test$_11062#179681 (171)
05-15 20:59:55.465  1808  1897 I SurfaceFlinger: id=179683 Removed es.uniovi.recetasasturianas.test/androidx.test.core.app.InstrumentationActivityInvoker$EmptyActivity$_24267#179683 (171)
05-15 20:59:55.466 24090 24138 W Settings: Setting always_finish_activities has moved from android.provider.Settings.System to android.provider.Settings.Global, returning read-only value.
05-15 20:59:55.467  4195  4195 I HoneySpace.TaskStackChangeRepositoryImpl: onTaskRemoved : 2393
05-15 20:59:55.467 12633 21222 I Routine@Core[4.9.04.16]: ActivityWatcherListenerImpl: onStopComponent: componentName - es.uniovi.recetasasturianas.test, userId: 0
05-15 20:59:55.467  4195  4195 I HoneySpace.TaskStackChangeRepositoryImpl: onTaskRemoved : 2393
05-15 20:59:55.468  4195  4401 I HoneySpace.TopTaskSource: onTaskRemoved: 2393
05-15 20:59:55.468 12633 21222 I Routine@Core[4.9.04.16]: Pref: putSharedPrefsData: key=condition_launch_app_data_resume_pkg, data.size=49
05-15 20:59:55.468  4195  4195 I HoneySpace.TaskListViewModel[264452461]: taskRemoveId, 2393
05-15 20:59:55.468  4195  4195 W HoneySpace.TaskListViewModel[264452461]: task is already removed: 2393
05-15 20:59:55.468  4195  4195 I HoneySpace.TaskListViewModel[264452461]: taskRemoveId, 2393
05-15 20:59:55.468  4195  4195 W HoneySpace.TaskListViewModel[264452461]: task is already removed: 2393
05-15 20:59:55.469 12633 21222 I Routine@Core[4.9.04.16]: ActivityWatcherListenerImpl: onStopComponent: componentName - es.uniovi.recetasasturianas, userId: 0
05-15 20:59:55.470 12633 21222 I Routine@Core[4.9.04.16]: Pref: putSharedPrefsData: key=condition_launch_app_data_resume_pkg, data.size=49
05-15 20:59:55.470  4195 30507 I HoneySpace.RecentTasks: onRecentTasksChanged
05-15 20:59:55.470  4195 23186 I HoneySpace.RecentTasks: onRunningTaskVanished
05-15 20:59:55.470  4195 23186 I HoneySpace.RecentTasks: onRecentTasksChanged
05-15 20:59:55.471  4195  4401 I HoneySpace.TopTaskSource: onTaskRemoved: 2393
05-15 20:59:55.471  1808  1808 I SurfaceFlinger: destroyed be1cb34 es.uniovi.recetasasturianas/es.uniovi.recetasasturianas.MainActivity#179669 form LifecycleManager
05-15 20:59:55.471  1808  1808 I SurfaceFlinger: destroyed Surface(name=35023c1 InputMethod)/@0x1087f31 - animation-leash of insets_animation#179677 form LifecycleManager
05-15 20:59:55.471  1808  1808 I SurfaceFlinger: destroyed Task=2393#179694 form LifecycleManager
05-15 20:59:55.471  1808  1808 I SurfaceFlinger: destroyed es.uniovi.recetasasturianas/es.uniovi.recetasasturianas.MainActivity$_24090#179671 form LifecycleManager
05-15 20:59:55.471  1808  1808 I SurfaceFlinger: destroyed ActivityRecord{198149522 u0 es.uniovi.recetasasturianas.test/androidx.test.core.app.InstrumentationActivityInvoker$EmptyActivity t2393}#179679 form LifecycleManager
05-15 20:59:55.471  1808  1808 I SurfaceFlinger: destroyed 27d02b7 Splash Screen es.uniovi.recetasasturianas.test#179680 form LifecycleManager
05-15 20:59:55.471  1808  1808 I SurfaceFlinger: destroyed es.uniovi.recetasasturianas.test/androidx.test.core.app.InstrumentationActivityInvoker$EmptyActivity$_24267#179683 form LifecycleManager
05-15 20:59:55.471  1808  1808 I SurfaceFlinger: destroyed 3af429d es.uniovi.recetasasturianas.test/androidx.test.core.app.InstrumentationActivityInvoker$EmptyActivity#179682 form LifecycleManager
05-15 20:59:55.471  1808  1808 I SurfaceFlinger: destroyed Splash Screen es.uniovi.recetasasturianas.test$_11062#179681 form LifecycleManager
05-15 20:59:55.471  1808  1808 I SurfaceFlinger: [LayerHierarchy{RequestedLayerState{Task=2392#179695 z=7} no children}] reparent to OffscreenRoot
05-15 20:59:55.471  1808  1808 I SurfaceFlinger: [LayerHierarchy{RequestedLayerState{Task=2392#179695 z=7} no children}] RelativeParent to null
05-15 20:59:55.471  1808  1808 I SurfaceFlinger: [LayerHierarchy{RequestedLayerState{ActivityRecord{113146246 u0 es.uniovi.recetasasturianas/.MainActivity t2392}#179665} 1 children}] reparent to OffscreenRoot
05-15 20:59:55.471  1808  1808 I SurfaceFlinger: [LayerHierarchy{RequestedLayerState{ActivityRecord{113146246 u0 es.uniovi.recetasasturianas/.MainActivity t2392}#179665} 1 children}] RelativeParent to null
05-15 20:59:55.472  1808  1808 I SurfaceFlinger: [LayerHierarchy{RequestedLayerState{Task=2392#179664 z=7} no children}] reparent to OffscreenRoot
05-15 20:59:55.472  1808  1808 I SurfaceFlinger: [LayerHierarchy{RequestedLayerState{Task=2392#179664 z=7} no children}] RelativeParent to null
05-15 20:59:55.472  1808  1808 I SurfaceFlinger: id=179669 onLayerDestroyed from LayerHierarchyBuilder(RequestedLayerState{be1cb34 es.uniovi.recetasasturianas/es.uniovi.recetasasturianas.MainActivity#179669 !handle})
05-15 20:59:55.472  1808  1808 I SurfaceFlinger: id=179677 onLayerDestroyed from LayerHierarchyBuilder(RequestedLayerState{Surface(name=35023c1 InputMethod)/@0x1087f31 - animation-leash of insets_animation#179677 !handle})
05-15 20:59:55.472  1808  1808 I SurfaceFlinger: id=179694 onLayerDestroyed from LayerHierarchyBuilder(RequestedLayerState{Task=2393#179694 !handle z=8})
05-15 20:59:55.472  1808  1808 I SurfaceFlinger: id=179671 onLayerDestroyed from LayerHierarchyBuilder(RequestedLayerState{es.uniovi.recetasasturianas/es.uniovi.recetasasturianas.MainActivity$_24090#179671 !handle})
05-15 20:59:55.472  1808  1808 I SurfaceFlinger: id=179679 onLayerDestroyed from LayerHierarchyBuilder(RequestedLayerState{ActivityRecord{198149522 u0 es.uniovi.recetasasturianas.test/androidx.test.core.app.InstrumentationActivityInvoker$EmptyActivity t2393}#179679 !handle})
05-15 20:59:55.472  1808  1808 I SurfaceFlinger: id=179680 onLayerDestroyed from LayerHierarchyBuilder(RequestedLayerState{27d02b7 Splash Screen es.uniovi.recetasasturianas.test#179680 !handle z=2147483647})
05-15 20:59:55.472  1808  1808 I SurfaceFlinger: id=179683 onLayerDestroyed from LayerHierarchyBuilder(RequestedLayerState{es.uniovi.recetasasturianas.test/androidx.test.core.app.InstrumentationActivityInvoker$EmptyActivity$_24267#179683 !handle})
05-15 20:59:55.472  1808  1808 I SurfaceFlinger: id=179682 onLayerDestroyed from LayerHierarchyBuilder(RequestedLayerState{3af429d es.uniovi.recetasasturianas.test/androidx.test.core.app.InstrumentationActivityInvoker$EmptyActivity#179682 !handle})
05-15 20:59:55.472  1808  1808 I SurfaceFlinger: id=179681 onLayerDestroyed from LayerHierarchyBuilder(RequestedLayerState{Splash Screen es.uniovi.recetasasturianas.test$_11062#179681 !handle})
05-15 20:59:55.472  1808  1808 I Layer   : id=179669 Destroyed be1cb34 es.uniovi.recetasasturianas/es.uniovi.recetasasturianas.MainActivity#179669
05-15 20:59:55.472  1808  1808 I Layer   : id=179677 Destroyed Surface(name=35023c1 InputMethod)/@0x1087f31 - animation-leash of insets_animation#179677
05-15 20:59:55.472  1808  1808 I Layer   : id=179694 Destroyed Task=2393#179694
05-15 20:59:55.472 23357 23357 I InputMethodService: scheduleImeSurfaceRemoval: removeImeSurface is posted.
05-15 20:59:55.472  1808  1808 I Layer   : id=179671 Destroyed es.uniovi.recetasasturianas/es.uniovi.recetasasturianas.MainActivity$_24090#179671
05-15 20:59:55.473  1808  1808 I Layer   : id=179679 Destroyed ActivityRecord{198149522 u0 es.uniovi.recetasasturianas.test/androidx.test.core.app.InstrumentationActivityInvoker$EmptyActivity t2393}#179679
05-15 20:59:55.473  1808  1808 I Layer   : id=179680 Destroyed 27d02b7 Splash Screen es.uniovi.recetasasturianas.test#179680
05-15 20:59:55.473  1808  1808 I Layer   : id=179683 Destroyed es.uniovi.recetasasturianas.test/androidx.test.core.app.InstrumentationActivityInvoker$EmptyActivity$_24267#179683
05-15 20:59:55.473  1808  1808 I Layer   : id=179682 Destroyed 3af429d es.uniovi.recetasasturianas.test/androidx.test.core.app.InstrumentationActivityInvoker$EmptyActivity#179682
05-15 20:59:55.473  1808  1808 I Layer   : id=179681 Destroyed Splash Screen es.uniovi.recetasasturianas.test$_11062#179681
05-15 20:59:55.473 20661 20726 I VRI[HomeActivity]@27ecfc4: mWNT: t=0xb400007df8dd7b50 mBlastBufferQueue=0xb400007e28de3ce0 fn= 9 HdrRenderState mRenderHdrSdrRatio=1.0 caller= android.view.SyncRtSurfaceTransactionApplier.applyTransaction:100 android.view.SyncRtSurfaceTransactionApplier.lambda$scheduleApply$0:73 android.view.SyncRtSurfaceTransactionApplier.$r8$lambda$afI4fXg3U3-nBZQEDQMiNy-B06s:0
05-15 20:59:55.473  1808  4802 I SurfaceFlinger: id=179665 Removed ActivityRecord{113146246 u0 es.uniovi.recetasasturianas/.MainActivity t2392}#179665 (162)
05-15 20:59:55.473  1808  4802 I SurfaceFlinger: id=179695 Removed Task=2392#179695 (162)
05-15 20:59:55.475  5896  6390 I SemDvfsHyPerManager: acquire hyper - BaseTABoost/5896@20, type = -999
05-15 20:59:55.475  1977  4243 I SemDvfsHyPerManager: acquire hyper - AMS_APP_SWITCH/1977@28, type = -999
05-15 20:59:55.475  1808  2497 I SurfaceFlinger: id=179696 createSurf, flag=24004, Task=2394#179696
05-15 20:59:55.476  1632  1829 I HYPER-HAL: [RequestManager.cpp]acquire(): Acquired ID : 17502506  [5896 / 20]    HINT :      list : [TABoost / 1]
05-15 20:59:55.476  1632  1829 I HYPER-HAL: [RequestManager.cpp]acquire(): Acquired ID : 2011043  [1977 / 28]    HINT : AMS_APP_SWITCH    list :
05-15 20:59:55.476  1632  1829 I HYPER-HAL: [ResourceManager.cpp]updateResource(): [CPULittleMinFreq] UpdateResource Request ID : 2011043    Value : 1804800
05-15 20:59:55.476  1632  1829 I HYPER-HAL: [ResourceManager.cpp]updateResource(): [CPUMinFreq] UpdateResource Request ID : 2011043    Value : 2841600
05-15 20:59:55.476  5896  5896 I SemDvfsHyPerManager: acquire hyper - APP_START_SHORT/5896@15, type = -999
05-15 20:59:55.477  1632  1829 I HYPER-HAL: [RequestManager.cpp]acquire(): Acquired ID : 17472931  [5896 / 15]    HINT : APP_START    list : [TIMEOUT / 1500]
05-15 20:59:55.477  1632  1829 I HYPER-HAL: [ResourceManager.cpp]updateResource(): [CPUMaxFreq] UpdateResource Request ID : 17472931    Value : 2841600
05-15 20:59:55.478  1808  2497 I SurfaceFlinger: id=179697 createSurf, flag=84004, ActivityRecord{240184822 u0 es.uniovi.recetasasturianas/.MainActivity t2394}#179697
05-15 20:59:55.480  1808  1808 I SurfaceFlinger: destroyed Task=2392#179695 form LifecycleManager
05-15 20:59:55.480  1808  1808 I SurfaceFlinger: destroyed ce999c8 ActivityRecordInputSink es.uniovi.recetasasturianas/.MainActivity#179670 form LifecycleManager
05-15 20:59:55.480  1808  1808 I SurfaceFlinger: destroyed ActivityRecord{113146246 u0 es.uniovi.recetasasturianas/.MainActivity t2392}#179665 form LifecycleManager
05-15 20:59:55.480  1808  1808 I SurfaceFlinger: [ActivityRecord{240184822 u0 es.uniovi.recetasasturianas/.MainActivity t2394}#179697] attach to parent LayerHierarchy{RequestedLayerState{Task=2394#179696 parentId=172934} 1 children}
05-15 20:59:55.480  1808  1808 I SurfaceFlinger: [Task=2394#179696] attach to parent LayerHierarchy{RequestedLayerState{DefaultTaskDisplayArea_d0#172934 parentId=9} 10 children}
05-15 20:59:55.480  1808  1808 I SurfaceFlinger: id=179695 onLayerDestroyed from LayerHierarchyBuilder(RequestedLayerState{Task=2392#179695 !handle z=7})
05-15 20:59:55.480  1808  1808 I SurfaceFlinger: id=179670 onLayerDestroyed from LayerHierarchyBuilder(RequestedLayerState{ce999c8 ActivityRecordInputSink es.uniovi.recetasasturianas/.MainActivity#179670 !handle z=-2147483648})
05-15 20:59:55.480  1808  1808 I SurfaceFlinger: id=179665 onLayerDestroyed from LayerHierarchyBuilder(RequestedLayerState{ActivityRecord{113146246 u0 es.uniovi.recetasasturianas/.MainActivity t2392}#179665 !handle})
05-15 20:59:55.481 20661 20727 I VRI[HomeActivity]@27ecfc4: mWNT: t=0xb400007df8e04390 mBlastBufferQueue=0xb400007e28de3ce0 fn= 10 HdrRenderState mRenderHdrSdrRatio=1.0 caller= android.view.SyncRtSurfaceTransactionApplier.applyTransaction:100 android.view.SyncRtSurfaceTransactionApplier.lambda$scheduleApply$0:73 android.view.SyncRtSurfaceTransactionApplier.$r8$lambda$afI4fXg3U3-nBZQEDQMiNy-B06s:0
05-15 20:59:55.481  1977  6941 I SemDvfsHyPerManager: acquire hyper - AMS_APP_LAUNCH/1977@21, type = -999
05-15 20:59:55.482  1632  1829 I HYPER-HAL: [RequestManager.cpp]acquire(): Acquired ID : 1997022  [1977 / 21]    HINT : AMS_APP_LAUNCH    list :
05-15 20:59:55.482  1632  1829 I HYPER-HAL: [ResourceManager.cpp]updateResource(): [CPULittleMinFreq] UpdateResource Request ID : 1997022    Value : 1804800
05-15 20:59:55.482  1632  1829 I HYPER-HAL: [ResourceManager.cpp]updateResource(): [CPUMinFreq] UpdateResource Request ID : 1997022    Value : 2841600
05-15 20:59:55.482  1808  1808 I Layer   : id=179695 Destroyed Task=2392#179695
05-15 20:59:55.482  1808  1808 I Layer   : id=179670 Destroyed ce999c8 ActivityRecordInputSink es.uniovi.recetasasturianas/.MainActivity#179670
05-15 20:59:55.482  1808  1808 I Layer   : id=179665 Destroyed ActivityRecord{113146246 u0 es.uniovi.recetasasturianas/.MainActivity t2392}#179665
05-15 20:59:55.482  5896  5896 I SemDvfsHyPerManager: acquire hyper - APP_START/5896@17, type = -999
05-15 20:59:55.483  1632  1829 I HYPER-HAL: [RequestManager.cpp]acquire(): Acquired ID : 17484758  [5896 / 17]    HINT : APP_START    list :
05-15 20:59:55.483  1632  1829 I HYPER-HAL: [ResourceManager.cpp]updateResource(): [CPUMaxFreq] UpdateResource Request ID : 17484758    Value : 2841600
05-15 20:59:55.485  1977  4779 D InputDispatcher: Focused application(0): ActivityRecord{240184822 u0 es.uniovi.recetasasturianas/.MainActivity t2394}
05-15 20:59:55.485  1977  6941 D GraphicsStatsService: requestRenderEngineFor(es.uniovi.recetasasturianas)
05-15 20:59:55.488 11062 11118 D ShellDesktopMode: handleRequest: TransitionRequestInfo {type=1, tid=2394, debugId=14589}
05-15 20:59:55.490 11062 11138 D ViewRootImpl: desktopMode is false
05-15 20:59:55.490 11062 11138 I ViewRootImpl: dVRR is disabled
05-15 20:59:55.490  1977  3186 D AS.MultiSoundManager: mForegroundUid = 10625
05-15 20:59:55.490 20661 20726 I VRI[HomeActivity]@27ecfc4: mWNT: t=0xb400007df8daf210 mBlastBufferQueue=0xb400007e28de3ce0 fn= 11 HdrRenderState mRenderHdrSdrRatio=1.0 caller= android.view.SyncRtSurfaceTransactionApplier.applyTransaction:100 android.view.SyncRtSurfaceTransactionApplier.lambda$scheduleApply$0:73 android.view.SyncRtSurfaceTransactionApplier.$r8$lambda$afI4fXg3U3-nBZQEDQMiNy-B06s:0
05-15 20:59:55.490 11062 11227 D NativeCustomFrequencyManager: [NativeCFMS] BpCustomFrequencyManager::BpCustomFrequencyManager()
05-15 20:59:55.496 24090 24090 D LifecycleMonitor: Lifecycle status change: es.uniovi.recetasasturianas.MainActivity@908c1e0 in: PRE_ON_CREATE
05-15 20:59:55.496 24090 24090 V ActivityScenario: Activity lifecycle changed event received but ignored because the reported transition was not ON_CREATE while the last known transition was PRE_ON_CREATE
05-15 20:59:55.496  1977  6943 D InputTransport: Input channel constructed: 'bca70da', fd=1030
05-15 20:59:55.496  1977  6943 D InputTransport: Input channel constructed: 'bca70da', fd=1094
05-15 20:59:55.497  1977  6943 D InputTransport: Input channel constructed: 'bca70da', fd=462
05-15 20:59:55.497  1977  6943 D InputTransport: Input channel destroyed: 'bca70da', fd=1094
05-15 20:59:55.497  1808  1808 I SurfaceFlinger: [Display 0 name="Built-in Screen"#172933] setFrameRateCategory: High
05-15 20:59:55.497  1808  1808 I SurfaceFlinger: [LayerHierarchy{RequestedLayerState{ImeContainer#15 parentId=116667 relativeParentId=116667 z=1} 1 children}] RelativeParent to null
05-15 20:59:55.498  1808  1897 I SurfaceFlinger: id=179698 createSurf, flag=84004, bca70da Splash Screen es.uniovi.recetasasturianas#179698
05-15 20:59:55.498  4195  4195 I HoneySpace.TaskStackChangeRepositoryImpl: onTaskRemoved : 2392
05-15 20:59:55.498  4195  4195 I HoneySpace.TaskStackChangeRepositoryImpl: onTaskRemoved : 2392
05-15 20:59:55.498  4195  4401 I HoneySpace.TopTaskSource: onTaskRemoved: 2392
05-15 20:59:55.499  4195  4195 I HoneySpace.TaskListViewModel[264452461]: taskRemoveId, 2392
05-15 20:59:55.499  4195  4195 W HoneySpace.TaskListViewModel[264452461]: task is already removed: 2392
05-15 20:59:55.499  4195  4195 I HoneySpace.TaskListViewModel[264452461]: taskRemoveId, 2392
05-15 20:59:55.499  4195  4195 W HoneySpace.TaskListViewModel[264452461]: task is already removed: 2392
05-15 20:59:55.499  1977  6943 D InputTransport: Input channel destroyed: 'bca70da', fd=462
05-15 20:59:55.499 11062 11138 D InputTransport: Input channel constructed: 'bca70da', fd=446
05-15 20:59:55.500 11062 11138 I InsetsController: onStateChanged: host=Splash Screen es.uniovi.recetasasturianas, from=android.view.ViewRootImpl.onInsetsStateChanged:3026, state=InsetsState: {mDisplayFrame=Rect(0, 0 - 1080, 2340), mDisplayCutout=DisplayCutout{insets=Rect(0, 99 - 0, 0) waterfall=Insets{left=0, top=0, right=0, bottom=0} boundingRect={Bounds=[Rect(0, 0 - 0, 0), Rect(505, 0 - 575, 99), Rect(0, 0 - 0, 0), Rect(0, 0 - 0, 0)]} cutoutPathParserInfo={CutoutPathParserInfo{displayWidth=1080 displayHeight=2340 physicalDisplayWidth=1080 physicalDisplayHeight=2340 density={3.0} cutoutSpec={M 0,0 M 0,29 a 35,35 0 1,0 0,70 a 35,35 0 1,0 0,-70 Z} rotation={0} scale={1.0} physicalPixelDisplaySizeRatio={1.0}}} sideOverrides={}}, mRoundedCorners=RoundedCorners{[RoundedCorner{position=TopLeft, radius=108, center=Point(108, 108)}, RoundedCorner{position=TopRight, radius=108, center=Point(972, 108)}, RoundedCorner{position=BottomRight, radius=108, center=Point(972, 2232)}, RoundedCorner{position=BottomLeft, radius=108, center=Point(108, 2232)}]}  mRoundedCornerFrame=Rect(0, 0 - 1080, 2340), mPrivacyIndicatorBounds=PrivacyIndicatorBounds {static bounds=Rect(948, 0 - 1080, 99) rotation=0}, mDisplayShape=DisplayShape{ spec=-311912193 displayWidth=1080 displayHeight=2340 physicalPixelDisplaySizeRatio=1.0 rotation=0 offsetX=0 offsetY=0 scale=1.0}, mSources= { InsetsSource: {b73a0001 mType=navigationBars mFrame=[0,0][0,0] mVisible=true mFlags=SUPPRESS_SCRIM mSideHint=NONE mBoundingRects=null}, InsetsSource: {b73a0004 mType=systemGestures mFrame=[0,0][90,2340] mVisible=true mFlags= mSideHint=LEFT mBoundingRects=null}, InsetsSource: {b73a0005 mType=mandatorySystemGestures mFrame=[0,2265][1080,2340] mVisible=true mFlags= mSideHint=BOTTOM mBoundingRects=null}, InsetsSource: {b73a0006 mType=tappableElement mFrame=[0,0][0,0] mVisible=true mFlags= mSideHint=NONE mBoundingRects=null}, InsetsSource: {b73a0024 mType=systemGestures mFrame=[990,0][1080,2340] mVisible=true mFlags= mSideHint=RIGHT mBoundingRects=null}, InsetsSource: {3 mType=ime mFrame=[0,0][0,0] mVisible=false mFlags= mSideHint=NONE mBoundingRects=null}, InsetsSource: {27 mType=displayCutout mFrame=[0,0][1080,99] mVisible=true mFlags= mSideHint=TOP mBoundingRects=null}, InsetsSource: {9260000 mType=statusBars mFrame=[0,0][1080,99] mVisible=false mFlags= mSideHint=TOP mBoundingRects=null}, InsetsSource: {9260005 mType=mandatorySystemGestures mFrame=[0,0][1080,135] mVisible=true mFlags= mSideHint=TOP mBoundingRects=null}, InsetsSource: {9260006 mType=tappableElement mFrame=[0,0][1080,99] mVisible=true mFlags= mSideHint=TOP mBoundingRects=null} }
05-15 20:59:55.500 11062 11138 I VRI[recetasasturianas]@791ca2b: onActiveControlsChanged, removed=false, mAdded=true, caller=android.view.ViewRootImpl.handleInsetsControlChanged:3002 android.view.ViewRootImpl.setView:2014 android.view.WindowManagerGlobal.addView:604 com.android.wm.shell.startingsurface.SplashscreenWindowCreator.addWindow:38 com.android.wm.shell.startingsurface.StartingWindowController$$ExternalSyntheticLambda4.run:1365
05-15 20:59:55.500 11062 11138 I VRI[recetasasturianas]@791ca2b: synced displayState. AttachInfo displayState=2
05-15 20:59:55.500  1808  1808 I BpBinder: onLastStrongRef automatically unlinking death recipients:
05-15 20:59:55.500 20661 20727 I VRI[HomeActivity]@27ecfc4: mWNT: t=0xb400007df8dc2d10 mBlastBufferQueue=0xb400007e28de3ce0 fn= 12 HdrRenderState mRenderHdrSdrRatio=1.0 caller= android.view.SyncRtSurfaceTransactionApplier.applyTransaction:100 android.view.SyncRtSurfaceTransactionApplier.lambda$scheduleApply$0:73 android.view.SyncRtSurfaceTransactionApplier.$r8$lambda$afI4fXg3U3-nBZQEDQMiNy-B06s:0
05-15 20:59:55.501  1977  2142 D SurfaceComposerClient: setCornerRadius ## bca70da Splash Screen es.uniovi.recetasasturianas#179698 cornerRadius=0.000000
05-15 20:59:55.501 12633 21222 I Routine@Core[4.9.04.16]: ActivityWatcherListenerImpl: onPauseComponent: componentName - bitpit.launcher, userId: 0
05-15 20:59:55.501  4195  4401 I HoneySpace.TopTaskSource: onTaskRemoved: 2392
05-15 20:59:55.501  1977  2142 D SurfaceComposerClient: setCornerRadius ## bca70da Splash Screen es.uniovi.recetasasturianas#179698 cornerRadius=0.000000
05-15 20:59:55.502 12633 21222 I Routine@Core[4.9.04.16]: Pref: removeSharedPrefsData() key=condition_launch_app_data_resume_pkg
05-15 20:59:55.504 11062 11138 I VRI[recetasasturianas]@791ca2b: setView = android.widget.FrameLayout@88eac46 IsHRR=false mFlingFrameRateChange=0 TM=true
05-15 20:59:55.504 11062 11227 D HWUI    : HWUI - treat SMPTE_170M as sRGB
05-15 20:59:55.504 12633 17431 I Routine@Core[4.9.04.16]: ModeOrderObserver: ModeOrderObserver:onChange: uri content://com.samsung.android.app.routines.routineprovider/preference
05-15 20:59:55.505  4301  4301 E pageboostd: Received HALT command code 2
05-15 20:59:55.505  1808  1808 I SurfaceFlinger: [bca70da Splash Screen es.uniovi.recetasasturianas#179698] attach to parent LayerHierarchy{RequestedLayerState{ActivityRecord{240184822 u0 es.uniovi.recetasasturianas/.MainActivity t2394}#179697 parentId=179696} 1 children}
05-15 20:59:55.506  4195  4401 I HoneySpace.TopTaskSource: onTaskMovedToFront : taskId = 2394, displayId = 0
05-15 20:59:55.506  1977  2134 D PkgPredictorService-SecIpmManagerServiceImpl: onForegroundActivitiesChanged pid:24090 uid:10625
05-15 20:59:55.507  4195  4403 I HoneySpace.TopTaskUseCase: topTasks 2394 ComponentInfo{es.uniovi.recetasasturianas/es.uniovi.recetasasturianas.MainActivity}[displayId=0]
05-15 20:59:55.507  1977  6943 I WindowManager: Relayout Window{bca70da u0 Splash Screen es.uniovi.recetasasturianas}: viewVisibility=0 req=1080x2340 ty=3 d0
05-15 20:59:55.508  1977  2134 D NetworkPolicy: already checked 10625
05-15 20:59:55.508 11062 11062 I {OngoingActivityController}: onTaskFocusChanged but OA data is empty
05-15 20:59:55.508  1977  2134 D NetworkPolicy: already checked 10625
05-15 20:59:55.508  1808  1897 I SurfaceFlinger: id=179699 createSurf, flag=44004, Splash Screen es.uniovi.recetasasturianas$_11062#179699
05-15 20:59:55.509  2090  2090 I CameraService: onUidStateChanged: uid=10048, procState is changed. (0 -> 1)
05-15 20:59:55.510  4195  4401 I HoneySpace.TopTaskSource: onTaskFocusChanged(): taskId = 2394
05-15 20:59:55.511 20661 20726 I VRI[HomeActivity]@27ecfc4: mWNT: t=0xb400007df8da9c50 mBlastBufferQueue=0xb400007e28de3ce0 fn= 13 HdrRenderState mRenderHdrSdrRatio=1.0 caller= android.view.SyncRtSurfaceTransactionApplier.applyTransaction:100 android.view.SyncRtSurfaceTransactionApplier.lambda$scheduleApply$0:73 android.view.SyncRtSurfaceTransactionApplier.$r8$lambda$afI4fXg3U3-nBZQEDQMiNy-B06s:0
05-15 20:59:55.512  1808  1951 D SurfaceFlinger: [input] setFocusedWindow: <null>
05-15 20:59:55.513  1977  6948 D InputDispatcher: Focus left window (0): c5a06c0 bitpit.launcher/bitpit.launcher.ui.HomeActivity
05-15 20:59:55.513  4195 23188 I HoneySpace.RecentTasks: onRecentTasksChanged
05-15 20:59:55.513  4195 23186 I HoneySpace.RecentTasks: onRecentTasksChanged
05-15 20:59:55.513 20661 20661 I ImeFocusController: onPreWindowFocus: skipped hasWindowFocus=false mHasImeFocus=true
05-15 20:59:55.513  1977  4779 D InputDispatcher: Once focus requested (0): <null>
05-15 20:59:55.513 20661 20661 I ImeFocusController: onPostWindowFocus: skipped hasWindowFocus=false mHasImeFocus=true
05-15 20:59:55.514  1977  6943 D SurfaceComposerClient: setCornerRadius ## bca70da Splash Screen es.uniovi.recetasasturianas#179698 cornerRadius=0.000000
05-15 20:59:55.514  1808  1808 I SurfaceFlinger: [Splash Screen es.uniovi.recetasasturianas$_11062#179699] attach to parent LayerHierarchy{RequestedLayerState{bca70da Splash Screen es.uniovi.recetasasturianas#179698 parentId=179697} 1 children}
05-15 20:59:55.514 20661 20727 I VRI[HomeActivity]@27ecfc4: mWNT: t=0xb400007df8d77910 mBlastBufferQueue=0xb400007e28de3ce0 fn= 14 HdrRenderState mRenderHdrSdrRatio=1.0 caller= android.view.SyncRtSurfaceTransactionApplier.applyTransaction:100 android.view.SyncRtSurfaceTransactionApplier.lambda$scheduleApply$0:73 android.view.SyncRtSurfaceTransactionApplier.$r8$lambda$afI4fXg3U3-nBZQEDQMiNy-B06s:0
05-15 20:59:55.514  1977  6943 D SurfaceComposerClient: setCornerRadius ## bca70da Splash Screen es.uniovi.recetasasturianas#179698 cornerRadius=0.000000
05-15 20:59:55.516  1977  6943 I WindowManager: Relayout hash=bca70da, pid=11062, syncId=-1: mAttrs={(0,0)(fillxfill) sim={adjust=pan} layoutInDisplayCutoutMode=always ty=APPLICATION_STARTING fmt=TRANSLUCENT wanim=0x1030317
05-15 20:59:55.516  1977  6943 I WindowManager:   fl=81030118
05-15 20:59:55.516  1977  6943 I WindowManager:   pfl=10000810
05-15 20:59:55.516  1977  6943 I WindowManager:   bhv=1
05-15 20:59:55.516  1977  6943 I WindowManager:   fitSides=0
05-15 20:59:55.516  1977  6943 I WindowManager:   frameRateBoostOnTouch=true
05-15 20:59:55.516  1977  6943 I WindowManager:   dvrrWindowFrameRateHint=true naviIconColor=0}
05-15 20:59:55.517 24090 24090 I DecorView: setWindowBackground: isPopOver=false color=ff141218 d=android.graphics.drawable.ColorDrawable@aa2d821
05-15 20:59:55.517 11062 11138 I VRI[recetasasturianas]@791ca2b: onActiveControlsChanged, removed=false, mAdded=true, caller=android.view.ViewRootImpl.handleInsetsControlChanged:3002 android.view.ViewRootImpl.relayoutWindow:11629 android.view.ViewRootImpl.performTraversals:4804 android.view.ViewRootImpl.doTraversal:3924 android.view.ViewRootImpl$TraversalRunnable.run:12903
05-15 20:59:55.517 11062 11138 W libc    : Access denied finding property "vendor.display.enable_optimal_refresh_rate"
05-15 20:59:55.517 11062 11138 I BufferQueueProducer: [](id:2b360000014c,api:0,p:33620223,c:11062) setDequeueTimeout:2077252342
05-15 20:59:55.518 11062 11138 I BLASTBufferQueue_Java: new BLASTBufferQueue, mName= VRI[recetasasturianas]@791ca2b mNativeObject= 0xb400007e28dae990 caller= android.view.ViewRootImpl.updateBlastSurfaceIfNeeded:3585 android.view.ViewRootImpl.relayoutWindow:11685 android.view.ViewRootImpl.performTraversals:4804 android.view.ViewRootImpl.doTraversal:3924 android.view.ViewRootImpl$TraversalRunnable.run:12903 android.view.Choreographer$CallbackRecord.run:1901 android.view.Choreographer$CallbackRecord.run:1910 android.view.Choreographer.doCallbacks:1367 android.view.Choreographer.doFrame:1292 android.view.Choreographer$FrameDisplayEventReceiver.run:1870
05-15 20:59:55.518 11062 11138 I BLASTBufferQueue_Java: update, w= 1080 h= 2340 mName = VRI[recetasasturianas]@791ca2b mNativeObject= 0xb400007e28dae990 sc.mNativeObject= 0xb400007ea8d66950 format= -3 caller= android.view.ViewRootImpl.updateBlastSurfaceIfNeeded:3590 android.view.ViewRootImpl.relayoutWindow:11685 android.view.ViewRootImpl.performTraversals:4804 android.view.ViewRootImpl.doTraversal:3924 android.view.ViewRootImpl$TraversalRunnable.run:12903 android.view.Choreographer$CallbackRecord.run:1901
05-15 20:59:55.518 11062 11138 W libc    : Access denied finding property "vendor.display.enable_optimal_refresh_rate"
05-15 20:59:55.518 11062 11138 I VRI[recetasasturianas]@791ca2b: Relayout returned: old=(0,0,1080,2340) new=(0,0,1080,2340) relayoutAsync=false req=(1080,2340)0 dur=11 res=0x3 s={true 0xb400007de8dcf1b0} ch=true seqId=0
05-15 20:59:55.519 11062 11138 I VRI[recetasasturianas]@791ca2b: performConfigurationChange setNightDimText nightDimLevel=0
05-15 20:59:55.519 24090 24090 D LifecycleMonitor: Lifecycle status change: es.uniovi.recetasasturianas.MainActivity@908c1e0 in: CREATED
05-15 20:59:55.519 11062 11138 D VRI[recetasasturianas]@791ca2b: mThreadedRenderer.initialize() mSurface={isValid=true 0xb400007de8dcf1b0} hwInitialized=true
05-15 20:59:55.519 24090 24090 V ActivityScenario: Update currentActivityStage to CREATED, currentActivity=es.uniovi.recetasasturianas.MainActivity@908c1e0
05-15 20:59:55.520 11062 11138 D VRI[recetasasturianas]@791ca2b: reportNextDraw android.view.ViewRootImpl.performTraversals:5443 android.view.ViewRootImpl.doTraversal:3924 android.view.ViewRootImpl$TraversalRunnable.run:12903 android.view.Choreographer$CallbackRecord.run:1901 android.view.Choreographer$CallbackRecord.run:1910
05-15 20:59:55.520 11062 11138 D VRI[recetasasturianas]@791ca2b: Setup new sync=wmsSync-VRI[recetasasturianas]@791ca2b#40
05-15 20:59:55.520 11062 11138 I VRI[recetasasturianas]@791ca2b: Creating new active sync group VRI[recetasasturianas]@791ca2b#41
05-15 20:59:55.520 11062 11138 D VRI[recetasasturianas]@791ca2b: registerCallbacksForSync syncBuffer=false
05-15 20:59:55.521 11062 11224 D VRI[recetasasturianas]@791ca2b: Received frameDrawingCallback syncResult=0 frameNum=1.
05-15 20:59:55.521 11062 11224 I VRI[recetasasturianas]@791ca2b: mWNT: t=0xb400007df8d7c290 mBlastBufferQueue=0xb400007e28dae990 fn= 1 HdrRenderState mRenderHdrSdrRatio=1.0 caller= android.view.ViewRootImpl$12.onFrameDraw:15441 android.view.ThreadedRenderer$1.onFrameDraw:718 <bottom of call stack>
05-15 20:59:55.521 11062 11224 I VRI[recetasasturianas]@791ca2b: Setting up sync and frameCommitCallback
05-15 20:59:55.524 20661 20726 I VRI[HomeActivity]@27ecfc4: mWNT: t=0xb400007df8dbd910 mBlastBufferQueue=0xb400007e28de3ce0 fn= 15 HdrRenderState mRenderHdrSdrRatio=1.0 caller= android.view.SyncRtSurfaceTransactionApplier.applyTransaction:100 android.view.SyncRtSurfaceTransactionApplier.lambda$scheduleApply$0:73 android.view.SyncRtSurfaceTransactionApplier.$r8$lambda$afI4fXg3U3-nBZQEDQMiNy-B06s:0
05-15 20:59:55.525 11062 11227 I BLASTBufferQueue: [VRI[recetasasturianas]@791ca2b#332](f:0,a:0,s:0) onFrameAvailable the first frame is available
05-15 20:59:55.525 11062 11227 I SurfaceComposerClient: apply transaction with the first frame. layerId: 179699, bufferData(ID: 47510928231590, frameNumber: 1)
05-15 20:59:55.525 11062 11227 I VRI[recetasasturianas]@791ca2b: Received frameCommittedCallback lastAttemptedDrawFrameNum=1 didProduceBuffer=true
05-15 20:59:55.526  1808  4802 I SurfaceFlinger: [Splash Screen es.uniovi.recetasasturianas$_11062#179699] setTransactionState with the first frame. bufferData(ID: 47510928231590, frameNumber: 1)
05-15 20:59:55.526 11062 11227 D HWUI    : CFMS:: SetUp Pid : 11062    Tid : 11227
05-15 20:59:55.526 11062 11138 D VRI[recetasasturianas]@791ca2b: reportDrawFinished seqId=0
05-15 20:59:55.527  1977  2142 D SurfaceComposerClient: setCornerRadius ## bca70da Splash Screen es.uniovi.recetasasturianas#179698 cornerRadius=0.000000
05-15 20:59:55.527  1977  2142 D SurfaceComposerClient: setCornerRadius ## bca70da Splash Screen es.uniovi.recetasasturianas#179698 cornerRadius=0.000000
05-15 20:59:55.528  1808  4802 I SurfaceFlinger: id=179700 createSurf, flag=84004, Transition Root: Task=2394#179700
05-15 20:59:55.528  1977  2141 D EnterpriseDeviceManagerService: isMdmAdminPresentInternal() : MDM Admin Found - com.samsung.knox.securefolder
05-15 20:59:55.528 12633 17431 I Routine@Core[4.9.04.16]: ModesOrderManager: getOrderOrDefault: uuid(100)
05-15 20:59:55.529 12633 17431 I Routine@Core[4.9.04.16]: ModesOrderManager: getOrder: uuid(100) -> order(999)
05-15 20:59:55.529 12633 17431 I Routine@Core[4.9.04.16]: ModeListHolder: update: size(1) updated(2026/05/15 20:59:55) [ModeMeta(id=1, uuid=100, iconResourceId=2131231140, iconStatusResourceId=2131231637, displayName=Sleep, isRunning=false, runningReason=, runningReasonCondition=, isSet=true, isDeleted=false, detailRunningReason=null, order=999, toggleTime=1778816639015)]
05-15 20:59:55.530  1977  2142 I SurfaceControlRegistry: show, t=StartTransaction_SyncId<14589> sc=ActivityRecord{240184822 u0 es.uniovi.recetasasturianas/.MainActivity t2394}, caller=android.view.SurfaceControl$Transaction.show:3557 com.android.server.wm.Transition.onTransactionReady:2048 com.android.server.wm.BLASTSyncEngine$SyncGroup.finishNow:240 com.android.server.wm.BLASTSyncEngine.onSurfacePlacement:263 com.android.server.wm.RootWindowContainer.performSurfacePlacementNoTrace:1083 com.android.server.wm.WindowSurfacePlacer.performSurfacePlacement:166
05-15 20:59:55.530  1977  2142 D SurfaceComposerClient: setCornerRadius ## WallpaperWindowToken{43888ef showWhenLocked=false}#178727 cornerRadius=0.000000
05-15 20:59:55.530  1977  2142 D SurfaceComposerClient: setCornerRadius ## Task=1#172921 cornerRadius=0.000000
05-15 20:59:55.530  1977  2142 D SurfaceComposerClient: setCornerRadius ## Task=2394#179696 cornerRadius=0.000000
05-15 20:59:55.530  1808  1808 I SurfaceFlinger: [Transition Root: Task=2394#179700] attach to parent LayerHierarchy{RequestedLayerState{DefaultTaskDisplayArea_d0#172934 parentId=9} 11 children}
05-15 20:59:55.531 20661 20727 I VRI[HomeActivity]@27ecfc4: mWNT: t=0xb400007df8dd62d0 mBlastBufferQueue=0xb400007e28de3ce0 fn= 16 HdrRenderState mRenderHdrSdrRatio=1.0 caller= android.view.SyncRtSurfaceTransactionApplier.applyTransaction:100 android.view.SyncRtSurfaceTransactionApplier.lambda$scheduleApply$0:73 android.view.SyncRtSurfaceTransactionApplier.$r8$lambda$afI4fXg3U3-nBZQEDQMiNy-B06s:0
05-15 20:59:55.532  1808  2497 I SurfaceFlinger: id=179701 createSurf, flag=84000, 5137cb8 ActivityRecordInputSink es.uniovi.recetasasturianas/.MainActivity#179701
05-15 20:59:55.533 11062 11118 I SurfaceControlRegistry: hide, t=FinishTransaction_SyncId<14589> sc=Task=1, caller=android.view.SurfaceControl$Transaction.hide:3583 com.android.wm.shell.transition.Transitions.dispatchReady:1263 com.android.wm.shell.transition.Transitions.onTransitionReady:251 com.android.wm.shell.transition.Transitions$TransitionPlayerImpl$$ExternalSyntheticLambda0.run:13 android.os.Handler.handleCallback:995 android.os.Handler.dispatchMessage:103
05-15 20:59:55.533 11062 11118 I SurfaceControlRegistry: show, t=StartTransaction_SyncId<14589> sc=Task=2394, caller=android.view.SurfaceControl$Transaction.show:3557 com.android.wm.shell.transition.Transitions.dispatchReady:1279 com.android.wm.shell.transition.Transitions.onTransitionReady:251 com.android.wm.shell.transition.Transitions$TransitionPlayerImpl$$ExternalSyntheticLambda0.run:13 android.os.Handler.handleCallback:995 android.os.Handler.dispatchMessage:103
05-15 20:59:55.534 11062 11118 I SurfaceControlRegistry: show, t=FinishTransaction_SyncId<14589> sc=Task=2394, caller=android.view.SurfaceControl$Transaction.show:3557 com.android.wm.shell.transition.Transitions.dispatchReady:1330 com.android.wm.shell.transition.Transitions.onTransitionReady:251 com.android.wm.shell.transition.Transitions$TransitionPlayerImpl$$ExternalSyntheticLambda0.run:13 android.os.Handler.handleCallback:995 android.os.Handler.dispatchMessage:103
05-15 20:59:55.534 11062 11118 I SurfaceControlRegistry: show, t=StartTransaction_SyncId<14589> sc=Transition Root: Task=2394, caller=android.view.SurfaceControl$Transaction.show:3557 com.android.wm.shell.transition.Transitions.playTransition:79 com.android.wm.shell.transition.Transitions.processReadyQueue:239 com.android.wm.shell.transition.Transitions.dispatchReady:1352 com.android.wm.shell.transition.Transitions.onTransitionReady:251 com.android.wm.shell.transition.Transitions$TransitionPlayerImpl$$ExternalSyntheticLambda0.run:13
05-15 20:59:55.535 11062 11118 I SurfaceControlRegistry: apply, t=StartTransaction_SyncId<14589>, caller=android.view.SurfaceControl$Transaction.apply:3459 android.view.SurfaceControl$Transaction.apply:3447 android.view.SurfaceControl$Transaction.apply:3397 com.android.wm.shell.transition.DefaultTransitionHandler.startAnimation:3292 com.android.wm.shell.transition.Transitions.dispatchTransition:90 com.android.wm.shell.transition.Transitions.playTransition:774
05-15 20:59:55.537 11062 11130 D SurfaceComposerClient: setCornerRadius ## Task=2394#179696 cornerRadius=108.000000
05-15 20:59:55.538  4195 23188 I HoneySpace.RecentTasks: onRunningTaskAppeared
05-15 20:59:55.538  4195 23188 I HoneySpace.RecentTasks: onRecentTasksChanged
05-15 20:59:55.538 24090 24090 D RecipeListViewModel: SwitchMap disparado con query: ''
05-15 20:59:55.538 12633 17431 I Routine@Core[4.9.04.16]: ActivityWatcherListenerImpl: onResumeComponent: componentName - es.uniovi.recetasasturianas, es.uniovi.recetasasturianas.MainActivity, userId: 0
05-15 20:59:55.538 24090 24090 D RecipeListViewModel: ViewModel init
05-15 20:59:55.538 24090 24090 D RecipeListViewModel: loadRecipes() empezando...
05-15 20:59:55.539 12633 17431 I Routine@Core[4.9.04.16]: Pref: putSharedPrefsData: key=condition_launch_app_data_resume_pkg, data.size=70
05-15 20:59:55.539  1808  1808 I SurfaceFlinger: RequestedLayer [bca70da Splash Screen es.uniovi.recetasasturianas#179698] hidden!! flag  from(1) --> to(0)
05-15 20:59:55.539  1808  1808 I SurfaceFlinger: RequestedLayer [Splash Screen es.uniovi.recetasasturianas$_11062#179699] hidden!! flag  from(1) --> to(0)
05-15 20:59:55.539  1808  1808 I SurfaceFlinger: RequestedLayer [Task=2394#179696] hidden!! flag  from(1) --> to(0)
05-15 20:59:55.539  1808  1808 E SurfaceFlinger: alpha changed 1.000 -> 0.000 - Task=2394#179696
05-15 20:59:55.539 24090 24090 D RecipeListViewModel: Conexión detectada: true
05-15 20:59:55.539  1808  1808 I SurfaceFlinger: RequestedLayer [Transition Root: Task=2394#179700] hidden!! flag  from(1) --> to(0)
05-15 20:59:55.539  1808  1808 I SurfaceFlinger: RequestedLayer [ActivityRecord{240184822 u0 es.uniov[...]turianas/.MainActivity t2394}#179697] hidden!! flag  from(1) --> to(0)
05-15 20:59:55.539  1808  1808 E SurfaceFlinger: alpha changed 0.000 -> 1.000 - Task=2394#179696
05-15 20:59:55.539  1808  1808 I SurfaceFlinger: [LayerHierarchy{RequestedLayerState{Task=1#172921 parentId=179700 z=3} 4 children}] reparent to LayerHierarchy{RequestedLayerState{Transition Root: Task=2394#179700 parentId=172934 z=7} 1 children}
05-15 20:59:55.539  1808  1808 I SurfaceFlinger: [LayerHierarchy{RequestedLayerState{Task=2394#179696 parentId=179700 z=7} 1 children}] reparent to LayerHierarchy{RequestedLayerState{Transition Root: Task=2394#179700 parentId=172934 z=7} 2 children}
05-15 20:59:55.539  1808  1808 I SurfaceFlinger: [5137cb8 ActivityRecordInputSink es.uniovi.recetasasturianas/.MainActivity#179701] attach to parent LayerHierarchy{RequestedLayerState{ActivityRecord{240184822 u0 es.uniovi.recetasasturianas/.MainActivity t2394}#179697 parentId=179696} 2 children}
05-15 20:59:55.540 20661 20726 I VRI[HomeActivity]@27ecfc4: mWNT: t=0xb400007df8dbfc10 mBlastBufferQueue=0xb400007e28de3ce0 fn= 17 HdrRenderState mRenderHdrSdrRatio=1.0 caller= android.view.SyncRtSurfaceTransactionApplier.applyTransaction:100 android.view.SyncRtSurfaceTransactionApplier.lambda$scheduleApply$0:73 android.view.SyncRtSurfaceTransactionApplier.$r8$lambda$afI4fXg3U3-nBZQEDQMiNy-B06s:0
05-15 20:59:55.540 24090 24090 D RecipeListViewModel: SwitchMap disparado con query: ''
05-15 20:59:55.541 11062 11130 D SurfaceComposerClient: setCornerRadius ## Task=2394#179696 cornerRadius=108.000000
05-15 20:59:55.541 24090 24090 D LifecycleMonitor: Lifecycle status change: es.uniovi.recetasasturianas.MainActivity@908c1e0 in: STARTED
05-15 20:59:55.542 24090 24090 V ActivityScenario: Update currentActivityStage to STARTED, currentActivity=es.uniovi.recetasasturianas.MainActivity@908c1e0
05-15 20:59:55.542 24090 24090 D LifecycleMonitor: Lifecycle status change: es.uniovi.recetasasturianas.MainActivity@908c1e0 in: RESUMED
05-15 20:59:55.542 24090 24090 V ActivityScenario: Update currentActivityStage to RESUMED, currentActivity=es.uniovi.recetasasturianas.MainActivity@908c1e0
05-15 20:59:55.542 24090 24090 D RecipeListViewModel: SwitchMap disparado con query: ' '
05-15 20:59:55.543 24090 24090 D RecipeListViewModel: SwitchMap disparado con query: ''
05-15 20:59:55.543 11062 11118 I SurfaceControlRegistry: apply, t=FinishTransaction_SyncId<14589>, caller=android.view.SurfaceControl$Transaction.apply:3459 android.view.SurfaceControl$Transaction.apply:3447 android.view.SurfaceControl$Transaction.apply:3397 com.android.wm.shell.transition.Transitions.onFinish:315 com.android.wm.shell.transition.Transitions$$ExternalSyntheticLambda7.onTransitionFinished:12 com.android.wm.shell.transition.DefaultTransitionHandler$$ExternalSyntheticLambda6.run:36
05-15 20:59:55.544 24090 24090 D ViewRootImpl: desktopMode is false
05-15 20:59:55.544 24090 24090 I ViewRootImpl: dVRR is disabled
05-15 20:59:55.544 24090 24155 D NativeCustomFrequencyManager: [NativeCFMS] BpCustomFrequencyManager::BpCustomFrequencyManager()
05-15 20:59:55.546  1977  6948 D PersonaActivityHelper: token.toString()  Token{d2d617a ActivityRecord{148716444 u0 bitpit.launcher/.ui.HomeActivity t1351}}
05-15 20:59:55.546  1977  6948 D PersonaActivityHelper: mLastResumedSFActivity getPackageName  com.android.settings
05-15 20:59:55.546  1977  6948 D PersonaActivityHelper: mLastResumedSFActivity getShortClassName  .fuelgauge.RequestIgnoreBatteryOptimizations
05-15 20:59:55.546  1977  6948 D PersonaActivityHelper: token.toString()  Token{3dfac64 ActivityRecord{240184822 u0 es.uniovi.recetasasturianas/.MainActivity t2394}}
05-15 20:59:55.546  1977  6948 D PersonaActivityHelper: mLastResumedSFActivity getPackageName  com.android.settings
