05-15 20:59:47.913  1808  4802 I SurfaceFlinger: id=179444 createSurf, flag=84000, 6d2b90c ActivityRecordInputSink es.uniovi.recetasasturianas.test/androidx.test.core.app.InstrumentationActivityInvoker$EmptyActivity#179444
05-15 20:59:47.914  1624 31626 I sensors-hal: handle_sns_client_event:540, [0][3820411] accel_sample [-0.203,  0.573, 11.469] 741445441925645
05-15 20:59:47.915  1977  2997 D InputTransport: Input channel constructed: '222f2c7', fd=1049
05-15 20:59:47.915  1977  2997 D InputTransport: Input channel constructed: '222f2c7', fd=1111
05-15 20:59:47.916  1977  2997 D InputTransport: Input channel constructed: '222f2c7', fd=1130
05-15 20:59:47.916  1977  2997 D InputTransport: Input channel destroyed: '222f2c7', fd=1111
05-15 20:59:47.916  1808  4802 I SurfaceFlinger: id=179445 createSurf, flag=84004, 222f2c7 es.uniovi.recetasasturianas.test/androidx.test.core.app.InstrumentationActivityInvoker$EmptyActivity#179445
05-15 20:59:47.917  1977  2997 D InputTransport: Input channel destroyed: '222f2c7', fd=1130
05-15 20:59:47.917  1795  1831 E HeatmapThread: ECT Thread time in milliseconds: 1778871587
05-15 20:59:47.917  1795  1831 D HeatmapThread: !@ batteryplugType : 0
05-15 20:59:47.917  1795  1831 D HeatmapThread: !@ batteryLevel : 0  batteryTemperature : 0
05-15 20:59:47.917  1795  1831 D HeatmapThread: !@ Heatmap currtime: 29647859
05-15 20:59:47.917  1795  1831 D HeatmapThread: !@ Heatmap prevtime: 29647842
05-15 20:59:47.917  1795  1831 D HeatmapThread: !@ Heatmap plugstarttime: 35791394
05-15 20:59:47.917 24267 24267 D InputTransport: Input channel constructed: '222f2c7', fd=124
05-15 20:59:47.917  1795  1831 D HeatmapThread: !@ Heatmap prevv_dsoh_update_time: 29635503
05-15 20:59:47.917  1795  1831 E HeatmapThread: !@Could not open '/efs/FactoryApp/bsoh', errno = 13
05-15 20:59:47.918  1795  1831 E HeatmapThread: !@ CAM Could not access BSOH EFS
05-15 20:59:47.918  1795  1831 E HeatmapThread: !@ CAM New BSOH: 0
05-15 20:59:47.918 24267 24267 I InsetsController: onStateChanged: host=es.uniovi.recetasasturianas.test/androidx.test.core.app.InstrumentationActivityInvoker$EmptyActivity, from=android.view.ViewRootImpl.onInsetsStateChanged:3026, state=InsetsState: {mDisplayFrame=Rect(0, 0 - 1080, 2340), mDisplayCutout=DisplayCutout{insets=Rect(0, 99 - 0, 0) waterfall=Insets{left=0, top=0, right=0, bottom=0} boundingRect={Bounds=[Rect(0, 0 - 0, 0), Rect(505, 0 - 575, 99), Rect(0, 0 - 0, 0), Rect(0, 0 - 0, 0)]} cutoutPathParserInfo={CutoutPathParserInfo{displayWidth=1080 displayHeight=2340 physicalDisplayWidth=1080 physicalDisplayHeight=2340 density={3.0} cutoutSpec={M 0,0 M 0,29 a 35,35 0 1,0 0,70 a 35,35 0 1,0 0,-70 Z} rotation={0} scale={1.0} physicalPixelDisplaySizeRatio={1.0}}} sideOverrides={}}, mRoundedCorners=RoundedCorners{[RoundedCorner{position=TopLeft, radius=108, center=Point(108, 108)}, RoundedCorner{position=TopRight, radius=108, center=Point(972, 108)}, RoundedCorner{position=BottomRight, radius=108, center=Point(972, 2232)}, RoundedCorner{position=BottomLeft, radius=108, center=Point(108, 2232)}]}  mRoundedCornerFrame=Rect(0, 0 - 1080, 2340), mPrivacyIndicatorBounds=PrivacyIndicatorBounds {static bounds=Rect(948, 0 - 1080, 99) rotation=0}, mDisplayShape=DisplayShape{ spec=-311912193 displayWidth=1080 displayHeight=2340 physicalPixelDisplaySizeRatio=1.0 rotation=0 offsetX=0 offsetY=0 scale=1.0}, mSources= { InsetsSource: {b73a0001 mType=navigationBars mFrame=[0,0][0,0] mVisible=true mFlags=SUPPRESS_SCRIM mSideHint=NONE mBoundingRects=null}, InsetsSource: {b73a0004 mType=systemGestures mFrame=[0,0][90,2340] mVisible=true mFlags= mSideHint=LEFT mBoundingRects=null}, InsetsSource: {b73a0005 mType=mandatorySystemGestures mFrame=[0,2265][1080,2340] mVisible=true mFlags= mSideHint=BOTTOM mBoundingRects=null}, InsetsSource: {b73a0006 mType=tappableElement mFrame=[0,0][0,0] mVisible=true mFlags= mSideHint=NONE mBoundingRects=null}, InsetsSource: {b73a0024 mType=systemGestures mFrame=[990,0][1080,2340] mVisible=true mFlags= mSideHint=RIGHT mBoundingRects=null}, InsetsSource: {3 mType=ime mFrame=[0,0][0,0] mVisible=false mFlags= mSideHint=NONE mBoundingRects=null}, InsetsSource: {27 mType=displayCutout mFrame=[0,0][1080,99] mVisible=true mFlags= mSideHint=TOP mBoundingRects=null}, InsetsSource: {9260000 mType=statusBars mFrame=[0,0][1080,99] mVisible=true mFlags= mSideHint=TOP mBoundingRects=null}, InsetsSource: {9260005 mType=mandatorySystemGestures mFrame=[0,0][1080,135] mVisible=true mFlags= mSideHint=TOP mBoundingRects=null}, InsetsSource: {9260006 mType=tappableElement mFrame=[0,0][1080,99] mVisible=true mFlags= mSideHint=TOP mBoundingRects=null} }
05-15 20:59:47.918  1977  6970 D PersonaActivityHelper: token.toString()  Token{27859f8 ActivityRecord{87241834 u0 es.uniovi.recetasasturianas.test/androidx.test.core.app.InstrumentationActivityInvoker$EmptyActivity t2379}}
05-15 20:59:47.918  1977  6970 D PersonaActivityHelper: mLastResumedSFActivity getPackageName  com.android.settings
05-15 20:59:47.918  1977  6970 D PersonaActivityHelper: mLastResumedSFActivity getShortClassName  .fuelgauge.RequestIgnoreBatteryOptimizations
05-15 20:59:47.919  1977  6970 D PersonaActivityHelper: token.toString()  Token{8335d53 ActivityRecord{135332749 u0 es.uniovi.recetasasturianas/.MainActivity t2378 f}}}
05-15 20:59:47.919  1977  6970 D PersonaActivityHelper: mLastResumedSFActivity getPackageName  com.android.settings
05-15 20:59:47.919 24090 24090 I VRI[MainActivity]@2e45f19: handleAppVisibility mAppVisible = true visible = false
05-15 20:59:47.919 24090 24090 D VRI[MainActivity]@2e45f19: visibilityChanged oldVisibility=true newVisibility=false
05-15 20:59:47.919  1977  6970 D PersonaActivityHelper: mLastResumedSFActivity getShortClassName  .fuelgauge.RequestIgnoreBatteryOptimizations
05-15 20:59:47.919 24267 24267 I VRI[InstrumentationActivityInvoker$EmptyActivity]@380c198: synced displayState. AttachInfo displayState=2
05-15 20:59:47.921 24267 24267 I VRI[InstrumentationActivityInvoker$EmptyActivity]@380c198: setView = com.android.internal.policy.DecorView@670a857 IsHRR=false mFlingFrameRateChange=0 TM=true
05-15 20:59:47.922 24267 24288 D HWUI    : HWUI - treat SMPTE_170M as sRGB
05-15 20:59:47.922  1977  2505 D AnalyticsContainerHandler: handleMessage : { when=0 what=1 target=com.android.server.knox.KnoxAnalyticsContainer$AnalyticsHandler }
05-15 20:59:47.922  1977  2505 D AnalyticsContainerHandler: handleMessage : { when=0 what=2 target=com.android.server.knox.KnoxAnalyticsContainer$AnalyticsHandler }
05-15 20:59:47.923  4195 23230 I HoneySpace.RecentTasks: onRunningTaskAppeared
05-15 20:59:47.923  4195 23230 I HoneySpace.RecentTasks: onRecentTasksChanged
05-15 20:59:47.924  1808  1808 D SurfaceFlinger: Display 4630947232161729154 HWC layers:
05-15 20:59:47.924  1808  1808 D SurfaceFlinger:        CLIENT |          103465762160644 | 00002102 | RGBA_8888    |  360.0    0.0 1080.0 2340.0 |    0    0 1080 2340 | es.uniovi.recetasasturianas/es.uniov[...]sturianas.MainActivity$_24090#179433 (20)
05-15 20:59:47.924  1808  1808 D SurfaceFlinger:        DEVICE |           47510928231465 | 00002100 | RGBA_8888    |    0.0    0.0 1080.0 2340.0 |    0    0 1080 2340 | Splash Screen es.uniovi.recetasasturianas.test$_11062#179442 (1)
05-15 20:59:47.924  1808  1808 D SurfaceFlinger:        DEVICE |           47510928230651 | 00002100 | RGBA_8888    |    0.0    0.0 1080.0   99.0 |    0    0 1080   99 | StatusBar$_11062#172976 (4132)
05-15 20:59:47.924  1808  1808 D SurfaceFlinger:        DEVICE |           47510928230672 | 00002100 | RGBA_8888    |    0.0    0.0 1080.0  144.0 |    0 2196 1080 2340 | NavigationBar0$_11062#172972 (357)
05-15 20:59:47.924  1808  1808 D SurfaceFlinger:        DEVICE |           27157078223661 | 00002100 | RGBA_8888    |    0.0   13.0  290.0  158.0 |  395    0  685  145 | $_6323#154529 (967)
05-15 20:59:47.924  1808  1808 D SurfaceFlinger:        DEVICE |           27157078223656 | 00002100 | RGBA_8888    |    0.0    0.0 1080.0  115.0 |    0    0 1080  115 | $_6323#177506 (652)
05-15 20:59:47.924  1808  1808 D SurfaceFlinger:
05-15 20:59:47.924  1808  1808 D SurfaceFlinger:     DEVICE |           47510928230638 | 00002140 | RGBA_8888    |    0.0    0.0 1080.0  121.0 |    0    0 1080  121 | ScreenDecorOverlay$_11062#172986 (67)
05-15 20:59:47.924  1808  1808 D SurfaceFlinger:        DEVICE |           47510928230639 | 00002140 | RGBA_8888    |    0.0    0.0 1080.0  121.0 |    0 2219 1080 2340 | ScreenDecorOverlayBottom$_11062#172987 (60)
05-15 20:59:47.924  1808  1808 D SurfaceFlinger:
05-15 20:59:47.924  1977  6970 I WindowManager: Relayout Window{222f2c7 u0 es.uniovi.recetasasturianas.test/androidx.test.core.app.InstrumentationActivityInvoker$EmptyActivity}: viewVisibility=0 req=1080x2340 ty=1 d0
05-15 20:59:47.925  1808  4802 I SurfaceFlinger: id=179446 createSurf, flag=44004, es.uniovi.recetasasturianas.test/androidx.test.core.app.InstrumentationActivityInvoker$EmptyActivity$_24267#179446
05-15 20:59:47.925  1808  1808 I SurfaceFlinger: RequestedLayer [Task=2378#179423] hidden!! flag  from(0) --> to(1)
05-15 20:59:47.925  1808  1808 I SurfaceFlinger: [Display 0 name="Built-in Screen"#172933] setFrameRateCategory: Default
05-15 20:59:47.925  1808  1808 I SurfaceFlinger: [LayerHierarchy{RequestedLayerState{Task=2378#179423 parentId=172934 z=7} 1 children}] reparent to LayerHierarchy{RequestedLayerState{DefaultTaskDisplayArea_d0#172934 parentId=9} 11 children}
05-15 20:59:47.925  1808  1808 I SurfaceFlinger: [LayerHierarchy{RequestedLayerState{Task=2379#179439 parentId=172934 z=8} 1 children}] reparent to LayerHierarchy{RequestedLayerState{DefaultTaskDisplayArea_d0#172934 parentId=9} 12 children}
05-15 20:59:47.925  1808  1808 I SurfaceFlinger: [LayerHierarchy{RequestedLayerState{Transition Root: Task=2379#179443 z=8} no children}] reparent to OffscreenRoot
05-15 20:59:47.925  1808  1808 I SurfaceFlinger: [LayerHierarchy{RequestedLayerState{Transition Root: Task=2379#179443 z=8} no children}] RelativeParent to null
05-15 20:59:47.925  1808  1808 I SurfaceFlinger: [6d2b90c ActivityRecordInputSink es.uniovi.recetasasturianas.test/androidx.test.core.app.InstrumentationActivityInvoker$EmptyActivity#179444] attach to parent LayerHierarchy{RequestedLayerState{ActivityRecord{87241834 u0 es.uniovi.recetasasturianas.test/androidx.test.core.app.InstrumentationActivityInvoker$EmptyActivity t2379}#179440 parentId=179439} 2 children}
05-15 20:59:47.925  1808  1808 I SurfaceFlinger: [222f2c7 es.uniovi.recetasasturianas.test/androidx.test.core.app.InstrumentationActivityInvoker$EmptyActivity#179445] attach to parent LayerHierarchy{RequestedLayerState{ActivityRecord{87241834 u0 es.uniovi.recetasasturianas.test/androidx.test.core.app.InstrumentationActivityInvoker$EmptyActivity t2379}#179440 parentId=179439} 3 children}
05-15 20:59:47.926  1808  4802 I SurfaceFlinger: id=179447 createSurf, flag=24000, Surface(name=8f932e4 StatusBar)/@0xabc478a - animation-leash of insets_animation#179447
05-15 20:59:47.926 12633 12673 I Routine@Core[4.9.04.16]: ActivityWatcherListenerImpl: onResumeComponent: componentName - es.uniovi.recetasasturianas.test, androidx.test.core.app.InstrumentationActivityInvoker$EmptyActivity, userId: 0
05-15 20:59:47.927  1808  4802 I SurfaceFlinger: id=179448 createSurf, flag=24000, Surface(name=7a9d783 NavigationBar0)/@0x10e1471 - animation-leash of insets_animation#179448
05-15 20:59:47.928 12633 12673 I Routine@Core[4.9.04.16]: Pref: putSharedPrefsData: key=condition_launch_app_data_resume_pkg, data.size=102
05-15 20:59:47.928  1808  1808 I SurfaceFlinger: id=179443 Removed Transition Root: Task=2379#179443 (177)
05-15 20:59:47.928 24090 24155 D HWUI    : CacheManager::trimMemory(20)
05-15 20:59:47.928  1808  1808 E RefreshRateSelector: Can't find HRR max refresh rate by policy with the same group 1080
05-15 20:59:47.929  1808  1808 D SurfaceFlinger: GPIS:: requestGPISForClientComposition
05-15 20:59:47.929  1977  6970 I SystemKeyManager: requested systemKeyInfo size=1 focusedWindow=es.uniovi.recetasasturianas.test/androidx.test.core.app.InstrumentationActivityInvoker$EmptyActivity
05-15 20:59:47.929  1977  6970 I SystemKeyManager: requested systemKeyInfo size=1 focusedWindow=es.uniovi.recetasasturianas.test/androidx.test.core.app.InstrumentationActivityInvoker$EmptyActivity
05-15 20:59:47.929  1977  6970 D SurfaceComposerClient: setCornerRadius ## 6ccc34b Splash Screen es.uniovi.recetasasturianas.test#179441 cornerRadius=0.000000
05-15 20:59:47.929  1977  6970 D SurfaceComposerClient: setCornerRadius ## 222f2c7 es.uniovi.recetasasturianas.test/androidx.test.core.app.InstrumentationActivityInvoker$EmptyActivity#179445 cornerRadius=0.000000
05-15 20:59:47.930  1977  6970 D SurfaceComposerClient: setCornerRadius ## 6ccc34b Splash Screen es.uniovi.recetasasturianas.test#179441 cornerRadius=0.000000
05-15 20:59:47.930  1977  6970 D SurfaceComposerClient: setCornerRadius ## 222f2c7 es.uniovi.recetasasturianas.test/androidx.test.core.app.InstrumentationActivityInvoker$EmptyActivity#179445 cornerRadius=0.000000
05-15 20:59:47.931 11062 11062 D SamsungLightBarControlHelper: updateStatusBar (BLACK icon) numStacks:1, StatusBarMode:MODE_TRANSPARENT, lightBarBounds:[Rect(0, 0 - 1080, 2340)], StatusBarState:SHADE, packageName:, isWhiteKeyguardStatusBar:false
05-15 20:59:47.931 11062 11062 D SamsungLightBarControlHelper: onStatusBarAppearanceChanged() -  sbModeChanged:false, statusBarMode:0, barState:MODE_TRANSPARENT, isKeyguardShowing:false, navbarColorManagedByIme:false, (AppearanceRegion{LIGHT_STATUS_BARS bounds=[0,0][1080,2340]}, )
05-15 20:59:47.932  1977  6970 I WindowManager: Relayout hash=222f2c7, pid=24267, syncId=-1: mAttrs={(0,0)(fillxfill) sim={adjust=pan forwardNavigation} layoutInDisplayCutoutMode=always ty=BASE_APPLICATION
05-15 20:59:47.932  1977  6970 I WindowManager:   fl=81810100
05-15 20:59:47.932  1977  6970 I WindowManager:   pfl=100088c0
05-15 20:59:47.932  1977  6970 I WindowManager:   bhv=1
05-15 20:59:47.932  1977  6970 I WindowManager:   fitSides=0
05-15 20:59:47.932  1977  6970 I WindowManager:   frameRateBoostOnTouch=true
05-15 20:59:47.932  1977  6970 I WindowManager:   dvrrWindowFrameRateHint=true naviIconColor=0}
05-15 20:59:47.933 24267 24267 W libc    : Access denied finding property "vendor.display.enable_optimal_refresh_rate"
05-15 20:59:47.933 24267 24267 I BufferQueueProducer: [](id:5ecb00000001,api:0,p:1221707056,c:24267) setDequeueTimeout:2077252342
05-15 20:59:47.934 24267 24267 I BLASTBufferQueue_Java: new BLASTBufferQueue, mName= VRI[InstrumentationActivityInvoker$EmptyActivity]@380c198 mNativeObject= 0xb400007e28d705b0 caller= android.view.ViewRootImpl.updateBlastSurfaceIfNeeded:3585 android.view.ViewRootImpl.relayoutWindow:11685 android.view.ViewRootImpl.performTraversals:4804 android.view.ViewRootImpl.doTraversal:3924 android.view.ViewRootImpl$TraversalRunnable.run:12903 android.view.Choreographer$CallbackRecord.run:1901 android.view.Choreographer$CallbackRecord.run:1910 android.view.Choreographer.doCallbacks:1367 android.view.Choreographer.doFrame:1292 android.view.Choreographer$FrameDisplayEventReceiver.run:1870
05-15 20:59:47.934 24267 24267 I BLASTBufferQueue_Java: update, w= 1080 h= 2340 mName = VRI[InstrumentationActivityInvoker$EmptyActivity]@380c198 mNativeObject= 0xb400007e28d705b0 sc.mNativeObject= 0xb400007ea8d1c0d0 format= -1 caller= android.view.ViewRootImpl.updateBlastSurfaceIfNeeded:3590 android.view.ViewRootImpl.relayoutWindow:11685 android.view.ViewRootImpl.performTraversals:4804 android.view.ViewRootImpl.doTraversal:3924 android.view.ViewRootImpl$TraversalRunnable.run:12903 android.view.Choreographer$CallbackRecord.run:1901
05-15 20:59:47.934  1808  1808 D SurfaceFlinger: Display 4630947232161729154 HWC layers:
05-15 20:59:47.934  1808  1808 D SurfaceFlinger:        DEVICE |           47510928231465 | 00002100 | RGBA_8888    |    0.0    0.0 1080.0 2340.0 |    0    0 1080 2340 | Splash Screen es.uniovi.recetasasturianas.test$_11062#179442 (1)
05-15 20:59:47.934  1808  1808 D SurfaceFlinger:        DEVICE |           47510928230651 | 00002100 | RGBA_8888    |    0.0    0.0 1080.0   99.0 |    0    0 1080   99 | StatusBar$_11062#172976 (4132)
05-15 20:59:47.934  1808  1808 D SurfaceFlinger:        DEVICE |           47510928230672 | 00002100 | RGBA_8888    |    0.0    0.0 1080.0  144.0 |    0 2196 1080 2340 | NavigationBar0$_11062#172972 (357)
05-15 20:59:47.934  1808  1808 D SurfaceFlinger:        DEVICE |           27157078223661 | 00002100 | RGBA_8888    |    0.0   13.0  290.0  158.0 |  395    0  685  145 | $_6323#154529 (967)
05-15 20:59:47.934  1808  1808 D SurfaceFlinger:        DEVICE |           27157078223656 | 00002100 | RGBA_8888    |    0.0    0.0 1080.0  115.0 |    0    0 1080  115 | $_6323#177506 (652)
05-15 20:59:47.934  1808  1808 D SurfaceFlinger:        DEVICE |           47510928230638 | 00002140 | RGBA_8888    |    0.0    0.0 1080.0  121.0 |    0    0 1080  121 | ScreenDecorOverlay$_11062#172986 (67)
05-15 20:59:47.934  1808  1808 D SurfaceFlinger:        DEVICE |           47510928230639 | 00002
05-15 20:59:47.934  1808  1808 D SurfaceFlinger: 140 | RGBA_8888    |    0.0    0.0 1080.0  121.0 |    0 2219 1080 2340 | ScreenDecorOverlayBottom$_11062#172987 (60)
05-15 20:59:47.934  1808  1808 D SurfaceFlinger:
05-15 20:59:47.934  1977  6943 I WindowManager: Relayout Window{f15dc68 u0 es.uniovi.recetasasturianas/es.uniovi.recetasasturianas.MainActivity}: viewVisibility=8 req=1080x2340 ty=1 d0
05-15 20:59:47.934 24267 24267 W libc    : Access denied finding property "vendor.display.enable_optimal_refresh_rate"
05-15 20:59:47.935  1808  1808 I SurfaceFlinger: RequestedLayer [222f2c7 es.uniovi.recetasasturianas.[...]ActivityInvoker$EmptyActivity#179445] hidden!! flag  from(1) --> to(0)
05-15 20:59:47.935  1808  1808 I SurfaceFlinger: RequestedLayer [es.uniovi.recetasasturianas/es.uniov[...]sturianas.MainActivity$_24090#179433] hidden!! flag  from(0) --> to(1)
05-15 20:59:47.935  1808  1808 I SurfaceFlinger: RequestedLayer [ActivityRecord{135332749 u0 es.uniov[...]turianas/.MainActivity t2378}#179424] hidden!! flag  from(0) --> to(1)
05-15 20:59:47.935  1808  1808 I SurfaceFlinger: destroyed Transition Root: Task=2379#179443 form LifecycleManager
05-15 20:59:47.935  1808  1808 I SurfaceFlinger: [LayerHierarchy{RequestedLayerState{7a9d783 NavigationBar0#172957 parentId=179448} 1 children}] reparent to LayerHierarchy{RequestedLayerState{Surface(name=7a9d783 NavigationBar0)/@0x10e1471 - animation-leash of insets_animation#179448 parentId=172956} 1 children}
05-15 20:59:47.935  1808  1808 I SurfaceFlinger: [LayerHierarchy{RequestedLayerState{8f932e4 StatusBar#172964 parentId=179447} 1 children}] reparent to LayerHierarchy{RequestedLayerState{Surface(name=8f932e4 StatusBar)/@0xabc478a - animation-leash of insets_animation#179447 parentId=172963} 1 children}
05-15 20:59:47.935 24267 24267 I VRI[InstrumentationActivityInvoker$EmptyActivity]@380c198: Relayout returned: old=(0,0,1080,2340) new=(0,0,1080,2340) relayoutAsync=false req=(1080,2340)0 dur=9 res=0x3 s={true 0xb400007de8d2ef90} ch=true seqId=0
05-15 20:59:47.935  1808  1808 I SurfaceFlinger: [LayerHierarchy{RequestedLayerState{Surface(name=7a9d783 NavigationBar0)/@0x10e1471 - animation-leash of insets_animation#179435} no children}] reparent to OffscreenRoot
05-15 20:59:47.935  1808  1808 I SurfaceFlinger: [LayerHierarchy{RequestedLayerState{Surface(name=7a9d783 NavigationBar0)/@0x10e1471 - animation-leash of insets_animation#179435} no children}] RelativeParent to null
05-15 20:59:47.935  1808  1808 I SurfaceFlinger: [LayerHierarchy{RequestedLayerState{Surface(name=8f932e4 StatusBar)/@0xabc478a - animation-leash of insets_animation#179434} no children}] reparent to OffscreenRoot
05-15 20:59:47.935  1808  1808 I SurfaceFlinger: [LayerHierarchy{RequestedLayerState{Surface(name=8f932e4 StatusBar)/@0xabc478a - animation-leash of insets_animation#179434} no children}] RelativeParent to null
05-15 20:59:47.935  1808  1808 I SurfaceFlinger: [Surface(name=7a9d783 NavigationBar0)/@0x10e1471 - animation-leash of insets_animation#179448] attach to parent LayerHierarchy{RequestedLayerState{WindowToken{ec79b94 type=2019 android.os.BinderProxy@3619da6}#172956 parentId=34} 1 children}
05-15 20:59:47.935  1977  6943 D SurfaceComposerClient: setCornerRadius ## 6ccc34b Splash Screen es.uniovi.recetasasturianas.test#179441 cornerRadius=0.000000
05-15 20:59:47.935  1808  1808 I SurfaceFlinger: [es.uniovi.recetasasturianas.test/androidx.test.core.app.InstrumentationActivityInvoker$EmptyActivity$_24267#179446] attach to parent LayerHierarchy{RequestedLayerState{222f2c7 es.uniovi.recetasasturianas.test/androidx.test.core.app.InstrumentationActivityInvoker$EmptyActivity#179445 parentId=179440} 1 children}
05-15 20:59:47.935  1977  6943 D SurfaceComposerClient: setCornerRadius ## 222f2c7 es.uniovi.recetasasturianas.test/androidx.test.core.app.InstrumentationActivityInvoker$EmptyActivity#179445 cornerRadius=0.000000
05-15 20:59:47.935  1808  1808 I SurfaceFlinger: [Surface(name=8f932e4 StatusBar)/@0xabc478a - animation-leash of insets_animation#179447] attach to parent LayerHierarchy{RequestedLayerState{WindowToken{68a9b23 type=2000 android.os.BinderProxy@abe78dd}#172963 parentId=17} 1 children}
05-15 20:59:47.935  1808  1808 I SurfaceFlinger: id=179443 onLayerDestroyed from LayerHierarchyBuilder(RequestedLayerState{Transition Root: Task=2379#179443 !handle z=8})
05-15 20:59:47.935 24267 24267 I VRI[InstrumentationActivityInvoker$EmptyActivity]@380c198: performConfigurationChange setNightDimText nightDimLevel=0
05-15 20:59:47.936 24267 24267 D VRI[InstrumentationActivityInvoker$EmptyActivity]@380c198: mThreadedRenderer.initialize() mSurface={isValid=true 0xb400007de8d2ef90} hwInitialized=true
05-15 20:59:47.937 11062 11062 D QSClock : onDarkChanged tint=DARK
05-15 20:59:47.937 24267 24267 D VRI[InstrumentationActivityInvoker$EmptyActivity]@380c198: reportNextDraw android.view.ViewRootImpl.performTraversals:5443 android.view.ViewRootImpl.doTraversal:3924 android.view.ViewRootImpl$TraversalRunnable.run:12903 android.view.Choreographer$CallbackRecord.run:1901 android.view.Choreographer$CallbackRecord.run:1910
05-15 20:59:47.937 24267 24267 D VRI[InstrumentationActivityInvoker$EmptyActivity]@380c198: Setup new sync=wmsSync-VRI[InstrumentationActivityInvoker$EmptyActivity]@380c198#2
05-15 20:59:47.937 24267 24267 I VRI[InstrumentationActivityInvoker$EmptyActivity]@380c198: Creating new active sync group VRI[InstrumentationActivityInvoker$EmptyActivity]@380c198#3
05-15 20:59:47.937  1808  1808 I Layer   : id=179443 Destroyed Transition Root: Task=2379#179443
05-15 20:59:47.938 24267 24267 D VRI[InstrumentationActivityInvoker$EmptyActivity]@380c198: registerCallbacksForSync syncBuffer=false
05-15 20:59:47.938 24267 24293 D VRI[InstrumentationActivityInvoker$EmptyActivity]@380c198: Received frameDrawingCallback syncResult=0 frameNum=1.
05-15 20:59:47.939  1977  6943 D SurfaceComposerClient: setCornerRadius ## 6ccc34b Splash Screen es.uniovi.recetasasturianas.test#179441 cornerRadius=0.000000
05-15 20:59:47.939  1977  6943 D SurfaceComposerClient: setCornerRadius ## 222f2c7 es.uniovi.recetasasturianas.test/androidx.test.core.app.InstrumentationActivityInvoker$EmptyActivity#179445 cornerRadius=0.000000
05-15 20:59:47.939 24267 24293 I VRI[InstrumentationActivityInvoker$EmptyActivity]@380c198: mWNT: t=0xb400007df8d49150 mBlastBufferQueue=0xb400007e28d705b0 fn= 1 HdrRenderState mRenderHdrSdrRatio=1.0 caller= android.view.ViewRootImpl$12.onFrameDraw:15441 android.view.ThreadedRenderer$1.onFrameDraw:718 <bottom of call stack>
05-15 20:59:47.939 24267 24293 I VRI[InstrumentationActivityInvoker$EmptyActivity]@380c198: Setting up sync and frameCommitCallback
05-15 20:59:47.940 24267 24288 I BLASTBufferQueue: [VRI[InstrumentationActivityInvoker$EmptyActivity]@380c198#1](f:0,a:0,s:0) onFrameAvailable the first frame is available
05-15 20:59:47.940 24267 24288 I SurfaceComposerClient: apply transaction with the first frame. layerId: 179446, bufferData(ID: 104225971372036, frameNumber: 1)
05-15 20:59:47.941 24267 24288 I VRI[InstrumentationActivityInvoker$EmptyActivity]@380c198: Received frameCommittedCallback lastAttemptedDrawFrameNum=1 didProduceBuffer=true
05-15 20:59:47.941  1808  2995 I SurfaceFlinger: [es.uniovi.recetasasturianas.test/androidx.test.core.app.InstrumentationActivityInvoker$EmptyActivity$_24267#179446] setTransactionState with the first frame. bufferData(ID: 104225971372036, frameNumber: 1)
05-15 20:59:47.941 24267 24288 D HWUI    : CFMS:: SetUp Pid : 24267    Tid : 24288
05-15 20:59:47.941  1808  1951 D SurfaceFlinger: [input] setFocusedWindow: 222f2c7 es.uniovi.recetasasturianas.test/androidx.test.core.app.InstrumentationActivityInvoker$EmptyActivity
05-15 20:59:47.942  1977  2997 D InputDispatcher: Once focus requested (0): 222f2c7 es.uniovi.recetasasturianas.test/androidx.test.core.app.InstrumentationActivityInvoker$EmptyActivity
05-15 20:59:47.942  1977  2997 D InputDispatcher: Focus request (0): 222f2c7 es.uniovi.recetasasturianas.test/androidx.test.core.app.InstrumentationActivityInvoker$EmptyActivity but waiting because NO_WINDOW
05-15 20:59:47.942 24267 24267 D VRI[InstrumentationActivityInvoker$EmptyActivity]@380c198: reportDrawFinished seqId=0
05-15 20:59:47.942  1977  6943 I WindowManager: Relayout hash=f15dc68, pid=24090, syncId=-1: mAttrs={(0,0)(fillxfill) sim={adjust=resize} layoutInDisplayCutoutMode=always ty=BASE_APPLICATION wanim=0x1030317
05-15 20:59:47.942  1977  6943 I WindowManager:   fl=81810100
05-15 20:59:47.942  1977  6943 I WindowManager:   pfl=100088c0
05-15 20:59:47.942  1977  6943 I WindowManager:   vsysui=500
05-15 20:59:47.942  1977  6943 I WindowManager:   bhv=1
05-15 20:59:47.942  1977  6943 I WindowManager:   fitSides=0
05-15 20:59:47.942  1977  6943 I WindowManager:   frameRateBoostOnTouch=true
05-15 20:59:47.942  1977  6943 I WindowManager:   dvrrWindowFrameRateHint=true naviIconColor=0}
05-15 20:59:47.944  1808  4802 I SurfaceFlinger: id=179434 Removed Surface(name=8f932e4 StatusBar)/@0xabc478a - animation-leash of insets_animation#179434 (176)
05-15 20:59:47.944  1977  2142 D SurfaceComposerClient: setCornerRadius ## 6ccc34b Splash Screen es.uniovi.recetasasturianas.test#179441 cornerRadius=0.000000
05-15 20:59:47.944  1977  2142 D SurfaceComposerClient: setCornerRadius ## 222f2c7 es.uniovi.recetasasturianas.test/androidx.test.core.app.InstrumentationActivityInvoker$EmptyActivity#179445 cornerRadius=0.000000
05-15 20:59:47.944 24090 24090 I VRI[MainActivity]@2e45f19: Relayout returned: old=(0,0,1080,2340) new=(0,0,1080,2340) relayoutAsync=false req=(1080,2340)8 dur=15 res=0x2 s={false 0x0} ch=true seqId=0
05-15 20:59:47.944 24090 24090 D VRI[MainActivity]@2e45f19: Not drawing due to not visible. Reason=!mAppVisible && !mForceDecorViewVisibility
05-15 20:59:47.945  1977  2142 D SurfaceComposerClient: setCornerRadius ## 6ccc34b Splash Screen es.uniovi.recetasasturianas.test#179441 cornerRadius=0.000000
05-15 20:59:47.945  1808  2995 I SurfaceFlinger: id=179435 Removed Surface(name=7a9d783 NavigationBar0)/@0x10e1471 - animation-leash of insets_animation#179435 (176)
05-15 20:59:47.945  1808  2995 I SurfaceFlinger: id=179449 createSurf, flag=24000, Surface(name=222f2c7 es.uniovi.recetasasturianas.test/androidx.test.core.app.InstrumentationActivityInvoker$EmptyActivity)/@0xd8241ea - animation-leash of starting_reveal#179449
05-15 20:59:47.946  1808  1808 I SurfaceFlinger: destroyed Surface(name=7a9d783 NavigationBar0)/@0x10e1471 - animation-leash of insets_animation#179435 form LifecycleManager
05-15 20:59:47.946  1808  1808 I SurfaceFlinger: destroyed Surface(name=8f932e4 StatusBar)/@0xabc478a - animation-leash of insets_animation#179434 form LifecycleManager
05-15 20:59:47.946  1808  1808 I SurfaceFlinger: [Surface(name=222f2c7 es.uniovi.recetasasturianas.test/androidx.test.core.app.InstrumentationActivityInvoker$EmptyActivity)/@0xd8241ea - animation-leash of starting_reveal#179449] attach to parent LayerHierarchy{RequestedLayerState{ActivityRecord{87241834 u0 es.uniovi.recetasasturianas.test/androidx.test.core.app.InstrumentationActivityInvoker$EmptyActivity t2379}#179440 parentId=179439} 4 children}
05-15 20:59:47.946  1808  1808 I SurfaceFlinger: id=179435 onLayerDestroyed from LayerHierarchyBuilder(RequestedLayerState{Surface(name=7a9d783 NavigationBar0)/@0x10e1471 - animation-leash of insets_animation#179435 !handle})
05-15 20:59:47.946  1808  1808 I SurfaceFlinger: id=179434 onLayerDestroyed from LayerHierarchyBuilder(RequestedLayerState{Surface(name=8f932e4 StatusBar)/@0xabc478a - animation-leash of insets_animation#179434 !handle})
05-15 20:59:47.947  1808  1808 I Layer   : id=179435 Destroyed Surface(name=7a9d783 NavigationBar0)/@0x10e1471 - animation-leash of insets_animation#179435
05-15 20:59:47.947  1808  1808 I Layer   : id=179434 Destroyed Surface(name=8f932e4 StatusBar)/@0xabc478a - animation-leash of insets_animation#179434
05-15 20:59:47.947  1977  2142 D SurfaceComposerClient: setCornerRadius ## 222f2c7 es.uniovi.recetasasturianas.test/androidx.test.core.app.InstrumentationActivityInvoker$EmptyActivity#179445 cornerRadius=0.000000
05-15 20:59:47.948 11062 11118 D ShellTaskOrganizer: removeStartingWindow, removalInfo=StartingWindowRemovalInfo{taskId=2379 frame=Rect(0, 0 - 1080, 2340) playRevealAnimation=true roundedCornerRadius=0.0 deferRemoveMode=0 windowlessSurface=false removeImmediately=false}
05-15 20:59:47.949  1977  2142 D SurfaceComposerClient: setCornerRadius ## 6ccc34b Splash Screen es.uniovi.recetasasturianas.test#179441 cornerRadius=0.000000
05-15 20:59:47.949  1977  2142 D SurfaceComposerClient: setCornerRadius ## 222f2c7 es.uniovi.recetasasturianas.test/androidx.test.core.app.InstrumentationActivityInvoker$EmptyActivity#179445 cornerRadius=0.000000
05-15 20:59:47.949  1977  2142 D SurfaceComposerClient: setCornerRadius ## 6ccc34b Splash Screen es.uniovi.recetasasturianas.test#179441 cornerRadius=0.000000
05-15 20:59:47.949  1977  2142 D SurfaceComposerClient: setCornerRadius ## 222f2c7 es.uniovi.recetasasturianas.test/androidx.test.core.app.InstrumentationActivityInvoker$EmptyActivity#179445 cornerRadius=0.000000
05-15 20:59:47.950  1977  2128 I PkgPredictorService-SecIpmManagerServiceImpl: reportToNAP uid:10626 es.uniovi.recetasasturianas.test/androidx.test.core.app.InstrumentationActivityInvoker$EmptyActivity thisTime:109
05-15 20:59:47.950  1977  2128 D PkgPredictorService-SecIpmManagerServiceImpl: reportToNAP: mHeavyLaunchCounter is false
05-15 20:59:47.952 11062 11118 D ShellDesktopMode: handleRequest: TransitionRequestInfo {type=2, tid=2379, debugId=14573}
05-15 20:59:47.952  1977  4221 D PkgPredictorService-SecIpmManagerServiceImpl: ACTION_FOREGROUND_FINISH_EVENT sCurForegroundApp :es.uniovi.recetasasturianas.test
05-15 20:59:47.957  1977  6948 I WindowManager: Relayout Window{6ccc34b u0 Splash Screen es.uniovi.recetasasturianas.test}: viewVisibility=8 req=1080x2340 ty=3 d0
05-15 20:59:47.958  2090  2090 I CameraService: onUidStateChanged: uid=10048, procState is changed. (1 -> 0)
05-15 20:59:47.959  1808  2497 I SurfaceFlinger: id=179450 createSurf, flag=24000, Surface(name=8f932e4 StatusBar)/@0xabc478a - animation-leash of insets_animation#179450
05-15 20:59:47.959  1977  2128 I ActivityTaskManager: Displayed es.uniovi.recetasasturianas.test/androidx.test.core.app.InstrumentationActivityInvoker$EmptyActivity for user 0: +109ms
05-15 20:59:47.959  4301  4301 E pageboostd: Received HALT command code 2
05-15 20:59:47.961  1808  2497 I SurfaceFlinger: id=179451 createSurf, flag=24000, Surface(name=7a9d783 NavigationBar0)/@0x10e1471 - animation-leash of insets_animation#179451
05-15 20:59:47.962 11062 11062 D SystemUIService: SYSUI_RAM_OPTIMIZATION onTrimMemory=20
05-15 20:59:47.962 11062 11062 D CentralSurfaces: SYSUI_RAM_OPTIMIZATION onTrimMemory=20
05-15 20:59:47.962 11062 11227 D HWUI    : CacheManager::trimMemory(20)
05-15 20:59:47.962  1808  1808 I SurfaceFlinger: [Display 0 name="Built-in Screen"#172933] setFrameRateCategory: High
05-15 20:59:47.962  1808  1808 I SurfaceFlinger: RequestedLayer [es.uniovi.recetasasturianas.test/and[...]yInvoker$EmptyActivity$_24267#179446] hidden!! flag  from(1) --> to(0)
05-15 20:59:47.962  1808  1808 I SurfaceFlinger: [LayerHierarchy{RequestedLayerState{222f2c7 es.uniovi.recetasasturianas.test/androidx.test.core.app.InstrumentationActivityInvoker$EmptyActivity#179445 parentId=179449} 1 children}] reparent to LayerHierarchy{RequestedLayerState{Surface(name=222f2c7 es.uniovi.recetasasturianas.test/androidx.test.core.app.InstrumentationActivityInvoker$EmptyActivity)/@0xd8241ea - animation-leash of starting_reveal#179449 parentId=179440} 1 children}
05-15 20:59:47.962  1808  1808 I SurfaceFlinger: [Surface(name=8f932e4 StatusBar)/@0xabc478a - animation-leash of insets_animation#179450] attach to parent LayerHierarchy{RequestedLayerState{WindowToken{68a9b23 type=2000 android.os.BinderProxy@abe78dd}#172963 parentId=17} 2 children}
05-15 20:59:47.962  1808  1808 I SurfaceFlinger: [Surface(name=7a9d783 NavigationBar0)/@0x10e1471 - animation-leash of insets_animation#179451] attach to parent LayerHierarchy{RequestedLayerState{WindowToken{ec79b94 type=2019 android.os.BinderProxy@3619da6}#172956 parentId=34} 2 children}
05-15 20:59:47.963 11062 11062 D NavigationBar: onSystemBarAttributesChanged() -  displayId:0, appearance:8, packageName: es.uniovi.recetasasturianas.test (APPEARANCE_LIGHT_STATUS_BARS ), navbarColorManagedByIme:false
05-15 20:59:47.964  1977  2141 I SemDvfsHyPerManager: acquire hyper - AMS_RESUME_TAIL/1977@22, type = -999
05-15 20:59:47.964  1977  2141 I SemDvfsHyPerManager: acquire hyper - AMS_ACT_LAZY/1977@23, type = -999
05-15 20:59:47.964  1632  1829 I HYPER-HAL: [RequestManager.cpp]acquire(): Acquired ID : 1999022  [1977 / 22]    HINT : AMS_RESUME_TAIL    list :
05-15 20:59:47.964  1977  6948 I WindowManager: Relayout hash=6ccc34b, pid=11062, syncId=-1: mAttrs={(0,0)(fillxfill) sim={adjust=pan} layoutInDisplayCutoutMode=always ty=APPLICATION_STARTING fmt=TRANSLUCENT
05-15 20:59:47.964  1977  6948 I WindowManager:   fl=81030118
05-15 20:59:47.964  1977  6948 I WindowManager:   pfl=10000810
05-15 20:59:47.964  1977  6948 I WindowManager:   apr=18
05-15 20:59:47.964  1977  6948 I WindowManager:   bhv=1
05-15 20:59:47.964  1977  6948 I WindowManager:   fitSides=0
05-15 20:59:47.964  1977  6948 I WindowManager:   frameRateBoostOnTouch=true
05-15 20:59:47.964  1977  6948 I WindowManager:   dvrrWindowFrameRateHint=true naviIconColor=0}
05-15 20:59:47.964 24267 24267 I InsetsSourceConsumer: applyRequestedVisibilityToControl: visible=true, type=statusBars, host=es.uniovi.recetasasturianas.test/androidx.test.core.app.InstrumentationActivityInvoker$EmptyActivity
05-15 20:59:47.964 11062 11138 I VRI[test]@f75c767: onActiveControlsChanged, removed=false, mAdded=true, caller=android.view.ViewRootImpl.handleInsetsControlChanged:3002 android.view.ViewRootImpl.relayoutWindow:11629 android.view.ViewRootImpl.performTraversals:4804 android.view.ViewRootImpl.doTraversal:3924 android.view.ViewRootImpl$TraversalRunnable.run:12903
05-15 20:59:47.965 24267 24267 I InsetsSourceConsumer: applyRequestedVisibilityToControl: visible=true, type=navigationBars, host=es.uniovi.recetasasturianas.test/androidx.test.core.app.InstrumentationActivityInvoker$EmptyActivity
05-15 20:59:47.966 11062 11138 I VRI[test]@f75c767: Relayout returned: old=(0,0,1080,2340) new=(0,0,1080,2340) relayoutAsync=false req=(1080,2340)8 dur=9 res=0x2 s={false 0x0} ch=true seqId=0
05-15 20:59:47.966 11062 11138 D VRI[test]@f75c767: Not drawing due to not visible. Reason=View.GONE
05-15 20:59:47.966 24090 24090 D ConnectivityManager: StackLog: [android.net.ConnectivityManager.unregisterNetworkCallback(ConnectivityManager.java:5575)] [com.bumptech.glide.manager.SingletonConnectivityReceiver$FrameworkConnectivityMonitorPostApi24.unregister(SingletonConnectivityReceiver.java:205)] [com.bumptech.glide.manager.SingletonConnectivityReceiver.maybeUnregisterReceiver(SingletonConnectivityReceiver.java:122)] [com.bumptech.glide.manager.SingletonConnectivityReceiver.unregister(SingletonConnectivityReceiver.java:105)] [com.bumptech.glide.manager.DefaultConnectivityMonitor.unregister(DefaultConnectivityMonitor.java:29)] [com.bumptech.glide.manager.DefaultConnectivityMonitor.onStop(DefaultConnectivityMonitor.java:39)] [com.bumptech.glide.manager.LifecycleLifecycle.onStop(LifecycleLifecycle.java:35)] [java.lang.reflect.Method.invoke(Native Method)] [androidx.lifecycle.ClassesInfoCache$MethodReference.invokeCallback(ClassesInfoCache.java:225)] [androidx.lifecycle.ClassesInfoCache$CallbackInfo.invokeMethodsForEvent(ClassesInfoCache.java:199)] [androidx.lifecycle.ClassesInfoCache$CallbackInfo.invokeCallbacks(ClassesInfoCache.java:190)] [androidx.lifecycle.ReflectiveGenericLifecycleObserver.onStateChanged(ReflectiveGenericLifecycleObserver.java:40)] [androidx.lifecycle.LifecycleRegistry$ObserverWithState.dispatchEvent(LifecycleRegistry.kt:322)] [androidx.lifecycle.LifecycleRegistry.backwardPass(LifecycleRegistry.kt:273)] [androidx.lifecycle.LifecycleRegistry.sync(LifecycleRegistry.kt:290)] [androidx.lifecycle.LifecycleRegistry.moveToState(LifecycleRegistry.kt:143)] [androidx.lifecycle.LifecycleRegistry.handleLifecycleEvent(LifecycleRegistry.kt:126)] [androidx.lifecycle.ReportFragment$Companion.dispatch$lifecycle_runtime_release(ReportFragment.kt:190)] [androidx.lifecycle.ReportFragment$LifecycleCallbacks.onActivityPreStopped(ReportFragment.kt:135)] [android.app.Activity.dispatchActivityPreStopped(Activity.java:1740)] [android.app.Activity.performStop(Activity.java:9789)] [android.app.ActivityThread.callActivityOnStop(ActivityThread.java:6744)] [android.app.ActivityThread.performStopActivityInner(ActivityThread.java:6718)] [android.app.ActivityThread.handleStopActivity(ActivityThread.java:6788)] [android.app.servertransaction.TransactionExecutor.performLifecycleSequence(TransactionExecutor.java:229)] [android.app.servertransaction.TransactionExecutor.cycleToPath(TransactionExecutor.java:194)] [android.app.servertransaction.TransactionExecutor.executeLifecycleItem(TransactionExecutor.java:166)] [android.app.servertransaction.TransactionExecutor.executeTransactionItems(TransactionExecutor.java:101)] [android.app.servertransaction.TransactionExecutor.execute(TransactionExecutor.java:80)] [android.app.ActivityThread$H.handleMessage(ActivityThread.java:3150)]
05-15 20:59:47.966 11062 11138 W WindowOnBackDispatcher: sendCancelIfRunning: isInProgress=false callback=android.view.ViewRootImpl$$ExternalSyntheticLambda16@f3acfe
05-15 20:59:47.968  1977  6948 I SemDvfsHyPerManager: acquire hyper - AMS_APP_HOME/1977@29, type = -999
05-15 20:59:47.968 11062 11138 I VRI[test]@f75c767: dispatchDetachedFromWindow
05-15 20:59:47.969  1808  1808 D SurfaceFlinger: Display 4630947232161729154 HWC layers:
05-15 20:59:47.969  1808  1808 D SurfaceFlinger:        DEVICE |          104225971372036 | 00002102 | RGBA_8888    |    0.0    0.0 1080.0 2340.0 |    0    0 1080 2340 | es.uniovi.recetasasturianas.test/and[...]yInvoker$EmptyActivity$_24267#179446 (1)
05-15 20:59:47.969  1808  1808 D SurfaceFlinger:        DEVICE |           47510928231465 | 00002100 | RGBA_8888    |    0.0    0.0 1080.0 2340.0 |    0    0 1080 2340 | Splash Screen es.uniovi.recetasasturianas.test$_11062#179442 (1)
05-15 20:59:47.969  1808  1808 D SurfaceFlinger:        DEVICE |           47510928230650 | 00002100 | RGBA_8888    |    0.0    0.0 1080.0   99.0 |    0    0 1080   99 | StatusBar$_11062#172976 (4133)
05-15 20:59:47.969  1808  1808 D SurfaceFlinger:        DEVICE |           47510928230672 | 00002100 | RGBA_8888    |    0.0    0.0 1080.0  144.0 |    0 2196 1080 2340 | NavigationBar0$_11062#172972 (357)
05-15 20:59:47.969  1808  1808 D SurfaceFlinger:        DEVICE |           27157078223661 | 00002100 | RGBA_8888    |    0.0   13.0  290.0  158.0 |  395    0  685  145 | $_6323#154529 (967)
05-15 20:59:47.969  1808  1808 D SurfaceFlinger:        DEVICE |           27157078223656 | 00002100 | RGBA_8888    |    0.0    0.0 1080.0  115.0 |    0    0 1080  115 | $_6323#177506 (652)
05-15 20:59:47.969  1808  1808 D SurfaceFlinger:
05-15 20:59:47.969  1808  1808 D SurfaceFlinger:    DEVICE |           47510928230638 | 00002140 | RGBA_8888    |    0.0    0.0 1080.0  121.0 |    0    0 1080  121 | ScreenDecorOverlay$_11062#172986 (67)
05-15 20:59:47.969  1808  1808 D SurfaceFlinger:        DEVICE |           47510928230639 | 00002140 | RGBA_8888    |    0.0    0.0 1080.0  121.0 |    0 2219 1080 2340 | ScreenDecorOverlayBottom$_11062#172987 (60)
05-15 20:59:47.969  1808  1808 D SurfaceFlinger:
05-15 20:59:47.969  5896  5896 I SemDvfsHyPerManager: acquire hyper - APP_START_HOME/5896@16, type = -999
05-15 20:59:47.969  1977  3160 D ConnectivityService:  Removing from current network [2805 CELLULAR], leaving 175 requests.
05-15 20:59:47.969 24090 24090 I VRI[MainActivity]@2e45f19: stopped(true) old = false
05-15 20:59:47.969 24090 24090 D VRI[MainActivity]@2e45f19: WindowStopped on es.uniovi.recetasasturianas/es.uniovi.recetasasturianas.MainActivity set to true
05-15 20:59:47.969 24090 24155 D HWUI    : CacheManager::trimMemory(20)
05-15 20:59:47.970  1808  1808 I SurfaceFlinger: RequestedLayer [Splash Screen es.uniovi.recetasasturianas.test$_11062#179442] hidden!! flag  from(0) --> to(1)
05-15 20:59:47.970  1808  1808 I SurfaceFlinger: [LayerHierarchy{RequestedLayerState{7a9d783 NavigationBar0#172957 parentId=179451} 1 children}] reparent to LayerHierarchy{RequestedLayerState{Surface(name=7a9d783 NavigationBar0)/@0x10e1471 - animation-leash of insets_animation#179451 parentId=172956} 1 children}
05-15 20:59:47.970  1808  1808 I SurfaceFlinger: [LayerHierarchy{RequestedLayerState{8f932e4 StatusBar#172964 parentId=179450} 1 children}] reparent to LayerHierarchy{RequestedLayerState{Surface(name=8f932e4 StatusBar)/@0xabc478a - animation-leash of insets_animation#179450 parentId=172963} 1 children}
05-15 20:59:47.970  1808  1808 I SurfaceFlinger: [LayerHierarchy{RequestedLayerState{Surface(name=8f932e4 StatusBar)/@0xabc478a - animation-leash of insets_animation#179447} no children}] reparent to OffscreenRoot
05-15 20:59:47.970  1808  1808 I SurfaceFlinger: [LayerHierarchy{RequestedLayerState{Surface(name=8f932e4 StatusBar)/@0xabc478a - animation-leash of insets_animation#179447} no children}] RelativeParent to null
05-15 20:59:47.970  1808  1808 I SurfaceFlinger: [LayerHierarchy{RequestedLayerState{Surface(name=7a9d783 NavigationBar0)/@0x10e1471 - animation-leash of insets_animation#179448} no children}] reparent to OffscreenRoot
05-15 20:59:47.970  1808  1808 I SurfaceFlinger: [LayerHierarchy{RequestedLayerState{Surface(name=7a9d783 NavigationBar0)/@0x10e1471 - animation-leash of insets_animation#179448} no children}] RelativeParent to null
05-15 20:59:47.971  1632  1829 I HYPER-HAL: [ResourceManager.cpp]updateResource(): [CPUMinFreq] UpdateResource Request ID : 1999022    Value : 1785600
05-15 20:59:47.971  1632  1829 I HYPER-HAL: [RequestManager.cpp]acquire(): Acquired ID : 2001023  [1977 / 23]    HINT : AMS_ACT_LAZY    list :
05-15 20:59:47.971  1808  1808 I BpBinder: onLastStrongRef automatically unlinking death recipients:
05-15 20:59:47.971  1632  1829 I HYPER-HAL: [ResourceManager.cpp]removeResource(): [CPULittleMinFreq] RemoveResource Request ID : 2011043
05-15 20:59:47.973  1808  1808 D SurfaceFlinger: Display 4630947232161729154 HWC layers:
05-15 20:59:47.973  1808  1808 D SurfaceFlinger:        DEVICE |          104225971372036 | 00002102 | RGBA_8888    |    0.0    0.0 1080.0 2340.0 |    0    0 1080 2340 | es.uniovi.recetasasturianas.test/and[...]yInvoker$EmptyActivity$_24267#179446 (1)
05-15 20:59:47.973  1808  1808 D SurfaceFlinger:        DEVICE |           47510928230650 | 00002100 | RGBA_8888    |    0.0    0.0 1080.0   99.0 |    0    0 1080   99 | StatusBar$_11062#172976 (4133)
05-15 20:59:47.973  1808  1808 D SurfaceFlinger:        DEVICE |           47510928230672 | 00002100 | RGBA_8888    |    0.0    0.0 1080.0  144.0 |    0 2196 1080 2340 | NavigationBar0$_11062#172972 (357)
05-15 20:59:47.973  1808  1808 D SurfaceFlinger:        DEVICE |           27157078223661 | 00002100 | RGBA_8888    |    0.0   13.0  290.0  158.0 |  395    0  685  145 | $_6323#154529 (967)
05-15 20:59:47.973  1808  1808 D SurfaceFlinger:        DEVICE |           27157078223656 | 00002100 | RGBA_8888    |    0.0    0.0 1080.0  115.0 |    0    0 1080  115 | $_6323#177506 (652)
05-15 20:59:47.973  1808  1808 D SurfaceFlinger:        DEVICE |           47510928230638 | 00002140 | RGBA_8888    |    0.0    0.0 1080.0  121.0 |    0    0 1080  121 | ScreenDecorOverlay$_11062#172986 (67)
05-15 20:59:47.973  1808  1808 D SurfaceFlinger:        DEVICE |           47510
05-15 20:59:47.973  1808  1808 D SurfaceFlinger: 928230639 | 00002140 | RGBA_8888    |    0.0    0.0 1080.0  121.0 |    0 2219 1080 2340 | ScreenDecorOverlayBottom$_11062#172987 (60)
05-15 20:59:47.973  1808  1808 D SurfaceFlinger:
05-15 20:59:47.973  1808  1951 D SurfaceFlinger: [input] setFocusedWindow: <null>
05-15 20:59:47.973  1977  6950 D InputDispatcher: Once focus requested (0): <null>
05-15 20:59:47.973 24090 24090 D LifecycleMonitor: Lifecycle status change: es.uniovi.recetasasturianas.MainActivity@385d7da in: STOPPED
05-15 20:59:47.973 24090 24090 V ActivityScenario: Update currentActivityStage to STOPPED, currentActivity=es.uniovi.recetasasturianas.MainActivity@385d7da
05-15 20:59:47.974  1977  6948 D InputDispatcher: Focused application(0): ActivityRecord{148716444 u0 bitpit.launcher/.ui.HomeActivity t1351}
05-15 20:59:47.975  1977  3186 D AS.MultiSoundManager: mForegroundUid = 10578
05-15 20:59:47.976 20661 20661 I VRI[HomeActivity]@27ecfc4: handleAppVisibility mAppVisible = false visible = true
05-15 20:59:47.976  1977  6948 D SurfaceComposerClient: setCornerRadius ## c5a06c0 bitpit.launcher/bitpit.launcher.ui.HomeActivity#155257 cornerRadius=0.000000
05-15 20:59:47.978 24090 24090 D LifecycleMonitor: Lifecycle status change: es.uniovi.recetasasturianas.MainActivity@385d7da in: DESTROYED
05-15 20:59:47.978 20661 20661 I VRI[HomeActivity]@27ecfc4: stopped(false) old = true
05-15 20:59:47.978 20661 20661 D VRI[HomeActivity]@27ecfc4: WindowStopped on bitpit.launcher/bitpit.launcher.ui.HomeActivity set to false
05-15 20:59:47.978 24090 24090 V ActivityScenario: Update currentActivityStage to DESTROYED, currentActivity=null
05-15 20:59:47.978  1808  2995 I SurfaceFlinger: id=179447 Removed Surface(name=8f932e4 StatusBar)/@0xabc478a - animation-leash of insets_animation#179447 (177)
05-15 20:59:47.978  1808  2995 I SurfaceFlinger: id=179448 Removed Surface(name=7a9d783 NavigationBar0)/@0x10e1471 - animation-leash of insets_animation#179448 (177)
05-15 20:59:47.978 24090 24138 I TestRunner: finished: appTitle_isDisplayed(es.uniovi.recetasasturianas.NavigationTest)
