05-15 20:59:52.861 24090 24090 I BLASTBufferQueue_Java: update, w= 1080 h= 2340 mName = VRI[MainActivity]@b76624d mNativeObject= 0xb400007e2903b230 sc.mNativeObject= 0xb400007ea8d3a850 format= -1 caller= android.view.ViewRootImpl.updateBlastSurfaceIfNeeded:3574 android.view.ViewRootImpl.relayoutWindow:11685 android.view.ViewRootImpl.performTraversals:4804 android.view.ViewRootImpl.doTraversal:3924 android.view.ViewRootImpl$TraversalRunnable.run:12903 android.view.Choreographer$CallbackRecord.run:1901
05-15 20:59:52.861  1977  4019 I WindowManager: Relayout Window{9f5a776 u0 es.uniovi.recetasasturianas/es.uniovi.recetasasturianas.MainActivity}: viewVisibility=0 req=1080x2340 ty=1 d0
05-15 20:59:52.862 24090 24090 I VRI[MainActivity]@b76624d: Relayout returned: old=(0,0,1080,2340) new=(0,0,1080,2340) relayoutAsync=true req=(1080,2340)0 dur=0 res=0x0 s={true 0xb400007de8ee1e80} ch=false seqId=0
05-15 20:59:52.862  1977  4019 D SurfaceComposerClient: setCornerRadius ## 9f5a776 es.uniovi.recetasasturianas/es.uniovi.recetasasturianas.MainActivity#179610 cornerRadius=0.000000
05-15 20:59:52.863  7404  7404 I SSS:AugmentedAutofillService: AugmentedAutofillService: onConnected()
05-15 20:59:52.863 24090 24090 I VRI[MainActivity]@b76624d: registerCallbackForPendingTransactions
05-15 20:59:52.864  1977  4019 D SurfaceComposerClient: setCornerRadius ## 9f5a776 es.uniovi.recetasasturianas/es.uniovi.recetasasturianas.MainActivity#179610 cornerRadius=0.000000
05-15 20:59:52.865 24090 24175 I VRI[MainActivity]@b76624d: mWNT: t=0xb400007df8e5b9d0 mBlastBufferQueue=0xb400007e2903b230 fn= 23 HdrRenderState mRenderHdrSdrRatio=1.0 caller= android.view.ViewRootImpl$10.onFrameDraw:6536 android.view.ViewRootImpl$4.onFrameDraw:2489 android.view.ThreadedRenderer$1.onFrameDraw:718
05-15 20:59:52.867  1977  4019 I WindowManager: Relayout hash=9f5a776, pid=0, syncId=-1: mAttrs={(0,0)(fillxfill) sim={adjust=resize forwardNavigation} layoutInDisplayCutoutMode=always ty=BASE_APPLICATION wanim=0x1030317
05-15 20:59:52.867  1977  4019 I WindowManager:   fl=81810100
05-15 20:59:52.867  1977  4019 I WindowManager:   pfl=100088c0
05-15 20:59:52.867  1977  4019 I WindowManager:   vsysui=500
05-15 20:59:52.867  1977  4019 I WindowManager:   bhv=1
05-15 20:59:52.867  1977  4019 I WindowManager:   fitSides=0
05-15 20:59:52.867  1977  4019 I WindowManager:   frameRateBoostOnTouch=true
05-15 20:59:52.867  1977  4019 I WindowManager:   dvrrWindowFrameRateHint=true naviIconColor=0}
05-15 20:59:52.869  1808  1808 I SurfaceFlinger: RequestedLayer [Surface(name=35023c1 InputMethod)/@0[...]ion-leash of insets_animation#179615] hidden!! flag  from(0) --> to(1)
05-15 20:59:52.869  1808  1808 E SurfaceFlinger: alpha changed 0.000 -> 1.000 - Surface(name=35023c1 InputMethod)/@0x1087f31 - animation-leash of insets_animation#179615
05-15 20:59:52.871 24090 24090 I InsetsController: cancelAnimation: types=ime, animType=0, host=es.uniovi.recetasasturianas/es.uniovi.recetasasturianas.MainActivity, from=android.view.InsetsController.notifyFinished:2006 android.view.InsetsAnimationThreadControlRunner$1.lambda$notifyFinished$0:82 android.view.InsetsAnimationThreadControlRunner$1.$r8$lambda$cDFF0h4Ncq-8EXdGszv69jrUu7c:0
05-15 20:59:52.871 24090 24090 I ImeTracker: es.uniovi.recetasasturianas:a51631f3: onShown
05-15 20:59:52.873 11062 11062 D NavigationBar: setImeWindowStatus displayId=0 vis=3 backDisposition=0 showImeSwitcher=false isImeVisible=true
05-15 20:59:52.876  7404  7404 I SSS:AugmentedAutofillService: AugmentedAutofillService: onFillRequest()
05-15 20:59:52.877  1808  1808 I SurfaceFlinger: RequestedLayer [Surface(name=35023c1 InputMethod)/@0[...]ion-leash of insets_animation#179615] hidden!! flag  from(1) --> to(0)
05-15 20:59:52.885  1808  1808 D SurfaceFlinger: Display 4630947232161729154 HWC layers:
05-15 20:59:52.885  1808  1808 D SurfaceFlinger:        DEVICE |          103465762160664 | 00002102 | RGBA_8888    |    0.0    0.0 1080.0 2340.0 |    0    0 1080 2340 | es.uniovi.recetasasturianas/es.uniov[...]sturianas.MainActivity$_24090#179611 (24)
05-15 20:59:52.885  1808  1808 D SurfaceFlinger:        DEVICE |          100317551133223 | 00002100 | RGBA_8888    |    0.0    0.0 1080.0 2241.0 |    0   99 1080 2340 | InputMethod$_23357#179616 (1)
05-15 20:59:52.885  1808  1808 D SurfaceFlinger:        DEVICE |           47510928230647 | 00002100 | RGBA_8888    |    0.0    0.0 1080.0   99.0 |    0    0 1080   99 | StatusBar$_11062#172976 (4142)
05-15 20:59:52.885  1808  1808 D SurfaceFlinger:        DEVICE |           47510928230646 | 00002100 | RGBA_8888    |    0.0    0.0 1080.0  144.0 |    0 2196 1080 2340 | NavigationBar0$_11062#172972 (358)
05-15 20:59:52.885  1808  1808 D SurfaceFlinger:        DEVICE |           27157078223661 | 00002100 | RGBA_8888    |    0.0   13.0  290.0  158.0 |  395    0  685  145 | $_6323#154529 (967)
05-15 20:59:52.885  1808  1808 D SurfaceFlinger:        DEVICE |           27157078223656 | 00002100 | RGBA_8888    |    0.0    0.0 1080.0  115.0 |    0    0 1080  115 | $_6323#177506 (652)
05-15 20:59:52.885  1808  1808 D SurfaceFlinger:        DEVICE |           475109282306
05-15 20:59:52.885  1808  1808 D SurfaceFlinger: 38 | 00002140 | RGBA_8888    |    0.0    0.0 1080.0  121.0 |    0    0 1080  121 | ScreenDecorOverlay$_11062#172986 (67)
05-15 20:59:52.885  1808  1808 D SurfaceFlinger:        DEVICE |           47510928230639 | 00002140 | RGBA_8888    |    0.0    0.0 1080.0  121.0 |    0 2219 1080 2340 | ScreenDecorOverlayBottom$_11062#172987 (60)
05-15 20:59:52.885  1808  1808 D SurfaceFlinger:
05-15 20:59:52.892  7404  7404 I SSS:HintsManager: getEntityTypeFromResourceMap map: es.uniovi.recetasasturianas.MainActivity_es.uniovi.recetasasturianas_search_src_text, value: null
05-15 20:59:52.892  7404  7404 I SSS:AugmentedAutofillService: AssistStructureParser Hint: []
05-15 20:59:52.892  7404  7404 I SSS:AugmentedAutofillService: onFillRequest hint: {}
05-15 20:59:52.892  7404  7404 I SSS:AugmentedAutofillService: onFillRequest() fail: hint not found
05-15 20:59:52.893 23357 23357 D LatinIME: onInlineSuggestionsResponse called
05-15 20:59:52.917  1795  1831 E HeatmapThread: ECT Thread time in milliseconds: 1778871592
05-15 20:59:52.917  1795  1831 D HeatmapThread: !@ batteryplugType : 0
05-15 20:59:52.917  1795  1831 D HeatmapThread: !@ batteryLevel : 0  batteryTemperature : 0
05-15 20:59:52.917  1795  1831 D HeatmapThread: !@ Heatmap currtime: 29647859
05-15 20:59:52.917  1795  1831 D HeatmapThread: !@ Heatmap prevtime: 29647842
05-15 20:59:52.917  1795  1831 D HeatmapThread: !@ Heatmap plugstarttime: 35791394
05-15 20:59:52.917  1795  1831 D HeatmapThread: !@ Heatmap prevv_dsoh_update_time: 29635503
05-15 20:59:52.917  1795  1831 E HeatmapThread: !@Could not open '/efs/FactoryApp/bsoh', errno = 13
05-15 20:59:52.918  1795  1831 E HeatmapThread: !@ CAM Could not access BSOH EFS
05-15 20:59:52.918  1795  1831 E HeatmapThread: !@ CAM New BSOH: 0
05-15 20:59:52.962  1977  1977 I GestureDetector: handleMessage TAP
05-15 20:59:52.962  1977  2134 I GestureDetector: handleMessage TAP
05-15 20:59:52.969 24090 24090 I ViewInteraction: Performing 'replace text(fabada)' action on view ((view has effective visibility <VISIBLE> and view.getGlobalVisibleRect() to return non-empty rectangle) and ((view.getId() is <2131296684/es.uniovi.recetasasturianas:id/search_src_text> and is assignable from class <class android.widget.EditText>) or (is descendant of a view matching view.getId() is <2131296684/es.uniovi.recetasasturianas:id/search_src_text> and is assignable from class <class android.widget.EditText>)))
05-15 20:59:52.971 24090 24090 D RecipeListViewModel: SwitchMap disparado con query: 'fabada'
05-15 20:59:52.971 24090 24090 I InputMethodManager: invalidateInput: scheduleInvalidateInput isRestartingfalse
05-15 20:59:52.972  1624 32329 I sensors-hal: handle_sns_client_event:261, auto_rotation_debug_2 mode,255, type,1,1 acc,2.419,6.023,7.549, ar,0, ver,12
05-15 20:59:52.973 24090 24090 D RecipeListViewModel: Dataset recibido: 3 recetas
05-15 20:59:52.980 24090 24090 D InputMethodManagerUtils: doInvalidateInput - Id : 0
05-15 20:59:52.981 23357 23357 I InputMethodService: invalidateInputInternal: sessionId=1
05-15 20:59:52.981 23357 23357 I InputMethodService: invalidateInputInternal: restartInput sessionId=1
05-15 20:59:52.981 23357 23357 D InputMethodService: updateClientDisplayId: displayId=0, mClientDisplayId=0
05-15 20:59:52.981 23357 23357 I LatinIME: Restarting input. Cursor position = 0,0
05-15 20:59:52.992 24090 24090 I ViewInteraction: Checking 'MatchesViewAssertion{viewMatcher=(view has effective visibility <VISIBLE> and view.getGlobalVisibleRect() to return non-empty rectangle)}' assertion on view view.getId() is <2131296655/es.uniovi.recetasasturianas:id/recycler_view>
05-15 20:59:53.005 23357 23357 D InputMethodService: registerCompatOnBackInvokedCallback return because registered : true
05-15 20:59:53.005  1977  4243 I SemDvfsHyPerManager: acquire hyper - AMS_APP_SWITCH/1977@28, type = -999
05-15 20:59:53.005  1808  1899 I SurfaceFlinger: id=179618 createSurf, flag=24004, Task=2389#179618
05-15 20:59:53.006  1632  1829 I HYPER-HAL: [RequestManager.cpp]acquire(): Acquired ID : 2011043  [1977 / 28]    HINT : AMS_APP_SWITCH    list :
05-15 20:59:53.006  1632  1829 I HYPER-HAL: [ResourceManager.cpp]updateResource(): [CPULittleMinFreq] UpdateResource Request ID : 2011043    Value : 1804800
05-15 20:59:53.008  5896  5896 I SemDvfsHyPerManager: acquire hyper - APP_START_SHORT/5896@15, type = -999
05-15 20:59:53.008  1808  1899 I SurfaceFlinger: id=179619 createSurf, flag=84004, ActivityRecord{135906723 u0 es.uniovi.recetasasturianas.test/androidx.test.core.app.InstrumentationActivityInvoker$EmptyActivity t2389}#179619
05-15 20:59:53.008  1977  1993 I system_server: Background concurrent copying GC freed 18MB AllocSpace bytes, 65(1744KB) LOS objects, 14% free, 142MB/166MB, paused 182us,221us total 421.464ms
05-15 20:59:53.011  1808  1808 I SurfaceFlinger: [Task=2389#179618] attach to parent LayerHierarchy{RequestedLayerState{DefaultTaskDisplayArea_d0#172934 parentId=9} 11 children}
05-15 20:59:53.012  1808  1808 I SurfaceFlinger: [ActivityRecord{135906723 u0 es.uniovi.recetasasturianas.test/androidx.test.core.app.InstrumentationActivityInvoker$EmptyActivity t2389}#179619] attach to parent LayerHierarchy{RequestedLayerState{Task=2389#179618 parentId=172934} 1 children}
05-15 20:59:53.012  1977  1994 W JHwRemoteBinder: BinderProxy is being destroyed but the application did not call unlinkToDeath to unlink all of its death recipients beforehand.  Releasing leaked death recipient: com.android.server.wifi.hal.WifiHalHidlImpl$WifiDeathRecipient
05-15 20:59:53.012  1977  6950 I SemDvfsHyPerManager: acquire hyper - AMS_APP_LAUNCH/1977@21, type = -999
05-15 20:59:53.014  5896  5896 I SemDvfsHyPerManager: acquire hyper - APP_START/5896@17, type = -999
05-15 20:59:53.014 24090 24090 D LifecycleMonitor: Lifecycle status change: es.uniovi.recetasasturianas.MainActivity@85f40da in: PAUSED
05-15 20:59:53.014 24090 24090 V ActivityScenario: Update currentActivityStage to PAUSED, currentActivity=es.uniovi.recetasasturianas.MainActivity@85f40da
05-15 20:59:53.014  1632  1829 I HYPER-HAL: [ResourceManager.cpp]updateResource(): [CPUMinFreq] UpdateResource Request ID : 2011043    Value : 2841600
05-15 20:59:53.016 11062 11118 D ShellDesktopMode: handleRequest: TransitionRequestInfo {type=1, tid=2389, debugId=14584}
05-15 20:59:53.016  1632  1829 I HYPER-HAL: [RequestManager.cpp]acquire(): Acquired ID : 17472931  [5896 / 15]    HINT : APP_START    list : [TIMEOUT / 1500]
05-15 20:59:53.016  1632  1829 I HYPER-HAL: [ResourceManager.cpp]updateResource(): [CPUMaxFreq] UpdateResource Request ID : 17472931    Value : 2841600
05-15 20:59:53.016  1632  1829 I HYPER-HAL: [RequestManager.cpp]acquire(): Acquired ID : 1997022  [1977 / 21]    HINT : AMS_APP_LAUNCH    list :
05-15 20:59:53.016  1632  1829 I HYPER-HAL: [ResourceManager.cpp]updateResource(): [CPULittleMinFreq] UpdateResource Request ID : 1997022    Value : 1804800
05-15 20:59:53.016  1977  6950 D InputDispatcher: Focused application(0): ActivityRecord{135906723 u0 es.uniovi.recetasasturianas.test/androidx.test.core.app.InstrumentationActivityInvoker$EmptyActivity t2389}
05-15 20:59:53.017  1632  1829 I HYPER-HAL: [ResourceManager.cpp]updateResource(): [CPUMinFreq] UpdateResource Request ID : 1997022    Value : 2841600
05-15 20:59:53.017  1632  1829 I HYPER-HAL: [RequestManager.cpp]acquire(): Acquired ID : 17484758  [5896 / 17]    HINT : APP_START    list :
05-15 20:59:53.017  1632  1829 I HYPER-HAL: [ResourceManager.cpp]updateResource(): [CPUMaxFreq] UpdateResource Request ID : 17484758    Value : 2841600
05-15 20:59:53.017  1977  6950 I SurfaceComposerClient: captureLayers:childrenOnly:1, sync:1
05-15 20:59:53.020  1632 24397 I HYPER-HAL: [ResourceManager.cpp]removeResource(): [CPUMinFreq] RemoveResource Request ID : 2013050
05-15 20:59:53.020  1632 24397 I HYPER-HAL: [RequestManager.cpp]releaseLocked(): Released ID : 2013050
05-15 20:59:53.021  1977  4779 D GraphicsStatsService: requestRenderEngineFor(es.uniovi.recetasasturianas.test)
05-15 20:59:53.022 24267 24288 I AdrenoGLES-0: QUALCOMM build                   : c62cb5db3a, I2ae86c79d4
05-15 20:59:53.022 24267 24288 I AdrenoGLES-0: Build Date                       : 09/12/25
05-15 20:59:53.022 24267 24288 I AdrenoGLES-0: OpenGL ES Shader Compiler Version: EV031.35.01.12
05-15 20:59:53.022 24267 24288 I AdrenoGLES-0: Local Branch                     :
05-15 20:59:53.022 24267 24288 I AdrenoGLES-0: Remote Branch                    : refs/tags/AU_LINUX_ANDROID_LA.UM.9.14.11.00.00.571.148
05-15 20:59:53.022 24267 24288 I AdrenoGLES-0: Remote Branch                    : NONE
05-15 20:59:53.022 24267 24288 I AdrenoGLES-0: Reconstruct Branch               : NOTHING
05-15 20:59:53.022 24267 24288 I AdrenoGLES-0: Build Config                     : S P 10.0.7 AArch64
05-15 20:59:53.022 24267 24288 I AdrenoGLES-0: Driver Path                      : /vendor/lib64/egl/libGLESv2_adreno.so
05-15 20:59:53.031  1808  1899 I SurfaceFlinger: Capture layer list: 	 InputMethod$_23357#179616(seamlessTransition:0)
05-15 20:59:53.033  1808  1908 D RenderEngine: [SEC_SF_EFFECTS] drawLayersInternal,1483, Rendering layer ScreenCaptureFillLayer at index 0
05-15 20:59:53.033  1808  1908 D RenderEngine: [SEC_SF_EFFECTS] drawLayersInternal,1483, Rendering layer InputMethod$_23357#179616 at index 1
05-15 20:59:53.034 24267 24288 I AdrenoGLES-0: PFP: 0x016dc094, ME: 0x00000000
05-15 20:59:53.037  1808  1899 I SurfaceFlinger: id=179620 createSurf, flag=44004, IME-snapshot-surface#179620
05-15 20:59:53.040  1977  3310 D NetdEventListenerService: DNS Requested by 2805, 10625(es.uniovi.recetasasturianas), SUCCESS, 9ms
05-15 20:59:53.043  1808  1808 I SurfaceFlinger: RequestedLayer [IME-snapshot-surface#179620] hidden!! flag  from(1) --> to(0)
05-15 20:59:53.043  1808  1808 I SurfaceFlinger: [LayerHierarchy{RequestedLayerState{ImeContainer#15 parentId=179601 relativeParentId=179601 z=1} 1 children}] RelativeParent to null
05-15 20:59:53.043  1808  1808 I SurfaceFlinger: [IME-snapshot-surface#179620] attach to parent LayerHierarchy{RequestedLayerState{ActivityRecord{97786880 u0 es.uniovi.recetasasturianas/.MainActivity t2388}#179601 parentId=179600} 4 children}
05-15 20:59:53.043  1977  2134 D PkgPredictorService-SecIpmManagerServiceImpl: onForegroundActivitiesChanged pid:24267 uid:10626
05-15 20:59:53.044  1977  4221 V PkgPredictorService-SecIpmManagerServiceImpl: discard foreground app:es.uniovi.recetasasturianas.test 1|true
05-15 20:59:53.044 12633 21222 I Routine@Core[4.9.04.16]: ActivityWatcherListenerImpl: onPauseComponent: componentName - es.uniovi.recetasasturianas, userId: 0
05-15 20:59:53.045  1977  2134 D NetworkPolicy: already checked 10626
05-15 20:59:53.045 12633 21222 I Routine@Core[4.9.04.16]: Pref: removeSharedPrefsData() key=condition_launch_app_data_resume_pkg
05-15 20:59:53.045  1977  2134 D NetworkPolicy: already checked 10626
05-15 20:59:53.045 11062 11062 I {OngoingActivityController}: onTaskFocusChanged but OA data is empty
05-15 20:59:53.047  4195  4401 I HoneySpace.TopTaskSource: onTaskMovedToFront : taskId = 2389, displayId = 0
05-15 20:59:53.047  4195  4401 I HoneySpace.TopTaskSource: onTaskFocusChanged(): taskId = 2389
05-15 20:59:53.048  1977  3186 D AS.MultiSoundManager: mForegroundUid = 10626
05-15 20:59:53.048  1808  1808 D SurfaceFlinger: Display 4630947232161729154 HWC layers:
05-15 20:59:53.048  1808  1808 D SurfaceFlinger:        DEVICE |          103465762160664 | 00002102 | RGBA_8888    |    0.0    0.0 1080.0 2340.0 |    0    0 1080 2340 | es.uniovi.recetasasturianas/es.uniov[...]sturianas.MainActivity$_24090#179611 (28)
05-15 20:59:53.048  1808  1808 D SurfaceFlinger:        DEVICE |          100317551133224 | 00002100 | RGBA_8888    |    0.0    0.0 1080.0 2241.0 |    0   99 1080 2340 | InputMethod$_23357#179616 (2)
05-15 20:59:53.048  1808  1808 D SurfaceFlinger:        DEVICE |            7765301026864 | 00000000 | RGBA_8888    |    0.0    0.0 1080.0 2241.0 |    0   99 1080 2340 | IME-snapshot-surface#179620 (100)
05-15 20:59:53.048  1808  1808 D SurfaceFlinger:        DEVICE |           47510928230647 | 00002100 | RGBA_8888    |    0.0    0.0 1080.0   99.0 |    0    0 1080   99 | StatusBar$_11062#172976 (4142)
05-15 20:59:53.048  1808  1808 D SurfaceFlinger:        DEVICE |           47510928230646 | 00002100 | RGBA_8888    |    0.0    0.0 1080.0  144.0 |    0 2196 1080 2340 | NavigationBar0$_11062#172972 (358)
05-15 20:59:53.048  1808  1808 D SurfaceFlinger:        DEVICE |           27157078223661 | 00002100 | RGBA_8888    |    0.0   13.0  290.0  158.0 |  395    0  685  145 | $_6323#154529 (967)
05-15 20:59:53.048  1808  1808 D SurfaceFlinger:        DEVICE |
05-15 20:59:53.048  1808  1808 D SurfaceFlinger:   27157078223656 | 00002100 | RGBA_8888    |    0.0    0.0 1080.0  115.0 |    0    0 1080  115 | $_6323#177506 (652)
05-15 20:59:53.048  1808  1808 D SurfaceFlinger:        DEVICE |           47510928230638 | 00002140 | RGBA_8888    |    0.0    0.0 1080.0  121.0 |    0    0 1080  121 | ScreenDecorOverlay$_11062#172986 (67)
05-15 20:59:53.048  1808  1808 D SurfaceFlinger:        DEVICE |           47510928230639 | 00002140 | RGBA_8888    |    0.0    0.0 1080.0  121.0 |    0 2219 1080 2340 | ScreenDecorOverlayBottom$_11062#172987 (60)
05-15 20:59:53.048  1808  1808 D SurfaceFlinger:
05-15 20:59:53.049 11062 11138 D ViewRootImpl: desktopMode is false
05-15 20:59:53.049 11062 11138 I ViewRootImpl: dVRR is disabled
05-15 20:59:53.050 11062 11227 D NativeCustomFrequencyManager: [NativeCFMS] BpCustomFrequencyManager::BpCustomFrequencyManager()
05-15 20:59:53.051 24267 24267 I DecorView: setWindowBackground: isPopOver=false color=ffffffff d=android.graphics.drawable.ColorDrawable@5d5b971
05-15 20:59:53.051  2090  2090 I CameraService: onUidStateChanged: uid=10048, procState is changed. (0 -> 1)
05-15 20:59:53.052  1808  1808 I SurfaceFlinger: [Display 0 name="Built-in Screen"#172933] setFrameRateCategory: High
05-15 20:59:53.052  1808  1808 I BpBinder: onLastStrongRef automatically unlinking death recipients:
05-15 20:59:53.053 24267 24267 D ViewRootImpl: desktopMode is false
05-15 20:59:53.053 24267 24267 I ViewRootImpl: dVRR is disabled
05-15 20:59:53.053  4195  4403 I HoneySpace.TopTaskUseCase: topTasks 2389 ComponentInfo{es.uniovi.recetasasturianas.test/androidx.test.core.app.InstrumentationActivityInvoker$EmptyActivity}[displayId=0]
05-15 20:59:53.052  1977  4779 D InputTransport: Input channel constructed: '1786ed7', fd=1094
05-15 20:59:53.054 12633 17431 I Routine@Core[4.9.04.16]: ModeOrderObserver: ModeOrderObserver:onChange: uri content://com.samsung.android.app.routines.routineprovider/preference
05-15 20:59:53.054  1977  4779 D InputTransport: Input channel constructed: '1786ed7', fd=1134
05-15 20:59:53.054  1977  4779 D InputTransport: Input channel constructed: '1786ed7', fd=462
05-15 20:59:53.054  1977  4779 D InputTransport: Input channel destroyed: '1786ed7', fd=1134
05-15 20:59:53.054  1808  1899 I SurfaceFlinger: id=179621 createSurf, flag=84004, 1786ed7 Splash Screen es.uniovi.recetasasturianas.test#179621
05-15 20:59:53.056  1977  4779 D InputTransport: Input channel destroyed: '1786ed7', fd=462
05-15 20:59:53.056  1808  1951 D SurfaceFlinger: [input] setFocusedWindow: <null>
05-15 20:59:53.056  1977  4019 D InputDispatcher: Focus left window (0): 9f5a776 es.uniovi.recetasasturianas/es.uniovi.recetasasturianas.MainActivity
05-15 20:59:53.056  1977  6948 D InputDispatcher: Once focus requested (0): <null>
05-15 20:59:53.057 11062 11138 D InputTransport: Input channel constructed: '1786ed7', fd=455
05-15 20:59:53.057  4195 10967 I HoneySpace.RecentTasks: onRecentTasksChanged
05-15 20:59:53.057 11062 11138 I InsetsController: onStateChanged: host=Splash Screen es.uniovi.recetasasturianas.test, from=android.view.ViewRootImpl.onInsetsStateChanged:3026, state=InsetsState: {mDisplayFrame=Rect(0, 0 - 1080, 2340), mDisplayCutout=DisplayCutout{insets=Rect(0, 99 - 0, 0) waterfall=Insets{left=0, top=0, right=0, bottom=0} boundingRect={Bounds=[Rect(0, 0 - 0, 0), Rect(505, 0 - 575, 99), Rect(0, 0 - 0, 0), Rect(0, 0 - 0, 0)]} cutoutPathParserInfo={CutoutPathParserInfo{displayWidth=1080 displayHeight=2340 physicalDisplayWidth=1080 physicalDisplayHeight=2340 density={3.0} cutoutSpec={M 0,0 M 0,29 a 35,35 0 1,0 0,70 a 35,35 0 1,0 0,-70 Z} rotation={0} scale={1.0} physicalPixelDisplaySizeRatio={1.0}}} sideOverrides={}}, mRoundedCorners=RoundedCorners{[RoundedCorner{position=TopLeft, radius=108, center=Point(108, 108)}, RoundedCorner{position=TopRight, radius=108, center=Point(972, 108)}, RoundedCorner{position=BottomRight, radius=108, center=Point(972, 2232)}, RoundedCorner{position=BottomLeft, radius=108, center=Point(108, 2232)}]}  mRoundedCornerFrame=Rect(0, 0 - 1080, 2340), mPrivacyIndicatorBounds=PrivacyIndicatorBounds {static bounds=Rect(948, 0 - 1080, 99) rotation=0}, mDisplayShape=DisplayShape{ spec=-311912193 displayWidth=1080 displayHeight=2340 physicalPixelDisplaySizeRatio=1.0 rotation=0 offsetX=0 offsetY=0 scale=1.0}, mSources= { InsetsSource: {b73a0001 mType=navigationBars mFrame=[0,0][0,0] mVisible=true mFlags=SUPPRESS_SCRIM mSideHint=NONE mBoundingRects=null}, InsetsSource: {b73a0004 mType=systemGestures mFrame=[0,0][90,2340] mVisible=true mFlags= mSideHint=LEFT mBoundingRects=null}, InsetsSource: {b73a0005 mType=mandatorySystemGestures mFrame=[0,2265][1080,2340] mVisible=true mFlags= mSideHint=BOTTOM mBoundingRects=null}, InsetsSource: {b73a0006 mType=tappableElement mFrame=[0,0][0,0] mVisible=true mFlags= mSideHint=NONE mBoundingRects=null}, InsetsSource: {b73a0024 mType=systemGestures mFrame=[990,0][1080,2340] mVisible=true mFlags= mSideHint=RIGHT mBoundingRects=null}, InsetsSource: {3 mType=ime mFrame=[0,1553][1080,2340] mVisible=true mFlags= mSideHint=BOTTOM mBoundingRects=null}, InsetsSource: {27 mType=displayCutout mFrame=[0,0][1080,99] mVisible=true mFlags= mSideHint=TOP mBoundingRects=null}, InsetsSource: {9260000 mType=statusBars mFrame=[0,0][1080,99] mVisible=true mFlags= mSideHint=TOP mBoundingRects=null}, InsetsSource: {9260005 mType=mandatorySystemGestures mFrame=[0,0][1080,135] mVisible=true mFlags= mSideHint=TOP mBoundingRects=null}, InsetsSource: {9260006 mType=tappableElement mFrame=[0,0][1080,99] mVisible=true mFlags= mSideHint=TOP mBoundingRects=null} }
05-15 20:59:53.057  4195 23188 I HoneySpace.RecentTasks: onRecentTasksChanged
05-15 20:59:53.058 11062 11138 I VRI[test]@15f6604: onActiveControlsChanged, removed=false, mAdded=true, caller=android.view.ViewRootImpl.handleInsetsControlChanged:3002 android.view.ViewRootImpl.setView:2014 android.view.WindowManagerGlobal.addView:604 com.android.wm.shell.startingsurface.SplashscreenWindowCreator.addWindow:38 com.android.wm.shell.startingsurface.StartingWindowController$$ExternalSyntheticLambda4.run:1365
05-15 20:59:53.058 11062 11138 I VRI[test]@15f6604: synced displayState. AttachInfo displayState=2
05-15 20:59:53.059 24267 24288 D NativeCustomFrequencyManager: [NativeCFMS] BpCustomFrequencyManager::BpCustomFrequencyManager()
05-15 20:59:53.060  1977  4779 D SurfaceComposerClient: setCornerRadius ## 1786ed7 Splash Screen es.uniovi.recetasasturianas.test#179621 cornerRadius=0.000000
05-15 20:59:53.060  1977  4779 D SurfaceComposerClient: setCornerRadius ## 1786ed7 Splash Screen es.uniovi.recetasasturianas.test#179621 cornerRadius=0.000000
05-15 20:59:53.060  1808  1808 I SurfaceFlinger: [1786ed7 Splash Screen es.uniovi.recetasasturianas.test#179621] attach to parent LayerHierarchy{RequestedLayerState{ActivityRecord{135906723 u0 es.uniovi.recetasasturianas.test/androidx.test.core.app.InstrumentationActivityInvoker$EmptyActivity t2389}#179619 parentId=179618} 1 children}
05-15 20:59:53.061 24090 24090 I ImeFocusController: onPreWindowFocus: skipped hasWindowFocus=false mHasImeFocus=true
05-15 20:59:53.062 24090 24090 I ImeFocusController: onPostWindowFocus: skipped hasWindowFocus=false mHasImeFocus=true
05-15 20:59:53.066  1977  2141 D EnterpriseDeviceManagerService: isMdmAdminPresentInternal() : MDM Admin Found - com.samsung.knox.securefolder
05-15 20:59:53.066  1977  4779 D InputTransport: Input channel constructed: '93206d5', fd=462
05-15 20:59:53.066  1977  4779 D InputTransport: Input channel constructed: '93206d5', fd=1062
05-15 20:59:53.067 11062 11138 I VRI[test]@15f6604: setView = android.widget.FrameLayout@e5638b3 IsHRR=false mFlingFrameRateChange=0 TM=true
05-15 20:59:53.067  1977  4779 D InputTransport: Input channel constructed: '93206d5', fd=1134
05-15 20:59:53.067  1977  4779 D InputTransport: Input channel destroyed: '93206d5', fd=1062
05-15 20:59:53.067 12633 17431 I Routine@Core[4.9.04.16]: ModesOrderManager: getOrderOrDefault: uuid(100)
05-15 20:59:53.068  1808  1899 I SurfaceFlinger: id=179622 createSurf, flag=84004, 93206d5 es.uniovi.recetasasturianas.test/androidx.test.core.app.InstrumentationActivityInvoker$EmptyActivity#179622
05-15 20:59:53.068 12633 17431 I Routine@Core[4.9.04.16]: ModesOrderManager: getOrder: uuid(100) -> order(999)
05-15 20:59:53.068 12633 17431 I Routine@Core[4.9.04.16]: ModeListHolder: update: size(1) updated(2026/05/15 20:59:53) [ModeMeta(id=1, uuid=100, iconResourceId=2131231140, iconStatusResourceId=2131231637, displayName=Sleep, isRunning=false, runningReason=, runningReasonCondition=, isSet=true, isDeleted=false, detailRunningReason=null, order=999, toggleTime=1778816639015)]
05-15 20:59:53.068 11062 11227 D HWUI    : HWUI - treat SMPTE_170M as sRGB
05-15 20:59:53.069  1808  1808 I SurfaceFlinger: [93206d5 es.uniovi.recetasasturianas.test/androidx.test.core.app.InstrumentationActivityInvoker$EmptyActivity#179622] attach to parent LayerHierarchy{RequestedLayerState{ActivityRecord{135906723 u0 es.uniovi.recetasasturianas.test/androidx.test.core.app.InstrumentationActivityInvoker$EmptyActivity t2389}#179619 parentId=179618} 2 children}
05-15 20:59:53.070  1977  4779 D InputTransport: Input channel destroyed: '93206d5', fd=1134
05-15 20:59:53.072 24267 24267 D InputTransport: Input channel constructed: '93206d5', fd=124
05-15 20:59:53.072 24267 24267 I InsetsController: onStateChanged: host=es.uniovi.recetasasturianas.test/androidx.test.core.app.InstrumentationActivityInvoker$EmptyActivity, from=android.view.ViewRootImpl.onInsetsStateChanged:3026, state=InsetsState: {mDisplayFrame=Rect(0, 0 - 1080, 2340), mDisplayCutout=DisplayCutout{insets=Rect(0, 99 - 0, 0) waterfall=Insets{left=0, top=0, right=0, bottom=0} boundingRect={Bounds=[Rect(0, 0 - 0, 0), Rect(505, 0 - 575, 99), Rect(0, 0 - 0, 0), Rect(0, 0 - 0, 0)]} cutoutPathParserInfo={CutoutPathParserInfo{displayWidth=1080 displayHeight=2340 physicalDisplayWidth=1080 physicalDisplayHeight=2340 density={3.0} cutoutSpec={M 0,0 M 0,29 a 35,35 0 1,0 0,70 a 35,35 0 1,0 0,-70 Z} rotation={0} scale={1.0} physicalPixelDisplaySizeRatio={1.0}}} sideOverrides={}}, mRoundedCorners=RoundedCorners{[RoundedCorner{position=TopLeft, radius=108, center=Point(108, 108)}, RoundedCorner{position=TopRight, radius=108, center=Point(972, 108)}, RoundedCorner{position=BottomRight, radius=108, center=Point(972, 2232)}, RoundedCorner{position=BottomLeft, radius=108, center=Point(108, 2232)}]}  mRoundedCornerFrame=Rect(0, 0 - 1080, 2340), mPrivacyIndicatorBounds=PrivacyIndicatorBounds {static bounds=Rect(948, 0 - 1080, 99) rotation=0}, mDisplayShape=DisplayShape{ spec=-311912193 displayWidth=1080 displayHeight=2340 physicalPixelDisplaySizeRatio=1.0 rotation=0 offsetX=0 offsetY=0 scale=1.0}, mSources= { InsetsSource: {b73a0001 mType=navigationBars mFrame=[0,0][0,0] mVisible=true mFlags=SUPPRESS_SCRIM mSideHint=NONE mBoundingRects=null}, InsetsSource: {b73a0004 mType=systemGestures mFrame=[0,0][90,2340] mVisible=true mFlags= mSideHint=LEFT mBoundingRects=null}, InsetsSource: {b73a0005 mType=mandatorySystemGestures mFrame=[0,2265][1080,2340] mVisible=true mFlags= mSideHint=BOTTOM mBoundingRects=null}, InsetsSource: {b73a0006 mType=tappableElement mFrame=[0,0][0,0] mVisible=true mFlags= mSideHint=NONE mBoundingRects=null}, InsetsSource: {b73a0024 mType=systemGestures mFrame=[990,0][1080,2340] mVisible=true mFlags= mSideHint=RIGHT mBoundingRects=null}, InsetsSource: {3 mType=ime mFrame=[0,1553][1080,2340] mVisible=true mFlags= mSideHint=BOTTOM mBoundingRects=null}, InsetsSource: {27 mType=displayCutout mFrame=[0,0][1080,99] mVisible=true mFlags= mSideHint=TOP mBoundingRects=null}, InsetsSource: {9260000 mType=statusBars mFrame=[0,0][1080,99] mVisible=true mFlags= mSideHint=TOP mBoundingRects=null}, InsetsSource: {9260005 mType=mandatorySystemGestures mFrame=[0,0][1080,135] mVisible=true mFlags= mSideHint=TOP mBoundingRects=null}, InsetsSource: {9260006 mType=tappableElement mFrame=[0,0][1080,99] mVisible=true mFlags= mSideHint=TOP mBoundingRects=null} }
05-15 20:59:53.072  4301  4301 E pageboostd: Received HALT command code 2
05-15 20:59:53.072 24267 24267 I VRI[InstrumentationActivityInvoker$EmptyActivity]@77c40c4: synced displayState. AttachInfo displayState=2
05-15 20:59:53.075  1977  6950 I WindowManager: Relayout Window{1786ed7 u0 Splash Screen es.uniovi.recetasasturianas.test}: viewVisibility=0 req=1080x2340 ty=3 d0
05-15 20:59:53.075  1808  1899 I SurfaceFlinger: id=179623 createSurf, flag=44004, Splash Screen es.uniovi.recetasasturianas.test$_11062#179623
05-15 20:59:53.076  1977  6950 D SurfaceComposerClient: setCornerRadius ## 1786ed7 Splash Screen es.uniovi.recetasasturianas.test#179621 cornerRadius=0.000000
05-15 20:59:53.076  1977  6950 D SurfaceComposerClient: setCornerRadius ## 93206d5 es.uniovi.recetasasturianas.test/androidx.test.core.app.InstrumentationActivityInvoker$EmptyActivity#179622 cornerRadius=0.000000
05-15 20:59:53.076  1977  6950 D SurfaceComposerClient: setCornerRadius ## 1786ed7 Splash Screen es.uniovi.recetasasturianas.test#179621 cornerRadius=0.000000
05-15 20:59:53.076  1977  6950 D SurfaceComposerClient: setCornerRadius ## 93206d5 es.uniovi.recetasasturianas.test/androidx.test.core.app.InstrumentationActivityInvoker$EmptyActivity#179622 cornerRadius=0.000000
05-15 20:59:53.077  1977  6950 I WindowManager: Relayout hash=1786ed7, pid=11062, syncId=-1: mAttrs={(0,0)(fillxfill) sim={adjust=pan} layoutInDisplayCutoutMode=always ty=APPLICATION_STARTING fmt=TRANSLUCENT
05-15 20:59:53.077  1977  6950 I WindowManager:   fl=81030118
05-15 20:59:53.077  1977  6950 I WindowManager:   pfl=10000810
05-15 20:59:53.077  1977  6950 I WindowManager:   apr=18
05-15 20:59:53.077  1977  6950 I WindowManager:   bhv=1
05-15 20:59:53.077  1977  6950 I WindowManager:   fitSides=0
05-15 20:59:53.077  1977  6950 I WindowManager:   frameRateBoostOnTouch=true
05-15 20:59:53.077  1977  6950 I WindowManager:   dvrrWindowFrameRateHint=true naviIconColor=0}
05-15 20:59:53.077  1808  1808 I SurfaceFlinger: [Splash Screen es.uniovi.recetasasturianas.test$_11062#179623] attach to parent LayerHierarchy{RequestedLayerState{1786ed7 Splash Screen es.uniovi.recetasasturianas.test#179621 parentId=179619} 1 children}
05-15 20:59:53.078 24267 24267 I VRI[InstrumentationActivityInvoker$EmptyActivity]@77c40c4: setView = com.android.internal.policy.DecorView@121e273 IsHRR=false mFlingFrameRateChange=0 TM=true
05-15 20:59:53.079 24267 24288 D HWUI    : HWUI - treat SMPTE_170M as sRGB
05-15 20:59:53.080  1977  6948 I WindowManager: Relayout Window{93206d5 u0 es.uniovi.recetasasturianas.test/androidx.test.core.app.InstrumentationActivityInvoker$EmptyActivity}: viewVisibility=0 req=1080x2340 ty=1 d0
05-15 20:59:53.080  1808  1899 I SurfaceFlinger: id=179624 createSurf, flag=44004, es.uniovi.recetasasturianas.test/androidx.test.core.app.InstrumentationActivityInvoker$EmptyActivity$_24267#179624
05-15 20:59:53.080  1977  2505 D AnalyticsContainerHandler: handleMessage : { when=0 what=1 target=com.android.server.knox.KnoxAnalyticsContainer$AnalyticsHandler }
05-15 20:59:53.080  1977  6948 D SurfaceComposerClient: setCornerRadius ## 1786ed7 Splash Screen es.uniovi.recetasasturianas.test#179621 cornerRadius=0.000000
05-15 20:59:53.081  1977  6948 D SurfaceComposerClient: setCornerRadius ## 93206d5 es.uniovi.recetasasturianas.test/androidx.test.core.app.InstrumentationActivityInvoker$EmptyActivity#179622 cornerRadius=0.000000
05-15 20:59:53.081  1977  6948 D SurfaceComposerClient: setCornerRadius ## 1786ed7 Splash Screen es.uniovi.recetasasturianas.test#179621 cornerRadius=0.000000
05-15 20:59:53.081  1977  6948 D SurfaceComposerClient: setCornerRadius ## 93206d5 es.uniovi.recetasasturianas.test/androidx.test.core.app.InstrumentationActivityInvoker$EmptyActivity#179622 cornerRadius=0.000000
05-15 20:59:53.082  1808  1897 I SurfaceFlinger: id=179625 createSurf, flag=24000, Surface(name=8f932e4 StatusBar)/@0xabc478a - animation-leash of insets_animation#179625
05-15 20:59:53.082 11062 11138 I VRI[test]@15f6604: onActiveControlsChanged, removed=false, mAdded=true, caller=android.view.ViewRootImpl.handleInsetsControlChanged:3002 android.view.ViewRootImpl.relayoutWindow:11629 android.view.ViewRootImpl.performTraversals:4804 android.view.ViewRootImpl.doTraversal:3924 android.view.ViewRootImpl$TraversalRunnable.run:12903
05-15 20:59:53.082  1977  2505 D AnalyticsContainerHandler: handleMessage : { when=0 what=2 target=com.android.server.knox.KnoxAnalyticsContainer$AnalyticsHandler }
05-15 20:59:53.082 11062 11138 W libc    : Access denied finding property "vendor.display.enable_optimal_refresh_rate"
05-15 20:59:53.083 11062 11138 I BufferQueueProducer: [](id:2b3600000147,api:0,p:1222557232,c:11062) setDequeueTimeout:2077252342
05-15 20:59:53.084  1977  6948 I SystemKeyManager: requested systemKeyInfo size=1 focusedWindow=es.uniovi.recetasasturianas.test/androidx.test.core.app.InstrumentationActivityInvoker$EmptyActivity
05-15 20:59:53.084  1977  6948 I SystemKeyManager: requested systemKeyInfo size=1 focusedWindow=es.uniovi.recetasasturianas.test/androidx.test.core.app.InstrumentationActivityInvoker$EmptyActivity
05-15 20:59:53.084 11062 11138 I BLASTBufferQueue_Java: new BLASTBufferQueue, mName= VRI[test]@15f6604 mNativeObject= 0xb400007e290462e0 caller= android.view.ViewRootImpl.updateBlastSurfaceIfNeeded:3585 android.view.ViewRootImpl.relayoutWindow:11685 android.view.ViewRootImpl.performTraversals:4804 android.view.ViewRootImpl.doTraversal:3924 android.view.ViewRootImpl$TraversalRunnable.run:12903 android.view.Choreographer$CallbackRecord.run:1901 android.view.Choreographer$CallbackRecord.run:1910 android.view.Choreographer.doCallbacks:1367 android.view.Choreographer.doFrame:1292 android.view.Choreographer$FrameDisplayEventReceiver.run:1870
05-15 20:59:53.085  1977  6948 I WindowManager: Relayout hash=93206d5, pid=24267, syncId=-1: mAttrs={(0,0)(fillxfill) sim={adjust=pan forwardNavigation} layoutInDisplayCutoutMode=always ty=BASE_APPLICATION
05-15 20:59:53.085  1977  6948 I WindowManager:   fl=81810100
05-15 20:59:53.085  1977  6948 I WindowManager:   pfl=100088c0
05-15 20:59:53.085  1977  6948 I WindowManager:   bhv=1
05-15 20:59:53.085  1977  6948 I WindowManager:   fitSides=0
05-15 20:59:53.085  1977  6948 I WindowManager:   frameRateBoostOnTouch=true
05-15 20:59:53.085  1977  6948 I WindowManager:   dvrrWindowFrameRateHint=true naviIconColor=0}
05-15 20:59:53.085 11062 11138 I BLASTBufferQueue_Java: update, w= 1080 h= 2340 mName = VRI[test]@15f6604 mNativeObject= 0xb400007e290462e0 sc.mNativeObject= 0xb400007ea8d81b90 format= -3 caller= android.view.ViewRootImpl.updateBlastSurfaceIfNeeded:3590 android.view.ViewRootImpl.relayoutWindow:11685 android.view.ViewRootImpl.performTraversals:4804 android.view.ViewRootImpl.doTraversal:3924 android.view.ViewRootImpl$TraversalRunnable.run:12903 android.view.Choreographer$CallbackRecord.run:1901
05-15 20:59:53.086 11062 11138 W libc    : Access denied finding property "vendor.display.enable_optimal_refresh_rate"
05-15 20:59:53.086  1808  1808 I SurfaceFlinger: [es.uniovi.recetasasturianas.test/androidx.test.core.app.InstrumentationActivityInvoker$EmptyActivity$_24267#179624] attach to parent LayerHierarchy{RequestedLayerState{93206d5 es.uniovi.recetasasturianas.test/androidx.test.core.app.InstrumentationActivityInvoker$EmptyActivity#179622 parentId=179619} 1 children}
05-15 20:59:53.086  1808  1808 I SurfaceFlinger: [Surface(name=8f932e4 StatusBar)/@0xabc478a - animation-leash of insets_animation#179625] attach to parent LayerHierarchy{RequestedLayerState{WindowToken{68a9b23 type=2000 android.os.BinderProxy@abe78dd}#172963 parentId=17} 2 children}
05-15 20:59:53.086 24267 24267 W libc    : Access denied finding property "vendor.display.enable_optimal_refresh_rate"
05-15 20:59:53.086 24267 24267 I BufferQueueProducer: [](id:5ecb00000006,api:0,p:1221818800,c:24267) setDequeueTimeout:2077252342
05-15 20:59:53.086 11062 11138 I VRI[test]@15f6604: Relayout returned: old=(0,0,1080,2340) new=(0,0,1080,2340) relayoutAsync=false req=(1080,2340)0 dur=11 res=0x3 s={true 0xb400007de8fba5e0} ch=true seqId=0
05-15 20:59:53.087 11062 11138 I VRI[test]@15f6604: performConfigurationChange setNightDimText nightDimLevel=0
05-15 20:59:53.087 11062 11138 D VRI[test]@15f6604: mThreadedRenderer.initialize() mSurface={isValid=true 0xb400007de8fba5e0} hwInitialized=true
05-15 20:59:53.088 11062 11138 D VRI[test]@15f6604: reportNextDraw android.view.ViewRootImpl.performTraversals:5443 android.view.ViewRootImpl.doTraversal:3924 android.view.ViewRootImpl$TraversalRunnable.run:12903 android.view.Choreographer$CallbackRecord.run:1901 android.view.Choreographer$CallbackRecord.run:1910
05-15 20:59:53.088 11062 11138 D VRI[test]@15f6604: Setup new sync=wmsSync-VRI[test]@15f6604#30
05-15 20:59:53.088 11062 11138 I VRI[test]@15f6604: Creating new active sync group VRI[test]@15f6604#31
05-15 20:59:53.088 11062 11138 D VRI[test]@15f6604: registerCallbacksForSync syncBuffer=false
05-15 20:59:53.088 24267 24267 I BLASTBufferQueue_Java: new BLASTBufferQueue, mName= VRI[InstrumentationActivityInvoker$EmptyActivity]@77c40c4 mNativeObject= 0xb400007e28d836e0 caller= android.view.ViewRootImpl.updateBlastSurfaceIfNeeded:3585 android.view.ViewRootImpl.relayoutWindow:11685 android.view.ViewRootImpl.performTraversals:4804 android.view.ViewRootImpl.doTraversal:3924 android.view.ViewRootImpl$TraversalRunnable.run:12903 android.view.Choreographer$CallbackRecord.run:1901 android.view.Choreographer$CallbackRecord.run:1910 android.view.Choreographer.doCallbacks:1367 android.view.Choreographer.doFrame:1292 android.view.Choreographer$FrameDisplayEventReceiver.run:1870
05-15 20:59:53.088 24267 24267 I BLASTBufferQueue_Java: update, w= 1080 h= 2340 mName = VRI[InstrumentationActivityInvoker$EmptyActivity]@77c40c4 mNativeObject= 0xb400007e28d836e0 sc.mNativeObject= 0xb400007ea8d1c0d0 format= -1 caller= android.view.ViewRootImpl.updateBlastSurfaceIfNeeded:3590 android.view.ViewRootImpl.relayoutWindow:11685 android.view.ViewRootImpl.performTraversals:4804 android.view.ViewRootImpl.doTraversal:3924 android.view.ViewRootImpl$TraversalRunnable.run:12903 android.view.Choreographer$CallbackRecord.run:1901
05-15 20:59:53.089 24267 24267 W libc    : Access denied finding property "vendor.display.enable_optimal_refresh_rate"
05-15 20:59:53.089 24267 24267 I VRI[InstrumentationActivityInvoker$EmptyActivity]@77c40c4: Relayout returned: old=(0,0,1080,2340) new=(0,0,1080,2340) relayoutAsync=false req=(1080,2340)0 dur=7 res=0x3 s={true 0xb400007de8d42b00} ch=true seqId=0
05-15 20:59:53.089 11062 11225 D VRI[test]@15f6604: Received frameDrawingCallback syncResult=0 frameNum=1.
05-15 20:59:53.089 11062 11225 I VRI[test]@15f6604: mWNT: t=0xb400007df8e6ea50 mBlastBufferQueue=0xb400007e290462e0 fn= 1 HdrRenderState mRenderHdrSdrRatio=1.0 caller= android.view.ViewRootImpl$12.onFrameDraw:15441 android.view.ThreadedRenderer$1.onFrameDraw:718 <bottom of call stack>
05-15 20:59:53.089 11062 11225 I VRI[test]@15f6604: Setting up sync and frameCommitCallback
05-15 20:59:53.089 24267 24267 I VRI[InstrumentationActivityInvoker$EmptyActivity]@77c40c4: performConfigurationChange setNightDimText nightDimLevel=0
05-15 20:59:53.089 24267 24267 D VRI[InstrumentationActivityInvoker$EmptyActivity]@77c40c4: mThreadedRenderer.initialize() mSurface={isValid=true 0xb400007de8d42b00} hwInitialized=true
05-15 20:59:53.090 24267 24267 D VRI[InstrumentationActivityInvoker$EmptyActivity]@77c40c4: reportNextDraw android.view.ViewRootImpl.performTraversals:5443 android.view.ViewRootImpl.doTraversal:3924 android.view.ViewRootImpl$TraversalRunnable.run:12903 android.view.Choreographer$CallbackRecord.run:1901 android.view.Choreographer$CallbackRecord.run:1910
05-15 20:59:53.090 24267 24267 D VRI[InstrumentationActivityInvoker$EmptyActivity]@77c40c4: Setup new sync=wmsSync-VRI[InstrumentationActivityInvoker$EmptyActivity]@77c40c4#12
05-15 20:59:53.090 24267 24267 I VRI[InstrumentationActivityInvoker$EmptyActivity]@77c40c4: Creating new active sync group VRI[InstrumentationActivityInvoker$EmptyActivity]@77c40c4#13
05-15 20:59:53.090 24267 24267 D VRI[InstrumentationActivityInvoker$EmptyActivity]@77c40c4: registerCallbacksForSync syncBuffer=false
05-15 20:59:53.092 12633 17431 I Routine@Core[4.9.04.16]: ActivityWatcherListenerImpl: onResumeComponent: componentName - es.uniovi.recetasasturianas.test, androidx.test.core.app.InstrumentationActivityInvoker$EmptyActivity, userId: 0
05-15 20:59:53.092 24267 24292 D VRI[InstrumentationActivityInvoker$EmptyActivity]@77c40c4: Received frameDrawingCallback syncResult=0 frameNum=1.
05-15 20:59:53.092 24267 24292 I VRI[InstrumentationActivityInvoker$EmptyActivity]@77c40c4: mWNT: t=0xb400007df8d4dc90 mBlastBufferQueue=0xb400007e28d836e0 fn= 1 HdrRenderState mRenderHdrSdrRatio=1.0 caller= android.view.ViewRootImpl$12.onFrameDraw:15441 android.view.ThreadedRenderer$1.onFrameDraw:718 <bottom of call stack>
05-15 20:59:53.092 24267 24292 I VRI[InstrumentationActivityInvoker$EmptyActivity]@77c40c4: Setting up sync and frameCommitCallback
05-15 20:59:53.092 12633 17431 I Routine@Core[4.9.04.16]: Pref: putSharedPrefsData: key=condition_launch_app_data_resume_pkg, data.size=102
05-15 20:59:53.095  1808  1808 I SurfaceFlinger: [LayerHierarchy{RequestedLayerState{8f932e4 StatusBar#172964 parentId=179625} 1 children}] reparent to LayerHierarchy{RequestedLayerState{Surface(name=8f932e4 StatusBar)/@0xabc478a - animation-leash of insets_animation#179625 parentId=172963} 1 children}
05-15 20:59:53.095  1808  1808 I SurfaceFlinger: [LayerHierarchy{RequestedLayerState{Surface(name=8f932e4 StatusBar)/@0xabc478a - animation-leash of insets_animation#179612} no children}] reparent to OffscreenRoot
05-15 20:59:53.095  1808  1808 I SurfaceFlinger: [LayerHierarchy{RequestedLayerState{Surface(name=8f932e4 StatusBar)/@0xabc478a - animation-leash of insets_animation#179612} no children}] RelativeParent to null
05-15 20:59:53.096 11062 11227 I BLASTBufferQueue: [VRI[test]@15f6604#327](f:0,a:0,s:0) onFrameAvailable the first frame is available
05-15 20:59:53.097 11062 11227 I SurfaceComposerClient: apply transaction with the first frame. layerId: 179623, bufferData(ID: 47510928231555, frameNumber: 1)
05-15 20:59:53.097 11062 11227 I VRI[test]@15f6604: Received frameCommittedCallback lastAttemptedDrawFrameNum=1 didProduceBuffer=true
05-15 20:59:53.097  1808  1897 I SurfaceFlinger: [Splash Screen es.uniovi.recetasasturianas.test$_11062#179623] setTransactionState with the first frame. bufferData(ID: 47510928231555, frameNumber: 1)
05-15 20:59:53.097 11062 11227 D HWUI    : CFMS:: SetUp Pid : 11062    Tid : 11227
05-15 20:59:53.098 11062 11138 D VRI[test]@15f6604: reportDrawFinished seqId=0
05-15 20:59:53.098 24267 24288 I BLASTBufferQueue: [VRI[InstrumentationActivityInvoker$EmptyActivity]@77c40c4#6](f:0,a:0,s:0) onFrameAvailable the first frame is available
05-15 20:59:53.098 24090 24098 W cetasasturianas: Cleared Reference was only reachable from finalizer (only reported once)
05-15 20:59:53.098 24267 24288 I SurfaceComposerClient: apply transaction with the first frame. layerId: 179624, bufferData(ID: 104225971372056, frameNumber: 1)
05-15 20:59:53.098  1977  2142 I ImeTracker: system_server:dceb7b60: onRequestShow at ORIGIN_SERVER reason CONTROLS_CHANGED fromUser false
05-15 20:59:53.098  1808  1897 I SurfaceFlinger: [es.uniovi.recetasasturianas.test/androidx.test.core.app.InstrumentationActivityInvoker$EmptyActivity$_24267#179624] setTransactionState with the first frame. bufferData(ID: 104225971372056, frameNumber: 1)
05-15 20:59:53.099 24267 24288 I VRI[InstrumentationActivityInvoker$EmptyActivity]@77c40c4: Received frameCommittedCallback lastAttemptedDrawFrameNum=1 didProduceBuffer=true
05-15 20:59:53.099 24267 24288 D HWUI    : CFMS:: SetUp Pid : 24267    Tid : 24288
05-15 20:59:53.099 24267 24267 D VRI[InstrumentationActivityInvoker$EmptyActivity]@77c40c4: reportDrawFinished seqId=0
05-15 20:59:53.101  1808  1897 I SurfaceFlinger: id=179612 Removed Surface(name=8f932e4 StatusBar)/@0xabc478a - animation-leash of insets_animation#179612 (176)
05-15 20:59:53.101 24090 24090 I ImeTracker: system_server:dceb7b60: onCancelled at PHASE_CLIENT_ON_CONTROLS_CHANGED
05-15 20:59:53.102  1808  1951 D SurfaceFlinger: [input] setFocusedWindow: 93206d5 es.uniovi.recetasasturianas.test/androidx.test.core.app.InstrumentationActivityInvoker$EmptyActivity
05-15 20:59:53.102  1808  1808 I SurfaceFlinger: destroyed Surface(name=8f932e4 StatusBar)/@0xabc478a - animation-leash of insets_animation#179612 form LifecycleManager
05-15 20:59:53.102  1808  1808 I SurfaceFlinger: id=179612 onLayerDestroyed from LayerHierarchyBuilder(RequestedLayerState{Surface(name=8f932e4 StatusBar)/@0xabc478a - animation-leash of insets_animation#179612 !handle})
05-15 20:59:53.102  1977  2834 D InputDispatcher: Once focus requested (0): 93206d5 es.uniovi.recetasasturianas.test/androidx.test.core.app.InstrumentationActivityInvoker$EmptyActivity
05-15 20:59:53.102  1977  2834 D InputDispatcher: Focus request (0): 93206d5 es.uniovi.recetasasturianas.test/androidx.test.core.app.InstrumentationActivityInvoker$EmptyActivity but waiting because NO_WINDOW
05-15 20:59:53.102  1808  1808 I Layer   : id=179612 Destroyed Surface(name=8f932e4 StatusBar)/@0xabc478a - animation-leash of insets_animation#179612
05-15 20:59:53.103 24267 24267 I InsetsSourceConsumer: applyRequestedVisibilityToControl: visible=true, type=statusBars, host=es.uniovi.recetasasturianas.test/androidx.test.core.app.InstrumentationActivityInvoker$EmptyActivity
05-15 20:59:53.105  4195  4401 I HoneySpace.TopTaskSource: onTaskMovedToFront : taskId = 1351, displayId = 0
05-15 20:59:53.106  4195 10967 I HoneySpace.RecentTasks: onRecentTasksChanged
05-15 20:59:53.106  1977  2834 I SemDvfsHyPerManager: acquire hyper - AMS_APP_HOME/1977@29, type = -999
05-15 20:59:53.106  4195  4403 I HoneySpace.TopTaskUseCase: topTasks 1351 ComponentInfo{bitpit.launcher/bitpit.launcher.ui.HomeActivity}[displayId=0]
05-15 20:59:53.106  1632  1829 I HYPER-HAL: [RequestManager.cpp]acquire(): Acquired ID : 2013050  [1977 / 29]    HINT : AMS_APP_HOME    list :
05-15 20:59:53.106  5896  5896 I SemDvfsHyPerManager: acquire hyper - APP_START_HOME/5896@16, type = -999
05-15 20:59:53.108 24090 24098 I cetasasturianas: NativeAlloc concurrent copying GC freed 25MB AllocSpace bytes, 24(644KB) LOS objects, 49% free, 13MB/27MB, paused 340us,18us total 117.065ms
05-15 20:59:53.108  1632  1829 I HYPER-HAL: [ResourceManager.cpp]updateResource(): [CPUMinFreq] UpdateResource Request ID : 2013050    Value : 2841600
05-15 20:59:53.109  1632  1829 I HYPER-HAL: [RequestManager.cpp]acquire(): Acquired ID : 17478844  [5896 / 16]    HINT : APP_START    list : [KERNEL_APP_START_NOTIFY / 0] [TIMEOUT / 1500]
05-15 20:59:53.109  1632  1829 I HYPER-HAL: [ResourceManager.cpp]updateResource(): [CPUMaxFreq] UpdateResource Request ID : 17478844    Value : 2841600
05-15 20:59:53.109 24090 24099 D InputTransport: Input channel destroyed: 'ClientS', fd=176
05-15 20:59:53.109 24090 24099 D InputTransport: Input channel destroyed: 'ClientS', fd=179
05-15 20:59:53.110  1977  2834 D InputDispatcher: Focused application(0): ActivityRecord{148716444 u0 bitpit.launcher/.ui.HomeActivity t1351}
05-15 20:59:53.110  1977  3186 D AS.MultiSoundManager: mForegroundUid = 10578
05-15 20:59:53.111 20661 20661 I VRI[HomeActivity]@27ecfc4: handleAppVisibility mAppVisible = false visible = true
05-15 20:59:53.111  1808  4802 I SurfaceFlinger: id=179626 createSurf, flag=24000, Surface(name=8f932e4 StatusBar)/@0xabc478a - animation-leash of insets_animation#179626
05-15 20:59:53.113 24090 24099 D InputTransport: Input channel destroyed: 'ClientS', fd=178
05-15 20:59:53.114  1977  2834 D SurfaceComposerClient: setCornerRadius ## c5a06c0 bitpit.launcher/bitpit.launcher.ui.HomeActivity#155257 cornerRadius=0.000000
05-15 20:59:53.115 20661 20661 I VRI[HomeActivity]@27ecfc4: stopped(false) old = true
