05-15 20:59:51.800  1808  1899 I SurfaceFlinger: id=179570 createSurf, flag=84004, Transition Root: Task=2386#179570
05-15 20:59:51.800  4195  4401 I HoneySpace.TopTaskSource: onTaskRemoved: 2384
05-15 20:59:51.800  4195  4195 I HoneySpace.TaskListViewModel[264452461]: taskRemoveId, 2384
05-15 20:59:51.801  4195  4195 W HoneySpace.TaskListViewModel[264452461]: task is already removed: 2384
05-15 20:59:51.801  1808  1808 I SurfaceFlinger: destroyed Surface(name=7a9d783 NavigationBar0)/@0x10e1471 - animation-leash of insets_animation#179558 form LifecycleManager
05-15 20:59:51.801  1808  1808 I SurfaceFlinger: destroyed Surface(name=8f932e4 StatusBar)/@0xabc478a - animation-leash of insets_animation#179557 form LifecycleManager
05-15 20:59:51.801  1808  1808 I SurfaceFlinger: [Transition Root: Task=2386#179570] attach to parent LayerHierarchy{RequestedLayerState{DefaultTaskDisplayArea_d0#172934 parentId=9} 12 children}
05-15 20:59:51.801  1808  1808 I SurfaceFlinger: id=179558 onLayerDestroyed from LayerHierarchyBuilder(RequestedLayerState{Surface(name=7a9d783 NavigationBar0)/@0x10e1471 - animation-leash of insets_animation#179558 !handle})
05-15 20:59:51.801  1808  1808 I SurfaceFlinger: id=179557 onLayerDestroyed from LayerHierarchyBuilder(RequestedLayerState{Surface(name=8f932e4 StatusBar)/@0xabc478a - animation-leash of insets_animation#179557 !handle})
05-15 20:59:51.801 24090 24090 D LifecycleMonitor: Lifecycle status change: es.uniovi.recetasasturianas.MainActivity@c621eed in: CREATED
05-15 20:59:51.802 24090 24090 V ActivityScenario: Update currentActivityStage to CREATED, currentActivity=es.uniovi.recetasasturianas.MainActivity@c621eed
05-15 20:59:51.802  1977  2142 I SurfaceControlRegistry: show, t=StartTransaction_SyncId<14580> sc=ActivityRecord{199560672 u0 es.uniovi.recetasasturianas/.MainActivity t2386}, caller=android.view.SurfaceControl$Transaction.show:3557 com.android.server.wm.Transition.onTransactionReady:2048 com.android.server.wm.BLASTSyncEngine$SyncGroup.finishNow:240 com.android.server.wm.BLASTSyncEngine.onSurfacePlacement:263 com.android.server.wm.RootWindowContainer.performSurfacePlacementNoTrace:1083 com.android.server.wm.WindowSurfacePlacer.performSurfacePlacement:166
05-15 20:59:51.802  1977  2142 D SurfaceComposerClient: setCornerRadius ## Task=2385#179545 cornerRadius=0.000000
05-15 20:59:51.802  1977  2142 D SurfaceComposerClient: setCornerRadius ## Task=2386#179564 cornerRadius=0.000000
05-15 20:59:51.803  1808  1808 I Layer   : id=179558 Destroyed Surface(name=7a9d783 NavigationBar0)/@0x10e1471 - animation-leash of insets_animation#179558
05-15 20:59:51.803  1808  1808 I Layer   : id=179557 Destroyed Surface(name=8f932e4 StatusBar)/@0xabc478a - animation-leash of insets_animation#179557
05-15 20:59:51.803  1977  2142 D ScreenCapture: [Capture_TEST] : setIsScreenShotBySystem false
05-15 20:59:51.803  1977  2142 I SurfaceComposerClient: captureLayers:childrenOnly:1, sync:1
05-15 20:59:51.805  4195  4195 I HoneySpace.TaskStackChangeRepositoryImpl: onTaskRemoved : 2384
05-15 20:59:51.805  4195  4195 I HoneySpace.TaskListViewModel[264452461]: taskRemoveId, 2384
05-15 20:59:51.805  4195  4195 W HoneySpace.TaskListViewModel[264452461]: task is already removed: 2384
05-15 20:59:51.806 11062 11118 I SurfaceControlRegistry: hide, t=FinishTransaction_SyncId<14580> sc=Task=2385, caller=android.view.SurfaceControl$Transaction.hide:3583 com.android.wm.shell.transition.Transitions.dispatchReady:1263 com.android.wm.shell.transition.Transitions.onTransitionReady:251 com.android.wm.shell.transition.Transitions$TransitionPlayerImpl$$ExternalSyntheticLambda0.run:13 android.os.Handler.handleCallback:995 android.os.Handler.dispatchMessage:103
05-15 20:59:51.806 11062 11118 I SurfaceControlRegistry: show, t=StartTransaction_SyncId<14580> sc=Task=2386, caller=android.view.SurfaceControl$Transaction.show:3557 com.android.wm.shell.transition.Transitions.dispatchReady:1279 com.android.wm.shell.transition.Transitions.onTransitionReady:251 com.android.wm.shell.transition.Transitions$TransitionPlayerImpl$$ExternalSyntheticLambda0.run:13 android.os.Handler.handleCallback:995 android.os.Handler.dispatchMessage:103
05-15 20:59:51.806 11062 11118 I SurfaceControlRegistry: show, t=FinishTransaction_SyncId<14580> sc=Task=2386, caller=android.view.SurfaceControl$Transaction.show:3557 com.android.wm.shell.transition.Transitions.dispatchReady:1330 com.android.wm.shell.transition.Transitions.onTransitionReady:251 com.android.wm.shell.transition.Transitions$TransitionPlayerImpl$$ExternalSyntheticLambda0.run:13 android.os.Handler.handleCallback:995 android.os.Handler.dispatchMessage:103
05-15 20:59:51.806 11062 11118 I SurfaceControlRegistry: show, t=StartTransaction_SyncId<14580> sc=Transition Root: Task=2386, caller=android.view.SurfaceControl$Transaction.show:3557 com.android.wm.shell.transition.Transitions.playTransition:79 com.android.wm.shell.transition.Transitions.processReadyQueue:239 com.android.wm.shell.transition.Transitions.dispatchReady:1352 com.android.wm.shell.transition.Transitions.onTransitionReady:251 com.android.wm.shell.transition.Transitions$TransitionPlayerImpl$$ExternalSyntheticLambda0.run:13
05-15 20:59:51.808 11062 11118 I SurfaceControlRegistry: apply, t=StartTransaction_SyncId<14580>, caller=android.view.SurfaceControl$Transaction.apply:3459 android.view.SurfaceControl$Transaction.apply:3447 android.view.SurfaceControl$Transaction.apply:3397 com.android.wm.shell.transition.DefaultTransitionHandler.startAnimation:3292 com.android.wm.shell.transition.Transitions.dispatchTransition:90 com.android.wm.shell.transition.Transitions.playTransition:774
05-15 20:59:51.812  1808  1808 I SurfaceFlinger: RequestedLayer [696d31a Splash Screen es.uniovi.recetasasturianas#179566] hidden!! flag  from(1) --> to(0)
05-15 20:59:51.812  1808  1808 I SurfaceFlinger: RequestedLayer [Splash Screen es.uniovi.recetasasturianas$_11062#179569] hidden!! flag  from(1) --> to(0)
05-15 20:59:51.812  1808  1808 I SurfaceFlinger: RequestedLayer [Task=2386#179564] hidden!! flag  from(1) --> to(0)
05-15 20:59:51.812  1808  1808 I SurfaceFlinger: RequestedLayer [Transition Root: Task=2386#179570] hidden!! flag  from(1) --> to(0)
05-15 20:59:51.812  1808  1808 I SurfaceFlinger: RequestedLayer [ActivityRecord{199560672 u0 es.uniov[...]turianas/.MainActivity t2386}#179565] hidden!! flag  from(1) --> to(0)
05-15 20:59:51.812  1808  1808 I SurfaceFlinger: [LayerHierarchy{RequestedLayerState{Task=2386#179564 parentId=179570 z=3} 1 children}] reparent to LayerHierarchy{RequestedLayerState{Transition Root: Task=2386#179570 parentId=172934 z=8} 1 children}
05-15 20:59:51.812  1808  1808 I SurfaceFlinger: [LayerHierarchy{RequestedLayerState{ActivityRecord{43990721 u0 es.uniovi.recetasasturianas/.MainActivity t2384}#179528} 1 children}] reparent to OffscreenRoot
05-15 20:59:51.812  1808  1808 I SurfaceFlinger: [LayerHierarchy{RequestedLayerState{ActivityRecord{43990721 u0 es.uniovi.recetasasturianas/.MainActivity t2384}#179528} 1 children}] RelativeParent to null
05-15 20:59:51.812  1808  1808 I SurfaceFlinger: [LayerHierarchy{RequestedLayerState{Task=2385#179545 parentId=179570 z=4} 1 children}] reparent to LayerHierarchy{RequestedLayerState{Transition Root: Task=2386#179570 parentId=172934 z=8} 2 children}
05-15 20:59:51.818 24090 24090 D RecipeListViewModel: SwitchMap disparado con query: ''
05-15 20:59:51.818 24090 24090 D RecipeListViewModel: ViewModel init
05-15 20:59:51.819 24090 24090 D RecipeListViewModel: loadRecipes() empezando...
05-15 20:59:51.819  1808  1808 D SurfaceFlinger: Display 4630947232161729154 HWC layers:
05-15 20:59:51.819  1808  1808 D SurfaceFlinger:        DEVICE |           47510928231528 | 00002100 | RGBA_8888    |    0.0    0.0 1080.0 2340.0 |    0    0 1080 2340 | Splash Screen es.uniovi.recetasasturianas$_11062#179569 (1)
05-15 20:59:51.819  1808  1808 D SurfaceFlinger:        DEVICE |           47510928230666 | 00002100 | RGBA_8888    |    0.0    0.0 1080.0   99.0 |    0    0 1080   99 | StatusBar$_11062#172976 (4139)
05-15 20:59:51.819  1808  1808 D SurfaceFlinger:        DEVICE |           47510928230672 | 00002100 | RGBA_8888    |    0.0    0.0 1080.0  144.0 |    0 2196 1080 2340 | NavigationBar0$_11062#172972 (357)
05-15 20:59:51.819  1808  1808 D SurfaceFlinger:        DEVICE |           27157078223661 | 00002100 | RGBA_8888    |    0.0   13.0  290.0  158.0 |  395    0  685  145 | $_6323#154529 (967)
05-15 20:59:51.819  1808  1808 D SurfaceFlinger:        DEVICE |           27157078223656 | 00002100 | RGBA_8888    |    0.0    0.0 1080.0  115.0 |    0    0 1080  115 | $_6323#177506 (652)
05-15 20:59:51.819  1808  1808 D SurfaceFlinger:        DEVICE |           47510928230638 | 00002140 | RGBA_8888    |    0.0    0.0 1080.0  121.0 |    0    0 1080  121 | ScreenDecorOverlay$_11062#172986 (67)
05-15 20:59:51.819  1808  1808 D SurfaceFlinger:        DEVICE |           47510928230639 | 00002140 |
05-15 20:59:51.819  1808  1808 D SurfaceFlinger:  RGBA_8888    |    0.0    0.0 1080.0  121.0 |    0 2219 1080 2340 | ScreenDecorOverlayBottom$_11062#172987 (60)
05-15 20:59:51.819  1808  1808 D SurfaceFlinger:
05-15 20:59:51.819 11062 11118 I SurfaceControlRegistry: apply, t=FinishTransaction_SyncId<14580>, caller=android.view.SurfaceControl$Transaction.apply:3459 android.view.SurfaceControl$Transaction.apply:3447 android.view.SurfaceControl$Transaction.apply:3397 com.android.wm.shell.transition.Transitions.onFinish:315 com.android.wm.shell.transition.Transitions$$ExternalSyntheticLambda7.onTransitionFinished:12 com.android.wm.shell.transition.DefaultTransitionHandler$$ExternalSyntheticLambda6.run:36
05-15 20:59:51.820 24090 24090 D RecipeListViewModel: Conexión detectada: true
05-15 20:59:51.821 24090 24090 D RecipeListViewModel: SwitchMap disparado con query: ''
05-15 20:59:51.823 24090 24090 D LifecycleMonitor: Lifecycle status change: es.uniovi.recetasasturianas.MainActivity@c621eed in: STARTED
05-15 20:59:51.823 24090 24090 V ActivityScenario: Update currentActivityStage to STARTED, currentActivity=es.uniovi.recetasasturianas.MainActivity@c621eed
05-15 20:59:51.823 24090 24090 D LifecycleMonitor: Lifecycle status change: es.uniovi.recetasasturianas.MainActivity@c621eed in: RESUMED
05-15 20:59:51.823 24090 24090 V ActivityScenario: Update currentActivityStage to RESUMED, currentActivity=es.uniovi.recetasasturianas.MainActivity@c621eed
05-15 20:59:51.823  1808  1899 I SurfaceFlinger: Capture layer list: 	 es.uniovi.recetasasturianas.test/androidx.test.core.app.InstrumentationActivityInvoker$EmptyActivity$_24267#179551(seamlessTransition:0)
05-15 20:59:51.823  1808  1899 I SurfaceFlinger: Capture layer list: 	 Splash Screen es.uniovi.recetasasturianas.test$_11062#179548(seamlessTransition:0)
05-15 20:59:51.824 24090 24090 D RecipeListViewModel: SwitchMap disparado con query: ' '
05-15 20:59:51.824 24090 24090 D RecipeListViewModel: SwitchMap disparado con query: ''
05-15 20:59:51.824  1808  1908 D RenderEngine: [SEC_SF_EFFECTS] drawLayersInternal,1483, Rendering layer ScreenCaptureFillLayer at index 0
05-15 20:59:51.824  1808  1908 D RenderEngine: [SEC_SF_EFFECTS] drawLayersInternal,1483, Rendering layer es.uniovi.recetasasturianas.test/androidx.test.core.app.InstrumentationActivityInvoker$EmptyActivity$_24267#179551 at index 1
05-15 20:59:51.824  1808  1908 D RenderEngine: [SEC_SF_EFFECTS] drawLayersInternal,1483, Rendering layer Splash Screen es.uniovi.recetasasturianas.test$_11062#179548 at index 2
05-15 20:59:51.825 24090 24090 D ViewRootImpl: desktopMode is false
05-15 20:59:51.825 24090 24090 I ViewRootImpl: dVRR is disabled
05-15 20:59:51.826  1808  1808 I SurfaceFlinger: RequestedLayer [Task=2385#179545] hidden!! flag  from(0) --> to(1)
05-15 20:59:51.826 24090 24155 D NativeCustomFrequencyManager: [NativeCFMS] BpCustomFrequencyManager::BpCustomFrequencyManager()
05-15 20:59:51.826  1808  1808 I SurfaceFlinger: [LayerHierarchy{RequestedLayerState{Transition Root: Task=2386#179570 z=8} 2 children}] reparent to OffscreenRoot
05-15 20:59:51.826  1808  1808 I SurfaceFlinger: [LayerHierarchy{RequestedLayerState{Transition Root: Task=2386#179570 z=8} 2 children}] RelativeParent to null
05-15 20:59:51.826  1808  1808 I SurfaceFlinger: [LayerHierarchy{RequestedLayerState{Task=2386#179564 parentId=172934 z=8} 1 children}] reparent to LayerHierarchy{RequestedLayerState{DefaultTaskDisplayArea_d0#172934 parentId=9} 10 children}
05-15 20:59:51.826  1808  1808 I SurfaceFlinger: [LayerHierarchy{RequestedLayerState{Task=2385#179545 parentId=172934 z=7} 1 children}] reparent to LayerHierarchy{RequestedLayerState{DefaultTaskDisplayArea_d0#172934 parentId=9} 11 children}
05-15 20:59:51.837 20661 31909 W bitpit.launcher: Long monitor contention with owner DefaultDispatcher-worker-8 (18152) at java.lang.Object b.TJyReGuV67vLArBx8G7.tVnkLZyGSUDBeCRSV9YK7cG6OfWjf(java.lang.Object)(:-1) waiters=0 in java.lang.Object b.TJyReGuV67vLArBx8G7.tVnkLZyGSUDBeCRSV9YK7cG6OfWjf(java.lang.Object) for 7.908s
05-15 20:59:51.842  1808  2995 I SurfaceFlinger: id=179571 createSurf, flag=84000, 872bfe3 ActivityRecordInputSink es.uniovi.recetasasturianas/.MainActivity#179571
05-15 20:59:51.846  1808  2995 I SurfaceFlinger: id=179572 createSurf, flag=24000, Surface(name=c497d97 es.uniovi.recetasasturianas.test/androidx.test.core.app.InstrumentationActivityInvoker$EmptyActivity)/@0x300e791 - animation-leash of starting_reveal#179572
05-15 20:59:51.847  1977  1995 W System  : A resource failed to call release.
05-15 20:59:51.848  1808  1899 I SurfaceFlinger: id=179528 Removed ActivityRecord{43990721 u0 es.uniovi.recetasasturianas/.MainActivity t2384}#179528 (171)
05-15 20:59:51.848  1977  3573 D PersonaActivityHelper: token.toString()  Token{b0eeda7 ActivityRecord{43990721 u0 es.uniovi.recetasasturianas/.MainActivity t-1 f}}}
05-15 20:59:51.848  1977  3573 D PersonaActivityHelper: mLastResumedSFActivity getPackageName  com.android.settings
05-15 20:59:51.848  1977  3573 D PersonaActivityHelper: mLastResumedSFActivity getShortClassName  .fuelgauge.RequestIgnoreBatteryOptimizations
05-15 20:59:51.848 11062 20188 I WallpaperService: dispatchAppVisibility: systemlock, visible=false , mLidState = -1
05-15 20:59:51.848  1977  3573 D PersonaActivityHelper: token.toString()  Token{96b228a ActivityRecord{72596606 u0 es.uniovi.recetasasturianas.test/androidx.test.core.app.InstrumentationActivityInvoker$EmptyActivity t2385 f}}}
05-15 20:59:51.848  1977  3573 D PersonaActivityHelper: mLastResumedSFActivity getPackageName  com.android.settings
05-15 20:59:51.848  1977  3573 D PersonaActivityHelper: mLastResumedSFActivity getShortClassName  .fuelgauge.RequestIgnoreBatteryOptimizations
05-15 20:59:51.848  1977  3573 D PersonaActivityHelper: token.toString()  Token{d2d617a ActivityRecord{148716444 u0 bitpit.launcher/.ui.HomeActivity t1351}}
05-15 20:59:51.848  1977  3573 D PersonaActivityHelper: mLastResumedSFActivity getPackageName  com.android.settings
05-15 20:59:51.848  1977  3573 D PersonaActivityHelper: mLastResumedSFActivity getShortClassName  .fuelgauge.RequestIgnoreBatteryOptimizations
05-15 20:59:51.848  1977  3573 D PersonaActivityHelper: token.toString()  Token{6e7875e ActivityRecord{199560672 u0 es.uniovi.recetasasturianas/.MainActivity t2386}}
05-15 20:59:51.848  1977  3573 D PersonaActivityHelper: mLastResumedSFActivity getPackageName  com.android.settings
05-15 20:59:51.848  1977  3573 D PersonaActivityHelper: mLastResumedSFActivity getShortClassName  .fuelgauge.RequestIgnoreBatteryOptimizations
05-15 20:59:51.848 24267 24267 I VRI[InstrumentationActivityInvoker$EmptyActivity]@f3b7588: handleAppVisibility mAppVisible = true visible = false
05-15 20:59:51.848 24267 24267 D VRI[InstrumentationActivityInvoker$EmptyActivity]@f3b7588: visibilityChanged oldVisibility=true newVisibility=false
05-15 20:59:51.849 11062 11719 I WallpaperService: reportVisibility: visibility changed. visible=false
05-15 20:59:51.849 11062 11719 I ImageWallpaper_7[Image]:  onVisibilityChanged: visible=false , displayId=0
05-15 20:59:51.849  1977  4019 D InputTransport: Input channel constructed: '7bb6bcd', fd=1130
05-15 20:59:51.849  1977  4019 D InputTransport: Input channel constructed: '7bb6bcd', fd=1134
05-15 20:59:51.849  1977  4019 D InputTransport: Input channel constructed: '7bb6bcd', fd=1139
05-15 20:59:51.849  1977  4019 D InputTransport: Input channel destroyed: '7bb6bcd', fd=1134
05-15 20:59:51.849 11062 11118 D ShellTaskOrganizer: removeStartingWindow, removalInfo=StartingWindowRemovalInfo{taskId=2385 frame=Rect(0, 0 - 1080, 2340) playRevealAnimation=true roundedCornerRadius=0.0 deferRemoveMode=0 windowlessSurface=false removeImmediately=false}
05-15 20:59:51.850  1808  1899 I SurfaceFlinger: id=179573 createSurf, flag=84004, 7bb6bcd es.uniovi.recetasasturianas/es.uniovi.recetasasturianas.MainActivity#179573
05-15 20:59:51.850  1977  6948 D DARUtil : Device owner status not updated yet...
05-15 20:59:51.850  1977  6948 D DARUtil : Not an enterprise user : 0
05-15 20:59:51.850  1977  6948 D DARUtil : Device owner status not updated yet...
05-15 20:59:51.850  1977  6948 D DARUtil : Not an enterprise user : 0
05-15 20:59:51.850  1977  6948 D SyntheticPasswordManager.SDP: Inside fromBytes() - result.pinLength : -1
05-15 20:59:51.850  1977  6948 D SyntheticPasswordManager.SDP: 1. result.secureMode : 0
05-15 20:59:51.850  4195 23188 I HoneySpace.RecentTasks: onRunningTaskAppeared
05-15 20:59:51.850  4195 23188 I HoneySpace.RecentTasks: onRecentTasksChanged
05-15 20:59:51.851  1808  1808 I SurfaceFlinger: RequestedLayer [WallpaperWindowToken{43888ef showWhenLocked=false}#178727] hidden!! flag  from(1) --> to(0)
05-15 20:59:51.851  1808  1808 I SurfaceFlinger: [Display 0 name="Built-in Screen"#172933] setFrameRateCategory: Default
05-15 20:59:51.851  1808  1808 I SurfaceFlinger: destroyed ActivityRecord{43990721 u0 es.uniovi.recetasasturianas/.MainActivity t2384}#179528 form LifecycleManager
05-15 20:59:51.851  1808  1808 I SurfaceFlinger: destroyed b5f93a8 ActivityRecordInputSink es.uniovi.recetasasturianas/.MainActivity#179534 form LifecycleManager
05-15 20:59:51.851  1808  1808 I SurfaceFlinger: [LayerHierarchy{RequestedLayerState{Transition Root: Task=2386#179570 z=8} no children}] reparent to OffscreenRoot
05-15 20:59:51.851  1808  1808 I SurfaceFlinger: [LayerHierarchy{RequestedLayerState{Transition Root: Task=2386#179570 z=8} no children}] RelativeParent to null
05-15 20:59:51.851  1808  1808 I SurfaceFlinger: [7bb6bcd es.uniovi.recetasasturianas/es.uniovi.recetasasturianas.MainActivity#179573] attach to parent LayerHierarchy{RequestedLayerState{ActivityRecord{199560672 u0 es.uniovi.recetasasturianas/.MainActivity t2386}#179565 parentId=179564} 2 children}
05-15 20:59:51.851  1808  1808 I SurfaceFlinger: [Surface(name=c497d97 es.uniovi.recetasasturianas.test/androidx.test.core.app.InstrumentationActivityInvoker$EmptyActivity)/@0x300e791 - animation-leash of starting_reveal#179572] attach to parent LayerHierarchy{RequestedLayerState{ActivityRecord{72596606 u0 es.uniovi.recetasasturianas.test/androidx.test.core.app.InstrumentationActivityInvoker$EmptyActivity t2385}#179546 parentId=179545} 4 children}
05-15 20:59:51.851  1808  1808 I SurfaceFlinger: [872bfe3 ActivityRecordInputSink es.uniovi.recetasasturianas/.MainActivity#179571] attach to parent LayerHierarchy{RequestedLayerState{ActivityRecord{199560672 u0 es.uniovi.recetasasturianas/.MainActivity t2386}#179565 parentId=179564} 3 children}
05-15 20:59:51.851  1808  1808 I SurfaceFlinger: id=179528 onLayerDestroyed from LayerHierarchyBuilder(RequestedLayerState{ActivityRecord{43990721 u0 es.uniovi.recetasasturianas/.MainActivity t2384}#179528 !handle})
05-15 20:59:51.851  1808  1808 I SurfaceFlinger: id=179534 onLayerDestroyed from LayerHierarchyBuilder(RequestedLayerState{b5f93a8 ActivityRecordInputSink es.uniovi.recetasasturianas/.MainActivity#179534 !handle z=-2147483648})
05-15 20:59:51.851  1977  4019 D InputTransport: Input channel destroyed: '7bb6bcd', fd=1139
05-15 20:59:51.852 24090 24090 D InputTransport: Input channel constructed: '7bb6bcd', fd=141
05-15 20:59:51.852 24090 24090 I InsetsController: onStateChanged: host=es.uniovi.recetasasturianas/es.uniovi.recetasasturianas.MainActivity, from=android.view.ViewRootImpl.onInsetsStateChanged:3026, state=InsetsState: {mDisplayFrame=Rect(0, 0 - 1080, 2340), mDisplayCutout=DisplayCutout{insets=Rect(0, 99 - 0, 0) waterfall=Insets{left=0, top=0, right=0, bottom=0} boundingRect={Bounds=[Rect(0, 0 - 0, 0), Rect(505, 0 - 575, 99), Rect(0, 0 - 0, 0), Rect(0, 0 - 0, 0)]} cutoutPathParserInfo={CutoutPathParserInfo{displayWidth=1080 displayHeight=2340 physicalDisplayWidth=1080 physicalDisplayHeight=2340 density={3.0} cutoutSpec={M 0,0 M 0,29 a 35,35 0 1,0 0,70 a 35,35 0 1,0 0,-70 Z} rotation={0} scale={1.0} physicalPixelDisplaySizeRatio={1.0}}} sideOverrides={}}, mRoundedCorners=RoundedCorners{[RoundedCorner{position=TopLeft, radius=108, center=Point(108, 108)}, RoundedCorner{position=TopRight, radius=108, center=Point(972, 108)}, RoundedCorner{position=BottomRight, radius=108, center=Point(972, 2232)}, RoundedCorner{position=BottomLeft, radius=108, center=Point(108, 2232)}]}  mRoundedCornerFrame=Rect(0, 0 - 1080, 2340), mPrivacyIndicatorBounds=PrivacyIndicatorBounds {static bounds=Rect(948, 0 - 1080, 99) rotation=0}, mDisplayShape=DisplayShape{ spec=-311912193 displayWidth=1080 displayHeight=2340 physicalPixelDisplaySizeRatio=1.0 rotation=0 offsetX=0 offsetY=0 scale=1.0}, mSources= { InsetsSource: {b73a0001 mType=navigationBars mFrame=[0,0][0,0] mVisible=true mFlags=SUPPRESS_SCRIM mSideHint=NONE mBoundingRects=null}, InsetsSource: {b73a0004 mType=systemGestures mFrame=[0,0][90,2340] mVisible=true mFlags= mSideHint=LEFT mBoundingRects=null}, InsetsSource: {b73a0005 mType=mandatorySystemGestures mFrame=[0,2265][1080,2340] mVisible=true mFlags= mSideHint=BOTTOM mBoundingRects=null}, InsetsSource: {b73a0006 mType=tappableElement mFrame=[0,0][0,0] mVisible=true mFlags= mSideHint=NONE mBoundingRects=null}, InsetsSource: {b73a0024 mType=systemGestures mFrame=[990,0][1080,2340] mVisible=true mFlags= mSideHint=RIGHT mBoundingRects=null}, InsetsSource: {3 mType=ime mFrame=[0,0][0,0] mVisible=false mFlags= mSideHint=NONE mBoundingRects=null}, InsetsSource: {27 mType=displayCutout mFrame=[0,0][1080,99] mVisible=true mFlags= mSideHint=TOP mBoundingRects=null}, InsetsSource: {9260000 mType=statusBars mFrame=[0,0][1080,99] mVisible=true mFlags= mSideHint=TOP mBoundingRects=null}, InsetsSource: {9260005 mType=mandatorySystemGestures mFrame=[0,0][1080,135] mVisible=true mFlags= mSideHint=TOP mBoundingRects=null}, InsetsSource: {9260006 mType=tappableElement mFrame=[0,0][1080,99] mVisible=true mFlags= mSideHint=TOP mBoundingRects=null} }
05-15 20:59:51.852 24267 24288 D HWUI    : CacheManager::trimMemory(20)
05-15 20:59:51.852 24090 24090 I VRI[MainActivity]@de229ec: synced displayState. AttachInfo displayState=2
05-15 20:59:51.853  1977  6950 I WindowManager: Relayout Window{c497d97 u0 es.uniovi.recetasasturianas.test/androidx.test.core.app.InstrumentationActivityInvoker$EmptyActivity}: viewVisibility=8 req=1080x2340 ty=1 d0
05-15 20:59:51.853  1977  6950 D SurfaceComposerClient: setCornerRadius ## 696d31a Splash Screen es.uniovi.recetasasturianas#179566 cornerRadius=0.000000
05-15 20:59:51.853  1977  6950 D SurfaceComposerClient: setCornerRadius ## 7bb6bcd es.uniovi.recetasasturianas/es.uniovi.recetasasturianas.MainActivity#179573 cornerRadius=0.000000
05-15 20:59:51.854  4195  4401 I HoneySpace.TopTaskSource: onTaskRemoved: 2384
05-15 20:59:51.854  1808  1808 I Layer   : id=179528 Destroyed ActivityRecord{43990721 u0 es.uniovi.recetasasturianas/.MainActivity t2384}#179528
05-15 20:59:51.854  1808  1808 I Layer   : id=179534 Destroyed b5f93a8 ActivityRecordInputSink es.uniovi.recetasasturianas/.MainActivity#179534
05-15 20:59:51.854  1808  1808 I SurfaceFlinger: id=179570 Removed Transition Root: Task=2386#179570 (170)
05-15 20:59:51.854  1808  1899 I SurfaceFlinger: id=179574 createSurf, flag=24000, Surface(name=8f932e4 StatusBar)/@0xabc478a - animation-leash of insets_animation#179574
05-15 20:59:51.854 11062 11719 D ImageWallpaper[WallpaperAnimator]: onEngineVisibilityChanged: visible = false, which = 7, isFullAodShown = false, isMultipack = false, mKeyguardState = false
05-15 20:59:51.854 11062 11719 D ImageWallpaper[WallpaperAnimator]: changeToDownScaleImmediately
05-15 20:59:51.854 11062 11719 I ImageWallpaper[WallpaperAnimator]: release
05-15 20:59:51.854  1808  1808 E RefreshRateSelector: Can't find HRR max refresh rate by policy with the same group 1080
05-15 20:59:51.855  1808  1899 I SurfaceFlinger: id=179575 createSurf, flag=24000, Surface(name=7a9d783 NavigationBar0)/@0x10e1471 - animation-leash of insets_animation#179575
05-15 20:59:51.857  1977  6950 D SurfaceComposerClient: setCornerRadius ## 696d31a Splash Screen es.uniovi.recetasasturianas#179566 cornerRadius=0.000000
05-15 20:59:51.857  1977  6950 D SurfaceComposerClient: setCornerRadius ## 7bb6bcd es.uniovi.recetasasturianas/es.uniovi.recetasasturianas.MainActivity#179573 cornerRadius=0.000000
05-15 20:59:51.858  1808  1808 D SurfaceFlinger: Display 4630947232161729154 HWC layers:
05-15 20:59:51.858  1808  1808 D SurfaceFlinger:        DEVICE |           47510928231149 | 00000100 | RGBA_8888    |    0.0    0.0 1080.0 2340.0 |    0    0 1080 2340 | Wallpaper BBQ wrapper 7_systemlock#178730 (1)
05-15 20:59:51.858  1808  1808 D SurfaceFlinger:        DEVICE |           47510928231528 | 00002100 | RGBA_8888    |    0.0    0.0 1080.0 2340.0 |    0    0 1080 2340 | Splash Screen es.uniovi.recetasasturianas$_11062#179569 (1)
05-15 20:59:51.858  1808  1808 D SurfaceFlinger:        DEVICE |           47510928230666 | 00002100 | RGBA_8888    |    0.0    0.0 1080.0   99.0 |    0    0 1080   99 | StatusBar$_11062#172976 (4139)
05-15 20:59:51.858  1808  1808 D SurfaceFlinger:        DEVICE |           47510928230672 | 00002100 | RGBA_8888    |    0.0    0.0 1080.0  144.0 |    0 2196 1080 2340 | NavigationBar0$_11062#172972 (357)
05-15 20:59:51.858  1808  1808 D SurfaceFlinger:        DEVICE |           27157078223661 | 00002100 | RGBA_8888    |    0.0   13.0  290.0  158.0 |  395    0  685  145 | $_6323#154529 (967)
05-15 20:59:51.858  1808  1808 D SurfaceFlinger:        DEVICE |           27157078223656 | 00002100 | RGBA_8888    |    0.0    0.0 1080.0  115.0 |    0    0 1080  115 | $_6323#177506 (652)
05-15 20:59:51.858  1808  1808 D SurfaceFlinger:        DEVICE |           47510928230638 | 00
05-15 20:59:51.858  1808  1808 D SurfaceFlinger: 002140 | RGBA_8888    |    0.0    0.0 1080.0  121.0 |    0    0 1080  121 | ScreenDecorOverlay$_11062#172986 (67)
05-15 20:59:51.858  1808  1808 D SurfaceFlinger:        DEVICE |           47510928230639 | 00002140 | RGBA_8888    |    0.0    0.0 1080.0  121.0 |    0 2219 1080 2340 | ScreenDecorOverlayBottom$_11062#172987 (60)
05-15 20:59:51.858  1808  1808 D SurfaceFlinger:
05-15 20:59:51.858 11062 11062 D SamsungLightBarControlHelper: updateStatusBar (WHITE icon) numStacks:1, StatusBarMode:MODE_TRANSPARENT, lightBarBounds:[], StatusBarState:SHADE, packageName:, isWhiteKeyguardStatusBar:false
05-15 20:59:51.858 11062 11062 D SamsungLightBarControlHelper: onStatusBarAppearanceChanged() -  sbModeChanged:false, statusBarMode:0, barState:MODE_TRANSPARENT, isKeyguardShowing:false, navbarColorManagedByIme:false, (AppearanceRegion{ bounds=[0,0][1080,2340]}, )
05-15 20:59:51.858 11062 11062 D NavigationBar: onSystemBarAttributesChanged() -  displayId:0, appearance:0, packageName: es.uniovi.recetasasturianas, navbarColorManagedByIme:false
05-15 20:59:51.859  1808  1808 I SurfaceFlinger: destroyed Transition Root: Task=2386#179570 form LifecycleManager
05-15 20:59:51.859  1808  1808 I SurfaceFlinger: [Surface(name=7a9d783 NavigationBar0)/@0x10e1471 - animation-leash of insets_animation#179575] attach to parent LayerHierarchy{RequestedLayerState{WindowToken{ec79b94 type=2019 android.os.BinderProxy@3619da6}#172956 parentId=34} 2 children}
05-15 20:59:51.859  1808  1808 I SurfaceFlinger: [Surface(name=8f932e4 StatusBar)/@0xabc478a - animation-leash of insets_animation#179574] attach to parent LayerHierarchy{RequestedLayerState{WindowToken{68a9b23 type=2000 android.os.BinderProxy@abe78dd}#172963 parentId=17} 2 children}
05-15 20:59:51.859  1808  1808 I SurfaceFlinger: id=179570 onLayerDestroyed from LayerHierarchyBuilder(RequestedLayerState{Transition Root: Task=2386#179570 !handle z=8})
05-15 20:59:51.860 24090 24090 I VRI[MainActivity]@de229ec: setView = com.android.internal.policy.DecorView@6f11bbb IsHRR=false mFlingFrameRateChange=0 TM=true
05-15 20:59:51.860 11062 11062 D QSClock : onDarkChanged tint=WHITE
05-15 20:59:51.861  1808  1808 I Layer   : id=179570 Destroyed Transition Root: Task=2386#179570
05-15 20:59:51.862  4195 30507 I HoneySpace.RecentTasks: onRecentTasksChanged
05-15 20:59:51.862  1977  6950 I WindowManager: Relayout hash=c497d97, pid=24267, syncId=-1: mAttrs={(0,0)(fillxfill) sim={adjust=pan forwardNavigation} layoutInDisplayCutoutMode=always ty=BASE_APPLICATION
05-15 20:59:51.862  1977  6950 I WindowManager:   fl=81810100
05-15 20:59:51.862  1977  6950 I WindowManager:   pfl=100088c0
05-15 20:59:51.862  1977  6950 I WindowManager:   bhv=1
05-15 20:59:51.862  1977  6950 I WindowManager:   fitSides=0
05-15 20:59:51.862  1977  6950 I WindowManager:   frameRateBoostOnTouch=true
05-15 20:59:51.862  1977  6950 I WindowManager:   dvrrWindowFrameRateHint=true naviIconColor=0}
05-15 20:59:51.862  4195 30507 I HoneySpace.RecentTasks: onRecentTasksChanged
05-15 20:59:51.864  4195  4401 I HoneySpace.TopTaskSource: onTaskMovedToFront : taskId = 2386, displayId = 0
05-15 20:59:51.864  1977  2505 D AnalyticsContainerHandler: handleMessage : { when=0 what=1 target=com.android.server.knox.KnoxAnalyticsContainer$AnalyticsHandler }
05-15 20:59:51.865  1977  6941 I WindowManager: Relayout Window{2a297a9 u0 Splash Screen es.uniovi.recetasasturianas.test}: viewVisibility=8 req=1080x2340 ty=3 d0
05-15 20:59:51.865  1977  6941 D SurfaceComposerClient: setCornerRadius ## 696d31a Splash Screen es.uniovi.recetasasturianas#179566 cornerRadius=0.000000
05-15 20:59:51.866  2090  2090 I CameraService: onUidStateChanged: uid=10048, procState is changed. (1 -> 0)
05-15 20:59:51.866  1977  6941 D SurfaceComposerClient: setCornerRadius ## 696d31a Splash Screen es.uniovi.recetasasturianas#179566 cornerRadius=0.000000
05-15 20:59:51.866  1977  6941 D SurfaceComposerClient: setCornerRadius ## 7bb6bcd es.uniovi.recetasasturianas/es.uniovi.recetasasturianas.MainActivity#179573 cornerRadius=0.000000
05-15 20:59:51.866  1977  2505 D AnalyticsContainerHandler: handleMessage : { when=0 what=2 target=com.android.server.knox.KnoxAnalyticsContainer$AnalyticsHandler }
05-15 20:59:51.866 24267 24267 I VRI[InstrumentationActivityInvoker$EmptyActivity]@f3b7588: Relayout returned: old=(0,0,1080,2340) new=(0,0,1080,2340) relayoutAsync=false req=(1080,2340)8 dur=13 res=0x2 s={false 0x0} ch=true seqId=0
05-15 20:59:51.867 24267 24267 D VRI[InstrumentationActivityInvoker$EmptyActivity]@f3b7588: Not drawing due to not visible. Reason=!mAppVisible && !mForceDecorViewVisibility
05-15 20:59:51.867  4195  4403 I HoneySpace.TopTaskUseCase: topTasks 2386 ComponentInfo{es.uniovi.recetasasturianas/es.uniovi.recetasasturianas.MainActivity}[displayId=0]
05-15 20:59:51.868  1808  1808 I SurfaceFlinger: [Display 0 name="Built-in Screen"#172933] setFrameRateCategory: High
05-15 20:59:51.868  1808  1808 I SurfaceFlinger: RequestedLayer [7bb6bcd es.uniovi.recetasasturianas/[...]ecetasasturianas.MainActivity#179573] hidden!! flag  from(1) --> to(0)
05-15 20:59:51.868  1977  6941 I WindowManager: Relayout hash=2a297a9, pid=11062, syncId=-1: mAttrs={(0,0)(fillxfill) sim={adjust=pan} layoutInDisplayCutoutMode=always ty=APPLICATION_STARTING fmt=TRANSLUCENT
05-15 20:59:51.868  1977  6941 I WindowManager:   fl=81030118
05-15 20:59:51.868  1977  6941 I WindowManager:   pfl=10000810
05-15 20:59:51.868  1977  6941 I WindowManager:   apr=18
05-15 20:59:51.868  1977  6941 I WindowManager:   bhv=1
05-15 20:59:51.868  1977  6941 I WindowManager:   fitSides=0
05-15 20:59:51.868  1977  6941 I WindowManager:   frameRateBoostOnTouch=true
05-15 20:59:51.868  1977  6941 I WindowManager:   dvrrWindowFrameRateHint=true naviIconColor=0}
05-15 20:59:51.868  1808  1808 I SurfaceFlinger: RequestedLayer [Splash Screen es.uniovi.recetasasturianas.test$_11062#179548] hidden!! flag  from(0) --> to(1)
05-15 20:59:51.868  1808  1808 I SurfaceFlinger: RequestedLayer [com.android.systemui.wallpapers.ImageWallpaper$_11062#178729] hidden!! flag  from(0) --> to(1)
05-15 20:59:51.868  1808  1808 I SurfaceFlinger: RequestedLayer [WallpaperWindowToken{43888ef showWhenLocked=false}#178727] hidden!! flag  from(0) --> to(1)
05-15 20:59:51.868  1808  1808 I SurfaceFlinger: RequestedLayer [ActivityRecord{72596606 u0 es.uniovi[...]yInvoker$EmptyActivity t2385}#179546] hidden!! flag  from(0) --> to(1)
05-15 20:59:51.868  1808  1808 I SurfaceFlinger: RequestedLayer [es.uniovi.recetasasturianas.test/and[...]yInvoker$EmptyActivity$_24267#179551] hidden!! flag  from(0) --> to(1)
05-15 20:59:51.868  1808  1808 I SurfaceFlinger: [LayerHierarchy{RequestedLayerState{7a9d783 NavigationBar0#172957 parentId=179575} 1 children}] reparent to LayerHierarchy{RequestedLayerState{Surface(name=7a9d783 NavigationBar0)/@0x10e1471 - animation-leash of insets_animation#179575 parentId=172956} 1 children}
05-15 20:59:51.868  1808  1808 I SurfaceFlinger: [LayerHierarchy{RequestedLayerState{8f932e4 StatusBar#172964 parentId=179574} 1 children}] reparent to LayerHierarchy{RequestedLayerState{Surface(name=8f932e4 StatusBar)/@0xabc478a - animation-leash of insets_animation#179574 parentId=172963} 1 children}
05-15 20:59:51.868  1808  1808 I SurfaceFlinger: [LayerHierarchy{RequestedLayerState{Surface(name=8f932e4 StatusBar)/@0xabc478a - animation-leash of insets_animation#179567} no children}] reparent to OffscreenRoot
05-15 20:59:51.868  1808  1808 I SurfaceFlinger: [LayerHierarchy{RequestedLayerState{Surface(name=8f932e4 StatusBar)/@0xabc478a - animation-leash of insets_animation#179567} no children}] RelativeParent to null
05-15 20:59:51.868  1808  1808 I SurfaceFlinger: [LayerHierarchy{RequestedLayerState{c497d97 es.uniovi.recetasasturianas.test/androidx.test.core.app.InstrumentationActivityInvoker$EmptyActivity#179549 parentId=179572} 1 children}] reparent to LayerHierarchy{RequestedLayerState{Surface(name=c497d97 es.uniovi.recetasasturianas.test/androidx.test.core.app.InstrumentationActivityInvoker$EmptyActivity)/@0x300e791 - animation-leash of starting_reveal#179572 parentId=179546} 1 children}
05-15 20:59:51.868  1808  1808 I SurfaceFlinger: [LayerHierarchy{RequestedLayerState{Surface(name=7a9d783 NavigationBar0)/@0x10e1471 - animation-leash of insets_animation#179568} no children}] reparent to OffscreenRoot
05-15 20:59:51.868  1808  1808 I SurfaceFlinger: [LayerHierarchy{RequestedLayerState{Surface(name=7a9d783 NavigationBar0)/@0x10e1471 - animation-leash of insets_animation#179568} no children}] RelativeParent to null
05-15 20:59:51.868 11062 11138 I VRI[test]@86696cc: onActiveControlsChanged, removed=false, mAdded=true, caller=android.view.ViewRootImpl.handleInsetsControlChanged:3002 android.view.ViewRootImpl.relayoutWindow:11629 android.view.ViewRootImpl.performTraversals:4804 android.view.ViewRootImpl.doTraversal:3924 android.view.ViewRootImpl$TraversalRunnable.run:12903
05-15 20:59:51.870  1977  8796 I WindowManager: Relayout Window{7bb6bcd u0 es.uniovi.recetasasturianas/es.uniovi.recetasasturianas.MainActivity}: viewVisibility=0 req=1080x2340 ty=1 d0
05-15 20:59:51.870  1808  1899 I SurfaceFlinger: id=179576 createSurf, flag=44004, es.uniovi.recetasasturianas/es.uniovi.recetasasturianas.MainActivity$_24090#179576
05-15 20:59:51.870 11062 11138 I VRI[test]@86696cc: Relayout returned: old=(0,0,1080,2340) new=(0,0,1080,2340) relayoutAsync=false req=(1080,2340)8 dur=8 res=0x2 s={false 0x0} ch=true seqId=0
05-15 20:59:51.870 11062 11138 D VRI[test]@86696cc: Not drawing due to not visible. Reason=View.GONE
05-15 20:59:51.871 11062 11138 W WindowOnBackDispatcher: sendCancelIfRunning: isInProgress=false callback=android.view.ViewRootImpl$$ExternalSyntheticLambda16@7ce78f7
05-15 20:59:51.873  1977  8796 D SurfaceComposerClient: setCornerRadius ## 696d31a Splash Screen es.uniovi.recetasasturianas#179566 cornerRadius=0.000000
05-15 20:59:51.873  1977  8796 D SurfaceComposerClient: setCornerRadius ## 7bb6bcd es.uniovi.recetasasturianas/es.uniovi.recetasasturianas.MainActivity#179573 cornerRadius=0.000000
05-15 20:59:51.873  1977  8796 D SurfaceComposerClient: setCornerRadius ## 696d31a Splash Screen es.uniovi.recetasasturianas#179566 cornerRadius=0.000000
05-15 20:59:51.873  1977  8796 D SurfaceComposerClient: setCornerRadius ## 7bb6bcd es.uniovi.recetasasturianas/es.uniovi.recetasasturianas.MainActivity#179573 cornerRadius=0.000000
05-15 20:59:51.874  1808  1899 I SurfaceFlinger: id=179577 createSurf, flag=24000, Surface(name=8f932e4 StatusBar)/@0xabc478a - animation-leash of insets_animation#179577
05-15 20:59:51.874  1808  2995 I SurfaceFlinger: id=179567 Removed Surface(name=8f932e4 StatusBar)/@0xabc478a - animation-leash of insets_animation#179567 (173)
05-15 20:59:51.874  1808  2995 I SurfaceFlinger: id=179568 Removed Surface(name=7a9d783 NavigationBar0)/@0x10e1471 - animation-leash of insets_animation#179568 (173)
05-15 20:59:51.875 11062 11062 D SystemUIService: SYSUI_RAM_OPTIMIZATION onTrimMemory=20
05-15 20:59:51.875 11062 11062 D CentralSurfaces: SYSUI_RAM_OPTIMIZATION onTrimMemory=20
05-15 20:59:51.876 11062 11227 D HWUI    : CacheManager::trimMemory(20)
05-15 20:59:51.877  1808  1899 I SurfaceFlinger: id=179578 createSurf, flag=24000, Surface(name=7a9d783 NavigationBar0)/@0x10e1471 - animation-leash of insets_animation#179578
05-15 20:59:51.878  1808  1808 D SurfaceFlinger: Display 4630947232161729154 HWC layers:
05-15 20:59:51.878  1808  1808 D SurfaceFlinger:        DEVICE |           47510928231528 | 00002100 | RGBA_8888    |    0.0    0.0 1080.0 2340.0 |    0    0 1080 2340 | Splash Screen es.uniovi.recetasasturianas$_11062#179569 (1)
05-15 20:59:51.878  1808  1808 D SurfaceFlinger:        DEVICE |           47510928230666 | 00002100 | RGBA_8888    |    0.0    0.0 1080.0   99.0 |    0    0 1080   99 | StatusBar$_11062#172976 (4139)
05-15 20:59:51.878  1808  1808 D SurfaceFlinger:        DEVICE |           47510928230672 | 00002100 | RGBA_8888    |    0.0    0.0 1080.0  144.0 |    0 2196 1080 2340 | NavigationBar0$_11062#172972 (357)
05-15 20:59:51.878  1808  1808 D SurfaceFlinger:        DEVICE |           27157078223661 | 00002100 | RGBA_8888    |    0.0   13.0  290.0  158.0 |  395    0  685  145 | $_6323#154529 (967)
05-15 20:59:51.878  1808  1808 D SurfaceFlinger:        DEVICE |           27157078223656 | 00002100 | RGBA_8888    |    0.0    0.0 1080.0  115.0 |    0    0 1080  115 | $_6323#177506 (652)
05-15 20:59:51.878  1808  1808 D SurfaceFlinger:        DEVICE |           47510928230638 | 00002140 | RGBA_8888    |    0.0    0.0 1080.0  121.0 |    0    0 1080  121 | ScreenDecorOverlay$_11062#172986 (67)
05-15 20:59:51.878  1808  1808 D SurfaceFlinger:        DEVICE |           47510928230639 | 00002140 |
05-15 20:59:51.878  1808  1808 D SurfaceFlinger:  RGBA_8888    |    0.0    0.0 1080.0  121.0 |    0 2219 1080 2340 | ScreenDecorOverlayBottom$_11062#172987 (60)
05-15 20:59:51.878  1808  1808 D SurfaceFlinger:
05-15 20:59:51.878  1808  1808 I SurfaceFlinger: destroyed Surface(name=8f932e4 StatusBar)/@0xabc478a - animation-leash of insets_animation#179567 form LifecycleManager
05-15 20:59:51.878  1808  1808 I SurfaceFlinger: destroyed Surface(name=7a9d783 NavigationBar0)/@0x10e1471 - animation-leash of insets_animation#179568 form LifecycleManager
05-15 20:59:51.878  1808  1808 I SurfaceFlinger: [Surface(name=7a9d783 NavigationBar0)/@0x10e1471 - animation-leash of insets_animation#179578] attach to parent LayerHierarchy{RequestedLayerState{WindowToken{ec79b94 type=2019 android.os.BinderProxy@3619da6}#172956 parentId=34} 2 children}
05-15 20:59:51.878  1808  1808 I SurfaceFlinger: [Surface(name=8f932e4 StatusBar)/@0xabc478a - animation-leash of insets_animation#179577] attach to parent LayerHierarchy{RequestedLayerState{WindowToken{68a9b23 type=2000 android.os.BinderProxy@abe78dd}#172963 parentId=17} 2 children}
05-15 20:59:51.878  1808  1808 I SurfaceFlinger: [es.uniovi.recetasasturianas/es.uniovi.recetasasturianas.MainActivity$_24090#179576] attach to parent LayerHierarchy{RequestedLayerState{7bb6bcd es.uniovi.recetasasturianas/es.uniovi.recetasasturianas.MainActivity#179573 parentId=179565} 1 children}
05-15 20:59:51.878  1808  1808 I SurfaceFlinger: id=179567 onLayerDestroyed from LayerHierarchyBuilder(RequestedLayerState{Surface(name=8f932e4 StatusBar)/@0xabc478a - animation-leash of insets_animation#179567 !handle})
05-15 20:59:51.878  1808  1808 I SurfaceFlinger: id=179568 onLayerDestroyed from LayerHierarchyBuilder(RequestedLayerState{Surface(name=7a9d783 NavigationBar0)/@0x10e1471 - animation-leash of insets_animation#179568 !handle})
05-15 20:59:51.878  1977  8796 I SystemKeyManager: requested systemKeyInfo size=1 focusedWindow=es.uniovi.recetasasturianas/es.uniovi.recetasasturianas.MainActivity
05-15 20:59:51.879  1977  8796 I SystemKeyManager: requested systemKeyInfo size=1 focusedWindow=es.uniovi.recetasasturianas/es.uniovi.recetasasturianas.MainActivity
05-15 20:59:51.879  1808  1808 I Layer   : id=179567 Destroyed Surface(name=8f932e4 StatusBar)/@0xabc478a - animation-leash of insets_animation#179567
05-15 20:59:51.879  1808  1808 I Layer   : id=179568 Destroyed Surface(name=7a9d783 NavigationBar0)/@0x10e1471 - animation-leash of insets_animation#179568
05-15 20:59:51.879  1977  8796 I WindowManager: Relayout hash=7bb6bcd, pid=24090, syncId=-1: mAttrs={(0,0)(fillxfill) sim={adjust=resize} layoutInDisplayCutoutMode=always ty=BASE_APPLICATION wanim=0x1030317
05-15 20:59:51.879  1977  8796 I WindowManager:   fl=81810100
05-15 20:59:51.879  1977  8796 I WindowManager:   pfl=100088c0
05-15 20:59:51.879  1977  8796 I WindowManager:   vsysui=500
05-15 20:59:51.879  1977  8796 I WindowManager:   bhv=1
05-15 20:59:51.879  1977  8796 I WindowManager:   fitSides=0
05-15 20:59:51.879  1977  8796 I WindowManager:   frameRateBoostOnTouch=true
05-15 20:59:51.879  1977  8796 I WindowManager:   dvrrWindowFrameRateHint=true naviIconColor=0}
05-15 20:59:51.881 11062 11138 I VRI[test]@86696cc: dispatchDetachedFromWindow
05-15 20:59:51.881 24090 24090 W libc    : Access denied finding property "vendor.display.enable_optimal_refresh_rate"
05-15 20:59:51.881 24090 24090 I BufferQueueProducer: [](id:5e1a00000005,api:0,p:0,c:24090) setDequeueTimeout:2077252342
05-15 20:59:51.881 24090 24090 I BLASTBufferQueue_Java: new BLASTBufferQueue, mName= VRI[MainActivity]@de229ec mNativeObject= 0xb400007e28f78610 caller= android.view.ViewRootImpl.updateBlastSurfaceIfNeeded:3585 android.view.ViewRootImpl.relayoutWindow:11685 android.view.ViewRootImpl.performTraversals:4804 android.view.ViewRootImpl.doTraversal:3924 android.view.ViewRootImpl$TraversalRunnable.run:12903 android.view.Choreographer$CallbackRecord.run:1901 android.view.Choreographer$CallbackRecord.run:1910 android.view.Choreographer.doCallbacks:1367 android.view.Choreographer.doFrame:1292 android.view.Choreographer$FrameDisplayEventReceiver.run:1870
05-15 20:59:51.882 24090 24090 I BLASTBufferQueue_Java: update, w= 1080 h= 2340 mName = VRI[MainActivity]@de229ec mNativeObject= 0xb400007e28f78610 sc.mNativeObject= 0xb400007ea8d3a850 format= -1 caller= android.view.ViewRootImpl.updateBlastSurfaceIfNeeded:3590 android.view.ViewRootImpl.relayoutWindow:11685 android.view.ViewRootImpl.performTraversals:4804 android.view.ViewRootImpl.doTraversal:3924 android.view.ViewRootImpl$TraversalRunnable.run:12903 android.view.Choreographer$CallbackRecord.run:1901
05-15 20:59:51.882 24090 24090 W libc    : Access denied finding property "vendor.display.enable_optimal_refresh_rate"
05-15 20:59:51.882 24090 24090 I VRI[MainActivity]@de229ec: Relayout returned: old=(0,0,1080,2340) new=(0,0,1080,2340) relayoutAsync=false req=(1080,2340)0 dur=16 res=0x3 s={true 0xb400007de8e83c20} ch=true seqId=0
05-15 20:59:51.883 24090 24090 I VRI[MainActivity]@de229ec: performConfigurationChange setNightDimText nightDimLevel=0
05-15 20:59:51.883 24090 24090 D VRI[MainActivity]@de229ec: mThreadedRenderer.initialize() mSurface={isValid=true 0xb400007de8e83c20} hwInitialized=true
05-15 20:59:51.885  1808  1808 I SurfaceFlinger: [LayerHierarchy{RequestedLayerState{Surface(name=7a9d783 NavigationBar0)/@0x10e1471 - animation-leash of insets_animation#179575} 1 children}] reparent to OffscreenRoot
05-15 20:59:51.885  1808  1808 I SurfaceFlinger: [LayerHierarchy{RequestedLayerState{Surface(name=7a9d783 NavigationBar0)/@0x10e1471 - animation-leash of insets_animation#179575} 1 children}] RelativeParent to null
05-15 20:59:51.885  1808  1808 I SurfaceFlinger: [LayerHierarchy{RequestedLayerState{7a9d783 NavigationBar0#172957 parentId=179578} 1 children}] reparent to LayerHierarchy{RequestedLayerState{Surface(name=7a9d783 NavigationBar0)/@0x10e1471 - animation-leash of insets_animation#179578 parentId=172956} 1 children}
05-15 20:59:51.885  1808  1808 I SurfaceFlinger: [LayerHierarchy{RequestedLayerState{8f932e4 StatusBar#172964 parentId=179577} 1 children}] reparent to LayerHierarchy{RequestedLayerState{Surface(name=8f932e4 StatusBar)/@0xabc478a - animation-leash of insets_animation#179577 parentId=172963} 1 children}
05-15 20:59:51.885  1808  1808 I SurfaceFlinger: [LayerHierarchy{RequestedLayerState{Surface(name=8f932e4 StatusBar)/@0xabc478a - animation-leash of insets_animation#179574} no children}] reparent to OffscreenRoot
05-15 20:59:51.885  1808  1808 I SurfaceFlinger: [LayerHierarchy{RequestedLayerState{Surface(name=8f932e4 StatusBar)/@0xabc478a - animation-leash of insets_animation#179574} no children}] RelativeParent to null
05-15 20:59:51.885  1977  6950 D InputTransport: Input channel destroyed: '2a297a9', fd=1030
05-15 20:59:51.885  1977  6950 D SurfaceComposerClient: setCornerRadius ## 696d31a Splash Screen es.uniovi.recetasasturianas#179566 cornerRadius=0.000000
05-15 20:59:51.885  1977  6950 D SurfaceComposerClient: setCornerRadius ## 7bb6bcd es.uniovi.recetasasturianas/es.uniovi.recetasasturianas.MainActivity#179573 cornerRadius=0.000000
05-15 20:59:51.886  1977  6950 D SurfaceComposerClient: setCornerRadius ## 696d31a Splash Screen es.uniovi.recetasasturianas#179566 cornerRadius=0.000000
05-15 20:59:51.886  1977  6950 D SurfaceComposerClient: setCornerRadius ## 7bb6bcd es.uniovi.recetasasturianas/es.uniovi.recetasasturianas.MainActivity#179573 cornerRadius=0.000000
05-15 20:59:51.886 11062 11138 D InputTransport: Input channel destroyed: '2a297a9', fd=446
05-15 20:59:51.887 12633 17431 I Routine@Core[4.9.04.16]: ActivityWatcherListenerImpl: onPauseComponent: componentName - bitpit.launcher, userId: 0
05-15 20:59:51.887 12633 17431 I Routine@Core[4.9.04.16]: Pref: removeSharedPrefsData() key=condition_launch_app_data_resume_pkg
05-15 20:59:51.888 24090 24090 D VRI[MainActivity]@de229ec: reportNextDraw android.view.ViewRootImpl.performTraversals:5443 android.view.ViewRootImpl.doTraversal:3924 android.view.ViewRootImpl$TraversalRunnable.run:12903 android.view.Choreographer$CallbackRecord.run:1901 android.view.Choreographer$CallbackRecord.run:1910
05-15 20:59:51.888 24090 24090 D VRI[MainActivity]@de229ec: Setup new sync=wmsSync-VRI[MainActivity]@de229ec#12
05-15 20:59:51.888 24090 24090 I VRI[MainActivity]@de229ec: Creating new active sync group VRI[MainActivity]@de229ec#13
05-15 20:59:51.888 24090 24090 D VRI[MainActivity]@de229ec: registerCallbacksForSync syncBuffer=false
05-15 20:59:51.888 11062 11138 I VRI[recetasasturianas]@d17f75c: onActiveControlsChanged, removed=false, mAdded=true, caller=android.view.ViewRootImpl.handleInsetsControlChanged:3002 android.view.ViewRootImpl$ViewRootHandler.handleMessageImpl:8352 android.view.ViewRootImpl$ViewRootHandler.handleMessage:8301 android.os.Handler.dispatchMessage:110 android.os.Looper.loopOnce:273
05-15 20:59:51.889  1808  1899 I SurfaceFlinger: id=179574 Removed Surface(name=8f932e4 StatusBar)/@0xabc478a - animation-leash of insets_animation#179574 (172)
05-15 20:59:51.889  1808  1899 I SurfaceFlinger: id=179575 Removed Surface(name=7a9d783 NavigationBar0)/@0x10e1471 - animation-leash of insets_animation#179575 (172)
05-15 20:59:51.890 11062 11062 I {OngoingActivityController}: onTaskFocusChanged but OA data is empty
05-15 20:59:51.890  4195  4401 I HoneySpace.TopTaskSource: onTaskFocusChanged(): taskId = 2386
05-15 20:59:51.890 12633 21222 I Routine@Core[4.9.04.16]: ModeOrderObserver: ModeOrderObserver:onChange: uri content://com.samsung.android.app.routines.routineprovider/preference
05-15 20:59:51.892  1977  2142 D SurfaceComposerClient: setCornerRadius ## 696d31a Splash Screen es.uniovi.recetasasturianas#179566 cornerRadius=0.000000
05-15 20:59:51.893  1808  1808 I SurfaceFlinger: [Display 0 name="Built-in Screen"#172933] setFrameRateCategory: Default
05-15 20:59:51.893  1808  1808 I SurfaceFlinger: destroyed Surface(name=7a9d783 NavigationBar0)/@0x10e1471 - animation-leash of insets_animation#179575 form LifecycleManager
05-15 20:59:51.893  1808  1808 I SurfaceFlinger: destroyed Surface(name=8f932e4 StatusBar)/@0xabc478a - animation-leash of insets_animation#179574 form LifecycleManager
05-15 20:59:51.893  1808  1808 I SurfaceFlinger: [LayerHierarchy{RequestedLayerState{Surface(name=c497d97 es.uniovi.recetasasturianas.test/androidx.test.core.app.InstrumentationActivityInvoker$EmptyActivity)/@0x300e791 - animation-leash of starting_reveal#179572} 1 children}] reparent to OffscreenRoot
