05-15 20:59:54.704  1977  4019 D InputDispatcher: Inject motion (24090/10625): action=0x1, time=304072730000000, f=0x0, d=0 dsdx=1.000000 dtdx=0.000000
05-15 20:59:54.704  1977  2929 I InputDispatcher: Delivering touch to (24090): action: 0x1, f=0x0, d=0, 'be1cb34', t=0
05-15 20:59:54.704 24090 24090 I VRI[MainActivity]@229a2fc: ViewPostIme pointer 1
05-15 20:59:54.705  4195  4195 I HoneySpace.GestureInputHandler: reset
05-15 20:59:54.705  4195  4195 I HoneySpace.InputSession: close
05-15 20:59:54.705  1977  2134 I GestureDetector: obtain mCurrentMotionEventRaw. action: 1 id: -849375992
05-15 20:59:54.705  1977  2134 I GestureDetector: obtain mCurrentMotionEventRaw. action: 1 id: -849375992
05-15 20:59:54.707   776   776 I lmkd    : 1(delay), 0(swap), 0(freelimit), 0(reentrymode) memory pressure events were skipped after a kill!
05-15 20:59:54.714 24090 24090 W WindowOnBackDispatcher: OnBackInvokedCallback is not enabled for the application.
05-15 20:59:54.714 24090 24090 W WindowOnBackDispatcher: Set 'android:enableOnBackInvokedCallback="true"' in the application manifest.
05-15 20:59:54.739   850   850 W keymaster_tee: [WRN]begin req PARAMS: A32 B32 P1
05-15 20:59:54.741   850   850 D keymaster_swd: keymaster_swd [WRN] (km_add_tag:500) skip: non repetable tag already exists with different value: 2684354
05-15 20:59:54.741   850   850 D keymaster_swd: keymaster_swd [WRN] (swd_run_cb:260) swd_begin() returns 0
05-15 20:59:54.743   850   850 D keymaster_swd: keymaster_swd [WRN] (swd_run_cb:260) swd_update() returns 0
05-15 20:59:54.746   850   850 D keymaster_swd: keymaster_swd [WRN] (swd_run_cb:260) swd_finish() returns 0
05-15 20:59:54.750 24429 24450 I WM-WorkerWrapper: Worker result SUCCESS for Work [ id=809fe99b-ad95-4bb1-bf3f-48adcf1eef10, tags={ me.proton.core.userrecovery.data.worker.RecoverInactivePrivateKeysWorker } ]
05-15 20:59:54.750 24429 24429 D ConnectivityManager: StackLog: [android.net.ConnectivityManager.unregisterNetworkCallback(ConnectivityManager.java:5575)] [androidx.work.impl.utils.NetworkApi21.unregisterNetworkCallbackCompat(Unknown Source:10)] [androidx.work.impl.constraints.trackers.NetworkStateTracker24.stopTracking(Unknown Source:17)] [androidx.work.impl.constraints.trackers.ConstraintTracker.removeListener(Unknown Source:24)] [androidx.work.impl.constraints.controllers.ConstraintController.replace(Unknown Source:81)] [coil.request.RequestService.replace(Unknown Source:50)] [androidx.work.impl.background.greedy.GreedyScheduler.onExecuted(Unknown Source:71)] [androidx.work.impl.Processor.onExecuted(Unknown Source:88)] [androidx.work.impl.utils.StatusRunnable$4.run(Unknown Source:331)]
05-15 20:59:54.751  1977  3160 D ConnectivityService:  Removing from current network [2805 CELLULAR], leaving 173 requests.
05-15 20:59:54.753  1977  3160 D InetDiagMessage: Destroyed 0 sockets, proto=IPPROTO_TCP, family=AF_INET, states=14
05-15 20:59:54.754  1977  3160 D InetDiagMessage: Destroyed 0 sockets, proto=IPPROTO_TCP, family=AF_INET6, states=14
05-15 20:59:54.754  1977  3160 D InetDiagMessage: Destroyed live tcp sockets for uids={10214} in 3ms
05-15 20:59:54.755  1977  3160 D InetDiagMessage: Destroyed 0 sockets, proto=IPPROTO_TCP, family=AF_INET, states=14
05-15 20:59:54.755  1977  3160 D InetDiagMessage: Destroyed 0 sockets, proto=IPPROTO_TCP, family=AF_INET6, states=14
05-15 20:59:54.755  1977  3160 D InetDiagMessage: Destroyed live tcp sockets for uids={20214} in 1ms
05-15 20:59:54.771 23357 23357 I InputMethodService: removeImeSurface
05-15 20:59:54.771 23357 23357 I InputMethodService: cancelImeSurfaceRemoval: removeCallbacks
05-15 20:59:54.793  1632 24552 I HYPER-HAL: [ResourceManager.cpp]removeResource(): [CPUMinFreq] RemoveResource Request ID : 1999022
05-15 20:59:54.793  1632 24552 I HYPER-HAL: [RequestManager.cpp]releaseLocked(): Released ID : 1999022
05-15 20:59:54.884 24090 24168 D RecipeRepository: Assets: 78 recetas cargadas
05-15 20:59:54.898 24090 24168 E RecipeRepository: Error en forceRefresh
05-15 20:59:54.898 24090 24168 E RecipeRepository: kotlinx.coroutines.JobCancellationException: Job was cancelled; job=SupervisorJobImpl{Cancelling}@b778d08
05-15 20:59:54.917  1795  1831 E HeatmapThread: ECT Thread time in milliseconds: 1778871594
05-15 20:59:54.917  1795  1831 D HeatmapThread: !@ batteryplugType : 0
05-15 20:59:54.917  1795  1831 D HeatmapThread: !@ batteryLevel : 0  batteryTemperature : 0
05-15 20:59:54.917  1795  1831 D HeatmapThread: !@ Heatmap currtime: 29647859
05-15 20:59:54.917  1795  1831 D HeatmapThread: !@ Heatmap prevtime: 29647842
05-15 20:59:54.917  1795  1831 D HeatmapThread: !@ Heatmap plugstarttime: 35791394
05-15 20:59:54.917  1795  1831 D HeatmapThread: !@ Heatmap prevv_dsoh_update_time: 29635503
05-15 20:59:54.918  1795  1831 E HeatmapThread: !@Could not open '/efs/FactoryApp/bsoh', errno = 13
05-15 20:59:54.918  1795  1831 E HeatmapThread: !@ CAM Could not access BSOH EFS
05-15 20:59:54.918  1795  1831 E HeatmapThread: !@ CAM New BSOH: 0
05-15 20:59:54.921  1632 24535 I HYPER-HAL: [ResourceManager.cpp]removeResource(): [CPUMinFreq] RemoveResource Request ID : 2013050
05-15 20:59:54.921  1632 24535 I HYPER-HAL: [RequestManager.cpp]releaseLocked(): Released ID : 2013050
05-15 20:59:54.966  1977  1977 I GestureDetector: handleMessage TAP
05-15 20:59:54.966  1977  2134 I GestureDetector: handleMessage TAP
05-15 20:59:55.127  4195  4395 I HoneySpace.StatusIconTracker: invokeEvent() called with: event = Mobile(bundle=Bundle[mParcelledData.dataSize=256])
05-15 20:59:55.264 24090 24090 I ViewInteraction: Checking 'MatchesViewAssertion{viewMatcher=(view has effective visibility <VISIBLE> and view.getGlobalVisibleRect() to return non-empty rectangle)}' assertion on view view.getId() is <2131296764/es.uniovi.recetasasturianas:id/text_name>
05-15 20:59:55.270  1977  4243 I SemDvfsHyPerManager: acquire hyper - AMS_APP_SWITCH/1977@28, type = -999
05-15 20:59:55.270  1632  1829 I HYPER-HAL: [RequestManager.cpp]acquire(): Acquired ID : 2011043  [1977 / 28]    HINT : AMS_APP_SWITCH    list :
05-15 20:59:55.270  1808  2497 I SurfaceFlinger: id=179678 createSurf, flag=24004, Task=2393#179678
05-15 20:59:55.270  1632  1829 I HYPER-HAL: [ResourceManager.cpp]updateResource(): [CPULittleMinFreq] UpdateResource Request ID : 2011043    Value : 1804800
05-15 20:59:55.271  5896  5896 I SemDvfsHyPerManager: acquire hyper - APP_START_SHORT/5896@15, type = -999
05-15 20:59:55.272  1808  2497 I SurfaceFlinger: id=179679 createSurf, flag=84004, ActivityRecord{198149522 u0 es.uniovi.recetasasturianas.test/androidx.test.core.app.InstrumentationActivityInvoker$EmptyActivity t2393}#179679
05-15 20:59:55.273  1632  1829 I HYPER-HAL: [ResourceManager.cpp]updateResource(): [CPUMinFreq] UpdateResource Request ID : 2011043    Value : 2841600
05-15 20:59:55.273  1632  1829 I HYPER-HAL: [RequestManager.cpp]acquire(): Acquired ID : 17472931  [5896 / 15]    HINT : APP_START    list : [TIMEOUT / 1500]
05-15 20:59:55.273  1632  1829 I HYPER-HAL: [ResourceManager.cpp]updateResource(): [CPUMaxFreq] UpdateResource Request ID : 17472931    Value : 2841600
05-15 20:59:55.278  1977  6943 I SemDvfsHyPerManager: acquire hyper - AMS_APP_LAUNCH/1977@21, type = -999
05-15 20:59:55.279 11062 11118 D ShellDesktopMode: handleRequest: TransitionRequestInfo {type=1, tid=2393, debugId=14588}
05-15 20:59:55.280 11062 11138 D ViewRootImpl: desktopMode is false
05-15 20:59:55.280  1632  1829 I HYPER-HAL: [RequestManager.cpp]acquire(): Acquired ID : 1997022  [1977 / 21]    HINT : AMS_APP_LAUNCH    list :
05-15 20:59:55.280  1632  1829 I HYPER-HAL: [ResourceManager.cpp]updateResource(): [CPULittleMinFreq] UpdateResource Request ID : 1997022    Value : 1804800
05-15 20:59:55.280  1632  1829 I HYPER-HAL: [ResourceManager.cpp]updateResource(): [CPUMinFreq] UpdateResource Request ID : 1997022    Value : 2841600
05-15 20:59:55.280 11062 11138 I ViewRootImpl: dVRR is disabled
05-15 20:59:55.280 11062 11227 D NativeCustomFrequencyManager: [NativeCFMS] BpCustomFrequencyManager::BpCustomFrequencyManager()
05-15 20:59:55.281  2090  2090 I CameraService: onUidStateChanged: uid=10048, procState is changed. (0 -> 1)
05-15 20:59:55.281  4301  4301 E pageboostd: Received HALT command code 2
05-15 20:59:55.281  1977  8796 D InputTransport: Input channel constructed: '27d02b7', fd=462
05-15 20:59:55.281  1977  8796 D InputTransport: Input channel constructed: '27d02b7', fd=1049
05-15 20:59:55.282  1977  8796 D InputTransport: Input channel constructed: '27d02b7', fd=1094
05-15 20:59:55.282  1977  8796 D InputTransport: Input channel destroyed: '27d02b7', fd=1049
05-15 20:59:55.281  5896  5896 I SemDvfsHyPerManager: acquire hyper - APP_START/5896@17, type = -999
05-15 20:59:55.282  1808  4802 I SurfaceFlinger: id=179680 createSurf, flag=84004, 27d02b7 Splash Screen es.uniovi.recetasasturianas.test#179680
05-15 20:59:55.282 24090 24090 D LifecycleMonitor: Lifecycle status change: es.uniovi.recetasasturianas.MainActivity@24694bd in: PAUSED
05-15 20:59:55.282 24090 24090 V ActivityScenario: Update currentActivityStage to PAUSED, currentActivity=es.uniovi.recetasasturianas.MainActivity@24694bd
05-15 20:59:55.283  1632  1829 I HYPER-HAL: [RequestManager.cpp]acquire(): Acquired ID : 17484758  [5896 / 17]    HINT : APP_START    list :
05-15 20:59:55.283  1632  1829 I HYPER-HAL: [ResourceManager.cpp]updateResource(): [CPUMaxFreq] UpdateResource Request ID : 17484758    Value : 2841600
05-15 20:59:55.283  1977  8796 D InputTransport: Input channel destroyed: '27d02b7', fd=1094
05-15 20:59:55.284 11062 11138 D InputTransport: Input channel constructed: '27d02b7', fd=428
05-15 20:59:55.284 11062 11138 I InsetsController: onStateChanged: host=Splash Screen es.uniovi.recetasasturianas.test, from=android.view.ViewRootImpl.onInsetsStateChanged:3026, state=InsetsState: {mDisplayFrame=Rect(0, 0 - 1080, 2340), mDisplayCutout=DisplayCutout{insets=Rect(0, 99 - 0, 0) waterfall=Insets{left=0, top=0, right=0, bottom=0} boundingRect={Bounds=[Rect(0, 0 - 0, 0), Rect(505, 0 - 575, 99), Rect(0, 0 - 0, 0), Rect(0, 0 - 0, 0)]} cutoutPathParserInfo={CutoutPathParserInfo{displayWidth=1080 displayHeight=2340 physicalDisplayWidth=1080 physicalDisplayHeight=2340 density={3.0} cutoutSpec={M 0,0 M 0,29 a 35,35 0 1,0 0,70 a 35,35 0 1,0 0,-70 Z} rotation={0} scale={1.0} physicalPixelDisplaySizeRatio={1.0}}} sideOverrides={}}, mRoundedCorners=RoundedCorners{[RoundedCorner{position=TopLeft, radius=108, center=Point(108, 108)}, RoundedCorner{position=TopRight, radius=108, center=Point(972, 108)}, RoundedCorner{position=BottomRight, radius=108, center=Point(972, 2232)}, RoundedCorner{position=BottomLeft, radius=108, center=Point(108, 2232)}]}  mRoundedCornerFrame=Rect(0, 0 - 1080, 2340), mPrivacyIndicatorBounds=PrivacyIndicatorBounds {static bounds=Rect(948, 0 - 1080, 99) rotation=0}, mDisplayShape=DisplayShape{ spec=-311912193 displayWidth=1080 displayHeight=2340 physicalPixelDisplaySizeRatio=1.0 rotation=0 offsetX=0 offsetY=0 scale=1.0}, mSources= { InsetsSource: {b73a0001 mType=navigationBars mFrame=[0,0][0,0] mVisible=true mFlags=SUPPRESS_SCRIM mSideHint=NONE mBoundingRects=null}, InsetsSource: {b73a0004 mType=systemGestures mFrame=[0,0][90,2340] mVisible=true mFlags= mSideHint=LEFT mBoundingRects=null}, InsetsSource: {b73a0005 mType=mandatorySystemGestures mFrame=[0,2265][1080,2340] mVisible=true mFlags= mSideHint=BOTTOM mBoundingRects=null}, InsetsSource: {b73a0006 mType=tappableElement mFrame=[0,0][0,0] mVisible=true mFlags= mSideHint=NONE mBoundingRects=null}, InsetsSource: {b73a0024 mType=systemGestures mFrame=[990,0][1080,2340] mVisible=true mFlags= mSideHint=RIGHT mBoundingRects=null}, InsetsSource: {27 mType=displayCutout mFrame=[0,0][1080,99] mVisible=true mFlags= mSideHint=TOP mBoundingRects=null}, InsetsSource: {9260000 mType=statusBars mFrame=[0,0][1080,99] mVisible=true mFlags= mSideHint=TOP mBoundingRects=null}, InsetsSource: {9260005 mType=mandatorySystemGestures mFrame=[0,0][1080,135] mVisible=true mFlags= mSideHint=TOP mBoundingRects=null}, InsetsSource: {9260006 mType=tappableElement mFrame=[0,0][1080,99] mVisible=true mFlags= mSideHint=TOP mBoundingRects=null} }
05-15 20:59:55.284 11062 11138 I VRI[test]@154e036: onActiveControlsChanged, removed=false, mAdded=true, caller=android.view.ViewRootImpl.handleInsetsControlChanged:3002 android.view.ViewRootImpl.setView:2014 android.view.WindowManagerGlobal.addView:604 com.android.wm.shell.startingsurface.SplashscreenWindowCreator.addWindow:38 com.android.wm.shell.startingsurface.StartingWindowController$$ExternalSyntheticLambda4.run:1365
05-15 20:59:55.284 11062 11138 I VRI[test]@154e036: synced displayState. AttachInfo displayState=2
05-15 20:59:55.285  4195  4401 I HoneySpace.TopTaskSource: onTaskMovedToFront : taskId = 2393, displayId = 0
05-15 20:59:55.285  4195  4403 I HoneySpace.TopTaskUseCase: topTasks 2393 ComponentInfo{es.uniovi.recetasasturianas.test/androidx.test.core.app.InstrumentationActivityInvoker$EmptyActivity}[displayId=0]
05-15 20:59:55.286  1977  4779 D InputDispatcher: Focused application(0): ActivityRecord{198149522 u0 es.uniovi.recetasasturianas.test/androidx.test.core.app.InstrumentationActivityInvoker$EmptyActivity t2393}
05-15 20:59:55.286  4195 23188 I HoneySpace.RecentTasks: onRecentTasksChanged
05-15 20:59:55.287  4195 15522 I HoneySpace.RecentTasks: onRecentTasksChanged
05-15 20:59:55.289  1977  4779 D SurfaceComposerClient: setCornerRadius ## 27d02b7 Splash Screen es.uniovi.recetasasturianas.test#179680 cornerRadius=0.000000
05-15 20:59:55.289  1808  1808 I SurfaceFlinger: [Display 0 name="Built-in Screen"#172933] setFrameRateCategory: High
05-15 20:59:55.289  1977  4779 D SurfaceComposerClient: setCornerRadius ## 27d02b7 Splash Screen es.uniovi.recetasasturianas.test#179680 cornerRadius=0.000000
05-15 20:59:55.289  1808  1808 I SurfaceFlinger: [Task=2393#179678] attach to parent LayerHierarchy{RequestedLayerState{DefaultTaskDisplayArea_d0#172934 parentId=9} 11 children}
05-15 20:59:55.289  1808  1808 I SurfaceFlinger: [ActivityRecord{198149522 u0 es.uniovi.recetasasturianas.test/androidx.test.core.app.InstrumentationActivityInvoker$EmptyActivity t2393}#179679] attach to parent LayerHierarchy{RequestedLayerState{Task=2393#179678 parentId=172934} 1 children}
05-15 20:59:55.289  1808  1808 I SurfaceFlinger: [27d02b7 Splash Screen es.uniovi.recetasasturianas.test#179680] attach to parent LayerHierarchy{RequestedLayerState{ActivityRecord{198149522 u0 es.uniovi.recetasasturianas.test/androidx.test.core.app.InstrumentationActivityInvoker$EmptyActivity t2393}#179679 parentId=179678} 1 children}
05-15 20:59:55.290  1977  3186 D AS.MultiSoundManager: mForegroundUid = 10626
05-15 20:59:55.290  1977  4779 D GraphicsStatsService: requestRenderEngineFor(es.uniovi.recetasasturianas.test)
05-15 20:59:55.290 12633 17431 I Routine@Core[4.9.04.16]: ActivityWatcherListenerImpl: onPauseComponent: componentName - es.uniovi.recetasasturianas, userId: 0
05-15 20:59:55.291 11062 11138 I VRI[test]@154e036: setView = android.widget.FrameLayout@70c560d IsHRR=false mFlingFrameRateChange=0 TM=true
05-15 20:59:55.291 12633 17431 I Routine@Core[4.9.04.16]: Pref: removeSharedPrefsData() key=condition_launch_app_data_resume_pkg
05-15 20:59:55.292 11062 11227 D HWUI    : HWUI - treat SMPTE_170M as sRGB
05-15 20:59:55.292 24267 24288 I AdrenoGLES-0: QUALCOMM build                   : c62cb5db3a, I2ae86c79d4
05-15 20:59:55.292 24267 24288 I AdrenoGLES-0: Build Date                       : 09/12/25
05-15 20:59:55.292 24267 24288 I AdrenoGLES-0: OpenGL ES Shader Compiler Version: EV031.35.01.12
05-15 20:59:55.292 24267 24288 I AdrenoGLES-0: Local Branch                     :
05-15 20:59:55.292 24267 24288 I AdrenoGLES-0: Remote Branch                    : refs/tags/AU_LINUX_ANDROID_LA.UM.9.14.11.00.00.571.148
05-15 20:59:55.292 24267 24288 I AdrenoGLES-0: Remote Branch                    : NONE
05-15 20:59:55.292 24267 24288 I AdrenoGLES-0: Reconstruct Branch               : NOTHING
05-15 20:59:55.292 24267 24288 I AdrenoGLES-0: Build Config                     : S P 10.0.7 AArch64
05-15 20:59:55.292 24267 24288 I AdrenoGLES-0: Driver Path                      : /vendor/lib64/egl/libGLESv2_adreno.so
05-15 20:59:55.294  4195  4401 I HoneySpace.TopTaskSource: onTaskFocusChanged(): taskId = 2393
05-15 20:59:55.295  1977  2134 D PkgPredictorService-SecIpmManagerServiceImpl: onForegroundActivitiesChanged pid:24267 uid:10626
05-15 20:59:55.295 11062 11062 I {OngoingActivityController}: onTaskFocusChanged but OA data is empty
05-15 20:59:55.296  1977  4221 V PkgPredictorService-SecIpmManagerServiceImpl: discard foreground app:es.uniovi.recetasasturianas.test 1|true
05-15 20:59:55.296  1977  6943 I WindowManager: Relayout Window{27d02b7 u0 Splash Screen es.uniovi.recetasasturianas.test}: viewVisibility=0 req=1080x2340 ty=3 d0
05-15 20:59:55.296 24267 24288 I AdrenoGLES-0: PFP: 0x016dc094, ME: 0x00000000
05-15 20:59:55.296  1808  4802 I SurfaceFlinger: id=179681 createSurf, flag=44004, Splash Screen es.uniovi.recetasasturianas.test$_11062#179681
05-15 20:59:55.297 12633 21222 I Routine@Core[4.9.04.16]: ModeOrderObserver: ModeOrderObserver:onChange: uri content://com.samsung.android.app.routines.routineprovider/preference
05-15 20:59:55.298  1808  1808 I SurfaceFlinger: [LayerHierarchy{RequestedLayerState{ImeContainer#15 parentId=179665 relativeParentId=179665 z=1} 1 children}] RelativeParent to null
05-15 20:59:55.298  1808  1808 I SurfaceFlinger: [Splash Screen es.uniovi.recetasasturianas.test$_11062#179681] attach to parent LayerHierarchy{RequestedLayerState{27d02b7 Splash Screen es.uniovi.recetasasturianas.test#179680 parentId=179679} 1 children}
05-15 20:59:55.299  1977  6943 D SurfaceComposerClient: setCornerRadius ## 27d02b7 Splash Screen es.uniovi.recetasasturianas.test#179680 cornerRadius=0.000000
05-15 20:59:55.300  1977  6943 D SurfaceComposerClient: setCornerRadius ## 27d02b7 Splash Screen es.uniovi.recetasasturianas.test#179680 cornerRadius=0.000000
05-15 20:59:55.300  1808  1808 I BpBinder: onLastStrongRef automatically unlinking death recipients:
05-15 20:59:55.301  1977  2141 D EnterpriseDeviceManagerService: isMdmAdminPresentInternal() : MDM Admin Found - com.samsung.knox.securefolder
05-15 20:59:55.301  1977  6943 I WindowManager: Relayout hash=27d02b7, pid=11062, syncId=-1: mAttrs={(0,0)(fillxfill) sim={adjust=pan} layoutInDisplayCutoutMode=always ty=APPLICATION_STARTING fmt=TRANSLUCENT
05-15 20:59:55.301  1977  6943 I WindowManager:   fl=81030118
05-15 20:59:55.301  1977  6943 I WindowManager:   pfl=10000810
05-15 20:59:55.301  1977  6943 I WindowManager:   apr=18
05-15 20:59:55.301  1977  6943 I WindowManager:   bhv=1
05-15 20:59:55.301  1977  6943 I WindowManager:   fitSides=0
05-15 20:59:55.301  1977  6943 I WindowManager:   frameRateBoostOnTouch=true
05-15 20:59:55.301  1977  6943 I WindowManager:   dvrrWindowFrameRateHint=true naviIconColor=0}
05-15 20:59:55.301 11062 11138 I InsetsController: onStateChanged: host=Splash Screen es.uniovi.recetasasturianas.test, from=android.view.ViewRootImpl.onInsetsStateChanged:3026, state=InsetsState: {mDisplayFrame=Rect(0, 0 - 1080, 2340), mDisplayCutout=DisplayCutout{insets=Rect(0, 99 - 0, 0) waterfall=Insets{left=0, top=0, right=0, bottom=0} boundingRect={Bounds=[Rect(0, 0 - 0, 0), Rect(505, 0 - 575, 99), Rect(0, 0 - 0, 0), Rect(0, 0 - 0, 0)]} cutoutPathParserInfo={CutoutPathParserInfo{displayWidth=1080 displayHeight=2340 physicalDisplayWidth=1080 physicalDisplayHeight=2340 density={3.0} cutoutSpec={M 0,0 M 0,29 a 35,35 0 1,0 0,70 a 35,35 0 1,0 0,-70 Z} rotation={0} scale={1.0} physicalPixelDisplaySizeRatio={1.0}}} sideOverrides={}}, mRoundedCorners=RoundedCorners{[RoundedCorner{position=TopLeft, radius=108, center=Point(108, 108)}, RoundedCorner{position=TopRight, radius=108, center=Point(972, 108)}, RoundedCorner{position=BottomRight, radius=108, center=Point(972, 2232)}, RoundedCorner{position=BottomLeft, radius=108, center=Point(108, 2232)}]}  mRoundedCornerFrame=Rect(0, 0 - 1080, 2340), mPrivacyIndicatorBounds=PrivacyIndicatorBounds {static bounds=Rect(948, 0 - 1080, 99) rotation=0}, mDisplayShape=DisplayShape{ spec=-311912193 displayWidth=1080 displayHeight=2340 physicalPixelDisplaySizeRatio=1.0 rotation=0 offsetX=0 offsetY=0 scale=1.0}, mSources= { InsetsSource: {b73a0001 mType=navigationBars mFrame=[0,0][0,0] mVisible=true mFlags=SUPPRESS_SCRIM mSideHint=NONE mBoundingRects=null}, InsetsSource: {b73a0004 mType=systemGestures mFrame=[0,0][90,2340] mVisible=true mFlags= mSideHint=LEFT mBoundingRects=null}, InsetsSource: {b73a0005 mType=mandatorySystemGestures mFrame=[0,2265][1080,2340] mVisible=true mFlags= mSideHint=BOTTOM mBoundingRects=null}, InsetsSource: {b73a0006 mType=tappableElement mFrame=[0,0][0,0] mVisible=true mFlags= mSideHint=NONE mBoundingRects=null}, InsetsSource: {b73a0024 mType=systemGestures mFrame=[990,0][1080,2340] mVisible=true mFlags= mSideHint=RIGHT mBoundingRects=null}, InsetsSource: {3 mType=ime mFrame=[0,0][0,0] mVisible=false mFlags= mSideHint=NONE mBoundingRects=null}, InsetsSource: {27 mType=displayCutout mFrame=[0,0][1080,99] mVisible=true mFlags= mSideHint=TOP mBoundingRects=null}, InsetsSource: {9260000 mType=statusBars mFrame=[0,0][1080,99] mVisible=true mFlags= mSideHint=TOP mBoundingRects=null}, InsetsSource: {9260005 mType=mandatorySystemGestures mFrame=[0,0][1080,135] mVisible=true mFlags= mSideHint=TOP mBoundingRects=null}, InsetsSource: {9260006 mType=tappableElement mFrame=[0,0][1080,99] mVisible=true mFlags= mSideHint=TOP mBoundingRects=null} }
05-15 20:59:55.301 11062 11138 I VRI[test]@154e036: onActiveControlsChanged, removed=false, mAdded=true, caller=android.view.ViewRootImpl.handleInsetsControlChanged:3002 android.view.ViewRootImpl.relayoutWindow:11629 android.view.ViewRootImpl.performTraversals:4804 android.view.ViewRootImpl.doTraversal:3924 android.view.ViewRootImpl$TraversalRunnable.run:12903
05-15 20:59:55.302  1977  2134 D NetworkPolicy: already checked 10626
05-15 20:59:55.302  1977  2134 D NetworkPolicy: already checked 10626
05-15 20:59:55.304 24267 24267 I DecorView: setWindowBackground: isPopOver=false color=ffffffff d=android.graphics.drawable.ColorDrawable@acb1aa7
05-15 20:59:55.304 11062 11138 W libc    : Access denied finding property "vendor.display.enable_optimal_refresh_rate"
05-15 20:59:55.305 11062 11138 I BufferQueueProducer: [](id:2b360000014b,api:0,p:1222338160,c:11062) setDequeueTimeout:2077252342
05-15 20:59:55.305 12633 17431 I Routine@Core[4.9.04.16]: ActivityWatcherListenerImpl: onResumeComponent: componentName - es.uniovi.recetasasturianas.test, androidx.test.core.app.InstrumentationActivityInvoker$EmptyActivity, userId: 0
05-15 20:59:55.306  1808  1951 D SurfaceFlinger: [input] setFocusedWindow: <null>
05-15 20:59:55.306  1977  6950 D InputDispatcher: Focus left window (0): be1cb34 es.uniovi.recetasasturianas/es.uniovi.recetasasturianas.MainActivity
05-15 20:59:55.306 24267 24267 D ViewRootImpl: desktopMode is false
05-15 20:59:55.306 24267 24267 I ViewRootImpl: dVRR is disabled
05-15 20:59:55.307  1977  6943 D InputDispatcher: Once focus requested (0): <null>
05-15 20:59:55.307 24267 24288 D NativeCustomFrequencyManager: [NativeCFMS] BpCustomFrequencyManager::BpCustomFrequencyManager()
05-15 20:59:55.307 24090 24090 I ImeFocusController: onPreWindowFocus: skipped hasWindowFocus=false mHasImeFocus=true
05-15 20:59:55.307 12633 17431 I Routine@Core[4.9.04.16]: Pref: putSharedPrefsData: key=condition_launch_app_data_resume_pkg, data.size=102
05-15 20:59:55.308 24090 24090 I ImeFocusController: onPostWindowFocus: skipped hasWindowFocus=false mHasImeFocus=true
05-15 20:59:55.308 12633 21222 I Routine@Core[4.9.04.16]: ModesOrderManager: getOrderOrDefault: uuid(100)
05-15 20:59:55.308 11062 11138 I BLASTBufferQueue_Java: new BLASTBufferQueue, mName= VRI[test]@154e036 mNativeObject= 0xb400007e291af960 caller= android.view.ViewRootImpl.updateBlastSurfaceIfNeeded:3585 android.view.ViewRootImpl.relayoutWindow:11685 android.view.ViewRootImpl.performTraversals:4804 android.view.ViewRootImpl.doTraversal:3924 android.view.ViewRootImpl$TraversalRunnable.run:12903 android.view.Choreographer$CallbackRecord.run:1901 android.view.Choreographer$CallbackRecord.run:1910 android.view.Choreographer.doCallbacks:1367 android.view.Choreographer.doFrame:1292 android.view.Choreographer$FrameDisplayEventReceiver.run:1870
05-15 20:59:55.309 11062 11138 I BLASTBufferQueue_Java: update, w= 1080 h= 2340 mName = VRI[test]@154e036 mNativeObject= 0xb400007e291af960 sc.mNativeObject= 0xb400007ea8d66950 format= -3 caller= android.view.ViewRootImpl.updateBlastSurfaceIfNeeded:3590 android.view.ViewRootImpl.relayoutWindow:11685 android.view.ViewRootImpl.performTraversals:4804 android.view.ViewRootImpl.doTraversal:3924 android.view.ViewRootImpl$TraversalRunnable.run:12903 android.view.Choreographer$CallbackRecord.run:1901
05-15 20:59:55.309  1977  6950 D InputTransport: Input channel constructed: '3af429d', fd=1049
05-15 20:59:55.309  1977  6950 D InputTransport: Input channel constructed: '3af429d', fd=1094
05-15 20:59:55.309 11062 11138 W libc    : Access denied finding property "vendor.display.enable_optimal_refresh_rate"
05-15 20:59:55.309  1977  6950 D InputTransport: Input channel constructed: '3af429d', fd=1111
05-15 20:59:55.309  1977  6950 D InputTransport: Input channel destroyed: '3af429d', fd=1094
05-15 20:59:55.309 11062 11138 I VRI[test]@154e036: Relayout returned: old=(0,0,1080,2340) new=(0,0,1080,2340) relayoutAsync=false req=(1080,2340)0 dur=11 res=0x3 s={true 0xb400007de8de53c0} ch=true seqId=0
05-15 20:59:55.310  1808  1899 I SurfaceFlinger: id=179682 createSurf, flag=84004, 3af429d es.uniovi.recetasasturianas.test/androidx.test.core.app.InstrumentationActivityInvoker$EmptyActivity#179682
05-15 20:59:55.311 12633 21222 I Routine@Core[4.9.04.16]: ModesOrderManager: getOrder: uuid(100) -> order(999)
05-15 20:59:55.311 12633 21222 I Routine@Core[4.9.04.16]: ModeListHolder: update: size(1) updated(2026/05/15 20:59:55) [ModeMeta(id=1, uuid=100, iconResourceId=2131231140, iconStatusResourceId=2131231637, displayName=Sleep, isRunning=false, runningReason=, runningReasonCondition=, isSet=true, isDeleted=false, detailRunningReason=null, order=999, toggleTime=1778816639015)]
05-15 20:59:55.312  1977  6950 D InputTransport: Input channel destroyed: '3af429d', fd=1111
05-15 20:59:55.312 24267 24267 D InputTransport: Input channel constructed: '3af429d', fd=124
05-15 20:59:55.312 11062 11138 I VRI[test]@154e036: performConfigurationChange setNightDimText nightDimLevel=0
05-15 20:59:55.313 24267 24267 I InsetsController: onStateChanged: host=es.uniovi.recetasasturianas.test/androidx.test.core.app.InstrumentationActivityInvoker$EmptyActivity, from=android.view.ViewRootImpl.onInsetsStateChanged:3026, state=InsetsState: {mDisplayFrame=Rect(0, 0 - 1080, 2340), mDisplayCutout=DisplayCutout{insets=Rect(0, 99 - 0, 0) waterfall=Insets{left=0, top=0, right=0, bottom=0} boundingRect={Bounds=[Rect(0, 0 - 0, 0), Rect(505, 0 - 575, 99), Rect(0, 0 - 0, 0), Rect(0, 0 - 0, 0)]} cutoutPathParserInfo={CutoutPathParserInfo{displayWidth=1080 displayHeight=2340 physicalDisplayWidth=1080 physicalDisplayHeight=2340 density={3.0} cutoutSpec={M 0,0 M 0,29 a 35,35 0 1,0 0,70 a 35,35 0 1,0 0,-70 Z} rotation={0} scale={1.0} physicalPixelDisplaySizeRatio={1.0}}} sideOverrides={}}, mRoundedCorners=RoundedCorners{[RoundedCorner{position=TopLeft, radius=108, center=Point(108, 108)}, RoundedCorner{position=TopRight, radius=108, center=Point(972, 108)}, RoundedCorner{position=BottomRight, radius=108, center=Point(972, 2232)}, RoundedCorner{position=BottomLeft, radius=108, center=Point(108, 2232)}]}  mRoundedCornerFrame=Rect(0, 0 - 1080, 2340), mPrivacyIndicatorBounds=PrivacyIndicatorBounds {static bounds=Rect(948, 0 - 1080, 99) rotation=0}, mDisplayShape=DisplayShape{ spec=-311912193 displayWidth=1080 displayHeight=2340 physicalPixelDisplaySizeRatio=1.0 rotation=0 offsetX=0 offsetY=0 scale=1.0}, mSources= { InsetsSource: {b73a0001 mType=navigationBars mFrame=[0,0][0,0] mVisible=true mFlags=SUPPRESS_SCRIM mSideHint=NONE mBoundingRects=null}, InsetsSource: {b73a0004 mType=systemGestures mFrame=[0,0][90,2340] mVisible=true mFlags= mSideHint=LEFT mBoundingRects=null}, InsetsSource: {b73a0005 mType=mandatorySystemGestures mFrame=[0,2265][1080,2340] mVisible=true mFlags= mSideHint=BOTTOM mBoundingRects=null}, InsetsSource: {b73a0006 mType=tappableElement mFrame=[0,0][0,0] mVisible=true mFlags= mSideHint=NONE mBoundingRects=null}, InsetsSource: {b73a0024 mType=systemGestures mFrame=[990,0][1080,2340] mVisible=true mFlags= mSideHint=RIGHT mBoundingRects=null}, InsetsSource: {3 mType=ime mFrame=[0,0][0,0] mVisible=false mFlags= mSideHint=NONE mBoundingRects=null}, InsetsSource: {27 mType=displayCutout mFrame=[0,0][1080,99] mVisible=true mFlags= mSideHint=TOP mBoundingRects=null}, InsetsSource: {9260000 mType=statusBars mFrame=[0,0][1080,99] mVisible=true mFlags= mSideHint=TOP mBoundingRects=null}, InsetsSource: {9260005 mType=mandatorySystemGestures mFrame=[0,0][1080,135] mVisible=true mFlags= mSideHint=TOP mBoundingRects=null}, InsetsSource: {9260006 mType=tappableElement mFrame=[0,0][1080,99] mVisible=true mFlags= mSideHint=TOP mBoundingRects=null} }
05-15 20:59:55.313 24267 24267 I VRI[InstrumentationActivityInvoker$EmptyActivity]@3bba3f2: synced displayState. AttachInfo displayState=2
05-15 20:59:55.314  1808  1808 I SurfaceFlinger: [3af429d es.uniovi.recetasasturianas.test/androidx.test.core.app.InstrumentationActivityInvoker$EmptyActivity#179682] attach to parent LayerHierarchy{RequestedLayerState{ActivityRecord{198149522 u0 es.uniovi.recetasasturianas.test/androidx.test.core.app.InstrumentationActivityInvoker$EmptyActivity t2393}#179679 parentId=179678} 2 children}
05-15 20:59:55.315 11062 11138 D VRI[test]@154e036: mThreadedRenderer.initialize() mSurface={isValid=true 0xb400007de8de53c0} hwInitialized=true
05-15 20:59:55.316 11062 11138 D VRI[test]@154e036: reportNextDraw android.view.ViewRootImpl.performTraversals:5443 android.view.ViewRootImpl.doTraversal:3924 android.view.ViewRootImpl$TraversalRunnable.run:12903 android.view.Choreographer$CallbackRecord.run:1901 android.view.Choreographer$CallbackRecord.run:1910
05-15 20:59:55.316 11062 11138 D VRI[test]@154e036: Setup new sync=wmsSync-VRI[test]@154e036#38
05-15 20:59:55.316 11062 11138 I VRI[test]@154e036: Creating new active sync group VRI[test]@154e036#39
05-15 20:59:55.317 24267 24267 I VRI[InstrumentationActivityInvoker$EmptyActivity]@3bba3f2: setView = com.android.internal.policy.DecorView@43ec9f9 IsHRR=false mFlingFrameRateChange=0 TM=true
05-15 20:59:55.317 11062 11138 D VRI[test]@154e036: registerCallbacksForSync syncBuffer=false
05-15 20:59:55.318 24267 24288 D HWUI    : HWUI - treat SMPTE_170M as sRGB
05-15 20:59:55.318 11062 11225 D VRI[test]@154e036: Received frameDrawingCallback syncResult=0 frameNum=1.
05-15 20:59:55.318  1977  8796 D SurfaceComposerClient: setCornerRadius ## 27d02b7 Splash Screen es.uniovi.recetasasturianas.test#179680 cornerRadius=0.000000
05-15 20:59:55.318  1977  8796 D SurfaceComposerClient: setCornerRadius ## 3af429d es.uniovi.recetasasturianas.test/androidx.test.core.app.InstrumentationActivityInvoker$EmptyActivity#179682 cornerRadius=0.000000
05-15 20:59:55.318 11062 11225 I VRI[test]@154e036: mWNT: t=0xb400007df8e431d0 mBlastBufferQueue=0xb400007e291af960 fn= 1 HdrRenderState mRenderHdrSdrRatio=1.0 caller= android.view.ViewRootImpl$12.onFrameDraw:15441 android.view.ThreadedRenderer$1.onFrameDraw:718 <bottom of call stack>
05-15 20:59:55.318 11062 11225 I VRI[test]@154e036: Setting up sync and frameCommitCallback
05-15 20:59:55.319 11062 11227 I BLASTBufferQueue: [VRI[test]@154e036#331](f:0,a:0,s:0) onFrameAvailable the first frame is available
05-15 20:59:55.320 11062 11227 I SurfaceComposerClient: apply transaction with the first frame. layerId: 179681, bufferData(ID: 47510928231581, frameNumber: 1)
05-15 20:59:55.320  1977  4779 I WindowManager: Relayout Window{3af429d u0 es.uniovi.recetasasturianas.test/androidx.test.core.app.InstrumentationActivityInvoker$EmptyActivity}: viewVisibility=0 req=1080x2340 ty=1 d0
05-15 20:59:55.320 11062 11227 I VRI[test]@154e036: Received frameCommittedCallback lastAttemptedDrawFrameNum=1 didProduceBuffer=true
05-15 20:59:55.320  1808  2497 I SurfaceFlinger: id=179683 createSurf, flag=44004, es.uniovi.recetasasturianas.test/androidx.test.core.app.InstrumentationActivityInvoker$EmptyActivity$_24267#179683
05-15 20:59:55.320  1808  4802 I SurfaceFlinger: [Splash Screen es.uniovi.recetasasturianas.test$_11062#179681] setTransactionState with the first frame. bufferData(ID: 47510928231581, frameNumber: 1)
05-15 20:59:55.321  1977  4779 D SurfaceComposerClient: setCornerRadius ## 27d02b7 Splash Screen es.uniovi.recetasasturianas.test#179680 cornerRadius=0.000000
05-15 20:59:55.321  1977  4779 D SurfaceComposerClient: setCornerRadius ## 3af429d es.uniovi.recetasasturianas.test/androidx.test.core.app.InstrumentationActivityInvoker$EmptyActivity#179682 cornerRadius=0.000000
05-15 20:59:55.322  1977  4779 D SurfaceComposerClient: setCornerRadius ## 27d02b7 Splash Screen es.uniovi.recetasasturianas.test#179680 cornerRadius=0.000000
05-15 20:59:55.322  1977  4779 D SurfaceComposerClient: setCornerRadius ## 3af429d es.uniovi.recetasasturianas.test/androidx.test.core.app.InstrumentationActivityInvoker$EmptyActivity#179682 cornerRadius=0.000000
05-15 20:59:55.322  1808  2497 I SurfaceFlinger: id=179684 createSurf, flag=24000, Surface(name=8f932e4 StatusBar)/@0xabc478a - animation-leash of insets_animation#179684
05-15 20:59:55.323 11062 11227 D HWUI    : CFMS:: SetUp Pid : 11062    Tid : 11227
05-15 20:59:55.323 11062 11138 D VRI[test]@154e036: reportDrawFinished seqId=0
05-15 20:59:55.323  1808  1808 I SurfaceFlinger: [es.uniovi.recetasasturianas.test/androidx.test.core.app.InstrumentationActivityInvoker$EmptyActivity$_24267#179683] attach to parent LayerHierarchy{RequestedLayerState{3af429d es.uniovi.recetasasturianas.test/androidx.test.core.app.InstrumentationActivityInvoker$EmptyActivity#179682 parentId=179679} 1 children}
05-15 20:59:55.323  1808  1808 I SurfaceFlinger: [Surface(name=8f932e4 StatusBar)/@0xabc478a - animation-leash of insets_animation#179684] attach to parent LayerHierarchy{RequestedLayerState{WindowToken{68a9b23 type=2000 android.os.BinderProxy@abe78dd}#172963 parentId=17} 2 children}
05-15 20:59:55.324  1808  2497 I SurfaceFlinger: id=179685 createSurf, flag=24000, Surface(name=7a9d783 NavigationBar0)/@0x10e1471 - animation-leash of insets_animation#179685
05-15 20:59:55.325  1977  4779 I SystemKeyManager: requested systemKeyInfo size=1 focusedWindow=es.uniovi.recetasasturianas.test/androidx.test.core.app.InstrumentationActivityInvoker$EmptyActivity
05-15 20:59:55.325  1977  4779 I SystemKeyManager: requested systemKeyInfo size=1 focusedWindow=es.uniovi.recetasasturianas.test/androidx.test.core.app.InstrumentationActivityInvoker$EmptyActivity
05-15 20:59:55.325  1977  4779 I WindowManager: Relayout hash=3af429d, pid=24267, syncId=-1: mAttrs={(0,0)(fillxfill) sim={adjust=pan forwardNavigation} layoutInDisplayCutoutMode=always ty=BASE_APPLICATION
05-15 20:59:55.325  1977  4779 I WindowManager:   fl=81810100
05-15 20:59:55.325  1977  4779 I WindowManager:   pfl=100088c0
05-15 20:59:55.325  1977  4779 I WindowManager:   bhv=1
05-15 20:59:55.325  1977  4779 I WindowManager:   fitSides=0
05-15 20:59:55.325  1977  4779 I WindowManager:   frameRateBoostOnTouch=true
05-15 20:59:55.325  1977  4779 I WindowManager:   dvrrWindowFrameRateHint=true naviIconColor=0}
05-15 20:59:55.326 24267 24267 W libc    : Access denied finding property "vendor.display.enable_optimal_refresh_rate"
05-15 20:59:55.327 24267 24267 I BufferQueueProducer: [](id:5ecb00000008,api:0,p:1221783760,c:24267) setDequeueTimeout:2077252342
05-15 20:59:55.327 24267 24267 I BLASTBufferQueue_Java: new BLASTBufferQueue, mName= VRI[InstrumentationActivityInvoker$EmptyActivity]@3bba3f2 mNativeObject= 0xb400007e28db39e0 caller= android.view.ViewRootImpl.updateBlastSurfaceIfNeeded:3585 android.view.ViewRootImpl.relayoutWindow:11685 android.view.ViewRootImpl.performTraversals:4804 android.view.ViewRootImpl.doTraversal:3924 android.view.ViewRootImpl$TraversalRunnable.run:12903 android.view.Choreographer$CallbackRecord.run:1901 android.view.Choreographer$CallbackRecord.run:1910 android.view.Choreographer.doCallbacks:1367 android.view.Choreographer.doFrame:1292 android.view.Choreographer$FrameDisplayEventReceiver.run:1870
05-15 20:59:55.327 24267 24267 I BLASTBufferQueue_Java: update, w= 1080 h= 2340 mName = VRI[InstrumentationActivityInvoker$EmptyActivity]@3bba3f2 mNativeObject= 0xb400007e28db39e0 sc.mNativeObject= 0xb400007ea8d20ed0 format= -1 caller= android.view.ViewRootImpl.updateBlastSurfaceIfNeeded:3590 android.view.ViewRootImpl.relayoutWindow:11685 android.view.ViewRootImpl.performTraversals:4804 android.view.ViewRootImpl.doTraversal:3924 android.view.ViewRootImpl$TraversalRunnable.run:12903 android.view.Choreographer$CallbackRecord.run:1901
05-15 20:59:55.327 24267 24267 W libc    : Access denied finding property "vendor.display.enable_optimal_refresh_rate"
05-15 20:59:55.328 24267 24267 I VRI[InstrumentationActivityInvoker$EmptyActivity]@3bba3f2: Relayout returned: old=(0,0,1080,2340) new=(0,0,1080,2340) relayoutAsync=false req=(1080,2340)0 dur=7 res=0x3 s={true 0xb400007de8d48520} ch=true seqId=0
05-15 20:59:55.328 24267 24267 I VRI[InstrumentationActivityInvoker$EmptyActivity]@3bba3f2: performConfigurationChange setNightDimText nightDimLevel=0
05-15 20:59:55.328  1977  2505 D AnalyticsContainerHandler: handleMessage : { when=0 what=1 target=com.android.server.knox.KnoxAnalyticsContainer$AnalyticsHandler }
05-15 20:59:55.329 24267 24267 D VRI[InstrumentationActivityInvoker$EmptyActivity]@3bba3f2: mThreadedRenderer.initialize() mSurface={isValid=true 0xb400007de8d48520} hwInitialized=true
05-15 20:59:55.329 24267 24267 D VRI[InstrumentationActivityInvoker$EmptyActivity]@3bba3f2: reportNextDraw android.view.ViewRootImpl.performTraversals:5443 android.view.ViewRootImpl.doTraversal:3924 android.view.ViewRootImpl$TraversalRunnable.run:12903 android.view.Choreographer$CallbackRecord.run:1901 android.view.Choreographer$CallbackRecord.run:1910
05-15 20:59:55.329 24267 24267 D VRI[InstrumentationActivityInvoker$EmptyActivity]@3bba3f2: Setup new sync=wmsSync-VRI[InstrumentationActivityInvoker$EmptyActivity]@3bba3f2#16
05-15 20:59:55.329 24267 24267 I VRI[InstrumentationActivityInvoker$EmptyActivity]@3bba3f2: Creating new active sync group VRI[InstrumentationActivityInvoker$EmptyActivity]@3bba3f2#17
05-15 20:59:55.329 24267 24267 D VRI[InstrumentationActivityInvoker$EmptyActivity]@3bba3f2: registerCallbacksForSync syncBuffer=false
05-15 20:59:55.329  1977  2505 D AnalyticsContainerHandler: handleMessage : { when=0 what=2 target=com.android.server.knox.KnoxAnalyticsContainer$AnalyticsHandler }
05-15 20:59:55.330 24267 24292 D VRI[InstrumentationActivityInvoker$EmptyActivity]@3bba3f2: Received frameDrawingCallback syncResult=0 frameNum=1.
05-15 20:59:55.330 24267 24292 I VRI[InstrumentationActivityInvoker$EmptyActivity]@3bba3f2: mWNT: t=0xb400007df8d49310 mBlastBufferQueue=0xb400007e28db39e0 fn= 1 HdrRenderState mRenderHdrSdrRatio=1.0 caller= android.view.ViewRootImpl$12.onFrameDraw:15441 android.view.ThreadedRenderer$1.onFrameDraw:718 <bottom of call stack>
05-15 20:59:55.330 24267 24292 I VRI[InstrumentationActivityInvoker$EmptyActivity]@3bba3f2: Setting up sync and frameCommitCallback
05-15 20:59:55.332  1808  1808 I SurfaceFlinger: [LayerHierarchy{RequestedLayerState{Surface(name=7a9d783 NavigationBar0)/@0x10e1471 - animation-leash of insets_animation#179675} 1 children}] reparent to OffscreenRoot
05-15 20:59:55.332  1808  1808 I SurfaceFlinger: [LayerHierarchy{RequestedLayerState{Surface(name=7a9d783 NavigationBar0)/@0x10e1471 - animation-leash of insets_animation#179675} 1 children}] RelativeParent to null
05-15 20:59:55.332  1808  1808 I SurfaceFlinger: [LayerHierarchy{RequestedLayerState{7a9d783 NavigationBar0#172957 parentId=179685} 1 children}] reparent to LayerHierarchy{RequestedLayerState{Surface(name=7a9d783 NavigationBar0)/@0x10e1471 - animation-leash of insets_animation#179685 parentId=172956} 1 children}
05-15 20:59:55.332  1808  1808 I SurfaceFlinger: [LayerHierarchy{RequestedLayerState{8f932e4 StatusBar#172964 parentId=179684} 1 children}] reparent to LayerHierarchy{RequestedLayerState{Surface(name=8f932e4 StatusBar)/@0xabc478a - animation-leash of insets_animation#179684 parentId=172963} 1 children}
05-15 20:59:55.332  1808  1808 I SurfaceFlinger: [LayerHierarchy{RequestedLayerState{Surface(name=8f932e4 StatusBar)/@0xabc478a - animation-leash of insets_animation#179674} no children}] reparent to OffscreenRoot
05-15 20:59:55.332  1808  1808 I SurfaceFlinger: [LayerHierarchy{RequestedLayerState{Surface(name=8f932e4 StatusBar)/@0xabc478a - animation-leash of insets_animation#179674} no children}] RelativeParent to null
05-15 20:59:55.332  1808  1808 I SurfaceFlinger: [Surface(name=7a9d783 NavigationBar0)/@0x10e1471 - animation-leash of insets_animation#179685] attach to parent LayerHierarchy{RequestedLayerState{WindowToken{ec79b94 type=2019 android.os.BinderProxy@3619da6}#172956 parentId=34} 1 children}
05-15 20:59:55.334 24267 24288 I BLASTBufferQueue: [VRI[InstrumentationActivityInvoker$EmptyActivity]@3bba3f2#8](f:0,a:0,s:0) onFrameAvailable the first frame is available
05-15 20:59:55.334 24267 24288 I SurfaceComposerClient: apply transaction with the first frame. layerId: 179683, bufferData(ID: 104225971372064, frameNumber: 1)
05-15 20:59:55.334 24267 24288 I VRI[InstrumentationActivityInvoker$EmptyActivity]@3bba3f2: Received frameCommittedCallback lastAttemptedDrawFrameNum=1 didProduceBuffer=true
05-15 20:59:55.334  1808  2497 I SurfaceFlinger: [es.uniovi.recetasasturianas.test/androidx.test.core.app.InstrumentationActivityInvoker$EmptyActivity$_24267#179683] setTransactionState with the first frame. bufferData(ID: 104225971372064, frameNumber: 1)
05-15 20:59:55.334 24267 24288 D HWUI    : CFMS:: SetUp Pid : 24267    Tid : 24288
05-15 20:59:55.334 24267 24267 D VRI[InstrumentationActivityInvoker$EmptyActivity]@3bba3f2: reportDrawFinished seqId=0
05-15 20:59:55.339  1632 24393 I HYPER-HAL: [RequestManager.cpp]releaseLocked(): Released ID : 3944836
05-15 20:59:55.341  1977  8791 I SemDvfsHyPerManager: acquire hyper - AMS_APP_HOME/1977@29, type = -999
05-15 20:59:55.341  1808  2497 I SurfaceFlinger: id=179674 Removed Surface(name=8f932e4 StatusBar)/@0xabc478a - animation-leash of insets_animation#179674 (168)
05-15 20:59:55.341  1808  1899 I SurfaceFlinger: id=179675 Removed Surface(name=7a9d783 NavigationBar0)/@0x10e1471 - animation-leash of insets_animation#179675 (168)
05-15 20:59:55.341  1632  1829 I HYPER-HAL: [RequestManager.cpp]acquire(): Acquired ID : 2013050  [1977 / 29]    HINT : AMS_APP_HOME    list :
05-15 20:59:55.342  5896  5896 I SemDvfsHyPerManager: acquire hyper - APP_START_HOME/5896@16, type = -999
05-15 20:59:55.343  1632  1829 I HYPER-HAL: [ResourceManager.cpp]updateResource(): [CPUMinFreq] UpdateResource Request ID : 2013050    Value : 2841600
05-15 20:59:55.343  1632  1829 I HYPER-HAL: [RequestManager.cpp]acquire(): Acquired ID : 17478844  [5896 / 16]    HINT : APP_START    list : [KERNEL_APP_START_NOTIFY / 0] [TIMEOUT / 1500]
05-15 20:59:55.343  1632  1829 I HYPER-HAL: [ResourceManager.cpp]updateResource(): [CPUMaxFreq] UpdateResource Request ID : 17478844    Value : 2841600
05-15 20:59:55.345 20661 20661 I VRI[HomeActivity]@27ecfc4: handleAppVisibility mAppVisible = false visible = true
05-15 20:59:55.345  1977  8791 D InputDispatcher: Focused application(0): ActivityRecord{148716444 u0 bitpit.launcher/.ui.HomeActivity t1351}
05-15 20:59:55.346  1808  1899 I SurfaceFlinger: id=179686 createSurf, flag=24000, Surface(name=8f932e4 StatusBar)/@0xabc478a - animation-leash of insets_animation#179686
05-15 20:59:55.347  1977  3186 D AS.MultiSoundManager: mForegroundUid = 10578
05-15 20:59:55.347  1808  1808 I SurfaceFlinger: destroyed Surface(name=7a9d783 NavigationBar0)/@0x10e1471 - animation-leash of insets_animation#179675 form LifecycleManager
05-15 20:59:55.347  1808  1808 I SurfaceFlinger: destroyed Surface(name=8f932e4 StatusBar)/@0xabc478a - animation-leash of insets_animation#179674 form LifecycleManager
05-15 20:59:55.347  1808  1951 D SurfaceFlinger: [input] setFocusedWindow: 3af429d es.uniovi.recetasasturianas.test/androidx.test.core.app.InstrumentationActivityInvoker$EmptyActivity
05-15 20:59:55.347  1808  1808 I SurfaceFlinger: [Surface(name=8f932e4 StatusBar)/@0xabc478a - animation-leash of insets_animation#179686] attach to parent LayerHierarchy{RequestedLayerState{WindowToken{68a9b23 type=2000 android.os.BinderProxy@abe78dd}#172963 parentId=17} 2 children}
05-15 20:59:55.347  1808  1808 I SurfaceFlinger: id=179675 onLayerDestroyed from LayerHierarchyBuilder(RequestedLayerState{Surface(name=7a9d783 NavigationBar0)/@0x10e1471 - animation-leash of insets_animation#179675 !handle})
05-15 20:59:55.347  1808  1808 I SurfaceFlinger: id=179674 onLayerDestroyed from LayerHierarchyBuilder(RequestedLayerState{Surface(name=8f932e4 StatusBar)/@0xabc478a - animation-leash of insets_animation#179674 !handle})
05-15 20:59:55.347  1977  6943 D InputDispatcher: Once focus requested (0): 3af429d es.uniovi.recetasasturianas.test/androidx.test.core.app.InstrumentationActivityInvoker$EmptyActivity
05-15 20:59:55.347  1977  6943 D InputDispatcher: Focus request (0): 3af429d es.uniovi.recetasasturianas.test/androidx.test.core.app.InstrumentationActivityInvoker$EmptyActivity but waiting because NO_WINDOW
05-15 20:59:55.347  1808  1899 I SurfaceFlinger: id=179687 createSurf, flag=24000, Surface(name=7a9d783 NavigationBar0)/@0x10e1471 - animation-leash of insets_animation#179687
05-15 20:59:55.347  1808  1808 I Layer   : id=179675 Destroyed Surface(name=7a9d783 NavigationBar0)/@0x10e1471 - animation-leash of insets_animation#179675
05-15 20:59:55.347  1808  1808 I Layer   : id=179674 Destroyed Surface(name=8f932e4 StatusBar)/@0xabc478a - animation-leash of insets_animation#179674
05-15 20:59:55.350  1977  8791 D SurfaceComposerClient: setCornerRadius ## c5a06c0 bitpit.launcher/bitpit.launcher.ui.HomeActivity#155257 cornerRadius=0.000000
05-15 20:59:55.351 20661 20661 I VRI[HomeActivity]@27ecfc4: stopped(false) old = true
05-15 20:59:55.351 20661 20661 D VRI[HomeActivity]@27ecfc4: WindowStopped on bitpit.launcher/bitpit.launcher.ui.HomeActivity set to false
05-15 20:59:55.351 24267 24267 I InsetsSourceConsumer: applyRequestedVisibilityToControl: visible=true, type=statusBars, host=es.uniovi.recetasasturianas.test/androidx.test.core.app.InstrumentationActivityInvoker$EmptyActivity
05-15 20:59:55.351 24267 24267 I InsetsSourceConsumer: applyRequestedVisibilityToControl: visible=true, type=navigationBars, host=es.uniovi.recetasasturianas.test/androidx.test.core.app.InstrumentationActivityInvoker$EmptyActivity
05-15 20:59:55.351 20661 20661 D ViewRootImpl: Skipping stats log for color mode
05-15 20:59:55.352  1977  2142 D SurfaceComposerClient: setCornerRadius ## c5a06c0 bitpit.launcher/bitpit.launcher.ui.HomeActivity#155257 cornerRadius=0.000000
05-15 20:59:55.352  1977  4779 I AppWidgetServiceImpl: lookupOrAddHostLocked = HostId{user:0, app:10578, hostId:4354, pkg:bitpit.launcher}
05-15 20:59:55.353  1977  4779 I AppWidgetServiceImpl: startListening callbacks : com.android.internal.appwidget.IAppWidgetHost$Stub$Proxy@4243a37 intervalEnsure:741452912 intervalHostLock:741452912 LhostId:HostId{user:0, app:10578, hostId:4354, pkg:bitpit.launcher}
05-15 20:59:55.354  4195  4401 I HoneySpace.TopTaskSource: onTaskMovedToFront : taskId = 1351, displayId = 0
05-15 20:59:55.355  1808  1808 I SurfaceFlinger: [LayerHierarchy{RequestedLayerState{7a9d783 NavigationBar0#172957 parentId=179687} 1 children}] reparent to LayerHierarchy{RequestedLayerState{Surface(name=7a9d783 NavigationBar0)/@0x10e1471 - animation-leash of insets_animation#179687 parentId=172956} 1 children}
05-15 20:59:55.355  1808  1808 I SurfaceFlinger: [LayerHierarchy{RequestedLayerState{8f932e4 StatusBar#172964 parentId=179686} 1 children}] reparent to LayerHierarchy{RequestedLayerState{Surface(name=8f932e4 StatusBar)/@0xabc478a - animation-leash of insets_animation#179686 parentId=172963} 1 children}
05-15 20:59:55.355  1808  1808 I SurfaceFlinger: [LayerHierarchy{RequestedLayerState{Surface(name=7a9d783 NavigationBar0)/@0x10e1471 - animation-leash of insets_animation#179685} no children}] reparent to OffscreenRoot
05-15 20:59:55.355  1808  1808 I SurfaceFlinger: [LayerHierarchy{RequestedLayerState{Surface(name=7a9d783 NavigationBar0)/@0x10e1471 - animation-leash of insets_animation#179685} no children}] RelativeParent to null
05-15 20:59:55.355  1808  1808 I SurfaceFlinger: [LayerHierarchy{RequestedLayerState{Surface(name=8f932e4 StatusBar)/@0xabc478a - animation-leash of insets_animation#179684} no children}] reparent to OffscreenRoot
05-15 20:59:55.355  1808  1808 I SurfaceFlinger: [LayerHierarchy{RequestedLayerState{Surface(name=8f932e4 StatusBar)/@0xabc478a - animation-leash of insets_animation#179684} no children}] RelativeParent to null
05-15 20:59:55.355  1808  1808 I SurfaceFlinger: [Surface(name=7a9d783 NavigationBar0)/@0x10e1471 - animation-leash of insets_animation#179687] attach to parent LayerHierarchy{RequestedLayerState{WindowToken{ec79b94 type=2019 android.os.BinderProxy@3619da6}#172956 parentId=34} 1 children}
05-15 20:59:55.355  4195  4403 I HoneySpace.TopTaskUseCase: topTasks 1351 ComponentInfo{bitpit.launcher/bitpit.launcher.ui.HomeActivity}[displayId=0]
05-15 20:59:55.356  1808  2497 I SurfaceFlinger: id=179684 Removed Surface(name=8f932e4 StatusBar)/@0xabc478a - animation-leash of insets_animation#179684 (168)
