05-15 20:59:54.071  1977  2134 D PkgPredictorService-SecIpmManagerServiceImpl: onForegroundActivitiesChanged pid:24267 uid:10626
05-15 20:59:54.072 11062 11138 I VRI[test]@498a9ea: onActiveControlsChanged, removed=false, mAdded=true, caller=android.view.ViewRootImpl.handleInsetsControlChanged:3002 android.view.ViewRootImpl.relayoutWindow:11629 android.view.ViewRootImpl.performTraversals:4804 android.view.ViewRootImpl.doTraversal:3924 android.view.ViewRootImpl$TraversalRunnable.run:12903
05-15 20:59:54.072  1977  4221 V PkgPredictorService-SecIpmManagerServiceImpl: discard foreground app:es.uniovi.recetasasturianas.test 1|true
05-15 20:59:54.072  1977  2134 D NetworkPolicy: already checked 10626
05-15 20:59:54.072  1977  2134 D NetworkPolicy: already checked 10626
05-15 20:59:54.072  1808  1951 D SurfaceFlinger: [input] setFocusedWindow: <null>
05-15 20:59:54.073 11062 11138 W libc    : Access denied finding property "vendor.display.enable_optimal_refresh_rate"
05-15 20:59:54.073 11062 11138 I BufferQueueProducer: [](id:2b3600000149,api:0,p:-1,c:11062) setDequeueTimeout:2077252342
05-15 20:59:54.073 24267 24267 D ViewRootImpl: desktopMode is false
05-15 20:59:54.074 24267 24267 I ViewRootImpl: dVRR is disabled
05-15 20:59:54.074  1977  8791 D InputDispatcher: Once focus requested (0): <null>
05-15 20:59:54.074  1977  8791 D InputDispatcher: Focus request (0): <null> but waiting because NO_WINDOW
05-15 20:59:54.074  1977  8791 D InputDispatcher: Focus left window (0): 3b15c37 es.uniovi.recetasasturianas/es.uniovi.recetasasturianas.MainActivity
05-15 20:59:54.075 11062 11138 I BLASTBufferQueue_Java: new BLASTBufferQueue, mName= VRI[test]@498a9ea mNativeObject= 0xb400007e290472f0 caller= android.view.ViewRootImpl.updateBlastSurfaceIfNeeded:3585 android.view.ViewRootImpl.relayoutWindow:11685 android.view.ViewRootImpl.performTraversals:4804 android.view.ViewRootImpl.doTraversal:3924 android.view.ViewRootImpl$TraversalRunnable.run:12903 android.view.Choreographer$CallbackRecord.run:1901 android.view.Choreographer$CallbackRecord.run:1910 android.view.Choreographer.doCallbacks:1367 android.view.Choreographer.doFrame:1292 android.view.Choreographer$FrameDisplayEventReceiver.run:1870
05-15 20:59:54.076  1977  8791 D SurfaceComposerClient: setCornerRadius ## cd5eee1 Splash Screen es.uniovi.recetasasturianas.test#179652 cornerRadius=0.000000
05-15 20:59:54.076 11062 11138 I BLASTBufferQueue_Java: update, w= 1080 h= 2340 mName = VRI[test]@498a9ea mNativeObject= 0xb400007e290472f0 sc.mNativeObject= 0xb400007ea8d66950 format= -3 caller= android.view.ViewRootImpl.updateBlastSurfaceIfNeeded:3590 android.view.ViewRootImpl.relayoutWindow:11685 android.view.ViewRootImpl.performTraversals:4804 android.view.ViewRootImpl.doTraversal:3924 android.view.ViewRootImpl$TraversalRunnable.run:12903 android.view.Choreographer$CallbackRecord.run:1901
05-15 20:59:54.076 24090 24090 I ImeFocusController: onPreWindowFocus: skipped hasWindowFocus=false mHasImeFocus=true
05-15 20:59:54.077 24090 24090 I ImeFocusController: onPostWindowFocus: skipped hasWindowFocus=false mHasImeFocus=true
05-15 20:59:54.077  4195  4401 I HoneySpace.TopTaskSource: onTaskFocusChanged(): taskId = 2391
05-15 20:59:54.078 11062 11062 I {OngoingActivityController}: onTaskFocusChanged but OA data is empty
05-15 20:59:54.078 11062 11138 W libc    : Access denied finding property "vendor.display.enable_optimal_refresh_rate"
05-15 20:59:54.078 12633 21222 I Routine@Core[4.9.04.16]: ModesOrderManager: getOrderOrDefault: uuid(100)
05-15 20:59:54.079 24267 24288 D NativeCustomFrequencyManager: [NativeCFMS] BpCustomFrequencyManager::BpCustomFrequencyManager()
05-15 20:59:54.079 12633 21222 I Routine@Core[4.9.04.16]: ModesOrderManager: getOrder: uuid(100) -> order(999)
05-15 20:59:54.079 11062 11138 I VRI[test]@498a9ea: Relayout returned: old=(0,0,1080,2340) new=(0,0,1080,2340) relayoutAsync=false req=(1080,2340)0 dur=6 res=0x3 s={true 0xb400007de8f8f510} ch=true seqId=0
05-15 20:59:54.080 12633 21222 I Routine@Core[4.9.04.16]: ModeListHolder: update: size(1) updated(2026/05/15 20:59:54) [ModeMeta(id=1, uuid=100, iconResourceId=2131231140, iconStatusResourceId=2131231637, displayName=Sleep, isRunning=false, runningReason=, runningReasonCondition=, isSet=true, isDeleted=false, detailRunningReason=null, order=999, toggleTime=1778816639015)]
05-15 20:59:54.080 11062 11138 I VRI[test]@498a9ea: performConfigurationChange setNightDimText nightDimLevel=0
05-15 20:59:54.080 11062 11138 D VRI[test]@498a9ea: mThreadedRenderer.initialize() mSurface={isValid=true 0xb400007de8f8f510} hwInitialized=true
05-15 20:59:54.081  1977  6970 D InputTransport: Input channel constructed: 'a26e6bc', fd=1030
05-15 20:59:54.081  1977  6970 D InputTransport: Input channel constructed: 'a26e6bc', fd=1094
05-15 20:59:54.081  1977  6970 D InputTransport: Input channel constructed: 'a26e6bc', fd=1134
05-15 20:59:54.081  1977  6970 D InputTransport: Input channel destroyed: 'a26e6bc', fd=1094
05-15 20:59:54.081 11062 11138 D VRI[test]@498a9ea: reportNextDraw android.view.ViewRootImpl.performTraversals:5443 android.view.ViewRootImpl.doTraversal:3924 android.view.ViewRootImpl$TraversalRunnable.run:12903 android.view.Choreographer$CallbackRecord.run:1901 android.view.Choreographer$CallbackRecord.run:1910
05-15 20:59:54.081 11062 11138 D VRI[test]@498a9ea: Setup new sync=wmsSync-VRI[test]@498a9ea#34
05-15 20:59:54.081 11062 11138 I VRI[test]@498a9ea: Creating new active sync group VRI[test]@498a9ea#35
05-15 20:59:54.081  1808  4802 I SurfaceFlinger: id=179654 createSurf, flag=84004, a26e6bc es.uniovi.recetasasturianas.test/androidx.test.core.app.InstrumentationActivityInvoker$EmptyActivity#179654
05-15 20:59:54.082 11062 11138 D VRI[test]@498a9ea: registerCallbacksForSync syncBuffer=false
05-15 20:59:54.083 11062 11225 D VRI[test]@498a9ea: Received frameDrawingCallback syncResult=0 frameNum=1.
05-15 20:59:54.083  1977  6970 D InputTransport: Input channel destroyed: 'a26e6bc', fd=1134
05-15 20:59:54.083 11062 11225 I VRI[test]@498a9ea: mWNT: t=0xb400007df8e0a910 mBlastBufferQueue=0xb400007e290472f0 fn= 1 HdrRenderState mRenderHdrSdrRatio=1.0 caller= android.view.ViewRootImpl$12.onFrameDraw:15441 android.view.ThreadedRenderer$1.onFrameDraw:718 <bottom of call stack>
05-15 20:59:54.083 11062 11225 I VRI[test]@498a9ea: Setting up sync and frameCommitCallback
05-15 20:59:54.083 24267 24267 D InputTransport: Input channel constructed: 'a26e6bc', fd=124
05-15 20:59:54.084 24267 24267 I InsetsController: onStateChanged: host=es.uniovi.recetasasturianas.test/androidx.test.core.app.InstrumentationActivityInvoker$EmptyActivity, from=android.view.ViewRootImpl.onInsetsStateChanged:3026, state=InsetsState: {mDisplayFrame=Rect(0, 0 - 1080, 2340), mDisplayCutout=DisplayCutout{insets=Rect(0, 99 - 0, 0) waterfall=Insets{left=0, top=0, right=0, bottom=0} boundingRect={Bounds=[Rect(0, 0 - 0, 0), Rect(505, 0 - 575, 99), Rect(0, 0 - 0, 0), Rect(0, 0 - 0, 0)]} cutoutPathParserInfo={CutoutPathParserInfo{displayWidth=1080 displayHeight=2340 physicalDisplayWidth=1080 physicalDisplayHeight=2340 density={3.0} cutoutSpec={M 0,0 M 0,29 a 35,35 0 1,0 0,70 a 35,35 0 1,0 0,-70 Z} rotation={0} scale={1.0} physicalPixelDisplaySizeRatio={1.0}}} sideOverrides={}}, mRoundedCorners=RoundedCorners{[RoundedCorner{position=TopLeft, radius=108, center=Point(108, 108)}, RoundedCorner{position=TopRight, radius=108, center=Point(972, 108)}, RoundedCorner{position=BottomRight, radius=108, center=Point(972, 2232)}, RoundedCorner{position=BottomLeft, radius=108, center=Point(108, 2232)}]}  mRoundedCornerFrame=Rect(0, 0 - 1080, 2340), mPrivacyIndicatorBounds=PrivacyIndicatorBounds {static bounds=Rect(948, 0 - 1080, 99) rotation=0}, mDisplayShape=DisplayShape{ spec=-311912193 displayWidth=1080 displayHeight=2340 physicalPixelDisplaySizeRatio=1.0 rotation=0 offsetX=0 offsetY=0 scale=1.0}, mSources= { InsetsSource: {b73a0001 mType=navigationBars mFrame=[0,0][0,0] mVisible=true mFlags=SUPPRESS_SCRIM mSideHint=NONE mBoundingRects=null}, InsetsSource: {b73a0004 mType=systemGestures mFrame=[0,0][90,2340] mVisible=true mFlags= mSideHint=LEFT mBoundingRects=null}, InsetsSource: {b73a0005 mType=mandatorySystemGestures mFrame=[0,2265][1080,2340] mVisible=true mFlags= mSideHint=BOTTOM mBoundingRects=null}, InsetsSource: {b73a0006 mType=tappableElement mFrame=[0,0][0,0] mVisible=true mFlags= mSideHint=NONE mBoundingRects=null}, InsetsSource: {b73a0024 mType=systemGestures mFrame=[990,0][1080,2340] mVisible=true mFlags= mSideHint=RIGHT mBoundingRects=null}, InsetsSource: {3 mType=ime mFrame=[0,0][0,0] mVisible=false mFlags= mSideHint=NONE mBoundingRects=null}, InsetsSource: {27 mType=displayCutout mFrame=[0,0][1080,99] mVisible=true mFlags= mSideHint=TOP mBoundingRects=null}, InsetsSource: {9260000 mType=statusBars mFrame=[0,0][1080,99] mVisible=true mFlags= mSideHint=TOP mBoundingRects=null}, InsetsSource: {9260005 mType=mandatorySystemGestures mFrame=[0,0][1080,135] mVisible=true mFlags= mSideHint=TOP mBoundingRects=null}, InsetsSource: {9260006 mType=tappableElement mFrame=[0,0][1080,99] mVisible=true mFlags= mSideHint=TOP mBoundingRects=null} }
05-15 20:59:54.084 24267 24267 I VRI[InstrumentationActivityInvoker$EmptyActivity]@9aaffd5: synced displayState. AttachInfo displayState=2
05-15 20:59:54.086 11062 11227 I BLASTBufferQueue: [VRI[test]@498a9ea#329](f:0,a:0,s:0) onFrameAvailable the first frame is available
05-15 20:59:54.086 11062 11227 I SurfaceComposerClient: apply transaction with the first frame. layerId: 179653, bufferData(ID: 47510928231568, frameNumber: 1)
05-15 20:59:54.087 11062 11227 I VRI[test]@498a9ea: Received frameCommittedCallback lastAttemptedDrawFrameNum=1 didProduceBuffer=true
05-15 20:59:54.087  1808  1808 I SurfaceFlinger: [a26e6bc es.uniovi.recetasasturianas.test/androidx.test.core.app.InstrumentationActivityInvoker$EmptyActivity#179654] attach to parent LayerHierarchy{RequestedLayerState{ActivityRecord{229215882 u0 es.uniovi.recetasasturianas.test/androidx.test.core.app.InstrumentationActivityInvoker$EmptyActivity t2391}#179651 parentId=179650} 2 children}
05-15 20:59:54.087  1808  4802 I SurfaceFlinger: [Splash Screen es.uniovi.recetasasturianas.test$_11062#179653] setTransactionState with the first frame. bufferData(ID: 47510928231568, frameNumber: 1)
05-15 20:59:54.087 24267 24267 I VRI[InstrumentationActivityInvoker$EmptyActivity]@9aaffd5: setView = com.android.internal.policy.DecorView@bcc7578 IsHRR=false mFlingFrameRateChange=0 TM=true
05-15 20:59:54.088 24267 24288 D HWUI    : HWUI - treat SMPTE_170M as sRGB
05-15 20:59:54.088  1977  2505 D AnalyticsContainerHandler: handleMessage : { when=0 what=1 target=com.android.server.knox.KnoxAnalyticsContainer$AnalyticsHandler }
05-15 20:59:54.088 11062 11227 D HWUI    : CFMS:: SetUp Pid : 11062    Tid : 11227
05-15 20:59:54.088 11062 11138 D VRI[test]@498a9ea: reportDrawFinished seqId=0
05-15 20:59:54.089  1977  2505 D AnalyticsContainerHandler: handleMessage : { when=-1ms what=2 target=com.android.server.knox.KnoxAnalyticsContainer$AnalyticsHandler }
05-15 20:59:54.089  1977  2141 D EnterpriseDeviceManagerService: isMdmAdminPresentInternal() : MDM Admin Found - com.samsung.knox.securefolder
05-15 20:59:54.091  1977  2142 D SurfaceComposerClient: setCornerRadius ## a26e6bc es.uniovi.recetasasturianas.test/androidx.test.core.app.InstrumentationActivityInvoker$EmptyActivity#179654 cornerRadius=0.000000
05-15 20:59:54.093  1977  6970 I WindowManager: Relayout Window{a26e6bc u0 es.uniovi.recetasasturianas.test/androidx.test.core.app.InstrumentationActivityInvoker$EmptyActivity}: viewVisibility=0 req=1080x2340 ty=1 d0
05-15 20:59:54.094  1808  4802 I SurfaceFlinger: id=179655 createSurf, flag=44004, es.uniovi.recetasasturianas.test/androidx.test.core.app.InstrumentationActivityInvoker$EmptyActivity$_24267#179655
05-15 20:59:54.095  1977  6970 D SurfaceComposerClient: setCornerRadius ## a26e6bc es.uniovi.recetasasturianas.test/androidx.test.core.app.InstrumentationActivityInvoker$EmptyActivity#179654 cornerRadius=0.000000
05-15 20:59:54.095  1808  1808 I SurfaceFlinger: [es.uniovi.recetasasturianas.test/androidx.test.core.app.InstrumentationActivityInvoker$EmptyActivity$_24267#179655] attach to parent LayerHierarchy{RequestedLayerState{a26e6bc es.uniovi.recetasasturianas.test/androidx.test.core.app.InstrumentationActivityInvoker$EmptyActivity#179654 parentId=179651} 1 children}
05-15 20:59:54.096  1977  6970 I WindowManager: Relayout hash=a26e6bc, pid=24267, syncId=-1: mAttrs={(0,0)(fillxfill) sim={adjust=pan forwardNavigation} layoutInDisplayCutoutMode=always ty=BASE_APPLICATION
05-15 20:59:54.096  1977  6970 I WindowManager:   fl=81810100
05-15 20:59:54.096  1977  6970 I WindowManager:   pfl=100088c0
05-15 20:59:54.096  1977  6970 I WindowManager:   bhv=1
05-15 20:59:54.096  1977  6970 I WindowManager:   fitSides=0
05-15 20:59:54.096  1977  6970 I WindowManager:   frameRateBoostOnTouch=true
05-15 20:59:54.096  1977  6970 I WindowManager:   dvrrWindowFrameRateHint=true naviIconColor=0}
05-15 20:59:54.097 24267 24267 W libc    : Access denied finding property "vendor.display.enable_optimal_refresh_rate"
05-15 20:59:54.097 24267 24267 I BufferQueueProducer: [](id:5ecb00000007,api:0,p:1221840880,c:24267) setDequeueTimeout:2077252342
05-15 20:59:54.098 12633 21222 I Routine@Core[4.9.04.16]: ActivityWatcherListenerImpl: onResumeComponent: componentName - es.uniovi.recetasasturianas.test, androidx.test.core.app.InstrumentationActivityInvoker$EmptyActivity, userId: 0
05-15 20:59:54.098 24267 24267 I BLASTBufferQueue_Java: new BLASTBufferQueue, mName= VRI[InstrumentationActivityInvoker$EmptyActivity]@9aaffd5 mNativeObject= 0xb400007e28db39e0 caller= android.view.ViewRootImpl.updateBlastSurfaceIfNeeded:3585 android.view.ViewRootImpl.relayoutWindow:11685 android.view.ViewRootImpl.performTraversals:4804 android.view.ViewRootImpl.doTraversal:3924 android.view.ViewRootImpl$TraversalRunnable.run:12903 android.view.Choreographer$CallbackRecord.run:1901 android.view.Choreographer$CallbackRecord.run:1910 android.view.Choreographer.doCallbacks:1367 android.view.Choreographer.doFrame:1292 android.view.Choreographer$FrameDisplayEventReceiver.run:1870
05-15 20:59:54.098 24267 24267 I BLASTBufferQueue_Java: update, w= 1080 h= 2340 mName = VRI[InstrumentationActivityInvoker$EmptyActivity]@9aaffd5 mNativeObject= 0xb400007e28db39e0 sc.mNativeObject= 0xb400007ea8d21410 format= -1 caller= android.view.ViewRootImpl.updateBlastSurfaceIfNeeded:3590 android.view.ViewRootImpl.relayoutWindow:11685 android.view.ViewRootImpl.performTraversals:4804 android.view.ViewRootImpl.doTraversal:3924 android.view.ViewRootImpl$TraversalRunnable.run:12903 android.view.Choreographer$CallbackRecord.run:1901
05-15 20:59:54.099 24267 24267 W libc    : Access denied finding property "vendor.display.enable_optimal_refresh_rate"
05-15 20:59:54.099  1977  2141 I SemDvfsHyPerManager: acquire hyper - AMS_RESUME_TAIL/1977@22, type = -999
05-15 20:59:54.099  1977  2141 I SemDvfsHyPerManager: acquire hyper - AMS_ACT_LAZY/1977@23, type = -999
05-15 20:59:54.099 12633 21222 I Routine@Core[4.9.04.16]: Pref: putSharedPrefsData: key=condition_launch_app_data_resume_pkg, data.size=102
05-15 20:59:54.099 24267 24267 I VRI[InstrumentationActivityInvoker$EmptyActivity]@9aaffd5: Relayout returned: old=(0,0,1080,2340) new=(0,0,1080,2340) relayoutAsync=false req=(1080,2340)0 dur=3 res=0x3 s={true 0xb400007de8d4b8a0} ch=true seqId=0
05-15 20:59:54.100 24267 24267 D VRI[InstrumentationActivityInvoker$EmptyActivity]@9aaffd5: mThreadedRenderer.initialize() mSurface={isValid=true 0xb400007de8d4b8a0} hwInitialized=true
05-15 20:59:54.101 24267 24267 D VRI[InstrumentationActivityInvoker$EmptyActivity]@9aaffd5: reportNextDraw android.view.ViewRootImpl.performTraversals:5443 android.view.ViewRootImpl.doTraversal:3924 android.view.ViewRootImpl$TraversalRunnable.run:12903 android.view.Choreographer$CallbackRecord.run:1901 android.view.Choreographer$CallbackRecord.run:1910
05-15 20:59:54.101 24267 24267 D VRI[InstrumentationActivityInvoker$EmptyActivity]@9aaffd5: Setup new sync=wmsSync-VRI[InstrumentationActivityInvoker$EmptyActivity]@9aaffd5#14
05-15 20:59:54.101 24267 24267 I VRI[InstrumentationActivityInvoker$EmptyActivity]@9aaffd5: Creating new active sync group VRI[InstrumentationActivityInvoker$EmptyActivity]@9aaffd5#15
05-15 20:59:54.101 24267 24267 D VRI[InstrumentationActivityInvoker$EmptyActivity]@9aaffd5: registerCallbacksForSync syncBuffer=false
05-15 20:59:54.102  1632  1829 I HYPER-HAL: [RequestManager.cpp]acquire(): Acquired ID : 1999022  [1977 / 22]    HINT : AMS_RESUME_TAIL    list :
05-15 20:59:54.104  1632  1829 I HYPER-HAL: [ResourceManager.cpp]updateResource(): [CPUMinFreq] UpdateResource Request ID : 1999022    Value : 1785600
05-15 20:59:54.104  1632  1829 I HYPER-HAL: [RequestManager.cpp]acquire(): Acquired ID : 2001023  [1977 / 23]    HINT : AMS_ACT_LAZY    list :
05-15 20:59:54.104  1632  1829 I HYPER-HAL: [ResourceManager.cpp]removeResource(): [CPULittleMinFreq] RemoveResource Request ID : 2011043
05-15 20:59:54.107 24267 24293 D VRI[InstrumentationActivityInvoker$EmptyActivity]@9aaffd5: Received frameDrawingCallback syncResult=0 frameNum=1.
05-15 20:59:54.107  1632  1829 I HYPER-HAL: [ResourceManager.cpp]removeResource(): [CPUMinFreq] RemoveResource Request ID : 2011043
05-15 20:59:54.107  1632  1829 I HYPER-HAL: [RequestManager.cpp]releaseLocked(): Released ID : 2011043
05-15 20:59:54.109  4195  4401 I HoneySpace.TopTaskSource: onTaskMovedToFront : taskId = 1351, displayId = 0
05-15 20:59:54.110  4195  4403 I HoneySpace.TopTaskUseCase: topTasks 1351 ComponentInfo{bitpit.launcher/bitpit.launcher.ui.HomeActivity}[displayId=0]
05-15 20:59:54.111  4195 30507 I HoneySpace.RecentTasks: onRecentTasksChanged
05-15 20:59:54.111 24267 24293 I VRI[InstrumentationActivityInvoker$EmptyActivity]@9aaffd5: mWNT: t=0xb400007df8d3c490 mBlastBufferQueue=0xb400007e28db39e0 fn= 1 HdrRenderState mRenderHdrSdrRatio=1.0 caller= android.view.ViewRootImpl$12.onFrameDraw:15441 android.view.ThreadedRenderer$1.onFrameDraw:718 <bottom of call stack>
05-15 20:59:54.111 24267 24293 I VRI[InstrumentationActivityInvoker$EmptyActivity]@9aaffd5: Setting up sync and frameCommitCallback
05-15 20:59:54.112 24267 24288 I BLASTBufferQueue: [VRI[InstrumentationActivityInvoker$EmptyActivity]@9aaffd5#7](f:0,a:0,s:0) onFrameAvailable the first frame is available
05-15 20:59:54.112 24267 24288 I SurfaceComposerClient: apply transaction with the first frame. layerId: 179655, bufferData(ID: 104225971372060, frameNumber: 1)
05-15 20:59:54.113  1808  4802 I SurfaceFlinger: [es.uniovi.recetasasturianas.test/androidx.test.core.app.InstrumentationActivityInvoker$EmptyActivity$_24267#179655] setTransactionState with the first frame. bufferData(ID: 104225971372060, frameNumber: 1)
05-15 20:59:54.113 24267 24288 I VRI[InstrumentationActivityInvoker$EmptyActivity]@9aaffd5: Received frameCommittedCallback lastAttemptedDrawFrameNum=1 didProduceBuffer=true
05-15 20:59:54.114 24267 24288 D HWUI    : CFMS:: SetUp Pid : 24267    Tid : 24288
05-15 20:59:54.114 24267 24267 D VRI[InstrumentationActivityInvoker$EmptyActivity]@9aaffd5: reportDrawFinished seqId=0
05-15 20:59:54.115  1977  8791 I SemDvfsHyPerManager: acquire hyper - AMS_APP_HOME/1977@29, type = -999
05-15 20:59:54.116  1632  1829 I HYPER-HAL: [RequestManager.cpp]acquire(): Acquired ID : 2013050  [1977 / 29]    HINT : AMS_APP_HOME    list :
05-15 20:59:54.116  5896  5896 I SemDvfsHyPerManager: acquire hyper - APP_START_HOME/5896@16, type = -999
05-15 20:59:54.119  1632  1829 I HYPER-HAL: [ResourceManager.cpp]updateResource(): [CPUMinFreq] UpdateResource Request ID : 2013050    Value : 2841600
05-15 20:59:54.119  1632  1829 I HYPER-HAL: [RequestManager.cpp]acquire(): Acquired ID : 17478844  [5896 / 16]    HINT : APP_START    list : [KERNEL_APP_START_NOTIFY / 0] [TIMEOUT / 1500]
05-15 20:59:54.119  1632  1829 I HYPER-HAL: [ResourceManager.cpp]updateResource(): [CPUMaxFreq] UpdateResource Request ID : 17478844    Value : 2841600
05-15 20:59:54.124  1977  8791 D InputDispatcher: Focused application(0): ActivityRecord{148716444 u0 bitpit.launcher/.ui.HomeActivity t1351}
05-15 20:59:54.124  1977  3186 D AS.MultiSoundManager: mForegroundUid = 10578
05-15 20:59:54.126  1977  8791 D SurfaceComposerClient: setCornerRadius ## c5a06c0 bitpit.launcher/bitpit.launcher.ui.HomeActivity#155257 cornerRadius=0.000000
05-15 20:59:54.126 20661 20661 I VRI[HomeActivity]@27ecfc4: handleAppVisibility mAppVisible = false visible = true
05-15 20:59:54.126 20661 20661 I VRI[HomeActivity]@27ecfc4: stopped(false) old = true
05-15 20:59:54.126 20661 20661 D VRI[HomeActivity]@27ecfc4: WindowStopped on bitpit.launcher/bitpit.launcher.ui.HomeActivity set to false
05-15 20:59:54.126  1977  2142 D SurfaceComposerClient: setCornerRadius ## c5a06c0 bitpit.launcher/bitpit.launcher.ui.HomeActivity#155257 cornerRadius=0.000000
05-15 20:59:54.127 20661 20661 D ViewRootImpl: Skipping stats log for color mode
05-15 20:59:54.128  1977  3310 D NetdEventListenerService: DNS Requested by 2805, 10332(proton.android.pass), SUCCESS, 352ms
05-15 20:59:54.128 12633 12673 I Routine@Core[4.9.04.16]: ActivityWatcherListenerImpl: onPauseComponent: componentName - es.uniovi.recetasasturianas.test, userId: 0
05-15 20:59:54.129 12633 12673 I Routine@Core[4.9.04.16]: Pref: removeSharedPrefsData() key=condition_launch_app_data_resume_pkg
05-15 20:59:54.130  1977  3310 D NetdEventListenerService: DNS Requested by 2805, 10332(proton.android.pass), SUCCESS, 328ms
05-15 20:59:54.130  4195  4401 I HoneySpace.TopTaskSource: onTaskFocusChanged(): taskId = 1351
05-15 20:59:54.131  1977  6943 I AppWidgetServiceImpl: lookupOrAddHostLocked = HostId{user:0, app:10578, hostId:4354, pkg:bitpit.launcher}
05-15 20:59:54.131  1977  6943 I AppWidgetServiceImpl: startListening callbacks : com.android.internal.appwidget.IAppWidgetHost$Stub$Proxy@7fb29dd intervalEnsure:741451691 intervalHostLock:741451691 LhostId:HostId{user:0, app:10578, hostId:4354, pkg:bitpit.launcher}
05-15 20:59:54.131  4195  4395 I HoneySpace.StatusIconTracker: invokeEvent() called with: event = Mobile(bundle=Bundle[mParcelledData.dataSize=256])
05-15 20:59:54.132  1977  3310 D NetdEventListenerService: DNS Requested by 2805, 10332(proton.android.pass), SUCCESS, 342ms
05-15 20:59:54.132 12633 21222 I Routine@Core[4.9.04.16]: ModeOrderObserver: ModeOrderObserver:onChange: uri content://com.samsung.android.app.routines.routineprovider/preference
05-15 20:59:54.133 11062 11062 I {OngoingActivityController}: onTaskFocusChanged but OA data is empty
05-15 20:59:54.136  1977  3310 D NetdEventListenerService: DNS Requested by 2805, 10332(proton.android.pass), SUCCESS, 368ms
05-15 20:59:54.136  1977  3310 D NetdEventListenerService: DNS Requested by 2805, 10332(proton.android.pass), SUCCESS, 363ms
05-15 20:59:54.136  1977  2505 D AnalyticsContainerHandler: handleMessage : { when=0 what=1 target=com.android.server.knox.KnoxAnalyticsContainer$AnalyticsHandler }
05-15 20:59:54.136  1977  2505 D AnalyticsContainerHandler: handleMessage : { when=0 what=2 target=com.android.server.knox.KnoxAnalyticsContainer$AnalyticsHandler }
05-15 20:59:54.141 12633 21222 I Routine@Core[4.9.04.16]: ModesOrderManager: getOrderOrDefault: uuid(100)
05-15 20:59:54.142  1977  8791 I WindowManager: Relayout Window{c5a06c0 u0 bitpit.launcher/bitpit.launcher.ui.HomeActivity}: viewVisibility=0 req=1080x2340 ty=1 d0
05-15 20:59:54.142  1808  1899 I SurfaceFlinger: id=179656 createSurf, flag=44004, bitpit.launcher/bitpit.launcher.ui.HomeActivity$_20661#179656
05-15 20:59:54.142 12633 21222 I Routine@Core[4.9.04.16]: ModesOrderManager: getOrder: uuid(100) -> order(999)
05-15 20:59:54.142 12633 21222 I Routine@Core[4.9.04.16]: ModeListHolder: update: size(1) updated(2026/05/15 20:59:54) [ModeMeta(id=1, uuid=100, iconResourceId=2131231140, iconStatusResourceId=2131231637, displayName=Sleep, isRunning=false, runningReason=, runningReasonCondition=, isSet=true, isDeleted=false, detailRunningReason=null, order=999, toggleTime=1778816639015)]
05-15 20:59:54.144  1977  8791 D SurfaceComposerClient: setCornerRadius ## c5a06c0 bitpit.launcher/bitpit.launcher.ui.HomeActivity#155257 cornerRadius=0.000000
05-15 20:59:54.145  1808  1808 I SurfaceFlinger: [bitpit.launcher/bitpit.launcher.ui.HomeActivity$_20661#179656] attach to parent LayerHierarchy{RequestedLayerState{c5a06c0 bitpit.launcher/bitpit.launcher.ui.HomeActivity#155257 parentId=116667} 1 children}
05-15 20:59:54.145  1977  8791 D SurfaceComposerClient: setCornerRadius ## c5a06c0 bitpit.launcher/bitpit.launcher.ui.HomeActivity#155257 cornerRadius=0.000000
05-15 20:59:54.147  3438  3438 D TelephonyManager: requestModemActivityInfo: Sending result to app: ModemActivityInfo{ mTimestamp=741451706 mSleepTimeMs=466901883 mIdleTimeMs=24658602 mActivityStatsTechSpecificInfo=[{mRat=UNKNOWN,mFrequencyRange=UNKNOWN,mTxTimeMs[]=[3786725, 3712535, 4393218, 10094846, 6603444],mRxTimeMs=223430469}]}
05-15 20:59:54.147  1977  2141 D EnterpriseDeviceManagerService: isMdmAdminPresentInternal() : MDM Admin Found - com.samsung.knox.securefolder
05-15 20:59:54.148  1808  1899 I SurfaceFlinger: id=179657 createSurf, flag=24000, Surface(name=8f932e4 StatusBar)/@0xabc478a - animation-leash of insets_animation#179657
05-15 20:59:54.150  1808  1899 I SurfaceFlinger: id=179658 createSurf, flag=24000, Surface(name=7a9d783 NavigationBar0)/@0x10e1471 - animation-leash of insets_animation#179658
05-15 20:59:54.151  1977  8791 I SystemKeyManager: requested systemKeyInfo size=1 focusedWindow=bitpit.launcher/bitpit.launcher.ui.HomeActivity
05-15 20:59:54.151  1977  8791 I SystemKeyManager: requested systemKeyInfo size=1 focusedWindow=bitpit.launcher/bitpit.launcher.ui.HomeActivity
05-15 20:59:54.153  1977  8791 I WindowManager: Relayout hash=c5a06c0, pid=20661, syncId=-1: mAttrs={(0,0)(fillxfill) sim={state=always_hidden adjust=resize forwardNavigation} layoutInDisplayCutoutMode=always ty=BASE_APPLICATION fmt=TRANSPARENT wanim=0x1030317
05-15 20:59:54.153  1977  8791 I WindowManager:   fl=80910100
05-15 20:59:54.153  1977  8791 I WindowManager:   pfl=10008840
05-15 20:59:54.153  1977  8791 I WindowManager:   bhv=1
05-15 20:59:54.153  1977  8791 I WindowManager:   fitSides=0
05-15 20:59:54.153  1977  8791 I WindowManager:   frameRateBoostOnTouch=true
05-15 20:59:54.153  1977  8791 I WindowManager:   dvrrWindowFrameRateHint=true naviIconColor=0}
05-15 20:59:54.153  1808  1808 I SurfaceFlinger: [LayerHierarchy{RequestedLayerState{7a9d783 NavigationBar0#172957 parentId=179658} 1 children}] reparent to LayerHierarchy{RequestedLayerState{Surface(name=7a9d783 NavigationBar0)/@0x10e1471 - animation-leash of insets_animation#179658 parentId=172956} 1 children}
05-15 20:59:54.153  1808  1808 I SurfaceFlinger: [LayerHierarchy{RequestedLayerState{8f932e4 StatusBar#172964 parentId=179657} 1 children}] reparent to LayerHierarchy{RequestedLayerState{Surface(name=8f932e4 StatusBar)/@0xabc478a - animation-leash of insets_animation#179657 parentId=172963} 1 children}
05-15 20:59:54.153  1808  1808 I SurfaceFlinger: [LayerHierarchy{RequestedLayerState{Surface(name=7a9d783 NavigationBar0)/@0x10e1471 - animation-leash of insets_animation#179646} no children}] reparent to OffscreenRoot
05-15 20:59:54.153  1808  1808 I SurfaceFlinger: [LayerHierarchy{RequestedLayerState{Surface(name=7a9d783 NavigationBar0)/@0x10e1471 - animation-leash of insets_animation#179646} no children}] RelativeParent to null
05-15 20:59:54.153  1808  1808 I SurfaceFlinger: [LayerHierarchy{RequestedLayerState{Surface(name=8f932e4 StatusBar)/@0xabc478a - animation-leash of insets_animation#179645} no children}] reparent to OffscreenRoot
05-15 20:59:54.153  1808  1808 I SurfaceFlinger: [LayerHierarchy{RequestedLayerState{Surface(name=8f932e4 StatusBar)/@0xabc478a - animation-leash of insets_animation#179645} no children}] RelativeParent to null
05-15 20:59:54.153  1808  1808 I SurfaceFlinger: [Surface(name=8f932e4 StatusBar)/@0xabc478a - animation-leash of insets_animation#179657] attach to parent LayerHierarchy{RequestedLayerState{WindowToken{68a9b23 type=2000 android.os.BinderProxy@abe78dd}#172963 parentId=17} 1 children}
05-15 20:59:54.153  1808  1808 I SurfaceFlinger: [Surface(name=7a9d783 NavigationBar0)/@0x10e1471 - animation-leash of insets_animation#179658] attach to parent LayerHierarchy{RequestedLayerState{WindowToken{ec79b94 type=2019 android.os.BinderProxy@3619da6}#172956 parentId=34} 1 children}
05-15 20:59:54.153  1977  2142 D SurfaceComposerClient: setCornerRadius ## c5a06c0 bitpit.launcher/bitpit.launcher.ui.HomeActivity#155257 cornerRadius=0.000000
05-15 20:59:54.154 11062 20188 I WallpaperService: dispatchAppVisibility: systemlock, visible=true , mLidState = -1
05-15 20:59:54.154 20661 20661 I InsetsController: onStateChanged: host=bitpit.launcher/bitpit.launcher.ui.HomeActivity, from=android.view.ViewRootImpl.onInsetsStateChanged:3026, state=InsetsState: {mDisplayFrame=Rect(0, 0 - 1080, 2340), mDisplayCutout=DisplayCutout{insets=Rect(0, 99 - 0, 0) waterfall=Insets{left=0, top=0, right=0, bottom=0} boundingRect={Bounds=[Rect(0, 0 - 0, 0), Rect(505, 0 - 575, 99), Rect(0, 0 - 0, 0), Rect(0, 0 - 0, 0)]} cutoutPathParserInfo={CutoutPathParserInfo{displayWidth=1080 displayHeight=2340 physicalDisplayWidth=1080 physicalDisplayHeight=2340 density={3.0} cutoutSpec={M 0,0 M 0,29 a 35,35 0 1,0 0,70 a 35,35 0 1,0 0,-70 Z} rotation={0} scale={1.0} physicalPixelDisplaySizeRatio={1.0}}} sideOverrides={}}, mRoundedCorners=RoundedCorners{[RoundedCorner{position=TopLeft, radius=108, center=Point(108, 108)}, RoundedCorner{position=TopRight, radius=108, center=Point(972, 108)}, RoundedCorner{position=BottomRight, radius=108, center=Point(972, 2232)}, RoundedCorner{position=BottomLeft, radius=108, center=Point(108, 2232)}]}  mRoundedCornerFrame=Rect(0, 0 - 1080, 2340), mPrivacyIndicatorBounds=PrivacyIndicatorBounds {static bounds=Rect(948, 0 - 1080, 99) rotation=0}, mDisplayShape=DisplayShape{ spec=-311912193 displayWidth=1080 displayHeight=2340 physicalPixelDisplaySizeRatio=1.0 rotation=0 offsetX=0 offsetY=0 scale=1.0}, mSources= { InsetsSource: {b73a0001 mType=navigationBars mFrame=[0,0][0,0] mVisible=true mFlags=SUPPRESS_SCRIM mSideHint=NONE mBoundingRects=null}, InsetsSource: {b73a0004 mType=systemGestures mFrame=[0,0][90,2340] mVisible=true mFlags= mSideHint=LEFT mBoundingRects=null}, InsetsSource: {b73a0005 mType=mandatorySystemGestures mFrame=[0,2265][1080,2340] mVisible=true mFlags= mSideHint=BOTTOM mBoundingRects=null}, InsetsSource: {b73a0006 mType=tappableElement mFrame=[0,0][0,0] mVisible=true mFlags= mSideHint=NONE mBoundingRects=null}, InsetsSource: {b73a0024 mType=systemGestures mFrame=[990,0][1080,2340] mVisible=true mFlags= mSideHint=RIGHT mBoundingRects=null}, InsetsSource: {3 mType=ime mFrame=[0,0][0,0] mVisible=false mFlags= mSideHint=NONE mBoundingRects=null}, InsetsSource: {27 mType=displayCutout mFrame=[0,0][1080,99] mVisible=true mFlags= mSideHint=TOP mBoundingRects=null}, InsetsSource: {9260000 mType=statusBars mFrame=[0,0][1080,99] mVisible=true mFlags= mSideHint=TOP mBoundingRects=null}, InsetsSource: {9260005 mType=mandatorySystemGestures mFrame=[0,0][1080,135] mVisible=true mFlags= mSideHint=TOP mBoundingRects=null}, InsetsSource: {9260006 mType=tappableElement mFrame=[0,0][1080,99] mVisible=true mFlags= mSideHint=TOP mBoundingRects=null} }
05-15 20:59:54.154 11062 11719 I WallpaperService: updateSurface systemlock forceRelayout=false forceReport=false redrawNeeded=false myWidth=-1 myHeight=-1 fixedSize=false x = 0 y = 0 mWidth=-1 mHeight=-1
05-15 20:59:54.154 11062 11719 I WallpaperService: reportVisibility: visibility changed. visible=true
05-15 20:59:54.154 11062 11719 I ImageWallpaper_7[Image]:  onVisibilityChanged: visible=true , displayId=0
05-15 20:59:54.155 20661 20661 W libc    : Access denied finding property "vendor.display.enable_optimal_refresh_rate"
05-15 20:59:54.155 20661 20661 I BufferQueueProducer: [](id:50b500000357,api:0,p:1222536688,c:20661) setDequeueTimeout:2077252342
05-15 20:59:54.155  1977  2142 D SurfaceComposerClient: setCornerRadius ## c5a06c0 bitpit.launcher/bitpit.launcher.ui.HomeActivity#155257 cornerRadius=0.000000
05-15 20:59:54.155 20661 20661 I BLASTBufferQueue_Java: new BLASTBufferQueue, mName= VRI[HomeActivity]@27ecfc4 mNativeObject= 0xb400007e28de3ce0 caller= android.view.ViewRootImpl.updateBlastSurfaceIfNeeded:3585 android.view.ViewRootImpl.relayoutWindow:11685 android.view.ViewRootImpl.performTraversals:4804 android.view.ViewRootImpl.doTraversal:3924 android.view.ViewRootImpl$TraversalRunnable.run:12903 android.view.Choreographer$CallbackRecord.run:1901 android.view.Choreographer$CallbackRecord.run:1910 android.view.Choreographer.doCallbacks:1367 android.view.Choreographer.doFrame:1292 android.view.Choreographer$FrameDisplayEventReceiver.run:1870
05-15 20:59:54.155 20661 20661 I BLASTBufferQueue_Java: update, w= 1080 h= 2340 mName = VRI[HomeActivity]@27ecfc4 mNativeObject= 0xb400007e28de3ce0 sc.mNativeObject= 0xb400007ea8dde050 format= -2 caller= android.view.ViewRootImpl.updateBlastSurfaceIfNeeded:3590 android.view.ViewRootImpl.relayoutWindow:11685 android.view.ViewRootImpl.performTraversals:4804 android.view.ViewRootImpl.doTraversal:3924 android.view.ViewRootImpl$TraversalRunnable.run:12903 android.view.Choreographer$CallbackRecord.run:1901
05-15 20:59:54.156  1977  2142 D SurfaceComposerClient: setCornerRadius ## c5a06c0 bitpit.launcher/bitpit.launcher.ui.HomeActivity#155257 cornerRadius=0.000000
05-15 20:59:54.156  1977  8791 D DARUtil : Device owner status not updated yet...
05-15 20:59:54.156  1977  8791 D DARUtil : Not an enterprise user : 0
05-15 20:59:54.156 20661 20661 W libc    : Access denied finding property "vendor.display.enable_optimal_refresh_rate"
05-15 20:59:54.156  1977  8791 D DARUtil : Device owner status not updated yet...
05-15 20:59:54.156  1977  8791 D DARUtil : Not an enterprise user : 0
05-15 20:59:54.156  1977  8791 D SyntheticPasswordManager.SDP: Inside fromBytes() - result.pinLength : -1
05-15 20:59:54.156  1977  8791 D SyntheticPasswordManager.SDP: 1. result.secureMode : 0
05-15 20:59:54.157 11062 11719 D ImageWallpaper[WallpaperAnimator]: onEngineVisibilityChanged: visible = true, which = 7, isFullAodShown = false, isMultipack = false, mKeyguardState = false
05-15 20:59:54.157 11062 11719 D ImageWallpaper[WallpaperAnimator]: changeToDownScaleImmediately
05-15 20:59:54.157 11062 11719 I ImageWallpaper[WallpaperAnimator]: release
05-15 20:59:54.157 20661 20661 I VRI[HomeActivity]@27ecfc4: Relayout returned: old=(0,0,1080,2340) new=(0,0,1080,2340) relayoutAsync=false req=(1080,2340)0 dur=13 res=0x3 s={true 0xb400007de8d93280} ch=true seqId=0
05-15 20:59:54.158 11062 11191 D CollapsedStatusBarFragmentExt: fullscreen    shouldHideIconsForNextAppWindow:false, lastFullscreen(pkg:bitpit.launcher, flag:false),    keyguard(fa:false, ga:false, oc:false, show:false)
05-15 20:59:54.159 20661 20661 D VRI[HomeActivity]@27ecfc4: mThreadedRenderer.initialize() mSurface={isValid=true 0xb400007de8d93280} hwInitialized=true
05-15 20:59:54.161 20661 20661 D VRI[HomeActivity]@27ecfc4: reportNextDraw android.view.ViewRootImpl.performTraversals:5443 android.view.ViewRootImpl.doTraversal:3924 android.view.ViewRootImpl$TraversalRunnable.run:12903 android.view.Choreographer$CallbackRecord.run:1901 android.view.Choreographer$CallbackRecord.run:1910
05-15 20:59:54.161  1808  1808 I SurfaceFlinger: RequestedLayer [com.android.systemui.wallpapers.ImageWallpaper$_11062#178729] hidden!! flag  from(1) --> to(0)
05-15 20:59:54.161 20661 20661 D VRI[HomeActivity]@27ecfc4: Setup new sync=wmsSync-VRI[HomeActivity]@27ecfc4#7
05-15 20:59:54.161 20661 20661 I VRI[HomeActivity]@27ecfc4: Creating new active sync group VRI[HomeActivity]@27ecfc4#8
05-15 20:59:54.162 20661 20661 D VRI[HomeActivity]@27ecfc4: Start draw after previous draw not visible
05-15 20:59:54.162  1808  1899 I SurfaceFlinger: id=179645 Removed Surface(name=8f932e4 StatusBar)/@0xabc478a - animation-leash of insets_animation#179645 (180)
05-15 20:59:54.162  1808  4802 I SurfaceFlinger: id=179646 Removed Surface(name=7a9d783 NavigationBar0)/@0x10e1471 - animation-leash of insets_animation#179646 (180)
05-15 20:59:54.162 20661 20661 D VRI[HomeActivity]@27ecfc4: registerCallbacksForSync syncBuffer=false
05-15 20:59:54.163  1808  1951 D SurfaceFlinger: [input] setFocusedWindow: c5a06c0 bitpit.launcher/bitpit.launcher.ui.HomeActivity
05-15 20:59:54.163  1977  8791 D InputDispatcher: Once focus requested (0): c5a06c0 bitpit.launcher/bitpit.launcher.ui.HomeActivity
05-15 20:59:54.163  1977  8791 D InputDispatcher: Focus request (0): c5a06c0 bitpit.launcher/bitpit.launcher.ui.HomeActivity but waiting because NO_WINDOW
05-15 20:59:54.164  1808  4802 I SurfaceFlinger: id=179628 Removed Surface(name=8f932e4 StatusBar)/@0xabc478a - animation-leash of insets_animation#179628 (180)
05-15 20:59:54.164 20661 20727 D VRI[HomeActivity]@27ecfc4: Received frameDrawingCallback syncResult=0 frameNum=1.
05-15 20:59:54.164 20661 20727 I VRI[HomeActivity]@27ecfc4: mWNT: t=0xb400007df8dcb210 mBlastBufferQueue=0xb400007e28de3ce0 fn= 1 HdrRenderState mRenderHdrSdrRatio=1.0 caller= android.view.ViewRootImpl$12.onFrameDraw:15441 android.view.ThreadedRenderer$1.onFrameDraw:718 <bottom of call stack>
05-15 20:59:54.164 20661 20727 I VRI[HomeActivity]@27ecfc4: Setting up sync and frameCommitCallback
05-15 20:59:54.164  1977  2142 D SurfaceComposerClient: setCornerRadius ## c5a06c0 bitpit.launcher/bitpit.launcher.ui.HomeActivity#155257 cornerRadius=0.000000
05-15 20:59:54.165  1977  2142 D SurfaceComposerClient: setCornerRadius ## c5a06c0 bitpit.launcher/bitpit.launcher.ui.HomeActivity#155257 cornerRadius=0.000000
05-15 20:59:54.166 12633 21222 I Routine@Core[4.9.04.16]: ActivityWatcherListenerImpl: onResumeComponent: componentName - bitpit.launcher, bitpit.launcher.ui.HomeActivity, userId: 0
05-15 20:59:54.167  6323  6323 I VRI[]@f636171: handleResized, frames=ClientWindowFrames{frame=[395,-13][685,145] display=[-100000,-100000][100000,100000] parentFrame=[0,0][0,0]} displayId=0 dragResizing=false compatScale=1.0 frameChanged=false attachedFrameChanged=false configChanged=false displayChanged=false compatScaleChanged=false dragResizingChanged=false
05-15 20:59:54.167  6323  6323 I VRI[]@d065a31: handleResized, frames=ClientWindowFrames{frame=[0,0][1080,115] display=[0,0][1080,2340] parentFrame=[0,0][0,0]} displayId=0 dragResizing=false compatScale=1.0 frameChanged=false attachedFrameChanged=false configChanged=false displayChanged=false compatScaleChanged=false dragResizingChanged=false
05-15 20:59:54.167 11062 11062 I WallpaperService: resized: systemlock, reportDraw=false, forceLayout=false, displayId=0
05-15 20:59:54.167 11062 11062 I VRI[NavigationBar0]@e1dc51d: handleResized, frames=ClientWindowFrames{frame=[0,2196][1080,2340] display=[0,0][1080,2340] parentFrame=[0,0][0,0]} displayId=0 dragResizing=false compatScale=1.0 frameChanged=false attachedFrameChanged=false configChanged=false displayChanged=false compatScaleChanged=false dragResizingChanged=false
05-15 20:59:54.167 11062 11062 I VRI[ScreenDecorOverlay]@6f4609c: Resizing android.view.ViewRootImpl@48f9e69: frame = [0,0][1080,121] reportDraw = false forceLayout = false syncSeqId = -1
05-15 20:59:54.168 11062 11062 I VRI[ScreenDecorOverlayBottom]@8250f9b: Resizing android.view.ViewRootImpl@229441c: frame = [0,2219][1080,2340] reportDraw = false forceLayout = false syncSeqId = -1
05-15 20:59:54.168 12633 21222 I Routine@Core[4.9.04.16]: Pref: putSharedPrefsData: key=condition_launch_app_data_resume_pkg, data.size=49
05-15 20:59:54.168 11062 11719 I WallpaperService: handleResized: which=7, reportDraw=false
05-15 20:59:54.168 11062 11719 I WallpaperService: updateSurface systemlock forceRelayout=true forceReport=false redrawNeeded=false myWidth=-1 myHeight=-1 fixedSize=false x = 0 y = 0 mWidth=-1 mHeight=-1
05-15 20:59:54.168 11062 11719 I WallpaperService: maxBounds : Rect(0, 0 - 1080, 2340) , mDeviceHeight : 2340, mDeviceWidth : 1080,mDeviceRotation  : 0
05-15 20:59:54.168 11062 11719 I WallpaperService: updateSurface: invoke Session.relayout
05-15 20:59:54.168 11062 11493 I VRI[ScreenDecorOverlay]@6f4609c: handleResized, frames=ClientWindowFrames{frame=[0,0][1080,121] display=[0,0][1080,2340] parentFrame=[0,0][0,0]} displayId=0 dragResizing=false compatScale=1.0 frameChanged=false attachedFrameChanged=false configChanged=false displayChanged=false compatScaleChanged=false dragResizingChanged=false
05-15 20:59:54.168 11062 11493 I VRI[ScreenDecorOverlayBottom]@8250f9b: handleResized, frames=ClientWindowFrames{frame=[0,2219][1080,2340] display=[0,0][1080,2340] parentFrame=[0,0][0,0]} displayId=0 dragResizing=false compatScale=1.0 frameChanged=false attachedFrameChanged=false configChanged=false displayChanged=false compatScaleChanged=false dragResizingChanged=false
05-15 20:59:54.170  1808  1808 I SurfaceFlinger: destroyed Surface(name=8f932e4 StatusBar)/@0xabc478a - animation-leash of insets_animation#179628 form LifecycleManager
05-15 20:59:54.170  1808  1808 I SurfaceFlinger: destroyed Surface(name=7a9d783 NavigationBar0)/@0x10e1471 - animation-leash of insets_animation#179646 form LifecycleManager
05-15 20:59:54.170  1808  1808 I SurfaceFlinger: destroyed Surface(name=8f932e4 StatusBar)/@0xabc478a - animation-leash of insets_animation#179645 form LifecycleManager
05-15 20:59:54.170  1808  1808 I SurfaceFlinger: id=179628 onLayerDestroyed from LayerHierarchyBuilder(RequestedLayerState{Surface(name=8f932e4 StatusBar)/@0xabc478a - animation-leash of insets_animation#179628 !handle})
05-15 20:59:54.170  1808  1808 I SurfaceFlinger: id=179646 onLayerDestroyed from LayerHierarchyBuilder(RequestedLayerState{Surface(name=7a9d783 NavigationBar0)/@0x10e1471 - animation-leash of insets_animation#179646 !handle})
05-15 20:59:54.170  1808  1808 I SurfaceFlinger: id=179645 onLayerDestroyed from LayerHierarchyBuilder(RequestedLayerState{Surface(name=8f932e4 StatusBar)/@0xabc478a - animation-leash of insets_animation#179645 !handle})
05-15 20:59:54.170  1808  1808 I Layer   : id=179628 Destroyed Surface(name=8f932e4 StatusBar)/@0xabc478a - animation-leash of insets_animation#179628
05-15 20:59:54.170  1808  1808 I Layer   : id=179646 Destroyed Surface(name=7a9d783 NavigationBar0)/@0x10e1471 - animation-leash of insets_animation#179646
05-15 20:59:54.170  1808  1808 I Layer   : id=179645 Destroyed Surface(name=8f932e4 StatusBar)/@0xabc478a - animation-leash of insets_animation#179645
05-15 20:59:54.176 20661 20699 I BLASTBufferQueue: [VRI[HomeActivity]@27ecfc4#854](f:0,a:0,s:0) onFrameAvailable the first frame is available
05-15 20:59:54.176   776   776 I lmkd    : 1(delay), 0(swap), 0(freelimit), 0(reentrymode) memory pressure events were skipped after a kill!
05-15 20:59:54.176 20661 20699 I SurfaceComposerClient: apply transaction with the first frame. layerId: 179656, bufferData(ID: 88738319307413, frameNumber: 1)
05-15 20:59:54.176  1977  2134 D PkgPredictorService-SecIpmManagerServiceImpl: onForegroundActivitiesChanged pid:20661 uid:10578
05-15 20:59:54.176 20661 20699 I VRI[HomeActivity]@27ecfc4: Received frameCommittedCallback lastAttemptedDrawFrameNum=1 didProduceBuffer=true
05-15 20:59:54.177  1808  1899 I SurfaceFlinger: [bitpit.launcher/bitpit.launcher.ui.HomeActivity$_20661#179656] setTransactionState with the first frame. bufferData(ID: 88738319307413, frameNumber: 1)
05-15 20:59:54.177 20661 20661 D VRI[HomeActivity]@27ecfc4: reportDrawFinished seqId=0
05-15 20:59:54.178  1977  4019 I WindowManager: Relayout Window{4845400 u0 com.android.systemui.wallpapers.ImageWallpaper}: viewVisibility=0 req=-1x-1 ty=2013 d0
05-15 20:59:54.178  1977  4019 D SurfaceComposerClient: setCornerRadius ## c5a06c0 bitpit.launcher/bitpit.launcher.ui.HomeActivity#155257 cornerRadius=0.000000
05-15 20:59:54.178  1977  2134 D NetworkPolicy: already checked 10578
05-15 20:59:54.179  1977  4019 D SurfaceComposerClient: setCornerRadius ## c5a06c0 bitpit.launcher/bitpit.launcher.ui.HomeActivity#155257 cornerRadius=0.000000
05-15 20:59:54.180  1977  2134 D NetworkPolicy: already checked 10578
05-15 20:59:54.180  1977  4019 I WindowManager: Relayout hash=4845400, pid=11062, syncId=-1: mAttrs={(0,0)(fillxfill) gr=TOP START CENTER layoutInDisplayCutoutMode=always ty=WALLPAPER fmt=RGBX_8888 wanim=0x1030328
05-15 20:59:54.180  1977  4019 I WindowManager:   fl=10318
05-15 20:59:54.180  1977  4019 I WindowManager:   pfl=14
05-15 20:59:54.180  1977  4019 I WindowManager:   bhv=1
05-15 20:59:54.180  1977  4019 I WindowManager:   frameRateBoostOnTouch=true
05-15 20:59:54.180  1977  4019 I WindowManager:   dvrrWindowFrameRateHint=true naviIconColor=0}
05-15 20:59:54.181 11062 11719 I BLASTBufferQueue_Java: update, w= 1080 h= 2340 mName = Wallpaper mNativeObject= 0xb400007e28d927d0 sc.mNativeObject= 0xb400007ea8d7e710 format= 2 caller= android.service.wallpaper.WallpaperService$Engine.getOrCreateBLASTSurface:2929 android.service.wallpaper.WallpaperService$Engine.updateSurface:1682 android.service.wallpaper.WallpaperService$IWallpaperEngineWrapper.handleResized:3540 android.service.wallpaper.WallpaperService$IWallpaperEngineWrapper.executeMessage:3459 com.android.internal.os.HandlerCaller$MyHandler.handleMessage:44 android.os.Handler.dispatchMessage:110
05-15 20:59:54.181 11062 11719 I BLASTBufferQueue: [Wallpaper#276](f:0,a:1,s:0) update width=1080 height=2340 format=2 mTransformHint=0
05-15 20:59:54.181  1977  2142 D SurfaceComposerClient: setCornerRadius ## c5a06c0 bitpit.launcher/bitpit.launcher.ui.HomeActivity#155257 cornerRadius=0.000000
05-15 20:59:54.182  1977  2142 D SurfaceComposerClient: setCornerRadius ## c5a06c0 bitpit.launcher/bitpit.launcher.ui.HomeActivity#155257 cornerRadius=0.000000
05-15 20:59:54.183 20661 20661 I InsetsController: onStateChanged: host=bitpit.launcher/bitpit.launcher.ui.HomeActivity, from=android.view.ViewRootImpl.onInsetsStateChanged:3026, state=InsetsState: {mDisplayFrame=Rect(0, 0 - 1080, 2340), mDisplayCutout=DisplayCutout{insets=Rect(0, 99 - 0, 0) waterfall=Insets{left=0, top=0, right=0, bottom=0} boundingRect={Bounds=[Rect(0, 0 - 0, 0), Rect(505, 0 - 575, 99), Rect(0, 0 - 0, 0), Rect(0, 0 - 0, 0)]} cutoutPathParserInfo={CutoutPathParserInfo{displayWidth=1080 displayHeight=2340 physicalDisplayWidth=1080 physicalDisplayHeight=2340 density={3.0} cutoutSpec={M 0,0 M 0,29 a 35,35 0 1,0 0,70 a 35,35 0 1,0 0,-70 Z} rotation={0} scale={1.0} physicalPixelDisplaySizeRatio={1.0}}} sideOverrides={}}, mRoundedCorners=RoundedCorners{[RoundedCorner{position=TopLeft, radius=108, center=Point(108, 108)}, RoundedCorner{position=TopRight, radius=108, center=Point(972, 108)}, RoundedCorner{position=BottomRight, radius=108, center=Point(972, 2232)}, RoundedCorner{position=BottomLeft, radius=108, center=Point(108, 2232)}]}  mRoundedCornerFrame=Rect(0, 0 - 1080, 2340), mPrivacyIndicatorBounds=PrivacyIndicatorBounds {static bounds=Rect(948, 0 - 1080, 99) rotation=0}, mDisplayShape=DisplayShape{ spec=-311912193 displayWidth=1080 displayHeight=2340 physicalPixelDisplaySizeRatio=1.0 rotation=0 offsetX=0 offsetY=0 scale=1.0}, mSources= { InsetsSource: {b73a0001 mType=navigationBars mFrame=[0,0][0,0] mVisible=true mFlags=SUPPRESS_SCRIM mSideHint=NONE mBoundingRects=null}, InsetsSource: {b73a0004 mType=systemGestures mFrame=[0,0][90,2340] mVisible=true mFlags= mSideHint=LEFT mBoundingRects=null}, InsetsSource: {b73a0005 mType=mandatorySystemGestures mFrame=[0,2265][1080,2340] mVisible=true mFlags= mSideHint=BOTTOM mBoundingRects=null}, InsetsSource: {b73a0006 mType=tappableElement mFrame=[0,0][0,0] mVisible=true mFlags= mSideHint=NONE mBoundingRects=null}, InsetsSource: {b73a0024 mType=systemGestures mFrame=[990,0][1080,2340] mVisible=true mFlags= mSideHint=RIGHT mBoundingRects=null}, InsetsSource: {3 mType=ime mFrame=[0,0][0,0] mVisible=false mFlags= mSideHint=NONE mBoundingRects=null}, InsetsSource: {27 mType=displayCutout mFrame=[0,0][1080,99] mVisible=true mFlags= mSideHint=TOP mBoundingRects=null}, InsetsSource: {9260000 mType=statusBars mFrame=[0,0][1080,99] mVisible=true mFlags= mSideHint=TOP mBoundingRects=null}, InsetsSource: {9260005 mType=mandatorySystemGestures mFrame=[0,0][1080,135] mVisible=true mFlags= mSideHint=TOP mBoundingRects=null}, InsetsSource: {9260006 mType=tappableElement mFrame=[0,0][1080,99] mVisible=true mFlags= mSideHint=TOP mBoundingRects=null} }
05-15 20:59:54.183 20661 20661 I InsetsSourceConsumer: applyRequestedVisibilityToControl: visible=true, type=navigationBars, host=bitpit.launcher/bitpit.launcher.ui.HomeActivity
05-15 20:59:54.184  1808  1899 I SurfaceFlinger: id=179659 createSurf, flag=84004, Transition Root: Task=1#179659
05-15 20:59:54.186  1977  2142 I SurfaceControlRegistry: show, t=StartTransaction_SyncId<14586> sc=ActivityRecord{148716444 u0 bitpit.launcher/.ui.HomeActivity t1351}, caller=android.view.SurfaceControl$Transaction.show:3557 com.android.server.wm.Transition.onTransactionReady:2048 com.android.server.wm.BLASTSyncEngine$SyncGroup.finishNow:240 com.android.server.wm.BLASTSyncEngine.onSurfacePlacement:263 com.android.server.wm.RootWindowContainer.performSurfacePlacementNoTrace:1083 com.android.server.wm.WindowSurfacePlacer.performSurfacePlacement:166
05-15 20:59:54.186  1977  2142 I SurfaceControlRegistry: show, t=StartTransaction_SyncId<14586> sc=Task=1351, caller=android.view.SurfaceControl$Transaction.show:3557 com.android.server.wm.Transition.onTransactionReady:2081 com.android.server.wm.BLASTSyncEngine$SyncGroup.finishNow:240 com.android.server.wm.BLASTSyncEngine.onSurfacePlacement:263 com.android.server.wm.RootWindowContainer.performSurfacePlacementNoTrace:1083 com.android.server.wm.WindowSurfacePlacer.performSurfacePlacement:166
05-15 20:59:54.186  1977  2142 D SurfaceComposerClient: setCornerRadius ## WallpaperWindowToken{43888ef showWhenLocked=false}#178727 cornerRadius=0.000000
