05-15 20:59:50.469  4195  4403 I HoneySpace.TopTaskUseCase: topTasks 2383 ComponentInfo{es.uniovi.recetasasturianas.test/androidx.test.core.app.InstrumentationActivityInvoker$EmptyActivity}[displayId=0]
05-15 20:59:50.470  1977  6941 D InputDispatcher: Focused application(0): ActivityRecord{45168115 u0 es.uniovi.recetasasturianas.test/androidx.test.core.app.InstrumentationActivityInvoker$EmptyActivity t2383}
05-15 20:59:50.472  1977  6948 D GraphicsStatsService: requestRenderEngineFor(es.uniovi.recetasasturianas.test)
05-15 20:59:50.473 24267 24288 I AdrenoGLES-0: QUALCOMM build                   : c62cb5db3a, I2ae86c79d4
05-15 20:59:50.473 24267 24288 I AdrenoGLES-0: Build Date                       : 09/12/25
05-15 20:59:50.473 24267 24288 I AdrenoGLES-0: OpenGL ES Shader Compiler Version: EV031.35.01.12
05-15 20:59:50.473 24267 24288 I AdrenoGLES-0: Local Branch                     :
05-15 20:59:50.473 24267 24288 I AdrenoGLES-0: Remote Branch                    : refs/tags/AU_LINUX_ANDROID_LA.UM.9.14.11.00.00.571.148
05-15 20:59:50.473 24267 24288 I AdrenoGLES-0: Remote Branch                    : NONE
05-15 20:59:50.473 24267 24288 I AdrenoGLES-0: Reconstruct Branch               : NOTHING
05-15 20:59:50.473 24267 24288 I AdrenoGLES-0: Build Config                     : S P 10.0.7 AArch64
05-15 20:59:50.473 24267 24288 I AdrenoGLES-0: Driver Path                      : /vendor/lib64/egl/libGLESv2_adreno.so
05-15 20:59:50.475  1977  8796 D InputTransport: Input channel constructed: '8d257c2', fd=1030
05-15 20:59:50.475  1977  8796 D InputTransport: Input channel constructed: '8d257c2', fd=1049
05-15 20:59:50.475  1977  8796 D InputTransport: Input channel constructed: '8d257c2', fd=1130
05-15 20:59:50.475  1977  8796 D InputTransport: Input channel destroyed: '8d257c2', fd=1049
05-15 20:59:50.476  1808  2995 I SurfaceFlinger: id=179510 createSurf, flag=84004, 8d257c2 Splash Screen es.uniovi.recetasasturianas.test#179510
05-15 20:59:50.476  4195 30507 I HoneySpace.RecentTasks: onRecentTasksChanged
05-15 20:59:50.476  4195  7787 I HoneySpace.RecentTasks: onRecentTasksChanged
05-15 20:59:50.477  1977  8796 D InputTransport: Input channel destroyed: '8d257c2', fd=1130
05-15 20:59:50.477 11062 11138 D InputTransport: Input channel constructed: '8d257c2', fd=446
05-15 20:59:50.478 11062 11138 I InsetsController: onStateChanged: host=Splash Screen es.uniovi.recetasasturianas.test, from=android.view.ViewRootImpl.onInsetsStateChanged:3026, state=InsetsState: {mDisplayFrame=Rect(0, 0 - 1080, 2340), mDisplayCutout=DisplayCutout{insets=Rect(0, 99 - 0, 0) waterfall=Insets{left=0, top=0, right=0, bottom=0} boundingRect={Bounds=[Rect(0, 0 - 0, 0), Rect(505, 0 - 575, 99), Rect(0, 0 - 0, 0), Rect(0, 0 - 0, 0)]} cutoutPathParserInfo={CutoutPathParserInfo{displayWidth=1080 displayHeight=2340 physicalDisplayWidth=1080 physicalDisplayHeight=2340 density={3.0} cutoutSpec={M 0,0 M 0,29 a 35,35 0 1,0 0,70 a 35,35 0 1,0 0,-70 Z} rotation={0} scale={1.0} physicalPixelDisplaySizeRatio={1.0}}} sideOverrides={}}, mRoundedCorners=RoundedCorners{[RoundedCorner{position=TopLeft, radius=108, center=Point(108, 108)}, RoundedCorner{position=TopRight, radius=108, center=Point(972, 108)}, RoundedCorner{position=BottomRight, radius=108, center=Point(972, 2232)}, RoundedCorner{position=BottomLeft, radius=108, center=Point(108, 2232)}]}  mRoundedCornerFrame=Rect(0, 0 - 1080, 2340), mPrivacyIndicatorBounds=PrivacyIndicatorBounds {static bounds=Rect(948, 0 - 1080, 99) rotation=0}, mDisplayShape=DisplayShape{ spec=-311912193 displayWidth=1080 displayHeight=2340 physicalPixelDisplaySizeRatio=1.0 rotation=0 offsetX=0 offsetY=0 scale=1.0}, mSources= { InsetsSource: {b73a0001 mType=navigationBars mFrame=[0,0][0,0] mVisible=true mFlags=SUPPRESS_SCRIM mSideHint=NONE mBoundingRects=null}, InsetsSource: {b73a0004 mType=systemGestures mFrame=[0,0][90,2340] mVisible=true mFlags= mSideHint=LEFT mBoundingRects=null}, InsetsSource: {b73a0005 mType=mandatorySystemGestures mFrame=[0,2265][1080,2340] mVisible=true mFlags= mSideHint=BOTTOM mBoundingRects=null}, InsetsSource: {b73a0006 mType=tappableElement mFrame=[0,0][0,0] mVisible=true mFlags= mSideHint=NONE mBoundingRects=null}, InsetsSource: {b73a0024 mType=systemGestures mFrame=[990,0][1080,2340] mVisible=true mFlags= mSideHint=RIGHT mBoundingRects=null}, InsetsSource: {3 mType=ime mFrame=[0,0][0,0] mVisible=false mFlags= mSideHint=NONE mBoundingRects=null}, InsetsSource: {27 mType=displayCutout mFrame=[0,0][1080,99] mVisible=true mFlags= mSideHint=TOP mBoundingRects=null}, InsetsSource: {9260000 mType=statusBars mFrame=[0,0][1080,99] mVisible=true mFlags= mSideHint=TOP mBoundingRects=null}, InsetsSource: {9260005 mType=mandatorySystemGestures mFrame=[0,0][1080,135] mVisible=true mFlags= mSideHint=TOP mBoundingRects=null}, InsetsSource: {9260006 mType=tappableElement mFrame=[0,0][1080,99] mVisible=true mFlags= mSideHint=TOP mBoundingRects=null} }
05-15 20:59:50.478  1977  3186 D AS.MultiSoundManager: mForegroundUid = 10626
05-15 20:59:50.478 11062 11138 I VRI[test]@d9f6a26: onActiveControlsChanged, removed=false, mAdded=true, caller=android.view.ViewRootImpl.handleInsetsControlChanged:3002 android.view.ViewRootImpl.setView:2014 android.view.WindowManagerGlobal.addView:604 com.android.wm.shell.startingsurface.SplashscreenWindowCreator.addWindow:38 com.android.wm.shell.startingsurface.StartingWindowController$$ExternalSyntheticLambda4.run:1365
05-15 20:59:50.478 11062 11138 I VRI[test]@d9f6a26: synced displayState. AttachInfo displayState=2
05-15 20:59:50.478 12633 21222 I Routine@Core[4.9.04.16]: ActivityWatcherListenerImpl: onPauseComponent: componentName - es.uniovi.recetasasturianas, userId: 0
05-15 20:59:50.479 12633 21222 I Routine@Core[4.9.04.16]: Pref: removeSharedPrefsData() key=condition_launch_app_data_resume_pkg
05-15 20:59:50.480 12633 12673 I Routine@Core[4.9.04.16]: ModeOrderObserver: ModeOrderObserver:onChange: uri content://com.samsung.android.app.routines.routineprovider/preference
05-15 20:59:50.481  1624 32160 I sensors-hal: handle_sns_std_sensor_event:155, [SSC_LIGHT] P: 15(15),m:1,c:25,b:25,wb:0,r:109,bl:0,16:256
05-15 20:59:50.481 24267 24288 I AdrenoGLES-0: PFP: 0x016dc094, ME: 0x00000000
05-15 20:59:50.482  1977  2142 D SurfaceComposerClient: setCornerRadius ## 8d257c2 Splash Screen es.uniovi.recetasasturianas.test#179510 cornerRadius=0.000000
05-15 20:59:50.482  1977  2142 D SurfaceComposerClient: setCornerRadius ## 8d257c2 Splash Screen es.uniovi.recetasasturianas.test#179510 cornerRadius=0.000000
05-15 20:59:50.482 11062 11062 I {OngoingActivityController}: onTaskFocusChanged but OA data is empty
05-15 20:59:50.482  1808  1808 I SurfaceFlinger: [Display 0 name="Built-in Screen"#172933] setFrameRateCategory: High
05-15 20:59:50.483  1808  1808 I SurfaceFlinger: [LayerHierarchy{RequestedLayerState{ImeContainer#15 parentId=179495 relativeParentId=179495 z=1} 1 children}] RelativeParent to null
05-15 20:59:50.483  1808  1808 I SurfaceFlinger: [8d257c2 Splash Screen es.uniovi.recetasasturianas.test#179510] attach to parent LayerHierarchy{RequestedLayerState{ActivityRecord{45168115 u0 es.uniovi.recetasasturianas.test/androidx.test.core.app.InstrumentationActivityInvoker$EmptyActivity t2383}#179509 parentId=179508} 1 children}
05-15 20:59:50.484  1977  2134 D PkgPredictorService-SecIpmManagerServiceImpl: onForegroundActivitiesChanged pid:24267 uid:10626
05-15 20:59:50.485  1977  4221 V PkgPredictorService-SecIpmManagerServiceImpl: discard foreground app:es.uniovi.recetasasturianas.test 1|true
05-15 20:59:50.485 11062 11138 I VRI[test]@d9f6a26: setView = android.widget.FrameLayout@f3c1cbd IsHRR=false mFlingFrameRateChange=0 TM=true
05-15 20:59:50.485  1977  2134 D NetworkPolicy: already checked 10626
05-15 20:59:50.485  1977  2134 D NetworkPolicy: already checked 10626
05-15 20:59:50.486  4195  4401 I HoneySpace.TopTaskSource: onTaskFocusChanged(): taskId = 2383
05-15 20:59:50.486 11062 11227 D HWUI    : HWUI - treat SMPTE_170M as sRGB
05-15 20:59:50.487 24267 24267 I DecorView: setWindowBackground: isPopOver=false color=ffffffff d=android.graphics.drawable.ColorDrawable@b580327
05-15 20:59:50.487  1808  1951 D SurfaceFlinger: [input] setFocusedWindow: <null>
05-15 20:59:50.488  1977  8796 D InputDispatcher: Focus left window (0): a306892 es.uniovi.recetasasturianas/es.uniovi.recetasasturianas.MainActivity
05-15 20:59:50.488 24090 24090 I ImeFocusController: onPreWindowFocus: skipped hasWindowFocus=false mHasImeFocus=true
05-15 20:59:50.488  1977  6950 D InputDispatcher: Once focus requested (0): <null>
05-15 20:59:50.489  1977  3573 I WindowManager: Relayout Window{8d257c2 u0 Splash Screen es.uniovi.recetasasturianas.test}: viewVisibility=0 req=1080x2340 ty=3 d0
05-15 20:59:50.489 24090 24090 I ImeFocusController: onPostWindowFocus: skipped hasWindowFocus=false mHasImeFocus=true
05-15 20:59:50.489  1808  4802 I SurfaceFlinger: id=179511 createSurf, flag=44004, Splash Screen es.uniovi.recetasasturianas.test$_11062#179511
05-15 20:59:50.490  1808  1808 I SurfaceFlinger: [Splash Screen es.uniovi.recetasasturianas.test$_11062#179511] attach to parent LayerHierarchy{RequestedLayerState{8d257c2 Splash Screen es.uniovi.recetasasturianas.test#179510 parentId=179509} 1 children}
05-15 20:59:50.491  1808  1808 I BpBinder: onLastStrongRef automatically unlinking death recipients:
05-15 20:59:50.491 12633 12673 I Routine@Core[4.9.04.16]: ModesOrderManager: getOrderOrDefault: uuid(100)
05-15 20:59:50.491  1977  3573 D SurfaceComposerClient: setCornerRadius ## 8d257c2 Splash Screen es.uniovi.recetasasturianas.test#179510 cornerRadius=0.000000
05-15 20:59:50.492 12633 12673 I Routine@Core[4.9.04.16]: ModesOrderManager: getOrder: uuid(100) -> order(999)
05-15 20:59:50.492 24267 24267 D ViewRootImpl: desktopMode is false
05-15 20:59:50.492 12633 12673 I Routine@Core[4.9.04.16]: ModeListHolder: update: size(1) updated(2026/05/15 20:59:50) [ModeMeta(id=1, uuid=100, iconResourceId=2131231140, iconStatusResourceId=2131231637, displayName=Sleep, isRunning=false, runningReason=, runningReasonCondition=, isSet=true, isDeleted=false, detailRunningReason=null, order=999, toggleTime=1778816639015)]
05-15 20:59:50.492 24267 24267 I ViewRootImpl: dVRR is disabled
05-15 20:59:50.493  1977  2141 D EnterpriseDeviceManagerService: isMdmAdminPresentInternal() : MDM Admin Found - com.samsung.knox.securefolder
05-15 20:59:50.493  1977  3573 D SurfaceComposerClient: setCornerRadius ## 8d257c2 Splash Screen es.uniovi.recetasasturianas.test#179510 cornerRadius=0.000000
05-15 20:59:50.493  1977  3573 I WindowManager: Relayout hash=8d257c2, pid=11062, syncId=-1: mAttrs={(0,0)(fillxfill) sim={adjust=pan} layoutInDisplayCutoutMode=always ty=APPLICATION_STARTING fmt=TRANSLUCENT
05-15 20:59:50.493  1977  3573 I WindowManager:   fl=81030118
05-15 20:59:50.493  1977  3573 I WindowManager:   pfl=10000810
05-15 20:59:50.493  1977  3573 I WindowManager:   apr=18
05-15 20:59:50.493  1977  3573 I WindowManager:   bhv=1
05-15 20:59:50.493  1977  3573 I WindowManager:   fitSides=0
05-15 20:59:50.493  1977  3573 I WindowManager:   frameRateBoostOnTouch=true
05-15 20:59:50.493  1977  3573 I WindowManager:   dvrrWindowFrameRateHint=true naviIconColor=0}
05-15 20:59:50.494 11062 11138 I VRI[test]@d9f6a26: onActiveControlsChanged, removed=false, mAdded=true, caller=android.view.ViewRootImpl.handleInsetsControlChanged:3002 android.view.ViewRootImpl.relayoutWindow:11629 android.view.ViewRootImpl.performTraversals:4804 android.view.ViewRootImpl.doTraversal:3924 android.view.ViewRootImpl$TraversalRunnable.run:12903
05-15 20:59:50.494 24267 24288 D NativeCustomFrequencyManager: [NativeCFMS] BpCustomFrequencyManager::BpCustomFrequencyManager()
05-15 20:59:50.494 11062 11138 W libc    : Access denied finding property "vendor.display.enable_optimal_refresh_rate"
05-15 20:59:50.494 11062 11138 I BufferQueueProducer: [](id:2b3600000141,api:0,p:1222361488,c:11062) setDequeueTimeout:2077252342
05-15 20:59:50.495 11062 11138 I BLASTBufferQueue_Java: new BLASTBufferQueue, mName= VRI[test]@d9f6a26 mNativeObject= 0xb400007e29088700 caller= android.view.ViewRootImpl.updateBlastSurfaceIfNeeded:3585 android.view.ViewRootImpl.relayoutWindow:11685 android.view.ViewRootImpl.performTraversals:4804 android.view.ViewRootImpl.doTraversal:3924 android.view.ViewRootImpl$TraversalRunnable.run:12903 android.view.Choreographer$CallbackRecord.run:1901 android.view.Choreographer$CallbackRecord.run:1910 android.view.Choreographer.doCallbacks:1367 android.view.Choreographer.doFrame:1292 android.view.Choreographer$FrameDisplayEventReceiver.run:1870
05-15 20:59:50.495 11062 11138 I BLASTBufferQueue_Java: update, w= 1080 h= 2340 mName = VRI[test]@d9f6a26 mNativeObject= 0xb400007e29088700 sc.mNativeObject= 0xb400007ea8d41c90 format= -3 caller= android.view.ViewRootImpl.updateBlastSurfaceIfNeeded:3590 android.view.ViewRootImpl.relayoutWindow:11685 android.view.ViewRootImpl.performTraversals:4804 android.view.ViewRootImpl.doTraversal:3924 android.view.ViewRootImpl$TraversalRunnable.run:12903 android.view.Choreographer$CallbackRecord.run:1901
05-15 20:59:50.495  1977  6943 D SurfaceComposerClient: setCornerRadius ## 8d257c2 Splash Screen es.uniovi.recetasasturianas.test#179510 cornerRadius=0.000000
05-15 20:59:50.496 11062 11138 W libc    : Access denied finding property "vendor.display.enable_optimal_refresh_rate"
05-15 20:59:50.496 11062 11138 I VRI[test]@d9f6a26: Relayout returned: old=(0,0,1080,2340) new=(0,0,1080,2340) relayoutAsync=false req=(1080,2340)0 dur=5 res=0x3 s={true 0xb400007de8f6a4d0} ch=true seqId=0
05-15 20:59:50.496 11062 11138 I VRI[test]@d9f6a26: performConfigurationChange setNightDimText nightDimLevel=0
05-15 20:59:50.497 11062 11138 D VRI[test]@d9f6a26: mThreadedRenderer.initialize() mSurface={isValid=true 0xb400007de8f6a4d0} hwInitialized=true
05-15 20:59:50.497 11062 11138 D VRI[test]@d9f6a26: reportNextDraw android.view.ViewRootImpl.performTraversals:5443 android.view.ViewRootImpl.doTraversal:3924 android.view.ViewRootImpl$TraversalRunnable.run:12903 android.view.Choreographer$CallbackRecord.run:1901 android.view.Choreographer$CallbackRecord.run:1910
05-15 20:59:50.497 11062 11138 D VRI[test]@d9f6a26: Setup new sync=wmsSync-VRI[test]@d9f6a26#18
05-15 20:59:50.497 11062 11138 I VRI[test]@d9f6a26: Creating new active sync group VRI[test]@d9f6a26#19
05-15 20:59:50.498 11062 11138 D VRI[test]@d9f6a26: registerCallbacksForSync syncBuffer=false
05-15 20:59:50.498  1977  3573 D InputTransport: Input channel constructed: '79ff7b8', fd=1049
05-15 20:59:50.498  1977  3573 D InputTransport: Input channel constructed: '79ff7b8', fd=1103
05-15 20:59:50.498  1977  3573 D InputTransport: Input channel constructed: '79ff7b8', fd=1130
05-15 20:59:50.498  1977  3573 D InputTransport: Input channel destroyed: '79ff7b8', fd=1103
05-15 20:59:50.498 11062 11225 D VRI[test]@d9f6a26: Received frameDrawingCallback syncResult=0 frameNum=1.
05-15 20:59:50.498 11062 11225 I VRI[test]@d9f6a26: mWNT: t=0xb400007df8d3d290 mBlastBufferQueue=0xb400007e29088700 fn= 1 HdrRenderState mRenderHdrSdrRatio=1.0 caller= android.view.ViewRootImpl$12.onFrameDraw:15441 android.view.ThreadedRenderer$1.onFrameDraw:718 <bottom of call stack>
05-15 20:59:50.498 11062 11225 I VRI[test]@d9f6a26: Setting up sync and frameCommitCallback
05-15 20:59:50.498  1808  4802 I SurfaceFlinger: id=179512 createSurf, flag=84004, 79ff7b8 es.uniovi.recetasasturianas.test/androidx.test.core.app.InstrumentationActivityInvoker$EmptyActivity#179512
05-15 20:59:50.499  1808  1808 I SurfaceFlinger: [79ff7b8 es.uniovi.recetasasturianas.test/androidx.test.core.app.InstrumentationActivityInvoker$EmptyActivity#179512] attach to parent LayerHierarchy{RequestedLayerState{ActivityRecord{45168115 u0 es.uniovi.recetasasturianas.test/androidx.test.core.app.InstrumentationActivityInvoker$EmptyActivity t2383}#179509 parentId=179508} 2 children}
05-15 20:59:50.500 11062 11227 I BLASTBufferQueue: [VRI[test]@d9f6a26#321](f:0,a:0,s:0) onFrameAvailable the first frame is available
05-15 20:59:50.500  1977  3573 D InputTransport: Input channel destroyed: '79ff7b8', fd=1130
05-15 20:59:50.500 11062 11227 I SurfaceComposerClient: apply transaction with the first frame. layerId: 179511, bufferData(ID: 47510928231501, frameNumber: 1)
05-15 20:59:50.500 24267 24267 D InputTransport: Input channel constructed: '79ff7b8', fd=124
05-15 20:59:50.501 11062 11227 I VRI[test]@d9f6a26: Received frameCommittedCallback lastAttemptedDrawFrameNum=1 didProduceBuffer=true
05-15 20:59:50.501 24267 24267 I InsetsController: onStateChanged: host=es.uniovi.recetasasturianas.test/androidx.test.core.app.InstrumentationActivityInvoker$EmptyActivity, from=android.view.ViewRootImpl.onInsetsStateChanged:3026, state=InsetsState: {mDisplayFrame=Rect(0, 0 - 1080, 2340), mDisplayCutout=DisplayCutout{insets=Rect(0, 99 - 0, 0) waterfall=Insets{left=0, top=0, right=0, bottom=0} boundingRect={Bounds=[Rect(0, 0 - 0, 0), Rect(505, 0 - 575, 99), Rect(0, 0 - 0, 0), Rect(0, 0 - 0, 0)]} cutoutPathParserInfo={CutoutPathParserInfo{displayWidth=1080 displayHeight=2340 physicalDisplayWidth=1080 physicalDisplayHeight=2340 density={3.0} cutoutSpec={M 0,0 M 0,29 a 35,35 0 1,0 0,70 a 35,35 0 1,0 0,-70 Z} rotation={0} scale={1.0} physicalPixelDisplaySizeRatio={1.0}}} sideOverrides={}}, mRoundedCorners=RoundedCorners{[RoundedCorner{position=TopLeft, radius=108, center=Point(108, 108)}, RoundedCorner{position=TopRight, radius=108, center=Point(972, 108)}, RoundedCorner{position=BottomRight, radius=108, center=Point(972, 2232)}, RoundedCorner{position=BottomLeft, radius=108, center=Point(108, 2232)}]}  mRoundedCornerFrame=Rect(0, 0 - 1080, 2340), mPrivacyIndicatorBounds=PrivacyIndicatorBounds {static bounds=Rect(948, 0 - 1080, 99) rotation=0}, mDisplayShape=DisplayShape{ spec=-311912193 displayWidth=1080 displayHeight=2340 physicalPixelDisplaySizeRatio=1.0 rotation=0 offsetX=0 offsetY=0 scale=1.0}, mSources= { InsetsSource: {b73a0001 mType=navigationBars mFrame=[0,0][0,0] mVisible=true mFlags=SUPPRESS_SCRIM mSideHint=NONE mBoundingRects=null}, InsetsSource: {b73a0004 mType=systemGestures mFrame=[0,0][90,2340] mVisible=true mFlags= mSideHint=LEFT mBoundingRects=null}, InsetsSource: {b73a0005 mType=mandatorySystemGestures mFrame=[0,2265][1080,2340] mVisible=true mFlags= mSideHint=BOTTOM mBoundingRects=null}, InsetsSource: {b73a0006 mType=tappableElement mFrame=[0,0][0,0] mVisible=true mFlags= mSideHint=NONE mBoundingRects=null}, InsetsSource: {b73a0024 mType=systemGestures mFrame=[990,0][1080,2340] mVisible=true mFlags= mSideHint=RIGHT mBoundingRects=null}, InsetsSource: {3 mType=ime mFrame=[0,0][0,0] mVisible=false mFlags= mSideHint=NONE mBoundingRects=null}, InsetsSource: {27 mType=displayCutout mFrame=[0,0][1080,99] mVisible=true mFlags= mSideHint=TOP mBoundingRects=null}, InsetsSource: {9260000 mType=statusBars mFrame=[0,0][1080,99] mVisible=true mFlags= mSideHint=TOP mBoundingRects=null}, InsetsSource: {9260005 mType=mandatorySystemGestures mFrame=[0,0][1080,135] mVisible=true mFlags= mSideHint=TOP mBoundingRects=null}, InsetsSource: {9260006 mType=tappableElement mFrame=[0,0][1080,99] mVisible=true mFlags= mSideHint=TOP mBoundingRects=null} }
05-15 20:59:50.501  1808  4802 I SurfaceFlinger: [Splash Screen es.uniovi.recetasasturianas.test$_11062#179511] setTransactionState with the first frame. bufferData(ID: 47510928231501, frameNumber: 1)
05-15 20:59:50.501 24267 24267 I VRI[InstrumentationActivityInvoker$EmptyActivity]@89a0672: synced displayState. AttachInfo displayState=2
05-15 20:59:50.502 12633 12673 I Routine@Core[4.9.04.16]: ActivityWatcherListenerImpl: onResumeComponent: componentName - es.uniovi.recetasasturianas.test, androidx.test.core.app.InstrumentationActivityInvoker$EmptyActivity, userId: 0
05-15 20:59:50.503 11062 11227 D HWUI    : CFMS:: SetUp Pid : 11062    Tid : 11227
05-15 20:59:50.503 24267 24267 I VRI[InstrumentationActivityInvoker$EmptyActivity]@89a0672: setView = com.android.internal.policy.DecorView@e506e79 IsHRR=false mFlingFrameRateChange=0 TM=true
05-15 20:59:50.503 11062 11138 D VRI[test]@d9f6a26: reportDrawFinished seqId=0
05-15 20:59:50.503 24267 24288 D HWUI    : HWUI - treat SMPTE_170M as sRGB
05-15 20:59:50.504  1977  2505 D AnalyticsContainerHandler: handleMessage : { when=0 what=1 target=com.android.server.knox.KnoxAnalyticsContainer$AnalyticsHandler }
05-15 20:59:50.504  1977  2142 D SurfaceComposerClient: setCornerRadius ## 8d257c2 Splash Screen es.uniovi.recetasasturianas.test#179510 cornerRadius=0.000000
05-15 20:59:50.504  1977  2142 D SurfaceComposerClient: setCornerRadius ## 79ff7b8 es.uniovi.recetasasturianas.test/androidx.test.core.app.InstrumentationActivityInvoker$EmptyActivity#179512 cornerRadius=0.000000
05-15 20:59:50.505  1977  2505 D AnalyticsContainerHandler: handleMessage : { when=0 what=2 target=com.android.server.knox.KnoxAnalyticsContainer$AnalyticsHandler }
05-15 20:59:50.505  1977  2142 D SurfaceComposerClient: setCornerRadius ## 8d257c2 Splash Screen es.uniovi.recetasasturianas.test#179510 cornerRadius=0.000000
05-15 20:59:50.505  1977  2142 D SurfaceComposerClient: setCornerRadius ## 79ff7b8 es.uniovi.recetasasturianas.test/androidx.test.core.app.InstrumentationActivityInvoker$EmptyActivity#179512 cornerRadius=0.000000
05-15 20:59:50.506  1808  4802 I SurfaceFlinger: id=179513 createSurf, flag=84004, Transition Root: Task=2383#179513
05-15 20:59:50.507  1808  1808 I SurfaceFlinger: [Transition Root: Task=2383#179513] attach to parent LayerHierarchy{RequestedLayerState{DefaultTaskDisplayArea_d0#172934 parentId=9} 12 children}
05-15 20:59:50.508  1977  2142 I SurfaceControlRegistry: show, t=StartTransaction_SyncId<14577> sc=ActivityRecord{45168115 u0 es.uniovi.recetasasturianas.test/androidx.test.core.app.InstrumentationActivityInvoker$EmptyActivity t2383}, caller=android.view.SurfaceControl$Transaction.show:3557 com.android.server.wm.Transition.onTransactionReady:2048 com.android.server.wm.BLASTSyncEngine$SyncGroup.finishNow:240 com.android.server.wm.BLASTSyncEngine.onSurfacePlacement:263 com.android.server.wm.RootWindowContainer.performSurfacePlacementNoTrace:1083 com.android.server.wm.WindowSurfacePlacer.performSurfacePlacement:166
05-15 20:59:50.508  1977  2142 D SurfaceComposerClient: setCornerRadius ## Task=2382#179494 cornerRadius=0.000000
05-15 20:59:50.508  1977  2142 D SurfaceComposerClient: setCornerRadius ## Task=2383#179508 cornerRadius=0.000000
05-15 20:59:50.509  1977  2142 D ScreenCapture: [Capture_TEST] : setIsScreenShotBySystem false
05-15 20:59:50.509  1977  2142 I SurfaceComposerClient: captureLayers:childrenOnly:1, sync:1
05-15 20:59:50.511 11062 11118 I SurfaceControlRegistry: hide, t=FinishTransaction_SyncId<14577> sc=Task=2382, caller=android.view.SurfaceControl$Transaction.hide:3583 com.android.wm.shell.transition.Transitions.dispatchReady:1263 com.android.wm.shell.transition.Transitions.onTransitionReady:251 com.android.wm.shell.transition.Transitions$TransitionPlayerImpl$$ExternalSyntheticLambda0.run:13 android.os.Handler.handleCallback:995 android.os.Handler.dispatchMessage:103
05-15 20:59:50.512 11062 11118 I SurfaceControlRegistry: show, t=StartTransaction_SyncId<14577> sc=Task=2383, caller=android.view.SurfaceControl$Transaction.show:3557 com.android.wm.shell.transition.Transitions.dispatchReady:1279 com.android.wm.shell.transition.Transitions.onTransitionReady:251 com.android.wm.shell.transition.Transitions$TransitionPlayerImpl$$ExternalSyntheticLambda0.run:13 android.os.Handler.handleCallback:995 android.os.Handler.dispatchMessage:103
05-15 20:59:50.512 11062 11118 I SurfaceControlRegistry: show, t=FinishTransaction_SyncId<14577> sc=Task=2383, caller=android.view.SurfaceControl$Transaction.show:3557 com.android.wm.shell.transition.Transitions.dispatchReady:1330 com.android.wm.shell.transition.Transitions.onTransitionReady:251 com.android.wm.shell.transition.Transitions$TransitionPlayerImpl$$ExternalSyntheticLambda0.run:13 android.os.Handler.handleCallback:995 android.os.Handler.dispatchMessage:103
05-15 20:59:50.512 11062 11118 I SurfaceControlRegistry: show, t=StartTransaction_SyncId<14577> sc=Transition Root: Task=2383, caller=android.view.SurfaceControl$Transaction.show:3557 com.android.wm.shell.transition.Transitions.playTransition:79 com.android.wm.shell.transition.Transitions.processReadyQueue:239 com.android.wm.shell.transition.Transitions.dispatchReady:1352 com.android.wm.shell.transition.Transitions.onTransitionReady:251 com.android.wm.shell.transition.Transitions$TransitionPlayerImpl$$ExternalSyntheticLambda0.run:13
05-15 20:59:50.513 12633 12673 I Routine@Core[4.9.04.16]: Pref: putSharedPrefsData: key=condition_launch_app_data_resume_pkg, data.size=102
05-15 20:59:50.513  1808  4802 I SurfaceFlinger: Capture layer list: 	 es.uniovi.recetasasturianas/es.uniovi.recetasasturianas.MainActivity$_24090#179500(seamlessTransition:0)
05-15 20:59:50.515  1808  1908 D RenderEngine: [SEC_SF_EFFECTS] drawLayersInternal,1483, Rendering layer ScreenCaptureFillLayer at index 0
05-15 20:59:50.515  1808  1908 D RenderEngine: [SEC_SF_EFFECTS] drawLayersInternal,1483, Rendering layer es.uniovi.recetasasturianas/es.uniovi.recetasasturianas.MainActivity$_24090#179500 at index 1
05-15 20:59:50.517  1977  6948 I WindowManager: Relayout Window{79ff7b8 u0 es.uniovi.recetasasturianas.test/androidx.test.core.app.InstrumentationActivityInvoker$EmptyActivity}: viewVisibility=0 req=1080x2340 ty=1 d0
05-15 20:59:50.518  1808  4802 I SurfaceFlinger: id=179514 createSurf, flag=44004, es.uniovi.recetasasturianas.test/androidx.test.core.app.InstrumentationActivityInvoker$EmptyActivity$_24267#179514
05-15 20:59:50.519  1977  6948 D SurfaceComposerClient: setCornerRadius ## 8d257c2 Splash Screen es.uniovi.recetasasturianas.test#179510 cornerRadius=0.000000
05-15 20:59:50.519  1977  6948 D SurfaceComposerClient: setCornerRadius ## 79ff7b8 es.uniovi.recetasasturianas.test/androidx.test.core.app.InstrumentationActivityInvoker$EmptyActivity#179512 cornerRadius=0.000000
05-15 20:59:50.520  1808  4802 I SurfaceFlinger: id=179515 createSurf, flag=24000, Surface(name=8f932e4 StatusBar)/@0xabc478a - animation-leash of insets_animation#179515
05-15 20:59:50.521  1808  4802 I SurfaceFlinger: id=179516 createSurf, flag=24000, Surface(name=7a9d783 NavigationBar0)/@0x10e1471 - animation-leash of insets_animation#179516
05-15 20:59:50.522  1977  6948 D SurfaceComposerClient: setCornerRadius ## 8d257c2 Splash Screen es.uniovi.recetasasturianas.test#179510 cornerRadius=0.000000
05-15 20:59:50.522  1977  6948 D SurfaceComposerClient: setCornerRadius ## 79ff7b8 es.uniovi.recetasasturianas.test/androidx.test.core.app.InstrumentationActivityInvoker$EmptyActivity#179512 cornerRadius=0.000000
05-15 20:59:50.523 11062 11062 D SamsungLightBarControlHelper: updateStatusBar (BLACK icon) numStacks:1, StatusBarMode:MODE_TRANSPARENT, lightBarBounds:[Rect(0, 0 - 1080, 2340)], StatusBarState:SHADE, packageName:, isWhiteKeyguardStatusBar:false
05-15 20:59:50.523 11062 11062 D SamsungLightBarControlHelper: onStatusBarAppearanceChanged() -  sbModeChanged:false, statusBarMode:0, barState:MODE_TRANSPARENT, isKeyguardShowing:false, navbarColorManagedByIme:false, (AppearanceRegion{LIGHT_STATUS_BARS bounds=[0,0][1080,2340]}, )
05-15 20:59:50.523 11062 11062 D NavigationBar: onSystemBarAttributesChanged() -  displayId:0, appearance:8, packageName: es.uniovi.recetasasturianas.test (APPEARANCE_LIGHT_STATUS_BARS ), navbarColorManagedByIme:false
05-15 20:59:50.524  1808  4802 I SurfaceFlinger: id=179517 createSurf, flag=24000, Surface(name=8f932e4 StatusBar)/@0xabc478a - animation-leash of insets_animation#179517
05-15 20:59:50.524 11062 11062 D QSClock : onDarkChanged tint=DARK
05-15 20:59:50.525  1808  4802 I SurfaceFlinger: id=179518 createSurf, flag=24000, Surface(name=7a9d783 NavigationBar0)/@0x10e1471 - animation-leash of insets_animation#179518
05-15 20:59:50.527  1977  6948 I SystemKeyManager: requested systemKeyInfo size=1 focusedWindow=es.uniovi.recetasasturianas.test/androidx.test.core.app.InstrumentationActivityInvoker$EmptyActivity
05-15 20:59:50.527  1977  6948 I SystemKeyManager: requested systemKeyInfo size=1 focusedWindow=es.uniovi.recetasasturianas.test/androidx.test.core.app.InstrumentationActivityInvoker$EmptyActivity
05-15 20:59:50.528  1977  6948 I WindowManager: Relayout hash=79ff7b8, pid=24267, syncId=-1: mAttrs={(0,0)(fillxfill) sim={adjust=pan forwardNavigation} layoutInDisplayCutoutMode=always ty=BASE_APPLICATION
05-15 20:59:50.528  1977  6948 I WindowManager:   fl=81810100
05-15 20:59:50.528  1977  6948 I WindowManager:   pfl=100088c0
05-15 20:59:50.528  1977  6948 I WindowManager:   bhv=1
05-15 20:59:50.528  1977  6948 I WindowManager:   fitSides=0
05-15 20:59:50.528  1977  6948 I WindowManager:   frameRateBoostOnTouch=true
05-15 20:59:50.528  1977  6948 I WindowManager:   dvrrWindowFrameRateHint=true naviIconColor=0}
05-15 20:59:50.528 11062 11062 D NavigationBar: onSystemBarAttributesChanged() -  displayId:0, appearance:0, packageName: es.uniovi.recetasasturianas.test, navbarColorManagedByIme:false
05-15 20:59:50.529 24267 24267 W libc    : Access denied finding property "vendor.display.enable_optimal_refresh_rate"
05-15 20:59:50.529 24267 24267 I BufferQueueProducer: [](id:5ecb00000003,api:0,p:1221825232,c:24267) setDequeueTimeout:2077252342
05-15 20:59:50.529 24267 24267 I BLASTBufferQueue_Java: new BLASTBufferQueue, mName= VRI[InstrumentationActivityInvoker$EmptyActivity]@89a0672 mNativeObject= 0xb400007e28d8b760 caller= android.view.ViewRootImpl.updateBlastSurfaceIfNeeded:3585 android.view.ViewRootImpl.relayoutWindow:11685 android.view.ViewRootImpl.performTraversals:4804 android.view.ViewRootImpl.doTraversal:3924 android.view.ViewRootImpl$TraversalRunnable.run:12903 android.view.Choreographer$CallbackRecord.run:1901 android.view.Choreographer$CallbackRecord.run:1910 android.view.Choreographer.doCallbacks:1367 android.view.Choreographer.doFrame:1292 android.view.Choreographer$FrameDisplayEventReceiver.run:1870
05-15 20:59:50.529 24267 24267 I BLASTBufferQueue_Java: update, w= 1080 h= 2340 mName = VRI[InstrumentationActivityInvoker$EmptyActivity]@89a0672 mNativeObject= 0xb400007e28d8b760 sc.mNativeObject= 0xb400007ea8d1c0d0 format= -1 caller= android.view.ViewRootImpl.updateBlastSurfaceIfNeeded:3590 android.view.ViewRootImpl.relayoutWindow:11685 android.view.ViewRootImpl.performTraversals:4804 android.view.ViewRootImpl.doTraversal:3924 android.view.ViewRootImpl$TraversalRunnable.run:12903 android.view.Choreographer$CallbackRecord.run:1901
05-15 20:59:50.530 11062 11118 D SurfaceComposerClient: [Task=2382#179494] setEdgeExtension Right
05-15 20:59:50.530 24267 24267 W libc    : Access denied finding property "vendor.display.enable_optimal_refresh_rate"
05-15 20:59:50.530 24267 24267 I VRI[InstrumentationActivityInvoker$EmptyActivity]@89a0672: Relayout returned: old=(0,0,1080,2340) new=(0,0,1080,2340) relayoutAsync=false req=(1080,2340)0 dur=24 res=0x3 s={true 0xb400007de8d35d00} ch=true seqId=0
05-15 20:59:50.530  1808  4802 I SurfaceFlinger: id=179519 createSurf, flag=84000, f52c32d ActivityRecordInputSink es.uniovi.recetasasturianas.test/androidx.test.core.app.InstrumentationActivityInvoker$EmptyActivity#179519
05-15 20:59:50.530 11062 11118 I SurfaceControlRegistry: apply, t=StartTransaction_SyncId<14577>, caller=android.view.SurfaceControl$Transaction.apply:3459 android.view.SurfaceControl$Transaction.apply:3447 android.view.SurfaceControl$Transaction.apply:3397 com.android.wm.shell.transition.DefaultTransitionHandler.startAnimation:3292 com.android.wm.shell.transition.Transitions.dispatchTransition:90 com.android.wm.shell.transition.Transitions.playTransition:774
05-15 20:59:50.531 24267 24267 I VRI[InstrumentationActivityInvoker$EmptyActivity]@89a0672: performConfigurationChange setNightDimText nightDimLevel=0
05-15 20:59:50.531 24267 24267 D VRI[InstrumentationActivityInvoker$EmptyActivity]@89a0672: mThreadedRenderer.initialize() mSurface={isValid=true 0xb400007de8d35d00} hwInitialized=true
05-15 20:59:50.531 24267 24267 D VRI[InstrumentationActivityInvoker$EmptyActivity]@89a0672: reportNextDraw android.view.ViewRootImpl.performTraversals:5443 android.view.ViewRootImpl.doTraversal:3924 android.view.ViewRootImpl$TraversalRunnable.run:12903 android.view.Choreographer$CallbackRecord.run:1901 android.view.Choreographer$CallbackRecord.run:1910
05-15 20:59:50.531 24267 24267 D VRI[InstrumentationActivityInvoker$EmptyActivity]@89a0672: Setup new sync=wmsSync-VRI[InstrumentationActivityInvoker$EmptyActivity]@89a0672#6
05-15 20:59:50.531 24267 24267 I VRI[InstrumentationActivityInvoker$EmptyActivity]@89a0672: Creating new active sync group VRI[InstrumentationActivityInvoker$EmptyActivity]@89a0672#7
05-15 20:59:50.532 24267 24267 D VRI[InstrumentationActivityInvoker$EmptyActivity]@89a0672: registerCallbacksForSync syncBuffer=false
05-15 20:59:50.532 24267 24293 D VRI[InstrumentationActivityInvoker$EmptyActivity]@89a0672: Received frameDrawingCallback syncResult=0 frameNum=1.
05-15 20:59:50.533 24267 24293 I VRI[InstrumentationActivityInvoker$EmptyActivity]@89a0672: mWNT: t=0xb400007df8d471d0 mBlastBufferQueue=0xb400007e28d8b760 fn= 1 HdrRenderState mRenderHdrSdrRatio=1.0 caller= android.view.ViewRootImpl$12.onFrameDraw:15441 android.view.ThreadedRenderer$1.onFrameDraw:718 <bottom of call stack>
05-15 20:59:50.533 24267 24293 I VRI[InstrumentationActivityInvoker$EmptyActivity]@89a0672: Setting up sync and frameCommitCallback
05-15 20:59:50.533  4195 30507 I HoneySpace.RecentTasks: onRunningTaskAppeared
05-15 20:59:50.533  4195 30507 I HoneySpace.RecentTasks: onRecentTasksChanged
05-15 20:59:50.533 11062 11118 I SurfaceControlRegistry: apply, t=FinishTransaction_SyncId<14577>, caller=android.view.SurfaceControl$Transaction.apply:3459 android.view.SurfaceControl$Transaction.apply:3447 android.view.SurfaceControl$Transaction.apply:3397 com.android.wm.shell.transition.Transitions.onFinish:315 com.android.wm.shell.transition.Transitions$$ExternalSyntheticLambda7.onTransitionFinished:12 com.android.wm.shell.transition.DefaultTransitionHandler$$ExternalSyntheticLambda6.run:36
05-15 20:59:50.534  1808  1808 I SurfaceFlinger: RequestedLayer [8d257c2 Splash Screen es.uniovi.recetasasturianas.test#179510] hidden!! flag  from(1) --> to(0)
05-15 20:59:50.534  1808  1808 I SurfaceFlinger: RequestedLayer [79ff7b8 es.uniovi.recetasasturianas.[...]ActivityInvoker$EmptyActivity#179512] hidden!! flag  from(1) --> to(0)
05-15 20:59:50.534  1808  1808 I SurfaceFlinger: RequestedLayer [Splash Screen es.uniovi.recetasasturianas.test$_11062#179511] hidden!! flag  from(1) --> to(0)
05-15 20:59:50.534  1808  1808 I SurfaceFlinger: RequestedLayer [Task=2383#179508] hidden!! flag  from(1) --> to(0)
05-15 20:59:50.534  1808  1808 E SurfaceFlinger: alpha changed 1.000 -> 0.000 - Task=2383#179508
05-15 20:59:50.534  1808  1808 I SurfaceFlinger: RequestedLayer [Transition Root: Task=2383#179513] hidden!! flag  from(1) --> to(0)
05-15 20:59:50.534  1808  1808 I SurfaceFlinger: RequestedLayer [ActivityRecord{45168115 u0 es.uniovi[...]yInvoker$EmptyActivity t2383}#179509] hidden!! flag  from(1) --> to(0)
05-15 20:59:50.534  1808  1808 E SurfaceFlinger: alpha changed 0.000 -> 1.000 - Task=2383#179508
05-15 20:59:50.534  1808  1808 I SurfaceFlinger: [LayerHierarchy{RequestedLayerState{Surface(name=8f932e4 StatusBar)/@0xabc478a - animation-leash of insets_animation#179501} 1 children}] reparent to OffscreenRoot
05-15 20:59:50.534  1808  1808 I SurfaceFlinger: [LayerHierarchy{RequestedLayerState{Surface(name=8f932e4 StatusBar)/@0xabc478a - animation-leash of insets_animation#179501} 1 children}] RelativeParent to null
05-15 20:59:50.534  1808  1808 I SurfaceFlinger: [LayerHierarchy{RequestedLayerState{Surface(name=7a9d783 NavigationBar0)/@0x10e1471 - animation-leash of insets_animation#179502} 1 children}] reparent to OffscreenRoot
05-15 20:59:50.534  1808  1808 I SurfaceFlinger: [LayerHierarchy{RequestedLayerState{Surface(name=7a9d783 NavigationBar0)/@0x10e1471 - animation-leash of insets_animation#179502} 1 children}] RelativeParent to null
05-15 20:59:50.534  1808  1808 I SurfaceFlinger: [LayerHierarchy{RequestedLayerState{7a9d783 NavigationBar0#172957 parentId=179518} 1 children}] reparent to LayerHierarchy{RequestedLayerState{Surface(name=7a9d783 NavigationBar0)/@0x10e1471 - animation-leash of insets_animation#179518 parentId=172956} 1 children}
05-15 20:59:50.534  1808  1808 I SurfaceFlinger: [LayerHierarchy{RequestedLayerState{8f932e4 StatusBar#172964 parentId=179517} 1 children}] reparent to LayerHierarchy{RequestedLayerState{Surface(name=8f932e4 StatusBar)/@0xabc478a - animation-leash of insets_animation#179517 parentId=172963} 1 children}
05-15 20:59:50.534  1808  1808 I SurfaceFlinger: [LayerHierarchy{RequestedLayerState{Task=2382#179494 parentId=179513 z=2} 1 children}] reparent to LayerHierarchy{RequestedLayerState{Transition Root: Task=2383#179513 parentId=172934 z=8} 1 children}
05-15 20:59:50.534  1808  1808 I SurfaceFlinger: [LayerHierarchy{RequestedLayerState{Task=2383#179508 parentId=179513 z=5} 1 children}] reparent to LayerHierarchy{RequestedLayerState{Transition Root: Task=2383#179513 parentId=172934 z=8} 2 children}
05-15 20:59:50.534  1808  1808 I SurfaceFlinger: [es.uniovi.recetasasturianas.test/androidx.test.core.app.InstrumentationActivityInvoker$EmptyActivity$_24267#179514] attach to parent LayerHierarchy{RequestedLayerState{79ff7b8 es.uniovi.recetasasturianas.test/androidx.test.core.app.InstrumentationActivityInvoker$EmptyActivity#179512 parentId=179509} 1 children}
05-15 20:59:50.534  1808  1808 I SurfaceFlinger: [Surface(name=8f932e4 StatusBar)/@0xabc478a - animation-leash of insets_animation#179515] attach to parent OffscreenRoot
05-15 20:59:50.534  1808  1808 I SurfaceFlinger: [Surface(name=7a9d783 NavigationBar0)/@0x10e1471 - animation-leash of insets_animation#179516] attach to parent OffscreenRoot
05-15 20:59:50.535  1808  1808 I SurfaceFlinger: [Surface(name=8f932e4 StatusBar)/@0xabc478a - animation-leash of insets_animation#179517] attach to parent LayerHierarchy{RequestedLayerState{WindowToken{68a9b23 type=2000 android.os.BinderProxy@abe78dd}#172963 parentId=17} 1 children}
05-15 20:59:50.535  1808  1808 I SurfaceFlinger: [Surface(name=7a9d783 NavigationBar0)/@0x10e1471 - animation-leash of insets_animation#179518] attach to parent LayerHierarchy{RequestedLayerState{WindowToken{ec79b94 type=2019 android.os.BinderProxy@3619da6}#172956 parentId=34} 1 children}
05-15 20:59:50.535  1808  1808 I SurfaceFlinger: [f52c32d ActivityRecordInputSink es.uniovi.recetasasturianas.test/androidx.test.core.app.InstrumentationActivityInvoker$EmptyActivity#179519] attach to parent LayerHierarchy{RequestedLayerState{ActivityRecord{45168115 u0 es.uniovi.recetasasturianas.test/androidx.test.core.app.InstrumentationActivityInvoker$EmptyActivity t2383}#179509 parentId=179508} 3 children}
05-15 20:59:50.535  1977  4779 D PersonaActivityHelper: token.toString()  Token{b9f3e4f ActivityRecord{45168115 u0 es.uniovi.recetasasturianas.test/androidx.test.core.app.InstrumentationActivityInvoker$EmptyActivity t2383}}
05-15 20:59:50.535  1977  4779 D PersonaActivityHelper: mLastResumedSFActivity getPackageName  com.android.settings
05-15 20:59:50.535  1977  4779 D PersonaActivityHelper: mLastResumedSFActivity getShortClassName  .fuelgauge.RequestIgnoreBatteryOptimizations
05-15 20:59:50.535  1977  4779 D PersonaActivityHelper: token.toString()  Token{800cb1b ActivityRecord{242776597 u0 es.uniovi.recetasasturianas/.MainActivity t2382 f}}}
05-15 20:59:50.535  1977  4779 D PersonaActivityHelper: mLastResumedSFActivity getPackageName  com.android.settings
05-15 20:59:50.535  1977  4779 D PersonaActivityHelper: mLastResumedSFActivity getShortClassName  .fuelgauge.RequestIgnoreBatteryOptimizations
05-15 20:59:50.536 24267 24288 I BLASTBufferQueue: [VRI[InstrumentationActivityInvoker$EmptyActivity]@89a0672#3](f:0,a:0,s:0) onFrameAvailable the first frame is available
05-15 20:59:50.536 24090 24090 I VRI[MainActivity]@90c0767: handleAppVisibility mAppVisible = true visible = false
05-15 20:59:50.536 24090 24090 D VRI[MainActivity]@90c0767: visibilityChanged oldVisibility=true newVisibility=false
05-15 20:59:50.536 24267 24288 I SurfaceComposerClient: apply transaction with the first frame. layerId: 179514, bufferData(ID: 104225971372044, frameNumber: 1)
05-15 20:59:50.536 24267 24288 I VRI[InstrumentationActivityInvoker$EmptyActivity]@89a0672: Received frameCommittedCallback lastAttemptedDrawFrameNum=1 didProduceBuffer=true
05-15 20:59:50.536  1808  2995 I SurfaceFlinger: [es.uniovi.recetasasturianas.test/androidx.test.core.app.InstrumentationActivityInvoker$EmptyActivity$_24267#179514] setTransactionState with the first frame. bufferData(ID: 104225971372044, frameNumber: 1)
05-15 20:59:50.537 24267 24288 D HWUI    : CFMS:: SetUp Pid : 24267    Tid : 24288
05-15 20:59:50.537 24267 24267 D VRI[InstrumentationActivityInvoker$EmptyActivity]@89a0672: reportDrawFinished seqId=0
05-15 20:59:50.538 11062 11118 D ShellDesktopMode: handleRequest: TransitionRequestInfo {type=2, tid=2383, debugId=14578}
05-15 20:59:50.539  1977  6948 I SemDvfsHyPerManager: acquire hyper - AMS_RESUME_TAIL/1977@22, type = -999
05-15 20:59:50.539  1977  6948 I SemDvfsHyPerManager: acquire hyper - AMS_ACT_LAZY/1977@23, type = -999
05-15 20:59:50.539  1632  1829 I HYPER-HAL: [RequestManager.cpp]acquire(): Acquired ID : 1999022  [1977 / 22]    HINT : AMS_RESUME_TAIL    list :
05-15 20:59:50.540  1977  2128 I PkgPredictorService-SecIpmManagerServiceImpl: reportToNAP uid:10626 es.uniovi.recetasasturianas.test/androidx.test.core.app.InstrumentationActivityInvoker$EmptyActivity thisTime:89
05-15 20:59:50.540  1977  2128 D PkgPredictorService-SecIpmManagerServiceImpl: reportToNAP: mHeavyLaunchCounter is false
05-15 20:59:50.542  1977  4221 D PkgPredictorService-SecIpmManagerServiceImpl: ACTION_FOREGROUND_FINISH_EVENT sCurForegroundApp :es.uniovi.recetasasturianas.test
05-15 20:59:50.542 24090 24155 D HWUI    : CacheManager::trimMemory(20)
05-15 20:59:50.543  1808  1899 I SurfaceFlinger: id=179515 Removed Surface(name=8f932e4 StatusBar)/@0xabc478a - animation-leash of insets_animation#179515 (166)
05-15 20:59:50.543  1808  1899 I SurfaceFlinger: id=179516 Removed Surface(name=7a9d783 NavigationBar0)/@0x10e1471 - animation-leash of insets_animation#179516 (166)
05-15 20:59:50.543  1977  6948 I WindowManager: Relayout Window{a306892 u0 es.uniovi.recetasasturianas/es.uniovi.recetasasturianas.MainActivity}: viewVisibility=8 req=1080x2340 ty=1 d0
05-15 20:59:50.543  1977  2134 D PkgPredictorService-SecIpmManagerServiceImpl: bg information pid:24090 uid:10625 pkgName:es.uniovi.recetasasturianas
05-15 20:59:50.543  1632  1829 I HYPER-HAL: [ResourceManager.cpp]updateResource(): [CPUMinFreq] UpdateResource Request ID : 1999022    Value : 1785600
05-15 20:59:50.544  1632  1829 I HYPER-HAL: [RequestManager.cpp]acquire(): Acquired ID : 2001023  [1977 / 23]    HINT : AMS_ACT_LAZY    list :
05-15 20:59:50.544  1632  1829 I HYPER-HAL: [ResourceManager.cpp]removeResource(): [CPULittleMinFreq] RemoveResource Request ID : 2011043
05-15 20:59:50.544  1977  2128 I ActivityTaskManager: Displayed es.uniovi.recetasasturianas.test/androidx.test.core.app.InstrumentationActivityInvoker$EmptyActivity for user 0: +89ms
05-15 20:59:50.544  4301  4301 E pageboostd: Received HALT command code 2
05-15 20:59:50.545  1632  1829 I HYPER-HAL: [ResourceManager.cpp]removeResource(): [CPUMinFreq] RemoveResource Request ID : 2011043
05-15 20:59:50.546  1632  1829 I HYPER-HAL: [RequestManager.cpp]releaseLocked(): Released ID : 2011043
05-15 20:59:50.546  1808  2497 I SurfaceFlinger: id=179520 createSurf, flag=24000, Surface(name=8f932e4 StatusBar)/@0xabc478a - animation-leash of insets_animation#179520
05-15 20:59:50.547  1808  1808 D SurfaceFlinger: Display 4630947232161729154 HWC layers:
05-15 20:59:50.547  1808  1808 D SurfaceFlinger:        CLIENT |          103465762160655 | 00002102 | RGBA_8888    |  360.0    0.0 1080.0 2340.0 |    0    0 1080 2340 | es.uniovi.recetasasturianas/es.uniov[...]sturianas.MainActivity$_24090#179500 (59)
05-15 20:59:50.547  1808  1808 D SurfaceFlinger:        DEVICE |           47510928231501 | 00002100 | RGBA_8888    |    0.0    0.0 1080.0 2340.0 |    0    0 1080 2340 | Splash Screen es.uniovi.recetasasturianas.test$_11062#179511 (1)
05-15 20:59:50.547  1808  1808 D SurfaceFlinger:        DEVICE |           47510928230650 | 00002100 | RGBA_8888    |    0.0    0.0 1080.0   99.0 |    0    0 1080   99 | StatusBar$_11062#172976 (4137)
05-15 20:59:50.547  1808  1808 D SurfaceFlinger:        DEVICE |           47510928230672 | 00002100 | RGBA_8888    |    0.0    0.0 1080.0  144.0 |    0 2196 1080 2340 | NavigationBar0$_11062#172972 (357)
05-15 20:59:50.547  1808  1808 D SurfaceFlinger:        DEVICE |           27157078223661 | 00002100 | RGBA_8888    |    0.0   13.0  290.0  158.0 |  395    0  685  145 | $_6323#154529 (967)
05-15 20:59:50.547  1808  1808 D SurfaceFlinger:        DEVICE |           27157078223656 | 00002100 | RGBA_8888    |    0.0    0.0 1080.0  115.0 |    0    0 1080  115 | $_6323#177506 (652)
05-15 20:59:50.547  1808  1808 D SurfaceFlinger:
05-15 20:59:50.547  1808  1808 D SurfaceFlinger:     DEVICE |           47510928230638 | 00002140 | RGBA_8888    |    0.0    0.0 1080.0  121.0 |    0    0 1080  121 | ScreenDecorOverlay$_11062#172986 (67)
05-15 20:59:50.547  1808  1808 D SurfaceFlinger:        DEVICE |           47510928230639 | 00002140 | RGBA_8888    |    0.0    0.0 1080.0  121.0 |    0 2219 1080 2340 | ScreenDecorOverlayBottom$_11062#172987 (60)
05-15 20:59:50.547  1808  1808 D SurfaceFlinger:
05-15 20:59:50.547  1808  1808 I SurfaceFlinger: RequestedLayer [Task=2382#179494] hidden!! flag  from(0) --> to(1)
05-15 20:59:50.547  1808  1808 I SurfaceFlinger: [Display 0 name="Built-in Screen"#172933] setFrameRateCategory: Default
05-15 20:59:50.547  1808  1808 I SurfaceFlinger: [Display 0 name="Built-in Screen"#172933] setFrameRateCategory: High
05-15 20:59:50.547  1808  1808 I SurfaceFlinger: RequestedLayer [es.uniovi.recetasasturianas.test/and[...]yInvoker$EmptyActivity$_24267#179514] hidden!! flag  from(1) --> to(0)
05-15 20:59:50.547  1808  1808 I SurfaceFlinger: RequestedLayer [es.uniovi.recetasasturianas/es.uniov[...]sturianas.MainActivity$_24090#179500] hidden!! flag  from(0) --> to(1)
05-15 20:59:50.547  1808  1808 I SurfaceFlinger: RequestedLayer [ActivityRecord{242776597 u0 es.uniov[...]turianas/.MainActivity t2382}#179495] hidden!! flag  from(0) --> to(1)
05-15 20:59:50.547  1808  1808 I SurfaceFlinger: destroyed Surface(name=8f932e4 StatusBar)/@0xabc478a - animation-leash of insets_animation#179515 form LifecycleManager
05-15 20:59:50.547  1808  1808 I SurfaceFlinger: destroyed Surface(name=7a9d783 NavigationBar0)/@0x10e1471 - animation-leash of insets_animation#179516 form LifecycleManager
05-15 20:59:50.547  1808  1808 I SurfaceFlinger: [LayerHierarchy{RequestedLayerState{Task=2382#179494 parentId=172934 z=7} 1 children}] reparent to LayerHierarchy{RequestedLayerState{DefaultTaskDisplayArea_d0#172934 parentId=9} 11 children}
05-15 20:59:50.547  1808  1808 I SurfaceFlinger: [LayerHierarchy{RequestedLayerState{Task=2383#179508 parentId=172934 z=8} 1 children}] reparent to LayerHierarchy{RequestedLayerState{DefaultTaskDisplayArea_d0#172934 parentId=9} 12 children}
05-15 20:59:50.547  1808  1808 I SurfaceFlinger: [LayerHierarchy{RequestedLayerState{Transition Root: Task=2383#179513 z=8} no children}] reparent to OffscreenRoot
05-15 20:59:50.547  1808  1808 I SurfaceFlinger: [LayerHierarchy{RequestedLayerState{Transition Root: Task=2383#179513 z=8} no children}] RelativeParent to null
05-15 20:59:50.547  1808  1808 I SurfaceFlinger: [Surface(name=8f932e4 StatusBar)/@0xabc478a - animation-leash of insets_animation#179520] attach to parent LayerHierarchy{RequestedLayerState{WindowToken{68a9b23 type=2000 android.os.BinderProxy@abe78dd}#172963 parentId=17} 2 children}
05-15 20:59:50.547  1808  1808 I SurfaceFlinger: id=179515 onLayerDestroyed from LayerHierarchyBuilder(RequestedLayerState{Surface(name=8f932e4 StatusBar)/@0xabc478a - animation-leash of insets_animation#179515 !handle})
05-15 20:59:50.547  1808  1808 I SurfaceFlinger: id=179516 onLayerDestroyed from LayerHierarchyBuilder(RequestedLayerState{Surface(name=7a9d783 NavigationBar0)/@0x10e1471 - animation-leash of insets_animation#179516 !handle})
05-15 20:59:50.547  1808  1951 D SurfaceFlinger: [input] setFocusedWindow: 79ff7b8 es.uniovi.recetasasturianas.test/androidx.test.core.app.InstrumentationActivityInvoker$EmptyActivity
05-15 20:59:50.548  1808  1808 I Layer   : id=179515 Destroyed Surface(name=8f932e4 StatusBar)/@0xabc478a - animation-leash of insets_animation#179515
05-15 20:59:50.548  1808  1808 I Layer   : id=179516 Destroyed Surface(name=7a9d783 NavigationBar0)/@0x10e1471 - animation-leash of insets_animation#179516
05-15 20:59:50.548  1808  1808 I BpBinder: onLastStrongRef automatically unlinking death recipients:
05-15 20:59:50.548  1808  1808 D SurfaceFlinger: GPIS:: requestGPISForClientComposition
05-15 20:59:50.549  1808  2497 I SurfaceFlinger: id=179521 createSurf, flag=24000, Surface(name=7a9d783 NavigationBar0)/@0x10e1471 - animation-leash of insets_animation#179521
05-15 20:59:50.550  1977  6941 D InputDispatcher: Once focus requested (0): 79ff7b8 es.uniovi.recetasasturianas.test/androidx.test.core.app.InstrumentationActivityInvoker$EmptyActivity
05-15 20:59:50.550  1977  6941 D InputDispatcher: Focus request (0): 79ff7b8 es.uniovi.recetasasturianas.test/androidx.test.core.app.InstrumentationActivityInvoker$EmptyActivity but waiting because NOT_VISIBLE
05-15 20:59:50.553  1808  1808 D SurfaceFlinger: Display 4630947232161729154 HWC layers:
