05-15 20:59:51.893  1808  1808 I SurfaceFlinger: [LayerHierarchy{RequestedLayerState{Surface(name=c497d97 es.uniovi.recetasasturianas.test/androidx.test.core.app.InstrumentationActivityInvoker$EmptyActivity)/@0x300e791 - animation-leash of starting_reveal#179572} 1 children}] RelativeParent to null
05-15 20:59:51.893  1808  1808 I SurfaceFlinger: [LayerHierarchy{RequestedLayerState{2a297a9 Splash Screen es.uniovi.recetasasturianas.test#179547 z=2147483647} 1 children}] reparent to OffscreenRoot
05-15 20:59:51.893  1808  1808 I SurfaceFlinger: [LayerHierarchy{RequestedLayerState{2a297a9 Splash Screen es.uniovi.recetasasturianas.test#179547 z=2147483647} 1 children}] RelativeParent to null
05-15 20:59:51.893  1808  1808 I SurfaceFlinger: [LayerHierarchy{RequestedLayerState{Splash Screen es.uniovi.recetasasturianas.test$_11062#179548} no children}] reparent to OffscreenRoot
05-15 20:59:51.893  1808  1808 I SurfaceFlinger: [LayerHierarchy{RequestedLayerState{Splash Screen es.uniovi.recetasasturianas.test$_11062#179548} no children}] RelativeParent to null
05-15 20:59:51.893  1808  1808 I SurfaceFlinger: [LayerHierarchy{RequestedLayerState{c497d97 es.uniovi.recetasasturianas.test/androidx.test.core.app.InstrumentationActivityInvoker$EmptyActivity#179549 parentId=179546} 1 children}] reparent to LayerHierarchy{RequestedLayerState{ActivityRecord{72596606 u0 es.uniovi.recetasasturianas.test/androidx.test.core.app.InstrumentationActivityInvoker$EmptyActivity t2385}#179546 parentId=179545} 2 children}
05-15 20:59:51.893  1808  1808 I SurfaceFlinger: id=179575 onLayerDestroyed from LayerHierarchyBuilder(RequestedLayerState{Surface(name=7a9d783 NavigationBar0)/@0x10e1471 - animation-leash of insets_animation#179575 !handle})
05-15 20:59:51.893  1808  1808 I SurfaceFlinger: id=179574 onLayerDestroyed from LayerHierarchyBuilder(RequestedLayerState{Surface(name=8f932e4 StatusBar)/@0xabc478a - animation-leash of insets_animation#179574 !handle})
05-15 20:59:51.893  1977  2142 D SurfaceComposerClient: setCornerRadius ## 7bb6bcd es.uniovi.recetasasturianas/es.uniovi.recetasasturianas.MainActivity#179573 cornerRadius=0.000000
05-15 20:59:51.893  1808  1951 D SurfaceFlinger: [input] setFocusedWindow: 7bb6bcd es.uniovi.recetasasturianas/es.uniovi.recetasasturianas.MainActivity
05-15 20:59:51.893  1808  1808 I Layer   : id=179575 Destroyed Surface(name=7a9d783 NavigationBar0)/@0x10e1471 - animation-leash of insets_animation#179575
05-15 20:59:51.893  1808  1808 I Layer   : id=179574 Destroyed Surface(name=8f932e4 StatusBar)/@0xabc478a - animation-leash of insets_animation#179574
05-15 20:59:51.893  1808  1808 E RefreshRateSelector: Can't find HRR max refresh rate by policy with the same group 1080
05-15 20:59:51.894  1808  2497 I SurfaceFlinger: id=179547 Removed 2a297a9 Splash Screen es.uniovi.recetasasturianas.test#179547 (170)
05-15 20:59:51.894  1808  2497 I SurfaceFlinger: id=179548 Removed Splash Screen es.uniovi.recetasasturianas.test$_11062#179548 (170)
05-15 20:59:51.895 24267 24267 I VRI[InstrumentationActivityInvoker$EmptyActivity]@f3b7588: stopped(true) old = false
05-15 20:59:51.895 24267 24267 D VRI[InstrumentationActivityInvoker$EmptyActivity]@f3b7588: WindowStopped on es.uniovi.recetasasturianas.test/androidx.test.core.app.InstrumentationActivityInvoker$EmptyActivity set to true
05-15 20:59:51.895 24267 24288 D HWUI    : CacheManager::trimMemory(20)
05-15 20:59:51.896  1977  6941 D InputDispatcher: Once focus requested (0): 7bb6bcd es.uniovi.recetasasturianas/es.uniovi.recetasasturianas.MainActivity
05-15 20:59:51.896  1977  6941 D InputDispatcher: Focus request (0): 7bb6bcd es.uniovi.recetasasturianas/es.uniovi.recetasasturianas.MainActivity but waiting because NO_WINDOW
05-15 20:59:51.899 24267 24267 W WindowOnBackDispatcher: sendCancelIfRunning: isInProgress=false callback=android.view.ViewRootImpl$$ExternalSyntheticLambda16@9d66234
05-15 20:59:51.899 24090 24176 D VRI[MainActivity]@de229ec: Received frameDrawingCallback syncResult=0 frameNum=1.
05-15 20:59:51.899 24090 24176 I VRI[MainActivity]@de229ec: mWNT: t=0xb400007df8e31b90 mBlastBufferQueue=0xb400007e28f78610 fn= 1 HdrRenderState mRenderHdrSdrRatio=1.0 caller= android.view.ViewRootImpl$12.onFrameDraw:15441 android.view.ThreadedRenderer$1.onFrameDraw:718 <bottom of call stack>
05-15 20:59:51.899 24090 24176 I VRI[MainActivity]@de229ec: Setting up sync and frameCommitCallback
05-15 20:59:51.899 20661 20661 W WindowOnBackDispatcher: sendCancelIfRunning: isInProgress=false callback=b.TeCqMNUAa81tlGMLY@555456b
05-15 20:59:51.900 20661 20661 I VRI[HomeActivity]@27ecfc4: stopped(true) old = false
05-15 20:59:51.900 20661 20661 D VRI[HomeActivity]@27ecfc4: WindowStopped on bitpit.launcher/bitpit.launcher.ui.HomeActivity set to true
05-15 20:59:51.900 20661 20699 D HWUI    : CacheManager::trimMemory(20)
05-15 20:59:51.901  1808  1808 I SurfaceFlinger: destroyed 2a297a9 Splash Screen es.uniovi.recetasasturianas.test#179547 form LifecycleManager
05-15 20:59:51.901  1808  1808 I SurfaceFlinger: destroyed Splash Screen es.uniovi.recetasasturianas.test$_11062#179548 form LifecycleManager
05-15 20:59:51.901  1808  1808 I SurfaceFlinger: id=179547 onLayerDestroyed from LayerHierarchyBuilder(RequestedLayerState{2a297a9 Splash Screen es.uniovi.recetasasturianas.test#179547 !handle z=2147483647})
05-15 20:59:51.901  1808  1808 I SurfaceFlinger: id=179548 onLayerDestroyed from LayerHierarchyBuilder(RequestedLayerState{Splash Screen es.uniovi.recetasasturianas.test$_11062#179548 !handle})
05-15 20:59:51.901  1808  1808 I Layer   : id=179547 Destroyed 2a297a9 Splash Screen es.uniovi.recetasasturianas.test#179547
05-15 20:59:51.902  1808  1808 I Layer   : id=179548 Destroyed Splash Screen es.uniovi.recetasasturianas.test$_11062#179548
05-15 20:59:51.903 24267 24288 D HWUI    : CacheManager::trimMemory(20)
05-15 20:59:51.903 24267 24267 D ViewRootImpl: Skipping stats log for color mode
05-15 20:59:51.903 24267 24267 I VRI[InstrumentationActivityInvoker$EmptyActivity]@f3b7588: dispatchDetachedFromWindow
05-15 20:59:51.904  1977  8796 D InputTransport: Input channel destroyed: 'c497d97', fd=1111
05-15 20:59:51.904  1977  8796 D SurfaceComposerClient: setCornerRadius ## 696d31a Splash Screen es.uniovi.recetasasturianas#179566 cornerRadius=0.000000
05-15 20:59:51.904  1977  8796 D SurfaceComposerClient: setCornerRadius ## 7bb6bcd es.uniovi.recetasasturianas/es.uniovi.recetasasturianas.MainActivity#179573 cornerRadius=0.000000
05-15 20:59:51.904  1977  2141 D EnterpriseDeviceManagerService: isMdmAdminPresentInternal() : MDM Admin Found - com.samsung.knox.securefolder
05-15 20:59:51.904  1977  8796 D SurfaceComposerClient: setCornerRadius ## 696d31a Splash Screen es.uniovi.recetasasturianas#179566 cornerRadius=0.000000
05-15 20:59:51.904  1977  8796 D SurfaceComposerClient: setCornerRadius ## 7bb6bcd es.uniovi.recetasasturianas/es.uniovi.recetasasturianas.MainActivity#179573 cornerRadius=0.000000
05-15 20:59:51.906 24267 24267 D InputTransport: Input channel destroyed: 'c497d97', fd=124
05-15 20:59:51.906 20661 20661 I AutofillManager: onInvisibleForAutofill(): expiringResponse
05-15 20:59:51.906  1977  8796 I AppWidgetServiceImpl: stopListening callbacks : null
05-15 20:59:51.908 24090 24155 I BLASTBufferQueue: [VRI[MainActivity]@de229ec#5](f:0,a:0,s:0) onFrameAvailable the first frame is available
05-15 20:59:51.908 24090 24155 I SurfaceComposerClient: apply transaction with the first frame. layerId: 179576, bufferData(ID: 103465762160663, frameNumber: 1)
05-15 20:59:51.908  1808  2995 I SurfaceFlinger: id=179556 Removed 109b600 ActivityRecordInputSink es.uniovi.recetasasturianas.test/androidx.test.core.app.InstrumentationActivityInvoker$EmptyActivity#179556 (168)
05-15 20:59:51.908  1808  2497 I SurfaceFlinger: id=179579 createSurf, flag=24004, Task=2385#179579
05-15 20:59:51.909 24090 24155 I VRI[MainActivity]@de229ec: Received frameCommittedCallback lastAttemptedDrawFrameNum=1 didProduceBuffer=true
05-15 20:59:51.909  1808  2995 I SurfaceFlinger: [es.uniovi.recetasasturianas/es.uniovi.recetasasturianas.MainActivity$_24090#179576] setTransactionState with the first frame. bufferData(ID: 103465762160663, frameNumber: 1)
05-15 20:59:51.909  1808  1808 I SurfaceFlinger: [LayerHierarchy{RequestedLayerState{c497d97 es.uniovi.recetasasturianas.test/androidx.test.core.app.InstrumentationActivityInvoker$EmptyActivity#179549} 1 children}] reparent to OffscreenRoot
05-15 20:59:51.909  1808  1808 I SurfaceFlinger: [LayerHierarchy{RequestedLayerState{c497d97 es.uniovi.recetasasturianas.test/androidx.test.core.app.InstrumentationActivityInvoker$EmptyActivity#179549} 1 children}] RelativeParent to null
05-15 20:59:51.909  1808  1808 I SurfaceFlinger: [LayerHierarchy{RequestedLayerState{es.uniovi.recetasasturianas.test/androidx.test.core.app.InstrumentationActivityInvoker$EmptyActivity$_24267#179551} no children}] reparent to OffscreenRoot
05-15 20:59:51.909  1808  1808 I SurfaceFlinger: [LayerHierarchy{RequestedLayerState{es.uniovi.recetasasturianas.test/androidx.test.core.app.InstrumentationActivityInvoker$EmptyActivity$_24267#179551} no children}] RelativeParent to null
05-15 20:59:51.909  1808  1808 I SurfaceFlinger: [Task=2385#179579] attach to parent Root
05-15 20:59:51.910  1808  1808 I SurfaceFlinger: id=179549 Removed c497d97 es.uniovi.recetasasturianas.test/androidx.test.core.app.InstrumentationActivityInvoker$EmptyActivity#179549 (169)
05-15 20:59:51.910  1808  1808 I SurfaceFlinger: id=179551 Removed es.uniovi.recetasasturianas.test/androidx.test.core.app.InstrumentationActivityInvoker$EmptyActivity$_24267#179551 (169)
05-15 20:59:51.910 24090 24155 D HWUI    : CFMS:: SetUp Pid : 24090    Tid : 24155
05-15 20:59:51.911 24090 24090 D VRI[MainActivity]@de229ec: reportDrawFinished seqId=0
05-15 20:59:51.912 24090 24155 D HWUI    : HWUI - treat SMPTE_170M as sRGB
05-15 20:59:51.912 24090 24090 D RecipeListViewModel: Dataset recibido: 78 recetas
05-15 20:59:51.913 24090 24090 D RecipeListViewModel: loadRecipes() finalizado
05-15 20:59:51.913 20661 20699 D HWUI    : CacheManager::trimMemory(20)
05-15 20:59:51.914  1977  2142 D SurfaceComposerClient: setCornerRadius ## 696d31a Splash Screen es.uniovi.recetasasturianas#179566 cornerRadius=0.000000
05-15 20:59:51.915  1977  2142 D SurfaceComposerClient: setCornerRadius ## 7bb6bcd es.uniovi.recetasasturianas/es.uniovi.recetasasturianas.MainActivity#179573 cornerRadius=0.000000
05-15 20:59:51.915  4195 23230 I HoneySpace.RecentTasks: onRecentTasksChanged
05-15 20:59:51.915  4195 23188 I HoneySpace.RecentTasks: onRunningTaskVanished
05-15 20:59:51.915  1977  2142 D SurfaceComposerClient: setCornerRadius ## 696d31a Splash Screen es.uniovi.recetasasturianas#179566 cornerRadius=0.000000
05-15 20:59:51.916  1808  1899 I SurfaceFlinger: id=179580 createSurf, flag=24000, Surface(name=7bb6bcd es.uniovi.recetasasturianas/es.uniovi.recetasasturianas.MainActivity)/@0x310b8d5 - animation-leash of starting_reveal#179580
05-15 20:59:51.917  1795  1831 E HeatmapThread: ECT Thread time in milliseconds: 1778871591
05-15 20:59:51.917  1795  1831 D HeatmapThread: !@ batteryplugType : 0
05-15 20:59:51.917  1795  1831 D HeatmapThread: !@ batteryLevel : 0  batteryTemperature : 0
05-15 20:59:51.917  1795  1831 D HeatmapThread: !@ Heatmap currtime: 29647859
05-15 20:59:51.917  1795  1831 D HeatmapThread: !@ Heatmap prevtime: 29647842
05-15 20:59:51.918  1795  1831 D HeatmapThread: !@ Heatmap plugstarttime: 35791394
05-15 20:59:51.918  1795  1831 D HeatmapThread: !@ Heatmap prevv_dsoh_update_time: 29635503
05-15 20:59:51.918 12633 21222 I Routine@Core[4.9.04.16]: ModesOrderManager: getOrderOrDefault: uuid(100)
05-15 20:59:51.918  1795  1831 E HeatmapThread: !@Could not open '/efs/FactoryApp/bsoh', errno = 13
05-15 20:59:51.918  1795  1831 E HeatmapThread: !@ CAM Could not access BSOH EFS
05-15 20:59:51.918  1795  1831 E HeatmapThread: !@ CAM New BSOH: 0
05-15 20:59:51.919  1977  2142 D SurfaceComposerClient: setCornerRadius ## 7bb6bcd es.uniovi.recetasasturianas/es.uniovi.recetasasturianas.MainActivity#179573 cornerRadius=0.000000
05-15 20:59:51.919  1808  1808 I SurfaceFlinger: destroyed c497d97 es.uniovi.recetasasturianas.test/androidx.test.core.app.InstrumentationActivityInvoker$EmptyActivity#179549 form LifecycleManager
05-15 20:59:51.919  1808  1808 I SurfaceFlinger: destroyed es.uniovi.recetasasturianas.test/androidx.test.core.app.InstrumentationActivityInvoker$EmptyActivity$_24267#179551 form LifecycleManager
05-15 20:59:51.919  1808  1808 I SurfaceFlinger: [LayerHierarchy{RequestedLayerState{Task=2385#179545 z=7} 1 children}] reparent to OffscreenRoot
05-15 20:59:51.919  1808  1808 I SurfaceFlinger: [LayerHierarchy{RequestedLayerState{Task=2385#179545 z=7} 1 children}] RelativeParent to null
05-15 20:59:51.919  1808  1808 I SurfaceFlinger: [LayerHierarchy{RequestedLayerState{ActivityRecord{72596606 u0 es.uniovi.recetasasturianas.test/androidx.test.core.app.InstrumentationActivityInvoker$EmptyActivity t2385}#179546} 1 children}] reparent to OffscreenRoot
05-15 20:59:51.919  1808  1808 I SurfaceFlinger: [LayerHierarchy{RequestedLayerState{ActivityRecord{72596606 u0 es.uniovi.recetasasturianas.test/androidx.test.core.app.InstrumentationActivityInvoker$EmptyActivity t2385}#179546} 1 children}] RelativeParent to null
05-15 20:59:51.919  1808  1808 I SurfaceFlinger: [Surface(name=7bb6bcd es.uniovi.recetasasturianas/es.uniovi.recetasasturianas.MainActivity)/@0x310b8d5 - animation-leash of starting_reveal#179580] attach to parent LayerHierarchy{RequestedLayerState{ActivityRecord{199560672 u0 es.uniovi.recetasasturianas/.MainActivity t2386}#179565 parentId=179564} 4 children}
05-15 20:59:51.919  1808  1808 I SurfaceFlinger: [LayerHierarchy{RequestedLayerState{Task=2385#179579 z=7} no children}] reparent to OffscreenRoot
05-15 20:59:51.919  1808  1808 I SurfaceFlinger: [LayerHierarchy{RequestedLayerState{Task=2385#179579 z=7} no children}] RelativeParent to null
05-15 20:59:51.919  1808  1808 I SurfaceFlinger: id=179549 onLayerDestroyed from LayerHierarchyBuilder(RequestedLayerState{c497d97 es.uniovi.recetasasturianas.test/androidx.test.core.app.InstrumentationActivityInvoker$EmptyActivity#179549 !handle})
05-15 20:59:51.919  1808  1808 I SurfaceFlinger: id=179551 onLayerDestroyed from LayerHierarchyBuilder(RequestedLayerState{es.uniovi.recetasasturianas.test/androidx.test.core.app.InstrumentationActivityInvoker$EmptyActivity$_24267#179551 !handle})
05-15 20:59:51.920  1977  2142 D SurfaceComposerClient: setCornerRadius ## 696d31a Splash Screen es.uniovi.recetasasturianas#179566 cornerRadius=0.000000
05-15 20:59:51.920  1977  2142 D SurfaceComposerClient: setCornerRadius ## 7bb6bcd es.uniovi.recetasasturianas/es.uniovi.recetasasturianas.MainActivity#179573 cornerRadius=0.000000
05-15 20:59:51.920 24090 24090 D ConnectivityManager: StackLog: [android.net.ConnectivityManager.sendRequestForNetwork(ConnectivityManager.java:4740)] [android.net.ConnectivityManager.registerDefaultNetworkCallbackForUid(ConnectivityManager.java:5465)] [android.net.ConnectivityManager.registerDefaultNetworkCallback(ConnectivityManager.java:5432)] [android.net.ConnectivityManager.registerDefaultNetworkCallback(ConnectivityManager.java:5406)] [com.bumptech.glide.manager.SingletonConnectivityReceiver$FrameworkConnectivityMonitorPostApi24.register(SingletonConnectivityReceiver.java:191)] [com.bumptech.glide.manager.SingletonConnectivityReceiver.maybeRegisterReceiver(SingletonConnectivityReceiver.java:113)] [com.bumptech.glide.manager.SingletonConnectivityReceiver.register(SingletonConnectivityReceiver.java:94)] [com.bumptech.glide.manager.DefaultConnectivityMonitor.register(DefaultConnectivityMonitor.java:25)] [com.bumptech.glide.manager.DefaultConnectivityMonitor.onStart(DefaultConnectivityMonitor.java:34)] [com.bumptech.glide.manager.LifecycleLifecycle.addListener(LifecycleLifecycle.java:54)] [com.bumptech.glide.RequestManager.<init>(RequestManager.java:147)] [com.bumptech.glide.RequestManager.<init>(RequestManager.java:105)] [com.bumptech.glide.manager.RequestManagerRetriever$1.build(RequestManagerRetriever.java:292)] [com.bumptech.glide.manager.LifecycleRequestManagerRetriever.getOrCreate(LifecycleRequestManagerRetriever.java:43)] [com.bumptech.glide.manager.RequestManagerRetriever.get(RequestManagerRetriever.java:114)] [com.bumptech.glide.manager.RequestManagerRetriever.get(RequestManagerRetriever.java:92)] [com.bumptech.glide.Glide.with(Glide.java:545)] [es.uniovi.recetasasturianas.ui.list.RecipeAdapter$RecipeViewHolder.bind(RecipeAdapter.kt:126)] [es.uniovi.recetasasturianas.ui.list.RecipeAdapter.onBindViewHolder(RecipeAdapter.kt:76)] [es.uniovi.recetasasturianas.ui.list.RecipeAdapter.onBindViewHolder(RecipeAdapter.kt:27)] [androidx.recyclerview.widget.RecyclerView$Adapter.onBindViewHolder(RecyclerView.java:7065)] [androidx.recyclerview.widget.RecyclerView$Adapter.bindViewHolder(RecyclerView.java:7107)] [androidx.recyclerview.widget.RecyclerView$Recycler.tryBindViewHolderByDeadline(RecyclerView.java:6012)] [androidx.recyclerview.widget.RecyclerView$Recycler.tryGetViewHolderForPositionByDeadline(RecyclerView.java:6279)] [androidx.recyclerview.widget.RecyclerView$Recycler.getViewForPosition(RecyclerView.java:6118)] [androidx.recyclerview.widget.RecyclerView$Recycler.getViewForPosition(RecyclerView.java:6114)] [androidx.recyclerview.widget.LinearLayoutManager$LayoutState.next(LinearLayoutManager.java:2303)] [androidx.recyclerview.widget.LinearLayoutManager.layoutChunk(LinearLayoutManager.java:1627)] [androidx.recyclerview.widget.LinearLayoutManager.fill(LinearLayoutManager.java:1587)] [androidx.recyclerview.widget.LinearLayoutManager.onLayoutChildren(LinearLayoutManager.java:665)] [androidx.recyclerview.widget.RecyclerView.dispatchLayoutStep2(RecyclerView.java:4134)] [androidx.recyclerview.widget.RecyclerView.dispatchLayout(RecyclerView.java:3851)] [androidx.recyclerview.widget.RecyclerView.consumePendingUpdateOperations(RecyclerView.java:1897)] [androidx.recyclerview.widget.RecyclerView$1.run(RecyclerView.java:414)] [android.view.Choreographer$CallbackRecord.run(Choreographer.java:1901)] [android.view.Choreographer$CallbackRecord.run(Choreographer.java:1910)] [android.view.Choreographer.doCallbacks(Choreographer.java:1367)] [android.view.Choreographer.doFrame(Choreographer.java:1282)] [android.view.Choreographer$FrameDisplayEventReceiver.run(Choreographer.java:1870)]
05-15 20:59:51.920  1977  2142 D SurfaceComposerClient: setCornerRadius ## 696d31a Splash Screen es.uniovi.recetasasturianas#179566 cornerRadius=0.000000
05-15 20:59:51.920  1977  2142 D SurfaceComposerClient: setCornerRadius ## 7bb6bcd es.uniovi.recetasasturianas/es.uniovi.recetasasturianas.MainActivity#179573 cornerRadius=0.000000
05-15 20:59:51.920 12633 21222 I Routine@Core[4.9.04.16]: ModesOrderManager: getOrder: uuid(100) -> order(999)
05-15 20:59:51.921 12633 21222 I Routine@Core[4.9.04.16]: ModeListHolder: update: size(1) updated(2026/05/15 20:59:51) [ModeMeta(id=1, uuid=100, iconResourceId=2131231140, iconStatusResourceId=2131231637, displayName=Sleep, isRunning=false, runningReason=, runningReasonCondition=, isSet=true, isDeleted=false, detailRunningReason=null, order=999, toggleTime=1778816639015)]
05-15 20:59:51.921  1808  1808 I Layer   : id=179549 Destroyed c497d97 es.uniovi.recetasasturianas.test/androidx.test.core.app.InstrumentationActivityInvoker$EmptyActivity#179549
05-15 20:59:51.921  1977  3573 D ConnectivityService: requestNetwork for uid/pid:10625/24090 activeRequest: null callbackRequest: 58602 [NetworkRequest [ REQUEST id=58603, [ Capabilities: INTERNET&NOT_RESTRICTED&TRUSTED&NOT_VCN_MANAGED&NOT_BANDWIDTH_CONSTRAINED Uid: 10625 RequestorUid: 10625 RequestorPkg: es.uniovi.recetasasturianas UnderlyingNetworks: Null] ]] callback flags: 0 order: 2147483647 isUidTracked: false declaredMethods: AVAIL|LOST
05-15 20:59:51.922  1808  1808 I Layer   : id=179551 Destroyed es.uniovi.recetasasturianas.test/androidx.test.core.app.InstrumentationActivityInvoker$EmptyActivity$_24267#179551
05-15 20:59:51.922  1808  1808 I SurfaceFlinger: id=179546 Removed ActivityRecord{72596606 u0 es.uniovi.recetasasturianas.test/androidx.test.core.app.InstrumentationActivityInvoker$EmptyActivity t2385}#179546 (168)
05-15 20:59:51.923 24090 24090 I MaterialCardView: Setting a custom background is not supported.
05-15 20:59:51.924  1977  2128 I PkgPredictorService-SecIpmManagerServiceImpl: reportToNAP uid:10625 es.uniovi.recetasasturianas/es.uniovi.recetasasturianas.MainActivity thisTime:181
05-15 20:59:51.924  1977  2128 D PkgPredictorService-SecIpmManagerServiceImpl: reportToNAP: mHeavyLaunchCounter is false
05-15 20:59:51.924  1977  3160 D ConnectivityService:    accepting network in place of null for NetworkRequest [ REQUEST id=58603, [ Capabilities: INTERNET&NOT_RESTRICTED&TRUSTED&NOT_VCN_MANAGED&NOT_BANDWIDTH_CONSTRAINED Uid: 10625 RequestorUid: 10625 RequestorPkg: es.uniovi.recetasasturianas UnderlyingNetworks: Null] ]
05-15 20:59:51.925 11062 11118 D ShellTaskOrganizer: removeStartingWindow, removalInfo=StartingWindowRemovalInfo{taskId=2386 frame=Rect(0, 0 - 1080, 2340) playRevealAnimation=true roundedCornerRadius=0.0 deferRemoveMode=0 windowlessSurface=false removeImmediately=false}
05-15 20:59:51.926 24267 24288 D HWUI    : CacheManager::trimMemory(40)
05-15 20:59:51.926  1977  2134 D PkgPredictorService-SecIpmManagerServiceImpl: bg information pid:24267 uid:10626 pkgName:es.uniovi.recetasasturianas.test
05-15 20:59:51.927  1808  1808 I SurfaceFlinger: [Display 0 name="Built-in Screen"#172933] setFrameRateCategory: High
05-15 20:59:51.927  1808  1808 I SurfaceFlinger: RequestedLayer [es.uniovi.recetasasturianas/es.uniov[...]sturianas.MainActivity$_24090#179576] hidden!! flag  from(1) --> to(0)
05-15 20:59:51.927  1808  1808 I SurfaceFlinger: destroyed ActivityRecord{72596606 u0 es.uniovi.recetasasturianas.test/androidx.test.core.app.InstrumentationActivityInvoker$EmptyActivity t2385}#179546 form LifecycleManager
05-15 20:59:51.927  1808  1808 I SurfaceFlinger: destroyed 109b600 ActivityRecordInputSink es.uniovi.recetasasturianas.test/androidx.test.core.app.InstrumentationActivityInvoker$EmptyActivity#179556 form LifecycleManager
05-15 20:59:51.927  1808  1808 I SurfaceFlinger: [LayerHierarchy{RequestedLayerState{7bb6bcd es.uniovi.recetasasturianas/es.uniovi.recetasasturianas.MainActivity#179573 parentId=179580} 1 children}] reparent to LayerHierarchy{RequestedLayerState{Surface(name=7bb6bcd es.uniovi.recetasasturianas/es.uniovi.recetasasturianas.MainActivity)/@0x310b8d5 - animation-leash of starting_reveal#179580 parentId=179565} 1 children}
05-15 20:59:51.927  1808  1808 I SurfaceFlinger: id=179546 onLayerDestroyed from LayerHierarchyBuilder(RequestedLayerState{ActivityRecord{72596606 u0 es.uniovi.recetasasturianas.test/androidx.test.core.app.InstrumentationActivityInvoker$EmptyActivity t2385}#179546 !handle})
05-15 20:59:51.927  1808  1808 I SurfaceFlinger: id=179556 onLayerDestroyed from LayerHierarchyBuilder(RequestedLayerState{109b600 ActivityRecordInputSink es.uniovi.recetasasturianas.test/androidx.test.core.app.InstrumentationActivityInvoker$EmptyActivity#179556 !handle z=-2147483648})
05-15 20:59:51.929 24090 24090 I MaterialCardView: Setting a custom background is not supported.
05-15 20:59:51.930  1808  1808 I Layer   : id=179546 Destroyed ActivityRecord{72596606 u0 es.uniovi.recetasasturianas.test/androidx.test.core.app.InstrumentationActivityInvoker$EmptyActivity t2385}#179546
05-15 20:59:51.930  1808  1808 I Layer   : id=179556 Destroyed 109b600 ActivityRecordInputSink es.uniovi.recetasasturianas.test/androidx.test.core.app.InstrumentationActivityInvoker$EmptyActivity#179556
05-15 20:59:51.932  1977  2128 I ActivityTaskManager: Displayed es.uniovi.recetasasturianas/.MainActivity for user 0: +181ms
05-15 20:59:51.934  1624 31626 I sensors-hal: handle_sns_client_event:540, [0][3820825] accel_sample [ 2.028,  6.690,  6.727] 741449460886686
05-15 20:59:51.935  1808  1808 D SurfaceFlinger: Display 4630947232161729154 HWC layers:
05-15 20:59:51.935  1808  1808 D SurfaceFlinger:        DEVICE |          103465762160663 | 00002102 | RGBA_8888    |    0.0    0.0 1080.0 2340.0 |    0    0 1080 2340 | es.uniovi.recetasasturianas/es.uniov[...]sturianas.MainActivity$_24090#179576 (1)
05-15 20:59:51.935  1808  1808 D SurfaceFlinger:        DEVICE |           47510928231528 | 00002100 | RGBA_8888    |    0.0    0.0 1080.0 2340.0 |    0    0 1080 2340 | Splash Screen es.uniovi.recetasasturianas$_11062#179569 (1)
05-15 20:59:51.935  1808  1808 D SurfaceFlinger:        DEVICE |           47510928230651 | 00002100 | RGBA_8888    |    0.0    0.0 1080.0   99.0 |    0    0 1080   99 | StatusBar$_11062#172976 (4140)
05-15 20:59:51.935  1808  1808 D SurfaceFlinger:        DEVICE |           47510928230672 | 00002100 | RGBA_8888    |    0.0    0.0 1080.0  144.0 |    0 2196 1080 2340 | NavigationBar0$_11062#172972 (357)
05-15 20:59:51.935  1808  1808 D SurfaceFlinger:        DEVICE |           27157078223661 | 00002100 | RGBA_8888    |    0.0   13.0  290.0  158.0 |  395    0  685  145 | $_6323#154529 (967)
05-15 20:59:51.935  1808  1808 D SurfaceFlinger:        DEVICE |           27157078223656 | 00002100 | RGBA_8888    |    0.0    0.0 1080.0  115.0 |    0    0 1080  115 | $_6323#177506 (652)
05-15 20:59:51.935  1808  1808 D SurfaceFlinger:        DE
05-15 20:59:51.935  1808  1808 D SurfaceFlinger: VICE |           47510928230638 | 00002140 | RGBA_8888    |    0.0    0.0 1080.0  121.0 |    0    0 1080  121 | ScreenDecorOverlay$_11062#172986 (67)
05-15 20:59:51.935  1808  1808 D SurfaceFlinger:        DEVICE |           47510928230639 | 00002140 | RGBA_8888    |    0.0    0.0 1080.0  121.0 |    0 2219 1080 2340 | ScreenDecorOverlayBottom$_11062#172987 (60)
05-15 20:59:51.935  1808  1808 D SurfaceFlinger:
05-15 20:59:51.935  4301  4301 E pageboostd: Received HALT command code 2
05-15 20:59:51.936  4195 23230 I HoneySpace.RecentTasks: onRecentTasksChanged
05-15 20:59:51.938 11062 11062 D SystemUIService: SYSUI_RAM_OPTIMIZATION onTrimMemory=20
05-15 20:59:51.938 11062 11062 D CentralSurfaces: SYSUI_RAM_OPTIMIZATION onTrimMemory=20
05-15 20:59:51.938 11062 11227 D HWUI    : CacheManager::trimMemory(20)
05-15 20:59:51.938 11062 11062 D SystemUIService: SYSUI_RAM_OPTIMIZATION onTrimMemory=20
05-15 20:59:51.938 11062 11062 D CentralSurfaces: SYSUI_RAM_OPTIMIZATION onTrimMemory=20
05-15 20:59:51.938 11062 11227 D HWUI    : CacheManager::trimMemory(20)
05-15 20:59:51.939 12633 21222 I Routine@Core[4.9.04.16]: ActivityWatcherListenerImpl: onResumeComponent: componentName - es.uniovi.recetasasturianas, es.uniovi.recetasasturianas.MainActivity, userId: 0
05-15 20:59:51.939  1977  8796 D InputDispatcher: Focus entered window (0): 7bb6bcd es.uniovi.recetasasturianas/es.uniovi.recetasasturianas.MainActivity
05-15 20:59:51.939 12633 21222 I Routine@Core[4.9.04.16]: Pref: putSharedPrefsData: key=condition_launch_app_data_resume_pkg, data.size=70
05-15 20:59:51.940  4195  4195 I HoneySpace.TaskStackChangeRepositoryImpl: onTaskRemoved : 2385
05-15 20:59:51.940  4195  4195 I HoneySpace.TaskStackChangeRepositoryImpl: onTaskRemoved : 2385
05-15 20:59:51.940  4195  4195 I HoneySpace.TaskListViewModel[264452461]: taskRemoveId, 2385
05-15 20:59:51.940  4195  4195 W HoneySpace.TaskListViewModel[264452461]: task is already removed: 2385
05-15 20:59:51.940  4195  4195 I HoneySpace.TaskListViewModel[264452461]: taskRemoveId, 2385
05-15 20:59:51.940  4195  4195 W HoneySpace.TaskListViewModel[264452461]: task is already removed: 2385
05-15 20:59:51.940  1977  6941 I WindowManager: Relayout Window{c5a06c0 u0 bitpit.launcher/bitpit.launcher.ui.HomeActivity}: viewVisibility=4 req=1080x2340 ty=1 d0
05-15 20:59:51.940  4195  4401 I HoneySpace.TopTaskSource: onTaskRemoved: 2385
05-15 20:59:51.941  1977  6941 D SurfaceComposerClient: setCornerRadius ## 696d31a Splash Screen es.uniovi.recetasasturianas#179566 cornerRadius=0.000000
05-15 20:59:51.941  1977  6941 D SurfaceComposerClient: setCornerRadius ## 7bb6bcd es.uniovi.recetasasturianas/es.uniovi.recetasasturianas.MainActivity#179573 cornerRadius=0.000000
05-15 20:59:51.941  1977  6941 D SurfaceComposerClient: setCornerRadius ## 696d31a Splash Screen es.uniovi.recetasasturianas#179566 cornerRadius=0.000000
05-15 20:59:51.941  1808  2497 I SurfaceFlinger: id=179579 Removed Task=2385#179579 (166)
05-15 20:59:51.941  1977  6941 D SurfaceComposerClient: setCornerRadius ## 7bb6bcd es.uniovi.recetasasturianas/es.uniovi.recetasasturianas.MainActivity#179573 cornerRadius=0.000000
05-15 20:59:51.942  1977  6941 I WindowManager: Relayout hash=c5a06c0, pid=20661, syncId=-1: mAttrs={(0,0)(fillxfill) sim={state=always_hidden adjust=resize forwardNavigation} layoutInDisplayCutoutMode=always ty=BASE_APPLICATION fmt=TRANSPARENT wanim=0x1030317
05-15 20:59:51.942  1977  6941 I WindowManager:   fl=80910100
05-15 20:59:51.942  1977  6941 I WindowManager:   pfl=10008840
05-15 20:59:51.942  1977  6941 I WindowManager:   bhv=1
05-15 20:59:51.942  1977  6941 I WindowManager:   fitSides=0
05-15 20:59:51.942  1977  6941 I WindowManager:   frameRateBoostOnTouch=true
05-15 20:59:51.942  1977  6941 I WindowManager:   dvrrWindowFrameRateHint=true naviIconColor=0}
05-15 20:59:51.943  1808  1808 I SurfaceFlinger: destroyed Task=2385#179579 form LifecycleManager
05-15 20:59:51.943  1808  1808 I SurfaceFlinger: id=179579 onLayerDestroyed from LayerHierarchyBuilder(RequestedLayerState{Task=2385#179579 !handle z=7})
05-15 20:59:51.943 20661 20661 I VRI[HomeActivity]@27ecfc4: Relayout returned: old=(0,0,1080,2340) new=(0,0,1080,2340) relayoutAsync=false req=(1080,2340)4 dur=30 res=0x2 s={false 0x0} ch=false seqId=0
05-15 20:59:51.943  1808  1808 I Layer   : id=179579 Destroyed Task=2385#179579
05-15 20:59:51.943 20661 20661 D VRI[HomeActivity]@27ecfc4: Not drawing due to not visible. Reason=View.INVISIBLE
05-15 20:59:51.944 12633 12673 I Routine@Core[4.9.04.16]: ActivityWatcherListenerImpl: onStopComponent: componentName - es.uniovi.recetasasturianas.test, userId: 0
05-15 20:59:51.945 12633 12673 I Routine@Core[4.9.04.16]: Pref: putSharedPrefsData: key=condition_launch_app_data_resume_pkg, data.size=70
05-15 20:59:51.946 20661 20661 I VRI[HomeActivity]@27ecfc4: handleAppVisibility mAppVisible = true visible = false
05-15 20:59:51.947 12633 12673 I Routine@Core[4.9.04.16]: ActivityWatcherListenerImpl: onStopComponent: componentName - bitpit.launcher, userId: 0
05-15 20:59:51.947  1977  3160 D ConnectivityService: Rematched networks [computed 1ms] [applied 8ms] [issued 14]
05-15 20:59:51.947  1977  3160 D ConnectivityService: NetworkReassignment :
05-15 20:59:51.947  1977  3160 D ConnectivityService:   58603 : null → 2805
05-15 20:59:51.947 12633 12673 I Routine@Core[4.9.04.16]: Pref: putSharedPrefsData: key=condition_launch_app_data_resume_pkg, data.size=70
05-15 20:59:51.947 24090 24090 I InsetsSourceConsumer: applyRequestedVisibilityToControl: visible=true, type=statusBars, host=es.uniovi.recetasasturianas/es.uniovi.recetasasturianas.MainActivity
05-15 20:59:51.948  1977  3573 I WindowManager: Relayout Window{696d31a u0 Splash Screen es.uniovi.recetasasturianas}: viewVisibility=8 req=1080x2340 ty=3 d0
05-15 20:59:51.948  4195  4401 I HoneySpace.TopTaskSource: onTaskRemoved: 2385
05-15 20:59:51.948 24090 24090 I InsetsSourceConsumer: applyRequestedVisibilityToControl: visible=true, type=navigationBars, host=es.uniovi.recetasasturianas/es.uniovi.recetasasturianas.MainActivity
05-15 20:59:51.948  1977  3573 D SurfaceComposerClient: setCornerRadius ## 7bb6bcd es.uniovi.recetasasturianas/es.uniovi.recetasasturianas.MainActivity#179573 cornerRadius=0.000000
05-15 20:59:51.949  1977  3573 D SurfaceComposerClient: setCornerRadius ## 696d31a Splash Screen es.uniovi.recetasasturianas#179566 cornerRadius=0.000000
05-15 20:59:51.949  1977  3573 D SurfaceComposerClient: setCornerRadius ## 7bb6bcd es.uniovi.recetasasturianas/es.uniovi.recetasasturianas.MainActivity#179573 cornerRadius=0.000000
05-15 20:59:51.950  1977  3573 I WindowManager: Relayout hash=696d31a, pid=11062, syncId=-1: mAttrs={(0,0)(fillxfill) sim={adjust=pan} layoutInDisplayCutoutMode=always ty=APPLICATION_STARTING fmt=TRANSLUCENT wanim=0x1030317
05-15 20:59:51.950  1977  3573 I WindowManager:   fl=81030118
05-15 20:59:51.950  1977  3573 I WindowManager:   pfl=10000810
05-15 20:59:51.950  1977  3573 I WindowManager:   bhv=1
05-15 20:59:51.950  1977  3573 I WindowManager:   fitSides=0
05-15 20:59:51.950  1977  3573 I WindowManager:   frameRateBoostOnTouch=true
05-15 20:59:51.950  1977  3573 I WindowManager:   dvrrWindowFrameRateHint=true naviIconColor=0}
05-15 20:59:51.950  1977  2134 D PkgPredictorService-SecIpmManagerServiceImpl: bg information pid:20661 uid:10578 pkgName:bitpit.launcher
05-15 20:59:51.950 11062 11138 I VRI[recetasasturianas]@d17f75c: onActiveControlsChanged, removed=false, mAdded=true, caller=android.view.ViewRootImpl.handleInsetsControlChanged:3002 android.view.ViewRootImpl.relayoutWindow:11629 android.view.ViewRootImpl.performTraversals:4804 android.view.ViewRootImpl.doTraversal:3924 android.view.ViewRootImpl$TraversalRunnable.run:12903
05-15 20:59:51.951  1808  1808 I SurfaceFlinger: [LayerHierarchy{RequestedLayerState{bitpit.launcher/bitpit.launcher.ui.HomeActivity$_20661#179561} no children}] reparent to OffscreenRoot
05-15 20:59:51.951  1808  1808 I SurfaceFlinger: [LayerHierarchy{RequestedLayerState{bitpit.launcher/bitpit.launcher.ui.HomeActivity$_20661#179561} no children}] RelativeParent to null
05-15 20:59:51.952  1808  1808 I SurfaceFlinger: id=179561 Removed bitpit.launcher/bitpit.launcher.ui.HomeActivity$_20661#179561 (165)
05-15 20:59:51.953 11062 11138 I VRI[recetasasturianas]@d17f75c: Relayout returned: old=(0,0,1080,2340) new=(0,0,1080,2340) relayoutAsync=false req=(1080,2340)8 dur=6 res=0x2 s={false 0x0} ch=true seqId=0
05-15 20:59:51.953 11062 11138 D VRI[recetasasturianas]@d17f75c: Not drawing due to not visible. Reason=View.GONE
05-15 20:59:51.953 11062 11138 W WindowOnBackDispatcher: sendCancelIfRunning: isInProgress=false callback=android.view.ViewRootImpl$$ExternalSyntheticLambda16@cdb2d48
05-15 20:59:51.953 20661 20661 D BBA2    : setIsFg isFg = false; delayValue 3999ms
05-15 20:59:51.955 11062 11138 I VRI[recetasasturianas]@d17f75c: dispatchDetachedFromWindow
05-15 20:59:51.955  1977  3573 I SemDvfsHyPerManager: acquire hyper - AMS_RESUME_TAIL/1977@22, type = -999
05-15 20:59:51.955  1977  3573 I SemDvfsHyPerManager: acquire hyper - AMS_ACT_LAZY/1977@23, type = -999
05-15 20:59:51.955  1632  1829 I HYPER-HAL: [RequestManager.cpp]acquire(): Acquired ID : 1999022  [1977 / 22]    HINT : AMS_RESUME_TAIL    list :
05-15 20:59:51.955  1977  3573 D InputTransport: Input channel destroyed: '696d31a', fd=1049
05-15 20:59:51.955  1632  1829 I HYPER-HAL: [ResourceManager.cpp]updateResource(): [CPUMinFreq] UpdateResource Request ID : 1999022    Value : 1785600
05-15 20:59:51.955  1632  1829 I HYPER-HAL: [RequestManager.cpp]acquire(): Acquired ID : 2001023  [1977 / 23]    HINT : AMS_ACT_LAZY    list :
05-15 20:59:51.955  1632  1829 I HYPER-HAL: [ResourceManager.cpp]removeResource(): [CPULittleMinFreq] RemoveResource Request ID : 2011043
05-15 20:59:51.956  1977  3573 D SurfaceComposerClient: setCornerRadius ## 7bb6bcd es.uniovi.recetasasturianas/es.uniovi.recetasasturianas.MainActivity#179573 cornerRadius=0.000000
05-15 20:59:51.956 24090 24090 D VRI[MainActivity]@de229ec: mThreadedRenderer.initializeIfNeeded()#2 mSurface={isValid=true 0xb400007de8e83c20}
05-15 20:59:51.956  1977  3573 D SurfaceComposerClient: setCornerRadius ## 7bb6bcd es.uniovi.recetasasturianas/es.uniovi.recetasasturianas.MainActivity#179573 cornerRadius=0.000000
05-15 20:59:51.957 11062 11138 D InputTransport: Input channel destroyed: '696d31a', fd=505
05-15 20:59:51.957 24090 24090 D InputMethodManagerUtils: startInputInner - Id : 0
05-15 20:59:51.957 24090 24090 I InputMethodManager: startInputInner - IInputMethodManagerGlobalInvoker.startInputOrWindowGainedFocus
05-15 20:59:51.959  1977  2142 D SurfaceComposerClient: setCornerRadius ## 7bb6bcd es.uniovi.recetasasturianas/es.uniovi.recetasasturianas.MainActivity#179573 cornerRadius=0.000000
05-15 20:59:51.959  1808  1808 I SurfaceFlinger: RequestedLayer [Splash Screen es.uniovi.recetasasturianas$_11062#179569] hidden!! flag  from(0) --> to(1)
05-15 20:59:51.959  1808  1808 I SurfaceFlinger: destroyed bitpit.launcher/bitpit.launcher.ui.HomeActivity$_20661#179561 form LifecycleManager
05-15 20:59:51.959  1808  1808 I SurfaceFlinger: id=179561 onLayerDestroyed from LayerHierarchyBuilder(RequestedLayerState{bitpit.launcher/bitpit.launcher.ui.HomeActivity$_20661#179561 !handle})
05-15 20:59:51.960  1808  1808 I Layer   : id=179561 Destroyed bitpit.launcher/bitpit.launcher.ui.HomeActivity$_20661#179561
05-15 20:59:51.962  1632  1829 I HYPER-HAL: [ResourceManager.cpp]removeResource(): [CPUMinFreq] RemoveResource Request ID : 2011043
05-15 20:59:51.963  1632  1829 I HYPER-HAL: [RequestManager.cpp]releaseLocked(): Released ID : 2011043
05-15 20:59:51.963  1977  2142 D SurfaceComposerClient: setCornerRadius ## 7bb6bcd es.uniovi.recetasasturianas/es.uniovi.recetasasturianas.MainActivity#179573 cornerRadius=0.000000
05-15 20:59:51.965  1977  2946 I ImeTracker: es.uniovi.recetasasturianas:8ffc6468: onRequestHide at ORIGIN_SERVER reason HIDE_UNSPECIFIED_WINDOW fromUser false
05-15 20:59:51.965 24090 24090 I InputMethodManager: handleMessage: setImeVisibility visible=false
05-15 20:59:51.965 24090 24090 D InsetsController: hide(ime(), fromIme=false)
05-15 20:59:51.965 24090 24090 I ImeTracker: es.uniovi.recetasasturianas:8ffc6468: onCancelled at PHASE_CLIENT_ALREADY_HIDDEN
05-15 20:59:51.965  1977  2946 D InputTransport: Input channel constructed: 'ClientS', fd=1049
05-15 20:59:51.966  1977  2946 D InputTransport: Input channel destroyed: 'ClientS', fd=1049
05-15 20:59:51.966 24090 24299 D InputTransport: Input channel constructed: 'ClientS', fd=178
05-15 20:59:51.966 23357 23357 I LatinIME: onFinishInput
05-15 20:59:51.966 23357 23357 D InputMethodService: unregisterCompatOnBackInvokedCallback return because registered : false
05-15 20:59:51.966 23357 23357 D InputMethodService: updateClientDisplayId: displayId=0, mClientDisplayId=0
05-15 20:59:51.967  1808  2995 I SurfaceFlinger: id=179581 createSurf, flag=24004, Surface(name=35023c1 InputMethod)/@0x1087f31 - animation-leash of insets_animation#179581
05-15 20:59:51.968  1977  8796 I ImeTracker: system_server:ed49ce5c: onRequestHide at ORIGIN_SERVER reason IME_REQUESTED_CHANGED_LISTENER fromUser false
05-15 20:59:51.969  1808  1808 D SurfaceFlinger: Display 4630947232161729154 HWC layers:
05-15 20:59:51.969  1808  1808 D SurfaceFlinger:        DEVICE |          103465762160661 | 00002102 | RGBA_8888    |    0.0    0.0 1080.0 2340.0 |    0    0 1080 2340 | es.uniovi.recetasasturianas/es.uniov[...]sturianas.MainActivity$_24090#179576 (3)
05-15 20:59:51.969  1808  1808 D SurfaceFlinger:        DEVICE |           47510928230651 | 00002100 | RGBA_8888    |    0.0    0.0 1080.0   99.0 |    0    0 1080   99 | StatusBar$_11062#172976 (4140)
05-15 20:59:51.969  1808  1808 D SurfaceFlinger:        DEVICE |           47510928230672 | 00002100 | RGBA_8888    |    0.0    0.0 1080.0  144.0 |    0 2196 1080 2340 | NavigationBar0$_11062#172972 (357)
05-15 20:59:51.969  1808  1808 D SurfaceFlinger:        DEVICE |           27157078223661 | 00002100 | RGBA_8888    |    0.0   13.0  290.0  158.0 |  395    0  685  145 | $_6323#154529 (967)
05-15 20:59:51.969  1808  1808 D SurfaceFlinger:        DEVICE |           27157078223656 | 00002100 | RGBA_8888    |    0.0    0.0 1080.0  115.0 |    0    0 1080  115 | $_6323#177506 (652)
05-15 20:59:51.969  1808  1808 D SurfaceFlinger:        DEVICE |           47510928230638 | 00002140 | RGBA_8888    |    0.0    0.0 1080.0  121.0 |    0    0 1080  121 | ScreenDecorOverlay$_11062#172986 (67)
05-15 20:59:51.969  1808  1808 D SurfaceFlinger:        DEVICE |           47510
05-15 20:59:51.969  1977  2142 D SurfaceComposerClient: setCornerRadius ## 7bb6bcd es.uniovi.recetasasturianas/es.uniovi.recetasasturianas.MainActivity#179573 cornerRadius=0.000000
05-15 20:59:51.969  1808  1808 D SurfaceFlinger: 928230639 | 00002140 | RGBA_8888    |    0.0    0.0 1080.0  121.0 |    0 2219 1080 2340 | ScreenDecorOverlayBottom$_11062#172987 (60)
05-15 20:59:51.969  1808  1808 D SurfaceFlinger:
05-15 20:59:51.969  1977  2141 I ImeTracker: system_server:ed49ce5c: onCancelled at PHASE_SERVER_SHOULD_HIDE
05-15 20:59:51.969  1808  1808 I SurfaceFlinger: [Display 0 name="Built-in Screen"#172933] setFrameRateCategory: Default
05-15 20:59:51.969  1808  1808 I SurfaceFlinger: [LayerHierarchy{RequestedLayerState{7bb6bcd es.uniovi.recetasasturianas/es.uniovi.recetasasturianas.MainActivity#179573 parentId=179565} 1 children}] reparent to LayerHierarchy{RequestedLayerState{ActivityRecord{199560672 u0 es.uniovi.recetasasturianas/.MainActivity t2386}#179565 parentId=179564} 4 children}
05-15 20:59:51.969  1808  1808 I SurfaceFlinger: [LayerHierarchy{RequestedLayerState{Splash Screen es.uniovi.recetasasturianas$_11062#179569} no children}] reparent to OffscreenRoot
05-15 20:59:51.969  1808  1808 I SurfaceFlinger: [LayerHierarchy{RequestedLayerState{Splash Screen es.uniovi.recetasasturianas$_11062#179569} no children}] RelativeParent to null
05-15 20:59:51.969  1808  1808 I SurfaceFlinger: [LayerHierarchy{RequestedLayerState{696d31a Splash Screen es.uniovi.recetasasturianas#179566 z=2147483647} no children}] reparent to OffscreenRoot
05-15 20:59:51.970  1808  1808 I SurfaceFlinger: [LayerHierarchy{RequestedLayerState{696d31a Splash Screen es.uniovi.recetasasturianas#179566 z=2147483647} no children}] RelativeParent to null
05-15 20:59:51.970  1808  1808 I SurfaceFlinger: [LayerHierarchy{RequestedLayerState{Surface(name=7bb6bcd es.uniovi.recetasasturianas/es.uniovi.recetasasturianas.MainActivity)/@0x310b8d5 - animation-leash of starting_reveal#179580} no children}] reparent to OffscreenRoot
05-15 20:59:51.970  1808  1808 I SurfaceFlinger: [LayerHierarchy{RequestedLayerState{Surface(name=7bb6bcd es.uniovi.recetasasturianas/es.uniovi.recetasasturianas.MainActivity)/@0x310b8d5 - animation-leash of starting_reveal#179580} no children}] RelativeParent to null
05-15 20:59:51.970  1808  1808 I SurfaceFlinger: [Surface(name=35023c1 InputMethod)/@0x1087f31 - animation-leash of insets_animation#179581] attach to parent LayerHierarchy{RequestedLayerState{WindowToken{21e384e type=2011 android.os.Binder@4717749}#146663 parentId=15} 2 children}
05-15 20:59:51.972  1808  1808 I SurfaceFlinger: id=179569 Removed Splash Screen es.uniovi.recetasasturianas$_11062#179569 (165)
05-15 20:59:51.972  1808  1808 I SurfaceFlinger: id=179566 Removed 696d31a Splash Screen es.uniovi.recetasasturianas#179566 (165)
05-15 20:59:51.972  1808  1808 E RefreshRateSelector: Can't find HRR max refresh rate by policy with the same group 1080
05-15 20:59:51.977  1808  1808 I SurfaceFlinger: RequestedLayer [Surface(name=35023c1 InputMethod)/@0[...]ion-leash of insets_animation#179581] hidden!! flag  from(1) --> to(0)
05-15 20:59:51.977  1808  1808 E SurfaceFlinger: alpha changed 1.000 -> 0.000 - Surface(name=35023c1 InputMethod)/@0x1087f31 - animation-leash of insets_animation#179581
05-15 20:59:51.977  1808  1808 I SurfaceFlinger: destroyed Splash Screen es.uniovi.recetasasturianas$_11062#179569 form LifecycleManager
05-15 20:59:51.977  1808  1808 I SurfaceFlinger: destroyed 696d31a Splash Screen es.uniovi.recetasasturianas#179566 form LifecycleManager
05-15 20:59:51.977  1808  1808 I SurfaceFlinger: [LayerHierarchy{RequestedLayerState{ImeContainer#15 parentId=179565 relativeParentId=179573 z=1} 1 children}] reparent to LayerHierarchy{RequestedLayerState{ActivityRecord{199560672 u0 es.uniovi.recetasasturianas/.MainActivity t2386}#179565 parentId=179564} 3 children}
05-15 20:59:51.977  1808  1808 I SurfaceFlinger: [LayerHierarchy{RequestedLayerState{ImeContainer#15 parentId=179565 relativeParentId=179573 z=1} 1 children}] RelativeParent to LayerHierarchy{RequestedLayerState{7bb6bcd es.uniovi.recetasasturianas/es.uniovi.recetasasturianas.MainActivity#179573 parentId=179565} 2 children}
05-15 20:59:51.977  1808  1808 I SurfaceFlinger: [LayerHierarchy{RequestedLayerState{35023c1 InputMethod#146668 parentId=179581} no children}] reparent to LayerHierarchy{RequestedLayerState{Surface(name=35023c1 InputMethod)/@0x1087f31 - animation-leash of insets_animation#179581 parentId=146663} 1 children}
05-15 20:59:51.977  1808  1808 I SurfaceFlinger: [LayerHierarchy{RequestedLayerState{Surface(name=35023c1 InputMethod)/@0x1087f31 - animation-leash of insets_animation#179559} no children}] reparent to OffscreenRoot
05-15 20:59:51.977  1808  1808 I SurfaceFlinger: [LayerHierarchy{RequestedLayerState{Surface(name=35023c1 InputMethod)/@0x1087f31 - animation-leash of insets_animation#179559} no children}] RelativeParent to null
05-15 20:59:51.977  1808  1808 I SurfaceFlinger: id=179569 onLayerDestroyed from LayerHierarchyBuilder(RequestedLayerState{Splash Screen es.uniovi.recetasasturianas$_11062#179569 !handle})
05-15 20:59:51.977  1808  1808 I SurfaceFlinger: id=179566 onLayerDestroyed from LayerHierarchyBuilder(RequestedLayerState{696d31a Splash Screen es.uniovi.recetasasturianas#179566 !handle z=2147483647})
05-15 20:59:51.980  1808  1808 I Layer   : id=179569 Destroyed Splash Screen es.uniovi.recetasasturianas$_11062#179569
05-15 20:59:51.980  1808  1808 I Layer   : id=179566 Destroyed 696d31a Splash Screen es.uniovi.recetasasturianas#179566
05-15 20:59:51.981  1808  2497 I SurfaceFlinger: id=179559 Removed Surface(name=35023c1 InputMethod)/@0x1087f31 - animation-leash of insets_animation#179559 (163)
05-15 20:59:51.985 23357 23357 I InputMethodService: scheduleImeSurfaceRemoval: removeImeSurface is posted.
05-15 20:59:51.985  1808  1808 I SurfaceFlinger: destroyed Surface(name=35023c1 InputMethod)/@0x1087f31 - animation-leash of insets_animation#179559 form LifecycleManager
05-15 20:59:51.985  1808  1808 I SurfaceFlinger: id=179559 onLayerDestroyed from LayerHierarchyBuilder(RequestedLayerState{Surface(name=35023c1 InputMethod)/@0x1087f31 - animation-leash of insets_animation#179559 !handle})
05-15 20:59:51.987  1808  1808 I Layer   : id=179559 Destroyed Surface(name=35023c1 InputMethod)/@0x1087f31 - animation-leash of insets_animation#179559
05-15 20:59:52.095 24090 24090 I ViewInteraction: Checking 'es.uniovi.recetasasturianas.RecipeListFragmentTest$$ExternalSyntheticLambda1@a619b3b' assertion on view view.getId() is <2131296655/es.uniovi.recetasasturianas:id/recycler_view>
05-15 20:59:52.097 24090 24090 I ViewInteraction: Checking 'MatchesViewAssertion{viewMatcher=(view has effective visibility <VISIBLE> and view.getGlobalVisibleRect() to return non-empty rectangle)}' assertion on view view.getId() is <2131296655/es.uniovi.recetasasturianas:id/recycler_view>
05-15 20:59:52.098 24090 24090 I ViewInteraction: Checking 'MatchesViewAssertion{viewMatcher=(view has effective visibility <VISIBLE> and view.getGlobalVisibleRect() to return non-empty rectangle)}' assertion on view view.getId() is <2131296655/es.uniovi.recetasasturianas:id/recycler_view>
05-15 20:59:52.100 24090 24090 I ViewInteraction: Checking 'es.uniovi.recetasasturianas.RecipeListFragmentTest$$ExternalSyntheticLambda0@37d4258' assertion on view view.getId() is <2131296655/es.uniovi.recetasasturianas:id/recycler_view>
05-15 20:59:52.105  1977  4243 I SemDvfsHyPerManager: acquire hyper - AMS_APP_SWITCH/1977@28, type = -999
05-15 20:59:52.106  1632  1829 I HYPER-HAL: [RequestManager.cpp]acquire(): Acquired ID : 2011043  [1977 / 28]    HINT : AMS_APP_SWITCH    list :
05-15 20:59:52.106  1632  1829 I HYPER-HAL: [ResourceManager.cpp]updateResource(): [CPULittleMinFreq] UpdateResource Request ID : 2011043    Value : 1804800
05-15 20:59:52.106  1808  2497 I SurfaceFlinger: id=179582 createSurf, flag=24004, Task=2387#179582
05-15 20:59:52.107  5896  5896 I SemDvfsHyPerManager: acquire hyper - APP_START_SHORT/5896@15, type = -999
05-15 20:59:52.108  1632  1829 I HYPER-HAL: [ResourceManager.cpp]updateResource(): [CPUMinFreq] UpdateResource Request ID : 2011043    Value : 2841600
05-15 20:59:52.109  1632  1829 I HYPER-HAL: [RequestManager.cpp]acquire(): Acquired ID : 17472931  [5896 / 15]    HINT : APP_START    list : [TIMEOUT / 1500]
05-15 20:59:52.109  1632  1829 I HYPER-HAL: [ResourceManager.cpp]updateResource(): [CPUMaxFreq] UpdateResource Request ID : 17472931    Value : 2841600
05-15 20:59:52.110  1808  2497 I SurfaceFlinger: id=179583 createSurf, flag=84004, ActivityRecord{141197492 u0 es.uniovi.recetasasturianas.test/androidx.test.core.app.InstrumentationActivityInvoker$EmptyActivity t2387}#179583
05-15 20:59:52.113 11062 11138 D ViewRootImpl: desktopMode is false
05-15 20:59:52.113 11062 11138 I ViewRootImpl: dVRR is disabled
05-15 20:59:52.114 11062 11227 D NativeCustomFrequencyManager: [NativeCFMS] BpCustomFrequencyManager::BpCustomFrequencyManager()
05-15 20:59:52.116 11062 11118 D ShellDesktopMode: handleRequest: TransitionRequestInfo {type=1, tid=2387, debugId=14581}
05-15 20:59:52.117  2090  2090 I CameraService: onUidStateChanged: uid=10048, procState is changed. (0 -> 1)
05-15 20:59:52.117  1977  6943 I SemDvfsHyPerManager: acquire hyper - AMS_APP_LAUNCH/1977@21, type = -999
05-15 20:59:52.117  4301  4301 E pageboostd: Received HALT command code 2
05-15 20:59:52.117  1632  1829 I HYPER-HAL: [RequestManager.cpp]acquire(): Acquired ID : 1997022  [1977 / 21]    HINT : AMS_APP_LAUNCH    list :
05-15 20:59:52.118  1632  1829 I HYPER-HAL: [ResourceManager.cpp]updateResource(): [CPULittleMinFreq] UpdateResource Request ID : 1997022    Value : 1804800
05-15 20:59:52.118  1632  1829 I HYPER-HAL: [ResourceManager.cpp]updateResource(): [CPUMinFreq] UpdateResource Request ID : 1997022    Value : 2841600
