05-15 20:59:52.118  5896  5896 I SemDvfsHyPerManager: acquire hyper - APP_START/5896@17, type = -999
05-15 20:59:52.119  1632  1829 I HYPER-HAL: [RequestManager.cpp]acquire(): Acquired ID : 17484758  [5896 / 17]    HINT : APP_START    list :
05-15 20:59:52.119  1632  1829 I HYPER-HAL: [ResourceManager.cpp]updateResource(): [CPUMaxFreq] UpdateResource Request ID : 17484758    Value : 2841600
05-15 20:59:52.120  4195  4401 I HoneySpace.TopTaskSource: onTaskMovedToFront : taskId = 2387, displayId = 0
05-15 20:59:52.120  1977  6941 D InputTransport: Input channel constructed: '951a550', fd=1049
05-15 20:59:52.120  1977  6941 D InputTransport: Input channel constructed: '951a550', fd=1111
05-15 20:59:52.121  1977  6941 D InputTransport: Input channel constructed: '951a550', fd=1134
05-15 20:59:52.121  1977  6941 D InputTransport: Input channel destroyed: '951a550', fd=1111
05-15 20:59:52.121  4195  4403 I HoneySpace.TopTaskUseCase: topTasks 2387 ComponentInfo{es.uniovi.recetasasturianas.test/androidx.test.core.app.InstrumentationActivityInvoker$EmptyActivity}[displayId=0]
05-15 20:59:52.121  1808  2497 I SurfaceFlinger: id=179584 createSurf, flag=84004, 951a550 Splash Screen es.uniovi.recetasasturianas.test#179584
05-15 20:59:52.121 24090 24090 D LifecycleMonitor: Lifecycle status change: es.uniovi.recetasasturianas.MainActivity@c621eed in: PAUSED
05-15 20:59:52.121 24090 24090 V ActivityScenario: Update currentActivityStage to PAUSED, currentActivity=es.uniovi.recetasasturianas.MainActivity@c621eed
05-15 20:59:52.122  4195 30507 I HoneySpace.RecentTasks: onRecentTasksChanged
05-15 20:59:52.122  4195 23230 I HoneySpace.RecentTasks: onRecentTasksChanged
05-15 20:59:52.123  1977  6941 D InputTransport: Input channel destroyed: '951a550', fd=1134
05-15 20:59:52.124 11062 11138 D InputTransport: Input channel constructed: '951a550', fd=446
05-15 20:59:52.124 11062 11138 I InsetsController: onStateChanged: host=Splash Screen es.uniovi.recetasasturianas.test, from=android.view.ViewRootImpl.onInsetsStateChanged:3026, state=InsetsState: {mDisplayFrame=Rect(0, 0 - 1080, 2340), mDisplayCutout=DisplayCutout{insets=Rect(0, 99 - 0, 0) waterfall=Insets{left=0, top=0, right=0, bottom=0} boundingRect={Bounds=[Rect(0, 0 - 0, 0), Rect(505, 0 - 575, 99), Rect(0, 0 - 0, 0), Rect(0, 0 - 0, 0)]} cutoutPathParserInfo={CutoutPathParserInfo{displayWidth=1080 displayHeight=2340 physicalDisplayWidth=1080 physicalDisplayHeight=2340 density={3.0} cutoutSpec={M 0,0 M 0,29 a 35,35 0 1,0 0,70 a 35,35 0 1,0 0,-70 Z} rotation={0} scale={1.0} physicalPixelDisplaySizeRatio={1.0}}} sideOverrides={}}, mRoundedCorners=RoundedCorners{[RoundedCorner{position=TopLeft, radius=108, center=Point(108, 108)}, RoundedCorner{position=TopRight, radius=108, center=Point(972, 108)}, RoundedCorner{position=BottomRight, radius=108, center=Point(972, 2232)}, RoundedCorner{position=BottomLeft, radius=108, center=Point(108, 2232)}]}  mRoundedCornerFrame=Rect(0, 0 - 1080, 2340), mPrivacyIndicatorBounds=PrivacyIndicatorBounds {static bounds=Rect(948, 0 - 1080, 99) rotation=0}, mDisplayShape=DisplayShape{ spec=-311912193 displayWidth=1080 displayHeight=2340 physicalPixelDisplaySizeRatio=1.0 rotation=0 offsetX=0 offsetY=0 scale=1.0}, mSources= { InsetsSource: {b73a0001 mType=navigationBars mFrame=[0,0][0,0] mVisible=true mFlags=SUPPRESS_SCRIM mSideHint=NONE mBoundingRects=null}, InsetsSource: {b73a0004 mType=systemGestures mFrame=[0,0][90,2340] mVisible=true mFlags= mSideHint=LEFT mBoundingRects=null}, InsetsSource: {b73a0005 mType=mandatorySystemGestures mFrame=[0,2265][1080,2340] mVisible=true mFlags= mSideHint=BOTTOM mBoundingRects=null}, InsetsSource: {b73a0006 mType=tappableElement mFrame=[0,0][0,0] mVisible=true mFlags= mSideHint=NONE mBoundingRects=null}, InsetsSource: {b73a0024 mType=systemGestures mFrame=[990,0][1080,2340] mVisible=true mFlags= mSideHint=RIGHT mBoundingRects=null}, InsetsSource: {27 mType=displayCutout mFrame=[0,0][1080,99] mVisible=true mFlags= mSideHint=TOP mBoundingRects=null}, InsetsSource: {9260000 mType=statusBars mFrame=[0,0][1080,99] mVisible=true mFlags= mSideHint=TOP mBoundingRects=null}, InsetsSource: {9260005 mType=mandatorySystemGestures mFrame=[0,0][1080,135] mVisible=true mFlags= mSideHint=TOP mBoundingRects=null}, InsetsSource: {9260006 mType=tappableElement mFrame=[0,0][1080,99] mVisible=true mFlags= mSideHint=TOP mBoundingRects=null} }
05-15 20:59:52.124 11062 11138 I VRI[test]@2879a97: onActiveControlsChanged, removed=false, mAdded=true, caller=android.view.ViewRootImpl.handleInsetsControlChanged:3002 android.view.ViewRootImpl.setView:2014 android.view.WindowManagerGlobal.addView:604 com.android.wm.shell.startingsurface.SplashscreenWindowCreator.addWindow:38 com.android.wm.shell.startingsurface.StartingWindowController$$ExternalSyntheticLambda4.run:1365
05-15 20:59:52.124 11062 11138 I VRI[test]@2879a97: synced displayState. AttachInfo displayState=2
05-15 20:59:52.126  1808  1808 I SurfaceFlinger: [Display 0 name="Built-in Screen"#172933] setFrameRateCategory: High
05-15 20:59:52.126  1808  1808 I SurfaceFlinger: [Task=2387#179582] attach to parent LayerHierarchy{RequestedLayerState{DefaultTaskDisplayArea_d0#172934 parentId=9} 11 children}
05-15 20:59:52.126  1808  1808 I SurfaceFlinger: [ActivityRecord{141197492 u0 es.uniovi.recetasasturianas.test/androidx.test.core.app.InstrumentationActivityInvoker$EmptyActivity t2387}#179583] attach to parent LayerHierarchy{RequestedLayerState{Task=2387#179582 parentId=172934} 1 children}
05-15 20:59:52.126  1808  1808 I SurfaceFlinger: [951a550 Splash Screen es.uniovi.recetasasturianas.test#179584] attach to parent LayerHierarchy{RequestedLayerState{ActivityRecord{141197492 u0 es.uniovi.recetasasturianas.test/androidx.test.core.app.InstrumentationActivityInvoker$EmptyActivity t2387}#179583 parentId=179582} 1 children}
05-15 20:59:52.126  1977  3573 D InputDispatcher: Focused application(0): ActivityRecord{141197492 u0 es.uniovi.recetasasturianas.test/androidx.test.core.app.InstrumentationActivityInvoker$EmptyActivity t2387}
05-15 20:59:52.128  1977  3573 D SurfaceComposerClient: setCornerRadius ## 951a550 Splash Screen es.uniovi.recetasasturianas.test#179584 cornerRadius=0.000000
05-15 20:59:52.128  1977  3573 D SurfaceComposerClient: setCornerRadius ## 951a550 Splash Screen es.uniovi.recetasasturianas.test#179584 cornerRadius=0.000000
05-15 20:59:52.128  1808  1808 I BpBinder: onLastStrongRef automatically unlinking death recipients:
05-15 20:59:52.130 12633 21222 I Routine@Core[4.9.04.16]: ActivityWatcherListenerImpl: onPauseComponent: componentName - es.uniovi.recetasasturianas, userId: 0
05-15 20:59:52.130  1977  3186 D AS.MultiSoundManager: mForegroundUid = 10626
05-15 20:59:52.130 12633 21222 I Routine@Core[4.9.04.16]: Pref: removeSharedPrefsData() key=condition_launch_app_data_resume_pkg
05-15 20:59:52.131 12633 12673 I Routine@Core[4.9.04.16]: ModeOrderObserver: ModeOrderObserver:onChange: uri content://com.samsung.android.app.routines.routineprovider/preference
05-15 20:59:52.131  1977  3573 D GraphicsStatsService: requestRenderEngineFor(es.uniovi.recetasasturianas.test)
05-15 20:59:52.131 24267 24288 I AdrenoGLES-0: QUALCOMM build                   : c62cb5db3a, I2ae86c79d4
05-15 20:59:52.131 24267 24288 I AdrenoGLES-0: Build Date                       : 09/12/25
05-15 20:59:52.131 24267 24288 I AdrenoGLES-0: OpenGL ES Shader Compiler Version: EV031.35.01.12
05-15 20:59:52.131 24267 24288 I AdrenoGLES-0: Local Branch                     :
05-15 20:59:52.131 24267 24288 I AdrenoGLES-0: Remote Branch                    : refs/tags/AU_LINUX_ANDROID_LA.UM.9.14.11.00.00.571.148
05-15 20:59:52.131 24267 24288 I AdrenoGLES-0: Remote Branch                    : NONE
05-15 20:59:52.131 24267 24288 I AdrenoGLES-0: Reconstruct Branch               : NOTHING
05-15 20:59:52.131 24267 24288 I AdrenoGLES-0: Build Config                     : S P 10.0.7 AArch64
05-15 20:59:52.131 24267 24288 I AdrenoGLES-0: Driver Path                      : /vendor/lib64/egl/libGLESv2_adreno.so
05-15 20:59:52.134  1808  1808 I SurfaceFlinger: [LayerHierarchy{RequestedLayerState{ImeContainer#15 parentId=179565 relativeParentId=179565 z=1} 1 children}] RelativeParent to null
05-15 20:59:52.135 24267 24288 I AdrenoGLES-0: PFP: 0x016dc094, ME: 0x00000000
05-15 20:59:52.137 12633 12673 I Routine@Core[4.9.04.16]: ModesOrderManager: getOrderOrDefault: uuid(100)
05-15 20:59:52.138 11062 11062 I {OngoingActivityController}: onTaskFocusChanged but OA data is empty
05-15 20:59:52.139  4195  4401 I HoneySpace.TopTaskSource: onTaskFocusChanged(): taskId = 2387
05-15 20:59:52.139 12633 12673 I Routine@Core[4.9.04.16]: ModesOrderManager: getOrder: uuid(100) -> order(999)
05-15 20:59:52.140 12633 12673 I Routine@Core[4.9.04.16]: ModeListHolder: update: size(1) updated(2026/05/15 20:59:52) [ModeMeta(id=1, uuid=100, iconResourceId=2131231140, iconStatusResourceId=2131231637, displayName=Sleep, isRunning=false, runningReason=, runningReasonCondition=, isSet=true, isDeleted=false, detailRunningReason=null, order=999, toggleTime=1778816639015)]
05-15 20:59:52.140 11062 11138 I VRI[test]@2879a97: setView = android.widget.FrameLayout@c51ca69 IsHRR=false mFlingFrameRateChange=0 TM=true
05-15 20:59:52.140  1808  1951 D SurfaceFlinger: [input] setFocusedWindow: <null>
05-15 20:59:52.140  1977  2134 D PkgPredictorService-SecIpmManagerServiceImpl: onForegroundActivitiesChanged pid:24267 uid:10626
05-15 20:59:52.140  1977  6943 D InputDispatcher: Focus left window (0): 7bb6bcd es.uniovi.recetasasturianas/es.uniovi.recetasasturianas.MainActivity
05-15 20:59:52.142  1977  6941 D InputDispatcher: Once focus requested (0): <null>
05-15 20:59:52.142 24267 24267 I DecorView: setWindowBackground: isPopOver=false color=ffffffff d=android.graphics.drawable.ColorDrawable@599e93
05-15 20:59:52.142 11062 11227 D HWUI    : HWUI - treat SMPTE_170M as sRGB
05-15 20:59:52.142  1977  2134 D NetworkPolicy: already checked 10626
05-15 20:59:52.142  1977  2134 D NetworkPolicy: already checked 10626
05-15 20:59:52.144 24090 24090 I ImeFocusController: onPreWindowFocus: skipped hasWindowFocus=false mHasImeFocus=true
05-15 20:59:52.144  1977  3573 I WindowManager: Relayout Window{951a550 u0 Splash Screen es.uniovi.recetasasturianas.test}: viewVisibility=0 req=1080x2340 ty=3 d0
05-15 20:59:52.144 24090 24090 I ImeFocusController: onPostWindowFocus: skipped hasWindowFocus=false mHasImeFocus=true
05-15 20:59:52.144  1808  2497 I SurfaceFlinger: id=179585 createSurf, flag=44004, Splash Screen es.uniovi.recetasasturianas.test$_11062#179585
05-15 20:59:52.145  1977  2141 D EnterpriseDeviceManagerService: isMdmAdminPresentInternal() : MDM Admin Found - com.samsung.knox.securefolder
05-15 20:59:52.145  1977  4221 V PkgPredictorService-SecIpmManagerServiceImpl: discard foreground app:es.uniovi.recetasasturianas.test 1|true
05-15 20:59:52.146  1977  3573 D SurfaceComposerClient: setCornerRadius ## 951a550 Splash Screen es.uniovi.recetasasturianas.test#179584 cornerRadius=0.000000
05-15 20:59:52.146 24267 24267 D ViewRootImpl: desktopMode is false
05-15 20:59:52.146 24267 24267 I ViewRootImpl: dVRR is disabled
05-15 20:59:52.146  1977  3573 D SurfaceComposerClient: setCornerRadius ## 951a550 Splash Screen es.uniovi.recetasasturianas.test#179584 cornerRadius=0.000000
05-15 20:59:52.146 24267 24288 D NativeCustomFrequencyManager: [NativeCFMS] BpCustomFrequencyManager::BpCustomFrequencyManager()
05-15 20:59:52.147  1977  3573 I WindowManager: Relayout hash=951a550, pid=11062, syncId=-1: mAttrs={(0,0)(fillxfill) sim={adjust=pan} layoutInDisplayCutoutMode=always ty=APPLICATION_STARTING fmt=TRANSLUCENT
05-15 20:59:52.147  1977  3573 I WindowManager:   fl=81030118
05-15 20:59:52.147  1977  3573 I WindowManager:   pfl=10000810
05-15 20:59:52.147  1977  3573 I WindowManager:   apr=18
05-15 20:59:52.147  1977  3573 I WindowManager:   bhv=1
05-15 20:59:52.147  1977  3573 I WindowManager:   fitSides=0
05-15 20:59:52.147  1977  3573 I WindowManager:   frameRateBoostOnTouch=true
05-15 20:59:52.147  1977  3573 I WindowManager:   dvrrWindowFrameRateHint=true naviIconColor=0}
05-15 20:59:52.148  1977  6941 D InputTransport: Input channel constructed: '2d4aba ', fd=1030
05-15 20:59:52.148  1977  6941 D InputTransport: Input channel constructed: '2d4aba ', fd=1111
05-15 20:59:52.148  1977  6941 D InputTransport: Input channel constructed: '2d4aba ', fd=1134
05-15 20:59:52.148  1977  6941 D InputTransport: Input channel destroyed: '2d4aba ', fd=1111
05-15 20:59:52.148 11062 11138 I InsetsController: onStateChanged: host=Splash Screen es.uniovi.recetasasturianas.test, from=android.view.ViewRootImpl.onInsetsStateChanged:3026, state=InsetsState: {mDisplayFrame=Rect(0, 0 - 1080, 2340), mDisplayCutout=DisplayCutout{insets=Rect(0, 99 - 0, 0) waterfall=Insets{left=0, top=0, right=0, bottom=0} boundingRect={Bounds=[Rect(0, 0 - 0, 0), Rect(505, 0 - 575, 99), Rect(0, 0 - 0, 0), Rect(0, 0 - 0, 0)]} cutoutPathParserInfo={CutoutPathParserInfo{displayWidth=1080 displayHeight=2340 physicalDisplayWidth=1080 physicalDisplayHeight=2340 density={3.0} cutoutSpec={M 0,0 M 0,29 a 35,35 0 1,0 0,70 a 35,35 0 1,0 0,-70 Z} rotation={0} scale={1.0} physicalPixelDisplaySizeRatio={1.0}}} sideOverrides={}}, mRoundedCorners=RoundedCorners{[RoundedCorner{position=TopLeft, radius=108, center=Point(108, 108)}, RoundedCorner{position=TopRight, radius=108, center=Point(972, 108)}, RoundedCorner{position=BottomRight, radius=108, center=Point(972, 2232)}, RoundedCorner{position=BottomLeft, radius=108, center=Point(108, 2232)}]}  mRoundedCornerFrame=Rect(0, 0 - 1080, 2340), mPrivacyIndicatorBounds=PrivacyIndicatorBounds {static bounds=Rect(948, 0 - 1080, 99) rotation=0}, mDisplayShape=DisplayShape{ spec=-311912193 displayWidth=1080 displayHeight=2340 physicalPixelDisplaySizeRatio=1.0 rotation=0 offsetX=0 offsetY=0 scale=1.0}, mSources= { InsetsSource: {b73a0001 mType=navigationBars mFrame=[0,0][0,0] mVisible=true mFlags=SUPPRESS_SCRIM mSideHint=NONE mBoundingRects=null}, InsetsSource: {b73a0004 mType=systemGestures mFrame=[0,0][90,2340] mVisible=true mFlags= mSideHint=LEFT mBoundingRects=null}, InsetsSource: {b73a0005 mType=mandatorySystemGestures mFrame=[0,2265][1080,2340] mVisible=true mFlags= mSideHint=BOTTOM mBoundingRects=null}, InsetsSource: {b73a0006 mType=tappableElement mFrame=[0,0][0,0] mVisible=true mFlags= mSideHint=NONE mBoundingRects=null}, InsetsSource: {b73a0024 mType=systemGestures mFrame=[990,0][1080,2340] mVisible=true mFlags= mSideHint=RIGHT mBoundingRects=null}, InsetsSource: {3 mType=ime mFrame=[0,0][0,0] mVisible=false mFlags= mSideHint=NONE mBoundingRects=null}, InsetsSource: {27 mType=displayCutout mFrame=[0,0][1080,99] mVisible=true mFlags= mSideHint=TOP mBoundingRects=null}, InsetsSource: {9260000 mType=statusBars mFrame=[0,0][1080,99] mVisible=true mFlags= mSideHint=TOP mBoundingRects=null}, InsetsSource: {9260005 mType=mandatorySystemGestures mFrame=[0,0][1080,135] mVisible=true mFlags= mSideHint=TOP mBoundingRects=null}, InsetsSource: {9260006 mType=tappableElement mFrame=[0,0][1080,99] mVisible=true mFlags= mSideHint=TOP mBoundingRects=null} }
05-15 20:59:52.148 11062 11138 I VRI[test]@2879a97: onActiveControlsChanged, removed=false, mAdded=true, caller=android.view.ViewRootImpl.handleInsetsControlChanged:3002 android.view.ViewRootImpl.relayoutWindow:11629 android.view.ViewRootImpl.performTraversals:4804 android.view.ViewRootImpl.doTraversal:3924 android.view.ViewRootImpl$TraversalRunnable.run:12903
05-15 20:59:52.149  1808  2497 I SurfaceFlinger: id=179586 createSurf, flag=84004, 2d4aba es.uniovi.recetasasturianas.test/androidx.test.core.app.InstrumentationActivityInvoker$EmptyActivity#179586
05-15 20:59:52.149 11062 11138 W libc    : Access denied finding property "vendor.display.enable_optimal_refresh_rate"
05-15 20:59:52.149 11062 11138 I BufferQueueProducer: [](id:2b3600000145,api:0,p:1222084048,c:11062) setDequeueTimeout:2077252342
05-15 20:59:52.149 11062 11138 I BLASTBufferQueue_Java: new BLASTBufferQueue, mName= VRI[test]@2879a97 mNativeObject= 0xb400007e28fdcc50 caller= android.view.ViewRootImpl.updateBlastSurfaceIfNeeded:3585 android.view.ViewRootImpl.relayoutWindow:11685 android.view.ViewRootImpl.performTraversals:4804 android.view.ViewRootImpl.doTraversal:3924 android.view.ViewRootImpl$TraversalRunnable.run:12903 android.view.Choreographer$CallbackRecord.run:1901 android.view.Choreographer$CallbackRecord.run:1910 android.view.Choreographer.doCallbacks:1367 android.view.Choreographer.doFrame:1292 android.view.Choreographer$FrameDisplayEventReceiver.run:1870
05-15 20:59:52.149 11062 11138 I BLASTBufferQueue_Java: update, w= 1080 h= 2340 mName = VRI[test]@2879a97 mNativeObject= 0xb400007e28fdcc50 sc.mNativeObject= 0xb400007ea8d21ad0 format= -3 caller= android.view.ViewRootImpl.updateBlastSurfaceIfNeeded:3590 android.view.ViewRootImpl.relayoutWindow:11685 android.view.ViewRootImpl.performTraversals:4804 android.view.ViewRootImpl.doTraversal:3924 android.view.ViewRootImpl$TraversalRunnable.run:12903 android.view.Choreographer$CallbackRecord.run:1901
05-15 20:59:52.149 11062 11138 W libc    : Access denied finding property "vendor.display.enable_optimal_refresh_rate"
05-15 20:59:52.150 11062 11138 I VRI[test]@2879a97: Relayout returned: old=(0,0,1080,2340) new=(0,0,1080,2340) relayoutAsync=false req=(1080,2340)0 dur=6 res=0x3 s={true 0xb400007de8fba5e0} ch=true seqId=0
05-15 20:59:52.150 11062 11138 I VRI[test]@2879a97: performConfigurationChange setNightDimText nightDimLevel=0
05-15 20:59:52.150  1977  6941 D InputTransport: Input channel destroyed: '2d4aba ', fd=1134
05-15 20:59:52.150 11062 11138 D VRI[test]@2879a97: mThreadedRenderer.initialize() mSurface={isValid=true 0xb400007de8fba5e0} hwInitialized=true
05-15 20:59:52.150 24267 24267 D InputTransport: Input channel constructed: '2d4aba ', fd=124
05-15 20:59:52.151 24267 24267 I InsetsController: onStateChanged: host=es.uniovi.recetasasturianas.test/androidx.test.core.app.InstrumentationActivityInvoker$EmptyActivity, from=android.view.ViewRootImpl.onInsetsStateChanged:3026, state=InsetsState: {mDisplayFrame=Rect(0, 0 - 1080, 2340), mDisplayCutout=DisplayCutout{insets=Rect(0, 99 - 0, 0) waterfall=Insets{left=0, top=0, right=0, bottom=0} boundingRect={Bounds=[Rect(0, 0 - 0, 0), Rect(505, 0 - 575, 99), Rect(0, 0 - 0, 0), Rect(0, 0 - 0, 0)]} cutoutPathParserInfo={CutoutPathParserInfo{displayWidth=1080 displayHeight=2340 physicalDisplayWidth=1080 physicalDisplayHeight=2340 density={3.0} cutoutSpec={M 0,0 M 0,29 a 35,35 0 1,0 0,70 a 35,35 0 1,0 0,-70 Z} rotation={0} scale={1.0} physicalPixelDisplaySizeRatio={1.0}}} sideOverrides={}}, mRoundedCorners=RoundedCorners{[RoundedCorner{position=TopLeft, radius=108, center=Point(108, 108)}, RoundedCorner{position=TopRight, radius=108, center=Point(972, 108)}, RoundedCorner{position=BottomRight, radius=108, center=Point(972, 2232)}, RoundedCorner{position=BottomLeft, radius=108, center=Point(108, 2232)}]}  mRoundedCornerFrame=Rect(0, 0 - 1080, 2340), mPrivacyIndicatorBounds=PrivacyIndicatorBounds {static bounds=Rect(948, 0 - 1080, 99) rotation=0}, mDisplayShape=DisplayShape{ spec=-311912193 displayWidth=1080 displayHeight=2340 physicalPixelDisplaySizeRatio=1.0 rotation=0 offsetX=0 offsetY=0 scale=1.0}, mSources= { InsetsSource: {b73a0001 mType=navigationBars mFrame=[0,0][0,0] mVisible=true mFlags=SUPPRESS_SCRIM mSideHint=NONE mBoundingRects=null}, InsetsSource: {b73a0004 mType=systemGestures mFrame=[0,0][90,2340] mVisible=true mFlags= mSideHint=LEFT mBoundingRects=null}, InsetsSource: {b73a0005 mType=mandatorySystemGestures mFrame=[0,2265][1080,2340] mVisible=true mFlags= mSideHint=BOTTOM mBoundingRects=null}, InsetsSource: {b73a0006 mType=tappableElement mFrame=[0,0][0,0] mVisible=true mFlags= mSideHint=NONE mBoundingRects=null}, InsetsSource: {b73a0024 mType=systemGestures mFrame=[990,0][1080,2340] mVisible=true mFlags= mSideHint=RIGHT mBoundingRects=null}, InsetsSource: {3 mType=ime mFrame=[0,0][0,0] mVisible=false mFlags= mSideHint=NONE mBoundingRects=null}, InsetsSource: {27 mType=displayCutout mFrame=[0,0][1080,99] mVisible=true mFlags= mSideHint=TOP mBoundingRects=null}, InsetsSource: {9260000 mType=statusBars mFrame=[0,0][1080,99] mVisible=true mFlags= mSideHint=TOP mBoundingRects=null}, InsetsSource: {9260005 mType=mandatorySystemGestures mFrame=[0,0][1080,135] mVisible=true mFlags= mSideHint=TOP mBoundingRects=null}, InsetsSource: {9260006 mType=tappableElement mFrame=[0,0][1080,99] mVisible=true mFlags= mSideHint=TOP mBoundingRects=null} }
05-15 20:59:52.151 11062 11138 D VRI[test]@2879a97: reportNextDraw android.view.ViewRootImpl.performTraversals:5443 android.view.ViewRootImpl.doTraversal:3924 android.view.ViewRootImpl$TraversalRunnable.run:12903 android.view.Choreographer$CallbackRecord.run:1901 android.view.Choreographer$CallbackRecord.run:1910
05-15 20:59:52.151 11062 11138 D VRI[test]@2879a97: Setup new sync=wmsSync-VRI[test]@2879a97#26
05-15 20:59:52.151 11062 11138 I VRI[test]@2879a97: Creating new active sync group VRI[test]@2879a97#27
05-15 20:59:52.151  1808  1808 I SurfaceFlinger: [Splash Screen es.uniovi.recetasasturianas.test$_11062#179585] attach to parent LayerHierarchy{RequestedLayerState{951a550 Splash Screen es.uniovi.recetasasturianas.test#179584 parentId=179583} 1 children}
05-15 20:59:52.151  1808  1808 I SurfaceFlinger: [2d4aba es.uniovi.recetasasturianas.test/androidx.test.core.app.InstrumentationActivityInvoker$EmptyActivity#179586] attach to parent LayerHierarchy{RequestedLayerState{ActivityRecord{141197492 u0 es.uniovi.recetasasturianas.test/androidx.test.core.app.InstrumentationActivityInvoker$EmptyActivity t2387}#179583 parentId=179582} 2 children}
05-15 20:59:52.151 11062 11138 D VRI[test]@2879a97: registerCallbacksForSync syncBuffer=false
05-15 20:59:52.152 11062 11225 D VRI[test]@2879a97: Received frameDrawingCallback syncResult=0 frameNum=1.
05-15 20:59:52.152 24267 24267 I VRI[InstrumentationActivityInvoker$EmptyActivity]@49c39ce: synced displayState. AttachInfo displayState=2
05-15 20:59:52.152 11062 11225 I VRI[test]@2879a97: mWNT: t=0xb400007df8f09310 mBlastBufferQueue=0xb400007e28fdcc50 fn= 1 HdrRenderState mRenderHdrSdrRatio=1.0 caller= android.view.ViewRootImpl$12.onFrameDraw:15441 android.view.ThreadedRenderer$1.onFrameDraw:718 <bottom of call stack>
05-15 20:59:52.152 11062 11225 I VRI[test]@2879a97: Setting up sync and frameCommitCallback
05-15 20:59:52.154 24267 24267 I VRI[InstrumentationActivityInvoker$EmptyActivity]@49c39ce: setView = com.android.internal.policy.DecorView@d824e85 IsHRR=false mFlingFrameRateChange=0 TM=true
05-15 20:59:52.155 24267 24288 D HWUI    : HWUI - treat SMPTE_170M as sRGB
05-15 20:59:52.155  1977  2505 D AnalyticsContainerHandler: handleMessage : { when=0 what=1 target=com.android.server.knox.KnoxAnalyticsContainer$AnalyticsHandler }
05-15 20:59:52.155  1977  2505 D AnalyticsContainerHandler: handleMessage : { when=0 what=2 target=com.android.server.knox.KnoxAnalyticsContainer$AnalyticsHandler }
05-15 20:59:52.155 11062 11227 I BLASTBufferQueue: [VRI[test]@2879a97#325](f:0,a:0,s:0) onFrameAvailable the first frame is available
05-15 20:59:52.155 11062 11227 I SurfaceComposerClient: apply transaction with the first frame. layerId: 179585, bufferData(ID: 47510928231537, frameNumber: 1)
05-15 20:59:52.156 11062 11227 I VRI[test]@2879a97: Received frameCommittedCallback lastAttemptedDrawFrameNum=1 didProduceBuffer=true
05-15 20:59:52.156  1808  2995 I SurfaceFlinger: [Splash Screen es.uniovi.recetasasturianas.test$_11062#179585] setTransactionState with the first frame. bufferData(ID: 47510928231537, frameNumber: 1)
05-15 20:59:52.156 11062 11227 D HWUI    : CFMS:: SetUp Pid : 11062    Tid : 11227
05-15 20:59:52.156 11062 11138 D VRI[test]@2879a97: reportDrawFinished seqId=0
05-15 20:59:52.156 12633 12673 I Routine@Core[4.9.04.16]: ActivityWatcherListenerImpl: onResumeComponent: componentName - es.uniovi.recetasasturianas.test, androidx.test.core.app.InstrumentationActivityInvoker$EmptyActivity, userId: 0
05-15 20:59:52.157  1977  6943 D SurfaceComposerClient: setCornerRadius ## 951a550 Splash Screen es.uniovi.recetasasturianas.test#179584 cornerRadius=0.000000
05-15 20:59:52.157 12633 12673 I Routine@Core[4.9.04.16]: Pref: putSharedPrefsData: key=condition_launch_app_data_resume_pkg, data.size=102
05-15 20:59:52.157  1977  6943 D SurfaceComposerClient: setCornerRadius ## 2d4aba es.uniovi.recetasasturianas.test/androidx.test.core.app.InstrumentationActivityInvoker$EmptyActivity#179586 cornerRadius=0.000000
05-15 20:59:52.158  1977  6948 I WindowManager: Relayout Window{2d4aba u0 es.uniovi.recetasasturianas.test/androidx.test.core.app.InstrumentationActivityInvoker$EmptyActivity}: viewVisibility=0 req=1080x2340 ty=1 d0
05-15 20:59:52.158  1808  2497 I SurfaceFlinger: id=179587 createSurf, flag=44004, es.uniovi.recetasasturianas.test/androidx.test.core.app.InstrumentationActivityInvoker$EmptyActivity$_24267#179587
05-15 20:59:52.160  1808  1808 I SurfaceFlinger: [es.uniovi.recetasasturianas.test/androidx.test.core.app.InstrumentationActivityInvoker$EmptyActivity$_24267#179587] attach to parent LayerHierarchy{RequestedLayerState{2d4aba es.uniovi.recetasasturianas.test/androidx.test.core.app.InstrumentationActivityInvoker$EmptyActivity#179586 parentId=179583} 1 children}
05-15 20:59:52.160  1977  6948 D SurfaceComposerClient: setCornerRadius ## 951a550 Splash Screen es.uniovi.recetasasturianas.test#179584 cornerRadius=0.000000
05-15 20:59:52.160  1977  6948 D SurfaceComposerClient: setCornerRadius ## 2d4aba es.uniovi.recetasasturianas.test/androidx.test.core.app.InstrumentationActivityInvoker$EmptyActivity#179586 cornerRadius=0.000000
05-15 20:59:52.160  1977  6948 D SurfaceComposerClient: setCornerRadius ## 951a550 Splash Screen es.uniovi.recetasasturianas.test#179584 cornerRadius=0.000000
05-15 20:59:52.160  1977  6948 D SurfaceComposerClient: setCornerRadius ## 2d4aba es.uniovi.recetasasturianas.test/androidx.test.core.app.InstrumentationActivityInvoker$EmptyActivity#179586 cornerRadius=0.000000
05-15 20:59:52.161  1808  2497 I SurfaceFlinger: id=179588 createSurf, flag=24000, Surface(name=8f932e4 StatusBar)/@0xabc478a - animation-leash of insets_animation#179588
05-15 20:59:52.163  1808  2497 I SurfaceFlinger: id=179589 createSurf, flag=24000, Surface(name=7a9d783 NavigationBar0)/@0x10e1471 - animation-leash of insets_animation#179589
05-15 20:59:52.164  1977  6948 I SystemKeyManager: requested systemKeyInfo size=1 focusedWindow=es.uniovi.recetasasturianas.test/androidx.test.core.app.InstrumentationActivityInvoker$EmptyActivity
05-15 20:59:52.164  1977  6948 I SystemKeyManager: requested systemKeyInfo size=1 focusedWindow=es.uniovi.recetasasturianas.test/androidx.test.core.app.InstrumentationActivityInvoker$EmptyActivity
05-15 20:59:52.165  1977  6948 I WindowManager: Relayout hash=2d4aba, pid=24267, syncId=-1: mAttrs={(0,0)(fillxfill) sim={adjust=pan forwardNavigation} layoutInDisplayCutoutMode=always ty=BASE_APPLICATION
05-15 20:59:52.165  1977  6948 I WindowManager:   fl=81810100
05-15 20:59:52.165  1977  6948 I WindowManager:   pfl=100088c0
05-15 20:59:52.165  1977  6948 I WindowManager:   bhv=1
05-15 20:59:52.165  1977  6948 I WindowManager:   fitSides=0
05-15 20:59:52.165  1977  6948 I WindowManager:   frameRateBoostOnTouch=true
05-15 20:59:52.165  1977  6948 I WindowManager:   dvrrWindowFrameRateHint=true naviIconColor=0}
05-15 20:59:52.166 24267 24267 W libc    : Access denied finding property "vendor.display.enable_optimal_refresh_rate"
05-15 20:59:52.166 24267 24267 I BufferQueueProducer: [](id:5ecb00000005,api:0,p:1221845296,c:24267) setDequeueTimeout:2077252342
05-15 20:59:52.166 24267 24267 I BLASTBufferQueue_Java: new BLASTBufferQueue, mName= VRI[InstrumentationActivityInvoker$EmptyActivity]@49c39ce mNativeObject= 0xb400007e28d9f8a0 caller= android.view.ViewRootImpl.updateBlastSurfaceIfNeeded:3585 android.view.ViewRootImpl.relayoutWindow:11685 android.view.ViewRootImpl.performTraversals:4804 android.view.ViewRootImpl.doTraversal:3924 android.view.ViewRootImpl$TraversalRunnable.run:12903 android.view.Choreographer$CallbackRecord.run:1901 android.view.Choreographer$CallbackRecord.run:1910 android.view.Choreographer.doCallbacks:1367 android.view.Choreographer.doFrame:1292 android.view.Choreographer$FrameDisplayEventReceiver.run:1870
05-15 20:59:52.166 24267 24267 I BLASTBufferQueue_Java: update, w= 1080 h= 2340 mName = VRI[InstrumentationActivityInvoker$EmptyActivity]@49c39ce mNativeObject= 0xb400007e28d9f8a0 sc.mNativeObject= 0xb400007ea8d1c0d0 format= -1 caller= android.view.ViewRootImpl.updateBlastSurfaceIfNeeded:3590 android.view.ViewRootImpl.relayoutWindow:11685 android.view.ViewRootImpl.performTraversals:4804 android.view.ViewRootImpl.doTraversal:3924 android.view.ViewRootImpl$TraversalRunnable.run:12903 android.view.Choreographer$CallbackRecord.run:1901
05-15 20:59:52.166  1977  2142 D SurfaceComposerClient: setCornerRadius ## 951a550 Splash Screen es.uniovi.recetasasturianas.test#179584 cornerRadius=0.000000
05-15 20:59:52.166  1977  2142 D SurfaceComposerClient: setCornerRadius ## 2d4aba es.uniovi.recetasasturianas.test/androidx.test.core.app.InstrumentationActivityInvoker$EmptyActivity#179586 cornerRadius=0.000000
05-15 20:59:52.166  1977  2142 D SurfaceComposerClient: setCornerRadius ## 951a550 Splash Screen es.uniovi.recetasasturianas.test#179584 cornerRadius=0.000000
05-15 20:59:52.166  1977  2142 D SurfaceComposerClient: setCornerRadius ## 2d4aba es.uniovi.recetasasturianas.test/androidx.test.core.app.InstrumentationActivityInvoker$EmptyActivity#179586 cornerRadius=0.000000
05-15 20:59:52.166 24267 24267 W libc    : Access denied finding property "vendor.display.enable_optimal_refresh_rate"
05-15 20:59:52.167 24267 24267 I VRI[InstrumentationActivityInvoker$EmptyActivity]@49c39ce: Relayout returned: old=(0,0,1080,2340) new=(0,0,1080,2340) relayoutAsync=false req=(1080,2340)0 dur=9 res=0x3 s={true 0xb400007de8d3d750} ch=true seqId=0
05-15 20:59:52.167 24267 24267 I VRI[InstrumentationActivityInvoker$EmptyActivity]@49c39ce: performConfigurationChange setNightDimText nightDimLevel=0
05-15 20:59:52.167  1808  2497 I SurfaceFlinger: id=179590 createSurf, flag=84004, Transition Root: Task=2387#179590
05-15 20:59:52.167 24267 24267 D VRI[InstrumentationActivityInvoker$EmptyActivity]@49c39ce: mThreadedRenderer.initialize() mSurface={isValid=true 0xb400007de8d3d750} hwInitialized=true
05-15 20:59:52.168 24267 24267 D VRI[InstrumentationActivityInvoker$EmptyActivity]@49c39ce: reportNextDraw android.view.ViewRootImpl.performTraversals:5443 android.view.ViewRootImpl.doTraversal:3924 android.view.ViewRootImpl$TraversalRunnable.run:12903 android.view.Choreographer$CallbackRecord.run:1901 android.view.Choreographer$CallbackRecord.run:1910
05-15 20:59:52.168 24267 24267 D VRI[InstrumentationActivityInvoker$EmptyActivity]@49c39ce: Setup new sync=wmsSync-VRI[InstrumentationActivityInvoker$EmptyActivity]@49c39ce#10
05-15 20:59:52.168 24267 24267 I VRI[InstrumentationActivityInvoker$EmptyActivity]@49c39ce: Creating new active sync group VRI[InstrumentationActivityInvoker$EmptyActivity]@49c39ce#11
05-15 20:59:52.168 24267 24267 D VRI[InstrumentationActivityInvoker$EmptyActivity]@49c39ce: registerCallbacksForSync syncBuffer=false
05-15 20:59:52.168  1808  1808 I SurfaceFlinger: [LayerHierarchy{RequestedLayerState{7a9d783 NavigationBar0#172957 parentId=179589} 1 children}] reparent to LayerHierarchy{RequestedLayerState{Surface(name=7a9d783 NavigationBar0)/@0x10e1471 - animation-leash of insets_animation#179589 parentId=172956} 1 children}
05-15 20:59:52.168  1808  1808 I SurfaceFlinger: [LayerHierarchy{RequestedLayerState{8f932e4 StatusBar#172964 parentId=179588} 1 children}] reparent to LayerHierarchy{RequestedLayerState{Surface(name=8f932e4 StatusBar)/@0xabc478a - animation-leash of insets_animation#179588 parentId=172963} 1 children}
05-15 20:59:52.168  1808  1808 I SurfaceFlinger: [LayerHierarchy{RequestedLayerState{Surface(name=7a9d783 NavigationBar0)/@0x10e1471 - animation-leash of insets_animation#179578} no children}] reparent to OffscreenRoot
05-15 20:59:52.168  1808  1808 I SurfaceFlinger: [LayerHierarchy{RequestedLayerState{Surface(name=7a9d783 NavigationBar0)/@0x10e1471 - animation-leash of insets_animation#179578} no children}] RelativeParent to null
05-15 20:59:52.168  1808  1808 I SurfaceFlinger: [LayerHierarchy{RequestedLayerState{Surface(name=8f932e4 StatusBar)/@0xabc478a - animation-leash of insets_animation#179577} no children}] reparent to OffscreenRoot
05-15 20:59:52.168  1808  1808 I SurfaceFlinger: [LayerHierarchy{RequestedLayerState{Surface(name=8f932e4 StatusBar)/@0xabc478a - animation-leash of insets_animation#179577} no children}] RelativeParent to null
05-15 20:59:52.168  1808  1808 I SurfaceFlinger: [Surface(name=8f932e4 StatusBar)/@0xabc478a - animation-leash of insets_animation#179588] attach to parent LayerHierarchy{RequestedLayerState{WindowToken{68a9b23 type=2000 android.os.BinderProxy@abe78dd}#172963 parentId=17} 1 children}
05-15 20:59:52.168 24267 24293 D VRI[InstrumentationActivityInvoker$EmptyActivity]@49c39ce: Received frameDrawingCallback syncResult=0 frameNum=1.
05-15 20:59:52.168  1808  1808 I SurfaceFlinger: [Surface(name=7a9d783 NavigationBar0)/@0x10e1471 - animation-leash of insets_animation#179589] attach to parent LayerHierarchy{RequestedLayerState{WindowToken{ec79b94 type=2019 android.os.BinderProxy@3619da6}#172956 parentId=34} 1 children}
05-15 20:59:52.168  1808  1808 I SurfaceFlinger: [Transition Root: Task=2387#179590] attach to parent LayerHierarchy{RequestedLayerState{DefaultTaskDisplayArea_d0#172934 parentId=9} 12 children}
05-15 20:59:52.168 24267 24293 I VRI[InstrumentationActivityInvoker$EmptyActivity]@49c39ce: mWNT: t=0xb400007df8d49f50 mBlastBufferQueue=0xb400007e28d9f8a0 fn= 1 HdrRenderState mRenderHdrSdrRatio=1.0 caller= android.view.ViewRootImpl$12.onFrameDraw:15441 android.view.ThreadedRenderer$1.onFrameDraw:718 <bottom of call stack>
05-15 20:59:52.168 24267 24293 I VRI[InstrumentationActivityInvoker$EmptyActivity]@49c39ce: Setting up sync and frameCommitCallback
05-15 20:59:52.169  1977  2142 I SurfaceControlRegistry: show, t=StartTransaction_SyncId<14581> sc=ActivityRecord{141197492 u0 es.uniovi.recetasasturianas.test/androidx.test.core.app.InstrumentationActivityInvoker$EmptyActivity t2387}, caller=android.view.SurfaceControl$Transaction.show:3557 com.android.server.wm.Transition.onTransactionReady:2048 com.android.server.wm.BLASTSyncEngine$SyncGroup.finishNow:240 com.android.server.wm.BLASTSyncEngine.onSurfacePlacement:263 com.android.server.wm.RootWindowContainer.performSurfacePlacementNoTrace:1083 com.android.server.wm.WindowSurfacePlacer.performSurfacePlacement:166
05-15 20:59:52.169  1977  2142 D SurfaceComposerClient: setCornerRadius ## Task=2386#179564 cornerRadius=0.000000
05-15 20:59:52.169  1977  2142 D SurfaceComposerClient: setCornerRadius ## Task=2387#179582 cornerRadius=0.000000
05-15 20:59:52.170  1977  2142 D ScreenCapture: [Capture_TEST] : setIsScreenShotBySystem false
05-15 20:59:52.170  1977  2142 I SurfaceComposerClient: captureLayers:childrenOnly:1, sync:1
05-15 20:59:52.171 24267 24288 I BLASTBufferQueue: [VRI[InstrumentationActivityInvoker$EmptyActivity]@49c39ce#5](f:0,a:0,s:0) onFrameAvailable the first frame is available
05-15 20:59:52.171 24267 24288 I SurfaceComposerClient: apply transaction with the first frame. layerId: 179587, bufferData(ID: 104225971372052, frameNumber: 1)
05-15 20:59:52.171 24267 24288 I VRI[InstrumentationActivityInvoker$EmptyActivity]@49c39ce: Received frameCommittedCallback lastAttemptedDrawFrameNum=1 didProduceBuffer=true
05-15 20:59:52.171  1808  1899 I SurfaceFlinger: [es.uniovi.recetasasturianas.test/androidx.test.core.app.InstrumentationActivityInvoker$EmptyActivity$_24267#179587] setTransactionState with the first frame. bufferData(ID: 104225971372052, frameNumber: 1)
05-15 20:59:52.172 11062 11118 I SurfaceControlRegistry: hide, t=FinishTransaction_SyncId<14581> sc=Task=2386, caller=android.view.SurfaceControl$Transaction.hide:3583 com.android.wm.shell.transition.Transitions.dispatchReady:1263 com.android.wm.shell.transition.Transitions.onTransitionReady:251 com.android.wm.shell.transition.Transitions$TransitionPlayerImpl$$ExternalSyntheticLambda0.run:13 android.os.Handler.handleCallback:995 android.os.Handler.dispatchMessage:103
05-15 20:59:52.172 24267 24288 D HWUI    : CFMS:: SetUp Pid : 24267    Tid : 24288
05-15 20:59:52.172 11062 11118 I SurfaceControlRegistry: show, t=StartTransaction_SyncId<14581> sc=Task=2387, caller=android.view.SurfaceControl$Transaction.show:3557 com.android.wm.shell.transition.Transitions.dispatchReady:1279 com.android.wm.shell.transition.Transitions.onTransitionReady:251 com.android.wm.shell.transition.Transitions$TransitionPlayerImpl$$ExternalSyntheticLambda0.run:13 android.os.Handler.handleCallback:995 android.os.Handler.dispatchMessage:103
05-15 20:59:52.172 24267 24267 D VRI[InstrumentationActivityInvoker$EmptyActivity]@49c39ce: reportDrawFinished seqId=0
05-15 20:59:52.172 11062 11118 I SurfaceControlRegistry: show, t=FinishTransaction_SyncId<14581> sc=Task=2387, caller=android.view.SurfaceControl$Transaction.show:3557 com.android.wm.shell.transition.Transitions.dispatchReady:1330 com.android.wm.shell.transition.Transitions.onTransitionReady:251 com.android.wm.shell.transition.Transitions$TransitionPlayerImpl$$ExternalSyntheticLambda0.run:13 android.os.Handler.handleCallback:995 android.os.Handler.dispatchMessage:103
05-15 20:59:52.172 11062 11118 I SurfaceControlRegistry: show, t=StartTransaction_SyncId<14581> sc=Transition Root: Task=2387, caller=android.view.SurfaceControl$Transaction.show:3557 com.android.wm.shell.transition.Transitions.playTransition:79 com.android.wm.shell.transition.Transitions.processReadyQueue:239 com.android.wm.shell.transition.Transitions.dispatchReady:1352 com.android.wm.shell.transition.Transitions.onTransitionReady:251 com.android.wm.shell.transition.Transitions$TransitionPlayerImpl$$ExternalSyntheticLambda0.run:13
05-15 20:59:52.173 11062 11118 D SurfaceComposerClient: [Task=2386#179564] setEdgeExtension Right
05-15 20:59:52.173 11062 11118 I SurfaceControlRegistry: apply, t=StartTransaction_SyncId<14581>, caller=android.view.SurfaceControl$Transaction.apply:3459 android.view.SurfaceControl$Transaction.apply:3447 android.view.SurfaceControl$Transaction.apply:3397 com.android.wm.shell.transition.DefaultTransitionHandler.startAnimation:3292 com.android.wm.shell.transition.Transitions.dispatchTransition:90 com.android.wm.shell.transition.Transitions.playTransition:774
05-15 20:59:52.176  1808  1808 I SurfaceFlinger: RequestedLayer [951a550 Splash Screen es.uniovi.recetasasturianas.test#179584] hidden!! flag  from(1) --> to(0)
05-15 20:59:52.176  1808  1808 I SurfaceFlinger: RequestedLayer [2d4aba es.uniovi.recetasasturianas.t[...]ActivityInvoker$EmptyActivity#179586] hidden!! flag  from(1) --> to(0)
05-15 20:59:52.176  1808  1808 I SurfaceFlinger: RequestedLayer [Splash Screen es.uniovi.recetasasturianas.test$_11062#179585] hidden!! flag  from(1) --> to(0)
05-15 20:59:52.176  1808  1808 I SurfaceFlinger: RequestedLayer [Task=2387#179582] hidden!! flag  from(1) --> to(0)
05-15 20:59:52.176  1808  1808 E SurfaceFlinger: alpha changed 1.000 -> 0.000 - Task=2387#179582
05-15 20:59:52.176  1808  1808 I SurfaceFlinger: RequestedLayer [Transition Root: Task=2387#179590] hidden!! flag  from(1) --> to(0)
05-15 20:59:52.176  1808  1808 I SurfaceFlinger: RequestedLayer [ActivityRecord{141197492 u0 es.uniov[...]yInvoker$EmptyActivity t2387}#179583] hidden!! flag  from(1) --> to(0)
05-15 20:59:52.176  1808  1808 E SurfaceFlinger: alpha changed 0.000 -> 1.000 - Task=2387#179582
05-15 20:59:52.176 11062 11118 I SurfaceControlRegistry: apply, t=FinishTransaction_SyncId<14581>, caller=android.view.SurfaceControl$Transaction.apply:3459 android.view.SurfaceControl$Transaction.apply:3447 android.view.SurfaceControl$Transaction.apply:3397 com.android.wm.shell.transition.Transitions.onFinish:315 com.android.wm.shell.transition.Transitions$$ExternalSyntheticLambda7.onTransitionFinished:12 com.android.wm.shell.transition.DefaultTransitionHandler$$ExternalSyntheticLambda6.run:36
05-15 20:59:52.176  1808  1808 I SurfaceFlinger: [LayerHierarchy{RequestedLayerState{Task=2386#179564 parentId=179590 z=2} 1 children}] reparent to LayerHierarchy{RequestedLayerState{Transition Root: Task=2387#179590 parentId=172934 z=8} 1 children}
05-15 20:59:52.177  1808  1808 I SurfaceFlinger: [LayerHierarchy{RequestedLayerState{Task=2387#179582 parentId=179590 z=5} 1 children}] reparent to LayerHierarchy{RequestedLayerState{Transition Root: Task=2387#179590 parentId=172934 z=8} 2 children}
05-15 20:59:52.184  1808  2497 I SurfaceFlinger: Capture layer list: 	 es.uniovi.recetasasturianas/es.uniovi.recetasasturianas.MainActivity$_24090#179576(seamlessTransition:0)
05-15 20:59:52.186  1808  1908 D RenderEngine: [SEC_SF_EFFECTS] drawLayersInternal,1483, Rendering layer ScreenCaptureFillLayer at index 0
05-15 20:59:52.186  1808  1908 D RenderEngine: [SEC_SF_EFFECTS] drawLayersInternal,1483, Rendering layer es.uniovi.recetasasturianas/es.uniovi.recetasasturianas.MainActivity$_24090#179576 at index 1
05-15 20:59:52.187  1808  1808 D SurfaceFlinger: Display 4630947232161729154 HWC layers:
05-15 20:59:52.187  1808  1808 D SurfaceFlinger:        CLIENT |          103465762160660 | 00002102 | RGBA_8888    |  360.0    0.0 1080.0 2340.0 |    0    0 1080 2340 | es.uniovi.recetasasturianas/es.uniov[...]sturianas.MainActivity$_24090#179576 (20)
05-15 20:59:52.187  1808  1808 D SurfaceFlinger:        DEVICE |           47510928231537 | 00002100 | RGBA_8888    |    0.0    0.0 1080.0 2340.0 |    0    0 1080 2340 | Splash Screen es.uniovi.recetasasturianas.test$_11062#179585 (1)
05-15 20:59:52.187  1808  1808 D SurfaceFlinger:        DEVICE |           47510928230651 | 00002100 | RGBA_8888    |    0.0    0.0 1080.0   99.0 |    0    0 1080   99 | StatusBar$_11062#172976 (4140)
05-15 20:59:52.187  1808  1808 D SurfaceFlinger:        DEVICE |           47510928230672 | 00002100 | RGBA_8888    |    0.0    0.0 1080.0  144.0 |    0 2196 1080 2340 | NavigationBar0$_11062#172972 (357)
05-15 20:59:52.187  1808  1808 D SurfaceFlinger:        DEVICE |           27157078223661 | 00002100 | RGBA_8888    |    0.0   13.0  290.0  158.0 |  395    0  685  145 | $_6323#154529 (967)
05-15 20:59:52.187  1808  1808 D SurfaceFlinger:        DEVICE |           27157078223656 | 00002100 | RGBA_8888    |    0.0    0.0 1080.0  115.0 |    0    0 1080  115 | $_6323#177506 (652)
05-15 20:59:52.187  1808  1808 D SurfaceFlinger:
05-15 20:59:52.187  1808  1808 D SurfaceFlinger:     DEVICE |           47510928230638 | 00002140 | RGBA_8888    |    0.0    0.0 1080.0  121.0 |    0    0 1080  121 | ScreenDecorOverlay$_11062#172986 (67)
05-15 20:59:52.187  1808  1808 D SurfaceFlinger:        DEVICE |           47510928230639 | 00002140 | RGBA_8888    |    0.0    0.0 1080.0  121.0 |    0 2219 1080 2340 | ScreenDecorOverlayBottom$_11062#172987 (60)
05-15 20:59:52.187  1808  1808 D SurfaceFlinger:
05-15 20:59:52.187  1808  1808 I SurfaceFlinger: RequestedLayer [Task=2386#179564] hidden!! flag  from(0) --> to(1)
05-15 20:59:52.187  1808  1808 I SurfaceFlinger: [LayerHierarchy{RequestedLayerState{Task=2386#179564 parentId=172934 z=7} 1 children}] reparent to LayerHierarchy{RequestedLayerState{DefaultTaskDisplayArea_d0#172934 parentId=9} 11 children}
05-15 20:59:52.187  1808  1808 I SurfaceFlinger: [LayerHierarchy{RequestedLayerState{Task=2387#179582 parentId=172934 z=8} 1 children}] reparent to LayerHierarchy{RequestedLayerState{DefaultTaskDisplayArea_d0#172934 parentId=9} 12 children}
05-15 20:59:52.187  1808  1808 I SurfaceFlinger: [LayerHierarchy{RequestedLayerState{Transition Root: Task=2387#179590 z=8} no children}] reparent to OffscreenRoot
05-15 20:59:52.187  1808  1808 I SurfaceFlinger: [LayerHierarchy{RequestedLayerState{Transition Root: Task=2387#179590 z=8} no children}] RelativeParent to null
05-15 20:59:52.188  1808  1808 D SurfaceFlinger: GPIS:: requestGPISForClientComposition
05-15 20:59:52.191  1808  2497 I SurfaceFlinger: id=179591 createSurf, flag=84000, 75175c6 ActivityRecordInputSink es.uniovi.recetasasturianas.test/androidx.test.core.app.InstrumentationActivityInvoker$EmptyActivity#179591
05-15 20:59:52.193  1808  1808 D SurfaceFlinger: Display 4630947232161729154 HWC layers:
05-15 20:59:52.193  1808  1808 D SurfaceFlinger:        DEVICE |           47510928231537 | 00002100 | RGBA_8888    |    0.0    0.0 1080.0 2340.0 |    0    0 1080 2340 | Splash Screen es.uniovi.recetasasturianas.test$_11062#179585 (1)
05-15 20:59:52.193  1808  1808 D SurfaceFlinger:        DEVICE |           47510928230651 | 00002100 | RGBA_8888    |    0.0    0.0 1080.0   99.0 |    0    0 1080   99 | StatusBar$_11062#172976 (4140)
05-15 20:59:52.193  1808  1808 D SurfaceFlinger:        DEVICE |           47510928230672 | 00002100 | RGBA_8888    |    0.0    0.0 1080.0  144.0 |    0 2196 1080 2340 | NavigationBar0$_11062#172972 (357)
05-15 20:59:52.193  1808  1808 D SurfaceFlinger:        DEVICE |           27157078223661 | 00002100 | RGBA_8888    |    0.0   13.0  290.0  158.0 |  395    0  685  145 | $_6323#154529 (967)
05-15 20:59:52.193  1808  1808 D SurfaceFlinger:        DEVICE |           27157078223656 | 00002100 | RGBA_8888    |    0.0    0.0 1080.0  115.0 |    0    0 1080  115 | $_6323#177506 (652)
05-15 20:59:52.193  1808  1808 D SurfaceFlinger:        DEVICE |           47510928230638 | 00002140 | RGBA_8888    |    0.0    0.0 1080.0  121.0 |    0    0 1080  121 | ScreenDecorOverlay$_11062#172986 (67)
05-15 20:59:52.193  1808  1808 D SurfaceFlinger:        DEVICE |           47510928230639 | 00002
05-15 20:59:52.194  1808  1808 D SurfaceFlinger: 140 | RGBA_8888    |    0.0    0.0 1080.0  121.0 |    0 2219 1080 2340 | ScreenDecorOverlayBottom$_11062#172987 (60)
05-15 20:59:52.194  1808  1808 D SurfaceFlinger:
05-15 20:59:52.194  1808  1808 I SurfaceFlinger: [75175c6 ActivityRecordInputSink es.uniovi.recetasasturianas.test/androidx.test.core.app.InstrumentationActivityInvoker$EmptyActivity#179591] attach to parent LayerHierarchy{RequestedLayerState{ActivityRecord{141197492 u0 es.uniovi.recetasasturianas.test/androidx.test.core.app.InstrumentationActivityInvoker$EmptyActivity t2387}#179583 parentId=179582} 3 children}
05-15 20:59:52.196  1977  4779 D PersonaActivityHelper: token.toString()  Token{788f420 ActivityRecord{141197492 u0 es.uniovi.recetasasturianas.test/androidx.test.core.app.InstrumentationActivityInvoker$EmptyActivity t2387}}
05-15 20:59:52.196  1977  4779 D PersonaActivityHelper: mLastResumedSFActivity getPackageName  com.android.settings
05-15 20:59:52.196  1977  4779 D PersonaActivityHelper: mLastResumedSFActivity getShortClassName  .fuelgauge.RequestIgnoreBatteryOptimizations
05-15 20:59:52.196  1977  4779 D PersonaActivityHelper: token.toString()  Token{6e7875e ActivityRecord{199560672 u0 es.uniovi.recetasasturianas/.MainActivity t2386 f}}}
05-15 20:59:52.196  1977  4779 D PersonaActivityHelper: mLastResumedSFActivity getPackageName  com.android.settings
05-15 20:59:52.196  1977  4779 D PersonaActivityHelper: mLastResumedSFActivity getShortClassName  .fuelgauge.RequestIgnoreBatteryOptimizations
05-15 20:59:52.196 24090 24090 I VRI[MainActivity]@de229ec: handleAppVisibility mAppVisible = true visible = false
05-15 20:59:52.196 24090 24090 D VRI[MainActivity]@de229ec: visibilityChanged oldVisibility=true newVisibility=false
05-15 20:59:52.197  4195 23188 I HoneySpace.RecentTasks: onRecentTasksChanged
05-15 20:59:52.198  4195 30507 I HoneySpace.RecentTasks: onRunningTaskAppeared
05-15 20:59:52.200 11062 11062 D SamsungLightBarControlHelper: updateStatusBar (BLACK icon) numStacks:1, StatusBarMode:MODE_TRANSPARENT, lightBarBounds:[Rect(0, 0 - 1080, 2340)], StatusBarState:SHADE, packageName:, isWhiteKeyguardStatusBar:false
05-15 20:59:52.200  1977  3573 I SemDvfsHyPerManager: acquire hyper - AMS_RESUME_TAIL/1977@22, type = -999
05-15 20:59:52.200  1977  3573 I SemDvfsHyPerManager: acquire hyper - AMS_ACT_LAZY/1977@23, type = -999
05-15 20:59:52.200 11062 11062 D SamsungLightBarControlHelper: onStatusBarAppearanceChanged() -  sbModeChanged:false, statusBarMode:0, barState:MODE_TRANSPARENT, isKeyguardShowing:false, navbarColorManagedByIme:false, (AppearanceRegion{LIGHT_STATUS_BARS bounds=[0,0][1080,2340]}, )
05-15 20:59:52.200  1632  1829 I HYPER-HAL: [RequestManager.cpp]acquire(): Acquired ID : 1999022  [1977 / 22]    HINT : AMS_RESUME_TAIL    list :
05-15 20:59:52.200  1632  1829 I HYPER-HAL: [ResourceManager.cpp]updateResource(): [CPUMinFreq] UpdateResource Request ID : 1999022    Value : 1785600
05-15 20:59:52.200  1632  1829 I HYPER-HAL: [RequestManager.cpp]acquire(): Acquired ID : 2001023  [1977 / 23]    HINT : AMS_ACT_LAZY    list :
05-15 20:59:52.200  1632  1829 I HYPER-HAL: [ResourceManager.cpp]removeResource(): [CPULittleMinFreq] RemoveResource Request ID : 2011043
05-15 20:59:52.201  1977  2128 I PkgPredictorService-SecIpmManagerServiceImpl: reportToNAP uid:10626 es.uniovi.recetasasturianas.test/androidx.test.core.app.InstrumentationActivityInvoker$EmptyActivity thisTime:97
05-15 20:59:52.201  1977  2128 D PkgPredictorService-SecIpmManagerServiceImpl: reportToNAP: mHeavyLaunchCounter is false
05-15 20:59:52.202  1808  1808 I SurfaceFlinger: [Display 0 name="Built-in Screen"#172933] setFrameRateCategory: Default
05-15 20:59:52.202  1808  1808 I SurfaceFlinger: [LayerHierarchy{RequestedLayerState{Transition Root: Task=2387#179590 z=8} no children}] reparent to OffscreenRoot
05-15 20:59:52.202  1808  1808 I SurfaceFlinger: [LayerHierarchy{RequestedLayerState{Transition Root: Task=2387#179590 z=8} no children}] RelativeParent to null
