05-15 20:59:52.295 24090 24138 I TestRunner: started: searchRecipe_filtersList(es.uniovi.recetasasturianas.RecipeListFragmentTest)
05-15 20:59:52.295  1808  1899 I SurfaceFlinger: id=179571 Removed 872bfe3 ActivityRecordInputSink es.uniovi.recetasasturianas/.MainActivity#179571 (171)
05-15 20:59:52.295  1808  1899 I SurfaceFlinger: id=179598 createSurf, flag=24004, Task=2386#179598
05-15 20:59:52.296 20661 20661 D VRI[HomeActivity]@27ecfc4: Setup new sync=wmsSync-VRI[HomeActivity]@27ecfc4#1
05-15 20:59:52.296 20661 20661 I VRI[HomeActivity]@27ecfc4: Creating new active sync group VRI[HomeActivity]@27ecfc4#2
05-15 20:59:52.296  1977  1995 W System  : A resource failed to call release.
05-15 20:59:52.297 24090 24138 W Settings: Setting always_finish_activities has moved from android.provider.Settings.System to android.provider.Settings.Global, returning read-only value.
05-15 20:59:52.297 20661 20661 D VRI[HomeActivity]@27ecfc4: registerCallbacksForSync syncBuffer=false
05-15 20:59:52.298 20661 20727 I VRI[HomeActivity]@27ecfc4: mWNT: t=0xb400007df8deced0 mBlastBufferQueue=0xb400007e28e46300 fn= 2 HdrRenderState mRenderHdrSdrRatio=1.0 caller= android.view.SyncRtSurfaceTransactionApplier.applyTransaction:100 android.view.SyncRtSurfaceTransactionApplier.lambda$scheduleApply$0:73 android.view.SyncRtSurfaceTransactionApplier.$r8$lambda$afI4fXg3U3-nBZQEDQMiNy-B06s:0
05-15 20:59:52.298  1977  2142 I SurfaceControl: apply, lowDebugName=reparent_to_imeParent, caller=android.view.SurfaceControl$Transaction.apply:3447 android.view.SurfaceControl$Transaction.apply:3397 com.android.server.wm.WindowAnimator.animate:307 com.android.server.wm.WindowAnimator$$ExternalSyntheticLambda1.doFrame:14 android.view.Choreographer$CallbackRecord.run:1899 android.view.Choreographer$CallbackRecord.run:1910
05-15 20:59:52.298 20661 20727 D VRI[HomeActivity]@27ecfc4: Received frameDrawingCallback syncResult=0 frameNum=2.
05-15 20:59:52.298 20661 20727 I VRI[HomeActivity]@27ecfc4: Setting up sync and frameCommitCallback
05-15 20:59:52.299  1977  2142 D SurfaceComposerClient: setCornerRadius ## c5a06c0 bitpit.launcher/bitpit.launcher.ui.HomeActivity#155257 cornerRadius=0.000000
05-15 20:59:52.299  1977  2142 D SurfaceComposerClient: setCornerRadius ## c5a06c0 bitpit.launcher/bitpit.launcher.ui.HomeActivity#155257 cornerRadius=0.000000
05-15 20:59:52.300  4195 23188 I HoneySpace.RecentTasks: onRunningTaskVanished
05-15 20:59:52.300  4195 23188 I HoneySpace.RecentTasks: onRecentTasksChanged
05-15 20:59:52.300  1808  1899 I SurfaceFlinger: id=179599 createSurf, flag=84004, Transition Root: Task=1#179599
05-15 20:59:52.301  1808  1808 I SurfaceFlinger: RequestedLayer [Surface(name=35023c1 InputMethod)/@0[...]ion-leash of insets_animation#179597] hidden!! flag  from(1) --> to(0)
05-15 20:59:52.301  1808  1808 E SurfaceFlinger: alpha changed 1.000 -> 0.000 - Surface(name=35023c1 InputMethod)/@0x1087f31 - animation-leash of insets_animation#179597
05-15 20:59:52.301  1808  1808 I SurfaceFlinger: [LayerHierarchy{RequestedLayerState{ImeContainer#15 parentId=14 relativeParentId=14 z=1} 1 children}] reparent to LayerHierarchy{RequestedLayerState{ImePlaceholder:13:14#14 parentId=9 z=2} 1 children}
05-15 20:59:52.301  1808  1808 I SurfaceFlinger: [LayerHierarchy{RequestedLayerState{ImeContainer#15 parentId=14 relativeParentId=14 z=1} 1 children}] RelativeParent to null
05-15 20:59:52.301  1808  1808 I SurfaceFlinger: [LayerHierarchy{RequestedLayerState{35023c1 InputMethod#146668 parentId=179597} no children}] reparent to LayerHierarchy{RequestedLayerState{Surface(name=35023c1 InputMethod)/@0x1087f31 - animation-leash of insets_animation#179597 parentId=146663} 1 children}
05-15 20:59:52.301  1808  1808 I SurfaceFlinger: [LayerHierarchy{RequestedLayerState{es.uniovi.recetasasturianas/es.uniovi.recetasasturianas.MainActivity$_24090#179576} no children}] reparent to OffscreenRoot
05-15 20:59:52.301  1808  1808 I SurfaceFlinger: [LayerHierarchy{RequestedLayerState{es.uniovi.recetasasturianas/es.uniovi.recetasasturianas.MainActivity$_24090#179576} no children}] RelativeParent to null
05-15 20:59:52.301  1808  1808 I SurfaceFlinger: [LayerHierarchy{RequestedLayerState{Task=2386#179564 z=7} 1 children}] reparent to OffscreenRoot
05-15 20:59:52.301  1808  1808 I SurfaceFlinger: [LayerHierarchy{RequestedLayerState{Task=2386#179564 z=7} 1 children}] RelativeParent to null
05-15 20:59:52.301  1808  1808 I SurfaceFlinger: [LayerHierarchy{RequestedLayerState{7bb6bcd es.uniovi.recetasasturianas/es.uniovi.recetasasturianas.MainActivity#179573} no children}] reparent to OffscreenRoot
05-15 20:59:52.301  1808  1808 I SurfaceFlinger: [LayerHierarchy{RequestedLayerState{7bb6bcd es.uniovi.recetasasturianas/es.uniovi.recetasasturianas.MainActivity#179573} no children}] RelativeParent to null
05-15 20:59:52.301  1808  1808 I SurfaceFlinger: [LayerHierarchy{RequestedLayerState{Surface(name=35023c1 InputMethod)/@0x1087f31 - animation-leash of insets_animation#179581} no children}] reparent to OffscreenRoot
05-15 20:59:52.301  1808  1808 I SurfaceFlinger: [LayerHierarchy{RequestedLayerState{Surface(name=35023c1 InputMethod)/@0x1087f31 - animation-leash of insets_animation#179581} no children}] RelativeParent to null
05-15 20:59:52.301  1808  1808 I SurfaceFlinger: [Task=2386#179598] attach to parent OffscreenRoot
05-15 20:59:52.301  1808  1808 I SurfaceFlinger: [Transition Root: Task=1#179599] attach to parent LayerHierarchy{RequestedLayerState{DefaultTaskDisplayArea_d0#172934 parentId=9} 11 children}
05-15 20:59:52.302  1977  2142 I SurfaceControlRegistry: show, t=StartTransaction_SyncId<14582> sc=ActivityRecord{148716444 u0 bitpit.launcher/.ui.HomeActivity t1351}, caller=android.view.SurfaceControl$Transaction.show:3557 com.android.server.wm.Transition.onTransactionReady:2048 com.android.server.wm.BLASTSyncEngine$SyncGroup.finishNow:240 com.android.server.wm.BLASTSyncEngine.onSurfacePlacement:263 com.android.server.wm.RootWindowContainer.performSurfacePlacementNoTrace:1083 com.android.server.wm.WindowSurfacePlacer.performSurfacePlacement:166
05-15 20:59:52.302  1977  2142 I SurfaceControlRegistry: show, t=StartTransaction_SyncId<14582> sc=Task=1351, caller=android.view.SurfaceControl$Transaction.show:3557 com.android.server.wm.Transition.onTransactionReady:2081 com.android.server.wm.BLASTSyncEngine$SyncGroup.finishNow:240 com.android.server.wm.BLASTSyncEngine.onSurfacePlacement:263 com.android.server.wm.RootWindowContainer.performSurfacePlacementNoTrace:1083 com.android.server.wm.WindowSurfacePlacer.performSurfacePlacement:166
05-15 20:59:52.302  1977  2142 D SurfaceComposerClient: setCornerRadius ## WallpaperWindowToken{43888ef showWhenLocked=false}#178727 cornerRadius=0.000000
05-15 20:59:52.302  1808  1899 I SurfaceFlinger: id=179573 Removed 7bb6bcd es.uniovi.recetasasturianas/es.uniovi.recetasasturianas.MainActivity#179573 (173)
05-15 20:59:52.302  1808  1899 I SurfaceFlinger: id=179581 Removed Surface(name=35023c1 InputMethod)/@0x1087f31 - animation-leash of insets_animation#179581 (173)
05-15 20:59:52.302  1977  2142 D SurfaceComposerClient: setCornerRadius ## Task=2387#179582 cornerRadius=0.000000
05-15 20:59:52.302  1808  2995 I SurfaceFlinger: id=179598 Removed Task=2386#179598 (173)
05-15 20:59:52.302  1808  2497 I SurfaceFlinger: id=179576 Removed es.uniovi.recetasasturianas/es.uniovi.recetasasturianas.MainActivity$_24090#179576 (173)
05-15 20:59:52.302  1977  2142 D SurfaceComposerClient: setCornerRadius ## Task=1#172921 cornerRadius=0.000000
05-15 20:59:52.304  1977  2142 D ScreenCapture: [Capture_TEST] : setIsScreenShotBySystem false
05-15 20:59:52.304  1977  2142 I SurfaceComposerClient: captureLayers:childrenOnly:1, sync:1
05-15 20:59:52.305 20661 20699 I VRI[HomeActivity]@27ecfc4: Received frameCommittedCallback lastAttemptedDrawFrameNum=2 didProduceBuffer=true
05-15 20:59:52.305 20661 20661 D VRI[HomeActivity]@27ecfc4: reportDrawFinished seqId=0
05-15 20:59:52.306 20661 20726 I VRI[HomeActivity]@27ecfc4: mWNT: t=0xb400007df8ddc4d0 mBlastBufferQueue=0xb400007e28e46300 fn= 3 HdrRenderState mRenderHdrSdrRatio=1.0 caller= android.view.SyncRtSurfaceTransactionApplier.applyTransaction:100 android.view.SyncRtSurfaceTransactionApplier.lambda$scheduleApply$0:73 android.view.SyncRtSurfaceTransactionApplier.$r8$lambda$afI4fXg3U3-nBZQEDQMiNy-B06s:0
05-15 20:59:52.309  1808  1808 I SurfaceFlinger: destroyed es.uniovi.recetasasturianas/es.uniovi.recetasasturianas.MainActivity$_24090#179576 form LifecycleManager
05-15 20:59:52.309  1808  1808 I SurfaceFlinger: destroyed 7bb6bcd es.uniovi.recetasasturianas/es.uniovi.recetasasturianas.MainActivity#179573 form LifecycleManager
05-15 20:59:52.309  1808  1808 I SurfaceFlinger: destroyed Task=2386#179598 form LifecycleManager
05-15 20:59:52.309  1808  1808 I SurfaceFlinger: destroyed Surface(name=35023c1 InputMethod)/@0x1087f31 - animation-leash of insets_animation#179581 form LifecycleManager
05-15 20:59:52.309  1808  1808 I SurfaceFlinger: id=179576 onLayerDestroyed from LayerHierarchyBuilder(RequestedLayerState{es.uniovi.recetasasturianas/es.uniovi.recetasasturianas.MainActivity$_24090#179576 !handle})
05-15 20:59:52.309  1808  1808 I SurfaceFlinger: id=179573 onLayerDestroyed from LayerHierarchyBuilder(RequestedLayerState{7bb6bcd es.uniovi.recetasasturianas/es.uniovi.recetasasturianas.MainActivity#179573 !handle})
05-15 20:59:52.309  1808  1808 I SurfaceFlinger: id=179598 onLayerDestroyed from LayerHierarchyBuilder(RequestedLayerState{Task=2386#179598 !handle z=7})
05-15 20:59:52.309  1808  1808 I SurfaceFlinger: id=179581 onLayerDestroyed from LayerHierarchyBuilder(RequestedLayerState{Surface(name=35023c1 InputMethod)/@0x1087f31 - animation-leash of insets_animation#179581 !handle})
05-15 20:59:52.309 11062 11062 D QSClock : onDarkChanged tint=DARK
05-15 20:59:52.310  1808  1808 I Layer   : id=179576 Destroyed es.uniovi.recetasasturianas/es.uniovi.recetasasturianas.MainActivity$_24090#179576
05-15 20:59:52.310  1808  1808 I Layer   : id=179573 Destroyed 7bb6bcd es.uniovi.recetasasturianas/es.uniovi.recetasasturianas.MainActivity#179573
05-15 20:59:52.310  1808  1808 I Layer   : id=179598 Destroyed Task=2386#179598
05-15 20:59:52.310  1808  1808 I Layer   : id=179581 Destroyed Surface(name=35023c1 InputMethod)/@0x1087f31 - animation-leash of insets_animation#179581
05-15 20:59:52.313  1808  2497 I SurfaceFlinger: Capture layer list: 	 es.uniovi.recetasasturianas.test/androidx.test.core.app.InstrumentationActivityInvoker$EmptyActivity$_24267#179587(seamlessTransition:0)
05-15 20:59:52.313  1808  2497 I SurfaceFlinger: Capture layer list: 	 Splash Screen es.uniovi.recetasasturianas.test$_11062#179585(seamlessTransition:0)
05-15 20:59:52.314  1808  1908 D RenderEngine: [SEC_SF_EFFECTS] drawLayersInternal,1483, Rendering layer ScreenCaptureFillLayer at index 0
05-15 20:59:52.314  1808  1908 D RenderEngine: [SEC_SF_EFFECTS] drawLayersInternal,1483, Rendering layer es.uniovi.recetasasturianas.test/androidx.test.core.app.InstrumentationActivityInvoker$EmptyActivity$_24267#179587 at index 1
05-15 20:59:52.314  1808  1908 D RenderEngine: [SEC_SF_EFFECTS] drawLayersInternal,1483, Rendering layer Splash Screen es.uniovi.recetasasturianas.test$_11062#179585 at index 2
05-15 20:59:52.318  1977  2142 D SurfaceComposerClient: setCornerRadius ## c5a06c0 bitpit.launcher/bitpit.launcher.ui.HomeActivity#155257 cornerRadius=0.000000
05-15 20:59:52.319 20661 20727 I VRI[HomeActivity]@27ecfc4: mWNT: t=0xb400007df8e08610 mBlastBufferQueue=0xb400007e28e46300 fn= 4 HdrRenderState mRenderHdrSdrRatio=1.0 caller= android.view.SyncRtSurfaceTransactionApplier.applyTransaction:100 android.view.SyncRtSurfaceTransactionApplier.lambda$scheduleApply$0:73 android.view.SyncRtSurfaceTransactionApplier.$r8$lambda$afI4fXg3U3-nBZQEDQMiNy-B06s:0
05-15 20:59:52.320 20661 20726 I VRI[HomeActivity]@27ecfc4: mWNT: t=0xb400007df8e10090 mBlastBufferQueue=0xb400007e28e46300 fn= 5 HdrRenderState mRenderHdrSdrRatio=1.0 caller= android.view.SyncRtSurfaceTransactionApplier.applyTransaction:100 android.view.SyncRtSurfaceTransactionApplier.lambda$scheduleApply$0:73 android.view.SyncRtSurfaceTransactionApplier.$r8$lambda$afI4fXg3U3-nBZQEDQMiNy-B06s:0
05-15 20:59:52.321  1977  2142 D SurfaceComposerClient: setCornerRadius ## c5a06c0 bitpit.launcher/bitpit.launcher.ui.HomeActivity#155257 cornerRadius=0.000000
05-15 20:59:52.321 11062 11062 D SamsungLightBarControlHelper: updateStatusBar (WHITE icon) numStacks:1, StatusBarMode:MODE_TRANSPARENT, lightBarBounds:[], StatusBarState:SHADE, packageName:, isWhiteKeyguardStatusBar:false
05-15 20:59:52.321 11062 11062 D SamsungLightBarControlHelper: onStatusBarAppearanceChanged() -  sbModeChanged:false, statusBarMode:0, barState:MODE_TRANSPARENT, isKeyguardShowing:false, navbarColorManagedByIme:false, (AppearanceRegion{ bounds=[0,0][1080,2340]}, )
05-15 20:59:52.323  1977  2142 D SurfaceComposerClient: setCornerRadius ## c5a06c0 bitpit.launcher/bitpit.launcher.ui.HomeActivity#155257 cornerRadius=0.000000
05-15 20:59:52.324  1977  2142 D SurfaceComposerClient: setCornerRadius ## c5a06c0 bitpit.launcher/bitpit.launcher.ui.HomeActivity#155257 cornerRadius=0.000000
05-15 20:59:52.324  1977  6943 I WindowManager: Relayout Window{4845400 u0 com.android.systemui.wallpapers.ImageWallpaper}: viewVisibility=0 req=-1x-1 ty=2013 d0
05-15 20:59:52.324  1977  6943 D SurfaceComposerClient: setCornerRadius ## c5a06c0 bitpit.launcher/bitpit.launcher.ui.HomeActivity#155257 cornerRadius=0.000000
05-15 20:59:52.325  1977  6943 D SurfaceComposerClient: setCornerRadius ## c5a06c0 bitpit.launcher/bitpit.launcher.ui.HomeActivity#155257 cornerRadius=0.000000
05-15 20:59:52.325 11062 11118 I SurfaceControlRegistry: show, t=StartTransaction_SyncId<14582> sc=WallpaperWindowToken{43888ef showWhenLocked=false}, caller=android.view.SurfaceControl$Transaction.show:3557 com.android.wm.shell.transition.Transitions.dispatchReady:907 com.android.wm.shell.transition.Transitions.onTransitionReady:251 com.android.wm.shell.transition.Transitions$TransitionPlayerImpl$$ExternalSyntheticLambda0.run:13 android.os.Handler.handleCallback:995 android.os.Handler.dispatchMessage:103
05-15 20:59:52.325 11062 11118 I SurfaceControlRegistry: hide, t=FinishTransaction_SyncId<14582> sc=Task=2387, caller=android.view.SurfaceControl$Transaction.hide:3583 com.android.wm.shell.transition.Transitions.dispatchReady:1263 com.android.wm.shell.transition.Transitions.onTransitionReady:251 com.android.wm.shell.transition.Transitions$TransitionPlayerImpl$$ExternalSyntheticLambda0.run:13 android.os.Handler.handleCallback:995 android.os.Handler.dispatchMessage:103
05-15 20:59:52.326 11062 11118 I SurfaceControlRegistry: show, t=StartTransaction_SyncId<14582> sc=Task=1, caller=android.view.SurfaceControl$Transaction.show:3557 com.android.wm.shell.transition.Transitions.dispatchReady:1279 com.android.wm.shell.transition.Transitions.onTransitionReady:251 com.android.wm.shell.transition.Transitions$TransitionPlayerImpl$$ExternalSyntheticLambda0.run:13 android.os.Handler.handleCallback:995 android.os.Handler.dispatchMessage:103
05-15 20:59:52.326  1808  1808 I SurfaceFlinger: RequestedLayer [Task=1351#116666] hidden!! flag  from(1) --> to(0)
05-15 20:59:52.326  1808  1808 I SurfaceFlinger: RequestedLayer [Task=1#172921] hidden!! flag  from(1) --> to(0)
05-15 20:59:52.326  1977  6943 I WindowManager: Relayout hash=4845400, pid=11062, syncId=-1: mAttrs={(0,0)(fillxfill) gr=TOP START CENTER layoutInDisplayCutoutMode=always ty=WALLPAPER fmt=RGBX_8888 wanim=0x1030328
05-15 20:59:52.326  1977  6943 I WindowManager:   fl=10318
05-15 20:59:52.326  1977  6943 I WindowManager:   pfl=14
05-15 20:59:52.326  1977  6943 I WindowManager:   bhv=1
05-15 20:59:52.326  1977  6943 I WindowManager:   frameRateBoostOnTouch=true
05-15 20:59:52.326  1977  6943 I WindowManager:   dvrrWindowFrameRateHint=true naviIconColor=0}
05-15 20:59:52.326 11062 11062 D QSClock : onDarkChanged tint=WHITE
05-15 20:59:52.326 11062 11719 I BLASTBufferQueue_Java: update, w= 1080 h= 2340 mName = Wallpaper mNativeObject= 0xb400007e28d927d0 sc.mNativeObject= 0xb400007ea8d7e710 format= 2 caller= android.service.wallpaper.WallpaperService$Engine.getOrCreateBLASTSurface:2929 android.service.wallpaper.WallpaperService$Engine.updateSurface:1682 android.service.wallpaper.WallpaperService$IWallpaperEngineWrapper.handleResized:3540 android.service.wallpaper.WallpaperService$IWallpaperEngineWrapper.executeMessage:3459 com.android.internal.os.HandlerCaller$MyHandler.handleMessage:44 android.os.Handler.dispatchMessage:110
05-15 20:59:52.326 11062 11719 I BLASTBufferQueue: [Wallpaper#276](f:0,a:1,s:0) update width=1080 height=2340 format=2 mTransformHint=0
05-15 20:59:52.327 11062 11118 I SurfaceControlRegistry: show, t=FinishTransaction_SyncId<14582> sc=Task=1, caller=android.view.SurfaceControl$Transaction.show:3557 com.android.wm.shell.transition.Transitions.dispatchReady:1330 com.android.wm.shell.transition.Transitions.onTransitionReady:251 com.android.wm.shell.transition.Transitions$TransitionPlayerImpl$$ExternalSyntheticLambda0.run:13 android.os.Handler.handleCallback:995 android.os.Handler.dispatchMessage:103
05-15 20:59:52.327 11062 11118 I SurfaceControlRegistry: show, t=StartTransaction_SyncId<14582> sc=Transition Root: Task=1, caller=android.view.SurfaceControl$Transaction.show:3557 com.android.wm.shell.transition.Transitions.playTransition:79 com.android.wm.shell.transition.Transitions.processReadyQueue:239 com.android.wm.shell.transition.Transitions.dispatchReady:1352 com.android.wm.shell.transition.Transitions.onTransitionReady:251 com.android.wm.shell.transition.Transitions$TransitionPlayerImpl$$ExternalSyntheticLambda0.run:13
05-15 20:59:52.328  1977  2134 D PkgPredictorService-SecIpmManagerServiceImpl: bg information pid:24090 uid:10625 pkgName:es.uniovi.recetasasturianas
05-15 20:59:52.328 11062 11118 I SurfaceControlRegistry: apply, t=StartTransaction_SyncId<14582>, caller=android.view.SurfaceControl$Transaction.apply:3459 android.view.SurfaceControl$Transaction.apply:3447 android.view.SurfaceControl$Transaction.apply:3397 com.android.wm.shell.transition.DefaultTransitionHandler.startAnimation:3292 com.android.wm.shell.transition.Transitions.dispatchTransition:90 com.android.wm.shell.transition.Transitions.playTransition:774
05-15 20:59:52.329 20661 20727 I VRI[HomeActivity]@27ecfc4: mWNT: t=0xb400007df8df4b10 mBlastBufferQueue=0xb400007e28e46300 fn= 6 HdrRenderState mRenderHdrSdrRatio=1.0 caller= android.view.SyncRtSurfaceTransactionApplier.applyTransaction:100 android.view.SyncRtSurfaceTransactionApplier.lambda$scheduleApply$0:73 android.view.SyncRtSurfaceTransactionApplier.$r8$lambda$afI4fXg3U3-nBZQEDQMiNy-B06s:0
05-15 20:59:52.329 24090 24090 D BBA2    : setIsFg isFg = false; delayValue 3999ms
05-15 20:59:52.334  1808  1808 I SurfaceFlinger: RequestedLayer [bitpit.launcher/bitpit.launcher.ui.HomeActivity$_20661#179594] hidden!! flag  from(1) --> to(0)
05-15 20:59:52.334  1808  1808 I SurfaceFlinger: RequestedLayer [Transition Root: Task=1#179599] hidden!! flag  from(1) --> to(0)
05-15 20:59:52.334  1808  1808 I SurfaceFlinger: RequestedLayer [ActivityRecord{148716444 u0 bitpit.launcher/.ui.HomeActivity t1351}#116667] hidden!! flag  from(1) --> to(0)
05-15 20:59:52.334  1808  1808 I SurfaceFlinger: RequestedLayer [WallpaperWindowToken{43888ef showWhenLocked=false}#178727] hidden!! flag  from(1) --> to(0)
05-15 20:59:52.334  1808  1808 E SurfaceFlinger: alpha changed 1.000 -> 0.000 - Task=2387#179582
05-15 20:59:52.334  1808  1808 I SurfaceFlinger: [LayerHierarchy{RequestedLayerState{ActivityRecord{199560672 u0 es.uniovi.recetasasturianas/.MainActivity t2386}#179565} 1 children}] reparent to OffscreenRoot
05-15 20:59:52.334  1808  1808 I SurfaceFlinger: [LayerHierarchy{RequestedLayerState{ActivityRecord{199560672 u0 es.uniovi.recetasasturianas/.MainActivity t2386}#179565} 1 children}] RelativeParent to null
05-15 20:59:52.334  1808  1808 I SurfaceFlinger: [LayerHierarchy{RequestedLayerState{Task=1#172921 parentId=179599 z=4} 4 children}] reparent to LayerHierarchy{RequestedLayerState{Transition Root: Task=1#179599 parentId=172934} 1 children}
05-15 20:59:52.334  1808  1808 I SurfaceFlinger: [LayerHierarchy{RequestedLayerState{Task=2387#179582 parentId=179599 z=6} 1 children}] reparent to LayerHierarchy{RequestedLayerState{Transition Root: Task=1#179599 parentId=172934} 2 children}
05-15 20:59:52.334  1808  1899 I SurfaceFlinger: id=179600 createSurf, flag=24004, Task=2388#179600
05-15 20:59:52.335  1977  4243 I SemDvfsHyPerManager: acquire hyper - AMS_APP_SWITCH/1977@28, type = -999
05-15 20:59:52.336 20661 20726 I VRI[HomeActivity]@27ecfc4: mWNT: t=0xb400007df8d90f10 mBlastBufferQueue=0xb400007e28e46300 fn= 7 HdrRenderState mRenderHdrSdrRatio=1.0 caller= android.view.SyncRtSurfaceTransactionApplier.applyTransaction:100 android.view.SyncRtSurfaceTransactionApplier.lambda$scheduleApply$0:73 android.view.SyncRtSurfaceTransactionApplier.$r8$lambda$afI4fXg3U3-nBZQEDQMiNy-B06s:0
05-15 20:59:52.336  1632  1829 I HYPER-HAL: [RequestManager.cpp]acquire(): Acquired ID : 2011043  [1977 / 28]    HINT : AMS_APP_SWITCH    list :
05-15 20:59:52.336  1632  1829 I HYPER-HAL: [ResourceManager.cpp]updateResource(): [CPULittleMinFreq] UpdateResource Request ID : 2011043    Value : 1804800
05-15 20:59:52.337  5896  5896 I SemDvfsHyPerManager: acquire hyper - APP_START_SHORT/5896@15, type = -999
05-15 20:59:52.337  1808  1808 D SurfaceFlinger: Display 4630947232161729154 HWC layers:
05-15 20:59:52.337  1808  1808 D SurfaceFlinger:        DEVICE |           47510928231149 | 00000100 | RGBA_8888    |    0.0    0.0 1080.0 2340.0 |    0    0 1080 2340 | Wallpaper BBQ wrapper 7_systemlock#178730 (1)
05-15 20:59:52.337  1808  1808 D SurfaceFlinger:        DEVICE |           88738319307405 | 00002100 | RGBA_8888    |    0.0    0.0 1080.0 2340.0 |    0    0 1080 2340 | bitpit.launcher/bitpit.launcher.ui.HomeActivity$_20661#179594 (4)
05-15 20:59:52.337  1808  1808 D SurfaceFlinger:        DEVICE |           47510928230647 | 00002100 | RGBA_8888    |    0.0    0.0 1080.0   99.0 |    0    0 1080   99 | StatusBar$_11062#172976 (4142)
05-15 20:59:52.337  1808  1808 D SurfaceFlinger:        DEVICE |           47510928230672 | 00002100 | RGBA_8888    |    0.0    0.0 1080.0  144.0 |    0 2196 1080 2340 | NavigationBar0$_11062#172972 (357)
05-15 20:59:52.337  1808  1808 D SurfaceFlinger:        DEVICE |           27157078223661 | 00002100 | RGBA_8888    |    0.0   13.0  290.0  158.0 |  395    0  685  145 | $_6323#154529 (967)
05-15 20:59:52.337  1808  1808 D SurfaceFlinger:        DEVICE |           27157078223656 | 00002100 | RGBA_8888    |    0.0    0.0 1080.0  115.0 |    0    0 1080  115 | $_6323#177506 (652)
05-15 20:59:52.337  1808  1808 D SurfaceFlinger:        DEVICE |           4751092823063
05-15 20:59:52.337  1808  1808 D SurfaceFlinger: 8 | 00002140 | RGBA_8888    |    0.0    0.0 1080.0  121.0 |    0    0 1080  121 | ScreenDecorOverlay$_11062#172986 (67)
05-15 20:59:52.337  1808  1808 D SurfaceFlinger:        DEVICE |           47510928230639 | 00002140 | RGBA_8888    |    0.0    0.0 1080.0  121.0 |    0 2219 1080 2340 | ScreenDecorOverlayBottom$_11062#172987 (60)
05-15 20:59:52.337  1808  1808 D SurfaceFlinger:
05-15 20:59:52.338 11062 11118 I SurfaceControlRegistry: apply, t=FinishTransaction_SyncId<14582>, caller=android.view.SurfaceControl$Transaction.apply:3459 android.view.SurfaceControl$Transaction.apply:3447 android.view.SurfaceControl$Transaction.apply:3397 com.android.wm.shell.transition.Transitions.onFinish:315 com.android.wm.shell.transition.Transitions$$ExternalSyntheticLambda7.onTransitionFinished:12 com.android.wm.shell.transition.DefaultTransitionHandler$$ExternalSyntheticLambda6.run:36
05-15 20:59:52.339  1808  2497 I SurfaceFlinger: id=179601 createSurf, flag=84004, ActivityRecord{97786880 u0 es.uniovi.recetasasturianas/.MainActivity t2388}#179601
05-15 20:59:52.343  1632  1829 I HYPER-HAL: [ResourceManager.cpp]updateResource(): [CPUMinFreq] UpdateResource Request ID : 2011043    Value : 2841600
05-15 20:59:52.343  1632  1829 I HYPER-HAL: [RequestManager.cpp]acquire(): Acquired ID : 17472931  [5896 / 15]    HINT : APP_START    list : [TIMEOUT / 1500]
05-15 20:59:52.343  1632  1829 I HYPER-HAL: [ResourceManager.cpp]updateResource(): [CPUMaxFreq] UpdateResource Request ID : 17472931    Value : 2841600
05-15 20:59:52.343  1808  1808 I SurfaceFlinger: RequestedLayer [Task=2387#179582] hidden!! flag  from(0) --> to(1)
05-15 20:59:52.343  1808  1808 E SurfaceFlinger: alpha changed 0.000 -> 1.000 - Task=2387#179582
05-15 20:59:52.343  1808  1808 I SurfaceFlinger: [LayerHierarchy{RequestedLayerState{Task=1#172921 parentId=172934} 4 children}] reparent to LayerHierarchy{RequestedLayerState{DefaultTaskDisplayArea_d0#172934 parentId=9} 10 children}
05-15 20:59:52.343  1808  1808 I SurfaceFlinger: [LayerHierarchy{RequestedLayerState{WallpaperWindowToken{43888ef showWhenLocked=false}#178727 parentId=8} 1 children}] reparent to LayerHierarchy{RequestedLayerState{Leaf:1:1#8 parentId=7} 1 children}
05-15 20:59:52.343  1808  1808 I SurfaceFlinger: [LayerHierarchy{RequestedLayerState{Transition Root: Task=1#179599} 1 children}] reparent to OffscreenRoot
05-15 20:59:52.343  1808  1808 I SurfaceFlinger: [LayerHierarchy{RequestedLayerState{Transition Root: Task=1#179599} 1 children}] RelativeParent to null
05-15 20:59:52.343  1808  1808 I SurfaceFlinger: [LayerHierarchy{RequestedLayerState{Task=2387#179582 parentId=172934 z=7} 1 children}] reparent to LayerHierarchy{RequestedLayerState{DefaultTaskDisplayArea_d0#172934 parentId=9} 10 children}
05-15 20:59:52.343  1808  1808 I SurfaceFlinger: [Task=2388#179600] attach to parent LayerHierarchy{RequestedLayerState{DefaultTaskDisplayArea_d0#172934 parentId=9} 11 children}
05-15 20:59:52.343  1808  1808 I SurfaceFlinger: [ActivityRecord{97786880 u0 es.uniovi.recetasasturianas/.MainActivity t2388}#179601] attach to parent LayerHierarchy{RequestedLayerState{Task=2388#179600 parentId=172934} 1 children}
05-15 20:59:52.343 20661 20727 I VRI[HomeActivity]@27ecfc4: mWNT: t=0xb400007df8dd1790 mBlastBufferQueue=0xb400007e28e46300 fn= 8 HdrRenderState mRenderHdrSdrRatio=1.0 caller= android.view.SyncRtSurfaceTransactionApplier.applyTransaction:100 android.view.SyncRtSurfaceTransactionApplier.lambda$scheduleApply$0:73 android.view.SyncRtSurfaceTransactionApplier.$r8$lambda$afI4fXg3U3-nBZQEDQMiNy-B06s:0
05-15 20:59:52.344  1977  3573 I SemDvfsHyPerManager: acquire hyper - AMS_APP_LAUNCH/1977@21, type = -999
05-15 20:59:52.344  1632  1829 I HYPER-HAL: [RequestManager.cpp]acquire(): Acquired ID : 1997022  [1977 / 21]    HINT : AMS_APP_LAUNCH    list :
05-15 20:59:52.344  1632  1829 I HYPER-HAL: [ResourceManager.cpp]updateResource(): [CPULittleMinFreq] UpdateResource Request ID : 1997022    Value : 1804800
05-15 20:59:52.345  1632  1829 I HYPER-HAL: [ResourceManager.cpp]updateResource(): [CPUMinFreq] UpdateResource Request ID : 1997022    Value : 2841600
05-15 20:59:52.345  4301  4301 E pageboostd: Received HALT command code 2
05-15 20:59:52.345  1977  3573 D InputDispatcher: Focus entered window (0): c5a06c0 bitpit.launcher/bitpit.launcher.ui.HomeActivity
05-15 20:59:52.345  5896  5896 I SemDvfsHyPerManager: acquire hyper - APP_START/5896@17, type = -999
05-15 20:59:52.345  1808  2497 I SurfaceFlinger: id=179602 createSurf, flag=24000, Surface(name=2d4aba es.uniovi.recetasasturianas.test/androidx.test.core.app.InstrumentationActivityInvoker$EmptyActivity)/@0x8620c4 - animation-leash of starting_reveal#179602
05-15 20:59:52.345  1632  1829 I HYPER-HAL: [RequestManager.cpp]acquire(): Acquired ID : 17484758  [5896 / 17]    HINT : APP_START    list :
05-15 20:59:52.346  1632  1829 I HYPER-HAL: [ResourceManager.cpp]updateResource(): [CPUMaxFreq] UpdateResource Request ID : 17484758    Value : 2841600
05-15 20:59:52.348  1808  2497 I SurfaceFlinger: id=179565 Removed ActivityRecord{199560672 u0 es.uniovi.recetasasturianas/.MainActivity t2386}#179565 (172)
05-15 20:59:52.348  1977  4019 D PersonaActivityHelper: token.toString()  Token{788f420 ActivityRecord{141197492 u0 es.uniovi.recetasasturianas.test/androidx.test.core.app.InstrumentationActivityInvoker$EmptyActivity t2387 f}}}
05-15 20:59:52.348  1977  4019 D PersonaActivityHelper: mLastResumedSFActivity getPackageName  com.android.settings
05-15 20:59:52.348  1977  4019 D PersonaActivityHelper: mLastResumedSFActivity getShortClassName  .fuelgauge.RequestIgnoreBatteryOptimizations
05-15 20:59:52.348  1977  4019 D PersonaActivityHelper: token.toString()  Token{d2d617a ActivityRecord{148716444 u0 bitpit.launcher/.ui.HomeActivity t1351}}
05-15 20:59:52.348  1977  4019 D PersonaActivityHelper: mLastResumedSFActivity getPackageName  com.android.settings
05-15 20:59:52.348  1977  4019 D PersonaActivityHelper: mLastResumedSFActivity getShortClassName  .fuelgauge.RequestIgnoreBatteryOptimizations
05-15 20:59:52.348  1977  4019 D PersonaActivityHelper: token.toString()  Token{6e7875e ActivityRecord{199560672 u0 es.uniovi.recetasasturianas/.MainActivity t-1 f}}}
05-15 20:59:52.348  1977  4019 D PersonaActivityHelper: mLastResumedSFActivity getPackageName  com.android.settings
05-15 20:59:52.348  1977  4019 D PersonaActivityHelper: mLastResumedSFActivity getShortClassName  .fuelgauge.RequestIgnoreBatteryOptimizations
05-15 20:59:52.349 24267 24267 I VRI[InstrumentationActivityInvoker$EmptyActivity]@49c39ce: handleAppVisibility mAppVisible = true visible = false
05-15 20:59:52.349 24267 24267 D VRI[InstrumentationActivityInvoker$EmptyActivity]@49c39ce: visibilityChanged oldVisibility=true newVisibility=false
05-15 20:59:52.349 11062 11118 D ShellDesktopMode: handleRequest: TransitionRequestInfo {type=1, tid=2388, debugId=14583}
05-15 20:59:52.350 11062 11138 D ViewRootImpl: desktopMode is false
05-15 20:59:52.350 11062 11138 I ViewRootImpl: dVRR is disabled
05-15 20:59:52.350 11062 11227 D NativeCustomFrequencyManager: [NativeCFMS] BpCustomFrequencyManager::BpCustomFrequencyManager()
05-15 20:59:52.351  1808  1808 I SurfaceFlinger: [Display 0 name="Built-in Screen"#172933] setFrameRateCategory: Default
05-15 20:59:52.351  1808  1808 I SurfaceFlinger: destroyed ActivityRecord{199560672 u0 es.uniovi.recetasasturianas/.MainActivity t2386}#179565 form LifecycleManager
05-15 20:59:52.351  1808  1808 I SurfaceFlinger: destroyed 872bfe3 ActivityRecordInputSink es.uniovi.recetasasturianas/.MainActivity#179571 form LifecycleManager
05-15 20:59:52.351  1808  1808 I SurfaceFlinger: [Surface(name=2d4aba es.uniovi.recetasasturianas.test/androidx.test.core.app.InstrumentationActivityInvoker$EmptyActivity)/@0x8620c4 - animation-leash of starting_reveal#179602] attach to parent LayerHierarchy{RequestedLayerState{ActivityRecord{141197492 u0 es.uniovi.recetasasturianas.test/androidx.test.core.app.InstrumentationActivityInvoker$EmptyActivity t2387}#179583 parentId=179582} 4 children}
05-15 20:59:52.352  1808  1808 I SurfaceFlinger: [LayerHierarchy{RequestedLayerState{Transition Root: Task=1#179599} no children}] reparent to OffscreenRoot
05-15 20:59:52.352  1808  1808 I SurfaceFlinger: [LayerHierarchy{RequestedLayerState{Transition Root: Task=1#179599} no children}] RelativeParent to null
05-15 20:59:52.352  1808  1808 I SurfaceFlinger: id=179565 onLayerDestroyed from LayerHierarchyBuilder(RequestedLayerState{ActivityRecord{199560672 u0 es.uniovi.recetasasturianas/.MainActivity t2386}#179565 !handle})
05-15 20:59:52.352  1808  1808 I SurfaceFlinger: id=179571 onLayerDestroyed from LayerHierarchyBuilder(RequestedLayerState{872bfe3 ActivityRecordInputSink es.uniovi.recetasasturianas/.MainActivity#179571 !handle z=-2147483648})
05-15 20:59:52.352 11062 11118 D ShellTaskOrganizer: removeStartingWindow, removalInfo=StartingWindowRemovalInfo{taskId=2387 frame=Rect(0, 0 - 1080, 2340) playRevealAnimation=true roundedCornerRadius=0.0 deferRemoveMode=0 windowlessSurface=false removeImmediately=false}
05-15 20:59:52.352  1977  8796 D InputTransport: Input channel constructed: 'a26c45c', fd=1130
05-15 20:59:52.352  1977  8796 D InputTransport: Input channel constructed: 'a26c45c', fd=1134
05-15 20:59:52.352  1977  8796 D InputTransport: Input channel constructed: 'a26c45c', fd=1139
05-15 20:59:52.352  1977  8796 D InputTransport: Input channel destroyed: 'a26c45c', fd=1134
05-15 20:59:52.352  1808  1808 I Layer   : id=179565 Destroyed ActivityRecord{199560672 u0 es.uniovi.recetasasturianas/.MainActivity t2386}#179565
05-15 20:59:52.352  1808  1808 I Layer   : id=179571 Destroyed 872bfe3 ActivityRecordInputSink es.uniovi.recetasasturianas/.MainActivity#179571
05-15 20:59:52.352  1808  1808 I SurfaceFlinger: id=179599 Removed Transition Root: Task=1#179599 (170)
05-15 20:59:52.352  1808  2497 I SurfaceFlinger: id=179603 createSurf, flag=84004, a26c45c Splash Screen es.uniovi.recetasasturianas#179603
05-15 20:59:52.352  1808  1808 E RefreshRateSelector: Can't find HRR max refresh rate by policy with the same group 1080
05-15 20:59:52.354  1977  8796 D InputTransport: Input channel destroyed: 'a26c45c', fd=1139
05-15 20:59:52.354 11062 11138 D InputTransport: Input channel constructed: 'a26c45c', fd=443
05-15 20:59:52.355 11062 11138 I InsetsController: onStateChanged: host=Splash Screen es.uniovi.recetasasturianas, from=android.view.ViewRootImpl.onInsetsStateChanged:3026, state=InsetsState: {mDisplayFrame=Rect(0, 0 - 1080, 2340), mDisplayCutout=DisplayCutout{insets=Rect(0, 99 - 0, 0) waterfall=Insets{left=0, top=0, right=0, bottom=0} boundingRect={Bounds=[Rect(0, 0 - 0, 0), Rect(505, 0 - 575, 99), Rect(0, 0 - 0, 0), Rect(0, 0 - 0, 0)]} cutoutPathParserInfo={CutoutPathParserInfo{displayWidth=1080 displayHeight=2340 physicalDisplayWidth=1080 physicalDisplayHeight=2340 density={3.0} cutoutSpec={M 0,0 M 0,29 a 35,35 0 1,0 0,70 a 35,35 0 1,0 0,-70 Z} rotation={0} scale={1.0} physicalPixelDisplaySizeRatio={1.0}}} sideOverrides={}}, mRoundedCorners=RoundedCorners{[RoundedCorner{position=TopLeft, radius=108, center=Point(108, 108)}, RoundedCorner{position=TopRight, radius=108, center=Point(972, 108)}, RoundedCorner{position=BottomRight, radius=108, center=Point(972, 2232)}, RoundedCorner{position=BottomLeft, radius=108, center=Point(108, 2232)}]}  mRoundedCornerFrame=Rect(0, 0 - 1080, 2340), mPrivacyIndicatorBounds=PrivacyIndicatorBounds {static bounds=Rect(948, 0 - 1080, 99) rotation=0}, mDisplayShape=DisplayShape{ spec=-311912193 displayWidth=1080 displayHeight=2340 physicalPixelDisplaySizeRatio=1.0 rotation=0 offsetX=0 offsetY=0 scale=1.0}, mSources= { InsetsSource: {b73a0001 mType=navigationBars mFrame=[0,0][0,0] mVisible=true mFlags=SUPPRESS_SCRIM mSideHint=NONE mBoundingRects=null}, InsetsSource: {b73a0004 mType=systemGestures mFrame=[0,0][90,2340] mVisible=true mFlags= mSideHint=LEFT mBoundingRects=null}, InsetsSource: {b73a0005 mType=mandatorySystemGestures mFrame=[0,2265][1080,2340] mVisible=true mFlags= mSideHint=BOTTOM mBoundingRects=null}, InsetsSource: {b73a0006 mType=tappableElement mFrame=[0,0][0,0] mVisible=true mFlags= mSideHint=NONE mBoundingRects=null}, InsetsSource: {b73a0024 mType=systemGestures mFrame=[990,0][1080,2340] mVisible=true mFlags= mSideHint=RIGHT mBoundingRects=null}, InsetsSource: {27 mType=displayCutout mFrame=[0,0][1080,99] mVisible=true mFlags= mSideHint=TOP mBoundingRects=null}, InsetsSource: {9260000 mType=statusBars mFrame=[0,0][1080,99] mVisible=false mFlags= mSideHint=TOP mBoundingRects=null}, InsetsSource: {9260005 mType=mandatorySystemGestures mFrame=[0,0][1080,135] mVisible=true mFlags= mSideHint=TOP mBoundingRects=null}, InsetsSource: {9260006 mType=tappableElement mFrame=[0,0][1080,99] mVisible=true mFlags= mSideHint=TOP mBoundingRects=null} }
05-15 20:59:52.355 11062 11138 I VRI[recetasasturianas]@d3c7de5: onActiveControlsChanged, removed=false, mAdded=true, caller=android.view.ViewRootImpl.handleInsetsControlChanged:3002 android.view.ViewRootImpl.setView:2014 android.view.WindowManagerGlobal.addView:604 com.android.wm.shell.startingsurface.SplashscreenWindowCreator.addWindow:38 com.android.wm.shell.startingsurface.StartingWindowController$$ExternalSyntheticLambda4.run:1365
05-15 20:59:52.355 11062 11138 I VRI[recetasasturianas]@d3c7de5: synced displayState. AttachInfo displayState=2
05-15 20:59:52.355 24267 24288 D HWUI    : CacheManager::trimMemory(20)
05-15 20:59:52.357  1977  2834 D InputDispatcher: Focused application(0): ActivityRecord{97786880 u0 es.uniovi.recetasasturianas/.MainActivity t2388}
05-15 20:59:52.359  1977  2834 D SurfaceComposerClient: setCornerRadius ## a26c45c Splash Screen es.uniovi.recetasasturianas#179603 cornerRadius=0.000000
05-15 20:59:52.359  1977  4019 D GraphicsStatsService: requestRenderEngineFor(es.uniovi.recetasasturianas)
05-15 20:59:52.359  1977  2834 D SurfaceComposerClient: setCornerRadius ## a26c45c Splash Screen es.uniovi.recetasasturianas#179603 cornerRadius=0.000000
05-15 20:59:52.360  1808  1808 I SurfaceFlinger: [Display 0 name="Built-in Screen"#172933] setFrameRateCategory: High
05-15 20:59:52.360  1808  1808 I SurfaceFlinger: destroyed Transition Root: Task=1#179599 form LifecycleManager
05-15 20:59:52.360  1808  1808 I SurfaceFlinger: [a26c45c Splash Screen es.uniovi.recetasasturianas#179603] attach to parent LayerHierarchy{RequestedLayerState{ActivityRecord{97786880 u0 es.uniovi.recetasasturianas/.MainActivity t2388}#179601 parentId=179600} 1 children}
05-15 20:59:52.360  1808  1808 I SurfaceFlinger: id=179599 onLayerDestroyed from LayerHierarchyBuilder(RequestedLayerState{Transition Root: Task=1#179599 !handle})
05-15 20:59:52.361  1808  1808 I Layer   : id=179599 Destroyed Transition Root: Task=1#179599
05-15 20:59:52.362 20661 20726 I VRI[HomeActivity]@27ecfc4: mWNT: t=0xb400007df8dedb10 mBlastBufferQueue=0xb400007e28e46300 fn= 9 HdrRenderState mRenderHdrSdrRatio=1.0 caller= android.view.SyncRtSurfaceTransactionApplier.applyTransaction:100 android.view.SyncRtSurfaceTransactionApplier.lambda$scheduleApply$0:73 android.view.SyncRtSurfaceTransactionApplier.$r8$lambda$afI4fXg3U3-nBZQEDQMiNy-B06s:0
05-15 20:59:52.362  1977  8796 I WindowManager: Relayout Window{2d4aba u0 es.uniovi.recetasasturianas.test/androidx.test.core.app.InstrumentationActivityInvoker$EmptyActivity}: viewVisibility=8 req=1080x2340 ty=1 d0
05-15 20:59:52.362  1977  3186 D AS.MultiSoundManager: mForegroundUid = 10625
05-15 20:59:52.362  1977  8796 D SurfaceComposerClient: setCornerRadius ## a26c45c Splash Screen es.uniovi.recetasasturianas#179603 cornerRadius=0.000000
05-15 20:59:52.363  1977  8796 I WindowManager: Relayout hash=2d4aba, pid=24267, syncId=-1: mAttrs={(0,0)(fillxfill) sim={adjust=pan forwardNavigation} layoutInDisplayCutoutMode=always ty=BASE_APPLICATION
05-15 20:59:52.363  1977  8796 I WindowManager:   fl=81810100
05-15 20:59:52.363  1977  8796 I WindowManager:   pfl=100088c0
05-15 20:59:52.363  1977  8796 I WindowManager:   bhv=1
05-15 20:59:52.363  1977  8796 I WindowManager:   fitSides=0
05-15 20:59:52.363  1977  8796 I WindowManager:   frameRateBoostOnTouch=true
05-15 20:59:52.363  1977  8796 I WindowManager:   dvrrWindowFrameRateHint=true naviIconColor=0}
05-15 20:59:52.363 20661 20661 D VRI[HomeActivity]@27ecfc4: mThreadedRenderer.initializeIfNeeded()#2 mSurface={isValid=true 0xb400007de8db6290}
05-15 20:59:52.364 20661 20661 D InputMethodManagerUtils: startInputInner - Id : 0
05-15 20:59:52.364 20661 20661 I InputMethodManager: startInputInner - IInputMethodManagerGlobalInvoker.startInputOrWindowGainedFocus
05-15 20:59:52.364  1977  2141 I ImeTracker: system_server:fe8410a2: onCancelled at PHASE_SERVER_SHOULD_HIDE
05-15 20:59:52.365 11062 11138 I VRI[recetasasturianas]@d3c7de5: setView = android.widget.FrameLayout@80e56c8 IsHRR=false mFlingFrameRateChange=0 TM=true
05-15 20:59:52.365 24090 24090 D LifecycleMonitor: Lifecycle status change: es.uniovi.recetasasturianas.MainActivity@85f40da in: PRE_ON_CREATE
05-15 20:59:52.365 24090 24090 V ActivityScenario: Activity lifecycle changed event received but ignored because the reported transition was not ON_CREATE while the last known transition was PRE_ON_CREATE
05-15 20:59:52.365 11062 11227 D HWUI    : HWUI - treat SMPTE_170M as sRGB
05-15 20:59:52.367  1977  6941 I WindowManager: Relayout Window{a26c45c u0 Splash Screen es.uniovi.recetasasturianas}: viewVisibility=0 req=1080x2340 ty=3 d0
05-15 20:59:52.367  1808  1899 I SurfaceFlinger: id=179604 createSurf, flag=44004, Splash Screen es.uniovi.recetasasturianas$_11062#179604
05-15 20:59:52.367 24267 24267 I VRI[InstrumentationActivityInvoker$EmptyActivity]@49c39ce: Relayout returned: old=(0,0,1080,2340) new=(0,0,1080,2340) relayoutAsync=false req=(1080,2340)8 dur=10 res=0x2 s={false 0x0} ch=true seqId=0
05-15 20:59:52.368 24267 24267 D VRI[InstrumentationActivityInvoker$EmptyActivity]@49c39ce: Not drawing due to not visible. Reason=!mAppVisible && !mForceDecorViewVisibility
05-15 20:59:52.369  1977  6941 D SurfaceComposerClient: setCornerRadius ## a26c45c Splash Screen es.uniovi.recetasasturianas#179603 cornerRadius=0.000000
05-15 20:59:52.369  1977  6941 D SurfaceComposerClient: setCornerRadius ## a26c45c Splash Screen es.uniovi.recetasasturianas#179603 cornerRadius=0.000000
05-15 20:59:52.369  1808  1808 I SurfaceFlinger: RequestedLayer [ActivityRecord{141197492 u0 es.uniov[...]yInvoker$EmptyActivity t2387}#179583] hidden!! flag  from(0) --> to(1)
05-15 20:59:52.369  4195  4195 I HoneySpace.TaskStackChangeRepositoryImpl: onTaskRemoved : 2386
05-15 20:59:52.369  1808  1808 I SurfaceFlinger: RequestedLayer [es.uniovi.recetasasturianas.test/and[...]yInvoker$EmptyActivity$_24267#179587] hidden!! flag  from(0) --> to(1)
05-15 20:59:52.369  1808  1808 I SurfaceFlinger: RequestedLayer [Splash Screen es.uniovi.recetasasturianas.test$_11062#179585] hidden!! flag  from(0) --> to(1)
05-15 20:59:52.369  1808  1808 I SurfaceFlinger: [LayerHierarchy{RequestedLayerState{2d4aba es.uniovi.recetasasturianas.test/androidx.test.core.app.InstrumentationActivityInvoker$EmptyActivity#179586 parentId=179602} 1 children}] reparent to LayerHierarchy{RequestedLayerState{Surface(name=2d4aba es.uniovi.recetasasturianas.test/androidx.test.core.app.InstrumentationActivityInvoker$EmptyActivity)/@0x8620c4 - animation-leash of starting_reveal#179602 parentId=179583} 1 children}
05-15 20:59:52.369  4195  4195 I HoneySpace.TaskStackChangeRepositoryImpl: onTaskRemoved : 2386
05-15 20:59:52.369  1808  1808 I SurfaceFlinger: [Splash Screen es.uniovi.recetasasturianas$_11062#179604] attach to parent LayerHierarchy{RequestedLayerState{a26c45c Splash Screen es.uniovi.recetasasturianas#179603 parentId=179601} 1 children}
05-15 20:59:52.369  4195  4401 I HoneySpace.TopTaskSource: onTaskRemoved: 2386
05-15 20:59:52.370  1977  6941 I WindowManager: Relayout hash=a26c45c, pid=11062, syncId=-1: mAttrs={(0,0)(fillxfill) sim={adjust=pan} layoutInDisplayCutoutMode=always ty=APPLICATION_STARTING fmt=TRANSLUCENT wanim=0x1030317
05-15 20:59:52.370  1977  6941 I WindowManager:   fl=81030118
05-15 20:59:52.370  1977  6941 I WindowManager:   pfl=10000810
05-15 20:59:52.370  1977  6941 I WindowManager:   bhv=1
05-15 20:59:52.370  1977  6941 I WindowManager:   fitSides=0
05-15 20:59:52.370  1977  6941 I WindowManager:   frameRateBoostOnTouch=true
05-15 20:59:52.370  1977  6941 I WindowManager:   dvrrWindowFrameRateHint=true naviIconColor=0}
05-15 20:59:52.370  4195  4195 I HoneySpace.TaskListViewModel[264452461]: taskRemoveId, 2386
05-15 20:59:52.370 12633 21222 I Routine@Core[4.9.04.16]: ActivityWatcherListenerImpl: onStopComponent: componentName - es.uniovi.recetasasturianas, userId: 0
05-15 20:59:52.370  4195  4195 W HoneySpace.TaskListViewModel[264452461]: task is already removed: 2386
05-15 20:59:52.370  4195  4195 I HoneySpace.TaskListViewModel[264452461]: taskRemoveId, 2386
05-15 20:59:52.370  4195  4195 W HoneySpace.TaskListViewModel[264452461]: task is already removed: 2386
05-15 20:59:52.371  4195  4401 I HoneySpace.TopTaskSource: onTaskRemoved: 2386
05-15 20:59:52.371 12633 21222 I Routine@Core[4.9.04.16]: Pref: putSharedPrefsData: key=condition_launch_app_data_resume_pkg, data.size=49
05-15 20:59:52.372 11062 11138 I InsetsController: onStateChanged: host=Splash Screen es.uniovi.recetasasturianas, from=android.view.ViewRootImpl.onInsetsStateChanged:3026, state=InsetsState: {mDisplayFrame=Rect(0, 0 - 1080, 2340), mDisplayCutout=DisplayCutout{insets=Rect(0, 99 - 0, 0) waterfall=Insets{left=0, top=0, right=0, bottom=0} boundingRect={Bounds=[Rect(0, 0 - 0, 0), Rect(505, 0 - 575, 99), Rect(0, 0 - 0, 0), Rect(0, 0 - 0, 0)]} cutoutPathParserInfo={CutoutPathParserInfo{displayWidth=1080 displayHeight=2340 physicalDisplayWidth=1080 physicalDisplayHeight=2340 density={3.0} cutoutSpec={M 0,0 M 0,29 a 35,35 0 1,0 0,70 a 35,35 0 1,0 0,-70 Z} rotation={0} scale={1.0} physicalPixelDisplaySizeRatio={1.0}}} sideOverrides={}}, mRoundedCorners=RoundedCorners{[RoundedCorner{position=TopLeft, radius=108, center=Point(108, 108)}, RoundedCorner{position=TopRight, radius=108, center=Point(972, 108)}, RoundedCorner{position=BottomRight, radius=108, center=Point(972, 2232)}, RoundedCorner{position=BottomLeft, radius=108, center=Point(108, 2232)}]}  mRoundedCornerFrame=Rect(0, 0 - 1080, 2340), mPrivacyIndicatorBounds=PrivacyIndicatorBounds {static bounds=Rect(948, 0 - 1080, 99) rotation=0}, mDisplayShape=DisplayShape{ spec=-311912193 displayWidth=1080 displayHeight=2340 physicalPixelDisplaySizeRatio=1.0 rotation=0 offsetX=0 offsetY=0 scale=1.0}, mSources= { InsetsSource: {b73a0001 mType=navigationBars mFrame=[0,0][0,0] mVisible=true mFlags=SUPPRESS_SCRIM mSideHint=NONE mBoundingRects=null}, InsetsSource: {b73a0004 mType=systemGestures mFrame=[0,0][90,2340] mVisible=true mFlags= mSideHint=LEFT mBoundingRects=null}, InsetsSource: {b73a0005 mType=mandatorySystemGestures mFrame=[0,2265][1080,2340] mVisible=true mFlags= mSideHint=BOTTOM mBoundingRects=null}, InsetsSource: {b73a0006 mType=tappableElement mFrame=[0,0][0,0] mVisible=true mFlags= mSideHint=NONE mBoundingRects=null}, InsetsSource: {b73a0024 mType=systemGestures mFrame=[990,0][1080,2340] mVisible=true mFlags= mSideHint=RIGHT mBoundingRects=null}, InsetsSource: {3 mType=ime mFrame=[0,0][0,0] mVisible=false mFlags= mSideHint=NONE mBoundingRects=null}, InsetsSource: {27 mType=displayCutout mFrame=[0,0][1080,99] mVisible=true mFlags= mSideHint=TOP mBoundingRects=null}, InsetsSource: {9260000 mType=statusBars mFrame=[0,0][1080,99] mVisible=false mFlags= mSideHint=TOP mBoundingRects=null}, InsetsSource: {9260005 mType=mandatorySystemGestures mFrame=[0,0][1080,135] mVisible=true mFlags= mSideHint=TOP mBoundingRects=null}, InsetsSource: {9260006 mType=tappableElement mFrame=[0,0][1080,99] mVisible=true mFlags= mSideHint=TOP mBoundingRects=null} }
05-15 20:59:52.372  1808  1808 I BpBinder: onLastStrongRef automatically unlinking death recipients:
05-15 20:59:52.372 11062 11138 I VRI[recetasasturianas]@d3c7de5: onActiveControlsChanged, removed=false, mAdded=true, caller=android.view.ViewRootImpl.handleInsetsControlChanged:3002 android.view.ViewRootImpl.relayoutWindow:11629 android.view.ViewRootImpl.performTraversals:4804 android.view.ViewRootImpl.doTraversal:3924 android.view.ViewRootImpl$TraversalRunnable.run:12903
05-15 20:59:52.372 24267 24267 I VRI[InstrumentationActivityInvoker$EmptyActivity]@49c39ce: stopped(true) old = false
05-15 20:59:52.373 24267 24267 D VRI[InstrumentationActivityInvoker$EmptyActivity]@49c39ce: WindowStopped on es.uniovi.recetasasturianas.test/androidx.test.core.app.InstrumentationActivityInvoker$EmptyActivity set to true
05-15 20:59:52.373  1977  2134 D PkgPredictorService-SecIpmManagerServiceImpl: onForegroundActivitiesChanged pid:24090 uid:10625
05-15 20:59:52.373 24267 24288 D HWUI    : CacheManager::trimMemory(20)
05-15 20:59:52.373 11062 11138 W libc    : Access denied finding property "vendor.display.enable_optimal_refresh_rate"
05-15 20:59:52.373 11062 11138 I BufferQueueProducer: [](id:2b3600000146,api:0,p:1222335856,c:11062) setDequeueTimeout:2077252342
05-15 20:59:52.373 11062 11138 I BLASTBufferQueue_Java: new BLASTBufferQueue, mName= VRI[recetasasturianas]@d3c7de5 mNativeObject= 0xb400007e29018000 caller= android.view.ViewRootImpl.updateBlastSurfaceIfNeeded:3585 android.view.ViewRootImpl.relayoutWindow:11685 android.view.ViewRootImpl.performTraversals:4804 android.view.ViewRootImpl.doTraversal:3924 android.view.ViewRootImpl$TraversalRunnable.run:12903 android.view.Choreographer$CallbackRecord.run:1901 android.view.Choreographer$CallbackRecord.run:1910 android.view.Choreographer.doCallbacks:1367 android.view.Choreographer.doFrame:1292 android.view.Choreographer$FrameDisplayEventReceiver.run:1870
05-15 20:59:52.374 11062 11138 I BLASTBufferQueue_Java: update, w= 1080 h= 2340 mName = VRI[recetasasturianas]@d3c7de5 mNativeObject= 0xb400007e29018000 sc.mNativeObject= 0xb400007ea8d81b90 format= -3 caller= android.view.ViewRootImpl.updateBlastSurfaceIfNeeded:3590 android.view.ViewRootImpl.relayoutWindow:11685 android.view.ViewRootImpl.performTraversals:4804 android.view.ViewRootImpl.doTraversal:3924 android.view.ViewRootImpl$TraversalRunnable.run:12903 android.view.Choreographer$CallbackRecord.run:1901
05-15 20:59:52.374 11062 11138 W libc    : Access denied finding property "vendor.display.enable_optimal_refresh_rate"
05-15 20:59:52.375 11062 11138 I VRI[recetasasturianas]@d3c7de5: Relayout returned: old=(0,0,1080,2340) new=(0,0,1080,2340) relayoutAsync=false req=(1080,2340)0 dur=5 res=0x3 s={true 0xb400007de8f25190} ch=true seqId=0
05-15 20:59:52.376 11062 11138 I VRI[recetasasturianas]@d3c7de5: performConfigurationChange setNightDimText nightDimLevel=0
05-15 20:59:52.376 24267 24267 W WindowOnBackDispatcher: sendCancelIfRunning: isInProgress=false callback=android.view.ViewRootImpl$$ExternalSyntheticLambda16@44624da
05-15 20:59:52.377 11062 11138 D VRI[recetasasturianas]@d3c7de5: mThreadedRenderer.initialize() mSurface={isValid=true 0xb400007de8f25190} hwInitialized=true
