05-15 20:59:47.434 24090 24138 I TestRunner: started: appTitle_isDisplayed(es.uniovi.recetasasturianas.NavigationTest)
05-15 20:59:47.435 24267 24267 E BufferQueueProducer: Unable to open libpenguin.so: dlopen failed: library "libpenguin.so" not found.
05-15 20:59:47.435 24267 24267 E asturianas.test: Unable to open libpenguin.so: dlopen failed: library "libpenguin.so" not found.
05-15 20:59:47.435 24267 24267 W libc    : Access denied finding property "vendor.display.enable_optimal_refresh_rate"
05-15 20:59:47.435 24267 24267 I BufferQueueProducer: [](id:5ecb00000000,api:0,p:1221820144,c:24267) setDequeueTimeout:2077252342
05-15 20:59:47.436 24267 24267 I BLASTBufferQueue_Java: new BLASTBufferQueue, mName= VRI[InstrumentationActivityInvoker$EmptyActivity]@d5e9311 mNativeObject= 0xb400007e28d67520 caller= android.view.ViewRootImpl.updateBlastSurfaceIfNeeded:3585 android.view.ViewRootImpl.relayoutWindow:11685 android.view.ViewRootImpl.performTraversals:4804 android.view.ViewRootImpl.doTraversal:3924 android.view.ViewRootImpl$TraversalRunnable.run:12903 android.view.Choreographer$CallbackRecord.run:1901 android.view.Choreographer$CallbackRecord.run:1910 android.view.Choreographer.doCallbacks:1367 android.view.Choreographer.doFrame:1292 android.view.Choreographer$FrameDisplayEventReceiver.run:1870
05-15 20:59:47.436 24267 24267 I BLASTBufferQueue_Java: update, w= 1080 h= 2340 mName = VRI[InstrumentationActivityInvoker$EmptyActivity]@d5e9311 mNativeObject= 0xb400007e28d67520 sc.mNativeObject= 0xb400007ea8d1c0d0 format= -1 caller= android.view.ViewRootImpl.updateBlastSurfaceIfNeeded:3590 android.view.ViewRootImpl.relayoutWindow:11685 android.view.ViewRootImpl.performTraversals:4804 android.view.ViewRootImpl.doTraversal:3924 android.view.ViewRootImpl$TraversalRunnable.run:12903 android.view.Choreographer$CallbackRecord.run:1901
05-15 20:59:47.436  1808  1808 I SurfaceFlinger: RequestedLayer [Surface(name=35023c1 InputMethod)/@0[...]ion-leash of insets_animation#179420] hidden!! flag  from(1) --> to(0)
05-15 20:59:47.436  1808  1808 E SurfaceFlinger: alpha changed 1.000 -> 0.000 - Surface(name=35023c1 InputMethod)/@0x1087f31 - animation-leash of insets_animation#179420
05-15 20:59:47.436  1808  1808 I SurfaceFlinger: [Display 0 name="Built-in Screen"#172933] setFrameRateCategory: High
05-15 20:59:47.436  1808  1808 I SurfaceFlinger: [LayerHierarchy{RequestedLayerState{35023c1 InputMethod#146668 parentId=179420} no children}] reparent to LayerHierarchy{RequestedLayerState{Surface(name=35023c1 InputMethod)/@0x1087f31 - animation-leash of insets_animation#179420 parentId=146663} 1 children}
05-15 20:59:47.436  1808  1808 I SurfaceFlinger: [LayerHierarchy{RequestedLayerState{Surface(name=35023c1 InputMethod)/@0x1087f31 - animation-leash of insets_animation#179410} no children}] reparent to OffscreenRoot
05-15 20:59:47.436  1808  1808 I SurfaceFlinger: [LayerHierarchy{RequestedLayerState{Surface(name=35023c1 InputMethod)/@0x1087f31 - animation-leash of insets_animation#179410} no children}] RelativeParent to null
05-15 20:59:47.437  1808  1808 I SurfaceFlinger: [LayerHierarchy{RequestedLayerState{21e4a73 es.uniovi.recetasasturianas/es.uniovi.recetasasturianas.MainActivity#179405} 1 children}] reparent to OffscreenRoot
05-15 20:59:47.437  1808  1808 I SurfaceFlinger: [LayerHierarchy{RequestedLayerState{21e4a73 es.uniovi.recetasasturianas/es.uniovi.recetasasturianas.MainActivity#179405} 1 children}] RelativeParent to null
05-15 20:59:47.437  1808  1808 I SurfaceFlinger: [LayerHierarchy{RequestedLayerState{es.uniovi.recetasasturianas/es.uniovi.recetasasturianas.MainActivity$_24090#179406} no children}] reparent to OffscreenRoot
05-15 20:59:47.437  1808  1808 I SurfaceFlinger: [LayerHierarchy{RequestedLayerState{es.uniovi.recetasasturianas/es.uniovi.recetasasturianas.MainActivity$_24090#179406} no children}] RelativeParent to null
05-15 20:59:47.437  1808  1808 I SurfaceFlinger: [Surface(name=35023c1 InputMethod)/@0x1087f31 - animation-leash of insets_animation#179420] attach to parent LayerHierarchy{RequestedLayerState{WindowToken{21e384e type=2011 android.os.Binder@4717749}#146663 parentId=15} 1 children}
05-15 20:59:47.437  1808  1808 I SurfaceFlinger: [es.uniovi.recetasasturianas.test/androidx.test.core.app.InstrumentationActivityInvoker$EmptyActivity$_24267#179421] attach to parent LayerHierarchy{RequestedLayerState{830adf4 es.uniovi.recetasasturianas.test/androidx.test.core.app.InstrumentationActivityInvoker$EmptyActivity#179419 parentId=179412} 1 children}
05-15 20:59:47.437 12633 17431 I Routine@Core[4.9.04.16]: ActivityWatcherListenerImpl: onStopComponent: componentName - es.uniovi.recetasasturianas, userId: 0
05-15 20:59:47.437  1808  1808 I SurfaceFlinger: [Task=2376#179422] attach to parent Root
05-15 20:59:47.437 24267 24267 W libc    : Access denied finding property "vendor.display.enable_optimal_refresh_rate"
05-15 20:59:47.437  1808  2497 W ServiceManagerCppClient: Permission failure: android.permission.ACCESS_SURFACE_FLINGER from uid=10626 pid=0
05-15 20:59:47.437  1808  2497 D PermissionCache: checking android.permission.ACCESS_SURFACE_FLINGER for uid=10626 => denied (245 us)
05-15 20:59:47.437 24267 24267 I VRI[InstrumentationActivityInvoker$EmptyActivity]@d5e9311: Relayout returned: old=(0,0,1080,2340) new=(0,0,1080,2340) relayoutAsync=false req=(1080,2340)0 dur=8 res=0x3 s={true 0xb400007de8d26860} ch=true seqId=0
05-15 20:59:47.437  1808  2497 W ServiceManagerCppClient: Permission failure: android.permission.ROTATE_SURFACE_FLINGER from uid=10626 pid=0
05-15 20:59:47.437  1808  2497 D PermissionCache: checking android.permission.ROTATE_SURFACE_FLINGER for uid=10626 => denied (288 us)
05-15 20:59:47.438  1808  2497 W ServiceManagerCppClient: Permission failure: android.permission.INTERNAL_SYSTEM_WINDOW from uid=10626 pid=0
05-15 20:59:47.438  1808  2995 W ServiceManagerCppClient: Permission failure: android.permission.INTERNAL_SYSTEM_WINDOW from uid=10626 pid=24267
05-15 20:59:47.438 12633 17431 I Routine@Core[4.9.04.16]: Pref: putSharedPrefsData: key=condition_launch_app_data_resume_pkg, data.size=102
05-15 20:59:47.438  1808  2995 D PermissionCache: checking android.permission.INTERNAL_SYSTEM_WINDOW for uid=10626 => denied (143 us)
05-15 20:59:47.438  1808  2497 D PermissionCache: checking android.permission.INTERNAL_SYSTEM_WINDOW for uid=10626 => denied (213 us)
05-15 20:59:47.438 24267 24267 D VRI[InstrumentationActivityInvoker$EmptyActivity]@d5e9311: mThreadedRenderer.initialize() mSurface={isValid=true 0xb400007de8d26860} hwInitialized=true
05-15 20:59:47.439  1808  1808 I BpBinder: onLastStrongRef automatically unlinking death recipients:
05-15 20:59:47.440 24267 24267 D VRI[InstrumentationActivityInvoker$EmptyActivity]@d5e9311: reportNextDraw android.view.ViewRootImpl.performTraversals:5443 android.view.ViewRootImpl.doTraversal:3924 android.view.ViewRootImpl$TraversalRunnable.run:12903 android.view.Choreographer$CallbackRecord.run:1901 android.view.Choreographer$CallbackRecord.run:1910
05-15 20:59:47.440 24267 24267 D VRI[InstrumentationActivityInvoker$EmptyActivity]@d5e9311: Setup new sync=wmsSync-VRI[InstrumentationActivityInvoker$EmptyActivity]@d5e9311#0
05-15 20:59:47.440 24267 24267 I VRI[InstrumentationActivityInvoker$EmptyActivity]@d5e9311: Creating new active sync group VRI[InstrumentationActivityInvoker$EmptyActivity]@d5e9311#1
05-15 20:59:47.440  1808  1897 I SurfaceFlinger: id=179406 Removed es.uniovi.recetasasturianas/es.uniovi.recetasasturianas.MainActivity$_24090#179406 (172)
05-15 20:59:47.441  1808  2995 I SurfaceFlinger: id=179405 Removed 21e4a73 es.uniovi.recetasasturianas/es.uniovi.recetasasturianas.MainActivity#179405 (172)
05-15 20:59:47.441  1808  2995 I SurfaceFlinger: id=179410 Removed Surface(name=35023c1 InputMethod)/@0x1087f31 - animation-leash of insets_animation#179410 (172)
05-15 20:59:47.441  4195  4195 I HoneySpace.TaskStackChangeRepositoryImpl: onTaskRemoved : 2376
05-15 20:59:47.441  4195  4195 I HoneySpace.TaskStackChangeRepositoryImpl: onTaskRemoved : 2376
05-15 20:59:47.442  4195  4401 I HoneySpace.TopTaskSource: onTaskRemoved: 2376
05-15 20:59:47.442  1977  2142 I SurfaceControl: apply, lowDebugName=reparent_to_imeParent, caller=android.view.SurfaceControl$Transaction.apply:3447 android.view.SurfaceControl$Transaction.apply:3397 com.android.server.wm.WindowAnimator.animate:307 com.android.server.wm.WindowAnimator$$ExternalSyntheticLambda1.doFrame:14 android.view.Choreographer$CallbackRecord.run:1899 android.view.Choreographer$CallbackRecord.run:1910
05-15 20:59:47.443  4195  4195 I HoneySpace.TaskListViewModel[264452461]: taskRemoveId, 2376
05-15 20:59:47.444  4195  4195 W HoneySpace.TaskListViewModel[264452461]: task is already removed: 2376
05-15 20:59:47.444  4195 30507 I HoneySpace.RecentTasks: onRunningTaskVanished
05-15 20:59:47.444  4195 30507 I HoneySpace.RecentTasks: onRecentTasksChanged
05-15 20:59:47.445  1808  1808 I SurfaceFlinger: destroyed Surface(name=35023c1 InputMethod)/@0x1087f31 - animation-leash of insets_animation#179410 form LifecycleManager
05-15 20:59:47.445  1808  1808 I SurfaceFlinger: destroyed 21e4a73 es.uniovi.recetasasturianas/es.uniovi.recetasasturianas.MainActivity#179405 form LifecycleManager
05-15 20:59:47.445  1808  1808 I SurfaceFlinger: destroyed es.uniovi.recetasasturianas/es.uniovi.recetasasturianas.MainActivity$_24090#179406 form LifecycleManager
05-15 20:59:47.445  1808  1808 I SurfaceFlinger: [LayerHierarchy{RequestedLayerState{ImeContainer#15 parentId=14 relativeParentId=14 z=1} 1 children}] reparent to LayerHierarchy{RequestedLayerState{ImePlaceholder:13:14#14 parentId=9 z=2} 1 children}
05-15 20:59:47.445  1808  1808 I SurfaceFlinger: [LayerHierarchy{RequestedLayerState{ImeContainer#15 parentId=14 relativeParentId=14 z=1} 1 children}] RelativeParent to null
05-15 20:59:47.445  1808  1808 I SurfaceFlinger: [LayerHierarchy{RequestedLayerState{Task=2376#179422 z=7} no children}] reparent to OffscreenRoot
05-15 20:59:47.445  1808  1808 I SurfaceFlinger: [LayerHierarchy{RequestedLayerState{Task=2376#179422 z=7} no children}] RelativeParent to null
05-15 20:59:47.445  1808  1808 I SurfaceFlinger: [LayerHierarchy{RequestedLayerState{Task=2376#179397 z=7} 1 children}] reparent to OffscreenRoot
05-15 20:59:47.445  1808  1808 I SurfaceFlinger: [LayerHierarchy{RequestedLayerState{Task=2376#179397 z=7} 1 children}] RelativeParent to null
05-15 20:59:47.445  4195  4401 I HoneySpace.TopTaskSource: onTaskRemoved: 2376
05-15 20:59:47.445  1808  1808 I SurfaceFlinger: id=179410 onLayerDestroyed from LayerHierarchyBuilder(RequestedLayerState{Surface(name=35023c1 InputMethod)/@0x1087f31 - animation-leash of insets_animation#179410 !handle})
05-15 20:59:47.445  1808  1808 I SurfaceFlinger: id=179405 onLayerDestroyed from LayerHierarchyBuilder(RequestedLayerState{21e4a73 es.uniovi.recetasasturianas/es.uniovi.recetasasturianas.MainActivity#179405 !handle})
05-15 20:59:47.445  1808  1808 I SurfaceFlinger: id=179406 onLayerDestroyed from LayerHierarchyBuilder(RequestedLayerState{es.uniovi.recetasasturianas/es.uniovi.recetasasturianas.MainActivity$_24090#179406 !handle})
05-15 20:59:47.445  4195  4195 I HoneySpace.TaskListViewModel[264452461]: taskRemoveId, 2376
05-15 20:59:47.445  4195  4195 W HoneySpace.TaskListViewModel[264452461]: task is already removed: 2376
05-15 20:59:47.446 24090 24138 W Settings: Setting always_finish_activities has moved from android.provider.Settings.System to android.provider.Settings.Global, returning read-only value.
05-15 20:59:47.447  1808  1808 I Layer   : id=179410 Destroyed Surface(name=35023c1 InputMethod)/@0x1087f31 - animation-leash of insets_animation#179410
05-15 20:59:47.447  1808  1808 I Layer   : id=179405 Destroyed 21e4a73 es.uniovi.recetasasturianas/es.uniovi.recetasasturianas.MainActivity#179405
05-15 20:59:47.447  1808  1808 I Layer   : id=179406 Destroyed es.uniovi.recetasasturianas/es.uniovi.recetasasturianas.MainActivity$_24090#179406
05-15 20:59:47.452  1808  2995 I SurfaceFlinger: id=179423 createSurf, flag=24004, Task=2378#179423
05-15 20:59:47.453  1977  4243 I SemDvfsHyPerManager: acquire hyper - AMS_APP_SWITCH/1977@28, type = -999
05-15 20:59:47.454  1632  1829 I HYPER-HAL: [RequestManager.cpp]acquire(): Acquired ID : 2011043  [1977 / 28]    HINT : AMS_APP_SWITCH    list :
05-15 20:59:47.454  1632  1829 I HYPER-HAL: [ResourceManager.cpp]updateResource(): [CPULittleMinFreq] UpdateResource Request ID : 2011043    Value : 1804800
05-15 20:59:47.454  1632  1829 I HYPER-HAL: [ResourceManager.cpp]updateResource(): [CPUMinFreq] UpdateResource Request ID : 2011043    Value : 2841600
05-15 20:59:47.454  5896  5896 I SemDvfsHyPerManager: acquire hyper - APP_START_SHORT/5896@15, type = -999
05-15 20:59:47.454  1632  1829 I HYPER-HAL: [RequestManager.cpp]acquire(): Acquired ID : 17472931  [5896 / 15]    HINT : APP_START    list : [TIMEOUT / 1500]
05-15 20:59:47.454  1632  1829 I HYPER-HAL: [ResourceManager.cpp]updateResource(): [CPUMaxFreq] UpdateResource Request ID : 17472931    Value : 2841600
05-15 20:59:47.455  1808  2995 I SurfaceFlinger: id=179422 Removed Task=2376#179422 (171)
05-15 20:59:47.455  1808  2497 I SurfaceFlinger: id=179424 createSurf, flag=84004, ActivityRecord{135332749 u0 es.uniovi.recetasasturianas/.MainActivity t2378}#179424
05-15 20:59:47.457  1977  6948 I SemDvfsHyPerManager: acquire hyper - AMS_APP_LAUNCH/1977@21, type = -999
05-15 20:59:47.457  4301  4301 E pageboostd: Received HALT command code 2
05-15 20:59:47.458  5896  5896 I SemDvfsHyPerManager: acquire hyper - APP_START/5896@17, type = -999
05-15 20:59:47.460 11062 11138 D ViewRootImpl: desktopMode is false
05-15 20:59:47.460 11062 11138 I ViewRootImpl: dVRR is disabled
05-15 20:59:47.460 11062 11227 D NativeCustomFrequencyManager: [NativeCFMS] BpCustomFrequencyManager::BpCustomFrequencyManager()
05-15 20:59:47.461  1808  1808 I SurfaceFlinger: destroyed Task=2376#179422 form LifecycleManager
05-15 20:59:47.461  1632  1829 I HYPER-HAL: [RequestManager.cpp]acquire(): Acquired ID : 1997022  [1977 / 21]    HINT : AMS_APP_LAUNCH    list :
05-15 20:59:47.461  1808  1808 I SurfaceFlinger: [ActivityRecord{135332749 u0 es.uniovi.recetasasturianas/.MainActivity t2378}#179424] attach to parent LayerHierarchy{RequestedLayerState{Task=2378#179423 parentId=172934} 1 children}
05-15 20:59:47.461  1632  1829 I HYPER-HAL: [ResourceManager.cpp]updateResource(): [CPULittleMinFreq] UpdateResource Request ID : 1997022    Value : 1804800
05-15 20:59:47.461  1808  1808 I SurfaceFlinger: [Task=2378#179423] attach to parent LayerHierarchy{RequestedLayerState{DefaultTaskDisplayArea_d0#172934 parentId=9} 11 children}
05-15 20:59:47.461  1632  1829 I HYPER-HAL: [ResourceManager.cpp]updateResource(): [CPUMinFreq] UpdateResource Request ID : 1997022    Value : 2841600
05-15 20:59:47.461  1808  1808 I SurfaceFlinger: id=179422 onLayerDestroyed from LayerHierarchyBuilder(RequestedLayerState{Task=2376#179422 !handle z=7})
05-15 20:59:47.461  4195  4401 I HoneySpace.TopTaskSource: onTaskMovedToFront : taskId = 2378, displayId = 0
05-15 20:59:47.462  1632  1829 I HYPER-HAL: [RequestManager.cpp]acquire(): Acquired ID : 17484758  [5896 / 17]    HINT : APP_START    list :
05-15 20:59:47.462  1632  1829 I HYPER-HAL: [ResourceManager.cpp]updateResource(): [CPUMaxFreq] UpdateResource Request ID : 17484758    Value : 2841600
05-15 20:59:47.463  1808  1808 I Layer   : id=179422 Destroyed Task=2376#179422
05-15 20:59:47.464  1977  6943 D InputTransport: Input channel constructed: '65a2bbc', fd=1094
05-15 20:59:47.464  1977  6943 D InputTransport: Input channel constructed: '65a2bbc', fd=1222
05-15 20:59:47.464  1977  6943 D InputTransport: Input channel constructed: '65a2bbc', fd=1240
05-15 20:59:47.464  1977  6943 D InputTransport: Input channel destroyed: '65a2bbc', fd=1222
05-15 20:59:47.464  4195 23188 I HoneySpace.RecentTasks: onRecentTasksChanged
05-15 20:59:47.464  4195  4403 I HoneySpace.TopTaskUseCase: topTasks 2378 ComponentInfo{es.uniovi.recetasasturianas/es.uniovi.recetasasturianas.MainActivity}[displayId=0]
05-15 20:59:47.464  4195 15522 I HoneySpace.RecentTasks: onRecentTasksChanged
05-15 20:59:47.464  1808  2497 I SurfaceFlinger: id=179425 createSurf, flag=84004, 65a2bbc Splash Screen es.uniovi.recetasasturianas#179425
05-15 20:59:47.465  1977  6943 D InputTransport: Input channel destroyed: '65a2bbc', fd=1240
05-15 20:59:47.467 11062 11138 D InputTransport: Input channel constructed: '65a2bbc', fd=457
05-15 20:59:47.467 11062 11138 I InsetsController: onStateChanged: host=Splash Screen es.uniovi.recetasasturianas, from=android.view.ViewRootImpl.onInsetsStateChanged:3026, state=InsetsState: {mDisplayFrame=Rect(0, 0 - 1080, 2340), mDisplayCutout=DisplayCutout{insets=Rect(0, 99 - 0, 0) waterfall=Insets{left=0, top=0, right=0, bottom=0} boundingRect={Bounds=[Rect(0, 0 - 0, 0), Rect(505, 0 - 575, 99), Rect(0, 0 - 0, 0), Rect(0, 0 - 0, 0)]} cutoutPathParserInfo={CutoutPathParserInfo{displayWidth=1080 displayHeight=2340 physicalDisplayWidth=1080 physicalDisplayHeight=2340 density={3.0} cutoutSpec={M 0,0 M 0,29 a 35,35 0 1,0 0,70 a 35,35 0 1,0 0,-70 Z} rotation={0} scale={1.0} physicalPixelDisplaySizeRatio={1.0}}} sideOverrides={}}, mRoundedCorners=RoundedCorners{[RoundedCorner{position=TopLeft, radius=108, center=Point(108, 108)}, RoundedCorner{position=TopRight, radius=108, center=Point(972, 108)}, RoundedCorner{position=BottomRight, radius=108, center=Point(972, 2232)}, RoundedCorner{position=BottomLeft, radius=108, center=Point(108, 2232)}]}  mRoundedCornerFrame=Rect(0, 0 - 1080, 2340), mPrivacyIndicatorBounds=PrivacyIndicatorBounds {static bounds=Rect(948, 0 - 1080, 99) rotation=0}, mDisplayShape=DisplayShape{ spec=-311912193 displayWidth=1080 displayHeight=2340 physicalPixelDisplaySizeRatio=1.0 rotation=0 offsetX=0 offsetY=0 scale=1.0}, mSources= { InsetsSource: {b73a0001 mType=navigationBars mFrame=[0,0][0,0] mVisible=true mFlags=SUPPRESS_SCRIM mSideHint=NONE mBoundingRects=null}, InsetsSource: {b73a0004 mType=systemGestures mFrame=[0,0][90,2340] mVisible=true mFlags= mSideHint=LEFT mBoundingRects=null}, InsetsSource: {b73a0005 mType=mandatorySystemGestures mFrame=[0,2265][1080,2340] mVisible=true mFlags= mSideHint=BOTTOM mBoundingRects=null}, InsetsSource: {b73a0006 mType=tappableElement mFrame=[0,0][0,0] mVisible=true mFlags= mSideHint=NONE mBoundingRects=null}, InsetsSource: {b73a0024 mType=systemGestures mFrame=[990,0][1080,2340] mVisible=true mFlags= mSideHint=RIGHT mBoundingRects=null}, InsetsSource: {3 mType=ime mFrame=[0,0][0,0] mVisible=false mFlags= mSideHint=NONE mBoundingRects=null}, InsetsSource: {27 mType=displayCutout mFrame=[0,0][1080,99] mVisible=true mFlags= mSideHint=TOP mBoundingRects=null}, InsetsSource: {9260000 mType=statusBars mFrame=[0,0][1080,99] mVisible=true mFlags= mSideHint=TOP mBoundingRects=null}, InsetsSource: {9260005 mType=mandatorySystemGestures mFrame=[0,0][1080,135] mVisible=true mFlags= mSideHint=TOP mBoundingRects=null}, InsetsSource: {9260006 mType=tappableElement mFrame=[0,0][1080,99] mVisible=true mFlags= mSideHint=TOP mBoundingRects=null} }
05-15 20:59:47.467 11062 11138 I VRI[recetasasturianas]@51944a: onActiveControlsChanged, removed=false, mAdded=true, caller=android.view.ViewRootImpl.handleInsetsControlChanged:3002 android.view.ViewRootImpl.setView:2014 android.view.WindowManagerGlobal.addView:604 com.android.wm.shell.startingsurface.SplashscreenWindowCreator.addWindow:38 com.android.wm.shell.startingsurface.StartingWindowController$$ExternalSyntheticLambda4.run:1365
05-15 20:59:47.468 11062 11138 I VRI[recetasasturianas]@51944a: synced displayState. AttachInfo displayState=2
05-15 20:59:47.470 24267 24267 D VRI[InstrumentationActivityInvoker$EmptyActivity]@d5e9311: registerCallbacksForSync syncBuffer=false
05-15 20:59:47.471 11062 11138 I VRI[recetasasturianas]@51944a: setView = android.widget.FrameLayout@1ba5831 IsHRR=false mFlingFrameRateChange=0 TM=true
05-15 20:59:47.471 24267 24292 D VRI[InstrumentationActivityInvoker$EmptyActivity]@d5e9311: Received frameDrawingCallback syncResult=0 frameNum=1.
05-15 20:59:47.471 11062 11227 D HWUI    : HWUI - treat SMPTE_170M as sRGB
05-15 20:59:47.472 24267 24292 I VRI[InstrumentationActivityInvoker$EmptyActivity]@d5e9311: mWNT: t=0xb400007df8d3e5d0 mBlastBufferQueue=0xb400007e28d67520 fn= 1 HdrRenderState mRenderHdrSdrRatio=1.0 caller= android.view.ViewRootImpl$12.onFrameDraw:15441 android.view.ThreadedRenderer$1.onFrameDraw:718 <bottom of call stack>
05-15 20:59:47.472 24267 24292 I VRI[InstrumentationActivityInvoker$EmptyActivity]@d5e9311: Setting up sync and frameCommitCallback
05-15 20:59:47.472  1977  1997 I WindowManager: Relayout Window{65a2bbc u0 Splash Screen es.uniovi.recetasasturianas}: viewVisibility=0 req=1080x2340 ty=3 d0
05-15 20:59:47.473  1808  2497 I SurfaceFlinger: id=179426 createSurf, flag=44004, Splash Screen es.uniovi.recetasasturianas$_11062#179426
05-15 20:59:47.474  1977  1997 D SurfaceComposerClient: setCornerRadius ## 65a2bbc Splash Screen es.uniovi.recetasasturianas#179425 cornerRadius=0.000000
05-15 20:59:47.475  1977  1997 I WindowManager: Relayout hash=65a2bbc, pid=11062, syncId=-1: mAttrs={(0,0)(fillxfill) sim={adjust=pan} layoutInDisplayCutoutMode=always ty=APPLICATION_STARTING fmt=TRANSLUCENT wanim=0x1030317
05-15 20:59:47.475  1977  1997 I WindowManager:   fl=81030118
05-15 20:59:47.475  1977  1997 I WindowManager:   pfl=10000810
05-15 20:59:47.475  1977  1997 I WindowManager:   bhv=1
05-15 20:59:47.475  1977  1997 I WindowManager:   fitSides=0
05-15 20:59:47.475  1977  1997 I WindowManager:   frameRateBoostOnTouch=true
05-15 20:59:47.475  1977  1997 I WindowManager:   dvrrWindowFrameRateHint=true naviIconColor=0}
05-15 20:59:47.476 11062 11138 I VRI[recetasasturianas]@51944a: onActiveControlsChanged, removed=false, mAdded=true, caller=android.view.ViewRootImpl.handleInsetsControlChanged:3002 android.view.ViewRootImpl.relayoutWindow:11629 android.view.ViewRootImpl.performTraversals:4804 android.view.ViewRootImpl.doTraversal:3924 android.view.ViewRootImpl$TraversalRunnable.run:12903
05-15 20:59:47.476 24267 24288 I BLASTBufferQueue: [VRI[InstrumentationActivityInvoker$EmptyActivity]@d5e9311#0](f:0,a:0,s:0) onFrameAvailable the first frame is available
05-15 20:59:47.477 11062 11138 W libc    : Access denied finding property "vendor.display.enable_optimal_refresh_rate"
05-15 20:59:47.477 24267 24288 I SurfaceComposerClient: apply transaction with the first frame. layerId: 179421, bufferData(ID: 104225971372034, frameNumber: 1)
05-15 20:59:47.477 11062 11138 I BufferQueueProducer: [](id:2b360000013c,api:0,p:1090267382,c:11062) setDequeueTimeout:2077252342
05-15 20:59:47.478  1808  1808 I SurfaceFlinger: [65a2bbc Splash Screen es.uniovi.recetasasturianas#179425] attach to parent LayerHierarchy{RequestedLayerState{ActivityRecord{135332749 u0 es.uniovi.recetasasturianas/.MainActivity t2378}#179424 parentId=179423} 1 children}
05-15 20:59:47.478  1808  1808 I SurfaceFlinger: [Splash Screen es.uniovi.recetasasturianas$_11062#179426] attach to parent LayerHierarchy{RequestedLayerState{65a2bbc Splash Screen es.uniovi.recetasasturianas#179425 parentId=179424} 1 children}
05-15 20:59:47.478 11062 11138 I BLASTBufferQueue_Java: new BLASTBufferQueue, mName= VRI[recetasasturianas]@51944a mNativeObject= 0xb400007e28f725b0 caller= android.view.ViewRootImpl.updateBlastSurfaceIfNeeded:3585 android.view.ViewRootImpl.relayoutWindow:11685 android.view.ViewRootImpl.performTraversals:4804 android.view.ViewRootImpl.doTraversal:3924 android.view.ViewRootImpl$TraversalRunnable.run:12903 android.view.Choreographer$CallbackRecord.run:1901 android.view.Choreographer$CallbackRecord.run:1910 android.view.Choreographer.doCallbacks:1367 android.view.Choreographer.doFrame:1292 android.view.Choreographer$FrameDisplayEventReceiver.run:1870
05-15 20:59:47.478 11062 11138 I BLASTBufferQueue_Java: update, w= 1080 h= 2340 mName = VRI[recetasasturianas]@51944a mNativeObject= 0xb400007e28f725b0 sc.mNativeObject= 0xb400007ea8d41c90 format= -3 caller= android.view.ViewRootImpl.updateBlastSurfaceIfNeeded:3590 android.view.ViewRootImpl.relayoutWindow:11685 android.view.ViewRootImpl.performTraversals:4804 android.view.ViewRootImpl.doTraversal:3924 android.view.ViewRootImpl$TraversalRunnable.run:12903 android.view.Choreographer$CallbackRecord.run:1901
05-15 20:59:47.479 11062 11138 W libc    : Access denied finding property "vendor.display.enable_optimal_refresh_rate"
05-15 20:59:47.479  1808  2497 I SurfaceFlinger: [es.uniovi.recetasasturianas.test/androidx.test.core.app.InstrumentationActivityInvoker$EmptyActivity$_24267#179421] setTransactionState with the first frame. bufferData(ID: 104225971372034, frameNumber: 1)
05-15 20:59:47.479 11062 11138 I VRI[recetasasturianas]@51944a: Relayout returned: old=(0,0,1080,2340) new=(0,0,1080,2340) relayoutAsync=false req=(1080,2340)0 dur=4 res=0x3 s={true 0xb400007de8fba5e0} ch=true seqId=0
05-15 20:59:47.479 24267 24288 I VRI[InstrumentationActivityInvoker$EmptyActivity]@d5e9311: Received frameCommittedCallback lastAttemptedDrawFrameNum=1 didProduceBuffer=true
05-15 20:59:47.480 11062 11138 D VRI[recetasasturianas]@51944a: mThreadedRenderer.initialize() mSurface={isValid=true 0xb400007de8fba5e0} hwInitialized=true
05-15 20:59:47.480 11062 11138 D VRI[recetasasturianas]@51944a: reportNextDraw android.view.ViewRootImpl.performTraversals:5443 android.view.ViewRootImpl.doTraversal:3924 android.view.ViewRootImpl$TraversalRunnable.run:12903 android.view.Choreographer$CallbackRecord.run:1901 android.view.Choreographer$CallbackRecord.run:1910
05-15 20:59:47.481 11062 11138 D VRI[recetasasturianas]@51944a: Setup new sync=wmsSync-VRI[recetasasturianas]@51944a#8
05-15 20:59:47.481 11062 11138 I VRI[recetasasturianas]@51944a: Creating new active sync group VRI[recetasasturianas]@51944a#9
05-15 20:59:47.481 11062 11138 D VRI[recetasasturianas]@51944a: registerCallbacksForSync syncBuffer=false
05-15 20:59:47.481 24267 24288 D HWUI    : CFMS:: SetUp Pid : 24267    Tid : 24288
05-15 20:59:47.481 24267 24267 D VRI[InstrumentationActivityInvoker$EmptyActivity]@d5e9311: reportDrawFinished seqId=0
05-15 20:59:47.482  1977  6948 W ServiceManagerCppClient: Permission failure: android.permission.ACCESS_SURFACE_FLINGER from uid=10626 pid=0
05-15 20:59:47.482  1977  6948 D PermissionCache: checking android.permission.ACCESS_SURFACE_FLINGER for uid=10626 => denied (76 us)
05-15 20:59:47.482  1977  6948 W ServiceManagerCppClient: Permission failure: android.permission.ROTATE_SURFACE_FLINGER from uid=10626 pid=0
05-15 20:59:47.482  1977  6948 D PermissionCache: checking android.permission.ROTATE_SURFACE_FLINGER for uid=10626 => denied (36 us)
05-15 20:59:47.482 11062 11224 D VRI[recetasasturianas]@51944a: Received frameDrawingCallback syncResult=0 frameNum=1.
05-15 20:59:47.482  1977  6948 W ServiceManagerCppClient: Permission failure: android.permission.INTERNAL_SYSTEM_WINDOW from uid=10626 pid=0
05-15 20:59:47.482  1977  6948 D PermissionCache: checking android.permission.INTERNAL_SYSTEM_WINDOW for uid=10626 => denied (29 us)
05-15 20:59:47.482 11062 11224 I VRI[recetasasturianas]@51944a: mWNT: t=0xb400007df8ea9450 mBlastBufferQueue=0xb400007e28f725b0 fn= 1 HdrRenderState mRenderHdrSdrRatio=1.0 caller= android.view.ViewRootImpl$12.onFrameDraw:15441 android.view.ThreadedRenderer$1.onFrameDraw:718 <bottom of call stack>
05-15 20:59:47.482 11062 11224 I VRI[recetasasturianas]@51944a: Setting up sync and frameCommitCallback
05-15 20:59:47.484  1977  2142 I SemDvfsHyPerManager: acquire hyper - AMS_RESUME_TAIL/1977@22, type = -999
05-15 20:59:47.484  1977  2142 I SemDvfsHyPerManager: acquire hyper - AMS_ACT_LAZY/1977@23, type = -999
05-15 20:59:47.486  1632  1829 I HYPER-HAL: [RequestManager.cpp]acquire(): Acquired ID : 1999022  [1977 / 22]    HINT : AMS_RESUME_TAIL    list :
05-15 20:59:47.488  1632  1829 I HYPER-HAL: [ResourceManager.cpp]updateResource(): [CPUMinFreq] UpdateResource Request ID : 1999022    Value : 1785600
05-15 20:59:47.489  1632  1829 I HYPER-HAL: [RequestManager.cpp]acquire(): Acquired ID : 2001023  [1977 / 23]    HINT : AMS_ACT_LAZY    list :
05-15 20:59:47.489  1632  1829 I HYPER-HAL: [ResourceManager.cpp]removeResource(): [CPULittleMinFreq] RemoveResource Request ID : 2011043
05-15 20:59:47.489  1977  6970 I SemDvfsHyPerManager: acquire hyper - AMS_ACT_RESUME/1977@30, type = -999
05-15 20:59:47.491  1977  6970 D InputDispatcher: Focused application(0): ActivityRecord{135332749 u0 es.uniovi.recetasasturianas/.MainActivity t2378}
05-15 20:59:47.491  1977  6970 D SurfaceComposerClient: setCornerRadius ## 65a2bbc Splash Screen es.uniovi.recetasasturianas#179425 cornerRadius=0.000000
05-15 20:59:47.494 11062 11227 I BLASTBufferQueue: [VRI[recetasasturianas]@51944a#316](f:0,a:0,s:0) onFrameAvailable the first frame is available
05-15 20:59:47.494  1977  3269 D SemWifiPackageInfo: isSkipCategory - skip:FAILED
05-15 20:59:47.494  1977  3269 D SemWifiTransportLayerMonitor.TcpMonitorHandler: MSG_SAVE_PACKAGE_INFO
05-15 20:59:47.494  1977  3269 D SemWifiTransportLayerFileManager: saveWifiPackageInfoToFile
05-15 20:59:47.494  1977  3269 D SemWifiTransportLayerFileManager: writeWifiPackageInfoList
05-15 20:59:47.494 11062 11227 I SurfaceComposerClient: apply transaction with the first frame. layerId: 179426, bufferData(ID: 47510928231456, frameNumber: 1)
05-15 20:59:47.495  1808  1897 I SurfaceFlinger: [Splash Screen es.uniovi.recetasasturianas$_11062#179426] setTransactionState with the first frame. bufferData(ID: 47510928231456, frameNumber: 1)
05-15 20:59:47.495 11062 11227 I VRI[recetasasturianas]@51944a: Received frameCommittedCallback lastAttemptedDrawFrameNum=1 didProduceBuffer=true
05-15 20:59:47.495  1977  6943 D GraphicsStatsService: requestRenderEngineFor(es.uniovi.recetasasturianas)
05-15 20:59:47.496 11062 11227 D HWUI    : CFMS:: SetUp Pid : 11062    Tid : 11227
05-15 20:59:47.496 11062 11138 D VRI[recetasasturianas]@51944a: reportDrawFinished seqId=0
05-15 20:59:47.496 12633 12673 I Routine@Core[4.9.04.16]: ActivityWatcherListenerImpl: onPauseComponent: componentName - es.uniovi.recetasasturianas.test, userId: 0
05-15 20:59:47.497  1632  1829 I HYPER-HAL: [ResourceManager.cpp]removeResource(): [CPUMinFreq] RemoveResource Request ID : 2011043
05-15 20:59:47.497 12633 12673 I Routine@Core[4.9.04.16]: Pref: removeSharedPrefsData() key=condition_launch_app_data_resume_pkg
05-15 20:59:47.497  1632  1829 I HYPER-HAL: [RequestManager.cpp]releaseLocked(): Released ID : 2011043
05-15 20:59:47.498  1632  1829 I HYPER-HAL: [RequestManager.cpp]acquire(): Acquired ID : 2015058  [1977 / 30]    HINT : AMS_ACT_RESUME    list :
05-15 20:59:47.499  1977  2142 D SurfaceComposerClient: setCornerRadius ## 65a2bbc Splash Screen es.uniovi.recetasasturianas#179425 cornerRadius=0.000000
05-15 20:59:47.500  1977  2134 D PkgPredictorService-SecIpmManagerServiceImpl: onForegroundActivitiesChanged pid:24090 uid:10625
05-15 20:59:47.500  1977  2142 D SurfaceComposerClient: setCornerRadius ## 65a2bbc Splash Screen es.uniovi.recetasasturianas#179425 cornerRadius=0.000000
05-15 20:59:47.500  1977  3186 D AS.MultiSoundManager: mForegroundUid = 10625
05-15 20:59:47.502  1808  1897 I SurfaceFlinger: id=179427 createSurf, flag=84004, Transition Root: Task=2378#179427
05-15 20:59:47.503 12633 17431 I Routine@Core[4.9.04.16]: ModeOrderObserver: ModeOrderObserver:onChange: uri content://com.samsung.android.app.routines.routineprovider/preference
05-15 20:59:47.503  1808  1808 I SurfaceFlinger: RequestedLayer [es.uniovi.recetasasturianas.test/and[...]yInvoker$EmptyActivity$_24267#179421] hidden!! flag  from(1) --> to(0)
05-15 20:59:47.503  1808  1808 I SurfaceFlinger: [Transition Root: Task=2378#179427] attach to parent LayerHierarchy{RequestedLayerState{DefaultTaskDisplayArea_d0#172934 parentId=9} 12 children}
05-15 20:59:47.503  1632  1829 I HYPER-HAL: [ResourceManager.cpp]updateResource(): [CPUMinFreq] UpdateResource Request ID : 2015058    Value : 1670400
05-15 20:59:47.505  1977  2142 I SurfaceControlRegistry: show, t=StartTransaction_SyncId<14571> sc=ActivityRecord{135332749 u0 es.uniovi.recetasasturianas/.MainActivity t2378}, caller=android.view.SurfaceControl$Transaction.show:3557 com.android.server.wm.Transition.onTransactionReady:2048 com.android.server.wm.BLASTSyncEngine$SyncGroup.finishNow:240 com.android.server.wm.BLASTSyncEngine.onSurfacePlacement:263 com.android.server.wm.RootWindowContainer.performSurfacePlacementNoTrace:1083 com.android.server.wm.WindowSurfacePlacer.performSurfacePlacement:166
05-15 20:59:47.505  1977  2142 D SurfaceComposerClient: setCornerRadius ## Task=2377#179411 cornerRadius=0.000000
05-15 20:59:47.505  1977  2142 D SurfaceComposerClient: setCornerRadius ## Task=2378#179423 cornerRadius=0.000000
05-15 20:59:47.507  1977  2142 D ScreenCapture: [Capture_TEST] : setIsScreenShotBySystem false
05-15 20:59:47.508  1977  2142 I SurfaceComposerClient: captureLayers:childrenOnly:1, sync:1
05-15 20:59:47.508  1808  1808 D SurfaceFlinger: Display 4630947232161729154 HWC layers:
05-15 20:59:47.508  1808  1808 D SurfaceFlinger:        DEVICE |          104225971372034 | 00002102 | RGBA_8888    |    0.0    0.0 1080.0 2340.0 |    0    0 1080 2340 | es.uniovi.recetasasturianas.test/and[...]yInvoker$EmptyActivity$_24267#179421 (1)
05-15 20:59:47.508  1808  1808 D SurfaceFlinger:        DEVICE |           47510928231447 | 00002100 | RGBA_8888    |    0.0    0.0 1080.0 2340.0 |    0    0 1080 2340 | Splash Screen es.uniovi.recetasasturianas.test$_11062#179414 (1)
05-15 20:59:47.508  1808  1808 D SurfaceFlinger:        DEVICE |           47510928230666 | 00002100 | RGBA_8888    |    0.0    0.0 1080.0   99.0 |    0    0 1080   99 | StatusBar$_11062#172976 (4131)
05-15 20:59:47.508  1808  1808 D SurfaceFlinger:        DEVICE |           47510928230672 | 00002100 | RGBA_8888    |    0.0    0.0 1080.0  144.0 |    0 2196 1080 2340 | NavigationBar0$_11062#172972 (357)
05-15 20:59:47.508  1808  1808 D SurfaceFlinger:        DEVICE |           27157078223661 | 00002100 | RGBA_8888    |    0.0   13.0  290.0  158.0 |  395    0  685  145 | $_6323#154529 (967)
05-15 20:59:47.508  1808  1808 D SurfaceFlinger:        DEVICE |           27157078223656 | 00002100 | RGBA_8888    |    0.0    0.0 1080.0  115.0 |    0    0 1080  115 | $_6323#177506 (652)
05-15 20:59:47.508  1808  1808 D SurfaceFlinger:
05-15 20:59:47.508  1808  1808 D SurfaceFlinger:    DEVICE |           47510928230638 | 00002140 | RGBA_8888    |    0.0    0.0 1080.0  121.0 |    0    0 1080  121 | ScreenDecorOverlay$_11062#172986 (67)
05-15 20:59:47.508  1808  1808 D SurfaceFlinger:        DEVICE |           47510928230639 | 00002140 | RGBA_8888    |    0.0    0.0 1080.0  121.0 |    0 2219 1080 2340 | ScreenDecorOverlayBottom$_11062#172987 (60)
05-15 20:59:47.508  1808  1808 D SurfaceFlinger:
05-15 20:59:47.513 11062 11118 I SurfaceControlRegistry: hide, t=FinishTransaction_SyncId<14571> sc=Task=2377, caller=android.view.SurfaceControl$Transaction.hide:3583 com.android.wm.shell.transition.Transitions.dispatchReady:1263 com.android.wm.shell.transition.Transitions.onTransitionReady:251 com.android.wm.shell.transition.Transitions$TransitionPlayerImpl$$ExternalSyntheticLambda0.run:13 android.os.Handler.handleCallback:995 android.os.Handler.dispatchMessage:103
05-15 20:59:47.513  1808  1897 I SurfaceFlinger: Capture layer list: 	 es.uniovi.recetasasturianas.test/androidx.test.core.app.InstrumentationActivityInvoker$EmptyActivity$_24267#179421(seamlessTransition:0)
05-15 20:59:47.513  1808  1897 I SurfaceFlinger: Capture layer list: 	 Splash Screen es.uniovi.recetasasturianas.test$_11062#179414(seamlessTransition:0)
05-15 20:59:47.513 11062 11118 I SurfaceControlRegistry: show, t=StartTransaction_SyncId<14571> sc=Task=2378, caller=android.view.SurfaceControl$Transaction.show:3557 com.android.wm.shell.transition.Transitions.dispatchReady:1279 com.android.wm.shell.transition.Transitions.onTransitionReady:251 com.android.wm.shell.transition.Transitions$TransitionPlayerImpl$$ExternalSyntheticLambda0.run:13 android.os.Handler.handleCallback:995 android.os.Handler.dispatchMessage:103
05-15 20:59:47.513 11062 11118 I SurfaceControlRegistry: show, t=FinishTransaction_SyncId<14571> sc=Task=2378, caller=android.view.SurfaceControl$Transaction.show:3557 com.android.wm.shell.transition.Transitions.dispatchReady:1330 com.android.wm.shell.transition.Transitions.onTransitionReady:251 com.android.wm.shell.transition.Transitions$TransitionPlayerImpl$$ExternalSyntheticLambda0.run:13 android.os.Handler.handleCallback:995 android.os.Handler.dispatchMessage:103
05-15 20:59:47.513 11062 11118 I SurfaceControlRegistry: show, t=StartTransaction_SyncId<14571> sc=Transition Root: Task=2378, caller=android.view.SurfaceControl$Transaction.show:3557 com.android.wm.shell.transition.Transitions.playTransition:79 com.android.wm.shell.transition.Transitions.processReadyQueue:239 com.android.wm.shell.transition.Transitions.dispatchReady:1352 com.android.wm.shell.transition.Transitions.onTransitionReady:251 com.android.wm.shell.transition.Transitions$TransitionPlayerImpl$$ExternalSyntheticLambda0.run:13
05-15 20:59:47.515  1808  1908 D RenderEngine: [SEC_SF_EFFECTS] drawLayersInternal,1483, Rendering layer ScreenCaptureFillLayer at index 0
05-15 20:59:47.515  1808  1908 D RenderEngine: [SEC_SF_EFFECTS] drawLayersInternal,1483, Rendering layer es.uniovi.recetasasturianas.test/androidx.test.core.app.InstrumentationActivityInvoker$EmptyActivity$_24267#179421 at index 1
05-15 20:59:47.515  1808  1908 D RenderEngine: [SEC_SF_EFFECTS] drawLayersInternal,1483, Rendering layer Splash Screen es.uniovi.recetasasturianas.test$_11062#179414 at index 2
05-15 20:59:47.519 11062 11118 I SurfaceControlRegistry: apply, t=StartTransaction_SyncId<14571>, caller=android.view.SurfaceControl$Transaction.apply:3459 android.view.SurfaceControl$Transaction.apply:3447 android.view.SurfaceControl$Transaction.apply:3397 com.android.wm.shell.transition.DefaultTransitionHandler.startAnimation:3292 com.android.wm.shell.transition.Transitions.dispatchTransition:90 com.android.wm.shell.transition.Transitions.playTransition:774
05-15 20:59:47.521  1977  2134 D NetworkPolicy: already checked 10625
05-15 20:59:47.521  1977  2134 D NetworkPolicy: already checked 10625
05-15 20:59:47.522  4195  4401 I HoneySpace.TopTaskSource: onTaskFocusChanged(): taskId = 2378
05-15 20:59:47.522 11062 11062 I {OngoingActivityController}: onTaskFocusChanged but OA data is empty
05-15 20:59:47.525  1808  1897 I SurfaceFlinger: id=179428 createSurf, flag=84000, 557c24 ActivityRecordInputSink es.uniovi.recetasasturianas/.MainActivity#179428
05-15 20:59:47.526  1977  2141 D EnterpriseDeviceManagerService: isMdmAdminPresentInternal() : MDM Admin Found - com.samsung.knox.securefolder
05-15 20:59:47.528  1808  1808 I SurfaceFlinger: RequestedLayer [65a2bbc Splash Screen es.uniovi.recetasasturianas#179425] hidden!! flag  from(1) --> to(0)
05-15 20:59:47.528  1808  1808 I SurfaceFlinger: RequestedLayer [Splash Screen es.uniovi.recetasasturianas$_11062#179426] hidden!! flag  from(1) --> to(0)
05-15 20:59:47.528  1808  1808 I SurfaceFlinger: RequestedLayer [Task=2378#179423] hidden!! flag  from(1) --> to(0)
05-15 20:59:47.528  1808  1808 I SurfaceFlinger: RequestedLayer [Transition Root: Task=2378#179427] hidden!! flag  from(1) --> to(0)
05-15 20:59:47.528  1808  1808 I SurfaceFlinger: RequestedLayer [ActivityRecord{135332749 u0 es.uniov[...]turianas/.MainActivity t2378}#179424] hidden!! flag  from(1) --> to(0)
05-15 20:59:47.528  1808  1808 I SurfaceFlinger: [LayerHierarchy{RequestedLayerState{ActivityRecord{261437244 u0 es.uniovi.recetasasturianas/.MainActivity t2376}#179398} 1 children}] reparent to OffscreenRoot
05-15 20:59:47.528  1808  1808 I SurfaceFlinger: [LayerHierarchy{RequestedLayerState{ActivityRecord{261437244 u0 es.uniovi.recetasasturianas/.MainActivity t2376}#179398} 1 children}] RelativeParent to null
05-15 20:59:47.528  1808  1808 I SurfaceFlinger: [LayerHierarchy{RequestedLayerState{Task=2377#179411 parentId=179427 z=4} 1 children}] reparent to LayerHierarchy{RequestedLayerState{Transition Root: Task=2378#179427 parentId=172934 z=8} 1 children}
05-15 20:59:47.528  1808  1808 I SurfaceFlinger: [LayerHierarchy{RequestedLayerState{Task=2378#179423 parentId=179427 z=3} 1 children}] reparent to LayerHierarchy{RequestedLayerState{Transition Root: Task=2378#179427 parentId=172934 z=8} 2 children}
05-15 20:59:47.528  1808  1808 I SurfaceFlinger: [557c24 ActivityRecordInputSink es.uniovi.recetasasturianas/.MainActivity#179428] attach to parent LayerHierarchy{RequestedLayerState{ActivityRecord{135332749 u0 es.uniovi.recetasasturianas/.MainActivity t2378}#179424 parentId=179423} 2 children}
05-15 20:59:47.528  4195 23188 I HoneySpace.RecentTasks: onRunningTaskAppeared
05-15 20:59:47.529  4195 23188 I HoneySpace.RecentTasks: onRecentTasksChanged
05-15 20:59:47.529 11062 11118 I SurfaceControlRegistry: apply, t=FinishTransaction_SyncId<14571>, caller=android.view.SurfaceControl$Transaction.apply:3459 android.view.SurfaceControl$Transaction.apply:3447 android.view.SurfaceControl$Transaction.apply:3397 com.android.wm.shell.transition.Transitions.onFinish:315 com.android.wm.shell.transition.Transitions$$ExternalSyntheticLambda7.onTransitionFinished:12 com.android.wm.shell.transition.DefaultTransitionHandler$$ExternalSyntheticLambda6.run:36
05-15 20:59:47.530 24090 24090 D LifecycleMonitor: Lifecycle status change: es.uniovi.recetasasturianas.MainActivity@385d7da in: PRE_ON_CREATE
05-15 20:59:47.530 24090 24090 V ActivityScenario: Activity lifecycle changed event received but ignored because the reported transition was not ON_CREATE while the last known transition was PRE_ON_CREATE
05-15 20:59:47.531  1977  6970 D PersonaActivityHelper: token.toString()  Token{e8e66b0 ActivityRecord{116069474 u0 es.uniovi.recetasasturianas.test/androidx.test.core.app.InstrumentationActivityInvoker$EmptyActivity t2377 f}}}
05-15 20:59:47.531  1977  6970 D PersonaActivityHelper: mLastResumedSFActivity getPackageName  com.android.settings
05-15 20:59:47.531  1977  6970 D PersonaActivityHelper: mLastResumedSFActivity getShortClassName  .fuelgauge.RequestIgnoreBatteryOptimizations
05-15 20:59:47.531 24267 24267 I VRI[InstrumentationActivityInvoker$EmptyActivity]@d5e9311: handleAppVisibility mAppVisible = true visible = false
05-15 20:59:47.531 24267 24267 D VRI[InstrumentationActivityInvoker$EmptyActivity]@d5e9311: visibilityChanged oldVisibility=true newVisibility=false
05-15 20:59:47.531  1977  6970 D PersonaActivityHelper: token.toString()  Token{8335d53 ActivityRecord{135332749 u0 es.uniovi.recetasasturianas/.MainActivity t2378}}
05-15 20:59:47.531  1977  6970 D PersonaActivityHelper: mLastResumedSFActivity getPackageName  com.android.settings
05-15 20:59:47.531  1977  6970 D PersonaActivityHelper: mLastResumedSFActivity getShortClassName  .fuelgauge.RequestIgnoreBatteryOptimizations
05-15 20:59:47.532  1977  6970 D PersonaActivityHelper: token.toString()  Token{741d61a ActivityRecord{261437244 u0 es.uniovi.recetasasturianas/.MainActivity t-1 f}}}
05-15 20:59:47.532  1977  6970 D PersonaActivityHelper: mLastResumedSFActivity getPackageName  com.android.settings
05-15 20:59:47.532  1977  6970 D PersonaActivityHelper: mLastResumedSFActivity getShortClassName  .fuelgauge.RequestIgnoreBatteryOptimizations
05-15 20:59:47.533  1808  1808 D SurfaceFlinger: Display 4630947232161729154 HWC layers:
05-15 20:59:47.533  1808  1808 D SurfaceFlinger:        DEVICE |           47510928231456 | 00002100 | RGBA_8888    |    0.0    0.0 1080.0 2340.0 |    0    0 1080 2340 | Splash Screen es.uniovi.recetasasturianas$_11062#179426 (1)
05-15 20:59:47.533  1808  1808 D SurfaceFlinger:        DEVICE |           47510928230666 | 00002100 | RGBA_8888    |    0.0    0.0 1080.0   99.0 |    0    0 1080   99 | StatusBar$_11062#172976 (4131)
05-15 20:59:47.533  1808  1808 D SurfaceFlinger:        DEVICE |           47510928230672 | 00002100 | RGBA_8888    |    0.0    0.0 1080.0  144.0 |    0 2196 1080 2340 | NavigationBar0$_11062#172972 (357)
05-15 20:59:47.533  1808  1808 D SurfaceFlinger:        DEVICE |           27157078223661 | 00002100 | RGBA_8888    |    0.0   13.0  290.0  158.0 |  395    0  685  145 | $_6323#154529 (967)
05-15 20:59:47.533  1808  1808 D SurfaceFlinger:        DEVICE |           27157078223656 | 00002100 | RGBA_8888    |    0.0    0.0 1080.0  115.0 |    0    0 1080  115 | $_6323#177506 (652)
05-15 20:59:47.533  1808  1808 D SurfaceFlinger:        DEVICE |           47510928230638 | 00002140 | RGBA_8888    |    0.0    0.0 1080.0  121.0 |    0    0 1080  121 | ScreenDecorOverlay$_11062#172986 (67)
05-15 20:59:47.533  1808  1808 D SurfaceFlinger:        DEVICE |           47510928230639 | 00002140 |
05-15 20:59:47.533  1808  1808 D SurfaceFlinger:  RGBA_8888    |    0.0    0.0 1080.0  121.0 |    0 2219 1080 2340 | ScreenDecorOverlayBottom$_11062#172987 (60)
05-15 20:59:47.533  1808  1808 D SurfaceFlinger:
05-15 20:59:47.534  1808  1897 I SurfaceFlinger: id=179429 createSurf, flag=24000, Surface(name=8f932e4 StatusBar)/@0xabc478a - animation-leash of insets_animation#179429
05-15 20:59:47.536  1808  1897 I SurfaceFlinger: id=179430 createSurf, flag=24000, Surface(name=7a9d783 NavigationBar0)/@0x10e1471 - animation-leash of insets_animation#179430
05-15 20:59:47.536  1808  1808 I SurfaceFlinger: RequestedLayer [Task=2377#179411] hidden!! flag  from(0) --> to(1)
05-15 20:59:47.536  1808  1808 I SurfaceFlinger: [Display 0 name="Built-in Screen"#172933] setFrameRateCategory: Default
05-15 20:59:47.537  1808  1808 I SurfaceFlinger: [LayerHierarchy{RequestedLayerState{Task=2377#179411 parentId=172934 z=7} 1 children}] reparent to LayerHierarchy{RequestedLayerState{DefaultTaskDisplayArea_d0#172934 parentId=9} 11 children}
05-15 20:59:47.537  1808  1808 I SurfaceFlinger: [LayerHierarchy{RequestedLayerState{Task=2378#179423 parentId=172934 z=8} 1 children}] reparent to LayerHierarchy{RequestedLayerState{DefaultTaskDisplayArea_d0#172934 parentId=9} 12 children}
05-15 20:59:47.537  1808  1808 I SurfaceFlinger: [LayerHierarchy{RequestedLayerState{Transition Root: Task=2378#179427 z=8} no children}] reparent to OffscreenRoot
05-15 20:59:47.537  1808  1808 I SurfaceFlinger: [LayerHierarchy{RequestedLayerState{Transition Root: Task=2378#179427 z=8} no children}] RelativeParent to null
05-15 20:59:47.537  1808  1808 I SurfaceFlinger: [Surface(name=8f932e4 StatusBar)/@0xabc478a - animation-leash of insets_animation#179429] attach to parent LayerHierarchy{RequestedLayerState{WindowToken{68a9b23 type=2000 android.os.BinderProxy@abe78dd}#172963 parentId=17} 2 children}
05-15 20:59:47.537  1808  1808 I SurfaceFlinger: [Surface(name=7a9d783 NavigationBar0)/@0x10e1471 - animation-leash of insets_animation#179430] attach to parent LayerHierarchy{RequestedLayerState{WindowToken{ec79b94 type=2019 android.os.BinderProxy@3619da6}#172956 parentId=34} 2 children}
05-15 20:59:47.538 11062 11062 D SamsungLightBarControlHelper: updateStatusBar (WHITE icon) numStacks:1, StatusBarMode:MODE_TRANSPARENT, lightBarBounds:[], StatusBarState:SHADE, packageName:, isWhiteKeyguardStatusBar:false
05-15 20:59:47.538 11062 11062 D SamsungLightBarControlHelper: onStatusBarAppearanceChanged() -  sbModeChanged:false, statusBarMode:0, barState:MODE_TRANSPARENT, isKeyguardShowing:false, navbarColorManagedByIme:false, (AppearanceRegion{ bounds=[0,0][1080,2340]}, )
05-15 20:59:47.538 11062 11062 D NavigationBar: onSystemBarAttributesChanged() -  displayId:0, appearance:0, packageName: es.uniovi.recetasasturianas, navbarColorManagedByIme:false
05-15 20:59:47.539  1977  2142 D SurfaceComposerClient: setCornerRadius ## 65a2bbc Splash Screen es.uniovi.recetasasturianas#179425 cornerRadius=0.000000
05-15 20:59:47.539  1808  1808 E RefreshRateSelector: Can't find HRR max refresh rate by policy with the same group 1080
05-15 20:59:47.540 12633 17431 I Routine@Core[4.9.04.16]: ModesOrderManager: getOrderOrDefault: uuid(100)
05-15 20:59:47.542 24267 24288 D HWUI    : CacheManager::trimMemory(20)
05-15 20:59:47.544 12633 17431 I Routine@Core[4.9.04.16]: ModesOrderManager: getOrder: uuid(100) -> order(999)
05-15 20:59:47.545 12633 17431 I Routine@Core[4.9.04.16]: ModeListHolder: update: size(1) updated(2026/05/15 20:59:47) [ModeMeta(id=1, uuid=100, iconResourceId=2131231140, iconStatusResourceId=2131231637, displayName=Sleep, isRunning=false, runningReason=, runningReasonCondition=, isSet=true, isDeleted=false, detailRunningReason=null, order=999, toggleTime=1778816639015)]
05-15 20:59:47.545 11062 11062 D QSClock : onDarkChanged tint=WHITE
05-15 20:59:47.547  1808  1897 I SurfaceFlinger: id=179431 createSurf, flag=24000, Surface(name=830adf4 es.uniovi.recetasasturianas.test/androidx.test.core.app.InstrumentationActivityInvoker$EmptyActivity)/@0x516f350 - animation-leash of starting_reveal#179431
05-15 20:59:47.550 11062 11118 D ShellTaskOrganizer: removeStartingWindow, removalInfo=StartingWindowRemovalInfo{taskId=2377 frame=Rect(0, 0 - 1080, 2340) playRevealAnimation=true roundedCornerRadius=0.0 deferRemoveMode=0 windowlessSurface=false removeImmediately=false}
05-15 20:59:47.550  1808  1897 I SurfaceFlinger: id=179398 Removed ActivityRecord{261437244 u0 es.uniovi.recetasasturianas/.MainActivity t2376}#179398 (177)
05-15 20:59:47.550  1808  1897 I SurfaceFlinger: id=179427 Removed Transition Root: Task=2378#179427 (177)
05-15 20:59:47.553  1808  1808 I SurfaceFlinger: RequestedLayer [Splash Screen es.uniovi.recetasasturianas.test$_11062#179414] hidden!! flag  from(0) --> to(1)
05-15 20:59:47.553  1808  1808 I SurfaceFlinger: RequestedLayer [es.uniovi.recetasasturianas.test/and[...]yInvoker$EmptyActivity$_24267#179421] hidden!! flag  from(0) --> to(1)
