05-15 20:59:47.553  1808  1808 I SurfaceFlinger: RequestedLayer [ActivityRecord{116069474 u0 es.uniov[...]yInvoker$EmptyActivity t2377}#179412] hidden!! flag  from(0) --> to(1)
05-15 20:59:47.554  1808  1808 I SurfaceFlinger: destroyed 823570e ActivityRecordInputSink es.uniovi.recetasasturianas/.MainActivity#179402 form LifecycleManager
05-15 20:59:47.554  1808  1808 I SurfaceFlinger: destroyed ActivityRecord{261437244 u0 es.uniovi.recetasasturianas/.MainActivity t2376}#179398 form LifecycleManager
05-15 20:59:47.554  1808  1808 I SurfaceFlinger: destroyed Transition Root: Task=2378#179427 form LifecycleManager
05-15 20:59:47.554  1808  1808 I SurfaceFlinger: [LayerHierarchy{RequestedLayerState{7a9d783 NavigationBar0#172957 parentId=179430} 1 children}] reparent to LayerHierarchy{RequestedLayerState{Surface(name=7a9d783 NavigationBar0)/@0x10e1471 - animation-leash of insets_animation#179430 parentId=172956} 1 children}
05-15 20:59:47.554  1808  1808 I SurfaceFlinger: [LayerHierarchy{RequestedLayerState{8f932e4 StatusBar#172964 parentId=179429} 1 children}] reparent to LayerHierarchy{RequestedLayerState{Surface(name=8f932e4 StatusBar)/@0xabc478a - animation-leash of insets_animation#179429 parentId=172963} 1 children}
05-15 20:59:47.554  1808  1808 I SurfaceFlinger: [Surface(name=830adf4 es.uniovi.recetasasturianas.test/androidx.test.core.app.InstrumentationActivityInvoker$EmptyActivity)/@0x516f350 - animation-leash of starting_reveal#179431] attach to parent LayerHierarchy{RequestedLayerState{ActivityRecord{116069474 u0 es.uniovi.recetasasturianas.test/androidx.test.core.app.InstrumentationActivityInvoker$EmptyActivity t2377}#179412 parentId=179411} 4 children}
05-15 20:59:47.554  1808  1808 I SurfaceFlinger: [LayerHierarchy{RequestedLayerState{Surface(name=7a9d783 NavigationBar0)/@0x10e1471 - animation-leash of insets_animation#179417} no children}] reparent to OffscreenRoot
05-15 20:59:47.554  1808  1808 I SurfaceFlinger: [LayerHierarchy{RequestedLayerState{Surface(name=7a9d783 NavigationBar0)/@0x10e1471 - animation-leash of insets_animation#179417} no children}] RelativeParent to null
05-15 20:59:47.554  1808  1808 I SurfaceFlinger: [LayerHierarchy{RequestedLayerState{Surface(name=8f932e4 StatusBar)/@0xabc478a - animation-leash of insets_animation#179416} no children}] reparent to OffscreenRoot
05-15 20:59:47.554  1808  1808 I SurfaceFlinger: [LayerHierarchy{RequestedLayerState{Surface(name=8f932e4 StatusBar)/@0xabc478a - animation-leash of insets_animation#179416} no children}] RelativeParent to null
05-15 20:59:47.554  1808  1808 I SurfaceFlinger: id=179402 onLayerDestroyed from LayerHierarchyBuilder(RequestedLayerState{823570e ActivityRecordInputSink es.uniovi.recetasasturianas/.MainActivity#179402 !handle z=-2147483648})
05-15 20:59:47.554  1808  1808 I SurfaceFlinger: id=179398 onLayerDestroyed from LayerHierarchyBuilder(RequestedLayerState{ActivityRecord{261437244 u0 es.uniovi.recetasasturianas/.MainActivity t2376}#179398 !handle})
05-15 20:59:47.554  1808  1808 I SurfaceFlinger: id=179427 onLayerDestroyed from LayerHierarchyBuilder(RequestedLayerState{Transition Root: Task=2378#179427 !handle z=8})
05-15 20:59:47.555 12633 17431 I Routine@Core[4.9.04.16]: ActivityWatcherListenerImpl: onResumeComponent: componentName - es.uniovi.recetasasturianas, es.uniovi.recetasasturianas.MainActivity, userId: 0
05-15 20:59:47.556  1808  1808 I Layer   : id=179402 Destroyed 823570e ActivityRecordInputSink es.uniovi.recetasasturianas/.MainActivity#179402
05-15 20:59:47.556  1808  1808 I Layer   : id=179398 Destroyed ActivityRecord{261437244 u0 es.uniovi.recetasasturianas/.MainActivity t2376}#179398
05-15 20:59:47.556  1808  1808 I Layer   : id=179427 Destroyed Transition Root: Task=2378#179427
05-15 20:59:47.557 12633 17431 I Routine@Core[4.9.04.16]: Pref: putSharedPrefsData: key=condition_launch_app_data_resume_pkg, data.size=70
05-15 20:59:47.557 24090 24090 I DecorView: setWindowBackground: isPopOver=false color=ff141218 d=android.graphics.drawable.ColorDrawable@fe25a66
05-15 20:59:47.557  1977  2997 I WindowManager: Relayout Window{9a7f7d1 u0 Splash Screen es.uniovi.recetasasturianas.test}: viewVisibility=8 req=1080x2340 ty=3 d0
05-15 20:59:47.557  1977  2997 D SurfaceComposerClient: setCornerRadius ## 65a2bbc Splash Screen es.uniovi.recetasasturianas#179425 cornerRadius=0.000000
05-15 20:59:47.558  1977  2997 D SurfaceComposerClient: setCornerRadius ## 65a2bbc Splash Screen es.uniovi.recetasasturianas#179425 cornerRadius=0.000000
05-15 20:59:47.559  1977  2997 I WindowManager: Relayout hash=9a7f7d1, pid=11062, syncId=-1: mAttrs={(0,0)(fillxfill) sim={adjust=pan} layoutInDisplayCutoutMode=always ty=APPLICATION_STARTING fmt=TRANSLUCENT
05-15 20:59:47.559  1977  2997 I WindowManager:   fl=81030118
05-15 20:59:47.559  1977  2997 I WindowManager:   pfl=10000810
05-15 20:59:47.559  1977  2997 I WindowManager:   apr=18
05-15 20:59:47.559  1977  2997 I WindowManager:   bhv=1
05-15 20:59:47.559  1977  2997 I WindowManager:   fitSides=0
05-15 20:59:47.559  1977  2997 I WindowManager:   frameRateBoostOnTouch=true
05-15 20:59:47.559  1977  2997 I WindowManager:   dvrrWindowFrameRateHint=true naviIconColor=0}
05-15 20:59:47.559 24090 24090 D LifecycleMonitor: Lifecycle status change: es.uniovi.recetasasturianas.MainActivity@385d7da in: CREATED
05-15 20:59:47.559 11062 11138 I VRI[test]@3d01deb: onActiveControlsChanged, removed=false, mAdded=true, caller=android.view.ViewRootImpl.handleInsetsControlChanged:3002 android.view.ViewRootImpl.relayoutWindow:11629 android.view.ViewRootImpl.performTraversals:4804 android.view.ViewRootImpl.doTraversal:3924 android.view.ViewRootImpl$TraversalRunnable.run:12903
05-15 20:59:47.559 24090 24090 V ActivityScenario: Update currentActivityStage to CREATED, currentActivity=es.uniovi.recetasasturianas.MainActivity@385d7da
05-15 20:59:47.560 11062 11138 I VRI[test]@3d01deb: Relayout returned: old=(0,0,1080,2340) new=(0,0,1080,2340) relayoutAsync=false req=(1080,2340)8 dur=2 res=0x2 s={false 0x0} ch=true seqId=0
05-15 20:59:47.560  1808  4802 I SurfaceFlinger: id=179416 Removed Surface(name=8f932e4 StatusBar)/@0xabc478a - animation-leash of insets_animation#179416 (174)
05-15 20:59:47.560 11062 11138 D VRI[test]@3d01deb: Not drawing due to not visible. Reason=View.GONE
05-15 20:59:47.560  1808  4802 I SurfaceFlinger: id=179417 Removed Surface(name=7a9d783 NavigationBar0)/@0x10e1471 - animation-leash of insets_animation#179417 (174)
05-15 20:59:47.560 11062 11138 W WindowOnBackDispatcher: sendCancelIfRunning: isInProgress=false callback=android.view.ViewRootImpl$$ExternalSyntheticLambda16@390adc7
05-15 20:59:47.561 11062 11138 I VRI[test]@3d01deb: dispatchDetachedFromWindow
05-15 20:59:47.561  1808  1808 I SurfaceFlinger: [Display 0 name="Built-in Screen"#172933] setFrameRateCategory: High
05-15 20:59:47.562  1808  1808 I SurfaceFlinger: RequestedLayer [Task=2377#179411] hidden!! flag  from(1) --> to(0)
05-15 20:59:47.562  1808  1808 I SurfaceFlinger: destroyed Surface(name=7a9d783 NavigationBar0)/@0x10e1471 - animation-leash of insets_animation#179417 form LifecycleManager
05-15 20:59:47.562  1808  1808 I SurfaceFlinger: destroyed Surface(name=8f932e4 StatusBar)/@0xabc478a - animation-leash of insets_animation#179416 form LifecycleManager
05-15 20:59:47.562  1808  1808 I SurfaceFlinger: [LayerHierarchy{RequestedLayerState{830adf4 es.uniovi.recetasasturianas.test/androidx.test.core.app.InstrumentationActivityInvoker$EmptyActivity#179419 parentId=179431} 1 children}] reparent to LayerHierarchy{RequestedLayerState{Surface(name=830adf4 es.uniovi.recetasasturianas.test/androidx.test.core.app.InstrumentationActivityInvoker$EmptyActivity)/@0x516f350 - animation-leash of starting_reveal#179431 parentId=179412} 1 children}
05-15 20:59:47.562  1808  1808 I SurfaceFlinger: id=179417 onLayerDestroyed from LayerHierarchyBuilder(RequestedLayerState{Surface(name=7a9d783 NavigationBar0)/@0x10e1471 - animation-leash of insets_animation#179417 !handle})
05-15 20:59:47.562  1808  1808 I SurfaceFlinger: id=179416 onLayerDestroyed from LayerHierarchyBuilder(RequestedLayerState{Surface(name=8f932e4 StatusBar)/@0xabc478a - animation-leash of insets_animation#179416 !handle})
05-15 20:59:47.563  5792  5792 W Finsky  : [2] STU: Failed to get storage stats for package 'com.samsung.android.authfw.ta' (1601: Error getting stats: android.content.pm.PackageManager.NameNotFoundException)
05-15 20:59:47.563  1977  6970 D InputTransport: Input channel destroyed: '9a7f7d1', fd=1103
05-15 20:59:47.564  1977  6970 D SurfaceComposerClient: setCornerRadius ## 65a2bbc Splash Screen es.uniovi.recetasasturianas#179425 cornerRadius=0.000000
05-15 20:59:47.564  1808  1808 I Layer   : id=179417 Destroyed Surface(name=7a9d783 NavigationBar0)/@0x10e1471 - animation-leash of insets_animation#179417
05-15 20:59:47.564  1808  1808 I Layer   : id=179416 Destroyed Surface(name=8f932e4 StatusBar)/@0xabc478a - animation-leash of insets_animation#179416
05-15 20:59:47.564  1977  6970 D SurfaceComposerClient: setCornerRadius ## 65a2bbc Splash Screen es.uniovi.recetasasturianas#179425 cornerRadius=0.000000
05-15 20:59:47.565 11062 11138 D InputTransport: Input channel destroyed: '9a7f7d1', fd=498
05-15 20:59:47.566 11062 11138 I VRI[test]@3d01deb: onActiveControlsChanged, removed=true, mAdded=false, caller=android.view.ViewRootImpl.handleInsetsControlChanged:3002 android.view.ViewRootImpl$ViewRootHandler.handleMessageImpl:8352 android.view.ViewRootImpl$ViewRootHandler.handleMessage:8301 android.os.Handler.dispatchMessage:110 android.os.Looper.loopOnce:273
05-15 20:59:47.566 11062 11138 I VRI[recetasasturianas]@51944a: onActiveControlsChanged, removed=false, mAdded=true, caller=android.view.ViewRootImpl.handleInsetsControlChanged:3002 android.view.ViewRootImpl$ViewRootHandler.handleMessageImpl:8352 android.view.ViewRootImpl$ViewRootHandler.handleMessage:8301 android.os.Handler.dispatchMessage:110 android.os.Looper.loopOnce:273
05-15 20:59:47.566 11062 11138 I InsetsSourceConsumer: applyRequestedVisibilityToControl: visible=true, type=statusBars, host=Splash Screen es.uniovi.recetasasturianas
05-15 20:59:47.566 11062 11138 I InsetsSourceConsumer: applyRequestedVisibilityToControl: visible=true, type=navigationBars, host=Splash Screen es.uniovi.recetasasturianas
05-15 20:59:47.570  1808  1808 I SurfaceFlinger: [Display 0 name="Built-in Screen"#172933] setFrameRateCategory: Default
05-15 20:59:47.570  1808  1808 I SurfaceFlinger: RequestedLayer [Task=2377#179411] hidden!! flag  from(0) --> to(1)
05-15 20:59:47.570  1808  1808 I SurfaceFlinger: [LayerHierarchy{RequestedLayerState{Surface(name=830adf4 es.uniovi.recetasasturianas.test/androidx.test.core.app.InstrumentationActivityInvoker$EmptyActivity)/@0x516f350 - animation-leash of starting_reveal#179431} 1 children}] reparent to OffscreenRoot
05-15 20:59:47.570  1808  1808 I SurfaceFlinger: [LayerHierarchy{RequestedLayerState{Surface(name=830adf4 es.uniovi.recetasasturianas.test/androidx.test.core.app.InstrumentationActivityInvoker$EmptyActivity)/@0x516f350 - animation-leash of starting_reveal#179431} 1 children}] RelativeParent to null
05-15 20:59:47.570  1808  1808 I SurfaceFlinger: [LayerHierarchy{RequestedLayerState{9a7f7d1 Splash Screen es.uniovi.recetasasturianas.test#179413 z=2147483647} 1 children}] reparent to OffscreenRoot
05-15 20:59:47.570  1808  1808 I SurfaceFlinger: [LayerHierarchy{RequestedLayerState{9a7f7d1 Splash Screen es.uniovi.recetasasturianas.test#179413 z=2147483647} 1 children}] RelativeParent to null
05-15 20:59:47.570  1808  1808 I SurfaceFlinger: [LayerHierarchy{RequestedLayerState{Splash Screen es.uniovi.recetasasturianas.test$_11062#179414} no children}] reparent to OffscreenRoot
05-15 20:59:47.570  1808  1808 I SurfaceFlinger: [LayerHierarchy{RequestedLayerState{Splash Screen es.uniovi.recetasasturianas.test$_11062#179414} no children}] RelativeParent to null
05-15 20:59:47.570  1808  1808 I SurfaceFlinger: [LayerHierarchy{RequestedLayerState{830adf4 es.uniovi.recetasasturianas.test/androidx.test.core.app.InstrumentationActivityInvoker$EmptyActivity#179419 parentId=179412} 1 children}] reparent to LayerHierarchy{RequestedLayerState{ActivityRecord{116069474 u0 es.uniovi.recetasasturianas.test/androidx.test.core.app.InstrumentationActivityInvoker$EmptyActivity t2377}#179412 parentId=179411} 2 children}
05-15 20:59:47.571  1977  2142 D SurfaceComposerClient: setCornerRadius ## 65a2bbc Splash Screen es.uniovi.recetasasturianas#179425 cornerRadius=0.000000
05-15 20:59:47.573  1808  1808 E RefreshRateSelector: Can't find HRR max refresh rate by policy with the same group 1080
05-15 20:59:47.573  1808  4802 I SurfaceFlinger: id=179413 Removed 9a7f7d1 Splash Screen es.uniovi.recetasasturianas.test#179413 (172)
05-15 20:59:47.573  1808  4802 I SurfaceFlinger: id=179414 Removed Splash Screen es.uniovi.recetasasturianas.test$_11062#179414 (172)
05-15 20:59:47.575  2090  2090 I CameraService: onUidStateChanged: uid=10048, procState is changed. (1 -> 0)
05-15 20:59:47.578 11062 11062 D SystemUIService: SYSUI_RAM_OPTIMIZATION onTrimMemory=20
05-15 20:59:47.578 11062 11062 D CentralSurfaces: SYSUI_RAM_OPTIMIZATION onTrimMemory=20
05-15 20:59:47.578 11062 11227 D HWUI    : CacheManager::trimMemory(20)
05-15 20:59:47.578  1808  1808 I SurfaceFlinger: destroyed 9a7f7d1 Splash Screen es.uniovi.recetasasturianas.test#179413 form LifecycleManager
05-15 20:59:47.578  1808  1808 I SurfaceFlinger: destroyed Splash Screen es.uniovi.recetasasturianas.test$_11062#179414 form LifecycleManager
05-15 20:59:47.578  1808  1808 I SurfaceFlinger: id=179413 onLayerDestroyed from LayerHierarchyBuilder(RequestedLayerState{9a7f7d1 Splash Screen es.uniovi.recetasasturianas.test#179413 !handle z=2147483647})
05-15 20:59:47.578  1808  1808 I SurfaceFlinger: id=179414 onLayerDestroyed from LayerHierarchyBuilder(RequestedLayerState{Splash Screen es.uniovi.recetasasturianas.test$_11062#179414 !handle})
05-15 20:59:47.579  5792  5792 W Finsky  : [2] STU: Failed to get storage stats for package 'com.samsung.android.wifi.broadcom' (1601: Error getting stats: android.content.pm.PackageManager.NameNotFoundException)
05-15 20:59:47.580  1808  1808 I Layer   : id=179413 Destroyed 9a7f7d1 Splash Screen es.uniovi.recetasasturianas.test#179413
05-15 20:59:47.580  1808  1808 I Layer   : id=179414 Destroyed Splash Screen es.uniovi.recetasasturianas.test$_11062#179414
05-15 20:59:47.586  1977  6950 I WindowManager: Relayout Window{830adf4 u0 es.uniovi.recetasasturianas.test/androidx.test.core.app.InstrumentationActivityInvoker$EmptyActivity}: viewVisibility=8 req=1080x2340 ty=1 d0
05-15 20:59:47.586 11062 11062 D SystemUIService: SYSUI_RAM_OPTIMIZATION onTrimMemory=20
05-15 20:59:47.586 11062 11062 D CentralSurfaces: SYSUI_RAM_OPTIMIZATION onTrimMemory=20
05-15 20:59:47.586 11062 11227 D HWUI    : CacheManager::trimMemory(20)
05-15 20:59:47.587  1977  6950 D SurfaceComposerClient: setCornerRadius ## 65a2bbc Splash Screen es.uniovi.recetasasturianas#179425 cornerRadius=0.000000
05-15 20:59:47.588  1977  6950 D SurfaceComposerClient: setCornerRadius ## 65a2bbc Splash Screen es.uniovi.recetasasturianas#179425 cornerRadius=0.000000
05-15 20:59:47.590  1977  6950 I WindowManager: Relayout hash=830adf4, pid=24267, syncId=-1: mAttrs={(0,0)(fillxfill) sim={adjust=pan forwardNavigation} layoutInDisplayCutoutMode=always ty=BASE_APPLICATION
05-15 20:59:47.590  1977  6950 I WindowManager:   fl=81810100
05-15 20:59:47.590  1977  6950 I WindowManager:   pfl=100088c0
05-15 20:59:47.590  1977  6950 I WindowManager:   bhv=1
05-15 20:59:47.590  1977  6950 I WindowManager:   fitSides=0
05-15 20:59:47.590  1977  6950 I WindowManager:   frameRateBoostOnTouch=true
05-15 20:59:47.590  1977  6950 I WindowManager:   dvrrWindowFrameRateHint=true naviIconColor=0}
05-15 20:59:47.591 24090 24090 D RecipeListViewModel: SwitchMap disparado con query: ''
05-15 20:59:47.591 24090 24090 D RecipeListViewModel: ViewModel init
05-15 20:59:47.591 24090 24090 D RecipeListViewModel: loadRecipes() empezando...
05-15 20:59:47.592 24090 24090 D RecipeListViewModel: Conexión detectada: true
05-15 20:59:47.593 24090 24090 D RecipeListViewModel: SwitchMap disparado con query: ''
05-15 20:59:47.594 24090 24090 D LifecycleMonitor: Lifecycle status change: es.uniovi.recetasasturianas.MainActivity@385d7da in: STARTED
05-15 20:59:47.595 24090 24090 V ActivityScenario: Update currentActivityStage to STARTED, currentActivity=es.uniovi.recetasasturianas.MainActivity@385d7da
05-15 20:59:47.595 24090 24090 D LifecycleMonitor: Lifecycle status change: es.uniovi.recetasasturianas.MainActivity@385d7da in: RESUMED
05-15 20:59:47.595 24090 24090 V ActivityScenario: Update currentActivityStage to RESUMED, currentActivity=es.uniovi.recetasasturianas.MainActivity@385d7da
05-15 20:59:47.595 24090 24090 D RecipeListViewModel: SwitchMap disparado con query: ' '
05-15 20:59:47.596 24090 24090 D RecipeListViewModel: SwitchMap disparado con query: ''
05-15 20:59:47.596 24267 24267 I VRI[InstrumentationActivityInvoker$EmptyActivity]@d5e9311: Relayout returned: old=(0,0,1080,2340) new=(0,0,1080,2340) relayoutAsync=false req=(1080,2340)8 dur=51 res=0x2 s={false 0x0} ch=true seqId=0
05-15 20:59:47.596 24267 24267 D VRI[InstrumentationActivityInvoker$EmptyActivity]@d5e9311: Not drawing due to not visible. Reason=!mAppVisible && !mForceDecorViewVisibility
05-15 20:59:47.597 24090 24090 D ViewRootImpl: desktopMode is false
05-15 20:59:47.597 24090 24090 I ViewRootImpl: dVRR is disabled
05-15 20:59:47.597 24090 24155 D NativeCustomFrequencyManager: [NativeCFMS] BpCustomFrequencyManager::BpCustomFrequencyManager()
05-15 20:59:47.598  1977  4019 D InputTransport: Input channel constructed: 'f15dc68', fd=1103
05-15 20:59:47.598  1977  4019 D InputTransport: Input channel constructed: 'f15dc68', fd=1222
05-15 20:59:47.599  1977  4019 D InputTransport: Input channel constructed: 'f15dc68', fd=1240
05-15 20:59:47.599  1977  4019 D InputTransport: Input channel destroyed: 'f15dc68', fd=1222
05-15 20:59:47.599  1808  4802 I SurfaceFlinger: id=179432 createSurf, flag=84004, f15dc68 es.uniovi.recetasasturianas/es.uniovi.recetasasturianas.MainActivity#179432
05-15 20:59:47.600  4195 23188 I HoneySpace.RecentTasks: onRecentTasksChanged
05-15 20:59:47.600  1977  4019 D InputTransport: Input channel destroyed: 'f15dc68', fd=1240
05-15 20:59:47.600 24090 24090 D InputTransport: Input channel constructed: 'f15dc68', fd=151
05-15 20:59:47.601 24090 24090 I InsetsController: onStateChanged: host=es.uniovi.recetasasturianas/es.uniovi.recetasasturianas.MainActivity, from=android.view.ViewRootImpl.onInsetsStateChanged:3026, state=InsetsState: {mDisplayFrame=Rect(0, 0 - 1080, 2340), mDisplayCutout=DisplayCutout{insets=Rect(0, 99 - 0, 0) waterfall=Insets{left=0, top=0, right=0, bottom=0} boundingRect={Bounds=[Rect(0, 0 - 0, 0), Rect(505, 0 - 575, 99), Rect(0, 0 - 0, 0), Rect(0, 0 - 0, 0)]} cutoutPathParserInfo={CutoutPathParserInfo{displayWidth=1080 displayHeight=2340 physicalDisplayWidth=1080 physicalDisplayHeight=2340 density={3.0} cutoutSpec={M 0,0 M 0,29 a 35,35 0 1,0 0,70 a 35,35 0 1,0 0,-70 Z} rotation={0} scale={1.0} physicalPixelDisplaySizeRatio={1.0}}} sideOverrides={}}, mRoundedCorners=RoundedCorners{[RoundedCorner{position=TopLeft, radius=108, center=Point(108, 108)}, RoundedCorner{position=TopRight, radius=108, center=Point(972, 108)}, RoundedCorner{position=BottomRight, radius=108, center=Point(972, 2232)}, RoundedCorner{position=BottomLeft, radius=108, center=Point(108, 2232)}]}  mRoundedCornerFrame=Rect(0, 0 - 1080, 2340), mPrivacyIndicatorBounds=PrivacyIndicatorBounds {static bounds=Rect(948, 0 - 1080, 99) rotation=0}, mDisplayShape=DisplayShape{ spec=-311912193 displayWidth=1080 displayHeight=2340 physicalPixelDisplaySizeRatio=1.0 rotation=0 offsetX=0 offsetY=0 scale=1.0}, mSources= { InsetsSource: {b73a0001 mType=navigationBars mFrame=[0,0][0,0] mVisible=true mFlags=SUPPRESS_SCRIM mSideHint=NONE mBoundingRects=null}, InsetsSource: {b73a0004 mType=systemGestures mFrame=[0,0][90,2340] mVisible=true mFlags= mSideHint=LEFT mBoundingRects=null}, InsetsSource: {b73a0005 mType=mandatorySystemGestures mFrame=[0,2265][1080,2340] mVisible=true mFlags= mSideHint=BOTTOM mBoundingRects=null}, InsetsSource: {b73a0006 mType=tappableElement mFrame=[0,0][0,0] mVisible=true mFlags= mSideHint=NONE mBoundingRects=null}, InsetsSource: {b73a0024 mType=systemGestures mFrame=[990,0][1080,2340] mVisible=true mFlags= mSideHint=RIGHT mBoundingRects=null}, InsetsSource: {3 mType=ime mFrame=[0,0][0,0] mVisible=false mFlags= mSideHint=NONE mBoundingRects=null}, InsetsSource: {27 mType=displayCutout mFrame=[0,0][1080,99] mVisible=true mFlags= mSideHint=TOP mBoundingRects=null}, InsetsSource: {9260000 mType=statusBars mFrame=[0,0][1080,99] mVisible=true mFlags= mSideHint=TOP mBoundingRects=null}, InsetsSource: {9260005 mType=mandatorySystemGestures mFrame=[0,0][1080,135] mVisible=true mFlags= mSideHint=TOP mBoundingRects=null}, InsetsSource: {9260006 mType=tappableElement mFrame=[0,0][1080,99] mVisible=true mFlags= mSideHint=TOP mBoundingRects=null} }
05-15 20:59:47.601 24090 24090 I VRI[MainActivity]@2e45f19: synced displayState. AttachInfo displayState=2
05-15 20:59:47.603 24090 24090 I VRI[MainActivity]@2e45f19: setView = com.android.internal.policy.DecorView@b52d3d5 IsHRR=false mFlingFrameRateChange=0 TM=true
05-15 20:59:47.603  1808  1808 I SurfaceFlinger: [f15dc68 es.uniovi.recetasasturianas/es.uniovi.recetasasturianas.MainActivity#179432] attach to parent LayerHierarchy{RequestedLayerState{ActivityRecord{135332749 u0 es.uniovi.recetasasturianas/.MainActivity t2378}#179424 parentId=179423} 3 children}
05-15 20:59:47.608  1977  2997 I WindowManager: Relayout Window{f15dc68 u0 es.uniovi.recetasasturianas/es.uniovi.recetasasturianas.MainActivity}: viewVisibility=0 req=1080x2340 ty=1 d0
05-15 20:59:47.608  1977  2505 D AnalyticsContainerHandler: handleMessage : { when=0 what=1 target=com.android.server.knox.KnoxAnalyticsContainer$AnalyticsHandler }
05-15 20:59:47.608  1808  4802 I SurfaceFlinger: id=179433 createSurf, flag=44004, es.uniovi.recetasasturianas/es.uniovi.recetasasturianas.MainActivity$_24090#179433
05-15 20:59:47.608  1977  2505 D AnalyticsContainerHandler: handleMessage : { when=0 what=2 target=com.android.server.knox.KnoxAnalyticsContainer$AnalyticsHandler }
05-15 20:59:47.609  1977  2997 D SurfaceComposerClient: setCornerRadius ## 65a2bbc Splash Screen es.uniovi.recetasasturianas#179425 cornerRadius=0.000000
05-15 20:59:47.609  1977  2997 D SurfaceComposerClient: setCornerRadius ## f15dc68 es.uniovi.recetasasturianas/es.uniovi.recetasasturianas.MainActivity#179432 cornerRadius=0.000000
05-15 20:59:47.610  1977  2997 D SurfaceComposerClient: setCornerRadius ## 65a2bbc Splash Screen es.uniovi.recetasasturianas#179425 cornerRadius=0.000000
05-15 20:59:47.610  1977  2997 D SurfaceComposerClient: setCornerRadius ## f15dc68 es.uniovi.recetasasturianas/es.uniovi.recetasasturianas.MainActivity#179432 cornerRadius=0.000000
05-15 20:59:47.611  1808  4802 I SurfaceFlinger: id=179434 createSurf, flag=24000, Surface(name=8f932e4 StatusBar)/@0xabc478a - animation-leash of insets_animation#179434
05-15 20:59:47.611  1808  1808 I SurfaceFlinger: RequestedLayer [f15dc68 es.uniovi.recetasasturianas/[...]ecetasasturianas.MainActivity#179432] hidden!! flag  from(1) --> to(0)
05-15 20:59:47.612  1808  1808 I SurfaceFlinger: [es.uniovi.recetasasturianas/es.uniovi.recetasasturianas.MainActivity$_24090#179433] attach to parent LayerHierarchy{RequestedLayerState{f15dc68 es.uniovi.recetasasturianas/es.uniovi.recetasasturianas.MainActivity#179432 parentId=179424} 1 children}
05-15 20:59:47.612  1808  1808 I SurfaceFlinger: [Surface(name=8f932e4 StatusBar)/@0xabc478a - animation-leash of insets_animation#179434] attach to parent LayerHierarchy{RequestedLayerState{WindowToken{68a9b23 type=2000 android.os.BinderProxy@abe78dd}#172963 parentId=17} 2 children}
05-15 20:59:47.612   776   776 I lmkd    : 0(delay), 50(swap), 0(freelimit), 0(reentrymode) memory pressure events were skipped after a kill!
05-15 20:59:47.612  1808  4802 I SurfaceFlinger: id=179435 createSurf, flag=24000, Surface(name=7a9d783 NavigationBar0)/@0x10e1471 - animation-leash of insets_animation#179435
05-15 20:59:47.613  1977  2997 I SystemKeyManager: requested systemKeyInfo size=1 focusedWindow=es.uniovi.recetasasturianas/es.uniovi.recetasasturianas.MainActivity
05-15 20:59:47.613  1977  2997 I SystemKeyManager: requested systemKeyInfo size=1 focusedWindow=es.uniovi.recetasasturianas/es.uniovi.recetasasturianas.MainActivity
05-15 20:59:47.620  1808  1808 I SurfaceFlinger: [LayerHierarchy{RequestedLayerState{7a9d783 NavigationBar0#172957 parentId=179435} 1 children}] reparent to LayerHierarchy{RequestedLayerState{Surface(name=7a9d783 NavigationBar0)/@0x10e1471 - animation-leash of insets_animation#179435 parentId=172956} 1 children}
05-15 20:59:47.620  1808  1808 I SurfaceFlinger: [LayerHierarchy{RequestedLayerState{8f932e4 StatusBar#172964 parentId=179434} 1 children}] reparent to LayerHierarchy{RequestedLayerState{Surface(name=8f932e4 StatusBar)/@0xabc478a - animation-leash of insets_animation#179434 parentId=172963} 1 children}
05-15 20:59:47.620  1808  1808 I SurfaceFlinger: [LayerHierarchy{RequestedLayerState{Surface(name=7a9d783 NavigationBar0)/@0x10e1471 - animation-leash of insets_animation#179430} no children}] reparent to OffscreenRoot
05-15 20:59:47.620  1808  1808 I SurfaceFlinger: [LayerHierarchy{RequestedLayerState{Surface(name=7a9d783 NavigationBar0)/@0x10e1471 - animation-leash of insets_animation#179430} no children}] RelativeParent to null
05-15 20:59:47.620  1808  1808 I SurfaceFlinger: [LayerHierarchy{RequestedLayerState{Surface(name=8f932e4 StatusBar)/@0xabc478a - animation-leash of insets_animation#179429} no children}] reparent to OffscreenRoot
05-15 20:59:47.620  1808  1808 I SurfaceFlinger: [LayerHierarchy{RequestedLayerState{Surface(name=8f932e4 StatusBar)/@0xabc478a - animation-leash of insets_animation#179429} no children}] RelativeParent to null
05-15 20:59:47.620  1808  1808 I SurfaceFlinger: [Surface(name=7a9d783 NavigationBar0)/@0x10e1471 - animation-leash of insets_animation#179435] attach to parent LayerHierarchy{RequestedLayerState{WindowToken{ec79b94 type=2019 android.os.BinderProxy@3619da6}#172956 parentId=34} 1 children}
05-15 20:59:47.622  1977  2997 I WindowManager: Relayout hash=f15dc68, pid=24090, syncId=-1: mAttrs={(0,0)(fillxfill) sim={adjust=resize} layoutInDisplayCutoutMode=always ty=BASE_APPLICATION wanim=0x1030317
05-15 20:59:47.622  1977  2997 I WindowManager:   fl=81810100
05-15 20:59:47.622  1977  2997 I WindowManager:   pfl=100088c0
05-15 20:59:47.622  1977  2997 I WindowManager:   vsysui=500
05-15 20:59:47.622  1977  2997 I WindowManager:   bhv=1
05-15 20:59:47.622  1977  2997 I WindowManager:   fitSides=0
05-15 20:59:47.622  1977  2997 I WindowManager:   frameRateBoostOnTouch=true
05-15 20:59:47.622  1977  2997 I WindowManager:   dvrrWindowFrameRateHint=true naviIconColor=0}
05-15 20:59:47.623 24090 24090 W libc    : Access denied finding property "vendor.display.enable_optimal_refresh_rate"
05-15 20:59:47.623 24090 24090 I BufferQueueProducer: [](id:5e1a00000001,api:0,p:0,c:24090) setDequeueTimeout:2077252342
05-15 20:59:47.624 24090 24090 I BLASTBufferQueue_Java: new BLASTBufferQueue, mName= VRI[MainActivity]@2e45f19 mNativeObject= 0xb400007e28de4cf0 caller= android.view.ViewRootImpl.updateBlastSurfaceIfNeeded:3585 android.view.ViewRootImpl.relayoutWindow:11685 android.view.ViewRootImpl.performTraversals:4804 android.view.ViewRootImpl.doTraversal:3924 android.view.ViewRootImpl$TraversalRunnable.run:12903 android.view.Choreographer$CallbackRecord.run:1901 android.view.Choreographer$CallbackRecord.run:1910 android.view.Choreographer.doCallbacks:1367 android.view.Choreographer.doFrame:1292 android.view.Choreographer$FrameDisplayEventReceiver.run:1870
05-15 20:59:47.624 24090 24090 I BLASTBufferQueue_Java: update, w= 1080 h= 2340 mName = VRI[MainActivity]@2e45f19 mNativeObject= 0xb400007e28de4cf0 sc.mNativeObject= 0xb400007ea8d2b610 format= -1 caller= android.view.ViewRootImpl.updateBlastSurfaceIfNeeded:3590 android.view.ViewRootImpl.relayoutWindow:11685 android.view.ViewRootImpl.performTraversals:4804 android.view.ViewRootImpl.doTraversal:3924 android.view.ViewRootImpl$TraversalRunnable.run:12903 android.view.Choreographer$CallbackRecord.run:1901
05-15 20:59:47.624 24090 24090 W libc    : Access denied finding property "vendor.display.enable_optimal_refresh_rate"
05-15 20:59:47.625 24090 24090 I VRI[MainActivity]@2e45f19: Relayout returned: old=(0,0,1080,2340) new=(0,0,1080,2340) relayoutAsync=false req=(1080,2340)0 dur=16 res=0x3 s={true 0xb400007de8d52610} ch=true seqId=0
05-15 20:59:47.625  1808  1951 D SurfaceFlinger: [input] setFocusedWindow: f15dc68 es.uniovi.recetasasturianas/es.uniovi.recetasasturianas.MainActivity
05-15 20:59:47.625 24090 24090 I VRI[MainActivity]@2e45f19: performConfigurationChange setNightDimText nightDimLevel=0
05-15 20:59:47.625  1977  2997 D InputDispatcher: Once focus requested (0): f15dc68 es.uniovi.recetasasturianas/es.uniovi.recetasasturianas.MainActivity
05-15 20:59:47.625  1977  2997 D InputDispatcher: Focus request (0): f15dc68 es.uniovi.recetasasturianas/es.uniovi.recetasasturianas.MainActivity but waiting because NO_WINDOW
05-15 20:59:47.626 24090 24090 D VRI[MainActivity]@2e45f19: mThreadedRenderer.initialize() mSurface={isValid=true 0xb400007de8d52610} hwInitialized=true
05-15 20:59:47.626 11062 11138 I VRI[recetasasturianas]@51944a: onActiveControlsChanged, removed=false, mAdded=true, caller=android.view.ViewRootImpl.handleInsetsControlChanged:3002 android.view.ViewRootImpl$ViewRootHandler.handleMessageImpl:8352 android.view.ViewRootImpl$ViewRootHandler.handleMessage:8301 android.os.Handler.dispatchMessage:110 android.os.Looper.loopOnce:273
05-15 20:59:47.626  1808  2497 I SurfaceFlinger: id=179429 Removed Surface(name=8f932e4 StatusBar)/@0xabc478a - animation-leash of insets_animation#179429 (174)
05-15 20:59:47.626  1808  2497 I SurfaceFlinger: id=179430 Removed Surface(name=7a9d783 NavigationBar0)/@0x10e1471 - animation-leash of insets_animation#179430 (174)
05-15 20:59:47.628  1808  1808 I SurfaceFlinger: destroyed Surface(name=7a9d783 NavigationBar0)/@0x10e1471 - animation-leash of insets_animation#179430 form LifecycleManager
05-15 20:59:47.628  1808  1808 I SurfaceFlinger: destroyed Surface(name=8f932e4 StatusBar)/@0xabc478a - animation-leash of insets_animation#179429 form LifecycleManager
05-15 20:59:47.628  1808  1808 I SurfaceFlinger: id=179430 onLayerDestroyed from LayerHierarchyBuilder(RequestedLayerState{Surface(name=7a9d783 NavigationBar0)/@0x10e1471 - animation-leash of insets_animation#179430 !handle})
05-15 20:59:47.628  1808  1808 I SurfaceFlinger: id=179429 onLayerDestroyed from LayerHierarchyBuilder(RequestedLayerState{Surface(name=8f932e4 StatusBar)/@0xabc478a - animation-leash of insets_animation#179429 !handle})
05-15 20:59:47.628 24090 24090 D VRI[MainActivity]@2e45f19: reportNextDraw android.view.ViewRootImpl.performTraversals:5443 android.view.ViewRootImpl.doTraversal:3924 android.view.ViewRootImpl$TraversalRunnable.run:12903 android.view.Choreographer$CallbackRecord.run:1901 android.view.Choreographer$CallbackRecord.run:1910
05-15 20:59:47.628 24090 24090 D VRI[MainActivity]@2e45f19: Setup new sync=wmsSync-VRI[MainActivity]@2e45f19#2
05-15 20:59:47.628 24090 24090 I VRI[MainActivity]@2e45f19: Creating new active sync group VRI[MainActivity]@2e45f19#3
05-15 20:59:47.629 24090 24090 D VRI[MainActivity]@2e45f19: registerCallbacksForSync syncBuffer=false
05-15 20:59:47.630  1808  1808 I Layer   : id=179430 Destroyed Surface(name=7a9d783 NavigationBar0)/@0x10e1471 - animation-leash of insets_animation#179430
05-15 20:59:47.630  1808  1808 I Layer   : id=179429 Destroyed Surface(name=8f932e4 StatusBar)/@0xabc478a - animation-leash of insets_animation#179429
05-15 20:59:47.640 24090 24176 D VRI[MainActivity]@2e45f19: Received frameDrawingCallback syncResult=0 frameNum=1.
05-15 20:59:47.640 24090 24176 I VRI[MainActivity]@2e45f19: mWNT: t=0xb400007df8db7fd0 mBlastBufferQueue=0xb400007e28de4cf0 fn= 1 HdrRenderState mRenderHdrSdrRatio=1.0 caller= android.view.ViewRootImpl$12.onFrameDraw:15441 android.view.ThreadedRenderer$1.onFrameDraw:718 <bottom of call stack>
05-15 20:59:47.640 24090 24176 I VRI[MainActivity]@2e45f19: Setting up sync and frameCommitCallback
05-15 20:59:47.641 24090 24155 I BLASTBufferQueue: [VRI[MainActivity]@2e45f19#1](f:0,a:0,s:0) onFrameAvailable the first frame is available
05-15 20:59:47.641 24090 24155 I SurfaceComposerClient: apply transaction with the first frame. layerId: 179433, bufferData(ID: 103465762160647, frameNumber: 1)
05-15 20:59:47.642 24090 24155 I VRI[MainActivity]@2e45f19: Received frameCommittedCallback lastAttemptedDrawFrameNum=1 didProduceBuffer=true
05-15 20:59:47.642  1808  2497 I SurfaceFlinger: [es.uniovi.recetasasturianas/es.uniovi.recetasasturianas.MainActivity$_24090#179433] setTransactionState with the first frame. bufferData(ID: 103465762160647, frameNumber: 1)
05-15 20:59:47.642 24090 24155 D HWUI    : CFMS:: SetUp Pid : 24090    Tid : 24155
05-15 20:59:47.642 24090 24090 D VRI[MainActivity]@2e45f19: reportDrawFinished seqId=0
05-15 20:59:47.643  1977  2142 D SurfaceComposerClient: setCornerRadius ## 65a2bbc Splash Screen es.uniovi.recetasasturianas#179425 cornerRadius=0.000000
05-15 20:59:47.643  1977  2142 D SurfaceComposerClient: setCornerRadius ## f15dc68 es.uniovi.recetasasturianas/es.uniovi.recetasasturianas.MainActivity#179432 cornerRadius=0.000000
05-15 20:59:47.644  1977  2142 D SurfaceComposerClient: setCornerRadius ## 65a2bbc Splash Screen es.uniovi.recetasasturianas#179425 cornerRadius=0.000000
05-15 20:59:47.644  1808  2497 I SurfaceFlinger: id=179436 createSurf, flag=24000, Surface(name=f15dc68 es.uniovi.recetasasturianas/es.uniovi.recetasasturianas.MainActivity)/@0x7b5d080 - animation-leash of starting_reveal#179436
05-15 20:59:47.644 24090 24155 D HWUI    : HWUI - treat SMPTE_170M as sRGB
05-15 20:59:47.645 24090 24090 D RecipeListViewModel: Dataset recibido: 78 recetas
05-15 20:59:47.645  1808  1808 I SurfaceFlinger: [Surface(name=f15dc68 es.uniovi.recetasasturianas/es.uniovi.recetasasturianas.MainActivity)/@0x7b5d080 - animation-leash of starting_reveal#179436] attach to parent LayerHierarchy{RequestedLayerState{ActivityRecord{135332749 u0 es.uniovi.recetasasturianas/.MainActivity t2378}#179424 parentId=179423} 4 children}
05-15 20:59:47.645 24090 24090 D RecipeListViewModel: loadRecipes() finalizado
05-15 20:59:47.646 11062 11118 D ShellTaskOrganizer: removeStartingWindow, removalInfo=StartingWindowRemovalInfo{taskId=2378 frame=Rect(0, 0 - 1080, 2340) playRevealAnimation=true roundedCornerRadius=0.0 deferRemoveMode=0 windowlessSurface=false removeImmediately=false}
05-15 20:59:47.647  1977  2128 I PkgPredictorService-SecIpmManagerServiceImpl: reportToNAP uid:10625 es.uniovi.recetasasturianas/es.uniovi.recetasasturianas.MainActivity thisTime:196
05-15 20:59:47.647  1977  2128 D PkgPredictorService-SecIpmManagerServiceImpl: reportToNAP: mHeavyLaunchCounter is false
05-15 20:59:47.648  1977  2128 I ActivityTaskManager: Displayed es.uniovi.recetasasturianas/.MainActivity for user 0: +196ms
05-15 20:59:47.650  4301  4301 E pageboostd: Received HALT command code 2
05-15 20:59:47.653 24090 24090 D ConnectivityManager: StackLog: [android.net.ConnectivityManager.sendRequestForNetwork(ConnectivityManager.java:4740)] [android.net.ConnectivityManager.registerDefaultNetworkCallbackForUid(ConnectivityManager.java:5465)] [android.net.ConnectivityManager.registerDefaultNetworkCallback(ConnectivityManager.java:5432)] [android.net.ConnectivityManager.registerDefaultNetworkCallback(ConnectivityManager.java:5406)] [com.bumptech.glide.manager.SingletonConnectivityReceiver$FrameworkConnectivityMonitorPostApi24.register(SingletonConnectivityReceiver.java:191)] [com.bumptech.glide.manager.SingletonConnectivityReceiver.maybeRegisterReceiver(SingletonConnectivityReceiver.java:113)] [com.bumptech.glide.manager.SingletonConnectivityReceiver.register(SingletonConnectivityReceiver.java:94)] [com.bumptech.glide.manager.DefaultConnectivityMonitor.register(DefaultConnectivityMonitor.java:25)] [com.bumptech.glide.manager.DefaultConnectivityMonitor.onStart(DefaultConnectivityMonitor.java:34)] [com.bumptech.glide.manager.LifecycleLifecycle.addListener(LifecycleLifecycle.java:54)] [com.bumptech.glide.RequestManager.<init>(RequestManager.java:147)] [com.bumptech.glide.RequestManager.<init>(RequestManager.java:105)] [com.bumptech.glide.manager.RequestManagerRetriever$1.build(RequestManagerRetriever.java:292)] [com.bumptech.glide.manager.LifecycleRequestManagerRetriever.getOrCreate(LifecycleRequestManagerRetriever.java:43)] [com.bumptech.glide.manager.RequestManagerRetriever.get(RequestManagerRetriever.java:114)] [com.bumptech.glide.manager.RequestManagerRetriever.get(RequestManagerRetriever.java:92)] [com.bumptech.glide.Glide.with(Glide.java:545)] [es.uniovi.recetasasturianas.ui.list.RecipeAdapter$RecipeViewHolder.bind(RecipeAdapter.kt:126)] [es.uniovi.recetasasturianas.ui.list.RecipeAdapter.onBindViewHolder(RecipeAdapter.kt:76)] [es.uniovi.recetasasturianas.ui.list.RecipeAdapter.onBindViewHolder(RecipeAdapter.kt:27)] [androidx.recyclerview.widget.RecyclerView$Adapter.onBindViewHolder(RecyclerView.java:7065)] [androidx.recyclerview.widget.RecyclerView$Adapter.bindViewHolder(RecyclerView.java:7107)] [androidx.recyclerview.widget.RecyclerView$Recycler.tryBindViewHolderByDeadline(RecyclerView.java:6012)] [androidx.recyclerview.widget.RecyclerView$Recycler.tryGetViewHolderForPositionByDeadline(RecyclerView.java:6279)] [androidx.recyclerview.widget.RecyclerView$Recycler.getViewForPosition(RecyclerView.java:6118)] [androidx.recyclerview.widget.RecyclerView$Recycler.getViewForPosition(RecyclerView.java:6114)] [androidx.recyclerview.widget.LinearLayoutManager$LayoutState.next(LinearLayoutManager.java:2303)] [androidx.recyclerview.widget.LinearLayoutManager.layoutChunk(LinearLayoutManager.java:1627)] [androidx.recyclerview.widget.LinearLayoutManager.fill(LinearLayoutManager.java:1587)] [androidx.recyclerview.widget.LinearLayoutManager.onLayoutChildren(LinearLayoutManager.java:665)] [androidx.recyclerview.widget.RecyclerView.dispatchLayoutStep2(RecyclerView.java:4134)] [androidx.recyclerview.widget.RecyclerView.dispatchLayout(RecyclerView.java:3851)] [androidx.recyclerview.widget.RecyclerView.consumePendingUpdateOperations(RecyclerView.java:1897)] [androidx.recyclerview.widget.RecyclerView$1.run(RecyclerView.java:414)] [android.view.Choreographer$CallbackRecord.run(Choreographer.java:1901)] [android.view.Choreographer$CallbackRecord.run(Choreographer.java:1910)] [android.view.Choreographer.doCallbacks(Choreographer.java:1367)] [android.view.Choreographer.doFrame(Choreographer.java:1282)] [android.view.Choreographer$FrameDisplayEventReceiver.run(Choreographer.java:1870)]
05-15 20:59:47.654  1977  4019 D ConnectivityService: requestNetwork for uid/pid:10625/24090 activeRequest: null callbackRequest: 58594 [NetworkRequest [ REQUEST id=58595, [ Capabilities: INTERNET&NOT_RESTRICTED&TRUSTED&NOT_VCN_MANAGED&NOT_BANDWIDTH_CONSTRAINED Uid: 10625 RequestorUid: 10625 RequestorPkg: es.uniovi.recetasasturianas UnderlyingNetworks: Null] ]] callback flags: 0 order: 2147483647 isUidTracked: false declaredMethods: AVAIL|LOST
05-15 20:59:47.655 24090 24090 I MaterialCardView: Setting a custom background is not supported.
05-15 20:59:47.656  1977  3160 D ConnectivityService:    accepting network in place of null for NetworkRequest [ REQUEST id=58595, [ Capabilities: INTERNET&NOT_RESTRICTED&TRUSTED&NOT_VCN_MANAGED&NOT_BANDWIDTH_CONSTRAINED Uid: 10625 RequestorUid: 10625 RequestorPkg: es.uniovi.recetasasturianas UnderlyingNetworks: Null] ]
05-15 20:59:47.657  1977  2142 D SurfaceComposerClient: setCornerRadius ## f15dc68 es.uniovi.recetasasturianas/es.uniovi.recetasasturianas.MainActivity#179432 cornerRadius=0.000000
05-15 20:59:47.657  1977  2142 D SurfaceComposerClient: setCornerRadius ## 65a2bbc Splash Screen es.uniovi.recetasasturianas#179425 cornerRadius=0.000000
05-15 20:59:47.657  1977  2142 D SurfaceComposerClient: setCornerRadius ## f15dc68 es.uniovi.recetasasturianas/es.uniovi.recetasasturianas.MainActivity#179432 cornerRadius=0.000000
05-15 20:59:47.657  1977  2142 D SurfaceComposerClient: setCornerRadius ## 65a2bbc Splash Screen es.uniovi.recetasasturianas#179425 cornerRadius=0.000000
05-15 20:59:47.657  1977  2142 D SurfaceComposerClient: setCornerRadius ## f15dc68 es.uniovi.recetasasturianas/es.uniovi.recetasasturianas.MainActivity#179432 cornerRadius=0.000000
05-15 20:59:47.659  1977  3160 D ConnectivityService: Rematched networks [computed 0ms] [applied 1ms] [issued 3]
05-15 20:59:47.659  1977  3160 D ConnectivityService: NetworkReassignment :
05-15 20:59:47.659  1977  3160 D ConnectivityService:   58595 : null → 2805
05-15 20:59:47.659  5792  5792 W Finsky  : [2] STU: Failed to get storage stats for package 'com.google.android.scheduling' (1601: Error getting stats: android.content.pm.PackageManager.NameNotFoundException)
05-15 20:59:47.660  1977  2997 I WindowManager: Relayout Window{65a2bbc u0 Splash Screen es.uniovi.recetasasturianas}: viewVisibility=8 req=1080x2340 ty=3 d0
05-15 20:59:47.661  1977  2997 D SurfaceComposerClient: setCornerRadius ## f15dc68 es.uniovi.recetasasturianas/es.uniovi.recetasasturianas.MainActivity#179432 cornerRadius=0.000000
05-15 20:59:47.662 24090 24090 I MaterialCardView: Setting a custom background is not supported.
05-15 20:59:47.662  1808  1808 I SurfaceFlinger: [Display 0 name="Built-in Screen"#172933] setFrameRateCategory: High
05-15 20:59:47.662  1808  1808 I SurfaceFlinger: RequestedLayer [es.uniovi.recetasasturianas/es.uniov[...]sturianas.MainActivity$_24090#179433] hidden!! flag  from(1) --> to(0)
05-15 20:59:47.662  1808  1808 I SurfaceFlinger: [LayerHierarchy{RequestedLayerState{f15dc68 es.uniovi.recetasasturianas/es.uniovi.recetasasturianas.MainActivity#179432 parentId=179436} 1 children}] reparent to LayerHierarchy{RequestedLayerState{Surface(name=f15dc68 es.uniovi.recetasasturianas/es.uniovi.recetasasturianas.MainActivity)/@0x7b5d080 - animation-leash of starting_reveal#179436 parentId=179424} 1 children}
05-15 20:59:47.665  1977  2997 D SurfaceComposerClient: setCornerRadius ## 65a2bbc Splash Screen es.uniovi.recetasasturianas#179425 cornerRadius=0.000000
05-15 20:59:47.665  1977  2997 D SurfaceComposerClient: setCornerRadius ## f15dc68 es.uniovi.recetasasturianas/es.uniovi.recetasasturianas.MainActivity#179432 cornerRadius=0.000000
05-15 20:59:47.666  1977  1993 I system_server: Background young concurrent copying GC freed 18MB AllocSpace bytes, 86(2504KB) LOS objects, 10% free, 154MB/172MB, paused 1.136ms,515us total 118.198ms
05-15 20:59:47.667  1977  2997 I WindowManager: Relayout hash=65a2bbc, pid=11062, syncId=-1: mAttrs={(0,0)(fillxfill) sim={adjust=pan} layoutInDisplayCutoutMode=always ty=APPLICATION_STARTING fmt=TRANSLUCENT wanim=0x1030317
05-15 20:59:47.667  1977  2997 I WindowManager:   fl=81030118
05-15 20:59:47.667  1977  2997 I WindowManager:   pfl=10000810
05-15 20:59:47.667  1977  2997 I WindowManager:   bhv=1
05-15 20:59:47.667  1977  2997 I WindowManager:   fitSides=0
05-15 20:59:47.667  1977  2997 I WindowManager:   frameRateBoostOnTouch=true
05-15 20:59:47.667  1977  2997 I WindowManager:   dvrrWindowFrameRateHint=true naviIconColor=0}
05-15 20:59:47.667 11062 11138 I VRI[recetasasturianas]@51944a: onActiveControlsChanged, removed=false, mAdded=true, caller=android.view.ViewRootImpl.handleInsetsControlChanged:3002 android.view.ViewRootImpl.relayoutWindow:11629 android.view.ViewRootImpl.performTraversals:4804 android.view.ViewRootImpl.doTraversal:3924 android.view.ViewRootImpl$TraversalRunnable.run:12903
05-15 20:59:47.668  1977  1995 W System  : A resource failed to call release.
05-15 20:59:47.670  1808  1808 D SurfaceFlinger: Display 4630947232161729154 HWC layers:
05-15 20:59:47.670  1808  1808 D SurfaceFlinger:        DEVICE |          103465762160647 | 00002102 | RGBA_8888    |    0.0    0.0 1080.0 2340.0 |    0    0 1080 2340 | es.uniovi.recetasasturianas/es.uniov[...]sturianas.MainActivity$_24090#179433 (1)
05-15 20:59:47.670  1808  1808 D SurfaceFlinger:        DEVICE |           47510928231456 | 00002100 | RGBA_8888    |    0.0    0.0 1080.0 2340.0 |    0    0 1080 2340 | Splash Screen es.uniovi.recetasasturianas$_11062#179426 (1)
05-15 20:59:47.670  1808  1808 D SurfaceFlinger:        DEVICE |           47510928230651 | 00002100 | RGBA_8888    |    0.0    0.0 1080.0   99.0 |    0    0 1080   99 | StatusBar$_11062#172976 (4132)
05-15 20:59:47.670  1808  1808 D SurfaceFlinger:        DEVICE |           47510928230672 | 00002100 | RGBA_8888    |    0.0    0.0 1080.0  144.0 |    0 2196 1080 2340 | NavigationBar0$_11062#172972 (357)
05-15 20:59:47.670  1808  1808 D SurfaceFlinger:        DEVICE |           27157078223661 | 00002100 | RGBA_8888    |    0.0   13.0  290.0  158.0 |  395    0  685  145 | $_6323#154529 (967)
05-15 20:59:47.670  1808  1808 D SurfaceFlinger:        DEVICE |           27157078223656 | 00002100 | RGBA_8888    |    0.0    0.0 1080.0  115.0 |    0    0 1080  115 | $_6323#177506 (652)
05-15 20:59:47.670  1808  1808 D SurfaceFlinger:        DE
05-15 20:59:47.670  1808  1808 D SurfaceFlinger: VICE |           47510928230638 | 00002140 | RGBA_8888    |    0.0    0.0 1080.0  121.0 |    0    0 1080  121 | ScreenDecorOverlay$_11062#172986 (67)
05-15 20:59:47.670  1808  1808 D SurfaceFlinger:        DEVICE |           47510928230639 | 00002140 | RGBA_8888    |    0.0    0.0 1080.0  121.0 |    0 2219 1080 2340 | ScreenDecorOverlayBottom$_11062#172987 (60)
05-15 20:59:47.670  1808  1808 D SurfaceFlinger:
05-15 20:59:47.670 11062 11138 I VRI[recetasasturianas]@51944a: Relayout returned: old=(0,0,1080,2340) new=(0,0,1080,2340) relayoutAsync=false req=(1080,2340)8 dur=10 res=0x2 s={false 0x0} ch=true seqId=0
05-15 20:59:47.670  1808  1808 I SurfaceFlinger: RequestedLayer [Splash Screen es.uniovi.recetasasturianas$_11062#179426] hidden!! flag  from(0) --> to(1)
05-15 20:59:47.670 11062 11138 D VRI[recetasasturianas]@51944a: Not drawing due to not visible. Reason=View.GONE
05-15 20:59:47.670 11062 11138 W WindowOnBackDispatcher: sendCancelIfRunning: isInProgress=false callback=android.view.ViewRootImpl$$ExternalSyntheticLambda16@a1cab16
05-15 20:59:47.672  1977  1995 W System  : A resource failed to call release.
05-15 20:59:47.673  5792  5792 W Finsky  : [2] STU: Failed to get storage stats for package 'com.samsung.android.lifeguard' (1601: Error getting stats: android.content.pm.PackageManager.NameNotFoundException)
05-15 20:59:47.673  1977  4019 D InputDispatcher: Focus entered window (0): f15dc68 es.uniovi.recetasasturianas/es.uniovi.recetasasturianas.MainActivity
05-15 20:59:47.675 11062 11138 I VRI[recetasasturianas]@51944a: dispatchDetachedFromWindow
05-15 20:59:47.675  1977  6943 D InputTransport: Input channel destroyed: '65a2bbc', fd=1094
05-15 20:59:47.676  1977  6943 D SurfaceComposerClient: setCornerRadius ## f15dc68 es.uniovi.recetasasturianas/es.uniovi.recetasasturianas.MainActivity#179432 cornerRadius=0.000000
05-15 20:59:47.676  1977  6943 D SurfaceComposerClient: setCornerRadius ## f15dc68 es.uniovi.recetasasturianas/es.uniovi.recetasasturianas.MainActivity#179432 cornerRadius=0.000000
05-15 20:59:47.677 11062 11138 D InputTransport: Input channel destroyed: '65a2bbc', fd=457
05-15 20:59:47.678  1808  1808 D SurfaceFlinger: Display 4630947232161729154 HWC layers:
05-15 20:59:47.678  1808  1808 D SurfaceFlinger:        DEVICE |          103465762160647 | 00002102 | RGBA_8888    |    0.0    0.0 1080.0 2340.0 |    0    0 1080 2340 | es.uniovi.recetasasturianas/es.uniov[...]sturianas.MainActivity$_24090#179433 (1)
05-15 20:59:47.678  1808  1808 D SurfaceFlinger:        DEVICE |           47510928230651 | 00002100 | RGBA_8888    |    0.0    0.0 1080.0   99.0 |    0    0 1080   99 | StatusBar$_11062#172976 (4132)
05-15 20:59:47.678  1808  1808 D SurfaceFlinger:        DEVICE |           47510928230672 | 00002100 | RGBA_8888    |    0.0    0.0 1080.0  144.0 |    0 2196 1080 2340 | NavigationBar0$_11062#172972 (357)
05-15 20:59:47.678  1808  1808 D SurfaceFlinger:        DEVICE |           27157078223661 | 00002100 | RGBA_8888    |    0.0   13.0  290.0  158.0 |  395    0  685  145 | $_6323#154529 (967)
05-15 20:59:47.678  1808  1808 D SurfaceFlinger:        DEVICE |           27157078223656 | 00002100 | RGBA_8888    |    0.0    0.0 1080.0  115.0 |    0    0 1080  115 | $_6323#177506 (652)
05-15 20:59:47.678  1808  1808 D SurfaceFlinger:        DEVICE |           47510928230638 | 00002140 | RGBA_8888    |    0.0    0.0 1080.0  121.0 |    0    0 1080  121 | ScreenDecorOverlay$_11062#172986 (67)
05-15 20:59:47.678  1808  1808 D SurfaceFlinger:        DEVICE |           47510
05-15 20:59:47.678  1808  1808 D SurfaceFlinger: 928230639 | 00002140 | RGBA_8888    |    0.0    0.0 1080.0  121.0 |    0 2219 1080 2340 | ScreenDecorOverlayBottom$_11062#172987 (60)
05-15 20:59:47.678  1808  1808 D SurfaceFlinger:
05-15 20:59:47.678  1977  2142 D SurfaceComposerClient: setCornerRadius ## f15dc68 es.uniovi.recetasasturianas/es.uniovi.recetasasturianas.MainActivity#179432 cornerRadius=0.000000
05-15 20:59:47.679 24267 24267 I VRI[InstrumentationActivityInvoker$EmptyActivity]@d5e9311: stopped(true) old = false
05-15 20:59:47.679 24267 24267 D VRI[InstrumentationActivityInvoker$EmptyActivity]@d5e9311: WindowStopped on es.uniovi.recetasasturianas.test/androidx.test.core.app.InstrumentationActivityInvoker$EmptyActivity set to true
05-15 20:59:47.679 24267 24288 D HWUI    : CacheManager::trimMemory(20)
