05-15 20:59:45.204 11062 11493 I VRI[ScreenDecorOverlay]@6f4609c: handleResized, frames=ClientWindowFrames{frame=[0,0][1080,121] display=[0,0][1080,2340] parentFrame=[0,0][0,0]} displayId=0 dragResizing=false compatScale=1.0 frameChanged=false attachedFrameChanged=false configChanged=false displayChanged=false compatScaleChanged=false dragResizingChanged=false
05-15 20:59:45.205 11062 11493 I VRI[ScreenDecorOverlayBottom]@8250f9b: handleResized, frames=ClientWindowFrames{frame=[0,2219][1080,2340] display=[0,0][1080,2340] parentFrame=[0,0][0,0]} displayId=0 dragResizing=false compatScale=1.0 frameChanged=false attachedFrameChanged=false configChanged=false displayChanged=false compatScaleChanged=false dragResizingChanged=false
05-15 20:59:45.205  1977  6970 I WindowManager: Relayout Window{c5a06c0 u0 bitpit.launcher/bitpit.launcher.ui.HomeActivity}: viewVisibility=8 req=1080x2340 ty=1 d0
05-15 20:59:45.205  1977  6970 D SurfaceComposerClient: setCornerRadius ## e92452b Splash Screen es.uniovi.recetasasturianas#179399 cornerRadius=0.000000
05-15 20:59:45.205  6323  6323 I VRI[]@f636171: handleResized, frames=ClientWindowFrames{frame=[395,-13][685,145] display=[-100000,-100000][100000,100000] parentFrame=[0,0][0,0]} displayId=0 dragResizing=false compatScale=1.0 frameChanged=false attachedFrameChanged=false configChanged=false displayChanged=false compatScaleChanged=false dragResizingChanged=false
05-15 20:59:45.205  6323  6323 I VRI[]@d065a31: handleResized, frames=ClientWindowFrames{frame=[0,0][1080,115] display=[0,0][1080,2340] parentFrame=[0,0][0,0]} displayId=0 dragResizing=false compatScale=1.0 frameChanged=false attachedFrameChanged=false configChanged=false displayChanged=false compatScaleChanged=false dragResizingChanged=false
05-15 20:59:45.206  1977  6970 D SurfaceComposerClient: setCornerRadius ## e92452b Splash Screen es.uniovi.recetasasturianas#179399 cornerRadius=0.000000
05-15 20:59:45.207  1977  6970 I WindowManager: Relayout hash=c5a06c0, pid=20661, syncId=-1: mAttrs={(0,0)(fillxfill) sim={state=always_hidden adjust=resize forwardNavigation} layoutInDisplayCutoutMode=always ty=BASE_APPLICATION fmt=TRANSPARENT wanim=0x1030317
05-15 20:59:45.207  1977  6970 I WindowManager:   fl=80910100
05-15 20:59:45.207  1977  6970 I WindowManager:   pfl=10008840
05-15 20:59:45.207  1977  6970 I WindowManager:   bhv=1
05-15 20:59:45.207  1977  6970 I WindowManager:   fitSides=0
05-15 20:59:45.207  1977  6970 I WindowManager:   frameRateBoostOnTouch=true
05-15 20:59:45.207  1977  6970 I WindowManager:   dvrrWindowFrameRateHint=true naviIconColor=0}
05-15 20:59:45.208  1808  1897 I SurfaceFlinger: id=179392 Removed Surface(name=8f932e4 StatusBar)/@0xabc478a - animation-leash of insets_animation#179392 (165)
05-15 20:59:45.208  1808  1808 I SurfaceFlinger: RequestedLayer [Surface(name=8f932e4 StatusBar)/@0xa[...]ion-leash of insets_animation#179403] hidden!! flag  from(0) --> to(1)
05-15 20:59:45.208  1808  1808 I SurfaceFlinger: destroyed Surface(name=8f932e4 StatusBar)/@0xabc478a - animation-leash of insets_animation#179392 form LifecycleManager
05-15 20:59:45.208  1808  1808 I SurfaceFlinger: id=179392 onLayerDestroyed from LayerHierarchyBuilder(RequestedLayerState{Surface(name=8f932e4 StatusBar)/@0xabc478a - animation-leash of insets_animation#179392 !handle})
05-15 20:59:45.209  1808  1808 I Layer   : id=179392 Destroyed Surface(name=8f932e4 StatusBar)/@0xabc478a - animation-leash of insets_animation#179392
05-15 20:59:45.209  1808  2497 I SurfaceFlinger: id=179393 Removed Surface(name=7a9d783 NavigationBar0)/@0x10e1471 - animation-leash of insets_animation#179393 (164)
05-15 20:59:45.209 24090 24155 I AdrenoGLES-0: PFP: 0x016dc094, ME: 0x00000000
05-15 20:59:45.210  1977  2142 D SurfaceComposerClient: setCornerRadius ## e92452b Splash Screen es.uniovi.recetasasturianas#179399 cornerRadius=0.000000
05-15 20:59:45.212 20661 20661 I VRI[HomeActivity]@27ecfc4: Relayout returned: old=(0,0,1080,2340) new=(0,0,1080,2340) relayoutAsync=false req=(1080,2340)8 dur=5 res=0x2 s={false 0x0} ch=true seqId=0
05-15 20:59:45.213 20661 20661 D VRI[HomeActivity]@27ecfc4: Not drawing due to not visible. Reason=!mAppVisible && !mForceDecorViewVisibility
05-15 20:59:45.217  1808  1808 I SurfaceFlinger: destroyed Surface(name=7a9d783 NavigationBar0)/@0x10e1471 - animation-leash of insets_animation#179393 form LifecycleManager
05-15 20:59:45.217  1808  1808 I SurfaceFlinger: id=179393 onLayerDestroyed from LayerHierarchyBuilder(RequestedLayerState{Surface(name=7a9d783 NavigationBar0)/@0x10e1471 - animation-leash of insets_animation#179393 !handle})
05-15 20:59:45.219  1808  1808 I Layer   : id=179393 Destroyed Surface(name=7a9d783 NavigationBar0)/@0x10e1471 - animation-leash of insets_animation#179393
05-15 20:59:45.225  1808  1808 I SurfaceFlinger: RequestedLayer [Surface(name=8f932e4 StatusBar)/@0xa[...]ion-leash of insets_animation#179403] hidden!! flag  from(1) --> to(0)
05-15 20:59:45.225  1808  1808 E SurfaceFlinger: alpha changed 0.000 -> 0.013 - Surface(name=8f932e4 StatusBar)/@0xabc478a - animation-leash of insets_animation#179403
05-15 20:59:45.234  1808  1808 D SurfaceFlinger: Display 4630947232161729154 HWC layers:
05-15 20:59:45.234  1808  1808 D SurfaceFlinger:        DEVICE |           47510928231443 | 00002100 | RGBA_8888    |    0.0    0.0 1080.0 2340.0 |    0    0 1080 2340 | Splash Screen es.uniovi.recetasasturianas$_11062#179400 (1)
05-15 20:59:45.234  1808  1808 D SurfaceFlinger:        DEVICE |           47510928230651 | 00002100 | RGBA_8888    |    0.0    0.0 1080.0   99.0 |    0    0 1080   99 | StatusBar$_11062#172976 (4128)
05-15 20:59:45.234  1808  1808 D SurfaceFlinger:        DEVICE |           47510928230672 | 00002100 | RGBA_8888    |    0.0    0.0 1080.0  144.0 |    0 2196 1080 2340 | NavigationBar0$_11062#172972 (357)
05-15 20:59:45.234  1808  1808 D SurfaceFlinger:        DEVICE |           27157078223661 | 00002100 | RGBA_8888    |    0.0   13.0  290.0  158.0 |  395    0  685  145 | $_6323#154529 (967)
05-15 20:59:45.234  1808  1808 D SurfaceFlinger:        DEVICE |           27157078223656 | 00002100 | RGBA_8888    |    0.0    0.0 1080.0  115.0 |    0    0 1080  115 | $_6323#177506 (652)
05-15 20:59:45.234  1808  1808 D SurfaceFlinger:        DEVICE |           47510928230638 | 00002140 | RGBA_8888    |    0.0    0.0 1080.0  121.0 |    0    0 1080  121 | ScreenDecorOverlay$_11062#172986 (67)
05-15 20:59:45.234  1808  1808 D SurfaceFlinger:        DEVICE |           47510928230639 | 00002140 |
05-15 20:59:45.234  1808  1808 D SurfaceFlinger:  RGBA_8888    |    0.0    0.0 1080.0  121.0 |    0 2219 1080 2340 | ScreenDecorOverlayBottom$_11062#172987 (60)
05-15 20:59:45.234  1808  1808 D SurfaceFlinger:
05-15 20:59:45.258 24090 24090 D CompatChangeReporter: Compat change id reported: 309578419; UID 10625; state: ENABLED
05-15 20:59:45.259 24090 24090 D DesktopModeFlags: Toggle override initialized to: OVERRIDE_UNSET
05-15 20:59:45.262 24090 24090 I DecorView: setWindowBackground: isPopOver=false color=ff141218 d=android.graphics.drawable.ColorDrawable@e7b50b8
05-15 20:59:45.265 24090 24090 I cetasasturianas: hiddenapi: Accessing hidden method Landroid/view/ViewGroup;->makeOptionalFitsSystemWindows()V (runtime_flags=0, domain=platform, api=unsupported) from Landroidx/appcompat/widget/ViewUtils; (domain=app, TargetSdkVersion=35) using reflection: allowed
05-15 20:59:45.271 24090 24090 D LifecycleMonitor: Lifecycle status change: es.uniovi.recetasasturianas.MainActivity@380c198 in: CREATED
05-15 20:59:45.271 24090 24090 V ActivityScenario: Update currentActivityStage to CREATED, currentActivity=es.uniovi.recetasasturianas.MainActivity@380c198
05-15 20:59:45.301 22867 22892 W bt_btm_pm: system/stack/acl/btm_pm.cc:729 btm_pm_proc_mode_change: Power mode switched from immediate:pending[5] to immediate:active[0]
05-15 20:59:45.351 11062 11138 I InsetsController: cancelAnimation: types=statusBars, animType=0, host=Splash Screen es.uniovi.recetasasturianas, from=android.view.InsetsController.notifyFinished:2006 android.view.InsetsAnimationThreadControlRunner$1.lambda$notifyFinished$0:82 android.view.InsetsAnimationThreadControlRunner$1.$r8$lambda$cDFF0h4Ncq-8EXdGszv69jrUu7c:0
05-15 20:59:45.364 24090 24090 I cetasasturianas: hiddenapi: Accessing hidden method Ljava/lang/invoke/MethodHandles$Lookup;-><init>(Ljava/lang/Class;I)V (runtime_flags=0, domain=core-platform, api=unsupported) from Lretrofit2/Platform; (domain=app, TargetSdkVersion=35) using reflection: allowed
05-15 20:59:45.367 24090 24090 D RecipeListViewModel: SwitchMap disparado con query: ''
05-15 20:59:45.369 24090 24090 D RecipeListViewModel: ViewModel init
05-15 20:59:45.375 24090 24090 D RecipeListViewModel: loadRecipes() empezando...
05-15 20:59:45.376 24090 24090 D RecipeListViewModel: Conexión detectada: true
05-15 20:59:45.380 24090 24090 D RecipeListViewModel: SwitchMap disparado con query: ''
05-15 20:59:45.382 24090 24090 D LifecycleMonitor: Lifecycle status change: es.uniovi.recetasasturianas.MainActivity@380c198 in: STARTED
05-15 20:59:45.382 24090 24090 V ActivityScenario: Update currentActivityStage to STARTED, currentActivity=es.uniovi.recetasasturianas.MainActivity@380c198
05-15 20:59:45.384 24090 24090 D LifecycleMonitor: Lifecycle status change: es.uniovi.recetasasturianas.MainActivity@380c198 in: RESUMED
05-15 20:59:45.384 24090 24090 V ActivityScenario: Update currentActivityStage to RESUMED, currentActivity=es.uniovi.recetasasturianas.MainActivity@380c198
05-15 20:59:45.384 24090 24090 D RecipeListViewModel: SwitchMap disparado con query: ' '
05-15 20:59:45.385 24090 24090 D RecipeListViewModel: SwitchMap disparado con query: ''
05-15 20:59:45.387 24090 24090 D CompatChangeReporter: Compat change id reported: 352594277; UID 10625; state: ENABLED
05-15 20:59:45.394 24090 24090 D ViewRootImpl: desktopMode is false
05-15 20:59:45.395 24090 24090 D CompatChangeReporter: Compat change id reported: 349153669; UID 10625; state: ENABLED
05-15 20:59:45.396 24090 24090 I ViewRootImpl: dVRR is disabled
05-15 20:59:45.397 24090 24090 D HardwareRenderer: onDisplayChanged. displayId=0 current wxh=1080x2340 mLargest wxh=0x0
05-15 20:59:45.397 24090 24090 D HardwareRenderer: Set largestWidth and largestHeight as logical resolution. (1080x2340)
05-15 20:59:45.397 24090 24155 D HWUI    : setMaxSurfaceArea requested wxh=(1080,2340) requestedSurfaceArea(2527200) mMaxSurfaceArea(2073600)
05-15 20:59:45.398 24090 24155 D NativeCustomFrequencyManager: [NativeCFMS] BpCustomFrequencyManager::BpCustomFrequencyManager()
05-15 20:59:45.402  1977  2997 D InputTransport: Input channel constructed: '21e4a73', fd=1094
05-15 20:59:45.402  1977  2997 D InputTransport: Input channel constructed: '21e4a73', fd=1102
05-15 20:59:45.402  1977  2997 D InputTransport: Input channel constructed: '21e4a73', fd=1103
05-15 20:59:45.402  1977  2997 D InputTransport: Input channel destroyed: '21e4a73', fd=1102
05-15 20:59:45.402  1808  1897 I SurfaceFlinger: id=179405 createSurf, flag=84004, 21e4a73 es.uniovi.recetasasturianas/es.uniovi.recetasasturianas.MainActivity#179405
05-15 20:59:45.403  1977  2997 D InputTransport: Input channel destroyed: '21e4a73', fd=1103
05-15 20:59:45.404 24090 24090 D InputTransport: Input channel constructed: '21e4a73', fd=140
05-15 20:59:45.405 24090 24090 I InsetsController: onStateChanged: host=es.uniovi.recetasasturianas/es.uniovi.recetasasturianas.MainActivity, from=android.view.ViewRootImpl.onInsetsStateChanged:3026, state=InsetsState: {mDisplayFrame=Rect(0, 0 - 1080, 2340), mDisplayCutout=DisplayCutout{insets=Rect(0, 99 - 0, 0) waterfall=Insets{left=0, top=0, right=0, bottom=0} boundingRect={Bounds=[Rect(0, 0 - 0, 0), Rect(505, 0 - 575, 99), Rect(0, 0 - 0, 0), Rect(0, 0 - 0, 0)]} cutoutPathParserInfo={CutoutPathParserInfo{displayWidth=1080 displayHeight=2340 physicalDisplayWidth=1080 physicalDisplayHeight=2340 density={3.0} cutoutSpec={M 0,0 M 0,29 a 35,35 0 1,0 0,70 a 35,35 0 1,0 0,-70 Z} rotation={0} scale={1.0} physicalPixelDisplaySizeRatio={1.0}}} sideOverrides={}}, mRoundedCorners=RoundedCorners{[RoundedCorner{position=TopLeft, radius=108, center=Point(108, 108)}, RoundedCorner{position=TopRight, radius=108, center=Point(972, 108)}, RoundedCorner{position=BottomRight, radius=108, center=Point(972, 2232)}, RoundedCorner{position=BottomLeft, radius=108, center=Point(108, 2232)}]}  mRoundedCornerFrame=Rect(0, 0 - 1080, 2340), mPrivacyIndicatorBounds=PrivacyIndicatorBounds {static bounds=Rect(948, 0 - 1080, 99) rotation=0}, mDisplayShape=DisplayShape{ spec=-311912193 displayWidth=1080 displayHeight=2340 physicalPixelDisplaySizeRatio=1.0 rotation=0 offsetX=0 offsetY=0 scale=1.0}, mSources= { InsetsSource: {b73a0001 mType=navigationBars mFrame=[0,0][0,0] mVisible=true mFlags=SUPPRESS_SCRIM mSideHint=NONE mBoundingRects=null}, InsetsSource: {b73a0004 mType=systemGestures mFrame=[0,0][90,2340] mVisible=true mFlags= mSideHint=LEFT mBoundingRects=null}, InsetsSource: {b73a0005 mType=mandatorySystemGestures mFrame=[0,2265][1080,2340] mVisible=true mFlags= mSideHint=BOTTOM mBoundingRects=null}, InsetsSource: {b73a0006 mType=tappableElement mFrame=[0,0][0,0] mVisible=true mFlags= mSideHint=NONE mBoundingRects=null}, InsetsSource: {b73a0024 mType=systemGestures mFrame=[990,0][1080,2340] mVisible=true mFlags= mSideHint=RIGHT mBoundingRects=null}, InsetsSource: {3 mType=ime mFrame=[0,0][0,0] mVisible=false mFlags= mSideHint=NONE mBoundingRects=null}, InsetsSource: {27 mType=displayCutout mFrame=[0,0][1080,99] mVisible=true mFlags= mSideHint=TOP mBoundingRects=null}, InsetsSource: {9260000 mType=statusBars mFrame=[0,0][1080,99] mVisible=true mFlags= mSideHint=TOP mBoundingRects=null}, InsetsSource: {9260005 mType=mandatorySystemGestures mFrame=[0,0][1080,135] mVisible=true mFlags= mSideHint=TOP mBoundingRects=null}, InsetsSource: {9260006 mType=tappableElement mFrame=[0,0][1080,99] mVisible=true mFlags= mSideHint=TOP mBoundingRects=null} }
05-15 20:59:45.406 24090 24090 I VRI[MainActivity]@7cab705: synced displayState. AttachInfo displayState=2
05-15 20:59:45.408 24090 24090 I VRI[MainActivity]@7cab705: setView = com.android.internal.policy.DecorView@efdee80 IsHRR=false mFlingFrameRateChange=0 TM=true
05-15 20:59:45.408 24090 24090 I IDS_TAG : Clearing training data of es.uniovi.recetasasturianas.App@7786f26
05-15 20:59:45.409  1808  1808 I SurfaceFlinger: [21e4a73 es.uniovi.recetasasturianas/es.uniovi.recetasasturianas.MainActivity#179405] attach to parent LayerHierarchy{RequestedLayerState{ActivityRecord{261437244 u0 es.uniovi.recetasasturianas/.MainActivity t2376}#179398 parentId=179397} 3 children}
05-15 20:59:45.409 24090 24090 I IDS_TAG : Starting IDS observe window
05-15 20:59:45.409 24090 24090 I IDS_TAG : Getting Shared Preference for es.uniovi.recetasasturianas.App@7786f26 uid = 10625
05-15 20:59:45.410 24090 24090 I IDS_TAG : App es.uniovi.recetasasturianas.App@7786f26 has not finished training
05-15 20:59:45.411 24090 24090 I IDS_TAG : Background Changed updated UI for IDS
05-15 20:59:45.411 24090 24090 I IDS_TAG : Background Changed updated UI for IDS
05-15 20:59:45.412  1977  2505 D AnalyticsContainerHandler: handleMessage : { when=0 what=1 target=com.android.server.knox.KnoxAnalyticsContainer$AnalyticsHandler }
05-15 20:59:45.412 24090 24090 I IDS_TAG : Background Changed updated UI for IDS
05-15 20:59:45.412 24090 24090 I IDS_TAG : Background Changed updated UI for IDS
05-15 20:59:45.412 24090 24090 I IDS_TAG : Closing IDS observe window
05-15 20:59:45.412 24090 24090 I IDS_TAG : Getting Shared Preference for es.uniovi.recetasasturianas.App@7786f26 uid = 10625
05-15 20:59:45.412 24090 24090 I IDS_TAG : IDS disabled for es.uniovi.recetasasturianas.App@7786f26
05-15 20:59:45.412 24090 24090 I IDS_TAG : IDS count updated to -1 for es.uniovi.recetasasturianas.App@7786f26
05-15 20:59:45.413  1977  2505 D AnalyticsContainerHandler: handleMessage : { when=0 what=2 target=com.android.server.knox.KnoxAnalyticsContainer$AnalyticsHandler }
05-15 20:59:45.417  1808  1808 I SurfaceFlinger: RequestedLayer [21e4a73 es.uniovi.recetasasturianas/[...]ecetasasturianas.MainActivity#179405] hidden!! flag  from(1) --> to(0)
05-15 20:59:45.429  1977  2997 I WindowManager: Relayout Window{21e4a73 u0 es.uniovi.recetasasturianas/es.uniovi.recetasasturianas.MainActivity}: viewVisibility=0 req=1080x2340 ty=1 d0
05-15 20:59:45.429  1808  1897 I SurfaceFlinger: id=179406 createSurf, flag=44004, es.uniovi.recetasasturianas/es.uniovi.recetasasturianas.MainActivity$_24090#179406
05-15 20:59:45.430  1977  2997 D SurfaceComposerClient: setCornerRadius ## e92452b Splash Screen es.uniovi.recetasasturianas#179399 cornerRadius=0.000000
05-15 20:59:45.431  1977  2997 D SurfaceComposerClient: setCornerRadius ## 21e4a73 es.uniovi.recetasasturianas/es.uniovi.recetasasturianas.MainActivity#179405 cornerRadius=0.000000
05-15 20:59:45.431  1977  2997 D SurfaceComposerClient: setCornerRadius ## e92452b Splash Screen es.uniovi.recetasasturianas#179399 cornerRadius=0.000000
05-15 20:59:45.431  1977  2997 D SurfaceComposerClient: setCornerRadius ## 21e4a73 es.uniovi.recetasasturianas/es.uniovi.recetasasturianas.MainActivity#179405 cornerRadius=0.000000
05-15 20:59:45.432  1808  1897 I SurfaceFlinger: id=179407 createSurf, flag=24000, Surface(name=8f932e4 StatusBar)/@0xabc478a - animation-leash of insets_animation#179407
05-15 20:59:45.433  1808  1897 I SurfaceFlinger: id=179408 createSurf, flag=24000, Surface(name=7a9d783 NavigationBar0)/@0x10e1471 - animation-leash of insets_animation#179408
05-15 20:59:45.434  1977  2997 I SystemKeyManager: requested systemKeyInfo size=1 focusedWindow=es.uniovi.recetasasturianas/es.uniovi.recetasasturianas.MainActivity
05-15 20:59:45.434  1977  2997 I SystemKeyManager: requested systemKeyInfo size=1 focusedWindow=es.uniovi.recetasasturianas/es.uniovi.recetasasturianas.MainActivity
05-15 20:59:45.435  1977  2997 I WindowManager: Relayout hash=21e4a73, pid=24090, syncId=-1: mAttrs={(0,0)(fillxfill) sim={adjust=resize forwardNavigation} layoutInDisplayCutoutMode=always ty=BASE_APPLICATION wanim=0x1030317
05-15 20:59:45.435  1977  2997 I WindowManager:   fl=81810100
05-15 20:59:45.435  1977  2997 I WindowManager:   pfl=100088c0
05-15 20:59:45.435  1977  2997 I WindowManager:   vsysui=500
05-15 20:59:45.435  1977  2997 I WindowManager:   bhv=1
05-15 20:59:45.435  1977  2997 I WindowManager:   fitSides=0
05-15 20:59:45.435  1977  2997 I WindowManager:   frameRateBoostOnTouch=true
05-15 20:59:45.435  1977  2997 I WindowManager:   dvrrWindowFrameRateHint=true naviIconColor=0}
05-15 20:59:45.436 24090 24090 E BufferQueueProducer: Unable to open libpenguin.so: dlopen failed: library "libpenguin.so" not found.
05-15 20:59:45.437 24090 24090 E cetasasturianas: Unable to open libpenguin.so: dlopen failed: library "libpenguin.so" not found.
05-15 20:59:45.437 24090 24090 W libc    : Access denied finding property "vendor.display.enable_optimal_refresh_rate"
05-15 20:59:45.437 24090 24090 I BufferQueueProducer: [](id:5e1a00000000,api:0,p:0,c:24090) setDequeueTimeout:2077252342
05-15 20:59:45.437 24090 24090 I BLASTBufferQueue_Java: new BLASTBufferQueue, mName= VRI[MainActivity]@7cab705 mNativeObject= 0xb400007e28d6f5a0 caller= android.view.ViewRootImpl.updateBlastSurfaceIfNeeded:3585 android.view.ViewRootImpl.relayoutWindow:11685 android.view.ViewRootImpl.performTraversals:4804 android.view.ViewRootImpl.doTraversal:3924 android.view.ViewRootImpl$TraversalRunnable.run:12903 android.view.Choreographer$CallbackRecord.run:1901 android.view.Choreographer$CallbackRecord.run:1910 android.view.Choreographer.doCallbacks:1367 android.view.Choreographer.doFrame:1292 android.view.Choreographer$FrameDisplayEventReceiver.run:1870
05-15 20:59:45.437 24090 24090 I BLASTBufferQueue_Java: update, w= 1080 h= 2340 mName = VRI[MainActivity]@7cab705 mNativeObject= 0xb400007e28d6f5a0 sc.mNativeObject= 0xb400007ea8d23e10 format= -1 caller= android.view.ViewRootImpl.updateBlastSurfaceIfNeeded:3590 android.view.ViewRootImpl.relayoutWindow:11685 android.view.ViewRootImpl.performTraversals:4804 android.view.ViewRootImpl.doTraversal:3924 android.view.ViewRootImpl$TraversalRunnable.run:12903 android.view.Choreographer$CallbackRecord.run:1901
05-15 20:59:45.438 24090 24090 W libc    : Access denied finding property "vendor.display.enable_optimal_refresh_rate"
05-15 20:59:45.439 24090 24090 I VRI[MainActivity]@7cab705: Relayout returned: old=(0,0,1080,2340) new=(0,0,1080,2340) relayoutAsync=false req=(1080,2340)0 dur=7 res=0x3 s={true 0xb400007de8d4d260} ch=true seqId=0
05-15 20:59:45.439 24090 24090 I VRI[MainActivity]@7cab705: performConfigurationChange setNightDimText nightDimLevel=0
05-15 20:59:45.440 24090 24090 D VRI[MainActivity]@7cab705: mThreadedRenderer.initialize() mSurface={isValid=true 0xb400007de8d4d260} hwInitialized=true
05-15 20:59:45.443  1808  1808 I SurfaceFlinger: [LayerHierarchy{RequestedLayerState{7a9d783 NavigationBar0#172957 parentId=179408} 1 children}] reparent to LayerHierarchy{RequestedLayerState{Surface(name=7a9d783 NavigationBar0)/@0x10e1471 - animation-leash of insets_animation#179408 parentId=172956} 1 children}
05-15 20:59:45.444  1808  1808 I SurfaceFlinger: [LayerHierarchy{RequestedLayerState{8f932e4 StatusBar#172964 parentId=179407} 1 children}] reparent to LayerHierarchy{RequestedLayerState{Surface(name=8f932e4 StatusBar)/@0xabc478a - animation-leash of insets_animation#179407 parentId=172963} 1 children}
05-15 20:59:45.444  1808  1808 I SurfaceFlinger: [LayerHierarchy{RequestedLayerState{Surface(name=8f932e4 StatusBar)/@0xabc478a - animation-leash of insets_animation#179403} no children}] reparent to OffscreenRoot
05-15 20:59:45.444  1808  1808 I SurfaceFlinger: [LayerHierarchy{RequestedLayerState{Surface(name=8f932e4 StatusBar)/@0xabc478a - animation-leash of insets_animation#179403} no children}] RelativeParent to null
05-15 20:59:45.444  1808  1808 I SurfaceFlinger: [LayerHierarchy{RequestedLayerState{Surface(name=7a9d783 NavigationBar0)/@0x10e1471 - animation-leash of insets_animation#179404} no children}] reparent to OffscreenRoot
05-15 20:59:45.444  1808  1808 I SurfaceFlinger: [LayerHierarchy{RequestedLayerState{Surface(name=7a9d783 NavigationBar0)/@0x10e1471 - animation-leash of insets_animation#179404} no children}] RelativeParent to null
05-15 20:59:45.444  1808  1808 I SurfaceFlinger: [es.uniovi.recetasasturianas/es.uniovi.recetasasturianas.MainActivity$_24090#179406] attach to parent LayerHierarchy{RequestedLayerState{21e4a73 es.uniovi.recetasasturianas/es.uniovi.recetasasturianas.MainActivity#179405 parentId=179398} 1 children}
05-15 20:59:45.444  1808  1808 I SurfaceFlinger: [Surface(name=8f932e4 StatusBar)/@0xabc478a - animation-leash of insets_animation#179407] attach to parent LayerHierarchy{RequestedLayerState{WindowToken{68a9b23 type=2000 android.os.BinderProxy@abe78dd}#172963 parentId=17} 1 children}
05-15 20:59:45.444  1808  1808 I SurfaceFlinger: [Surface(name=7a9d783 NavigationBar0)/@0x10e1471 - animation-leash of insets_animation#179408] attach to parent LayerHierarchy{RequestedLayerState{WindowToken{ec79b94 type=2019 android.os.BinderProxy@3619da6}#172956 parentId=34} 1 children}
05-15 20:59:45.448 24090 24090 D VRI[MainActivity]@7cab705: reportNextDraw android.view.ViewRootImpl.performTraversals:5443 android.view.ViewRootImpl.doTraversal:3924 android.view.ViewRootImpl$TraversalRunnable.run:12903 android.view.Choreographer$CallbackRecord.run:1901 android.view.Choreographer$CallbackRecord.run:1910
05-15 20:59:45.448 24090 24090 D VRI[MainActivity]@7cab705: Setup new sync=wmsSync-VRI[MainActivity]@7cab705#0
05-15 20:59:45.448 11062 11138 I InsetsController: onStateChanged: host=Splash Screen es.uniovi.recetasasturianas, from=android.view.ViewRootImpl.onInsetsStateChanged:3026, state=InsetsState: {mDisplayFrame=Rect(0, 0 - 1080, 2340), mDisplayCutout=DisplayCutout{insets=Rect(0, 99 - 0, 0) waterfall=Insets{left=0, top=0, right=0, bottom=0} boundingRect={Bounds=[Rect(0, 0 - 0, 0), Rect(505, 0 - 575, 99), Rect(0, 0 - 0, 0), Rect(0, 0 - 0, 0)]} cutoutPathParserInfo={CutoutPathParserInfo{displayWidth=1080 displayHeight=2340 physicalDisplayWidth=1080 physicalDisplayHeight=2340 density={3.0} cutoutSpec={M 0,0 M 0,29 a 35,35 0 1,0 0,70 a 35,35 0 1,0 0,-70 Z} rotation={0} scale={1.0} physicalPixelDisplaySizeRatio={1.0}}} sideOverrides={}}, mRoundedCorners=RoundedCorners{[RoundedCorner{position=TopLeft, radius=108, center=Point(108, 108)}, RoundedCorner{position=TopRight, radius=108, center=Point(972, 108)}, RoundedCorner{position=BottomRight, radius=108, center=Point(972, 2232)}, RoundedCorner{position=BottomLeft, radius=108, center=Point(108, 2232)}]}  mRoundedCornerFrame=Rect(0, 0 - 1080, 2340), mPrivacyIndicatorBounds=PrivacyIndicatorBounds {static bounds=Rect(948, 0 - 1080, 99) rotation=0}, mDisplayShape=DisplayShape{ spec=-311912193 displayWidth=1080 displayHeight=2340 physicalPixelDisplaySizeRatio=1.0 rotation=0 offsetX=0 offsetY=0 scale=1.0}, mSources= { InsetsSource: {b73a0001 mType=navigationBars mFrame=[0,0][0,0] mVisible=true mFlags=SUPPRESS_SCRIM mSideHint=NONE mBoundingRects=null}, InsetsSource: {b73a0004 mType=systemGestures mFrame=[0,0][90,2340] mVisible=true mFlags= mSideHint=LEFT mBoundingRects=null}, InsetsSource: {b73a0005 mType=mandatorySystemGestures mFrame=[0,2265][1080,2340] mVisible=true mFlags= mSideHint=BOTTOM mBoundingRects=null}, InsetsSource: {b73a0006 mType=tappableElement mFrame=[0,0][0,0] mVisible=true mFlags= mSideHint=NONE mBoundingRects=null}, InsetsSource: {b73a0024 mType=systemGestures mFrame=[990,0][1080,2340] mVisible=true mFlags= mSideHint=RIGHT mBoundingRects=null}, InsetsSource: {3 mType=ime mFrame=[0,0][0,0] mVisible=false mFlags= mSideHint=NONE mBoundingRects=null}, InsetsSource: {27 mType=displayCutout mFrame=[0,0][1080,99] mVisible=true mFlags= mSideHint=TOP mBoundingRects=null}, InsetsSource: {9260000 mType=statusBars mFrame=[0,0][1080,99] mVisible=true mFlags= mSideHint=TOP mBoundingRects=null}, InsetsSource: {9260005 mType=mandatorySystemGestures mFrame=[0,0][1080,135] mVisible=true mFlags= mSideHint=TOP mBoundingRects=null}, InsetsSource: {9260006 mType=tappableElement mFrame=[0,0][1080,99] mVisible=true mFlags= mSideHint=TOP mBoundingRects=null} }
05-15 20:59:45.448 24090 24090 I VRI[MainActivity]@7cab705: Creating new active sync group VRI[MainActivity]@7cab705#1
05-15 20:59:45.448 11062 11138 I VRI[recetasasturianas]@5546d64: onActiveControlsChanged, removed=false, mAdded=true, caller=android.view.ViewRootImpl.handleInsetsControlChanged:3002 android.view.ViewRootImpl$ViewRootHandler.handleMessageImpl:8352 android.view.ViewRootImpl$ViewRootHandler.handleMessage:8301 android.os.Handler.dispatchMessage:110 android.os.Looper.loopOnce:273
05-15 20:59:45.448  1808  2497 I SurfaceFlinger: id=179403 Removed Surface(name=8f932e4 StatusBar)/@0xabc478a - animation-leash of insets_animation#179403 (167)
05-15 20:59:45.448  1808  1897 I SurfaceFlinger: id=179404 Removed Surface(name=7a9d783 NavigationBar0)/@0x10e1471 - animation-leash of insets_animation#179404 (167)
05-15 20:59:45.449 24090 24090 D VRI[MainActivity]@7cab705: registerCallbacksForSync syncBuffer=false
05-15 20:59:45.449  1808  1951 D SurfaceFlinger: [input] setFocusedWindow: 21e4a73 es.uniovi.recetasasturianas/es.uniovi.recetasasturianas.MainActivity
05-15 20:59:45.450  1977  6970 D InputDispatcher: Once focus requested (0): 21e4a73 es.uniovi.recetasasturianas/es.uniovi.recetasasturianas.MainActivity
05-15 20:59:45.450  1977  6970 D InputDispatcher: Focus request (0): 21e4a73 es.uniovi.recetasasturianas/es.uniovi.recetasasturianas.MainActivity but waiting because NOT_VISIBLE
05-15 20:59:45.450  1808  1808 I SurfaceFlinger: destroyed Surface(name=8f932e4 StatusBar)/@0xabc478a - animation-leash of insets_animation#179403 form LifecycleManager
05-15 20:59:45.450  1808  1808 I SurfaceFlinger: destroyed Surface(name=7a9d783 NavigationBar0)/@0x10e1471 - animation-leash of insets_animation#179404 form LifecycleManager
05-15 20:59:45.450  1808  1808 I SurfaceFlinger: id=179403 onLayerDestroyed from LayerHierarchyBuilder(RequestedLayerState{Surface(name=8f932e4 StatusBar)/@0xabc478a - animation-leash of insets_animation#179403 !handle})
05-15 20:59:45.450  1808  1808 I SurfaceFlinger: id=179404 onLayerDestroyed from LayerHierarchyBuilder(RequestedLayerState{Surface(name=7a9d783 NavigationBar0)/@0x10e1471 - animation-leash of insets_animation#179404 !handle})
05-15 20:59:45.452  1808  1808 I Layer   : id=179403 Destroyed Surface(name=8f932e4 StatusBar)/@0xabc478a - animation-leash of insets_animation#179403
05-15 20:59:45.452  1808  1808 I Layer   : id=179404 Destroyed Surface(name=7a9d783 NavigationBar0)/@0x10e1471 - animation-leash of insets_animation#179404
05-15 20:59:45.467 24090 24175 D VRI[MainActivity]@7cab705: Received frameDrawingCallback syncResult=0 frameNum=1.
05-15 20:59:45.467 24090 24175 I VRI[MainActivity]@7cab705: mWNT: t=0xb400007df8d646d0 mBlastBufferQueue=0xb400007e28d6f5a0 fn= 1 HdrRenderState mRenderHdrSdrRatio=1.0 caller= android.view.ViewRootImpl$12.onFrameDraw:15441 android.view.ThreadedRenderer$1.onFrameDraw:718 <bottom of call stack>
05-15 20:59:45.467 24090 24175 I VRI[MainActivity]@7cab705: Setting up sync and frameCommitCallback
05-15 20:59:45.487 24090 24155 I BLASTBufferQueue: [VRI[MainActivity]@7cab705#0](f:0,a:0,s:0) onFrameAvailable the first frame is available
05-15 20:59:45.487 24090 24155 I SurfaceComposerClient: apply transaction with the first frame. layerId: 179406, bufferData(ID: 103465762160643, frameNumber: 1)
05-15 20:59:45.488 24090 24155 I VRI[MainActivity]@7cab705: Received frameCommittedCallback lastAttemptedDrawFrameNum=1 didProduceBuffer=true
05-15 20:59:45.489  1808  1897 I SurfaceFlinger: [es.uniovi.recetasasturianas/es.uniovi.recetasasturianas.MainActivity$_24090#179406] setTransactionState with the first frame. bufferData(ID: 103465762160643, frameNumber: 1)
05-15 20:59:45.489 24090 24155 D HWUI    : CFMS:: SetUp Pid : 24090    Tid : 24155
05-15 20:59:45.489 24090 24090 D VRI[MainActivity]@7cab705: reportDrawFinished seqId=0
05-15 20:59:45.490  1977  2142 D SurfaceComposerClient: setCornerRadius ## e92452b Splash Screen es.uniovi.recetasasturianas#179399 cornerRadius=0.000000
05-15 20:59:45.490  1977  2142 D SurfaceComposerClient: setCornerRadius ## 21e4a73 es.uniovi.recetasasturianas/es.uniovi.recetasasturianas.MainActivity#179405 cornerRadius=0.000000
05-15 20:59:45.491 24090 24155 D HWUI    : HWUI - treat SMPTE_170M as sRGB
05-15 20:59:45.491  1977  2142 D SurfaceComposerClient: setCornerRadius ## e92452b Splash Screen es.uniovi.recetasasturianas#179399 cornerRadius=0.000000
05-15 20:59:45.492  1808  2497 I SurfaceFlinger: id=179409 createSurf, flag=24000, Surface(name=21e4a73 es.uniovi.recetasasturianas/es.uniovi.recetasasturianas.MainActivity)/@0x82694eb - animation-leash of starting_reveal#179409
05-15 20:59:45.494  1977  2142 D SurfaceComposerClient: setCornerRadius ## 21e4a73 es.uniovi.recetasasturianas/es.uniovi.recetasasturianas.MainActivity#179405 cornerRadius=0.000000
05-15 20:59:45.494 11062 11118 D ShellTaskOrganizer: removeStartingWindow, removalInfo=StartingWindowRemovalInfo{taskId=2376 frame=Rect(0, 0 - 1080, 2340) playRevealAnimation=true roundedCornerRadius=0.0 deferRemoveMode=0 windowlessSurface=false removeImmediately=false}
05-15 20:59:45.495  1977  2142 D SurfaceComposerClient: setCornerRadius ## e92452b Splash Screen es.uniovi.recetasasturianas#179399 cornerRadius=0.000000
05-15 20:59:45.495  1977  2142 D SurfaceComposerClient: setCornerRadius ## 21e4a73 es.uniovi.recetasasturianas/es.uniovi.recetasasturianas.MainActivity#179405 cornerRadius=0.000000
05-15 20:59:45.496  1977  2142 D SurfaceComposerClient: setCornerRadius ## e92452b Splash Screen es.uniovi.recetasasturianas#179399 cornerRadius=0.000000
05-15 20:59:45.496  1977  2142 D SurfaceComposerClient: setCornerRadius ## 21e4a73 es.uniovi.recetasasturianas/es.uniovi.recetasasturianas.MainActivity#179405 cornerRadius=0.000000
05-15 20:59:45.499  1977  2128 I PkgPredictorService-SecIpmManagerServiceImpl: reportToNAP uid:10625 es.uniovi.recetasasturianas/es.uniovi.recetasasturianas.MainActivity thisTime:474
05-15 20:59:45.499  1977  2128 D PkgPredictorService-SecIpmManagerServiceImpl: reportToNAP: mHeavyLaunchCounter is false
05-15 20:59:45.500  1808  1808 I SurfaceFlinger: [Display 0 name="Built-in Screen"#172933] setFrameRateCategory: High
05-15 20:59:45.500  1808  1808 I SurfaceFlinger: RequestedLayer [es.uniovi.recetasasturianas/es.uniov[...]sturianas.MainActivity$_24090#179406] hidden!! flag  from(1) --> to(0)
05-15 20:59:45.501  1808  1808 I SurfaceFlinger: [LayerHierarchy{RequestedLayerState{21e4a73 es.uniovi.recetasasturianas/es.uniovi.recetasasturianas.MainActivity#179405 parentId=179409} 1 children}] reparent to LayerHierarchy{RequestedLayerState{Surface(name=21e4a73 es.uniovi.recetasasturianas/es.uniovi.recetasasturianas.MainActivity)/@0x82694eb - animation-leash of starting_reveal#179409 parentId=179398} 1 children}
05-15 20:59:45.501  1808  1808 I SurfaceFlinger: [Surface(name=21e4a73 es.uniovi.recetasasturianas/es.uniovi.recetasasturianas.MainActivity)/@0x82694eb - animation-leash of starting_reveal#179409] attach to parent LayerHierarchy{RequestedLayerState{ActivityRecord{261437244 u0 es.uniovi.recetasasturianas/.MainActivity t2376}#179398 parentId=179397} 3 children}
05-15 20:59:45.504  1977  2128 I ActivityTaskManager: Displayed es.uniovi.recetasasturianas/.MainActivity for user 0: +474ms
05-15 20:59:45.504  2090  2090 I CameraService: onUidStateChanged: uid=10048, procState is changed. (1 -> 0)
05-15 20:59:45.504  4301  4301 E pageboostd: Received HALT command code 2
05-15 20:59:45.509  1808  1808 D SurfaceFlinger: Display 4630947232161729154 HWC layers:
05-15 20:59:45.509  1808  1808 D SurfaceFlinger:        DEVICE |          103465762160643 | 00002102 | RGBA_8888    |    0.0    0.0 1080.0 2340.0 |    0    0 1080 2340 | es.uniovi.recetasasturianas/es.uniov[...]sturianas.MainActivity$_24090#179406 (1)
05-15 20:59:45.509  1808  1808 D SurfaceFlinger:        DEVICE |           47510928231443 | 00002100 | RGBA_8888    |    0.0    0.0 1080.0 2340.0 |    0    0 1080 2340 | Splash Screen es.uniovi.recetasasturianas$_11062#179400 (1)
05-15 20:59:45.509  1808  1808 D SurfaceFlinger:        DEVICE |           47510928230651 | 00002100 | RGBA_8888    |    0.0    0.0 1080.0   99.0 |    0    0 1080   99 | StatusBar$_11062#172976 (4128)
05-15 20:59:45.509  1808  1808 D SurfaceFlinger:        DEVICE |           47510928230672 | 00002100 | RGBA_8888    |    0.0    0.0 1080.0  144.0 |    0 2196 1080 2340 | NavigationBar0$_11062#172972 (357)
05-15 20:59:45.509  1808  1808 D SurfaceFlinger:        DEVICE |           27157078223661 | 00002100 | RGBA_8888    |    0.0   13.0  290.0  158.0 |  395    0  685  145 | $_6323#154529 (967)
05-15 20:59:45.509  1808  1808 D SurfaceFlinger:        DEVICE |           27157078223656 | 00002100 | RGBA_8888    |    0.0    0.0 1080.0  115.0 |    0    0 1080  115 | $_6323#177506 (652)
05-15 20:59:45.509  1808  1808 D SurfaceFlinger:        DE
05-15 20:59:45.509  1808  1808 D SurfaceFlinger: VICE |           47510928230638 | 00002140 | RGBA_8888    |    0.0    0.0 1080.0  121.0 |    0    0 1080  121 | ScreenDecorOverlay$_11062#172986 (67)
05-15 20:59:45.509  1808  1808 D SurfaceFlinger:        DEVICE |           47510928230639 | 00002140 | RGBA_8888    |    0.0    0.0 1080.0  121.0 |    0 2219 1080 2340 | ScreenDecorOverlayBottom$_11062#172987 (60)
05-15 20:59:45.509  1808  1808 D SurfaceFlinger:
05-15 20:59:45.509  1977  6970 I WindowManager: Relayout Window{e92452b u0 Splash Screen es.uniovi.recetasasturianas}: viewVisibility=8 req=1080x2340 ty=3 d0
05-15 20:59:45.509 24090 24090 D CompatChangeReporter: Compat change id reported: 303326708; UID 10625; state: ENABLED
05-15 20:59:45.510  1977  1997 D InputDispatcher: Focus entered window (0): 21e4a73 es.uniovi.recetasasturianas/es.uniovi.recetasasturianas.MainActivity
05-15 20:59:45.511  1977  6970 D SurfaceComposerClient: setCornerRadius ## 21e4a73 es.uniovi.recetasasturianas/es.uniovi.recetasasturianas.MainActivity#179405 cornerRadius=0.000000
05-15 20:59:45.511  1977  6970 D SurfaceComposerClient: setCornerRadius ## e92452b Splash Screen es.uniovi.recetasasturianas#179399 cornerRadius=0.000000
05-15 20:59:45.511  1977  6970 D SurfaceComposerClient: setCornerRadius ## 21e4a73 es.uniovi.recetasasturianas/es.uniovi.recetasasturianas.MainActivity#179405 cornerRadius=0.000000
05-15 20:59:45.512  1977  6970 I WindowManager: Relayout hash=e92452b, pid=11062, syncId=-1: mAttrs={(0,0)(fillxfill) sim={adjust=pan} layoutInDisplayCutoutMode=always ty=APPLICATION_STARTING fmt=TRANSLUCENT wanim=0x1030317
05-15 20:59:45.512  1977  6970 I WindowManager:   fl=81030118
05-15 20:59:45.512  1977  6970 I WindowManager:   pfl=10000810
05-15 20:59:45.512  1977  6970 I WindowManager:   bhv=1
05-15 20:59:45.512  1977  6970 I WindowManager:   fitSides=0
05-15 20:59:45.512  1977  6970 I WindowManager:   frameRateBoostOnTouch=true
05-15 20:59:45.512  1977  6970 I WindowManager:   dvrrWindowFrameRateHint=true naviIconColor=0}
05-15 20:59:45.512 11062 11138 I VRI[recetasasturianas]@5546d64: onActiveControlsChanged, removed=false, mAdded=true, caller=android.view.ViewRootImpl.handleInsetsControlChanged:3002 android.view.ViewRootImpl.relayoutWindow:11629 android.view.ViewRootImpl.performTraversals:4804 android.view.ViewRootImpl.doTraversal:3924 android.view.ViewRootImpl$TraversalRunnable.run:12903
05-15 20:59:45.513 11062 11062 D SystemUIService: SYSUI_RAM_OPTIMIZATION onTrimMemory=20
05-15 20:59:45.514 11062 11138 I VRI[recetasasturianas]@5546d64: Relayout returned: old=(0,0,1080,2340) new=(0,0,1080,2340) relayoutAsync=false req=(1080,2340)8 dur=5 res=0x2 s={false 0x0} ch=true seqId=0
05-15 20:59:45.514 11062 11138 D VRI[recetasasturianas]@5546d64: Not drawing due to not visible. Reason=View.GONE
05-15 20:59:45.514 11062 11062 D CentralSurfaces: SYSUI_RAM_OPTIMIZATION onTrimMemory=20
05-15 20:59:45.514 11062 11138 W WindowOnBackDispatcher: sendCancelIfRunning: isInProgress=false callback=android.view.ViewRootImpl$$ExternalSyntheticLambda16@b9cfbd0
05-15 20:59:45.514 11062 11227 D HWUI    : CacheManager::trimMemory(20)
05-15 20:59:45.515 11062 11138 I VRI[recetasasturianas]@5546d64: dispatchDetachedFromWindow
05-15 20:59:45.516  1977  6970 I SemDvfsHyPerManager: acquire hyper - AMS_RESUME_TAIL/1977@22, type = -999
05-15 20:59:45.516  1977  6970 I SemDvfsHyPerManager: acquire hyper - AMS_ACT_LAZY/1977@23, type = -999
05-15 20:59:45.516  1977  6970 D InputTransport: Input channel destroyed: 'e92452b', fd=1062
05-15 20:59:45.517  1632  1829 I HYPER-HAL: [RequestManager.cpp]acquire(): Acquired ID : 1999022  [1977 / 22]    HINT : AMS_RESUME_TAIL    list :
05-15 20:59:45.518  1977  6970 D SurfaceComposerClient: setCornerRadius ## 21e4a73 es.uniovi.recetasasturianas/es.uniovi.recetasasturianas.MainActivity#179405 cornerRadius=0.000000
05-15 20:59:45.519  1977  6970 D SurfaceComposerClient: setCornerRadius ## 21e4a73 es.uniovi.recetasasturianas/es.uniovi.recetasasturianas.MainActivity#179405 cornerRadius=0.000000
05-15 20:59:45.519 11062 11138 D InputTransport: Input channel destroyed: 'e92452b', fd=504
05-15 20:59:45.521  1977  2142 D SurfaceComposerClient: setCornerRadius ## 21e4a73 es.uniovi.recetasasturianas/es.uniovi.recetasasturianas.MainActivity#179405 cornerRadius=0.000000
05-15 20:59:45.522 24090 24090 D RecipeListViewModel: Dataset recibido: 78 recetas
05-15 20:59:45.524  5792  5858 I cn_CronetUrlRequestContext: destroyNativeStreamLocked android.net.http.internal.org.chromium.net.impl.CronetBidirectionalStream@ba86a92
05-15 20:59:45.524  1632  1829 I HYPER-HAL: [ResourceManager.cpp]updateResource(): [CPUMinFreq] UpdateResource Request ID : 1999022    Value : 1785600
05-15 20:59:45.524  1632  1829 I HYPER-HAL: [RequestManager.cpp]acquire(): Acquired ID : 2001023  [1977 / 23]    HINT : AMS_ACT_LAZY    list :
05-15 20:59:45.525  1632  1829 I HYPER-HAL: [ResourceManager.cpp]removeResource(): [CPULittleMinFreq] RemoveResource Request ID : 2011043
05-15 20:59:45.526  1808  1808 I SurfaceFlinger: [Display 0 name="Built-in Screen"#172933] setFrameRateCategory: Default
05-15 20:59:45.526  1808  1808 I SurfaceFlinger: [LayerHierarchy{RequestedLayerState{e92452b Splash Screen es.uniovi.recetasasturianas#179399 z=2147483647} 1 children}] reparent to OffscreenRoot
05-15 20:59:45.526  1808  1808 I SurfaceFlinger: [LayerHierarchy{RequestedLayerState{e92452b Splash Screen es.uniovi.recetasasturianas#179399 z=2147483647} 1 children}] RelativeParent to null
05-15 20:59:45.526  1808  1808 I SurfaceFlinger: [LayerHierarchy{RequestedLayerState{Splash Screen es.uniovi.recetasasturianas$_11062#179400} no children}] reparent to OffscreenRoot
05-15 20:59:45.526  1808  1808 I SurfaceFlinger: [LayerHierarchy{RequestedLayerState{Splash Screen es.uniovi.recetasasturianas$_11062#179400} no children}] RelativeParent to null
05-15 20:59:45.526  1808  1808 I SurfaceFlinger: [LayerHierarchy{RequestedLayerState{21e4a73 es.uniovi.recetasasturianas/es.uniovi.recetasasturianas.MainActivity#179405 parentId=179398} 1 children}] reparent to LayerHierarchy{RequestedLayerState{ActivityRecord{261437244 u0 es.uniovi.recetasasturianas/.MainActivity t2376}#179398 parentId=179397} 3 children}
05-15 20:59:45.526  1808  1808 I SurfaceFlinger: [LayerHierarchy{RequestedLayerState{Surface(name=21e4a73 es.uniovi.recetasasturianas/es.uniovi.recetasasturianas.MainActivity)/@0x82694eb - animation-leash of starting_reveal#179409} no children}] reparent to OffscreenRoot
05-15 20:59:45.526  1808  1808 I SurfaceFlinger: [LayerHierarchy{RequestedLayerState{Surface(name=21e4a73 es.uniovi.recetasasturianas/es.uniovi.recetasasturianas.MainActivity)/@0x82694eb - animation-leash of starting_reveal#179409} no children}] RelativeParent to null
05-15 20:59:45.526  1808  1808 I SurfaceFlinger: id=179400 Removed Splash Screen es.uniovi.recetasasturianas$_11062#179400 (166)
05-15 20:59:45.527  1808  1808 I SurfaceFlinger: id=179399 Removed e92452b Splash Screen es.uniovi.recetasasturianas#179399 (166)
05-15 20:59:45.527  1808  1808 E RefreshRateSelector: Can't find HRR max refresh rate by policy with the same group 1080
05-15 20:59:45.527  5792  5792 E Finsky  : [2] Failed to load an Item com.android.vending, no data available.
05-15 20:59:45.527  1977  2142 D SurfaceComposerClient: setCornerRadius ## 21e4a73 es.uniovi.recetasasturianas/es.uniovi.recetasasturianas.MainActivity#179405 cornerRadius=0.000000
05-15 20:59:45.528 20661 20661 W WindowOnBackDispatcher: sendCancelIfRunning: isInProgress=false callback=b.TeCqMNUAa81tlGMLY@555456b
05-15 20:59:45.528 20661 20661 I VRI[HomeActivity]@27ecfc4: stopped(true) old = false
05-15 20:59:45.528 20661 20661 D VRI[HomeActivity]@27ecfc4: WindowStopped on bitpit.launcher/bitpit.launcher.ui.HomeActivity set to true
05-15 20:59:45.529 20661 20699 D HWUI    : CacheManager::trimMemory(20)
05-15 20:59:45.529 20661 20661 I AutofillManager: onInvisibleForAutofill(): expiringResponse
05-15 20:59:45.530  1977  2997 I AppWidgetServiceImpl: stopListening callbacks : null
05-15 20:59:45.530  1632  1829 I HYPER-HAL: [ResourceManager.cpp]removeResource(): [CPUMinFreq] RemoveResource Request ID : 2011043
05-15 20:59:45.531  1632  1829 I HYPER-HAL: [RequestManager.cpp]releaseLocked(): Released ID : 2011043
05-15 20:59:45.532  5792  5792 E Finsky  : [2] Required items [com.android.vending]
05-15 20:59:45.533  5792  5792 E Finsky  : [2] Requested items [[com.android.vending]]
05-15 20:59:45.533  5792  5792 E Finsky  : [2] Retrieved items []
05-15 20:59:45.534  1808  1808 D SurfaceFlinger: Display 4630947232161729154 HWC layers:
05-15 20:59:45.534  1808  1808 D SurfaceFlinger:        DEVICE |          103465762160642 | 00002102 | RGBA_8888    |    0.0    0.0 1080.0 2340.0 |    0    0 1080 2340 | es.uniovi.recetasasturianas/es.uniov[...]sturianas.MainActivity$_24090#179406 (2)
05-15 20:59:45.534  1808  1808 D SurfaceFlinger:        DEVICE |           47510928230651 | 00002100 | RGBA_8888    |    0.0    0.0 1080.0   99.0 |    0    0 1080   99 | StatusBar$_11062#172976 (4128)
05-15 20:59:45.534  1808  1808 D SurfaceFlinger:        DEVICE |           47510928230672 | 00002100 | RGBA_8888    |    0.0    0.0 1080.0  144.0 |    0 2196 1080 2340 | NavigationBar0$_11062#172972 (357)
05-15 20:59:45.534  1808  1808 D SurfaceFlinger:        DEVICE |           27157078223661 | 00002100 | RGBA_8888    |    0.0   13.0  290.0  158.0 |  395    0  685  145 | $_6323#154529 (967)
05-15 20:59:45.534  1808  1808 D SurfaceFlinger:        DEVICE |           27157078223656 | 00002100 | RGBA_8888    |    0.0    0.0 1080.0  115.0 |    0    0 1080  115 | $_6323#177506 (652)
05-15 20:59:45.534  1808  1808 D SurfaceFlinger:        DEVICE |           47510928230638 | 00002140 | RGBA_8888    |    0.0    0.0 1080.0  121.0 |    0    0 1080  121 | ScreenDecorOverlay$_11062#172986 (67)
05-15 20:59:45.534  1808  1808 D SurfaceFlinger:        DEVICE |           47510
05-15 20:59:45.534  1808  1808 D SurfaceFlinger: 928230639 | 00002140 | RGBA_8888    |    0.0    0.0 1080.0  121.0 |    0 2219 1080 2340 | ScreenDecorOverlayBottom$_11062#172987 (60)
05-15 20:59:45.534  1808  1808 D SurfaceFlinger:
05-15 20:59:45.534  1808  1808 I SurfaceFlinger: destroyed e92452b Splash Screen es.uniovi.recetasasturianas#179399 form LifecycleManager
05-15 20:59:45.534  1808  1808 I SurfaceFlinger: destroyed Splash Screen es.uniovi.recetasasturianas$_11062#179400 form LifecycleManager
05-15 20:59:45.534  1808  1808 I SurfaceFlinger: id=179399 onLayerDestroyed from LayerHierarchyBuilder(RequestedLayerState{e92452b Splash Screen es.uniovi.recetasasturianas#179399 !handle z=2147483647})
05-15 20:59:45.534  1808  1808 I SurfaceFlinger: id=179400 onLayerDestroyed from LayerHierarchyBuilder(RequestedLayerState{Splash Screen es.uniovi.recetasasturianas$_11062#179400 !handle})
05-15 20:59:45.535  1808  1808 I Layer   : id=179399 Destroyed e92452b Splash Screen es.uniovi.recetasasturianas#179399
05-15 20:59:45.535  1808  1808 I Layer   : id=179400 Destroyed Splash Screen es.uniovi.recetasasturianas$_11062#179400
05-15 20:59:45.539 24090 24090 D CompatChangeReporter: Compat change id reported: 270674727; UID 10625; state: ENABLED
05-15 20:59:45.540 24090 24090 W Glide   : Failed to find GeneratedAppGlideModule. You should include an annotationProcessor compile dependency on com.github.bumptech.glide:compiler in your application and a @GlideModule annotated AppGlideModule implementation or LibraryGlideModules will be silently ignored
05-15 20:59:45.545 12633 12651 I Routine@Core[4.9.04.16]: ActivityWatcherListenerImpl: onStopComponent: componentName - bitpit.launcher, userId: 0
05-15 20:59:45.546 12633 12651 I Routine@Core[4.9.04.16]: Pref: putSharedPrefsData: key=condition_launch_app_data_resume_pkg, data.size=70
05-15 20:59:45.550  1808  1808 I SurfaceFlinger: [LayerHierarchy{RequestedLayerState{bitpit.launcher/bitpit.launcher.ui.HomeActivity$_20661#179391} no children}] reparent to OffscreenRoot
05-15 20:59:45.550  1808  1808 I SurfaceFlinger: [LayerHierarchy{RequestedLayerState{bitpit.launcher/bitpit.launcher.ui.HomeActivity$_20661#179391} no children}] RelativeParent to null
05-15 20:59:45.551  1808  1808 I SurfaceFlinger: id=179391 Removed bitpit.launcher/bitpit.launcher.ui.HomeActivity$_20661#179391 (164)
