05-15 20:59:47.681 24090 24090 I InsetsSourceConsumer: applyRequestedVisibilityToControl: visible=true, type=statusBars, host=es.uniovi.recetasasturianas/es.uniovi.recetasasturianas.MainActivity
05-15 20:59:47.682 24090 24090 I InsetsSourceConsumer: applyRequestedVisibilityToControl: visible=true, type=navigationBars, host=es.uniovi.recetasasturianas/es.uniovi.recetasasturianas.MainActivity
05-15 20:59:47.682  1977  2142 D SurfaceComposerClient: setCornerRadius ## f15dc68 es.uniovi.recetasasturianas/es.uniovi.recetasasturianas.MainActivity#179432 cornerRadius=0.000000
05-15 20:59:47.683  1977  2134 D PkgPredictorService-SecIpmManagerServiceImpl: bg information pid:24267 uid:10626 pkgName:es.uniovi.recetasasturianas.test
05-15 20:59:47.683  1632  1829 I HYPER-HAL: [ResourceManager.cpp]removeResource(): [CPUMinFreq] RemoveResource Request ID : 2015058
05-15 20:59:47.683  1632  1829 I HYPER-HAL: [RequestManager.cpp]releaseLocked(): Released ID : 2015058
05-15 20:59:47.687  1808  1808 I SurfaceFlinger: [Display 0 name="Built-in Screen"#172933] setFrameRateCategory: Default
05-15 20:59:47.687  1808  1808 I SurfaceFlinger: [LayerHierarchy{RequestedLayerState{Splash Screen es.uniovi.recetasasturianas$_11062#179426} no children}] reparent to OffscreenRoot
05-15 20:59:47.687  1808  1808 I SurfaceFlinger: [LayerHierarchy{RequestedLayerState{Splash Screen es.uniovi.recetasasturianas$_11062#179426} no children}] RelativeParent to null
05-15 20:59:47.687  1808  1808 I SurfaceFlinger: [LayerHierarchy{RequestedLayerState{65a2bbc Splash Screen es.uniovi.recetasasturianas#179425 z=2147483647} no children}] reparent to OffscreenRoot
05-15 20:59:47.687  1808  1808 I SurfaceFlinger: [LayerHierarchy{RequestedLayerState{65a2bbc Splash Screen es.uniovi.recetasasturianas#179425 z=2147483647} no children}] RelativeParent to null
05-15 20:59:47.687  1808  1808 I SurfaceFlinger: [LayerHierarchy{RequestedLayerState{f15dc68 es.uniovi.recetasasturianas/es.uniovi.recetasasturianas.MainActivity#179432 parentId=179424} 1 children}] reparent to LayerHierarchy{RequestedLayerState{ActivityRecord{135332749 u0 es.uniovi.recetasasturianas/.MainActivity t2378}#179424 parentId=179423} 3 children}
05-15 20:59:47.687  1808  1808 I SurfaceFlinger: [LayerHierarchy{RequestedLayerState{Surface(name=f15dc68 es.uniovi.recetasasturianas/es.uniovi.recetasasturianas.MainActivity)/@0x7b5d080 - animation-leash of starting_reveal#179436} no children}] reparent to OffscreenRoot
05-15 20:59:47.687  1808  1808 I SurfaceFlinger: [LayerHierarchy{RequestedLayerState{Surface(name=f15dc68 es.uniovi.recetasasturianas/es.uniovi.recetasasturianas.MainActivity)/@0x7b5d080 - animation-leash of starting_reveal#179436} no children}] RelativeParent to null
05-15 20:59:47.688  1808  1808 I SurfaceFlinger: id=179426 Removed Splash Screen es.uniovi.recetasasturianas$_11062#179426 (173)
05-15 20:59:47.688  1808  1808 I SurfaceFlinger: id=179425 Removed 65a2bbc Splash Screen es.uniovi.recetasasturianas#179425 (173)
05-15 20:59:47.688  1808  1808 E RefreshRateSelector: Can't find HRR max refresh rate by policy with the same group 1080
05-15 20:59:47.689 24267 24267 W WindowOnBackDispatcher: sendCancelIfRunning: isInProgress=false callback=android.view.ViewRootImpl$$ExternalSyntheticLambda16@560244e
05-15 20:59:47.690 24090 24090 D VRI[MainActivity]@2e45f19: mThreadedRenderer.initializeIfNeeded()#2 mSurface={isValid=true 0xb400007de8d52610}
05-15 20:59:47.691 24090 24090 D InputMethodManagerUtils: startInputInner - Id : 0
05-15 20:59:47.691 24090 24090 I InputMethodManager: startInputInner - IInputMethodManagerGlobalInvoker.startInputOrWindowGainedFocus
05-15 20:59:47.692 24267 24288 D HWUI    : CacheManager::trimMemory(20)
05-15 20:59:47.692 24267 24267 D ViewRootImpl: Skipping stats log for color mode
05-15 20:59:47.693 24267 24267 I VRI[InstrumentationActivityInvoker$EmptyActivity]@d5e9311: dispatchDetachedFromWindow
05-15 20:59:47.693  1977  2946 I ImeTracker: es.uniovi.recetasasturianas:369bb20: onRequestHide at ORIGIN_SERVER reason HIDE_UNSPECIFIED_WINDOW fromUser false
05-15 20:59:47.694 24090 24090 I InputMethodManager: handleMessage: setImeVisibility visible=false
05-15 20:59:47.694 24090 24090 D InsetsController: hide(ime(), fromIme=false)
05-15 20:59:47.694 24090 24090 I ImeTracker: es.uniovi.recetasasturianas:369bb20: onCancelled at PHASE_CLIENT_ALREADY_HIDDEN
05-15 20:59:47.694  1977  2997 D InputTransport: Input channel destroyed: '830adf4', fd=1237
05-15 20:59:47.695  1808  1808 I SurfaceFlinger: destroyed Splash Screen es.uniovi.recetasasturianas$_11062#179426 form LifecycleManager
05-15 20:59:47.695  1808  1808 I SurfaceFlinger: destroyed 65a2bbc Splash Screen es.uniovi.recetasasturianas#179425 form LifecycleManager
05-15 20:59:47.695  1808  1808 I SurfaceFlinger: id=179426 onLayerDestroyed from LayerHierarchyBuilder(RequestedLayerState{Splash Screen es.uniovi.recetasasturianas$_11062#179426 !handle})
05-15 20:59:47.695  1808  1808 I SurfaceFlinger: id=179425 onLayerDestroyed from LayerHierarchyBuilder(RequestedLayerState{65a2bbc Splash Screen es.uniovi.recetasasturianas#179425 !handle z=2147483647})
05-15 20:59:47.696  1808  1808 I Layer   : id=179426 Destroyed Splash Screen es.uniovi.recetasasturianas$_11062#179426
05-15 20:59:47.696  1808  1808 I Layer   : id=179425 Destroyed 65a2bbc Splash Screen es.uniovi.recetasasturianas#179425
05-15 20:59:47.696  1977  2997 D SurfaceComposerClient: setCornerRadius ## f15dc68 es.uniovi.recetasasturianas/es.uniovi.recetasasturianas.MainActivity#179432 cornerRadius=0.000000
05-15 20:59:47.696  1977  2997 D SurfaceComposerClient: setCornerRadius ## f15dc68 es.uniovi.recetasasturianas/es.uniovi.recetasasturianas.MainActivity#179432 cornerRadius=0.000000
05-15 20:59:47.697 24267 24267 D InputTransport: Input channel destroyed: '830adf4', fd=121
05-15 20:59:47.698  1977  2946 D InputTransport: Input channel constructed: 'ClientS', fd=1030
05-15 20:59:47.698 24090 24109 D InputTransport: Input channel constructed: 'ClientS', fd=165
05-15 20:59:47.699  1977  2946 D InputTransport: Input channel destroyed: 'ClientS', fd=1030
05-15 20:59:47.699 23357 23357 I LatinIME: onFinishInput
05-15 20:59:47.699 23357 23357 D InputMethodService: unregisterCompatOnBackInvokedCallback return because registered : false
05-15 20:59:47.700 23357 23357 D InputMethodService: updateClientDisplayId: displayId=0, mClientDisplayId=0
05-15 20:59:47.701  1808  4802 I SurfaceFlinger: id=179418 Removed daaea44 ActivityRecordInputSink es.uniovi.recetasasturianas.test/androidx.test.core.app.InstrumentationActivityInvoker$EmptyActivity#179418 (171)
05-15 20:59:47.701 12633 17431 I Routine@Core[4.9.04.16]: ActivityWatcherListenerImpl: onStopComponent: componentName - es.uniovi.recetasasturianas.test, userId: 0
05-15 20:59:47.701  1808  2995 I SurfaceFlinger: id=179437 createSurf, flag=24004, Task=2377#179437
05-15 20:59:47.702 12633 17431 I Routine@Core[4.9.04.16]: Pref: putSharedPrefsData: key=condition_launch_app_data_resume_pkg, data.size=70
05-15 20:59:47.704  1808  2995 I SurfaceFlinger: id=179438 createSurf, flag=24004, Surface(name=35023c1 InputMethod)/@0x1087f31 - animation-leash of insets_animation#179438
05-15 20:59:47.704  1808  1808 I SurfaceFlinger: [LayerHierarchy{RequestedLayerState{es.uniovi.recetasasturianas.test/androidx.test.core.app.InstrumentationActivityInvoker$EmptyActivity$_24267#179421} no children}] reparent to OffscreenRoot
05-15 20:59:47.704  1808  1808 I SurfaceFlinger: [LayerHierarchy{RequestedLayerState{es.uniovi.recetasasturianas.test/androidx.test.core.app.InstrumentationActivityInvoker$EmptyActivity$_24267#179421} no children}] RelativeParent to null
05-15 20:59:47.704  1808  1808 I SurfaceFlinger: [LayerHierarchy{RequestedLayerState{830adf4 es.uniovi.recetasasturianas.test/androidx.test.core.app.InstrumentationActivityInvoker$EmptyActivity#179419} no children}] reparent to OffscreenRoot
05-15 20:59:47.704  1808  1808 I SurfaceFlinger: [LayerHierarchy{RequestedLayerState{830adf4 es.uniovi.recetasasturianas.test/androidx.test.core.app.InstrumentationActivityInvoker$EmptyActivity#179419} no children}] RelativeParent to null
05-15 20:59:47.704  1808  1808 I SurfaceFlinger: [Task=2377#179437] attach to parent Root
05-15 20:59:47.704  1808  1808 I SurfaceFlinger: [Surface(name=35023c1 InputMethod)/@0x1087f31 - animation-leash of insets_animation#179438] attach to parent LayerHierarchy{RequestedLayerState{WindowToken{21e384e type=2011 android.os.Binder@4717749}#146663 parentId=15} 2 children}
05-15 20:59:47.704  1808  1808 I SurfaceFlinger: id=179419 Removed 830adf4 es.uniovi.recetasasturianas.test/androidx.test.core.app.InstrumentationActivityInvoker$EmptyActivity#179419 (173)
05-15 20:59:47.704  1808  1808 I SurfaceFlinger: id=179421 Removed es.uniovi.recetasasturianas.test/androidx.test.core.app.InstrumentationActivityInvoker$EmptyActivity$_24267#179421 (173)
05-15 20:59:47.706 24267 24288 D HWUI    : CacheManager::trimMemory(40)
05-15 20:59:47.707  4195  4195 I HoneySpace.TaskStackChangeRepositoryImpl: onTaskRemoved : 2377
05-15 20:59:47.707  4195  4195 I HoneySpace.TaskStackChangeRepositoryImpl: onTaskRemoved : 2377
05-15 20:59:47.705  1977  6950 I ImeTracker: system_server:43277bf5: onRequestHide at ORIGIN_SERVER reason IME_REQUESTED_CHANGED_LISTENER fromUser false
05-15 20:59:47.707  4195  4195 I HoneySpace.TaskListViewModel[264452461]: taskRemoveId, 2377
05-15 20:59:47.707  4195  4195 W HoneySpace.TaskListViewModel[264452461]: task is already removed: 2377
05-15 20:59:47.708  4195  4401 I HoneySpace.TopTaskSource: onTaskRemoved: 2377
05-15 20:59:47.708  4195  4195 I HoneySpace.TaskListViewModel[264452461]: taskRemoveId, 2377
05-15 20:59:47.708  4195  4195 W HoneySpace.TaskListViewModel[264452461]: task is already removed: 2377
05-15 20:59:47.708  1977  2142 D SurfaceComposerClient: setCornerRadius ## f15dc68 es.uniovi.recetasasturianas/es.uniovi.recetasasturianas.MainActivity#179432 cornerRadius=0.000000
05-15 20:59:47.710  4195  4401 I HoneySpace.TopTaskSource: onTaskRemoved: 2377
05-15 20:59:47.710  1977  2141 I ImeTracker: system_server:43277bf5: onCancelled at PHASE_SERVER_SHOULD_HIDE
05-15 20:59:47.711  4195 30507 I HoneySpace.RecentTasks: onRunningTaskVanished
05-15 20:59:47.711  4195 30507 I HoneySpace.RecentTasks: onRecentTasksChanged
05-15 20:59:47.712  1808  1808 I SurfaceFlinger: RequestedLayer [Surface(name=35023c1 InputMethod)/@0[...]ion-leash of insets_animation#179438] hidden!! flag  from(1) --> to(0)
05-15 20:59:47.712  1808  1808 E SurfaceFlinger: alpha changed 1.000 -> 0.000 - Surface(name=35023c1 InputMethod)/@0x1087f31 - animation-leash of insets_animation#179438
05-15 20:59:47.712  1808  1808 I SurfaceFlinger: destroyed es.uniovi.recetasasturianas.test/androidx.test.core.app.InstrumentationActivityInvoker$EmptyActivity$_24267#179421 form LifecycleManager
05-15 20:59:47.712  1808  1808 I SurfaceFlinger: destroyed 830adf4 es.uniovi.recetasasturianas.test/androidx.test.core.app.InstrumentationActivityInvoker$EmptyActivity#179419 form LifecycleManager
05-15 20:59:47.712  1808  1808 I SurfaceFlinger: [LayerHierarchy{RequestedLayerState{ImeContainer#15 parentId=179424 relativeParentId=179432 z=1} 1 children}] reparent to LayerHierarchy{RequestedLayerState{ActivityRecord{135332749 u0 es.uniovi.recetasasturianas/.MainActivity t2378}#179424 parentId=179423} 3 children}
05-15 20:59:47.712  1808  1808 I SurfaceFlinger: [LayerHierarchy{RequestedLayerState{ImeContainer#15 parentId=179424 relativeParentId=179432 z=1} 1 children}] RelativeParent to LayerHierarchy{RequestedLayerState{f15dc68 es.uniovi.recetasasturianas/es.uniovi.recetasasturianas.MainActivity#179432 parentId=179424} 2 children}
05-15 20:59:47.712  1808  1808 I SurfaceFlinger: [LayerHierarchy{RequestedLayerState{35023c1 InputMethod#146668 parentId=179438} no children}] reparent to LayerHierarchy{RequestedLayerState{Surface(name=35023c1 InputMethod)/@0x1087f31 - animation-leash of insets_animation#179438 parentId=146663} 1 children}
05-15 20:59:47.712  1808  1808 I SurfaceFlinger: [LayerHierarchy{RequestedLayerState{Surface(name=35023c1 InputMethod)/@0x1087f31 - animation-leash of insets_animation#179420} no children}] reparent to OffscreenRoot
05-15 20:59:47.712  1808  1808 I SurfaceFlinger: [LayerHierarchy{RequestedLayerState{Surface(name=35023c1 InputMethod)/@0x1087f31 - animation-leash of insets_animation#179420} no children}] RelativeParent to null
05-15 20:59:47.712  1808  1808 I SurfaceFlinger: [LayerHierarchy{RequestedLayerState{Task=2377#179411 z=7} 1 children}] reparent to OffscreenRoot
05-15 20:59:47.712  1808  1808 I SurfaceFlinger: [LayerHierarchy{RequestedLayerState{Task=2377#179411 z=7} 1 children}] RelativeParent to null
05-15 20:59:47.712  1808  1808 I SurfaceFlinger: [LayerHierarchy{RequestedLayerState{ActivityRecord{116069474 u0 es.uniovi.recetasasturianas.test/androidx.test.core.app.InstrumentationActivityInvoker$EmptyActivity t2377}#179412} 1 children}] reparent to OffscreenRoot
05-15 20:59:47.712  1808  1808 I SurfaceFlinger: [LayerHierarchy{RequestedLayerState{ActivityRecord{116069474 u0 es.uniovi.recetasasturianas.test/androidx.test.core.app.InstrumentationActivityInvoker$EmptyActivity t2377}#179412} 1 children}] RelativeParent to null
05-15 20:59:47.712  1808  1808 I SurfaceFlinger: [LayerHierarchy{RequestedLayerState{Task=2377#179437 z=7} no children}] reparent to OffscreenRoot
05-15 20:59:47.712  1808  1808 I SurfaceFlinger: [LayerHierarchy{RequestedLayerState{Task=2377#179437 z=7} no children}] RelativeParent to null
05-15 20:59:47.712  1808  1808 I SurfaceFlinger: id=179421 onLayerDestroyed from LayerHierarchyBuilder(RequestedLayerState{es.uniovi.recetasasturianas.test/androidx.test.core.app.InstrumentationActivityInvoker$EmptyActivity$_24267#179421 !handle})
05-15 20:59:47.712  1808  1808 I SurfaceFlinger: id=179419 onLayerDestroyed from LayerHierarchyBuilder(RequestedLayerState{830adf4 es.uniovi.recetasasturianas.test/androidx.test.core.app.InstrumentationActivityInvoker$EmptyActivity#179419 !handle})
05-15 20:59:47.713  1808  1808 I Layer   : id=179421 Destroyed es.uniovi.recetasasturianas.test/androidx.test.core.app.InstrumentationActivityInvoker$EmptyActivity$_24267#179421
05-15 20:59:47.713  1808  1808 I Layer   : id=179419 Destroyed 830adf4 es.uniovi.recetasasturianas.test/androidx.test.core.app.InstrumentationActivityInvoker$EmptyActivity#179419
05-15 20:59:47.714  1808  2497 I SurfaceFlinger: id=179412 Removed ActivityRecord{116069474 u0 es.uniovi.recetasasturianas.test/androidx.test.core.app.InstrumentationActivityInvoker$EmptyActivity t2377}#179412 (171)
05-15 20:59:47.714  1808  2497 I SurfaceFlinger: id=179437 Removed Task=2377#179437 (171)
05-15 20:59:47.714  1808  2497 I SurfaceFlinger: id=179420 Removed Surface(name=35023c1 InputMethod)/@0x1087f31 - animation-leash of insets_animation#179420 (171)
05-15 20:59:47.716  5792  5792 I Finsky  : [2] App states replicator found 131 unowned apps
05-15 20:59:47.721  1808  1808 I SurfaceFlinger: destroyed daaea44 ActivityRecordInputSink es.uniovi.recetasasturianas.test/androidx.test.core.app.InstrumentationActivityInvoker$EmptyActivity#179418 form LifecycleManager
05-15 20:59:47.721  1808  1808 I SurfaceFlinger: destroyed Surface(name=35023c1 InputMethod)/@0x1087f31 - animation-leash of insets_animation#179420 form LifecycleManager
05-15 20:59:47.721  1808  1808 I SurfaceFlinger: destroyed ActivityRecord{116069474 u0 es.uniovi.recetasasturianas.test/androidx.test.core.app.InstrumentationActivityInvoker$EmptyActivity t2377}#179412 form LifecycleManager
05-15 20:59:47.721  1808  1808 I SurfaceFlinger: destroyed Task=2377#179437 form LifecycleManager
05-15 20:59:47.721  1808  1808 I SurfaceFlinger: id=179418 onLayerDestroyed from LayerHierarchyBuilder(RequestedLayerState{daaea44 ActivityRecordInputSink es.uniovi.recetasasturianas.test/androidx.test.core.app.InstrumentationActivityInvoker$EmptyActivity#179418 !handle z=-2147483648})
05-15 20:59:47.721  1808  1808 I SurfaceFlinger: id=179420 onLayerDestroyed from LayerHierarchyBuilder(RequestedLayerState{Surface(name=35023c1 InputMethod)/@0x1087f31 - animation-leash of insets_animation#179420 !handle})
05-15 20:59:47.721  1808  1808 I SurfaceFlinger: id=179412 onLayerDestroyed from LayerHierarchyBuilder(RequestedLayerState{ActivityRecord{116069474 u0 es.uniovi.recetasasturianas.test/androidx.test.core.app.InstrumentationActivityInvoker$EmptyActivity t2377}#179412 !handle})
05-15 20:59:47.721  1808  1808 I SurfaceFlinger: id=179437 onLayerDestroyed from LayerHierarchyBuilder(RequestedLayerState{Task=2377#179437 !handle z=7})
05-15 20:59:47.721  1808  1808 I Layer   : id=179418 Destroyed daaea44 ActivityRecordInputSink es.uniovi.recetasasturianas.test/androidx.test.core.app.InstrumentationActivityInvoker$EmptyActivity#179418
05-15 20:59:47.721  1808  1808 I Layer   : id=179420 Destroyed Surface(name=35023c1 InputMethod)/@0x1087f31 - animation-leash of insets_animation#179420
05-15 20:59:47.721  1808  1808 I Layer   : id=179412 Destroyed ActivityRecord{116069474 u0 es.uniovi.recetasasturianas.test/androidx.test.core.app.InstrumentationActivityInvoker$EmptyActivity t2377}#179412
05-15 20:59:47.721  1808  1808 I Layer   : id=179437 Destroyed Task=2377#179437
05-15 20:59:47.722 23357 23357 I InputMethodService: scheduleImeSurfaceRemoval: removeImeSurface is posted.
05-15 20:59:47.724  5792  5832 I Finsky  : [1200] Completed 0 account content syncs with 0 successful.
05-15 20:59:47.725  5792  5792 I Finsky  : [2] [ContentSync] Installation state replication succeeded.
05-15 20:59:47.725  5792  5792 I Finsky  : [2] SCH: jobFinished: 12-1. TimeElapsed: 5409ms.
05-15 20:59:47.726  5792  5792 I Finsky  : [2] WM::SCH: Logging work end for 12-1
05-15 20:59:47.733  5792  5842 I Finsky  : [1206] SCH: Scheduling phonesky job Id: 1-1337, CT: 1778843486197, Constraints: [{ L: 43052213, D: 86252213, C: CHARGING_NONE, I: IDLE_NONE, N: NET_ANY, B: BATTERY_ANY }]
05-15 20:59:47.733  5792  5842 I Finsky  : [1206] SCH: Scheduling phonesky job Id: 34-518, CT: 1778843501034, Constraints: [{ L: 79199907, D: 1375199907, C: CHARGING_NONE, I: IDLE_NONE, N: NET_ANY, B: BATTERY_ANY }]
05-15 20:59:47.733  5792  5842 I Finsky  : [1206] SCH: Scheduling phonesky job Id: 34-519, CT: 1778843501849, Constraints: [{ L: 604800000, D: 2591999472, C: CHARGING_NONE, I: IDLE_NONE, N: NET_ANY, B: BATTERY_ANY }]
05-15 20:59:47.735  5792  5827 I Finsky  : [1195] SCH: Scheduling 1 system job(s)
05-15 20:59:47.735  5792  5827 I Finsky  : [1195] SCH: Scheduling system job Id: 9935, L: 14950675, D: 58150675, C: false, I: false, N: 1
05-15 20:59:47.740  5792 23893 I Finsky  : [1818] SCH: job service finished with id 9927.
05-15 20:59:47.789  1632 24302 I HYPER-HAL: [ResourceManager.cpp]removeResource(): [CPUMinFreq] RemoveResource Request ID : 1999022
05-15 20:59:47.789  1632 24302 I HYPER-HAL: [RequestManager.cpp]releaseLocked(): Released ID : 1999022
05-15 20:59:47.805 13642 14356 D BluetoothAdapter: isLeEnabled(): ON
05-15 20:59:47.806 13642 14356 D BluetoothLeScanner: Start Scan with callback
05-15 20:59:47.808 22867 22876 I bt_shim_scanner: system/main/shim/le_scanning_manager.cc:135 RegisterScanner: in shim layer, UUID=f92881d1-6908-458e-9e0f-df459a58e164
05-15 20:59:47.808 22867 22897 W bluetooth: system/gd/hci/le_scanning_manager.cc:650 register_scanner: register_scanner
05-15 20:59:47.809 13642 28030 D BluetoothLeScanner: onScannerRegistered() - status=0 scannerId=6 mScannerId=0
05-15 20:59:47.818 22867 23017 E ScanManager: [GSIM LOG]: gsimLogHandler, msg: MESSAGE_SCAN_START, appName: fi.polar.polarflow, scannerId: 6, reportDelayMillis=0
05-15 20:59:47.818 22867 23017 I bt_shim_scanner: system/main/shim/le_scanning_manager.cc:260 ScanFilterEnable: in shim layer
05-15 20:59:47.825 22867 23017 I bt_shim_scanner: system/main/shim/le_scanning_manager.cc:233 ScanFilterAdd: in shim layer
05-15 20:59:47.827 22867 23017 I bt_shim_scanner: system/main/shim/le_scanning_manager.cc:197 ScanFilterParamSetup: in shim layer, clientIf=6
05-15 20:59:47.827 22867 23017 I bt_shim_scanner: system/main/shim/le_scanning_manager.cc:233 ScanFilterAdd: in shim layer
05-15 20:59:47.828 22867 23017 I bt_shim_scanner: system/main/shim/le_scanning_manager.cc:197 ScanFilterParamSetup: in shim layer, clientIf=6
05-15 20:59:47.828 22867 23017 I bt_shim_scanner: system/main/shim/le_scanning_manager.cc:233 ScanFilterAdd: in shim layer
05-15 20:59:47.828 22867 23017 I bt_shim_scanner: system/main/shim/le_scanning_manager.cc:197 ScanFilterParamSetup: in shim layer, clientIf=6
05-15 20:59:47.832 24090 24090 I ViewInteraction: Checking 'MatchesViewAssertion{viewMatcher=(view has effective visibility <VISIBLE> and view.getGlobalVisibleRect() to return non-empty rectangle)}' assertion on view view.getId() is <2131296655/es.uniovi.recetasasturianas:id/recycler_view>
05-15 20:59:47.835 24090 24090 I ViewInteraction: Checking 'MatchesViewAssertion{viewMatcher=(view has effective visibility <VISIBLE> and view.getGlobalVisibleRect() to return non-empty rectangle)}' assertion on view (an instance of android.widget.TextView and view.getText() equals string from resource id: <2131886256> [nav_recipes] value: Recipes and view.getParent() view.getId() is <2131296786/es.uniovi.recetasasturianas:id/toolbar>)
05-15 20:59:47.840  1977  4243 I SemDvfsHyPerManager: acquire hyper - AMS_APP_SWITCH/1977@28, type = -999
05-15 20:59:47.840  1808  2497 I SurfaceFlinger: id=179439 createSurf, flag=24004, Task=2379#179439
05-15 20:59:47.841  1632  1829 I HYPER-HAL: [RequestManager.cpp]acquire(): Acquired ID : 2011043  [1977 / 28]    HINT : AMS_APP_SWITCH    list :
05-15 20:59:47.841  5896  5896 I SemDvfsHyPerManager: acquire hyper - APP_START_SHORT/5896@15, type = -999
05-15 20:59:47.841  1632  1829 I HYPER-HAL: [ResourceManager.cpp]updateResource(): [CPULittleMinFreq] UpdateResource Request ID : 2011043    Value : 1804800
05-15 20:59:47.842  1632  1829 I HYPER-HAL: [ResourceManager.cpp]updateResource(): [CPUMinFreq] UpdateResource Request ID : 2011043    Value : 2841600
05-15 20:59:47.842  1632  1829 I HYPER-HAL: [RequestManager.cpp]acquire(): Acquired ID : 17472931  [5896 / 15]    HINT : APP_START    list : [TIMEOUT / 1500]
05-15 20:59:47.842  1632  1829 I HYPER-HAL: [ResourceManager.cpp]updateResource(): [CPUMaxFreq] UpdateResource Request ID : 17472931    Value : 2841600
05-15 20:59:47.843  1808  2497 I SurfaceFlinger: id=179440 createSurf, flag=84004, ActivityRecord{87241834 u0 es.uniovi.recetasasturianas.test/androidx.test.core.app.InstrumentationActivityInvoker$EmptyActivity t2379}#179440
05-15 20:59:47.846 11062 11138 D ViewRootImpl: desktopMode is false
05-15 20:59:47.847 11062 11138 I ViewRootImpl: dVRR is disabled
05-15 20:59:47.847  1977  4019 I SemDvfsHyPerManager: acquire hyper - AMS_APP_LAUNCH/1977@21, type = -999
05-15 20:59:47.847 11062 11227 D NativeCustomFrequencyManager: [NativeCFMS] BpCustomFrequencyManager::BpCustomFrequencyManager()
05-15 20:59:47.848  1632  1829 I HYPER-HAL: [RequestManager.cpp]acquire(): Acquired ID : 1997022  [1977 / 21]    HINT : AMS_APP_LAUNCH    list :
05-15 20:59:47.848  1632  1829 I HYPER-HAL: [ResourceManager.cpp]updateResource(): [CPULittleMinFreq] UpdateResource Request ID : 1997022    Value : 1804800
05-15 20:59:47.848  1632  1829 I HYPER-HAL: [ResourceManager.cpp]updateResource(): [CPUMinFreq] UpdateResource Request ID : 1997022    Value : 2841600
05-15 20:59:47.849 11062 11118 D ShellDesktopMode: handleRequest: TransitionRequestInfo {type=1, tid=2379, debugId=14572}
05-15 20:59:47.850  5896  5896 I SemDvfsHyPerManager: acquire hyper - APP_START/5896@17, type = -999
05-15 20:59:47.851  1632  1829 I HYPER-HAL: [RequestManager.cpp]acquire(): Acquired ID : 17484758  [5896 / 17]    HINT : APP_START    list :
05-15 20:59:47.851  1632  1829 I HYPER-HAL: [ResourceManager.cpp]updateResource(): [CPUMaxFreq] UpdateResource Request ID : 17484758    Value : 2841600
05-15 20:59:47.852  4195  4401 I HoneySpace.TopTaskSource: onTaskMovedToFront : taskId = 2379, displayId = 0
05-15 20:59:47.852  4195  4403 I HoneySpace.TopTaskUseCase: topTasks 2379 ComponentInfo{es.uniovi.recetasasturianas.test/androidx.test.core.app.InstrumentationActivityInvoker$EmptyActivity}[displayId=0]
05-15 20:59:47.853  4301  4301 E pageboostd: Received HALT command code 2
05-15 20:59:47.853  1808  1808 I SurfaceFlinger: [Task=2379#179439] attach to parent LayerHierarchy{RequestedLayerState{DefaultTaskDisplayArea_d0#172934 parentId=9} 11 children}
05-15 20:59:47.853  1808  1808 I SurfaceFlinger: [ActivityRecord{87241834 u0 es.uniovi.recetasasturianas.test/androidx.test.core.app.InstrumentationActivityInvoker$EmptyActivity t2379}#179440] attach to parent LayerHierarchy{RequestedLayerState{Task=2379#179439 parentId=172934} 1 children}
05-15 20:59:47.854  2090  2090 I CameraService: onUidStateChanged: uid=10048, procState is changed. (0 -> 1)
05-15 20:59:47.855  1977  6943 D InputTransport: Input channel constructed: '6ccc34b', fd=1030
05-15 20:59:47.855  1977  6943 D InputTransport: Input channel constructed: '6ccc34b', fd=1049
05-15 20:59:47.855  1977  6943 D InputTransport: Input channel constructed: '6ccc34b', fd=1062
05-15 20:59:47.855  1977  6943 D InputTransport: Input channel destroyed: '6ccc34b', fd=1049
05-15 20:59:47.855  1808  2497 I SurfaceFlinger: id=179441 createSurf, flag=84004, 6ccc34b Splash Screen es.uniovi.recetasasturianas.test#179441
05-15 20:59:47.856  1977  6943 D InputTransport: Input channel destroyed: '6ccc34b', fd=1062
05-15 20:59:47.857 11062 11138 D InputTransport: Input channel constructed: '6ccc34b', fd=446
05-15 20:59:47.857 11062 11138 I InsetsController: onStateChanged: host=Splash Screen es.uniovi.recetasasturianas.test, from=android.view.ViewRootImpl.onInsetsStateChanged:3026, state=InsetsState: {mDisplayFrame=Rect(0, 0 - 1080, 2340), mDisplayCutout=DisplayCutout{insets=Rect(0, 99 - 0, 0) waterfall=Insets{left=0, top=0, right=0, bottom=0} boundingRect={Bounds=[Rect(0, 0 - 0, 0), Rect(505, 0 - 575, 99), Rect(0, 0 - 0, 0), Rect(0, 0 - 0, 0)]} cutoutPathParserInfo={CutoutPathParserInfo{displayWidth=1080 displayHeight=2340 physicalDisplayWidth=1080 physicalDisplayHeight=2340 density={3.0} cutoutSpec={M 0,0 M 0,29 a 35,35 0 1,0 0,70 a 35,35 0 1,0 0,-70 Z} rotation={0} scale={1.0} physicalPixelDisplaySizeRatio={1.0}}} sideOverrides={}}, mRoundedCorners=RoundedCorners{[RoundedCorner{position=TopLeft, radius=108, center=Point(108, 108)}, RoundedCorner{position=TopRight, radius=108, center=Point(972, 108)}, RoundedCorner{position=BottomRight, radius=108, center=Point(972, 2232)}, RoundedCorner{position=BottomLeft, radius=108, center=Point(108, 2232)}]}  mRoundedCornerFrame=Rect(0, 0 - 1080, 2340), mPrivacyIndicatorBounds=PrivacyIndicatorBounds {static bounds=Rect(948, 0 - 1080, 99) rotation=0}, mDisplayShape=DisplayShape{ spec=-311912193 displayWidth=1080 displayHeight=2340 physicalPixelDisplaySizeRatio=1.0 rotation=0 offsetX=0 offsetY=0 scale=1.0}, mSources= { InsetsSource: {b73a0001 mType=navigationBars mFrame=[0,0][0,0] mVisible=true mFlags=SUPPRESS_SCRIM mSideHint=NONE mBoundingRects=null}, InsetsSource: {b73a0004 mType=systemGestures mFrame=[0,0][90,2340] mVisible=true mFlags= mSideHint=LEFT mBoundingRects=null}, InsetsSource: {b73a0005 mType=mandatorySystemGestures mFrame=[0,2265][1080,2340] mVisible=true mFlags= mSideHint=BOTTOM mBoundingRects=null}, InsetsSource: {b73a0006 mType=tappableElement mFrame=[0,0][0,0] mVisible=true mFlags= mSideHint=NONE mBoundingRects=null}, InsetsSource: {b73a0024 mType=systemGestures mFrame=[990,0][1080,2340] mVisible=true mFlags= mSideHint=RIGHT mBoundingRects=null}, InsetsSource: {27 mType=displayCutout mFrame=[0,0][1080,99] mVisible=true mFlags= mSideHint=TOP mBoundingRects=null}, InsetsSource: {9260000 mType=statusBars mFrame=[0,0][1080,99] mVisible=true mFlags= mSideHint=TOP mBoundingRects=null}, InsetsSource: {9260005 mType=mandatorySystemGestures mFrame=[0,0][1080,135] mVisible=true mFlags= mSideHint=TOP mBoundingRects=null}, InsetsSource: {9260006 mType=tappableElement mFrame=[0,0][1080,99] mVisible=true mFlags= mSideHint=TOP mBoundingRects=null} }
05-15 20:59:47.857 11062 11138 I VRI[test]@f75c767: onActiveControlsChanged, removed=false, mAdded=true, caller=android.view.ViewRootImpl.handleInsetsControlChanged:3002 android.view.ViewRootImpl.setView:2014 android.view.WindowManagerGlobal.addView:604 com.android.wm.shell.startingsurface.SplashscreenWindowCreator.addWindow:38 com.android.wm.shell.startingsurface.StartingWindowController$$ExternalSyntheticLambda4.run:1365
05-15 20:59:47.858 11062 11138 I VRI[test]@f75c767: synced displayState. AttachInfo displayState=2
05-15 20:59:47.858 24090 24090 D LifecycleMonitor: Lifecycle status change: es.uniovi.recetasasturianas.MainActivity@385d7da in: PAUSED
05-15 20:59:47.858 24090 24090 V ActivityScenario: Update currentActivityStage to PAUSED, currentActivity=es.uniovi.recetasasturianas.MainActivity@385d7da
05-15 20:59:47.858  4195 23188 I HoneySpace.RecentTasks: onRecentTasksChanged
05-15 20:59:47.858  4195 30507 I HoneySpace.RecentTasks: onRecentTasksChanged
05-15 20:59:47.862  1977  6950 D InputDispatcher: Focused application(0): ActivityRecord{87241834 u0 es.uniovi.recetasasturianas.test/androidx.test.core.app.InstrumentationActivityInvoker$EmptyActivity t2379}
05-15 20:59:47.862  1808  1808 I SurfaceFlinger: [Display 0 name="Built-in Screen"#172933] setFrameRateCategory: High
05-15 20:59:47.862  1808  1808 I SurfaceFlinger: [6ccc34b Splash Screen es.uniovi.recetasasturianas.test#179441] attach to parent LayerHierarchy{RequestedLayerState{ActivityRecord{87241834 u0 es.uniovi.recetasasturianas.test/androidx.test.core.app.InstrumentationActivityInvoker$EmptyActivity t2379}#179440 parentId=179439} 1 children}
05-15 20:59:47.864  1808  1808 I BpBinder: onLastStrongRef automatically unlinking death recipients:
05-15 20:59:47.865  1977  6948 D GraphicsStatsService: requestRenderEngineFor(es.uniovi.recetasasturianas.test)
05-15 20:59:47.866 24267 24288 I AdrenoGLES-0: QUALCOMM build                   : c62cb5db3a, I2ae86c79d4
05-15 20:59:47.866 24267 24288 I AdrenoGLES-0: Build Date                       : 09/12/25
05-15 20:59:47.866 24267 24288 I AdrenoGLES-0: OpenGL ES Shader Compiler Version: EV031.35.01.12
05-15 20:59:47.866 24267 24288 I AdrenoGLES-0: Local Branch                     :
05-15 20:59:47.866 24267 24288 I AdrenoGLES-0: Remote Branch                    : refs/tags/AU_LINUX_ANDROID_LA.UM.9.14.11.00.00.571.148
05-15 20:59:47.866 24267 24288 I AdrenoGLES-0: Remote Branch                    : NONE
05-15 20:59:47.866 24267 24288 I AdrenoGLES-0: Reconstruct Branch               : NOTHING
05-15 20:59:47.866 24267 24288 I AdrenoGLES-0: Build Config                     : S P 10.0.7 AArch64
05-15 20:59:47.866 24267 24288 I AdrenoGLES-0: Driver Path                      : /vendor/lib64/egl/libGLESv2_adreno.so
05-15 20:59:47.868  1977  6950 D SurfaceComposerClient: setCornerRadius ## 6ccc34b Splash Screen es.uniovi.recetasasturianas.test#179441 cornerRadius=0.000000
05-15 20:59:47.868  1977  6950 D SurfaceComposerClient: setCornerRadius ## 6ccc34b Splash Screen es.uniovi.recetasasturianas.test#179441 cornerRadius=0.000000
05-15 20:59:47.869  1977  3269 D SemWifiTransportLayerMonitor.TcpMonitorHandler: MSG_SAVE_PACKAGE_INFO
05-15 20:59:47.869  1977  3269 D SemWifiTransportLayerFileManager: saveWifiPackageInfoToFile
05-15 20:59:47.869  1977  3269 D SemWifiTransportLayerFileManager: writeWifiPackageInfoList
05-15 20:59:47.872 11062 11138 I VRI[test]@f75c767: setView = android.widget.FrameLayout@3f610b9 IsHRR=false mFlingFrameRateChange=0 TM=true
05-15 20:59:47.872 11062 11227 D HWUI    : HWUI - treat SMPTE_170M as sRGB
05-15 20:59:47.872 12633 17431 I Routine@Core[4.9.04.16]: ActivityWatcherListenerImpl: onPauseComponent: componentName - es.uniovi.recetasasturianas, userId: 0
05-15 20:59:47.873  1977  2134 D PkgPredictorService-SecIpmManagerServiceImpl: onForegroundActivitiesChanged pid:24267 uid:10626
05-15 20:59:47.873 12633 17431 I Routine@Core[4.9.04.16]: Pref: removeSharedPrefsData() key=condition_launch_app_data_resume_pkg
05-15 20:59:47.874  1977  6943 I WindowManager: Relayout Window{6ccc34b u0 Splash Screen es.uniovi.recetasasturianas.test}: viewVisibility=0 req=1080x2340 ty=3 d0
05-15 20:59:47.874  1977  4221 V PkgPredictorService-SecIpmManagerServiceImpl: discard foreground app:es.uniovi.recetasasturianas.test 1|true
05-15 20:59:47.874  1808  2497 I SurfaceFlinger: id=179442 createSurf, flag=44004, Splash Screen es.uniovi.recetasasturianas.test$_11062#179442
05-15 20:59:47.874 12633 12673 I Routine@Core[4.9.04.16]: ModeOrderObserver: ModeOrderObserver:onChange: uri content://com.samsung.android.app.routines.routineprovider/preference
05-15 20:59:47.875  1977  6943 D SurfaceComposerClient: setCornerRadius ## 6ccc34b Splash Screen es.uniovi.recetasasturianas.test#179441 cornerRadius=0.000000
05-15 20:59:47.876  1977  6943 D SurfaceComposerClient: setCornerRadius ## 6ccc34b Splash Screen es.uniovi.recetasasturianas.test#179441 cornerRadius=0.000000
05-15 20:59:47.876  1977  6943 I WindowManager: Relayout hash=6ccc34b, pid=11062, syncId=-1: mAttrs={(0,0)(fillxfill) sim={adjust=pan} layoutInDisplayCutoutMode=always ty=APPLICATION_STARTING fmt=TRANSLUCENT
05-15 20:59:47.876  1977  6943 I WindowManager:   fl=81030118
05-15 20:59:47.876  1977  6943 I WindowManager:   pfl=10000810
05-15 20:59:47.876  1977  6943 I WindowManager:   apr=18
05-15 20:59:47.876  1977  6943 I WindowManager:   bhv=1
05-15 20:59:47.876  1977  6943 I WindowManager:   fitSides=0
05-15 20:59:47.876  1977  6943 I WindowManager:   frameRateBoostOnTouch=true
05-15 20:59:47.876  1977  6943 I WindowManager:   dvrrWindowFrameRateHint=true naviIconColor=0}
05-15 20:59:47.877 11062 11138 I InsetsController: onStateChanged: host=Splash Screen es.uniovi.recetasasturianas.test, from=android.view.ViewRootImpl.onInsetsStateChanged:3026, state=InsetsState: {mDisplayFrame=Rect(0, 0 - 1080, 2340), mDisplayCutout=DisplayCutout{insets=Rect(0, 99 - 0, 0) waterfall=Insets{left=0, top=0, right=0, bottom=0} boundingRect={Bounds=[Rect(0, 0 - 0, 0), Rect(505, 0 - 575, 99), Rect(0, 0 - 0, 0), Rect(0, 0 - 0, 0)]} cutoutPathParserInfo={CutoutPathParserInfo{displayWidth=1080 displayHeight=2340 physicalDisplayWidth=1080 physicalDisplayHeight=2340 density={3.0} cutoutSpec={M 0,0 M 0,29 a 35,35 0 1,0 0,70 a 35,35 0 1,0 0,-70 Z} rotation={0} scale={1.0} physicalPixelDisplaySizeRatio={1.0}}} sideOverrides={}}, mRoundedCorners=RoundedCorners{[RoundedCorner{position=TopLeft, radius=108, center=Point(108, 108)}, RoundedCorner{position=TopRight, radius=108, center=Point(972, 108)}, RoundedCorner{position=BottomRight, radius=108, center=Point(972, 2232)}, RoundedCorner{position=BottomLeft, radius=108, center=Point(108, 2232)}]}  mRoundedCornerFrame=Rect(0, 0 - 1080, 2340), mPrivacyIndicatorBounds=PrivacyIndicatorBounds {static bounds=Rect(948, 0 - 1080, 99) rotation=0}, mDisplayShape=DisplayShape{ spec=-311912193 displayWidth=1080 displayHeight=2340 physicalPixelDisplaySizeRatio=1.0 rotation=0 offsetX=0 offsetY=0 scale=1.0}, mSources= { InsetsSource: {b73a0001 mType=navigationBars mFrame=[0,0][0,0] mVisible=true mFlags=SUPPRESS_SCRIM mSideHint=NONE mBoundingRects=null}, InsetsSource: {b73a0004 mType=systemGestures mFrame=[0,0][90,2340] mVisible=true mFlags= mSideHint=LEFT mBoundingRects=null}, InsetsSource: {b73a0005 mType=mandatorySystemGestures mFrame=[0,2265][1080,2340] mVisible=true mFlags= mSideHint=BOTTOM mBoundingRects=null}, InsetsSource: {b73a0006 mType=tappableElement mFrame=[0,0][0,0] mVisible=true mFlags= mSideHint=NONE mBoundingRects=null}, InsetsSource: {b73a0024 mType=systemGestures mFrame=[990,0][1080,2340] mVisible=true mFlags= mSideHint=RIGHT mBoundingRects=null}, InsetsSource: {3 mType=ime mFrame=[0,0][0,0] mVisible=false mFlags= mSideHint=NONE mBoundingRects=null}, InsetsSource: {27 mType=displayCutout mFrame=[0,0][1080,99] mVisible=true mFlags= mSideHint=TOP mBoundingRects=null}, InsetsSource: {9260000 mType=statusBars mFrame=[0,0][1080,99] mVisible=true mFlags= mSideHint=TOP mBoundingRects=null}, InsetsSource: {9260005 mType=mandatorySystemGestures mFrame=[0,0][1080,135] mVisible=true mFlags= mSideHint=TOP mBoundingRects=null}, InsetsSource: {9260006 mType=tappableElement mFrame=[0,0][1080,99] mVisible=true mFlags= mSideHint=TOP mBoundingRects=null} }
05-15 20:59:47.877 11062 11062 I {OngoingActivityController}: onTaskFocusChanged but OA data is empty
05-15 20:59:47.877 11062 11138 I VRI[test]@f75c767: onActiveControlsChanged, removed=false, mAdded=true, caller=android.view.ViewRootImpl.handleInsetsControlChanged:3002 android.view.ViewRootImpl.relayoutWindow:11629 android.view.ViewRootImpl.performTraversals:4804 android.view.ViewRootImpl.doTraversal:3924 android.view.ViewRootImpl$TraversalRunnable.run:12903
05-15 20:59:47.878 11062 11138 W libc    : Access denied finding property "vendor.display.enable_optimal_refresh_rate"
05-15 20:59:47.878 11062 11138 I BufferQueueProducer: [](id:2b360000013d,api:0,p:1222570672,c:11062) setDequeueTimeout:2077252342
05-15 20:59:47.878  4195  4401 I HoneySpace.TopTaskSource: onTaskFocusChanged(): taskId = 2379
05-15 20:59:47.878  1808  1808 I SurfaceFlinger: [LayerHierarchy{RequestedLayerState{ImeContainer#15 parentId=179424 relativeParentId=179424 z=1} 1 children}] RelativeParent to null
05-15 20:59:47.878  1808  1808 I SurfaceFlinger: [Splash Screen es.uniovi.recetasasturianas.test$_11062#179442] attach to parent LayerHierarchy{RequestedLayerState{6ccc34b Splash Screen es.uniovi.recetasasturianas.test#179441 parentId=179440} 1 children}
05-15 20:59:47.879  1977  3186 D AS.MultiSoundManager: mForegroundUid = 10626
05-15 20:59:47.880 11062 11138 I BLASTBufferQueue_Java: new BLASTBufferQueue, mName= VRI[test]@f75c767 mNativeObject= 0xb400007e28f15ff0 caller= android.view.ViewRootImpl.updateBlastSurfaceIfNeeded:3585 android.view.ViewRootImpl.relayoutWindow:11685 android.view.ViewRootImpl.performTraversals:4804 android.view.ViewRootImpl.doTraversal:3924 android.view.ViewRootImpl$TraversalRunnable.run:12903 android.view.Choreographer$CallbackRecord.run:1901 android.view.Choreographer$CallbackRecord.run:1910 android.view.Choreographer.doCallbacks:1367 android.view.Choreographer.doFrame:1292 android.view.Choreographer$FrameDisplayEventReceiver.run:1870
05-15 20:59:47.880 11062 11138 I BLASTBufferQueue_Java: update, w= 1080 h= 2340 mName = VRI[test]@f75c767 mNativeObject= 0xb400007e28f15ff0 sc.mNativeObject= 0xb400007ea8d41c90 format= -3 caller= android.view.ViewRootImpl.updateBlastSurfaceIfNeeded:3590 android.view.ViewRootImpl.relayoutWindow:11685 android.view.ViewRootImpl.performTraversals:4804 android.view.ViewRootImpl.doTraversal:3924 android.view.ViewRootImpl$TraversalRunnable.run:12903 android.view.Choreographer$CallbackRecord.run:1901
05-15 20:59:47.881 11062 11138 W libc    : Access denied finding property "vendor.display.enable_optimal_refresh_rate"
05-15 20:59:47.881 11062 11138 I VRI[test]@f75c767: Relayout returned: old=(0,0,1080,2340) new=(0,0,1080,2340) relayoutAsync=false req=(1080,2340)0 dur=4 res=0x3 s={true 0xb400007de8f82d80} ch=true seqId=0
05-15 20:59:47.881  1808  1951 D SurfaceFlinger: [input] setFocusedWindow: <null>
05-15 20:59:47.881  1977  6943 D InputDispatcher: Focus left window (0): f15dc68 es.uniovi.recetasasturianas/es.uniovi.recetasasturianas.MainActivity
05-15 20:59:47.882  1977  2134 D NetworkPolicy: already checked 10626
05-15 20:59:47.882  1977  2134 D NetworkPolicy: already checked 10626
05-15 20:59:47.882  1977  1997 D InputDispatcher: Once focus requested (0): <null>
05-15 20:59:47.883 11062 11138 I VRI[test]@f75c767: performConfigurationChange setNightDimText nightDimLevel=0
05-15 20:59:47.884 11062 11138 D VRI[test]@f75c767: mThreadedRenderer.initialize() mSurface={isValid=true 0xb400007de8f82d80} hwInitialized=true
05-15 20:59:47.884 11062 11138 D VRI[test]@f75c767: reportNextDraw android.view.ViewRootImpl.performTraversals:5443 android.view.ViewRootImpl.doTraversal:3924 android.view.ViewRootImpl$TraversalRunnable.run:12903 android.view.Choreographer$CallbackRecord.run:1901 android.view.Choreographer$CallbackRecord.run:1910
05-15 20:59:47.884 11062 11138 D VRI[test]@f75c767: Setup new sync=wmsSync-VRI[test]@f75c767#10
05-15 20:59:47.885 11062 11138 I VRI[test]@f75c767: Creating new active sync group VRI[test]@f75c767#11
05-15 20:59:47.885 11062 11138 D VRI[test]@f75c767: registerCallbacksForSync syncBuffer=false
05-15 20:59:47.885 24267 24267 I DecorView: setWindowBackground: isPopOver=false color=ffffffff d=android.graphics.drawable.ColorDrawable@e13cf75
05-15 20:59:47.885 11062 11225 D VRI[test]@f75c767: Received frameDrawingCallback syncResult=0 frameNum=1.
05-15 20:59:47.885 11062 11225 I VRI[test]@f75c767: mWNT: t=0xb400007df8e73c90 mBlastBufferQueue=0xb400007e28f15ff0 fn= 1 HdrRenderState mRenderHdrSdrRatio=1.0 caller= android.view.ViewRootImpl$12.onFrameDraw:15441 android.view.ThreadedRenderer$1.onFrameDraw:718 <bottom of call stack>
05-15 20:59:47.885 11062 11225 I VRI[test]@f75c767: Setting up sync and frameCommitCallback
05-15 20:59:47.887 24090 24090 I ImeFocusController: onPreWindowFocus: skipped hasWindowFocus=false mHasImeFocus=true
05-15 20:59:47.888 24090 24090 I ImeFocusController: onPostWindowFocus: skipped hasWindowFocus=false mHasImeFocus=true
05-15 20:59:47.888 11062 11227 I BLASTBufferQueue: [VRI[test]@f75c767#317](f:0,a:0,s:0) onFrameAvailable the first frame is available
05-15 20:59:47.888 11062 11227 I SurfaceComposerClient: apply transaction with the first frame. layerId: 179442, bufferData(ID: 47510928231465, frameNumber: 1)
05-15 20:59:47.888 11062 11227 I VRI[test]@f75c767: Received frameCommittedCallback lastAttemptedDrawFrameNum=1 didProduceBuffer=true
05-15 20:59:47.889  1808  2995 I SurfaceFlinger: [Splash Screen es.uniovi.recetasasturianas.test$_11062#179442] setTransactionState with the first frame. bufferData(ID: 47510928231465, frameNumber: 1)
05-15 20:59:47.889 11062 11227 D HWUI    : CFMS:: SetUp Pid : 11062    Tid : 11227
05-15 20:59:47.889 11062 11138 D VRI[test]@f75c767: reportDrawFinished seqId=0
05-15 20:59:47.891  1977  2142 D SurfaceComposerClient: setCornerRadius ## 6ccc34b Splash Screen es.uniovi.recetasasturianas.test#179441 cornerRadius=0.000000
05-15 20:59:47.891  1977  2142 D SurfaceComposerClient: setCornerRadius ## 6ccc34b Splash Screen es.uniovi.recetasasturianas.test#179441 cornerRadius=0.000000
05-15 20:59:47.892 24267 24267 D ViewRootImpl: desktopMode is false
05-15 20:59:47.892 24267 24267 I ViewRootImpl: dVRR is disabled
05-15 20:59:47.892 12633 12673 I Routine@Core[4.9.04.16]: ModesOrderManager: getOrderOrDefault: uuid(100)
05-15 20:59:47.893  1808  2995 I SurfaceFlinger: id=179443 createSurf, flag=84004, Transition Root: Task=2379#179443
05-15 20:59:47.893 12633 12673 I Routine@Core[4.9.04.16]: ModesOrderManager: getOrder: uuid(100) -> order(999)
05-15 20:59:47.893 12633 12673 I Routine@Core[4.9.04.16]: ModeListHolder: update: size(1) updated(2026/05/15 20:59:47) [ModeMeta(id=1, uuid=100, iconResourceId=2131231140, iconStatusResourceId=2131231637, displayName=Sleep, isRunning=false, runningReason=, runningReasonCondition=, isSet=true, isDeleted=false, detailRunningReason=null, order=999, toggleTime=1778816639015)]
05-15 20:59:47.894  1977  2142 I SurfaceControlRegistry: show, t=StartTransaction_SyncId<14572> sc=ActivityRecord{87241834 u0 es.uniovi.recetasasturianas.test/androidx.test.core.app.InstrumentationActivityInvoker$EmptyActivity t2379}, caller=android.view.SurfaceControl$Transaction.show:3557 com.android.server.wm.Transition.onTransactionReady:2048 com.android.server.wm.BLASTSyncEngine$SyncGroup.finishNow:240 com.android.server.wm.BLASTSyncEngine.onSurfacePlacement:263 com.android.server.wm.RootWindowContainer.performSurfacePlacementNoTrace:1083 com.android.server.wm.WindowSurfacePlacer.performSurfacePlacement:166
05-15 20:59:47.894  1977  2142 D SurfaceComposerClient: setCornerRadius ## Task=2378#179423 cornerRadius=0.000000
05-15 20:59:47.894  1977  2142 D SurfaceComposerClient: setCornerRadius ## Task=2379#179439 cornerRadius=0.000000
05-15 20:59:47.895  1808  1808 I SurfaceFlinger: [Transition Root: Task=2379#179443] attach to parent LayerHierarchy{RequestedLayerState{DefaultTaskDisplayArea_d0#172934 parentId=9} 12 children}
05-15 20:59:47.895  1977  2142 D ScreenCapture: [Capture_TEST] : setIsScreenShotBySystem false
05-15 20:59:47.895  1977  2142 I SurfaceComposerClient: captureLayers:childrenOnly:1, sync:1
05-15 20:59:47.898 24267 24288 I AdrenoGLES-0: PFP: 0x016dc094, ME: 0x00000000
05-15 20:59:47.900 11062 11118 I SurfaceControlRegistry: hide, t=FinishTransaction_SyncId<14572> sc=Task=2378, caller=android.view.SurfaceControl$Transaction.hide:3583 com.android.wm.shell.transition.Transitions.dispatchReady:1263 com.android.wm.shell.transition.Transitions.onTransitionReady:251 com.android.wm.shell.transition.Transitions$TransitionPlayerImpl$$ExternalSyntheticLambda0.run:13 android.os.Handler.handleCallback:995 android.os.Handler.dispatchMessage:103
05-15 20:59:47.900 11062 11118 I SurfaceControlRegistry: show, t=StartTransaction_SyncId<14572> sc=Task=2379, caller=android.view.SurfaceControl$Transaction.show:3557 com.android.wm.shell.transition.Transitions.dispatchReady:1279 com.android.wm.shell.transition.Transitions.onTransitionReady:251 com.android.wm.shell.transition.Transitions$TransitionPlayerImpl$$ExternalSyntheticLambda0.run:13 android.os.Handler.handleCallback:995 android.os.Handler.dispatchMessage:103
05-15 20:59:47.900 11062 11118 I SurfaceControlRegistry: show, t=FinishTransaction_SyncId<14572> sc=Task=2379, caller=android.view.SurfaceControl$Transaction.show:3557 com.android.wm.shell.transition.Transitions.dispatchReady:1330 com.android.wm.shell.transition.Transitions.onTransitionReady:251 com.android.wm.shell.transition.Transitions$TransitionPlayerImpl$$ExternalSyntheticLambda0.run:13 android.os.Handler.handleCallback:995 android.os.Handler.dispatchMessage:103
05-15 20:59:47.900 11062 11118 I SurfaceControlRegistry: show, t=StartTransaction_SyncId<14572> sc=Transition Root: Task=2379, caller=android.view.SurfaceControl$Transaction.show:3557 com.android.wm.shell.transition.Transitions.playTransition:79 com.android.wm.shell.transition.Transitions.processReadyQueue:239 com.android.wm.shell.transition.Transitions.dispatchReady:1352 com.android.wm.shell.transition.Transitions.onTransitionReady:251 com.android.wm.shell.transition.Transitions$TransitionPlayerImpl$$ExternalSyntheticLambda0.run:13
05-15 20:59:47.900  1977  2141 D EnterpriseDeviceManagerService: isMdmAdminPresentInternal() : MDM Admin Found - com.samsung.knox.securefolder
05-15 20:59:47.902 11062 11118 D SurfaceComposerClient: [Task=2378#179423] setEdgeExtension Right
05-15 20:59:47.902 11062 11118 I SurfaceControlRegistry: apply, t=StartTransaction_SyncId<14572>, caller=android.view.SurfaceControl$Transaction.apply:3459 android.view.SurfaceControl$Transaction.apply:3447 android.view.SurfaceControl$Transaction.apply:3397 com.android.wm.shell.transition.DefaultTransitionHandler.startAnimation:3292 com.android.wm.shell.transition.Transitions.dispatchTransition:90 com.android.wm.shell.transition.Transitions.playTransition:774
05-15 20:59:47.903 24267 24288 D NativeCustomFrequencyManager: [NativeCFMS] BpCustomFrequencyManager::BpCustomFrequencyManager()
05-15 20:59:47.907  1808  2995 I SurfaceFlinger: Capture layer list: 	 es.uniovi.recetasasturianas/es.uniovi.recetasasturianas.MainActivity$_24090#179433(seamlessTransition:0)
05-15 20:59:47.909  1808  1908 D RenderEngine: [SEC_SF_EFFECTS] drawLayersInternal,1483, Rendering layer ScreenCaptureFillLayer at index 0
05-15 20:59:47.909  1808  1908 D RenderEngine: [SEC_SF_EFFECTS] drawLayersInternal,1483, Rendering layer es.uniovi.recetasasturianas/es.uniovi.recetasasturianas.MainActivity$_24090#179433 at index 1
05-15 20:59:47.912  1808  1808 I SurfaceFlinger: RequestedLayer [6ccc34b Splash Screen es.uniovi.recetasasturianas.test#179441] hidden!! flag  from(1) --> to(0)
05-15 20:59:47.912  1808  1808 I SurfaceFlinger: RequestedLayer [Splash Screen es.uniovi.recetasasturianas.test$_11062#179442] hidden!! flag  from(1) --> to(0)
05-15 20:59:47.912  1808  1808 I SurfaceFlinger: RequestedLayer [Task=2379#179439] hidden!! flag  from(1) --> to(0)
05-15 20:59:47.912  1808  1808 E SurfaceFlinger: alpha changed 1.000 -> 0.000 - Task=2379#179439
05-15 20:59:47.912  1808  1808 I SurfaceFlinger: RequestedLayer [Transition Root: Task=2379#179443] hidden!! flag  from(1) --> to(0)
05-15 20:59:47.912  1808  1808 I SurfaceFlinger: RequestedLayer [ActivityRecord{87241834 u0 es.uniovi[...]yInvoker$EmptyActivity t2379}#179440] hidden!! flag  from(1) --> to(0)
05-15 20:59:47.912  1808  1808 E SurfaceFlinger: alpha changed 0.000 -> 1.000 - Task=2379#179439
05-15 20:59:47.912  1808  1808 I SurfaceFlinger: [LayerHierarchy{RequestedLayerState{Task=2378#179423 parentId=179443 z=2} 1 children}] reparent to LayerHierarchy{RequestedLayerState{Transition Root: Task=2379#179443 parentId=172934 z=8} 1 children}
05-15 20:59:47.912  1808  1808 I SurfaceFlinger: [LayerHierarchy{RequestedLayerState{Task=2379#179439 parentId=179443 z=5} 1 children}] reparent to LayerHierarchy{RequestedLayerState{Transition Root: Task=2379#179443 parentId=172934 z=8} 2 children}
05-15 20:59:47.913 11062 11118 I SurfaceControlRegistry: apply, t=FinishTransaction_SyncId<14572>, caller=android.view.SurfaceControl$Transaction.apply:3459 android.view.SurfaceControl$Transaction.apply:3447 android.view.SurfaceControl$Transaction.apply:3397 com.android.wm.shell.transition.Transitions.onFinish:315 com.android.wm.shell.transition.Transitions$$ExternalSyntheticLambda7.onTransitionFinished:12 com.android.wm.shell.transition.DefaultTransitionHandler$$ExternalSyntheticLambda6.run:36
