05-15 20:59:48.132 11062 11138 I InsetsController: onStateChanged: host=Splash Screen es.uniovi.recetasasturianas, from=android.view.ViewRootImpl.onInsetsStateChanged:3026, state=InsetsState: {mDisplayFrame=Rect(0, 0 - 1080, 2340), mDisplayCutout=DisplayCutout{insets=Rect(0, 99 - 0, 0) waterfall=Insets{left=0, top=0, right=0, bottom=0} boundingRect={Bounds=[Rect(0, 0 - 0, 0), Rect(505, 0 - 575, 99), Rect(0, 0 - 0, 0), Rect(0, 0 - 0, 0)]} cutoutPathParserInfo={CutoutPathParserInfo{displayWidth=1080 displayHeight=2340 physicalDisplayWidth=1080 physicalDisplayHeight=2340 density={3.0} cutoutSpec={M 0,0 M 0,29 a 35,35 0 1,0 0,70 a 35,35 0 1,0 0,-70 Z} rotation={0} scale={1.0} physicalPixelDisplaySizeRatio={1.0}}} sideOverrides={}}, mRoundedCorners=RoundedCorners{[RoundedCorner{position=TopLeft, radius=108, center=Point(108, 108)}, RoundedCorner{position=TopRight, radius=108, center=Point(972, 108)}, RoundedCorner{position=BottomRight, radius=108, center=Point(972, 2232)}, RoundedCorner{position=BottomLeft, radius=108, center=Point(108, 2232)}]}  mRoundedCornerFrame=Rect(0, 0 - 1080, 2340), mPrivacyIndicatorBounds=PrivacyIndicatorBounds {static bounds=Rect(948, 0 - 1080, 99) rotation=0}, mDisplayShape=DisplayShape{ spec=-311912193 displayWidth=1080 displayHeight=2340 physicalPixelDisplaySizeRatio=1.0 rotation=0 offsetX=0 offsetY=0 scale=1.0}, mSources= { InsetsSource: {b73a0001 mType=navigationBars mFrame=[0,0][0,0] mVisible=true mFlags=SUPPRESS_SCRIM mSideHint=NONE mBoundingRects=null}, InsetsSource: {b73a0004 mType=systemGestures mFrame=[0,0][90,2340] mVisible=true mFlags= mSideHint=LEFT mBoundingRects=null}, InsetsSource: {b73a0005 mType=mandatorySystemGestures mFrame=[0,2265][1080,2340] mVisible=true mFlags= mSideHint=BOTTOM mBoundingRects=null}, InsetsSource: {b73a0006 mType=tappableElement mFrame=[0,0][0,0] mVisible=true mFlags= mSideHint=NONE mBoundingRects=null}, InsetsSource: {b73a0024 mType=systemGestures mFrame=[990,0][1080,2340] mVisible=true mFlags= mSideHint=RIGHT mBoundingRects=null}, InsetsSource: {3 mType=ime mFrame=[0,0][0,0] mVisible=false mFlags= mSideHint=NONE mBoundingRects=null}, InsetsSource: {27 mType=displayCutout mFrame=[0,0][1080,99] mVisible=true mFlags= mSideHint=TOP mBoundingRects=null}, InsetsSource: {9260000 mType=statusBars mFrame=[0,0][1080,99] mVisible=true mFlags= mSideHint=TOP mBoundingRects=null}, InsetsSource: {9260005 mType=mandatorySystemGestures mFrame=[0,0][1080,135] mVisible=true mFlags= mSideHint=TOP mBoundingRects=null}, InsetsSource: {9260006 mType=tappableElement mFrame=[0,0][1080,99] mVisible=true mFlags= mSideHint=TOP mBoundingRects=null} }
05-15 20:59:48.133  1808  4802 I SurfaceFlinger: id=179460 Removed Surface(name=8f932e4 StatusBar)/@0xabc478a - animation-leash of insets_animation#179460 (179)
05-15 20:59:48.133 11062 11138 I VRI[recetasasturianas]@1fcc10d: onActiveControlsChanged, removed=false, mAdded=true, caller=android.view.ViewRootImpl.handleInsetsControlChanged:3002 android.view.ViewRootImpl$ViewRootHandler.handleMessageImpl:8352 android.view.ViewRootImpl$ViewRootHandler.handleMessage:8301 android.os.Handler.dispatchMessage:110 android.os.Looper.loopOnce:273
05-15 20:59:48.133 11062 11138 I InsetsSourceConsumer: applyRequestedVisibilityToControl: visible=true, type=statusBars, host=Splash Screen es.uniovi.recetasasturianas
05-15 20:59:48.134 11062 11138 I InsetsSourceConsumer: applyRequestedVisibilityToControl: visible=true, type=navigationBars, host=Splash Screen es.uniovi.recetasasturianas
05-15 20:59:48.135  1977  3116 I WindowManager: Relayout Window{222f2c7 u0 es.uniovi.recetasasturianas.test/androidx.test.core.app.InstrumentationActivityInvoker$EmptyActivity}: viewVisibility=8 req=1080x2340 ty=1 d0
05-15 20:59:48.136  1977  3116 D SurfaceComposerClient: setCornerRadius ## 3172d4e Splash Screen es.uniovi.recetasasturianas#179458 cornerRadius=0.000000
05-15 20:59:48.137  1977  3116 D SurfaceComposerClient: setCornerRadius ## 3172d4e Splash Screen es.uniovi.recetasasturianas#179458 cornerRadius=0.000000
05-15 20:59:48.137  1808  1808 I SurfaceFlinger: destroyed Transition Root: Task=2380#179465 form LifecycleManager
05-15 20:59:48.137  1808  1808 I SurfaceFlinger: destroyed Surface(name=8f932e4 StatusBar)/@0xabc478a - animation-leash of insets_animation#179460 form LifecycleManager
05-15 20:59:48.137  1808  1808 I SurfaceFlinger: id=179465 onLayerDestroyed from LayerHierarchyBuilder(RequestedLayerState{Transition Root: Task=2380#179465 !handle z=8})
05-15 20:59:48.137  1808  1808 I SurfaceFlinger: id=179460 onLayerDestroyed from LayerHierarchyBuilder(RequestedLayerState{Surface(name=8f932e4 StatusBar)/@0xabc478a - animation-leash of insets_animation#179460 !handle})
05-15 20:59:48.138  1808  1808 I Layer   : id=179465 Destroyed Transition Root: Task=2380#179465
05-15 20:59:48.138  1808  1808 I Layer   : id=179460 Destroyed Surface(name=8f932e4 StatusBar)/@0xabc478a - animation-leash of insets_animation#179460
05-15 20:59:48.138  1977  3116 I WindowManager: Relayout hash=222f2c7, pid=24267, syncId=-1: mAttrs={(0,0)(fillxfill) sim={adjust=pan forwardNavigation} layoutInDisplayCutoutMode=always ty=BASE_APPLICATION
05-15 20:59:48.138  1977  3116 I WindowManager:   fl=81810100
05-15 20:59:48.138  1977  3116 I WindowManager:   pfl=100088c0
05-15 20:59:48.138  1977  3116 I WindowManager:   bhv=1
05-15 20:59:48.138  1977  3116 I WindowManager:   fitSides=0
05-15 20:59:48.138  1977  3116 I WindowManager:   frameRateBoostOnTouch=true
05-15 20:59:48.138  1977  3116 I WindowManager:   dvrrWindowFrameRateHint=true naviIconColor=0}
05-15 20:59:48.140 24090 24090 D RecipeListViewModel: SwitchMap disparado con query: ''
05-15 20:59:48.140 24090 24090 D RecipeListViewModel: ViewModel init
05-15 20:59:48.140 24090 24090 D RecipeListViewModel: loadRecipes() empezando...
05-15 20:59:48.141 24090 24090 D RecipeListViewModel: Conexión detectada: true
05-15 20:59:48.141 24267 24267 I InsetsController: cancelAnimation: types=statusBars, animType=0, host=es.uniovi.recetasasturianas.test/androidx.test.core.app.InstrumentationActivityInvoker$EmptyActivity, from=android.view.InsetsController.notifyControlRevoked:2043 android.view.InsetsSourceConsumer.setControl:158 android.view.InsetsController.onControlsChanged:1207
05-15 20:59:48.142  1808  1899 I SurfaceFlinger: id=179464 Removed Surface(name=7a9d783 NavigationBar0)/@0x10e1471 - animation-leash of insets_animation#179464 (177)
05-15 20:59:48.142 24090 24090 D RecipeListViewModel: SwitchMap disparado con query: ''
05-15 20:59:48.144 24090 24090 D LifecycleMonitor: Lifecycle status change: es.uniovi.recetasasturianas.MainActivity@d997c2a in: STARTED
05-15 20:59:48.144 24090 24090 V ActivityScenario: Update currentActivityStage to STARTED, currentActivity=es.uniovi.recetasasturianas.MainActivity@d997c2a
05-15 20:59:48.144 24090 24090 D LifecycleMonitor: Lifecycle status change: es.uniovi.recetasasturianas.MainActivity@d997c2a in: RESUMED
05-15 20:59:48.144 24090 24090 V ActivityScenario: Update currentActivityStage to RESUMED, currentActivity=es.uniovi.recetasasturianas.MainActivity@d997c2a
05-15 20:59:48.144 24267 24267 I VRI[InstrumentationActivityInvoker$EmptyActivity]@380c198: Relayout returned: old=(0,0,1080,2340) new=(0,0,1080,2340) relayoutAsync=false req=(1080,2340)8 dur=12 res=0x2 s={false 0x0} ch=true seqId=0
05-15 20:59:48.145 24090 24090 D RecipeListViewModel: SwitchMap disparado con query: ' '
05-15 20:59:48.145 24090 24090 D RecipeListViewModel: SwitchMap disparado con query: ''
05-15 20:59:48.145 24267 24267 D VRI[InstrumentationActivityInvoker$EmptyActivity]@380c198: Not drawing due to not visible. Reason=!mAppVisible && !mForceDecorViewVisibility
05-15 20:59:48.145  1808  1808 I SurfaceFlinger: RequestedLayer [Surface(name=8f932e4 StatusBar)/@0xa[...]ion-leash of insets_animation#179463] hidden!! flag  from(1) --> to(0)
05-15 20:59:48.145  1808  1808 E SurfaceFlinger: alpha changed 0.000 -> 0.011 - Surface(name=8f932e4 StatusBar)/@0xabc478a - animation-leash of insets_animation#179463
05-15 20:59:48.145  1808  1808 I SurfaceFlinger: destroyed Surface(name=7a9d783 NavigationBar0)/@0x10e1471 - animation-leash of insets_animation#179464 form LifecycleManager
05-15 20:59:48.145  1808  1808 I SurfaceFlinger: id=179464 onLayerDestroyed from LayerHierarchyBuilder(RequestedLayerState{Surface(name=7a9d783 NavigationBar0)/@0x10e1471 - animation-leash of insets_animation#179464 !handle})
05-15 20:59:48.146  1808  1808 I Layer   : id=179464 Destroyed Surface(name=7a9d783 NavigationBar0)/@0x10e1471 - animation-leash of insets_animation#179464
05-15 20:59:48.146 24090 24090 D ViewRootImpl: desktopMode is false
05-15 20:59:48.146 24090 24090 I ViewRootImpl: dVRR is disabled
05-15 20:59:48.146 24090 24155 D NativeCustomFrequencyManager: [NativeCFMS] BpCustomFrequencyManager::BpCustomFrequencyManager()
05-15 20:59:48.147 24267 24319 W InteractionJankMonitor: Initializing without READ_DEVICE_CONFIG permission. enabled=false, interval=1, missedFrameThreshold=3, frameTimeThreshold=64, package=es.uniovi.recetasasturianas.test
05-15 20:59:48.147  1977  3116 D InputTransport: Input channel constructed: '3f7caca', fd=1103
05-15 20:59:48.148  1977  3116 D InputTransport: Input channel constructed: '3f7caca', fd=1111
05-15 20:59:48.148  1977  3116 D InputTransport: Input channel constructed: '3f7caca', fd=1130
05-15 20:59:48.148  1977  3116 D InputTransport: Input channel destroyed: '3f7caca', fd=1111
05-15 20:59:48.148  1808  1897 I SurfaceFlinger: id=179469 createSurf, flag=84004, 3f7caca es.uniovi.recetasasturianas/es.uniovi.recetasasturianas.MainActivity#179469
05-15 20:59:48.149  1808  2497 I SurfaceFlinger: id=179463 Removed Surface(name=8f932e4 StatusBar)/@0xabc478a - animation-leash of insets_animation#179463 (177)
05-15 20:59:48.149  1977  3116 D InputTransport: Input channel destroyed: '3f7caca', fd=1130
05-15 20:59:48.149 24090 24090 D InputTransport: Input channel constructed: '3f7caca', fd=141
05-15 20:59:48.150 24090 24090 I InsetsController: onStateChanged: host=es.uniovi.recetasasturianas/es.uniovi.recetasasturianas.MainActivity, from=android.view.ViewRootImpl.onInsetsStateChanged:3026, state=InsetsState: {mDisplayFrame=Rect(0, 0 - 1080, 2340), mDisplayCutout=DisplayCutout{insets=Rect(0, 99 - 0, 0) waterfall=Insets{left=0, top=0, right=0, bottom=0} boundingRect={Bounds=[Rect(0, 0 - 0, 0), Rect(505, 0 - 575, 99), Rect(0, 0 - 0, 0), Rect(0, 0 - 0, 0)]} cutoutPathParserInfo={CutoutPathParserInfo{displayWidth=1080 displayHeight=2340 physicalDisplayWidth=1080 physicalDisplayHeight=2340 density={3.0} cutoutSpec={M 0,0 M 0,29 a 35,35 0 1,0 0,70 a 35,35 0 1,0 0,-70 Z} rotation={0} scale={1.0} physicalPixelDisplaySizeRatio={1.0}}} sideOverrides={}}, mRoundedCorners=RoundedCorners{[RoundedCorner{position=TopLeft, radius=108, center=Point(108, 108)}, RoundedCorner{position=TopRight, radius=108, center=Point(972, 108)}, RoundedCorner{position=BottomRight, radius=108, center=Point(972, 2232)}, RoundedCorner{position=BottomLeft, radius=108, center=Point(108, 2232)}]}  mRoundedCornerFrame=Rect(0, 0 - 1080, 2340), mPrivacyIndicatorBounds=PrivacyIndicatorBounds {static bounds=Rect(948, 0 - 1080, 99) rotation=0}, mDisplayShape=DisplayShape{ spec=-311912193 displayWidth=1080 displayHeight=2340 physicalPixelDisplaySizeRatio=1.0 rotation=0 offsetX=0 offsetY=0 scale=1.0}, mSources= { InsetsSource: {b73a0001 mType=navigationBars mFrame=[0,0][0,0] mVisible=true mFlags=SUPPRESS_SCRIM mSideHint=NONE mBoundingRects=null}, InsetsSource: {b73a0004 mType=systemGestures mFrame=[0,0][90,2340] mVisible=true mFlags= mSideHint=LEFT mBoundingRects=null}, InsetsSource: {b73a0005 mType=mandatorySystemGestures mFrame=[0,2265][1080,2340] mVisible=true mFlags= mSideHint=BOTTOM mBoundingRects=null}, InsetsSource: {b73a0006 mType=tappableElement mFrame=[0,0][0,0] mVisible=true mFlags= mSideHint=NONE mBoundingRects=null}, InsetsSource: {b73a0024 mType=systemGestures mFrame=[990,0][1080,2340] mVisible=true mFlags= mSideHint=RIGHT mBoundingRects=null}, InsetsSource: {3 mType=ime mFrame=[0,0][0,0] mVisible=false mFlags= mSideHint=NONE mBoundingRects=null}, InsetsSource: {27 mType=displayCutout mFrame=[0,0][1080,99] mVisible=true mFlags= mSideHint=TOP mBoundingRects=null}, InsetsSource: {9260000 mType=statusBars mFrame=[0,0][1080,99] mVisible=true mFlags= mSideHint=TOP mBoundingRects=null}, InsetsSource: {9260005 mType=mandatorySystemGestures mFrame=[0,0][1080,135] mVisible=true mFlags= mSideHint=TOP mBoundingRects=null}, InsetsSource: {9260006 mType=tappableElement mFrame=[0,0][1080,99] mVisible=true mFlags= mSideHint=TOP mBoundingRects=null} }
05-15 20:59:48.150 24090 24090 I VRI[MainActivity]@b2c56dd: synced displayState. AttachInfo displayState=2
05-15 20:59:48.151 24090 24090 I VRI[MainActivity]@b2c56dd: setView = com.android.internal.policy.DecorView@710de20 IsHRR=false mFlingFrameRateChange=0 TM=true
05-15 20:59:48.152  1977  2505 D AnalyticsContainerHandler: handleMessage : { when=0 what=1 target=com.android.server.knox.KnoxAnalyticsContainer$AnalyticsHandler }
05-15 20:59:48.152  1977  2505 D AnalyticsContainerHandler: handleMessage : { when=0 what=2 target=com.android.server.knox.KnoxAnalyticsContainer$AnalyticsHandler }
05-15 20:59:48.154  1808  1808 I SurfaceFlinger: destroyed Surface(name=8f932e4 StatusBar)/@0xabc478a - animation-leash of insets_animation#179463 form LifecycleManager
05-15 20:59:48.154  1808  1808 I SurfaceFlinger: [3f7caca es.uniovi.recetasasturianas/es.uniovi.recetasasturianas.MainActivity#179469] attach to parent LayerHierarchy{RequestedLayerState{ActivityRecord{159583387 u0 es.uniovi.recetasasturianas/.MainActivity t2380}#179457 parentId=179456} 3 children}
05-15 20:59:48.154  1808  1808 I SurfaceFlinger: id=179463 onLayerDestroyed from LayerHierarchyBuilder(RequestedLayerState{Surface(name=8f932e4 StatusBar)/@0xabc478a - animation-leash of insets_animation#179463 !handle})
05-15 20:59:48.155  1808  1808 I Layer   : id=179463 Destroyed Surface(name=8f932e4 StatusBar)/@0xabc478a - animation-leash of insets_animation#179463
05-15 20:59:48.156  1977  6943 I WindowManager: Relayout Window{3f7caca u0 es.uniovi.recetasasturianas/es.uniovi.recetasasturianas.MainActivity}: viewVisibility=0 req=1080x2340 ty=1 d0
05-15 20:59:48.157  1808  1899 I SurfaceFlinger: id=179470 createSurf, flag=44004, es.uniovi.recetasasturianas/es.uniovi.recetasasturianas.MainActivity$_24090#179470
05-15 20:59:48.158  1977  6943 D SurfaceComposerClient: setCornerRadius ## 3172d4e Splash Screen es.uniovi.recetasasturianas#179458 cornerRadius=0.000000
05-15 20:59:48.158  1977  6943 D SurfaceComposerClient: setCornerRadius ## 3f7caca es.uniovi.recetasasturianas/es.uniovi.recetasasturianas.MainActivity#179469 cornerRadius=0.000000
05-15 20:59:48.158  1977  6943 D SurfaceComposerClient: setCornerRadius ## 3172d4e Splash Screen es.uniovi.recetasasturianas#179458 cornerRadius=0.000000
05-15 20:59:48.158  1977  6943 D SurfaceComposerClient: setCornerRadius ## 3f7caca es.uniovi.recetasasturianas/es.uniovi.recetasasturianas.MainActivity#179469 cornerRadius=0.000000
05-15 20:59:48.159  1808  1899 I SurfaceFlinger: id=179471 createSurf, flag=24000, Surface(name=8f932e4 StatusBar)/@0xabc478a - animation-leash of insets_animation#179471
05-15 20:59:48.161  1808  1899 I SurfaceFlinger: id=179472 createSurf, flag=24000, Surface(name=7a9d783 NavigationBar0)/@0x10e1471 - animation-leash of insets_animation#179472
05-15 20:59:48.162  1977  6943 I SystemKeyManager: requested systemKeyInfo size=1 focusedWindow=es.uniovi.recetasasturianas/es.uniovi.recetasasturianas.MainActivity
05-15 20:59:48.162  1977  6943 I SystemKeyManager: requested systemKeyInfo size=1 focusedWindow=es.uniovi.recetasasturianas/es.uniovi.recetasasturianas.MainActivity
05-15 20:59:48.162  1808  1808 I SurfaceFlinger: RequestedLayer [3f7caca es.uniovi.recetasasturianas/[...]ecetasasturianas.MainActivity#179469] hidden!! flag  from(1) --> to(0)
05-15 20:59:48.162  1977  6943 I WindowManager: Relayout hash=3f7caca, pid=24090, syncId=-1: mAttrs={(0,0)(fillxfill) sim={adjust=resize} layoutInDisplayCutoutMode=always ty=BASE_APPLICATION wanim=0x1030317
05-15 20:59:48.162  1977  6943 I WindowManager:   fl=81810100
05-15 20:59:48.162  1977  6943 I WindowManager:   pfl=100088c0
05-15 20:59:48.162  1977  6943 I WindowManager:   vsysui=500
05-15 20:59:48.162  1977  6943 I WindowManager:   bhv=1
05-15 20:59:48.162  1977  6943 I WindowManager:   fitSides=0
05-15 20:59:48.162  1977  6943 I WindowManager:   frameRateBoostOnTouch=true
05-15 20:59:48.162  1977  6943 I WindowManager:   dvrrWindowFrameRateHint=true naviIconColor=0}
05-15 20:59:48.162  1808  1808 I SurfaceFlinger: [es.uniovi.recetasasturianas/es.uniovi.recetasasturianas.MainActivity$_24090#179470] attach to parent LayerHierarchy{RequestedLayerState{3f7caca es.uniovi.recetasasturianas/es.uniovi.recetasasturianas.MainActivity#179469 parentId=179457} 1 children}
05-15 20:59:48.162  1808  1808 I SurfaceFlinger: [Surface(name=8f932e4 StatusBar)/@0xabc478a - animation-leash of insets_animation#179471] attach to parent LayerHierarchy{RequestedLayerState{WindowToken{68a9b23 type=2000 android.os.BinderProxy@abe78dd}#172963 parentId=17} 2 children}
05-15 20:59:48.162  1808  1808 I SurfaceFlinger: [Surface(name=7a9d783 NavigationBar0)/@0x10e1471 - animation-leash of insets_animation#179472] attach to parent LayerHierarchy{RequestedLayerState{WindowToken{ec79b94 type=2019 android.os.BinderProxy@3619da6}#172956 parentId=34} 2 children}
05-15 20:59:48.163 24090 24090 W libc    : Access denied finding property "vendor.display.enable_optimal_refresh_rate"
05-15 20:59:48.163 24090 24090 I BufferQueueProducer: [](id:5e1a00000002,api:0,p:0,c:24090) setDequeueTimeout:2077252342
05-15 20:59:48.164 24090 24090 I BLASTBufferQueue_Java: new BLASTBufferQueue, mName= VRI[MainActivity]@b2c56dd mNativeObject= 0xb400007e28d7c670 caller= android.view.ViewRootImpl.updateBlastSurfaceIfNeeded:3585 android.view.ViewRootImpl.relayoutWindow:11685 android.view.ViewRootImpl.performTraversals:4804 android.view.ViewRootImpl.doTraversal:3924 android.view.ViewRootImpl$TraversalRunnable.run:12903 android.view.Choreographer$CallbackRecord.run:1901 android.view.Choreographer$CallbackRecord.run:1910 android.view.Choreographer.doCallbacks:1367 android.view.Choreographer.doFrame:1292 android.view.Choreographer$FrameDisplayEventReceiver.run:1870
05-15 20:59:48.164 24090 24090 I BLASTBufferQueue_Java: update, w= 1080 h= 2340 mName = VRI[MainActivity]@b2c56dd mNativeObject= 0xb400007e28d7c670 sc.mNativeObject= 0xb400007ea8d2b610 format= -1 caller= android.view.ViewRootImpl.updateBlastSurfaceIfNeeded:3590 android.view.ViewRootImpl.relayoutWindow:11685 android.view.ViewRootImpl.performTraversals:4804 android.view.ViewRootImpl.doTraversal:3924 android.view.ViewRootImpl$TraversalRunnable.run:12903 android.view.Choreographer$CallbackRecord.run:1901
05-15 20:59:48.165 24090 24090 W libc    : Access denied finding property "vendor.display.enable_optimal_refresh_rate"
05-15 20:59:48.165 24090 24090 I VRI[MainActivity]@b2c56dd: Relayout returned: old=(0,0,1080,2340) new=(0,0,1080,2340) relayoutAsync=false req=(1080,2340)0 dur=7 res=0x3 s={true 0xb400007de8dffca0} ch=true seqId=0
05-15 20:59:48.165 24090 24090 I VRI[MainActivity]@b2c56dd: performConfigurationChange setNightDimText nightDimLevel=0
05-15 20:59:48.165 24090 24090 D VRI[MainActivity]@b2c56dd: mThreadedRenderer.initialize() mSurface={isValid=true 0xb400007de8dffca0} hwInitialized=true
05-15 20:59:48.168 24090 24090 D VRI[MainActivity]@b2c56dd: reportNextDraw android.view.ViewRootImpl.performTraversals:5443 android.view.ViewRootImpl.doTraversal:3924 android.view.ViewRootImpl$TraversalRunnable.run:12903 android.view.Choreographer$CallbackRecord.run:1901 android.view.Choreographer$CallbackRecord.run:1910
05-15 20:59:48.168 24090 24090 D VRI[MainActivity]@b2c56dd: Setup new sync=wmsSync-VRI[MainActivity]@b2c56dd#4
05-15 20:59:48.168 24090 24090 I VRI[MainActivity]@b2c56dd: Creating new active sync group VRI[MainActivity]@b2c56dd#5
05-15 20:59:48.168 24090 24090 D VRI[MainActivity]@b2c56dd: registerCallbacksForSync syncBuffer=false
05-15 20:59:48.171  1808  1808 I SurfaceFlinger: [LayerHierarchy{RequestedLayerState{7a9d783 NavigationBar0#172957 parentId=179472} 1 children}] reparent to LayerHierarchy{RequestedLayerState{Surface(name=7a9d783 NavigationBar0)/@0x10e1471 - animation-leash of insets_animation#179472 parentId=172956} 1 children}
05-15 20:59:48.171  1808  1808 I SurfaceFlinger: [LayerHierarchy{RequestedLayerState{8f932e4 StatusBar#172964 parentId=179471} 1 children}] reparent to LayerHierarchy{RequestedLayerState{Surface(name=8f932e4 StatusBar)/@0xabc478a - animation-leash of insets_animation#179471 parentId=172963} 1 children}
05-15 20:59:48.171  1808  1808 I SurfaceFlinger: [LayerHierarchy{RequestedLayerState{Surface(name=8f932e4 StatusBar)/@0xabc478a - animation-leash of insets_animation#179467} no children}] reparent to OffscreenRoot
05-15 20:59:48.171  1808  1808 I SurfaceFlinger: [LayerHierarchy{RequestedLayerState{Surface(name=8f932e4 StatusBar)/@0xabc478a - animation-leash of insets_animation#179467} no children}] RelativeParent to null
05-15 20:59:48.171  1808  1808 I SurfaceFlinger: [LayerHierarchy{RequestedLayerState{Surface(name=7a9d783 NavigationBar0)/@0x10e1471 - animation-leash of insets_animation#179468} no children}] reparent to OffscreenRoot
05-15 20:59:48.171  1808  1808 I SurfaceFlinger: [LayerHierarchy{RequestedLayerState{Surface(name=7a9d783 NavigationBar0)/@0x10e1471 - animation-leash of insets_animation#179468} no children}] RelativeParent to null
05-15 20:59:48.176 11062 11138 I VRI[recetasasturianas]@1fcc10d: onActiveControlsChanged, removed=false, mAdded=true, caller=android.view.ViewRootImpl.handleInsetsControlChanged:3002 android.view.ViewRootImpl$ViewRootHandler.handleMessageImpl:8352 android.view.ViewRootImpl$ViewRootHandler.handleMessage:8301 android.os.Handler.dispatchMessage:110 android.os.Looper.loopOnce:273
05-15 20:59:48.176  1808  2497 I SurfaceFlinger: id=179467 Removed Surface(name=8f932e4 StatusBar)/@0xabc478a - animation-leash of insets_animation#179467 (179)
05-15 20:59:48.176  1808  2497 I SurfaceFlinger: id=179468 Removed Surface(name=7a9d783 NavigationBar0)/@0x10e1471 - animation-leash of insets_animation#179468 (179)
05-15 20:59:48.177  1808  1951 D SurfaceFlinger: [input] setFocusedWindow: 3f7caca es.uniovi.recetasasturianas/es.uniovi.recetasasturianas.MainActivity
05-15 20:59:48.177  4195 23230 I HoneySpace.RecentTasks: onRecentTasksChanged
05-15 20:59:48.178  1977  4380 D InputDispatcher: Once focus requested (0): 3f7caca es.uniovi.recetasasturianas/es.uniovi.recetasasturianas.MainActivity
05-15 20:59:48.178  1977  4380 D InputDispatcher: Focus request (0): 3f7caca es.uniovi.recetasasturianas/es.uniovi.recetasasturianas.MainActivity but waiting because NOT_VISIBLE
05-15 20:59:48.179  1808  1808 I SurfaceFlinger: destroyed Surface(name=8f932e4 StatusBar)/@0xabc478a - animation-leash of insets_animation#179467 form LifecycleManager
05-15 20:59:48.179  1808  1808 I SurfaceFlinger: destroyed Surface(name=7a9d783 NavigationBar0)/@0x10e1471 - animation-leash of insets_animation#179468 form LifecycleManager
05-15 20:59:48.179  1808  1808 I SurfaceFlinger: id=179467 onLayerDestroyed from LayerHierarchyBuilder(RequestedLayerState{Surface(name=8f932e4 StatusBar)/@0xabc478a - animation-leash of insets_animation#179467 !handle})
05-15 20:59:48.179  1808  1808 I SurfaceFlinger: id=179468 onLayerDestroyed from LayerHierarchyBuilder(RequestedLayerState{Surface(name=7a9d783 NavigationBar0)/@0x10e1471 - animation-leash of insets_animation#179468 !handle})
05-15 20:59:48.179 24090 24175 D VRI[MainActivity]@b2c56dd: Received frameDrawingCallback syncResult=0 frameNum=1.
05-15 20:59:48.179 24090 24175 I VRI[MainActivity]@b2c56dd: mWNT: t=0xb400007df8dd1e90 mBlastBufferQueue=0xb400007e28d7c670 fn= 1 HdrRenderState mRenderHdrSdrRatio=1.0 caller= android.view.ViewRootImpl$12.onFrameDraw:15441 android.view.ThreadedRenderer$1.onFrameDraw:718 <bottom of call stack>
05-15 20:59:48.179 24090 24175 I VRI[MainActivity]@b2c56dd: Setting up sync and frameCommitCallback
05-15 20:59:48.181  1808  1808 I Layer   : id=179467 Destroyed Surface(name=8f932e4 StatusBar)/@0xabc478a - animation-leash of insets_animation#179467
05-15 20:59:48.181 24090 24155 I BLASTBufferQueue: [VRI[MainActivity]@b2c56dd#2](f:0,a:0,s:0) onFrameAvailable the first frame is available
05-15 20:59:48.181  1808  1808 I Layer   : id=179468 Destroyed Surface(name=7a9d783 NavigationBar0)/@0x10e1471 - animation-leash of insets_animation#179468
05-15 20:59:48.181 24090 24155 I SurfaceComposerClient: apply transaction with the first frame. layerId: 179470, bufferData(ID: 103465762160651, frameNumber: 1)
05-15 20:59:48.182 24090 24155 I VRI[MainActivity]@b2c56dd: Received frameCommittedCallback lastAttemptedDrawFrameNum=1 didProduceBuffer=true
05-15 20:59:48.182  1808  2497 I SurfaceFlinger: [es.uniovi.recetasasturianas/es.uniovi.recetasasturianas.MainActivity$_24090#179470] setTransactionState with the first frame. bufferData(ID: 103465762160651, frameNumber: 1)
05-15 20:59:48.182 24090 24155 D HWUI    : CFMS:: SetUp Pid : 24090    Tid : 24155
05-15 20:59:48.182 24090 24090 D VRI[MainActivity]@b2c56dd: reportDrawFinished seqId=0
05-15 20:59:48.182 24090 24090 D RecipeListViewModel: loadRecipes() finalizado
05-15 20:59:48.183 24090 24155 D HWUI    : HWUI - treat SMPTE_170M as sRGB
05-15 20:59:48.183 24090 24090 D RecipeListViewModel: Dataset recibido: 78 recetas
05-15 20:59:48.183  1977  2142 D SurfaceComposerClient: setCornerRadius ## 3172d4e Splash Screen es.uniovi.recetasasturianas#179458 cornerRadius=0.000000
05-15 20:59:48.183  1977  2142 D SurfaceComposerClient: setCornerRadius ## 3f7caca es.uniovi.recetasasturianas/es.uniovi.recetasasturianas.MainActivity#179469 cornerRadius=0.000000
05-15 20:59:48.183  1977  2142 D SurfaceComposerClient: setCornerRadius ## 3172d4e Splash Screen es.uniovi.recetasasturianas#179458 cornerRadius=0.000000
05-15 20:59:48.184  1808  2497 I SurfaceFlinger: id=179473 createSurf, flag=24000, Surface(name=3f7caca es.uniovi.recetasasturianas/es.uniovi.recetasasturianas.MainActivity)/@0x16e922 - animation-leash of starting_reveal#179473
05-15 20:59:48.185  1977  2142 D SurfaceComposerClient: setCornerRadius ## 3f7caca es.uniovi.recetasasturianas/es.uniovi.recetasasturianas.MainActivity#179469 cornerRadius=0.000000
05-15 20:59:48.185 11062 11118 D ShellTaskOrganizer: removeStartingWindow, removalInfo=StartingWindowRemovalInfo{taskId=2380 frame=Rect(0, 0 - 1080, 2340) playRevealAnimation=true roundedCornerRadius=0.0 deferRemoveMode=0 windowlessSurface=false removeImmediately=false}
05-15 20:59:48.186  1977  2142 D SurfaceComposerClient: setCornerRadius ## 3172d4e Splash Screen es.uniovi.recetasasturianas#179458 cornerRadius=0.000000
05-15 20:59:48.186  1977  2142 D SurfaceComposerClient: setCornerRadius ## 3f7caca es.uniovi.recetasasturianas/es.uniovi.recetasasturianas.MainActivity#179469 cornerRadius=0.000000
05-15 20:59:48.186  1977  2142 D SurfaceComposerClient: setCornerRadius ## 3172d4e Splash Screen es.uniovi.recetasasturianas#179458 cornerRadius=0.000000
05-15 20:59:48.186  1977  2142 D SurfaceComposerClient: setCornerRadius ## 3f7caca es.uniovi.recetasasturianas/es.uniovi.recetasasturianas.MainActivity#179469 cornerRadius=0.000000
05-15 20:59:48.187  1808  1808 I SurfaceFlinger: [Surface(name=3f7caca es.uniovi.recetasasturianas/es.uniovi.recetasasturianas.MainActivity)/@0x16e922 - animation-leash of starting_reveal#179473] attach to parent LayerHierarchy{RequestedLayerState{ActivityRecord{159583387 u0 es.uniovi.recetasasturianas/.MainActivity t2380}#179457 parentId=179456} 4 children}
05-15 20:59:48.188  1977  2128 I PkgPredictorService-SecIpmManagerServiceImpl: reportToNAP uid:10625 es.uniovi.recetasasturianas/es.uniovi.recetasasturianas.MainActivity thisTime:175
05-15 20:59:48.188  1977  2128 D PkgPredictorService-SecIpmManagerServiceImpl: reportToNAP: mHeavyLaunchCounter is false
05-15 20:59:48.189  1977  2128 I ActivityTaskManager: Displayed es.uniovi.recetasasturianas/.MainActivity for user 0: +175ms
05-15 20:59:48.189 24090 24090 D ConnectivityManager: StackLog: [android.net.ConnectivityManager.sendRequestForNetwork(ConnectivityManager.java:4740)] [android.net.ConnectivityManager.registerDefaultNetworkCallbackForUid(ConnectivityManager.java:5465)] [android.net.ConnectivityManager.registerDefaultNetworkCallback(ConnectivityManager.java:5432)] [android.net.ConnectivityManager.registerDefaultNetworkCallback(ConnectivityManager.java:5406)] [com.bumptech.glide.manager.SingletonConnectivityReceiver$FrameworkConnectivityMonitorPostApi24.register(SingletonConnectivityReceiver.java:191)] [com.bumptech.glide.manager.SingletonConnectivityReceiver.maybeRegisterReceiver(SingletonConnectivityReceiver.java:113)] [com.bumptech.glide.manager.SingletonConnectivityReceiver.register(SingletonConnectivityReceiver.java:94)] [com.bumptech.glide.manager.DefaultConnectivityMonitor.register(DefaultConnectivityMonitor.java:25)] [com.bumptech.glide.manager.DefaultConnectivityMonitor.onStart(DefaultConnectivityMonitor.java:34)] [com.bumptech.glide.manager.LifecycleLifecycle.addListener(LifecycleLifecycle.java:54)] [com.bumptech.glide.RequestManager.<init>(RequestManager.java:147)] [com.bumptech.glide.RequestManager.<init>(RequestManager.java:105)] [com.bumptech.glide.manager.RequestManagerRetriever$1.build(RequestManagerRetriever.java:292)] [com.bumptech.glide.manager.LifecycleRequestManagerRetriever.getOrCreate(LifecycleRequestManagerRetriever.java:43)] [com.bumptech.glide.manager.RequestManagerRetriever.get(RequestManagerRetriever.java:114)] [com.bumptech.glide.manager.RequestManagerRetriever.get(RequestManagerRetriever.java:92)] [com.bumptech.glide.Glide.with(Glide.java:545)] [es.uniovi.recetasasturianas.ui.list.RecipeAdapter$RecipeViewHolder.bind(RecipeAdapter.kt:126)] [es.uniovi.recetasasturianas.ui.list.RecipeAdapter.onBindViewHolder(RecipeAdapter.kt:76)] [es.uniovi.recetasasturianas.ui.list.RecipeAdapter.onBindViewHolder(RecipeAdapter.kt:27)] [androidx.recyclerview.widget.RecyclerView$Adapter.onBindViewHolder(RecyclerView.java:7065)] [androidx.recyclerview.widget.RecyclerView$Adapter.bindViewHolder(RecyclerView.java:7107)] [androidx.recyclerview.widget.RecyclerView$Recycler.tryBindViewHolderByDeadline(RecyclerView.java:6012)] [androidx.recyclerview.widget.RecyclerView$Recycler.tryGetViewHolderForPositionByDeadline(RecyclerView.java:6279)] [androidx.recyclerview.widget.RecyclerView$Recycler.getViewForPosition(RecyclerView.java:6118)] [androidx.recyclerview.widget.RecyclerView$Recycler.getViewForPosition(RecyclerView.java:6114)] [androidx.recyclerview.widget.LinearLayoutManager$LayoutState.next(LinearLayoutManager.java:2303)] [androidx.recyclerview.widget.LinearLayoutManager.layoutChunk(LinearLayoutManager.java:1627)] [androidx.recyclerview.widget.LinearLayoutManager.fill(LinearLayoutManager.java:1587)] [androidx.recyclerview.widget.LinearLayoutManager.onLayoutChildren(LinearLayoutManager.java:665)] [androidx.recyclerview.widget.RecyclerView.dispatchLayoutStep2(RecyclerView.java:4134)] [androidx.recyclerview.widget.RecyclerView.dispatchLayout(RecyclerView.java:3851)] [androidx.recyclerview.widget.RecyclerView.consumePendingUpdateOperations(RecyclerView.java:1897)] [androidx.recyclerview.widget.RecyclerView$1.run(RecyclerView.java:414)] [android.view.Choreographer$CallbackRecord.run(Choreographer.java:1901)] [android.view.Choreographer$CallbackRecord.run(Choreographer.java:1910)] [android.view.Choreographer.doCallbacks(Choreographer.java:1367)] [android.view.Choreographer.doFrame(Choreographer.java:1282)] [android.view.Choreographer$FrameDisplayEventReceiver.run(Choreographer.java:1870)]
05-15 20:59:48.190  4301  4301 E pageboostd: Received HALT command code 2
05-15 20:59:48.191  1977  6943 D ConnectivityService: requestNetwork for uid/pid:10625/24090 activeRequest: null callbackRequest: 58596 [NetworkRequest [ REQUEST id=58597, [ Capabilities: INTERNET&NOT_RESTRICTED&TRUSTED&NOT_VCN_MANAGED&NOT_BANDWIDTH_CONSTRAINED Uid: 10625 RequestorUid: 10625 RequestorPkg: es.uniovi.recetasasturianas UnderlyingNetworks: Null] ]] callback flags: 0 order: 2147483647 isUidTracked: false declaredMethods: AVAIL|LOST
05-15 20:59:48.191  1977  3160 D ConnectivityService:    accepting network in place of null for NetworkRequest [ REQUEST id=58597, [ Capabilities: INTERNET&NOT_RESTRICTED&TRUSTED&NOT_VCN_MANAGED&NOT_BANDWIDTH_CONSTRAINED Uid: 10625 RequestorUid: 10625 RequestorPkg: es.uniovi.recetasasturianas UnderlyingNetworks: Null] ]
05-15 20:59:48.191  1977  3116 I WindowManager: Relayout Window{3172d4e u0 Splash Screen es.uniovi.recetasasturianas}: viewVisibility=8 req=1080x2340 ty=3 d0
05-15 20:59:48.192  1977  3116 D SurfaceComposerClient: setCornerRadius ## 3f7caca es.uniovi.recetasasturianas/es.uniovi.recetasasturianas.MainActivity#179469 cornerRadius=0.000000
05-15 20:59:48.192 24090 24090 I MaterialCardView: Setting a custom background is not supported.
05-15 20:59:48.192  1977  3116 D SurfaceComposerClient: setCornerRadius ## 3172d4e Splash Screen es.uniovi.recetasasturianas#179458 cornerRadius=0.000000
05-15 20:59:48.192  1977  3116 D SurfaceComposerClient: setCornerRadius ## 3f7caca es.uniovi.recetasasturianas/es.uniovi.recetasasturianas.MainActivity#179469 cornerRadius=0.000000
05-15 20:59:48.192  2090  2090 I CameraService: onUidStateChanged: uid=10048, procState is changed. (1 -> 0)
05-15 20:59:48.193  1977  3116 I WindowManager: Relayout hash=3172d4e, pid=11062, syncId=-1: mAttrs={(0,0)(fillxfill) sim={adjust=pan} layoutInDisplayCutoutMode=always ty=APPLICATION_STARTING fmt=TRANSLUCENT wanim=0x1030317
05-15 20:59:48.193  1977  3116 I WindowManager:   fl=81030118
05-15 20:59:48.193  1977  3116 I WindowManager:   pfl=10000810
05-15 20:59:48.193  1977  3116 I WindowManager:   bhv=1
05-15 20:59:48.193  1977  3116 I WindowManager:   fitSides=0
05-15 20:59:48.193  1977  3116 I WindowManager:   frameRateBoostOnTouch=true
05-15 20:59:48.193  1977  3116 I WindowManager:   dvrrWindowFrameRateHint=true naviIconColor=0}
05-15 20:59:48.193 11062 11138 I VRI[recetasasturianas]@1fcc10d: onActiveControlsChanged, removed=false, mAdded=true, caller=android.view.ViewRootImpl.handleInsetsControlChanged:3002 android.view.ViewRootImpl.relayoutWindow:11629 android.view.ViewRootImpl.performTraversals:4804 android.view.ViewRootImpl.doTraversal:3924 android.view.ViewRootImpl$TraversalRunnable.run:12903
05-15 20:59:48.194  1977  3160 D ConnectivityService: Rematched networks [computed 0ms] [applied 0ms] [issued 2]
05-15 20:59:48.194  1977  3160 D ConnectivityService: NetworkReassignment :
05-15 20:59:48.194  1977  3160 D ConnectivityService:   58597 : null → 2805
05-15 20:59:48.195  1808  1808 I SurfaceFlinger: [Display 0 name="Built-in Screen"#172933] setFrameRateCategory: High
05-15 20:59:48.195  1808  1808 I SurfaceFlinger: RequestedLayer [es.uniovi.recetasasturianas/es.uniov[...]sturianas.MainActivity$_24090#179470] hidden!! flag  from(1) --> to(0)
05-15 20:59:48.195  1808  1808 I SurfaceFlinger: [LayerHierarchy{RequestedLayerState{3f7caca es.uniovi.recetasasturianas/es.uniovi.recetasasturianas.MainActivity#179469 parentId=179473} 1 children}] reparent to LayerHierarchy{RequestedLayerState{Surface(name=3f7caca es.uniovi.recetasasturianas/es.uniovi.recetasasturianas.MainActivity)/@0x16e922 - animation-leash of starting_reveal#179473 parentId=179457} 1 children}
05-15 20:59:48.195 11062 11062 D SystemUIService: SYSUI_RAM_OPTIMIZATION onTrimMemory=20
05-15 20:59:48.195 11062 11138 I VRI[recetasasturianas]@1fcc10d: Relayout returned: old=(0,0,1080,2340) new=(0,0,1080,2340) relayoutAsync=false req=(1080,2340)8 dur=3 res=0x2 s={false 0x0} ch=true seqId=0
05-15 20:59:48.196 11062 11062 D CentralSurfaces: SYSUI_RAM_OPTIMIZATION onTrimMemory=20
05-15 20:59:48.196 11062 11138 D VRI[recetasasturianas]@1fcc10d: Not drawing due to not visible. Reason=View.GONE
05-15 20:59:48.196 11062 11138 W WindowOnBackDispatcher: sendCancelIfRunning: isInProgress=false callback=android.view.ViewRootImpl$$ExternalSyntheticLambda16@55d3f0e
05-15 20:59:48.196 11062 11227 D HWUI    : CacheManager::trimMemory(20)
05-15 20:59:48.198 11062 11138 I VRI[recetasasturianas]@1fcc10d: dispatchDetachedFromWindow
05-15 20:59:48.199  1977  6970 I SemDvfsHyPerManager: acquire hyper - AMS_RESUME_TAIL/1977@22, type = -999
05-15 20:59:48.199  1977  6970 I SemDvfsHyPerManager: acquire hyper - AMS_ACT_LAZY/1977@23, type = -999
05-15 20:59:48.199  1808  1808 D SurfaceFlinger: Display 4630947232161729154 HWC layers:
05-15 20:59:48.199  1808  1808 D SurfaceFlinger:        DEVICE |          103465762160651 | 00002102 | RGBA_8888    |    0.0    0.0 1080.0 2340.0 |    0    0 1080 2340 | es.uniovi.recetasasturianas/es.uniov[...]sturianas.MainActivity$_24090#179470 (1)
05-15 20:59:48.199  1808  1808 D SurfaceFlinger:        DEVICE |           47510928231474 | 00002100 | RGBA_8888    |    0.0    0.0 1080.0 2340.0 |    0    0 1080 2340 | Splash Screen es.uniovi.recetasasturianas$_11062#179462 (1)
05-15 20:59:48.199  1808  1808 D SurfaceFlinger:        DEVICE |           47510928230647 | 00002100 | RGBA_8888    |    0.0    0.0 1080.0   99.0 |    0    0 1080   99 | StatusBar$_11062#172976 (4134)
05-15 20:59:48.199  1808  1808 D SurfaceFlinger:        DEVICE |           47510928230672 | 00002100 | RGBA_8888    |    0.0    0.0 1080.0  144.0 |    0 2196 1080 2340 | NavigationBar0$_11062#172972 (357)
05-15 20:59:48.199  1808  1808 D SurfaceFlinger:        DEVICE |           27157078223661 | 00002100 | RGBA_8888    |    0.0   13.0  290.0  158.0 |  395    0  685  145 | $_6323#154529 (967)
05-15 20:59:48.199  1808  1808 D SurfaceFlinger:        DEVICE |           27157078223656 | 00002100 | RGBA_8888    |    0.0    0.0 1080.0  115.0 |    0    0 1080  115 | $_6323#177506 (652)
05-15 20:59:48.199  1808  1808 D SurfaceFlinger:        DE
05-15 20:59:48.199  1808  1808 D SurfaceFlinger: VICE |           47510928230638 | 00002140 | RGBA_8888    |    0.0    0.0 1080.0  121.0 |    0    0 1080  121 | ScreenDecorOverlay$_11062#172986 (67)
05-15 20:59:48.199  1808  1808 D SurfaceFlinger:        DEVICE |           47510928230639 | 00002140 | RGBA_8888    |    0.0    0.0 1080.0  121.0 |    0 2219 1080 2340 | ScreenDecorOverlayBottom$_11062#172987 (60)
05-15 20:59:48.199  1808  1808 D SurfaceFlinger:
05-15 20:59:48.199  1977  6970 D InputTransport: Input channel destroyed: '3172d4e', fd=1030
05-15 20:59:48.199 24090 24090 I MaterialCardView: Setting a custom background is not supported.
05-15 20:59:48.199  1632  1829 I HYPER-HAL: [RequestManager.cpp]acquire(): Acquired ID : 1999022  [1977 / 22]    HINT : AMS_RESUME_TAIL    list :
05-15 20:59:48.199  1632  1829 I HYPER-HAL: [ResourceManager.cpp]updateResource(): [CPUMinFreq] UpdateResource Request ID : 1999022    Value : 1785600
05-15 20:59:48.199  1977  3116 D InputDispatcher: Focus entered window (0): 3f7caca es.uniovi.recetasasturianas/es.uniovi.recetasasturianas.MainActivity
05-15 20:59:48.199  1632  1829 I HYPER-HAL: [RequestManager.cpp]acquire(): Acquired ID : 2001023  [1977 / 23]    HINT : AMS_ACT_LAZY    list :
05-15 20:59:48.199  1632  1829 I HYPER-HAL: [ResourceManager.cpp]removeResource(): [CPULittleMinFreq] RemoveResource Request ID : 2011043
05-15 20:59:48.200  1977  6970 D SurfaceComposerClient: setCornerRadius ## 3f7caca es.uniovi.recetasasturianas/es.uniovi.recetasasturianas.MainActivity#179469 cornerRadius=0.000000
05-15 20:59:48.200  1977  6970 D SurfaceComposerClient: setCornerRadius ## 3f7caca es.uniovi.recetasasturianas/es.uniovi.recetasasturianas.MainActivity#179469 cornerRadius=0.000000
05-15 20:59:48.201 11062 11138 D InputTransport: Input channel destroyed: '3172d4e', fd=446
05-15 20:59:48.201  1977  2142 D SurfaceComposerClient: setCornerRadius ## 3f7caca es.uniovi.recetasasturianas/es.uniovi.recetasasturianas.MainActivity#179469 cornerRadius=0.000000
05-15 20:59:48.202 24267 24267 I VRI[InstrumentationActivityInvoker$EmptyActivity]@380c198: stopped(true) old = false
05-15 20:59:48.202 24267 24267 D VRI[InstrumentationActivityInvoker$EmptyActivity]@380c198: WindowStopped on es.uniovi.recetasasturianas.test/androidx.test.core.app.InstrumentationActivityInvoker$EmptyActivity set to true
05-15 20:59:48.203 24267 24288 D HWUI    : CacheManager::trimMemory(20)
05-15 20:59:48.203 20661 20661 W WindowOnBackDispatcher: sendCancelIfRunning: isInProgress=false callback=b.TeCqMNUAa81tlGMLY@555456b
05-15 20:59:48.204  1808  1808 I SurfaceFlinger: RequestedLayer [Splash Screen es.uniovi.recetasasturianas$_11062#179462] hidden!! flag  from(0) --> to(1)
05-15 20:59:48.205  1977  2134 D PkgPredictorService-SecIpmManagerServiceImpl: bg information pid:24267 uid:10626 pkgName:es.uniovi.recetasasturianas.test
05-15 20:59:48.205 20661 20661 I VRI[HomeActivity]@27ecfc4: stopped(true) old = false
05-15 20:59:48.205 20661 20661 D VRI[HomeActivity]@27ecfc4: WindowStopped on bitpit.launcher/bitpit.launcher.ui.HomeActivity set to true
05-15 20:59:48.205 20661 20699 D HWUI    : CacheManager::trimMemory(20)
05-15 20:59:48.206 20661 20661 I AutofillManager: onInvisibleForAutofill(): expiringResponse
05-15 20:59:48.207  1977  4380 I AppWidgetServiceImpl: stopListening callbacks : null
05-15 20:59:48.207  1808  1808 D SurfaceFlinger: Display 4630947232161729154 HWC layers:
05-15 20:59:48.207  1808  1808 D SurfaceFlinger:        DEVICE |          103465762160651 | 00002102 | RGBA_8888    |    0.0    0.0 1080.0 2340.0 |    0    0 1080 2340 | es.uniovi.recetasasturianas/es.uniov[...]sturianas.MainActivity$_24090#179470 (1)
05-15 20:59:48.207  1808  1808 D SurfaceFlinger:        DEVICE |           47510928230647 | 00002100 | RGBA_8888    |    0.0    0.0 1080.0   99.0 |    0    0 1080   99 | StatusBar$_11062#172976 (4134)
05-15 20:59:48.207  1808  1808 D SurfaceFlinger:        DEVICE |           47510928230672 | 00002100 | RGBA_8888    |    0.0    0.0 1080.0  144.0 |    0 2196 1080 2340 | NavigationBar0$_11062#172972 (357)
05-15 20:59:48.207  1808  1808 D SurfaceFlinger:        DEVICE |           27157078223661 | 00002100 | RGBA_8888    |    0.0   13.0  290.0  158.0 |  395    0  685  145 | $_6323#154529 (967)
05-15 20:59:48.207  1808  1808 D SurfaceFlinger:        DEVICE |           27157078223656 | 00002100 | RGBA_8888    |    0.0    0.0 1080.0  115.0 |    0    0 1080  115 | $_6323#177506 (652)
05-15 20:59:48.207  1808  1808 D SurfaceFlinger:        DEVICE |           47510928230638 | 00002140 | RGBA_8888    |    0.0    0.0 1080.0  121.0 |    0    0 1080  121 | ScreenDecorOverlay$_11062#172986 (67)
05-15 20:59:48.207  1808  1808 D SurfaceFlinger:        DEVICE |           47510
05-15 20:59:48.207  1808  1808 D SurfaceFlinger: 928230639 | 00002140 | RGBA_8888    |    0.0    0.0 1080.0  121.0 |    0 2219 1080 2340 | ScreenDecorOverlayBottom$_11062#172987 (60)
05-15 20:59:48.207  1808  1808 D SurfaceFlinger:
05-15 20:59:48.208  1977  2142 D SurfaceComposerClient: setCornerRadius ## 3f7caca es.uniovi.recetasasturianas/es.uniovi.recetasasturianas.MainActivity#179469 cornerRadius=0.000000
05-15 20:59:48.209  1632  1829 I HYPER-HAL: [ResourceManager.cpp]removeResource(): [CPUMinFreq] RemoveResource Request ID : 2011043
05-15 20:59:48.209 24267 24267 W WindowOnBackDispatcher: sendCancelIfRunning: isInProgress=false callback=android.view.ViewRootImpl$$ExternalSyntheticLambda16@b8c5f44
05-15 20:59:48.209  1632  1829 I HYPER-HAL: [RequestManager.cpp]releaseLocked(): Released ID : 2011043
05-15 20:59:48.212  1808  1808 I SurfaceFlinger: [Display 0 name="Built-in Screen"#172933] setFrameRateCategory: Default
05-15 20:59:48.212  1808  1808 I SurfaceFlinger: [LayerHierarchy{RequestedLayerState{Splash Screen es.uniovi.recetasasturianas$_11062#179462} no children}] reparent to OffscreenRoot
05-15 20:59:48.212  1808  1808 I SurfaceFlinger: [LayerHierarchy{RequestedLayerState{Splash Screen es.uniovi.recetasasturianas$_11062#179462} no children}] RelativeParent to null
05-15 20:59:48.212  1808  1808 I SurfaceFlinger: [LayerHierarchy{RequestedLayerState{3f7caca es.uniovi.recetasasturianas/es.uniovi.recetasasturianas.MainActivity#179469 parentId=179457} 1 children}] reparent to LayerHierarchy{RequestedLayerState{ActivityRecord{159583387 u0 es.uniovi.recetasasturianas/.MainActivity t2380}#179457 parentId=179456} 4 children}
05-15 20:59:48.212  1808  1808 I SurfaceFlinger: [LayerHierarchy{RequestedLayerState{3172d4e Splash Screen es.uniovi.recetasasturianas#179458 z=2147483647} no children}] reparent to OffscreenRoot
05-15 20:59:48.212  1808  1808 I SurfaceFlinger: [LayerHierarchy{RequestedLayerState{3172d4e Splash Screen es.uniovi.recetasasturianas#179458 z=2147483647} no children}] RelativeParent to null
05-15 20:59:48.212  1808  1808 I SurfaceFlinger: [LayerHierarchy{RequestedLayerState{Surface(name=3f7caca es.uniovi.recetasasturianas/es.uniovi.recetasasturianas.MainActivity)/@0x16e922 - animation-leash of starting_reveal#179473} no children}] reparent to OffscreenRoot
05-15 20:59:48.212  1808  1808 I SurfaceFlinger: [LayerHierarchy{RequestedLayerState{Surface(name=3f7caca es.uniovi.recetasasturianas/es.uniovi.recetasasturianas.MainActivity)/@0x16e922 - animation-leash of starting_reveal#179473} no children}] RelativeParent to null
05-15 20:59:48.212 24267 24288 D HWUI    : CacheManager::trimMemory(20)
05-15 20:59:48.212 24267 24267 D ViewRootImpl: Skipping stats log for color mode
05-15 20:59:48.212 24267 24267 I VRI[InstrumentationActivityInvoker$EmptyActivity]@380c198: dispatchDetachedFromWindow
05-15 20:59:48.213  1808  1808 I SurfaceFlinger: id=179462 Removed Splash Screen es.uniovi.recetasasturianas$_11062#179462 (178)
05-15 20:59:48.213  1808  1808 I SurfaceFlinger: id=179458 Removed 3172d4e Splash Screen es.uniovi.recetasasturianas#179458 (178)
05-15 20:59:48.213  1808  1808 E RefreshRateSelector: Can't find HRR max refresh rate by policy with the same group 1080
05-15 20:59:48.213  1977  6970 D InputTransport: Input channel destroyed: '222f2c7', fd=1049
05-15 20:59:48.215  1977  6970 D SurfaceComposerClient: setCornerRadius ## 3f7caca es.uniovi.recetasasturianas/es.uniovi.recetasasturianas.MainActivity#179469 cornerRadius=0.000000
05-15 20:59:48.217  1977  6970 D SurfaceComposerClient: setCornerRadius ## 3f7caca es.uniovi.recetasasturianas/es.uniovi.recetasasturianas.MainActivity#179469 cornerRadius=0.000000
05-15 20:59:48.218 24090 24090 I InsetsSourceConsumer: applyRequestedVisibilityToControl: visible=true, type=statusBars, host=es.uniovi.recetasasturianas/es.uniovi.recetasasturianas.MainActivity
05-15 20:59:48.218 24267 24267 D InputTransport: Input channel destroyed: '222f2c7', fd=124
05-15 20:59:48.218 24090 24090 I InsetsSourceConsumer: applyRequestedVisibilityToControl: visible=true, type=navigationBars, host=es.uniovi.recetasasturianas/es.uniovi.recetasasturianas.MainActivity
05-15 20:59:48.219 20661 20699 D HWUI    : CacheManager::trimMemory(20)
05-15 20:59:48.220  1808  1808 I SurfaceFlinger: destroyed Splash Screen es.uniovi.recetasasturianas$_11062#179462 form LifecycleManager
05-15 20:59:48.220  1808  1808 I SurfaceFlinger: destroyed 3172d4e Splash Screen es.uniovi.recetasasturianas#179458 form LifecycleManager
05-15 20:59:48.220  1808  1808 I SurfaceFlinger: id=179462 onLayerDestroyed from LayerHierarchyBuilder(RequestedLayerState{Splash Screen es.uniovi.recetasasturianas$_11062#179462 !handle})
05-15 20:59:48.220  1808  1808 I SurfaceFlinger: id=179458 onLayerDestroyed from LayerHierarchyBuilder(RequestedLayerState{3172d4e Splash Screen es.uniovi.recetasasturianas#179458 !handle z=2147483647})
05-15 20:59:48.221  1808  1808 I Layer   : id=179462 Destroyed Splash Screen es.uniovi.recetasasturianas$_11062#179462
05-15 20:59:48.221  1808  1808 I Layer   : id=179458 Destroyed 3172d4e Splash Screen es.uniovi.recetasasturianas#179458
05-15 20:59:48.221  1977  2997 I WindowManager: Relayout Window{c5a06c0 u0 bitpit.launcher/bitpit.launcher.ui.HomeActivity}: viewVisibility=4 req=1080x2340 ty=1 d0
05-15 20:59:48.222  1977  2997 D SurfaceComposerClient: setCornerRadius ## 3f7caca es.uniovi.recetasasturianas/es.uniovi.recetasasturianas.MainActivity#179469 cornerRadius=0.000000
05-15 20:59:48.222  1977  2997 D SurfaceComposerClient: setCornerRadius ## 3f7caca es.uniovi.recetasasturianas/es.uniovi.recetasasturianas.MainActivity#179469 cornerRadius=0.000000
05-15 20:59:48.222 23357 23357 I InputMethodService: removeImeSurface
05-15 20:59:48.223 23357 23357 I InputMethodService: cancelImeSurfaceRemoval: removeCallbacks
05-15 20:59:48.223  1977  2997 I WindowManager: Relayout hash=c5a06c0, pid=20661, syncId=-1: mAttrs={(0,0)(fillxfill) sim={state=always_hidden adjust=resize forwardNavigation} layoutInDisplayCutoutMode=always ty=BASE_APPLICATION fmt=TRANSPARENT wanim=0x1030317
05-15 20:59:48.223  1977  2997 I WindowManager:   fl=80910100
05-15 20:59:48.223  1977  2997 I WindowManager:   pfl=10008840
05-15 20:59:48.223  1977  2997 I WindowManager:   bhv=1
05-15 20:59:48.223  1977  2997 I WindowManager:   fitSides=0
05-15 20:59:48.223  1977  2997 I WindowManager:   frameRateBoostOnTouch=true
05-15 20:59:48.223  1977  2997 I WindowManager:   dvrrWindowFrameRateHint=true naviIconColor=0}
05-15 20:59:48.223  1808  2995 I SurfaceFlinger: id=179444 Removed 6d2b90c ActivityRecordInputSink es.uniovi.recetasasturianas.test/androidx.test.core.app.InstrumentationActivityInvoker$EmptyActivity#179444 (176)
05-15 20:59:48.224 20661 20661 I VRI[HomeActivity]@27ecfc4: Relayout returned: old=(0,0,1080,2340) new=(0,0,1080,2340) relayoutAsync=false req=(1080,2340)4 dur=4 res=0x2 s={false 0x0} ch=false seqId=0
05-15 20:59:48.224  1808  2995 I SurfaceFlinger: id=179474 createSurf, flag=24004, Task=2379#179474
05-15 20:59:48.224 20661 20661 D VRI[HomeActivity]@27ecfc4: Not drawing due to not visible. Reason=View.INVISIBLE
