05-15 20:59:49.715  1808  1808 D SurfaceFlinger:        DEVICE |           47510928230639 | 00002140 | RGBA_8888    |    0.0    0.0 1080.0  121.0 |    0 2219 1080 2340 | ScreenDecorOverlayBottom$_11062#172987 (60)
05-15 20:59:49.715  1808  1808 D SurfaceFlinger:
05-15 20:59:49.715  4195  4401 I HoneySpace.TopTaskSource: onTaskRemoved: 2381
05-15 20:59:49.716  1977  2142 D SurfaceComposerClient: setCornerRadius ## a306892 es.uniovi.recetasasturianas/es.uniovi.recetasasturianas.MainActivity#179498 cornerRadius=0.000000
05-15 20:59:49.716  1808  1808 I SurfaceFlinger: RequestedLayer [Surface(name=8f932e4 StatusBar)/@0xa[...]ion-leash of insets_animation#179501] hidden!! flag  from(0) --> to(1)
05-15 20:59:49.716  1808  1808 I SurfaceFlinger: [Display 0 name="Built-in Screen"#172933] setFrameRateCategory: Default
05-15 20:59:49.716  1808  1808 I SurfaceFlinger: [LayerHierarchy{RequestedLayerState{Surface(name=a306892 es.uniovi.recetasasturianas/es.uniovi.recetasasturianas.MainActivity)/@0xc0075ee - animation-leash of starting_reveal#179506} 1 children}] reparent to OffscreenRoot
05-15 20:59:49.716  1808  1808 I SurfaceFlinger: [LayerHierarchy{RequestedLayerState{Surface(name=a306892 es.uniovi.recetasasturianas/es.uniovi.recetasasturianas.MainActivity)/@0xc0075ee - animation-leash of starting_reveal#179506} 1 children}] RelativeParent to null
05-15 20:59:49.716  1808  1808 I SurfaceFlinger: [LayerHierarchy{RequestedLayerState{Splash Screen es.uniovi.recetasasturianas$_11062#179499} no children}] reparent to OffscreenRoot
05-15 20:59:49.716  1808  1808 I SurfaceFlinger: [LayerHierarchy{RequestedLayerState{Splash Screen es.uniovi.recetasasturianas$_11062#179499} no children}] RelativeParent to null
05-15 20:59:49.716  1808  1808 I SurfaceFlinger: [LayerHierarchy{RequestedLayerState{a306892 es.uniovi.recetasasturianas/es.uniovi.recetasasturianas.MainActivity#179498 parentId=179495} 1 children}] reparent to LayerHierarchy{RequestedLayerState{ActivityRecord{242776597 u0 es.uniovi.recetasasturianas/.MainActivity t2382}#179495 parentId=179494} 3 children}
05-15 20:59:49.716  1808  1808 I SurfaceFlinger: [LayerHierarchy{RequestedLayerState{96456cf Splash Screen es.uniovi.recetasasturianas#179497 z=2147483647} no children}] reparent to OffscreenRoot
05-15 20:59:49.716  1808  1808 I SurfaceFlinger: [LayerHierarchy{RequestedLayerState{96456cf Splash Screen es.uniovi.recetasasturianas#179497 z=2147483647} no children}] RelativeParent to null
05-15 20:59:49.717 20661 20661 W WindowOnBackDispatcher: sendCancelIfRunning: isInProgress=false callback=b.TeCqMNUAa81tlGMLY@555456b
05-15 20:59:49.717  1977  4332 I NSLocationMonitor: getGPSUsingApps() called
05-15 20:59:49.717 20661 20661 I VRI[HomeActivity]@27ecfc4: stopped(true) old = false
05-15 20:59:49.717 20661 20661 D VRI[HomeActivity]@27ecfc4: WindowStopped on bitpit.launcher/bitpit.launcher.ui.HomeActivity set to true
05-15 20:59:49.718  4283 19552 I NSLocationManager_FLP: getGPSUsingApps, No change
05-15 20:59:49.718 20661 20699 D HWUI    : CacheManager::trimMemory(20)
05-15 20:59:49.718 20661 20661 I AutofillManager: onInvisibleForAutofill(): expiringResponse
05-15 20:59:49.719 24090 24155 I VRI[MainActivity]@90c0767: Received frameCommittedCallback lastAttemptedDrawFrameNum=3 didProduceBuffer=true
05-15 20:59:49.719  1808  1808 I SurfaceFlinger: id=179499 Removed Splash Screen es.uniovi.recetasasturianas$_11062#179499 (178)
05-15 20:59:49.719 24090 24090 D VRI[MainActivity]@90c0767: reportDrawFinished seqId=0
05-15 20:59:49.719  1808  1808 I SurfaceFlinger: id=179497 Removed 96456cf Splash Screen es.uniovi.recetasasturianas#179497 (178)
05-15 20:59:49.719  1977  4332 W Binder  : Outgoing transactions from this process must be FLAG_ONEWAY
05-15 20:59:49.719  1977  4332 W Binder  : java.lang.Throwable
05-15 20:59:49.719  1977  4332 W Binder  : 	at android.os.BinderProxy.transact(BinderProxy.java:566)
05-15 20:59:49.719  1977  4332 W Binder  : 	at android.bluetooth.IBluetoothGatt$Stub$Proxy.getAdvertisingSetUids(IBluetoothGatt.java:1678)
05-15 20:59:49.719  1977  4332 W Binder  : 	at android.bluetooth.BluetoothAdapter.getAdvertisingSetUids(BluetoothAdapter.java:8476)
05-15 20:59:49.719  1977  4332 W Binder  : 	at android.bluetooth.BluetoothAdapter.getHWUsingApps(BluetoothAdapter.java:1342)
05-15 20:59:49.719  1977  4332 W Binder  : 	at com.android.server.am.mars.filter.filter.BlueToothConnectedFilter.updateBTUsingPackages(qb/106570637 b1053ac3ec2f7c839f91fd2de7335cf17a4e53b4ee4019421ab33bfe7afa21a1:22)
05-15 20:59:49.719  1977  4332 W Binder  : 	at com.android.server.am.FreecessController.freeze(qb/106570637 b1053ac3ec2f7c839f91fd2de7335cf17a4e53b4ee4019421ab33bfe7afa21a1:117)
05-15 20:59:49.719  1977  4332 W Binder  : 	at com.android.server.am.FreecessHandler$MainHandler.handleLcdOnFreeze(qb/106570637 b1053ac3ec2f7c839f91fd2de7335cf17a4e53b4ee4019421ab33bfe7afa21a1:55)
05-15 20:59:49.719  1977  4332 W Binder  : 	at com.android.server.am.FreecessHandler$MainHandler.handleMessage(qb/106570637 b1053ac3ec2f7c839f91fd2de7335cf17a4e53b4ee4019421ab33bfe7afa21a1:793)
05-15 20:59:49.719  1977  4332 W Binder  : 	at android.os.Handler.dispatchMessage(Handler.java:110)
05-15 20:59:49.719  1977  4332 W Binder  : 	at android.os.Looper.loopOnce(Looper.java:273)
05-15 20:59:49.719  1977  4332 W Binder  : 	at android.os.Looper.loop(Looper.java:363)
05-15 20:59:49.719  1977  4332 W Binder  : 	at android.os.HandlerThread.run(HandlerThread.java:85)
05-15 20:59:49.719  1977  2834 I AppWidgetServiceImpl: stopListening callbacks : null
05-15 20:59:49.719 24090 24090 D VRI[MainActivity]@90c0767: mThreadedRenderer.initializeIfNeeded()#2 mSurface={isValid=true 0xb400007de8e04370}
05-15 20:59:49.720  1808  1808 E RefreshRateSelector: Can't find HRR max refresh rate by policy with the same group 1080
05-15 20:59:49.720  1977  2142 D SurfaceComposerClient: setCornerRadius ## a306892 es.uniovi.recetasasturianas/es.uniovi.recetasasturianas.MainActivity#179498 cornerRadius=0.000000
05-15 20:59:49.720  1977  2142 D SurfaceComposerClient: setCornerRadius ## a306892 es.uniovi.recetasasturianas/es.uniovi.recetasasturianas.MainActivity#179498 cornerRadius=0.000000
05-15 20:59:49.720 24090 24090 D InputMethodManagerUtils: startInputInner - Id : 0
05-15 20:59:49.720 24090 24090 I InputMethodManager: startInputInner - IInputMethodManagerGlobalInvoker.startInputOrWindowGainedFocus
05-15 20:59:49.724  1977  4332 W LocationManagerService: onFreezeStateChanged, uid[10512]=true
05-15 20:59:49.724  1808  1808 I SurfaceFlinger: destroyed Splash Screen es.uniovi.recetasasturianas$_11062#179499 form LifecycleManager
05-15 20:59:49.724  1808  1808 I SurfaceFlinger: destroyed 96456cf Splash Screen es.uniovi.recetasasturianas#179497 form LifecycleManager
05-15 20:59:49.724  1808  1808 I SurfaceFlinger: id=179499 onLayerDestroyed from LayerHierarchyBuilder(RequestedLayerState{Splash Screen es.uniovi.recetasasturianas$_11062#179499 !handle})
05-15 20:59:49.724  1808  1808 I SurfaceFlinger: id=179497 onLayerDestroyed from LayerHierarchyBuilder(RequestedLayerState{96456cf Splash Screen es.uniovi.recetasasturianas#179497 !handle z=2147483647})
05-15 20:59:49.724  1977  2946 I ImeTracker: es.uniovi.recetasasturianas:d8736656: onRequestHide at ORIGIN_SERVER reason HIDE_UNSPECIFIED_WINDOW fromUser false
05-15 20:59:49.726  1977  2946 D InputTransport: Input channel constructed: 'ClientS', fd=1030
05-15 20:59:49.726  1808  1808 I Layer   : id=179499 Destroyed Splash Screen es.uniovi.recetasasturianas$_11062#179499
05-15 20:59:49.726  1977  2946 D InputTransport: Input channel destroyed: 'ClientS', fd=1030
05-15 20:59:49.726  1808  1808 I Layer   : id=179497 Destroyed 96456cf Splash Screen es.uniovi.recetasasturianas#179497
05-15 20:59:49.727  1808  2497 I SurfaceFlinger: id=179507 createSurf, flag=24004, Surface(name=35023c1 InputMethod)/@0x1087f31 - animation-leash of insets_animation#179507
05-15 20:59:49.728  1977  2997 I ImeTracker: system_server:acc82081: onRequestHide at ORIGIN_SERVER reason IME_REQUESTED_CHANGED_LISTENER fromUser false
05-15 20:59:49.729 24090 24299 D InputTransport: Input channel constructed: 'ClientS', fd=173
05-15 20:59:49.729 23357 23357 I LatinIME: onFinishInput
05-15 20:59:49.729 12633 12673 I Routine@Core[4.9.04.16]: ActivityWatcherListenerImpl: onStopComponent: componentName - bitpit.launcher, userId: 0
05-15 20:59:49.729  1977  2142 D SurfaceComposerClient: setCornerRadius ## a306892 es.uniovi.recetasasturianas/es.uniovi.recetasasturianas.MainActivity#179498 cornerRadius=0.000000
05-15 20:59:49.729 23357 23357 D InputMethodService: unregisterCompatOnBackInvokedCallback return because registered : false
05-15 20:59:49.729 23357 23357 D InputMethodService: updateClientDisplayId: displayId=0, mClientDisplayId=0
05-15 20:59:49.729  1977  2141 I ImeTracker: system_server:acc82081: onCancelled at PHASE_SERVER_SHOULD_HIDE
05-15 20:59:49.730 12633 12673 I Routine@Core[4.9.04.16]: Pref: putSharedPrefsData: key=condition_launch_app_data_resume_pkg, data.size=70
05-15 20:59:49.730  1977  2142 D SurfaceComposerClient: setCornerRadius ## a306892 es.uniovi.recetasasturianas/es.uniovi.recetasasturianas.MainActivity#179498 cornerRadius=0.000000
05-15 20:59:49.730 24090 24090 I InputMethodManager: handleMessage: setImeVisibility visible=false
05-15 20:59:49.730 24090 24090 D InsetsController: hide(ime(), fromIme=false)
05-15 20:59:49.730 24090 24090 I ImeTracker: es.uniovi.recetasasturianas:d8736656: onCancelled at PHASE_CLIENT_ALREADY_HIDDEN
05-15 20:59:49.731  1977  2134 D PkgPredictorService-SecIpmManagerServiceImpl: bg information pid:20661 uid:10578 pkgName:bitpit.launcher
05-15 20:59:49.732  1808  1808 I SurfaceFlinger: RequestedLayer [Surface(name=8f932e4 StatusBar)/@0xa[...]ion-leash of insets_animation#179501] hidden!! flag  from(1) --> to(0)
05-15 20:59:49.732  1808  1808 E SurfaceFlinger: alpha changed 0.000 -> 0.013 - Surface(name=8f932e4 StatusBar)/@0xabc478a - animation-leash of insets_animation#179501
05-15 20:59:49.732  1808  1808 I SurfaceFlinger: [LayerHierarchy{RequestedLayerState{bitpit.launcher/bitpit.launcher.ui.HomeActivity$_20661#179488} no children}] reparent to OffscreenRoot
05-15 20:59:49.732  1808  1808 I SurfaceFlinger: [LayerHierarchy{RequestedLayerState{bitpit.launcher/bitpit.launcher.ui.HomeActivity$_20661#179488} no children}] RelativeParent to null
05-15 20:59:49.732  1808  1808 I SurfaceFlinger: [Surface(name=35023c1 InputMethod)/@0x1087f31 - animation-leash of insets_animation#179507] attach to parent LayerHierarchy{RequestedLayerState{WindowToken{21e384e type=2011 android.os.Binder@4717749}#146663 parentId=15} 2 children}
05-15 20:59:49.732 20661 20661 D BBA2    : setIsFg isFg = false; delayValue 3999ms
05-15 20:59:49.734  1808  1808 I SurfaceFlinger: id=179488 Removed bitpit.launcher/bitpit.launcher.ui.HomeActivity$_20661#179488 (177)
05-15 20:59:49.740  1808  1808 D SurfaceFlinger: Display 4630947232161729154 HWC layers:
05-15 20:59:49.740  1808  1808 D SurfaceFlinger:        DEVICE |          103465762160653 | 00002102 | RGBA_8888    |    0.0    0.0 1080.0 2340.0 |    0    0 1080 2340 | es.uniovi.recetasasturianas/es.uniov[...]sturianas.MainActivity$_24090#179500 (4)
05-15 20:59:49.740  1808  1808 D SurfaceFlinger:        DEVICE |           47510928230651 | 00002100 | RGBA_8888    |    0.0    0.0 1080.0   99.0 |    0    0 1080   99 | StatusBar$_11062#172976 (4136)
05-15 20:59:49.740  1808  1808 D SurfaceFlinger:        DEVICE |           47510928230672 | 00002100 | RGBA_8888    |    0.0    0.0 1080.0  144.0 |    0 2196 1080 2340 | NavigationBar0$_11062#172972 (357)
05-15 20:59:49.740  1808  1808 D SurfaceFlinger:        DEVICE |           27157078223661 | 00002100 | RGBA_8888    |    0.0   13.0  290.0  158.0 |  395    0  685  145 | $_6323#154529 (967)
05-15 20:59:49.740  1808  1808 D SurfaceFlinger:        DEVICE |           27157078223656 | 00002100 | RGBA_8888    |    0.0    0.0 1080.0  115.0 |    0    0 1080  115 | $_6323#177506 (652)
05-15 20:59:49.740  1808  1808 D SurfaceFlinger:        DEVICE |           47510928230638 | 00002140 | RGBA_8888    |    0.0    0.0 1080.0  121.0 |    0    0 1080  121 | ScreenDecorOverlay$_11062#172986 (67)
05-15 20:59:49.740  1808  1808 D SurfaceFlinger:        DEVICE |           47510
05-15 20:59:49.740  1808  1808 D SurfaceFlinger: 928230639 | 00002140 | RGBA_8888    |    0.0    0.0 1080.0  121.0 |    0 2219 1080 2340 | ScreenDecorOverlayBottom$_11062#172987 (60)
05-15 20:59:49.740  1808  1808 D SurfaceFlinger:
05-15 20:59:49.741  1808  1808 I SurfaceFlinger: RequestedLayer [Surface(name=35023c1 InputMethod)/@0[...]ion-leash of insets_animation#179507] hidden!! flag  from(1) --> to(0)
05-15 20:59:49.741  1808  1808 E SurfaceFlinger: alpha changed 1.000 -> 0.000 - Surface(name=35023c1 InputMethod)/@0x1087f31 - animation-leash of insets_animation#179507
05-15 20:59:49.741  1808  1808 I SurfaceFlinger: destroyed bitpit.launcher/bitpit.launcher.ui.HomeActivity$_20661#179488 form LifecycleManager
05-15 20:59:49.741  1808  1808 I SurfaceFlinger: [LayerHierarchy{RequestedLayerState{ImeContainer#15 parentId=179495 relativeParentId=179498 z=1} 1 children}] reparent to LayerHierarchy{RequestedLayerState{ActivityRecord{242776597 u0 es.uniovi.recetasasturianas/.MainActivity t2382}#179495 parentId=179494} 3 children}
05-15 20:59:49.741  1808  1808 I SurfaceFlinger: [LayerHierarchy{RequestedLayerState{ImeContainer#15 parentId=179495 relativeParentId=179498 z=1} 1 children}] RelativeParent to LayerHierarchy{RequestedLayerState{a306892 es.uniovi.recetasasturianas/es.uniovi.recetasasturianas.MainActivity#179498 parentId=179495} 2 children}
05-15 20:59:49.741  1808  1808 I SurfaceFlinger: [LayerHierarchy{RequestedLayerState{35023c1 InputMethod#146668 parentId=179507} no children}] reparent to LayerHierarchy{RequestedLayerState{Surface(name=35023c1 InputMethod)/@0x1087f31 - animation-leash of insets_animation#179507 parentId=146663} 1 children}
05-15 20:59:49.741  1808  1808 I SurfaceFlinger: [LayerHierarchy{RequestedLayerState{Surface(name=35023c1 InputMethod)/@0x1087f31 - animation-leash of insets_animation#179491} no children}] reparent to OffscreenRoot
05-15 20:59:49.741  1808  1808 I SurfaceFlinger: [LayerHierarchy{RequestedLayerState{Surface(name=35023c1 InputMethod)/@0x1087f31 - animation-leash of insets_animation#179491} no children}] RelativeParent to null
05-15 20:59:49.741  1808  1808 I SurfaceFlinger: id=179488 onLayerDestroyed from LayerHierarchyBuilder(RequestedLayerState{bitpit.launcher/bitpit.launcher.ui.HomeActivity$_20661#179488 !handle})
05-15 20:59:49.744  1808  1808 I Layer   : id=179488 Destroyed bitpit.launcher/bitpit.launcher.ui.HomeActivity$_20661#179488
05-15 20:59:49.745  1808  1899 I SurfaceFlinger: id=179491 Removed Surface(name=35023c1 InputMethod)/@0x1087f31 - animation-leash of insets_animation#179491 (176)
05-15 20:59:49.749 23357 23357 I InputMethodService: scheduleImeSurfaceRemoval: removeImeSurface is posted.
05-15 20:59:49.750  1808  1808 I SurfaceFlinger: destroyed Surface(name=35023c1 InputMethod)/@0x1087f31 - animation-leash of insets_animation#179491 form LifecycleManager
05-15 20:59:49.750  1808  1808 I SurfaceFlinger: id=179491 onLayerDestroyed from LayerHierarchyBuilder(RequestedLayerState{Surface(name=35023c1 InputMethod)/@0x1087f31 - animation-leash of insets_animation#179491 !handle})
05-15 20:59:49.752  1808  1808 I Layer   : id=179491 Destroyed Surface(name=35023c1 InputMethod)/@0x1087f31 - animation-leash of insets_animation#179491
05-15 20:59:49.790  1628  1628 E WifiHAL : Timed out waiting on Driver ready ...
05-15 20:59:49.791  1977  3149 E WifiChipHidlImpl: configureChip failed with status: {.code = ERROR_UNKNOWN, .description = , timed out}
05-15 20:59:49.792  1977  3149 E WifiChipHidlImpl: getMode failed with status: {.code = ERROR_NOT_AVAILABLE, .description = }
05-15 20:59:49.793  1977  3149 E HalDevMgr: executeChipReconfiguration: configureChip error
05-15 20:59:49.793  1977  3149 E HalDevMgr: Teardown Wifi internal state
05-15 20:59:49.793  1977  3149 E WifiHalHidlImpl: Cannot call isStarted because mWifi is null
05-15 20:59:49.793  1977  3149 E WifiHalHidlImpl: Cannot call isStarted because mWifi is null
05-15 20:59:49.793  1977  3149 V WifiAwareNativeManager: onStatusChanged
05-15 20:59:49.793  1977  3149 E WifiHalHidlImpl: Cannot call isStarted because mWifi is null
05-15 20:59:49.793  1977  3149 D WifiAwareNativeManager: awareIsDown: mWifiNanIface=null, mReferenceCount =0
05-15 20:59:49.793  1977  3149 E HalDevMgr: createIfaceIfPossible: Failed to create iface for ifaceType=4, requestorWs=WorkSource{1010}
05-15 20:59:49.793  1977  3149 E WifiNative: Failed to allocate new Nan iface
05-15 20:59:49.793  1977  3149 D WifiNl80211Manager: tearing down interfaces in wificond
05-15 20:59:49.793  1977  3149 W HalDevMgr: stopWifi was called, but Wifi Hal is not initialized
05-15 20:59:49.793  1977  3149 I WifiVendorHal: Vendor Hal stopped
05-15 20:59:49.793  1977  3149 E WifiAwareNativeManager: Was not able to obtain a WifiNanIface (even though enabled!?)
05-15 20:59:49.793  1977  3149 D WifiAwareNativeManager: awareIsDown: mWifiNanIface=null, mReferenceCount =0
05-15 20:59:49.794  1977  3149 V WifiAwareStateManager: WaitState{ when=-20s127ms what=1 arg1=111 target=com.android.wifi.x.com.android.internal.util.StateMachine$SmHandler }
05-15 20:59:49.794  1977  3149 V WifiAwareStateManager: processCommand: msg={ when=-20s127ms what=1 arg1=111 target=com.android.wifi.x.com.android.internal.util.StateMachine$SmHandler }
05-15 20:59:49.794  1977  3149 V WifiAwareNativeApi: getCapabilities: transactionId=19721
05-15 20:59:49.794  1977  3149 E WifiAwareNativeApi: Repeated transaction ID == 19721
05-15 20:59:49.794  1977  3149 E WifiAwareNativeApi: getCapabilities: null interface
05-15 20:59:49.794  1977  3149 V WifiAwareStateManager: WaitState{ when=-20s128ms what=1 arg1=123 target=com.android.wifi.x.com.android.internal.util.StateMachine$SmHandler }
05-15 20:59:49.794  1977  3149 V WifiAwareStateManager: processCommand: msg={ when=-20s128ms what=1 arg1=123 target=com.android.wifi.x.com.android.internal.util.StateMachine$SmHandler }
05-15 20:59:49.794  1977  3149 D WifiAwareNativeManager: releaseAware: mWifiNanIface=null, mReferenceCount=0
05-15 20:59:49.795  1977  3149 I WifiNative: Vendor HAL died. Cleaning up internal state.
05-15 20:59:49.795  1977  3149 E WifiActiveModeWarden: One of the native daemons died. Triggering recovery
05-15 20:59:49.800  1977  3149 D WifiConfigStore: Writing to stores completed in 4 ms.
05-15 20:59:49.800  1977  3149 E WifiSelfRecovery: Triggering recovery for reason: WifiNative Failure
05-15 20:59:49.800  1977  3149 E WifiSelfRecovery: Already restarted wifi 2 times in last 1 hour. Disabling wifi
05-15 20:59:49.800  1977  3149 V WifiAwareStateManager: WaitState{ when=-10s68ms what=1 arg1=109 target=com.android.wifi.x.com.android.internal.util.StateMachine$SmHandler }
05-15 20:59:49.800  1977  3149 V WifiAwareStateManager: processCommand: msg={ when=-10s68ms what=1 arg1=109 target=com.android.wifi.x.com.android.internal.util.StateMachine$SmHandler }
05-15 20:59:49.800  1977  3149 D WifiAwareStateManager: disableUsageLocal: transactionId=19723, mUsageEnabled=false
05-15 20:59:49.800  1977  3149 V WifiAwareStateManager: WaitState{ when=-10s67ms what=1 arg1=109 arg2=1 target=com.android.wifi.x.com.android.internal.util.StateMachine$SmHandler }
05-15 20:59:49.800  1977  3149 V WifiAwareStateManager: processCommand: msg={ when=-10s67ms what=1 arg1=109 arg2=1 target=com.android.wifi.x.com.android.internal.util.StateMachine$SmHandler }
05-15 20:59:49.800  1977  3149 D WifiAwareStateManager: disableUsageLocal: transactionId=19724, mUsageEnabled=false
05-15 20:59:49.800  1977  3149 D WifiController: Recovery has been throttled, disable wifi
05-15 20:59:49.800  1977  3149 D WifiActiveModeWarden: Shutting down all mode managers
05-15 20:59:49.801  1977  3149 V WifiAwareStateManager: WaitState{ when=-10s40ms what=1 arg1=122 obj=WorkSource{1010} target=com.android.wifi.x.com.android.internal.util.StateMachine$SmHandler }
05-15 20:59:49.801  1977  3149 V WifiAwareStateManager: processCommand: msg={ when=-10s40ms what=1 arg1=122 obj=WorkSource{1010} target=com.android.wifi.x.com.android.internal.util.StateMachine$SmHandler }
05-15 20:59:49.801  1977  3149 D WifiAwareNativeManager: tryToGetAware: mWifiNanIface=null, mReferenceCount=0, requestorWs=WorkSource{1010}
05-15 20:59:49.801  1977  3149 I WifiHalHidlImpl: Initializing the WiFi HAL
05-15 20:59:49.801  1977  3149 I WifiHalHidlImpl: mServiceManager already exists
05-15 20:59:49.801  1977  3149 I WifiHalHidlImpl: initWifiIfNecessaryLocked
05-15 20:59:49.803  1977  3149 I android_os_HwBinder: HwBinder: Starting thread pool for getting: android.hardware.wifi@1.0::IWifi/default
05-15 20:59:49.806   778   778 I hwservicemanager: getTransport: Cannot find entry android.hardware.wifi@1.6::IWifi/default in either framework or device VINTF manifest.
05-15 20:59:49.806   778   778 I hwservicemanager: getTransport: Cannot find entry android.hardware.wifi@1.5::IWifi/default in either framework or device VINTF manifest.
05-15 20:59:49.807  1977  3149 I WifiHalHidlImpl: mWifi was retrieved. HAL is running version 1.4
05-15 20:59:49.808  1977  3149 E WifiChipHidlImpl: getMode failed with status: {.code = ERROR_NOT_AVAILABLE, .description = }
05-15 20:59:49.808  1977  3149 W HalDevMgr: createRttControllerIfPossible: not available from any of the chips
05-15 20:59:49.809  1977  3149 V WifiAwareNativeManager: onStatusChanged
05-15 20:59:49.809  1977  3149 E WifiChipHidlImpl: getMode failed with status: {.code = ERROR_NOT_AVAILABLE, .description = }
05-15 20:59:49.810  1977  3149 I WifiVendorHal: Vendor Hal started successfully
05-15 20:59:49.810  1977  3149 E WifiChipHidlImpl: getMode failed with status: {.code = ERROR_NOT_AVAILABLE, .description = }
05-15 20:59:49.811  1977  3149 I HalDevMgr: currentModeId=0, requestModeId=3, currentModeIdValid=false
05-15 20:59:49.844 24090 24090 I ViewInteraction: Checking 'es.uniovi.recetasasturianas.RecipeDetailFragmentTest$$ExternalSyntheticLambda0@347482c' assertion on view view.getId() is <2131296655/es.uniovi.recetasasturianas:id/recycler_view>
05-15 20:59:49.845 24090 24090 I ViewInteraction: Performing 'actionOnItemAtPosition performing ViewAction: single click on item at position: 0' action on view view.getId() is <2131296655/es.uniovi.recetasasturianas:id/recycler_view>
05-15 20:59:49.848  1977  4332 W LocationManagerService: onFreezeStateChanged, uid[10512]=false
05-15 20:59:49.849  1977  6027 D InputDispatcher: Inject motion (24090/10625): action=0x0, time=304067875000000, f=0x0, d=0 dsdx=1.000000 dtdx=0.000000
05-15 20:59:49.849 11062 11067 I ndroid.systemui: NativeAlloc concurrent copying GC freed 13MB AllocSpace bytes, 29(580KB) LOS objects, 31% free, 51MB/75MB, paused 88us,67us total 353.582ms
05-15 20:59:49.850  1977  2929 I InputDispatcher: Delivering touch to (11062): action: 0x4, f=0x0, d=0, '7a9d783', t=0
05-15 20:59:49.850  1977  2929 I InputDispatcher: Delivering touch to (24090): action: 0x0, f=0x0, d=0, 'a306892', t=0
05-15 20:59:49.850 24090 24090 I VRI[MainActivity]@90c0767: ViewPostIme pointer 0
05-15 20:59:49.850 24090 24090 I VRI[MainActivity]@90c0767: call setFrameRateCategory for touch hint category=high hint, reason=touch, vri=VRI[MainActivity]@90c0767
05-15 20:59:49.850  1977  2134 I GestureDetector: obtain mCurrentDownEvent. id: -269226972 caller: com.android.server.wm.SystemGesturesPointerEventListener.onPointerEvent:17 com.android.server.wm.PointerEventDispatcher.onInputEvent:51 android.view.InputEventReceiver.dispatchInputEvent:392
05-15 20:59:49.851  1977  2134 I GestureDetector: obtain mCurrentDownEvent. id: -269226972 caller: com.android.server.wm.SystemPerformancePointerEventListener.onPointerEvent:13 com.android.server.wm.PointerEventDispatcher.onInputEvent:51 android.view.InputEventReceiver.dispatchInputEvent:392
05-15 20:59:49.851  4195  4195 I HoneySpace.GestureInputHandler: inputConsumers = [com.honeyspace.gesture.inputconsumer.InputConsumer$Companion$NO_OP$1@44ea0c6]
05-15 20:59:49.851  4195  4195 I HoneySpace.InputSession: inputConsumers = NO_OP
05-15 20:59:49.851  4195  4195 I HoneySpace.InputSession: open
05-15 20:59:49.851  1808  1899 I SurfaceFlinger: id=179506 Removed Surface(name=a306892 es.uniovi.recetasasturianas/es.uniovi.recetasasturianas.MainActivity)/@0xc0075ee - animation-leash of starting_reveal#179506 (175)
05-15 20:59:49.852  1808  2995 I SurfaceFlinger: id=179496 Removed Surface(name=bcfd950 es.uniovi.recetasasturianas.test/androidx.test.core.app.InstrumentationActivityInvoker$EmptyActivity)/@0x1738293 - animation-leash of starting_reveal#179496 (175)
05-15 20:59:49.852  5896  5896 I SemDvfsHyPerManager: acquire hyper - TABoost/5896@21, type = -999
05-15 20:59:49.852  1808  4802 I SurfaceFlinger: id=179473 Removed Surface(name=3f7caca es.uniovi.recetasasturianas/es.uniovi.recetasasturianas.MainActivity)/@0x16e922 - animation-leash of starting_reveal#179473 (175)
05-15 20:59:49.852  1808  1897 I SurfaceFlinger: id=179449 Removed Surface(name=222f2c7 es.uniovi.recetasasturianas.test/androidx.test.core.app.InstrumentationActivityInvoker$EmptyActivity)/@0xd8241ea - animation-leash of starting_reveal#179449 (175)
05-15 20:59:49.852  1808  1897 I SurfaceFlinger: id=179436 Removed Surface(name=f15dc68 es.uniovi.recetasasturianas/es.uniovi.recetasasturianas.MainActivity)/@0x7b5d080 - animation-leash of starting_reveal#179436 (175)
05-15 20:59:49.852  1808  2995 I SurfaceFlinger: id=179431 Removed Surface(name=830adf4 es.uniovi.recetasasturianas.test/androidx.test.core.app.InstrumentationActivityInvoker$EmptyActivity)/@0x516f350 - animation-leash of starting_reveal#179431 (175)
05-15 20:59:49.852  1808  4802 I SurfaceFlinger: id=179409 Removed Surface(name=21e4a73 es.uniovi.recetasasturianas/es.uniovi.recetasasturianas.MainActivity)/@0x82694eb - animation-leash of starting_reveal#179409 (175)
05-15 20:59:49.852  1632  1829 I HYPER-HAL: [RequestManager.cpp]releaseLocked(): Released ID : 17508424
05-15 20:59:49.853  1632  1829 I HYPER-HAL: [RequestManager.cpp]acquire(): Acquired ID : 17508424  [5896 / 21]    HINT :      list : [TABoost / 1] [TIMEOUT / 1500]
05-15 20:59:49.854  1808  4802 I SurfaceFlinger: id=179365 Removed ActivityRecord{119958586 u0 es.uniovi.recetasasturianas/.SplashActivity t2375}#179365 (175)
05-15 20:59:49.854  1808  1897 I SurfaceFlinger: id=179364 Removed Task=2375#179364 (175)
05-15 20:59:49.854  1808  4802 I SurfaceFlinger: id=179372 Removed ActivityRecord{122812245 u0 es.uniovi.recetasasturianas/.MainActivity t2375}#179372 (175)
05-15 20:59:49.854  1808  4802 I SurfaceFlinger: id=179326 Removed ActivityRecord{23137721 u0 com.whatsapp/.interopui.compose.InteropComposeSelectIntegratorActivity t2239}#179326 (175)
05-15 20:59:49.854  1808  1897 I SurfaceFlinger: id=179318 Removed ActivityRecord{236685964 u0 com.whatsapp/.conversation.conversationslist.InteropConversationsActivity t2239}#179318 (175)
05-15 20:59:49.855  1808  1897 I SurfaceFlinger: id=175961 Removed ActivityRecord{233568614 u0 com.whatsapp/.home.ui.HomeActivity t2239}#175961 (175)
05-15 20:59:49.855  1808  1897 I SurfaceFlinger: id=179303 Removed ActivityRecord{169389633 u0 com.whatsapp/.conversation.conversationslist.ArchivedConversationsActivity t2239}#179303 (175)
05-15 20:59:49.855  1808  1897 I SurfaceFlinger: id=175952 Removed Task=2239#175952 (175)
05-15 20:59:49.855 11062 11069 W System  : A resource failed to call release.
05-15 20:59:49.855 11062 11069 W System  : A resource failed to call release.
05-15 20:59:49.855 11062 11069 W System  : A resource failed to call release.
05-15 20:59:49.855 11062 11069 W System  : A resource failed to call release.
05-15 20:59:49.855 11062 11069 W System  : A resource failed to call release.
05-15 20:59:49.855 11062 11069 W System  : A resource failed to call release.
05-15 20:59:49.855 11062 11069 W System  : A resource failed to call release.
05-15 20:59:49.855 11062 11069 W System  : A resource failed to call release.
05-15 20:59:49.855 11062 11069 W System  : A resource failed to call release.
05-15 20:59:49.855 11062 11069 W System  : A resource failed to call release.
05-15 20:59:49.855 11062 11069 W System  : A resource failed to call release.
05-15 20:59:49.855 11062 11069 W System  : A resource failed to call release.
05-15 20:59:49.855 11062 11069 W System  : A resource failed to call release.
05-15 20:59:49.855 11062 11069 W System  : A resource failed to call release.
05-15 20:59:49.855 11062 11069 W System  : A resource failed to call release.
05-15 20:59:49.855 11062 11069 W System  : A resource failed to call release.
05-15 20:59:49.855 11062 11069 W System  : A resource failed to call release.
05-15 20:59:49.855 11062 11069 W System  : A resource failed to call release.
05-15 20:59:49.856 11062 11069 W System  : A resource failed to call release.
05-15 20:59:49.856 11062 11069 W System  : A resource failed to call release.
05-15 20:59:49.856 11062 11069 W System  : A resource failed to call release.
05-15 20:59:49.857 11062 11069 W System  : A resource failed to call release.
05-15 20:59:49.857 11062 11069 W System  : A resource failed to call release.
05-15 20:59:49.857 11062 11069 W System  : A resource failed to call release.
05-15 20:59:49.857 11062 11069 W System  : A resource failed to call release.
05-15 20:59:49.857 24090 24090 I InsetsController: cancelAnimation: types=statusBars, animType=0, host=es.uniovi.recetasasturianas/es.uniovi.recetasasturianas.MainActivity, from=android.view.InsetsController.notifyFinished:2006 android.view.InsetsAnimationThreadControlRunner$1.lambda$notifyFinished$0:82 android.view.InsetsAnimationThreadControlRunner$1.$r8$lambda$cDFF0h4Ncq-8EXdGszv69jrUu7c:0
05-15 20:59:49.858  1808  1808 I SurfaceFlinger: [es.uniovi.recetasasturianas/es.uniovi.recetasasturianas.MainActivity$_24090#179500] setFrameRateCategory: HighHint
05-15 20:59:49.858  1808  1808 I SurfaceFlinger: destroyed ActivityRecord{236685964 u0 com.whatsapp/.conversation.conversationslist.InteropConversationsActivity t2239}#179318 form LifecycleManager
05-15 20:59:49.858  1808  1808 I SurfaceFlinger: destroyed c3d85de ActivityRecordInputSink com.whatsapp/.conversation.conversationslist.InteropConversationsActivity#179324 form LifecycleManager
05-15 20:59:49.858  1808  1808 I SurfaceFlinger: destroyed 939185c ActivityRecordInputSink es.uniovi.recetasasturianas/.SplashActivity#179371 form LifecycleManager
05-15 20:59:49.858  1808  1808 I SurfaceFlinger: destroyed ActivityRecord{119958586 u0 es.uniovi.recetasasturianas/.SplashActivity t2375}#179365 form LifecycleManager
05-15 20:59:49.858  1808  1808 I SurfaceFlinger: destroyed 685ea8 ActivityRecordInputSink com.whatsapp/.home.ui.HomeActivity#175968 form LifecycleManager
05-15 20:59:49.858  1808  1808 I SurfaceFlinger: destroyed Task=2375#179364 form LifecycleManager
05-15 20:59:49.858  1808  1808 I SurfaceFlinger: destroyed Task=2239#175952 form LifecycleManager
05-15 20:59:49.858  1808  1808 I SurfaceFlinger: destroyed ActivityRecord{23137721 u0 com.whatsapp/.interopui.compose.InteropComposeSelectIntegratorActivity t2239}#179326 form LifecycleManager
05-15 20:59:49.858  1808  1808 I SurfaceFlinger: destroyed Surface(name=830adf4 es.uniovi.recetasasturianas.test/androidx.test.core.app.InstrumentationActivityInvoker$EmptyActivity)/@0x516f350 - animation-leash of starting_reveal#179431 form LifecycleManager
05-15 20:59:49.858  1808  1808 I SurfaceFlinger: destroyed Surface(name=a306892 es.uniovi.recetasasturianas/es.uniovi.recetasasturianas.MainActivity)/@0xc0075ee - animation-leash of starting_reveal#179506 form LifecycleManager
05-15 20:59:49.858  1808  1808 I SurfaceFlinger: destroyed Surface(name=f15dc68 es.uniovi.recetasasturianas/es.uniovi.recetasasturianas.MainActivity)/@0x7b5d080 - animation-leash of starting_reveal#179436 form LifecycleManager
05-15 20:59:49.858  1808  1808 I SurfaceFlinger: destroyed ActivityRecord{233568614 u0 com.whatsapp/.home.ui.HomeActivity t2239}#175961 form LifecycleManager
05-15 20:59:49.858  1808  1808 I SurfaceFlinger: destroyed Surface(name=3f7caca es.uniovi.recetasasturianas/es.uniovi.recetasasturianas.MainActivity)/@0x16e922 - animation-leash of starting_reveal#179473 form LifecycleManager
05-15 20:59:49.858  1808  1808 I SurfaceFlinger: destroyed Surface(name=bcfd950 es.uniovi.recetasasturianas.test/androidx.test.core.app.InstrumentationActivityInvoker$EmptyActivity)/@0x1738293 - animation-leash of starting_reveal#179496 form LifecycleManager
05-15 20:59:49.858  1808  1808 I SurfaceFlinger: destroyed ActivityRecord{122812245 u0 es.uniovi.recetasasturianas/.MainActivity t2375}#179372 form LifecycleManager
05-15 20:59:49.858  1808  1808 I SurfaceFlinger: destroyed Surface(name=21e4a73 es.uniovi.recetasasturianas/es.uniovi.recetasasturianas.MainActivity)/@0x82694eb - animation-leash of starting_reveal#179409 form LifecycleManager
05-15 20:59:49.858  1808  1808 I SurfaceFlinger: destroyed Surface(name=222f2c7 es.uniovi.recetasasturianas.test/androidx.test.core.app.InstrumentationActivityInvoker$EmptyActivity)/@0xd8241ea - animation-leash of starting_reveal#179449 form LifecycleManager
05-15 20:59:49.858  1808  1808 I SurfaceFlinger: destroyed 97cb93f ActivityRecordInputSink es.uniovi.recetasasturianas/.MainActivity#179374 form LifecycleManager
05-15 20:59:49.858  1808  1808 I SurfaceFlinger: destroyed a7ee803 ActivityRecordInputSink com.whatsapp/.interopui.compose.InteropComposeSelectIntegratorActivity#179332 form LifecycleManager
05-15 20:59:49.858  1808  1808 I SurfaceFlinger: destroyed ActivityRecord{169389633 u0 com.whatsapp/.conversation.conversationslist.ArchivedConversationsActivity t2239}#179303 form LifecycleManager
05-15 20:59:49.858  1808  1808 I SurfaceFlinger: destroyed 7f5234b ActivityRecordInputSink com.whatsapp/.conversation.conversationslist.ArchivedConversationsActivity#179309 form LifecycleManager
05-15 20:59:49.858  1808  1808 I SurfaceFlinger: id=179318 onLayerDestroyed from LayerHierarchyBuilder(RequestedLayerState{ActivityRecord{236685964 u0 com.whatsapp/.conversation.conversationslist.InteropConversationsActivity t2239}#179318 !handle z=1})
05-15 20:59:49.858  1808  1808 I SurfaceFlinger: id=179324 onLayerDestroyed from LayerHierarchyBuilder(RequestedLayerState{c3d85de ActivityRecordInputSink com.whatsapp/.conversation.conversationslist.InteropConversationsActivity#179324 !handle z=-2147483648})
05-15 20:59:49.858  1808  1808 I SurfaceFlinger: id=179371 onLayerDestroyed from LayerHierarchyBuilder(RequestedLayerState{939185c ActivityRecordInputSink es.uniovi.recetasasturianas/.SplashActivity#179371 !handle z=-2147483648})
05-15 20:59:49.858  1808  1808 I SurfaceFlinger: id=179365 onLayerDestroyed from LayerHierarchyBuilder(RequestedLayerState{ActivityRecord{119958586 u0 es.uniovi.recetasasturianas/.SplashActivity t2375}#179365 !handle})
05-15 20:59:49.858  1808  1808 I SurfaceFlinger: id=175968 onLayerDestroyed from LayerHierarchyBuilder(RequestedLayerState{685ea8 ActivityRecordInputSink com.whatsapp/.home.ui.HomeActivity#175968 !handle z=-2147483648})
05-15 20:59:49.858  1808  1808 I SurfaceFlinger: id=179364 onLayerDestroyed from LayerHierarchyBuilder(RequestedLayerState{Task=2375#179364 !handle z=6})
05-15 20:59:49.858  1808  1808 I SurfaceFlinger: id=175952 onLayerDestroyed from LayerHierarchyBuilder(RequestedLayerState{Task=2239#175952 !handle z=6})
05-15 20:59:49.858  1808  1808 I SurfaceFlinger: id=179326 onLayerDestroyed from LayerHierarchyBuilder(RequestedLayerState{ActivityRecord{23137721 u0 com.whatsapp/.interopui.compose.InteropComposeSelectIntegratorActivity t2239}#179326 !handle z=2})
05-15 20:59:49.858  1808  1808 I SurfaceFlinger: id=179431 onLayerDestroyed from LayerHierarchyBuilder(RequestedLayerState{Surface(name=830adf4 es.uniovi.recetasasturianas.test/androidx.test.core.app.InstrumentationActivityInvoker$EmptyActivity)/@0x516f350 - animation-leash of starting_reveal#179431 !handle})
05-15 20:59:49.858  1808  1808 I SurfaceFlinger: id=179506 onLayerDestroyed from LayerHierarchyBuilder(RequestedLayerState{Surface(name=a306892 es.uniovi.recetasasturianas/es.uniovi.recetasasturianas.MainActivity)/@0xc0075ee - animation-leash of starting_reveal#179506 !handle})
05-15 20:59:49.858  1808  1808 I SurfaceFlinger: id=179436 onLayerDestroyed from LayerHierarchyBuilder(RequestedLayerState{Surface(name=f15dc68 es.uniovi.recetasasturianas/es.uniovi.recetasasturianas.MainActivity)/@0x7b5d080 - animation-leash of starting_reveal#179436 !handle})
05-15 20:59:49.858  1808  1808 I SurfaceFlinger: id=175961 onLayerDestroyed from LayerHierarchyBuilder(RequestedLayerState{ActivityRecord{233568614 u0 com.whatsapp/.home.ui.HomeActivity t2239}#175961 !handle})
05-15 20:59:49.858  1808  1808 I SurfaceFlinger: id=179473 onLayerDestroyed from LayerHierarchyBuilder(RequestedLayerState{Surface(name=3f7caca es.uniovi.recetasasturianas/es.uniovi.recetasasturianas.MainActivity)/@0x16e922 - animation-leash of starting_reveal#179473 !handle})
05-15 20:59:49.858  1808  1808 I SurfaceFlinger: id=179496 onLayerDestroyed from LayerHierarchyBuilder(RequestedLayerState{Surface(name=bcfd950 es.uniovi.recetasasturianas.test/androidx.test.core.app.InstrumentationActivityInvoker$EmptyActivity)/@0x1738293 - animation-leash of starting_reveal#179496 !handle})
05-15 20:59:49.858  1808  1808 I SurfaceFlinger: id=179372 onLayerDestroyed from LayerHierarchyBuilder(RequestedLayerState{ActivityRecord{122812245 u0 es.uniovi.recetasasturianas/.MainActivity t2375}#179372 !handle})
05-15 20:59:49.858  1808  1808 I SurfaceFlinger: id=179409 onLayerDestroyed from LayerHierarchyBuilder(RequestedLayerState{Surface(name=21e4a73 es.uniovi.recetasasturianas/es.uniovi.recetasasturianas.MainActivity)/@0x82694eb - animation-leash of starting_reveal#179409 !handle})
05-15 20:59:49.858  1808  1808 I SurfaceFlinger: id=179449 onLayerDestroyed from LayerHierarchyBuilder(RequestedLayerState{Surface(name=222f2c7 es.uniovi.recetasasturianas.test/androidx.test.core.app.InstrumentationActivityInvoker$EmptyActivity)/@0xd8241ea - animation-leash of starting_reveal#179449 !handle})
05-15 20:59:49.859  1808  1808 I SurfaceFlinger: id=179374 onLayerDestroyed from LayerHierarchyBuilder(RequestedLayerState{97cb93f ActivityRecordInputSink es.uniovi.recetasasturianas/.MainActivity#179374 !handle z=-2147483648})
05-15 20:59:49.859  1808  1808 I SurfaceFlinger: id=179332 onLayerDestroyed from LayerHierarchyBuilder(RequestedLayerState{a7ee803 ActivityRecordInputSink com.whatsapp/.interopui.compose.InteropComposeSelectIntegratorActivity#179332 !handle z=-2147483648})
05-15 20:59:49.859  1808  1808 I SurfaceFlinger: id=179303 onLayerDestroyed from LayerHierarchyBuilder(RequestedLayerState{ActivityRecord{169389633 u0 com.whatsapp/.conversation.conversationslist.ArchivedConversationsActivity t2239}#179303 !handle z=1})
05-15 20:59:49.859  1808  1808 I SurfaceFlinger: id=179309 onLayerDestroyed from LayerHierarchyBuilder(RequestedLayerState{7f5234b ActivityRecordInputSink com.whatsapp/.conversation.conversationslist.ArchivedConversationsActivity#179309 !handle z=-2147483648})
05-15 20:59:49.859 24090 24350 W InteractionJankMonitor: Initializing without READ_DEVICE_CONFIG permission. enabled=false, interval=1, missedFrameThreshold=3, frameTimeThreshold=64, package=es.uniovi.recetasasturianas
05-15 20:59:49.860 11062 11069 W System  : A resource failed to call release.
05-15 20:59:49.860 11062 11069 W System  : A resource failed to call release.
05-15 20:59:49.861  1808  1808 I Layer   : id=179318 Destroyed ActivityRecord{236685964 u0 com.whatsapp/.conversation.conversationslist.InteropConversationsActivity t2239}#179318
05-15 20:59:49.861  1808  1808 I Layer   : id=179324 Destroyed c3d85de ActivityRecordInputSink com.whatsapp/.conversation.conversationslist.InteropConversationsActivity#179324
05-15 20:59:49.861  1808  1808 I Layer   : id=179371 Destroyed 939185c ActivityRecordInputSink es.uniovi.recetasasturianas/.SplashActivity#179371
05-15 20:59:49.861  1808  1808 I Layer   : id=179365 Destroyed ActivityRecord{119958586 u0 es.uniovi.recetasasturianas/.SplashActivity t2375}#179365
05-15 20:59:49.861  1808  1808 I Layer   : id=175968 Destroyed 685ea8 ActivityRecordInputSink com.whatsapp/.home.ui.HomeActivity#175968
05-15 20:59:49.861  1808  1808 I Layer   : id=179364 Destroyed Task=2375#179364
05-15 20:59:49.861  1808  1808 I Layer   : id=175952 Destroyed Task=2239#175952
05-15 20:59:49.861  1808  1808 I Layer   : id=179326 Destroyed ActivityRecord{23137721 u0 com.whatsapp/.interopui.compose.InteropComposeSelectIntegratorActivity t2239}#179326
05-15 20:59:49.861  1808  1808 I Layer   : id=179431 Destroyed Surface(name=830adf4 es.uniovi.recetasasturianas.test/androidx.test.core.app.InstrumentationActivityInvoker$EmptyActivity)/@0x516f350 - animation-leash of starting_reveal#179431
05-15 20:59:49.861  1808  1808 I Layer   : id=179506 Destroyed Surface(name=a306892 es.uniovi.recetasasturianas/es.uniovi.recetasasturianas.MainActivity)/@0xc0075ee - animation-leash of starting_reveal#179506
05-15 20:59:49.861  1808  1808 I Layer   : id=179436 Destroyed Surface(name=f15dc68 es.uniovi.recetasasturianas/es.uniovi.recetasasturianas.MainActivity)/@0x7b5d080 - animation-leash of starting_reveal#179436
05-15 20:59:49.861  1808  1808 I Layer   : id=175961 Destroyed ActivityRecord{233568614 u0 com.whatsapp/.home.ui.HomeActivity t2239}#175961
05-15 20:59:49.861  1808  1808 I Layer   : id=179473 Destroyed Surface(name=3f7caca es.uniovi.recetasasturianas/es.uniovi.recetasasturianas.MainActivity)/@0x16e922 - animation-leash of starting_reveal#179473
05-15 20:59:49.861  1808  1808 I Layer   : id=179496 Destroyed Surface(name=bcfd950 es.uniovi.recetasasturianas.test/androidx.test.core.app.InstrumentationActivityInvoker$EmptyActivity)/@0x1738293 - animation-leash of starting_reveal#179496
05-15 20:59:49.862  1808  1808 I Layer   : id=179372 Destroyed ActivityRecord{122812245 u0 es.uniovi.recetasasturianas/.MainActivity t2375}#179372
05-15 20:59:49.862  1808  1808 I Layer   : id=179409 Destroyed Surface(name=21e4a73 es.uniovi.recetasasturianas/es.uniovi.recetasasturianas.MainActivity)/@0x82694eb - animation-leash of starting_reveal#179409
05-15 20:59:49.862  1808  1808 I Layer   : id=179449 Destroyed Surface(name=222f2c7 es.uniovi.recetasasturianas.test/androidx.test.core.app.InstrumentationActivityInvoker$EmptyActivity)/@0xd8241ea - animation-leash of starting_reveal#179449
05-15 20:59:49.862  1808  1808 I Layer   : id=179374 Destroyed 97cb93f ActivityRecordInputSink es.uniovi.recetasasturianas/.MainActivity#179374
05-15 20:59:49.862  1808  1808 I Layer   : id=179332 Destroyed a7ee803 ActivityRecordInputSink com.whatsapp/.interopui.compose.InteropComposeSelectIntegratorActivity#179332
05-15 20:59:49.862  1808  1808 I Layer   : id=179303 Destroyed ActivityRecord{169389633 u0 com.whatsapp/.conversation.conversationslist.ArchivedConversationsActivity t2239}#179303
05-15 20:59:49.862  1808  1808 I Layer   : id=179309 Destroyed 7f5234b ActivityRecordInputSink com.whatsapp/.conversation.conversationslist.ArchivedConversationsActivity#179309
05-15 20:59:49.890  1977  6327 D InputDispatcher: Inject motion (24090/10625): action=0x1, time=304067916000000, f=0x0, d=0 dsdx=1.000000 dtdx=0.000000
05-15 20:59:49.891  1977  2929 I InputDispatcher: Delivering touch to (24090): action: 0x1, f=0x0, d=0, 'a306892', t=0
05-15 20:59:49.891 24090 24090 I VRI[MainActivity]@90c0767: ViewPostIme pointer 1
05-15 20:59:49.891  4195  4195 I HoneySpace.GestureInputHandler: reset
05-15 20:59:49.891  4195  4195 I HoneySpace.InputSession: close
05-15 20:59:49.891  1977  2134 I GestureDetector: obtain mCurrentMotionEventRaw. action: 1 id: -544834838
05-15 20:59:49.891  1977  2134 I GestureDetector: obtain mCurrentMotionEventRaw. action: 1 id: -544834838
05-15 20:59:49.900 24090 24090 W WindowOnBackDispatcher: OnBackInvokedCallback is not enabled for the application.
05-15 20:59:49.900 24090 24090 W WindowOnBackDispatcher: Set 'android:enableOnBackInvokedCallback="true"' in the application manifest.
05-15 20:59:49.917  1795  1831 E HeatmapThread: ECT Thread time in milliseconds: 1778871589
05-15 20:59:49.917  1795  1831 D HeatmapThread: !@ batteryplugType : 0
05-15 20:59:49.917  1795  1831 D HeatmapThread: !@ batteryLevel : 0  batteryTemperature : 0
05-15 20:59:49.917  1795  1831 D HeatmapThread: !@ Heatmap currtime: 29647859
05-15 20:59:49.917  1795  1831 D HeatmapThread: !@ Heatmap prevtime: 29647842
05-15 20:59:49.917  1795  1831 D HeatmapThread: !@ Heatmap plugstarttime: 35791394
05-15 20:59:49.917  1795  1831 D HeatmapThread: !@ Heatmap prevv_dsoh_update_time: 29635503
05-15 20:59:49.917  1795  1831 E HeatmapThread: !@Could not open '/efs/FactoryApp/bsoh', errno = 13
05-15 20:59:49.918  1795  1831 E HeatmapThread: !@ CAM Could not access BSOH EFS
05-15 20:59:49.918  1795  1831 E HeatmapThread: !@ CAM New BSOH: 0
05-15 20:59:49.953  1624 31626 I sensors-hal: handle_sns_client_event:540, [0][3820618] accel_sample [ 1.820,  6.486,  7.182] 741447451395384
05-15 20:59:49.967  1632 24344 I HYPER-HAL: [ResourceManager.cpp]removeResource(): [CPUMinFreq] RemoveResource Request ID : 1999022
05-15 20:59:49.967  1632 24344 I HYPER-HAL: [RequestManager.cpp]releaseLocked(): Released ID : 1999022
05-15 20:59:50.123  1977  3150 W WifiDiags: could not flush ringbuffer
05-15 20:59:50.151  1977  1977 I GestureDetector: handleMessage TAP
05-15 20:59:50.151  1977  2134 I GestureDetector: handleMessage TAP
05-15 20:59:50.211  1632 24345 I HYPER-HAL: [ResourceManager.cpp]removeResource(): [CPUMinFreq] RemoveResource Request ID : 2013050
05-15 20:59:50.211  1632 24345 I HYPER-HAL: [RequestManager.cpp]releaseLocked(): Released ID : 2013050
05-15 20:59:50.250 23357 23357 I InputMethodService: removeImeSurface
05-15 20:59:50.250 23357 23357 I InputMethodService: cancelImeSurfaceRemoval: removeCallbacks
05-15 20:59:50.363 24090 24357 D ProfileInstaller: Installing profile for es.uniovi.recetasasturianas
05-15 20:59:50.452  1977  4243 I SemDvfsHyPerManager: acquire hyper - AMS_APP_SWITCH/1977@28, type = -999
05-15 20:59:50.453  1632  1829 I HYPER-HAL: [RequestManager.cpp]acquire(): Acquired ID : 2011043  [1977 / 28]    HINT : AMS_APP_SWITCH    list :
05-15 20:59:50.453  1632  1829 I HYPER-HAL: [ResourceManager.cpp]updateResource(): [CPULittleMinFreq] UpdateResource Request ID : 2011043    Value : 1804800
05-15 20:59:50.453  1808  2995 I SurfaceFlinger: id=179508 createSurf, flag=24004, Task=2383#179508
05-15 20:59:50.454  5896  5896 I SemDvfsHyPerManager: acquire hyper - APP_START_SHORT/5896@15, type = -999
05-15 20:59:50.456  1808  2995 I SurfaceFlinger: id=179509 createSurf, flag=84004, ActivityRecord{45168115 u0 es.uniovi.recetasasturianas.test/androidx.test.core.app.InstrumentationActivityInvoker$EmptyActivity t2383}#179509
05-15 20:59:50.457  1632  1829 I HYPER-HAL: [ResourceManager.cpp]updateResource(): [CPUMinFreq] UpdateResource Request ID : 2011043    Value : 2841600
05-15 20:59:50.457  1632  1829 I HYPER-HAL: [RequestManager.cpp]acquire(): Acquired ID : 17472931  [5896 / 15]    HINT : APP_START    list : [TIMEOUT / 1500]
05-15 20:59:50.457  1632  1829 I HYPER-HAL: [ResourceManager.cpp]updateResource(): [CPUMaxFreq] UpdateResource Request ID : 17472931    Value : 2841600
05-15 20:59:50.460  1977  8796 I SemDvfsHyPerManager: acquire hyper - AMS_APP_LAUNCH/1977@21, type = -999
05-15 20:59:50.460  4301  4301 E pageboostd: Received HALT command code 2
05-15 20:59:50.461  1632  1829 I HYPER-HAL: [RequestManager.cpp]acquire(): Acquired ID : 1997022  [1977 / 21]    HINT : AMS_APP_LAUNCH    list :
05-15 20:59:50.461  1632  1829 I HYPER-HAL: [ResourceManager.cpp]updateResource(): [CPULittleMinFreq] UpdateResource Request ID : 1997022    Value : 1804800
05-15 20:59:50.461  1632  1829 I HYPER-HAL: [ResourceManager.cpp]updateResource(): [CPUMinFreq] UpdateResource Request ID : 1997022    Value : 2841600
05-15 20:59:50.461 11062 11118 D ShellDesktopMode: handleRequest: TransitionRequestInfo {type=1, tid=2383, debugId=14577}
05-15 20:59:50.461  5896  5896 I SemDvfsHyPerManager: acquire hyper - APP_START/5896@17, type = -999
05-15 20:59:50.462 11062 11138 D ViewRootImpl: desktopMode is false
05-15 20:59:50.462 11062 11138 I ViewRootImpl: dVRR is disabled
05-15 20:59:50.462 24090 24090 D LifecycleMonitor: Lifecycle status change: es.uniovi.recetasasturianas.MainActivity@8cbe52c in: PAUSED
05-15 20:59:50.462 24090 24090 V ActivityScenario: Update currentActivityStage to PAUSED, currentActivity=es.uniovi.recetasasturianas.MainActivity@8cbe52c
05-15 20:59:50.462  1632  1829 I HYPER-HAL: [RequestManager.cpp]acquire(): Acquired ID : 17484758  [5896 / 17]    HINT : APP_START    list :
05-15 20:59:50.462  1632  1829 I HYPER-HAL: [ResourceManager.cpp]updateResource(): [CPUMaxFreq] UpdateResource Request ID : 17484758    Value : 2841600
05-15 20:59:50.463 11062 11227 D NativeCustomFrequencyManager: [NativeCFMS] BpCustomFrequencyManager::BpCustomFrequencyManager()
05-15 20:59:50.465  2090  2090 I CameraService: onUidStateChanged: uid=10048, procState is changed. (0 -> 1)
05-15 20:59:50.466  1808  1808 I SurfaceFlinger: [Task=2383#179508] attach to parent LayerHierarchy{RequestedLayerState{DefaultTaskDisplayArea_d0#172934 parentId=9} 11 children}
05-15 20:59:50.466  1808  1808 I SurfaceFlinger: [ActivityRecord{45168115 u0 es.uniovi.recetasasturianas.test/androidx.test.core.app.InstrumentationActivityInvoker$EmptyActivity t2383}#179509] attach to parent LayerHierarchy{RequestedLayerState{Task=2383#179508 parentId=172934} 1 children}
05-15 20:59:50.467  4195  4401 I HoneySpace.TopTaskSource: onTaskMovedToFront : taskId = 2383, displayId = 0
