05-15 20:59:50.773 24090 24090 D VRI[MainActivity]@4972095: reportNextDraw android.view.ViewRootImpl.performTraversals:5443 android.view.ViewRootImpl.doTraversal:3924 android.view.ViewRootImpl$TraversalRunnable.run:12903 android.view.Choreographer$CallbackRecord.run:1901 android.view.Choreographer$CallbackRecord.run:1910
05-15 20:59:50.773 24090 24090 D VRI[MainActivity]@4972095: Setup new sync=wmsSync-VRI[MainActivity]@4972095#10
05-15 20:59:50.773 24090 24090 I VRI[MainActivity]@4972095: Creating new active sync group VRI[MainActivity]@4972095#11
05-15 20:59:50.773 24090 24090 D VRI[MainActivity]@4972095: registerCallbacksForSync syncBuffer=false
05-15 20:59:50.776 24267 24288 D HWUI    : CacheManager::trimMemory(20)
05-15 20:59:50.778  1808  1808 I SurfaceFlinger: [Display 0 name="Built-in Screen"#172933] setFrameRateCategory: Default
05-15 20:59:50.778  1808  1808 I SurfaceFlinger: [Display 0 name="Built-in Screen"#172933] setFrameRateCategory: High
05-15 20:59:50.778  1808  1808 I SurfaceFlinger: RequestedLayer [com.android.systemui.wallpapers.ImageWallpaper$_11062#178729] hidden!! flag  from(0) --> to(1)
05-15 20:59:50.778  1808  1808 I SurfaceFlinger: RequestedLayer [WallpaperWindowToken{43888ef showWhenLocked=false}#178727] hidden!! flag  from(0) --> to(1)
05-15 20:59:50.778  1808  1808 I SurfaceFlinger: RequestedLayer [ActivityRecord{45168115 u0 es.uniovi[...]yInvoker$EmptyActivity t2383}#179509] hidden!! flag  from(0) --> to(1)
05-15 20:59:50.778  1808  1808 I SurfaceFlinger: RequestedLayer [es.uniovi.recetasasturianas.test/and[...]yInvoker$EmptyActivity$_24267#179514] hidden!! flag  from(0) --> to(1)
05-15 20:59:50.778  1808  1808 I SurfaceFlinger: RequestedLayer [Splash Screen es.uniovi.recetasasturianas.test$_11062#179511] hidden!! flag  from(0) --> to(1)
05-15 20:59:50.778  1808  1808 I SurfaceFlinger: destroyed Transition Root: Task=2384#179533 form LifecycleManager
05-15 20:59:50.778  1808  1808 I SurfaceFlinger: [LayerHierarchy{RequestedLayerState{Surface(name=7a9d783 NavigationBar0)/@0x10e1471 - animation-leash of insets_animation#179539} no children}] reparent to OffscreenRoot
05-15 20:59:50.778  1808  1808 I SurfaceFlinger: [LayerHierarchy{RequestedLayerState{Surface(name=7a9d783 NavigationBar0)/@0x10e1471 - animation-leash of insets_animation#179539} no children}] RelativeParent to null
05-15 20:59:50.778  1808  1808 I SurfaceFlinger: [LayerHierarchy{RequestedLayerState{7a9d783 NavigationBar0#172957 parentId=179541} 1 children}] reparent to LayerHierarchy{RequestedLayerState{Surface(name=7a9d783 NavigationBar0)/@0x10e1471 - animation-leash of insets_animation#179541 parentId=172956} 1 children}
05-15 20:59:50.778  1808  1808 I SurfaceFlinger: [LayerHierarchy{RequestedLayerState{8f932e4 StatusBar#172964 parentId=179540} 1 children}] reparent to LayerHierarchy{RequestedLayerState{Surface(name=8f932e4 StatusBar)/@0xabc478a - animation-leash of insets_animation#179540 parentId=172963} 1 children}
05-15 20:59:50.778  1808  1808 I SurfaceFlinger: [LayerHierarchy{RequestedLayerState{79ff7b8 es.uniovi.recetasasturianas.test/androidx.test.core.app.InstrumentationActivityInvoker$EmptyActivity#179512 parentId=179536} 1 children}] reparent to LayerHierarchy{RequestedLayerState{Surface(name=79ff7b8 es.uniovi.recetasasturianas.test/androidx.test.core.app.InstrumentationActivityInvoker$EmptyActivity)/@0x3afecdc - animation-leash of starting_reveal#179536 parentId=179509} 1 children}
05-15 20:59:50.778  1808  1808 I SurfaceFlinger: [LayerHierarchy{RequestedLayerState{Surface(name=8f932e4 StatusBar)/@0xabc478a - animation-leash of insets_animation#179529} no children}] reparent to OffscreenRoot
05-15 20:59:50.778  1808  1808 I SurfaceFlinger: [LayerHierarchy{RequestedLayerState{Surface(name=8f932e4 StatusBar)/@0xabc478a - animation-leash of insets_animation#179529} no children}] RelativeParent to null
05-15 20:59:50.778  1808  1808 I SurfaceFlinger: [LayerHierarchy{RequestedLayerState{Surface(name=7a9d783 NavigationBar0)/@0x10e1471 - animation-leash of insets_animation#179530} no children}] reparent to OffscreenRoot
05-15 20:59:50.778  1808  1808 I SurfaceFlinger: [LayerHierarchy{RequestedLayerState{Surface(name=7a9d783 NavigationBar0)/@0x10e1471 - animation-leash of insets_animation#179530} no children}] RelativeParent to null
05-15 20:59:50.778  1808  1808 I SurfaceFlinger: [LayerHierarchy{RequestedLayerState{Surface(name=8f932e4 StatusBar)/@0xabc478a - animation-leash of insets_animation#179538} no children}] reparent to OffscreenRoot
05-15 20:59:50.778  1808  1808 I SurfaceFlinger: [LayerHierarchy{RequestedLayerState{Surface(name=8f932e4 StatusBar)/@0xabc478a - animation-leash of insets_animation#179538} no children}] RelativeParent to null
05-15 20:59:50.778  1808  1808 I SurfaceFlinger: id=179533 onLayerDestroyed from LayerHierarchyBuilder(RequestedLayerState{Transition Root: Task=2384#179533 !handle z=8})
05-15 20:59:50.779  1977  6948 I WindowManager: Relayout Window{8d257c2 u0 Splash Screen es.uniovi.recetasasturianas.test}: viewVisibility=8 req=1080x2340 ty=3 d0
05-15 20:59:50.779  1977  6948 D SurfaceComposerClient: setCornerRadius ## 45c91bb Splash Screen es.uniovi.recetasasturianas#179531 cornerRadius=0.000000
05-15 20:59:50.780  1977  6948 D SurfaceComposerClient: setCornerRadius ## 69737d6 es.uniovi.recetasasturianas/es.uniovi.recetasasturianas.MainActivity#179535 cornerRadius=0.000000
05-15 20:59:50.781  1977  6948 D SurfaceComposerClient: setCornerRadius ## 45c91bb Splash Screen es.uniovi.recetasasturianas#179531 cornerRadius=0.000000
05-15 20:59:50.781  1977  6948 D SurfaceComposerClient: setCornerRadius ## 69737d6 es.uniovi.recetasasturianas/es.uniovi.recetasasturianas.MainActivity#179535 cornerRadius=0.000000
05-15 20:59:50.782  1977  6948 I WindowManager: Relayout hash=8d257c2, pid=11062, syncId=-1: mAttrs={(0,0)(fillxfill) sim={adjust=pan} layoutInDisplayCutoutMode=always ty=APPLICATION_STARTING fmt=TRANSLUCENT
05-15 20:59:50.782  1977  6948 I WindowManager:   fl=81030118
05-15 20:59:50.782  1977  6948 I WindowManager:   pfl=10000810
05-15 20:59:50.782  1977  6948 I WindowManager:   apr=18
05-15 20:59:50.782  1977  6948 I WindowManager:   bhv=1
05-15 20:59:50.782  1977  6948 I WindowManager:   fitSides=0
05-15 20:59:50.782  1977  6948 I WindowManager:   frameRateBoostOnTouch=true
05-15 20:59:50.782  1977  6948 I WindowManager:   dvrrWindowFrameRateHint=true naviIconColor=0}
05-15 20:59:50.782  1808  1808 I Layer   : id=179533 Destroyed Transition Root: Task=2384#179533
05-15 20:59:50.782 11062 11138 I VRI[test]@d9f6a26: onActiveControlsChanged, removed=false, mAdded=true, caller=android.view.ViewRootImpl.handleInsetsControlChanged:3002 android.view.ViewRootImpl.relayoutWindow:11629 android.view.ViewRootImpl.performTraversals:4804 android.view.ViewRootImpl.doTraversal:3924 android.view.ViewRootImpl$TraversalRunnable.run:12903
05-15 20:59:50.782 11062 11138 I InsetsController: cancelAnimation: types=statusBars, animType=0, host=Splash Screen es.uniovi.recetasasturianas.test, from=android.view.InsetsController.notifyControlRevoked:2043 android.view.InsetsSourceConsumer.setControl:158 android.view.InsetsController.onControlsChanged:1207
05-15 20:59:50.783  1977  2834 I WindowManager: Relayout Window{79ff7b8 u0 es.uniovi.recetasasturianas.test/androidx.test.core.app.InstrumentationActivityInvoker$EmptyActivity}: viewVisibility=8 req=1080x2340 ty=1 d0
05-15 20:59:50.783  1977  2834 D SurfaceComposerClient: setCornerRadius ## 45c91bb Splash Screen es.uniovi.recetasasturianas#179531 cornerRadius=0.000000
05-15 20:59:50.783  1977  2834 D SurfaceComposerClient: setCornerRadius ## 69737d6 es.uniovi.recetasasturianas/es.uniovi.recetasasturianas.MainActivity#179535 cornerRadius=0.000000
05-15 20:59:50.783  1977  2834 D SurfaceComposerClient: setCornerRadius ## 45c91bb Splash Screen es.uniovi.recetasasturianas#179531 cornerRadius=0.000000
05-15 20:59:50.783  1977  2834 D SurfaceComposerClient: setCornerRadius ## 69737d6 es.uniovi.recetasasturianas/es.uniovi.recetasasturianas.MainActivity#179535 cornerRadius=0.000000
05-15 20:59:50.784 11062 11138 I VRI[test]@d9f6a26: Relayout returned: old=(0,0,1080,2340) new=(0,0,1080,2340) relayoutAsync=false req=(1080,2340)8 dur=24 res=0x2 s={false 0x0} ch=true seqId=0
05-15 20:59:50.784 11062 11138 D VRI[test]@d9f6a26: Not drawing due to not visible. Reason=View.GONE
05-15 20:59:50.784 11062 11138 W WindowOnBackDispatcher: sendCancelIfRunning: isInProgress=false callback=android.view.ViewRootImpl$$ExternalSyntheticLambda16@48802b2
05-15 20:59:50.784 24090 24175 D VRI[MainActivity]@4972095: Received frameDrawingCallback syncResult=0 frameNum=1.
05-15 20:59:50.784 24090 24175 I VRI[MainActivity]@4972095: mWNT: t=0xb400007df8e19c50 mBlastBufferQueue=0xb400007e28d725d0 fn= 1 HdrRenderState mRenderHdrSdrRatio=1.0 caller= android.view.ViewRootImpl$12.onFrameDraw:15441 android.view.ThreadedRenderer$1.onFrameDraw:718 <bottom of call stack>
05-15 20:59:50.784 24090 24175 I VRI[MainActivity]@4972095: Setting up sync and frameCommitCallback
05-15 20:59:50.784  1808  2497 I SurfaceFlinger: id=179538 Removed Surface(name=8f932e4 StatusBar)/@0xabc478a - animation-leash of insets_animation#179538 (170)
05-15 20:59:50.784  1808  2497 I SurfaceFlinger: id=179530 Removed Surface(name=7a9d783 NavigationBar0)/@0x10e1471 - animation-leash of insets_animation#179530 (170)
05-15 20:59:50.784  1808  2497 I SurfaceFlinger: id=179539 Removed Surface(name=7a9d783 NavigationBar0)/@0x10e1471 - animation-leash of insets_animation#179539 (170)
05-15 20:59:50.786 12633 21222 I Routine@Core[4.9.04.16]: ActivityWatcherListenerImpl: onResumeComponent: componentName - es.uniovi.recetasasturianas, es.uniovi.recetasasturianas.MainActivity, userId: 0
05-15 20:59:50.786  1808  1808 D SurfaceFlinger: Display 4630947232161729154 HWC layers:
05-15 20:59:50.786  1808  1808 D SurfaceFlinger:        DEVICE |           47510928231510 | 00002100 | RGBA_8888    |    0.0    0.0 1080.0 2340.0 |    0    0 1080 2340 | Splash Screen es.uniovi.recetasasturianas$_11062#179532 (1)
05-15 20:59:50.786  1808  1808 D SurfaceFlinger:        DEVICE |           47510928230647 | 00002100 | RGBA_8888    |    0.0    0.0 1080.0   99.0 |    0    0 1080   99 | StatusBar$_11062#172976 (4138)
05-15 20:59:50.786  1808  1808 D SurfaceFlinger:        DEVICE |           47510928230672 | 00002100 | RGBA_8888    |    0.0    0.0 1080.0  144.0 |    0 2196 1080 2340 | NavigationBar0$_11062#172972 (357)
05-15 20:59:50.786  1808  1808 D SurfaceFlinger:        DEVICE |           27157078223661 | 00002100 | RGBA_8888    |    0.0   13.0  290.0  158.0 |  395    0  685  145 | $_6323#154529 (967)
05-15 20:59:50.786  1808  1808 D SurfaceFlinger:        DEVICE |           27157078223656 | 00002100 | RGBA_8888    |    0.0    0.0 1080.0  115.0 |    0    0 1080  115 | $_6323#177506 (652)
05-15 20:59:50.786  1808  1808 D SurfaceFlinger:        DEVICE |           47510928230638 | 00002140 | RGBA_8888    |    0.0    0.0 1080.0  121.0 |    0    0 1080  121 | ScreenDecorOverlay$_11062#172986 (67)
05-15 20:59:50.786  1808  1808 D SurfaceFlinger:        DEVICE |           47510928230639 | 00002140 |
05-15 20:59:50.786 11062 11138 I VRI[test]@d9f6a26: dispatchDetachedFromWindow
05-15 20:59:50.786  1808  1808 D SurfaceFlinger:  RGBA_8888    |    0.0    0.0 1080.0  121.0 |    0 2219 1080 2340 | ScreenDecorOverlayBottom$_11062#172987 (60)
05-15 20:59:50.786  1808  1808 D SurfaceFlinger:
05-15 20:59:50.787 12633 21222 I Routine@Core[4.9.04.16]: Pref: putSharedPrefsData: key=condition_launch_app_data_resume_pkg, data.size=70
05-15 20:59:50.788  1977  2834 I WindowManager: Relayout hash=79ff7b8, pid=24267, syncId=-1: mAttrs={(0,0)(fillxfill) sim={adjust=pan forwardNavigation} layoutInDisplayCutoutMode=always ty=BASE_APPLICATION
05-15 20:59:50.788  1977  2834 I WindowManager:   fl=81810100
05-15 20:59:50.788  1977  2834 I WindowManager:   pfl=100088c0
05-15 20:59:50.788  1977  2834 I WindowManager:   bhv=1
05-15 20:59:50.788  1977  2834 I WindowManager:   fitSides=0
05-15 20:59:50.788  1977  2834 I WindowManager:   frameRateBoostOnTouch=true
05-15 20:59:50.788  1977  2834 I WindowManager:   dvrrWindowFrameRateHint=true naviIconColor=0}
05-15 20:59:50.790 24090 24155 I BLASTBufferQueue: [VRI[MainActivity]@4972095#4](f:0,a:0,s:0) onFrameAvailable the first frame is available
05-15 20:59:50.790 24090 24155 I SurfaceComposerClient: apply transaction with the first frame. layerId: 179537, bufferData(ID: 103465762160658, frameNumber: 1)
05-15 20:59:50.791 24090 24155 I VRI[MainActivity]@4972095: Received frameCommittedCallback lastAttemptedDrawFrameNum=1 didProduceBuffer=true
05-15 20:59:50.791  1808  2995 I SurfaceFlinger: [es.uniovi.recetasasturianas/es.uniovi.recetasasturianas.MainActivity$_24090#179537] setTransactionState with the first frame. bufferData(ID: 103465762160658, frameNumber: 1)
05-15 20:59:50.791 24090 24155 D HWUI    : CFMS:: SetUp Pid : 24090    Tid : 24155
05-15 20:59:50.791 24090 24090 D VRI[MainActivity]@4972095: reportDrawFinished seqId=0
05-15 20:59:50.791 24090 24155 D HWUI    : HWUI - treat SMPTE_170M as sRGB
05-15 20:59:50.791 24090 24090 D RecipeListViewModel: Dataset recibido: 78 recetas
05-15 20:59:50.791  1808  1808 I SurfaceFlinger: destroyed Surface(name=7a9d783 NavigationBar0)/@0x10e1471 - animation-leash of insets_animation#179539 form LifecycleManager
05-15 20:59:50.792  1808  1808 I SurfaceFlinger: destroyed Surface(name=8f932e4 StatusBar)/@0xabc478a - animation-leash of insets_animation#179538 form LifecycleManager
05-15 20:59:50.792  1808  1808 I SurfaceFlinger: destroyed Surface(name=7a9d783 NavigationBar0)/@0x10e1471 - animation-leash of insets_animation#179530 form LifecycleManager
05-15 20:59:50.792  1808  1808 I SurfaceFlinger: id=179539 onLayerDestroyed from LayerHierarchyBuilder(RequestedLayerState{Surface(name=7a9d783 NavigationBar0)/@0x10e1471 - animation-leash of insets_animation#179539 !handle})
05-15 20:59:50.792  1977  2142 D SurfaceComposerClient: setCornerRadius ## 45c91bb Splash Screen es.uniovi.recetasasturianas#179531 cornerRadius=0.000000
05-15 20:59:50.792  1808  1808 I SurfaceFlinger: id=179538 onLayerDestroyed from LayerHierarchyBuilder(RequestedLayerState{Surface(name=8f932e4 StatusBar)/@0xabc478a - animation-leash of insets_animation#179538 !handle})
05-15 20:59:50.792  1808  1808 I SurfaceFlinger: id=179530 onLayerDestroyed from LayerHierarchyBuilder(RequestedLayerState{Surface(name=7a9d783 NavigationBar0)/@0x10e1471 - animation-leash of insets_animation#179530 !handle})
05-15 20:59:50.792  1977  2142 D SurfaceComposerClient: setCornerRadius ## 69737d6 es.uniovi.recetasasturianas/es.uniovi.recetasasturianas.MainActivity#179535 cornerRadius=0.000000
05-15 20:59:50.792  1977  2142 D SurfaceComposerClient: setCornerRadius ## 45c91bb Splash Screen es.uniovi.recetasasturianas#179531 cornerRadius=0.000000
05-15 20:59:50.792 24090 24090 D RecipeListViewModel: loadRecipes() finalizado
05-15 20:59:50.793  1808  2995 I SurfaceFlinger: id=179542 createSurf, flag=24000, Surface(name=69737d6 es.uniovi.recetasasturianas/es.uniovi.recetasasturianas.MainActivity)/@0x12f5936 - animation-leash of starting_reveal#179542
05-15 20:59:50.794  1808  1808 I Layer   : id=179539 Destroyed Surface(name=7a9d783 NavigationBar0)/@0x10e1471 - animation-leash of insets_animation#179539
05-15 20:59:50.794  1808  1808 I Layer   : id=179538 Destroyed Surface(name=8f932e4 StatusBar)/@0xabc478a - animation-leash of insets_animation#179538
05-15 20:59:50.794  1808  1808 I Layer   : id=179530 Destroyed Surface(name=7a9d783 NavigationBar0)/@0x10e1471 - animation-leash of insets_animation#179530
05-15 20:59:50.795  1808  1808 I SurfaceFlinger: id=179529 Removed Surface(name=8f932e4 StatusBar)/@0xabc478a - animation-leash of insets_animation#179529 (168)
05-15 20:59:50.798  1977  2142 D SurfaceComposerClient: setCornerRadius ## 69737d6 es.uniovi.recetasasturianas/es.uniovi.recetasasturianas.MainActivity#179535 cornerRadius=0.000000
05-15 20:59:50.798  1977  2142 D SurfaceComposerClient: setCornerRadius ## 45c91bb Splash Screen es.uniovi.recetasasturianas#179531 cornerRadius=0.000000
05-15 20:59:50.798  1977  2142 D SurfaceComposerClient: setCornerRadius ## 69737d6 es.uniovi.recetasasturianas/es.uniovi.recetasasturianas.MainActivity#179535 cornerRadius=0.000000
05-15 20:59:50.798  1808  1951 D SurfaceFlinger: [input] setFocusedWindow: 69737d6 es.uniovi.recetasasturianas/es.uniovi.recetasasturianas.MainActivity
05-15 20:59:50.798  1977  2142 D SurfaceComposerClient: setCornerRadius ## 45c91bb Splash Screen es.uniovi.recetasasturianas#179531 cornerRadius=0.000000
05-15 20:59:50.798  1977  2142 D SurfaceComposerClient: setCornerRadius ## 69737d6 es.uniovi.recetasasturianas/es.uniovi.recetasasturianas.MainActivity#179535 cornerRadius=0.000000
05-15 20:59:50.798  1977  6943 D InputDispatcher: Once focus requested (0): 69737d6 es.uniovi.recetasasturianas/es.uniovi.recetasasturianas.MainActivity
05-15 20:59:50.798  1977  6943 D InputDispatcher: Focus request (0): 69737d6 es.uniovi.recetasasturianas/es.uniovi.recetasasturianas.MainActivity but waiting because NO_WINDOW
05-15 20:59:50.799 11062 11118 D ShellTaskOrganizer: removeStartingWindow, removalInfo=StartingWindowRemovalInfo{taskId=2384 frame=Rect(0, 0 - 1080, 2340) playRevealAnimation=true roundedCornerRadius=0.0 deferRemoveMode=0 windowlessSurface=false removeImmediately=false}
05-15 20:59:50.799 24090 24090 D ConnectivityManager: StackLog: [android.net.ConnectivityManager.sendRequestForNetwork(ConnectivityManager.java:4740)] [android.net.ConnectivityManager.registerDefaultNetworkCallbackForUid(ConnectivityManager.java:5465)] [android.net.ConnectivityManager.registerDefaultNetworkCallback(ConnectivityManager.java:5432)] [android.net.ConnectivityManager.registerDefaultNetworkCallback(ConnectivityManager.java:5406)] [com.bumptech.glide.manager.SingletonConnectivityReceiver$FrameworkConnectivityMonitorPostApi24.register(SingletonConnectivityReceiver.java:191)] [com.bumptech.glide.manager.SingletonConnectivityReceiver.maybeRegisterReceiver(SingletonConnectivityReceiver.java:113)] [com.bumptech.glide.manager.SingletonConnectivityReceiver.register(SingletonConnectivityReceiver.java:94)] [com.bumptech.glide.manager.DefaultConnectivityMonitor.register(DefaultConnectivityMonitor.java:25)] [com.bumptech.glide.manager.DefaultConnectivityMonitor.onStart(DefaultConnectivityMonitor.java:34)] [com.bumptech.glide.manager.LifecycleLifecycle.addListener(LifecycleLifecycle.java:54)] [com.bumptech.glide.RequestManager.<init>(RequestManager.java:147)] [com.bumptech.glide.RequestManager.<init>(RequestManager.java:105)] [com.bumptech.glide.manager.RequestManagerRetriever$1.build(RequestManagerRetriever.java:292)] [com.bumptech.glide.manager.LifecycleRequestManagerRetriever.getOrCreate(LifecycleRequestManagerRetriever.java:43)] [com.bumptech.glide.manager.RequestManagerRetriever.get(RequestManagerRetriever.java:114)] [com.bumptech.glide.manager.RequestManagerRetriever.get(RequestManagerRetriever.java:92)] [com.bumptech.glide.Glide.with(Glide.java:545)] [es.uniovi.recetasasturianas.ui.list.RecipeAdapter$RecipeViewHolder.bind(RecipeAdapter.kt:126)] [es.uniovi.recetasasturianas.ui.list.RecipeAdapter.onBindViewHolder(RecipeAdapter.kt:76)] [es.uniovi.recetasasturianas.ui.list.RecipeAdapter.onBindViewHolder(RecipeAdapter.kt:27)] [androidx.recyclerview.widget.RecyclerView$Adapter.onBindViewHolder(RecyclerView.java:7065)] [androidx.recyclerview.widget.RecyclerView$Adapter.bindViewHolder(RecyclerView.java:7107)] [androidx.recyclerview.widget.RecyclerView$Recycler.tryBindViewHolderByDeadline(RecyclerView.java:6012)] [androidx.recyclerview.widget.RecyclerView$Recycler.tryGetViewHolderForPositionByDeadline(RecyclerView.java:6279)] [androidx.recyclerview.widget.RecyclerView$Recycler.getViewForPosition(RecyclerView.java:6118)] [androidx.recyclerview.widget.RecyclerView$Recycler.getViewForPosition(RecyclerView.java:6114)] [androidx.recyclerview.widget.LinearLayoutManager$LayoutState.next(LinearLayoutManager.java:2303)] [androidx.recyclerview.widget.LinearLayoutManager.layoutChunk(LinearLayoutManager.java:1627)] [androidx.recyclerview.widget.LinearLayoutManager.fill(LinearLayoutManager.java:1587)] [androidx.recyclerview.widget.LinearLayoutManager.onLayoutChildren(LinearLayoutManager.java:665)] [androidx.recyclerview.widget.RecyclerView.dispatchLayoutStep2(RecyclerView.java:4134)] [androidx.recyclerview.widget.RecyclerView.dispatchLayout(RecyclerView.java:3851)] [androidx.recyclerview.widget.RecyclerView.consumePendingUpdateOperations(RecyclerView.java:1897)] [androidx.recyclerview.widget.RecyclerView$1.run(RecyclerView.java:414)] [android.view.Choreographer$CallbackRecord.run(Choreographer.java:1901)] [android.view.Choreographer$CallbackRecord.run(Choreographer.java:1910)] [android.view.Choreographer.doCallbacks(Choreographer.java:1367)] [android.view.Choreographer.doFrame(Choreographer.java:1282)] [android.view.Choreographer$FrameDisplayEventReceiver.run(Choreographer.java:1870)]
05-15 20:59:50.799  1808  1808 I SurfaceFlinger: destroyed Surface(name=8f932e4 StatusBar)/@0xabc478a - animation-leash of insets_animation#179529 form LifecycleManager
05-15 20:59:50.799  1808  1808 I SurfaceFlinger: [Surface(name=69737d6 es.uniovi.recetasasturianas/es.uniovi.recetasasturianas.MainActivity)/@0x12f5936 - animation-leash of starting_reveal#179542] attach to parent LayerHierarchy{RequestedLayerState{ActivityRecord{43990721 u0 es.uniovi.recetasasturianas/.MainActivity t2384}#179528 parentId=179527} 4 children}
05-15 20:59:50.799  1808  1808 I SurfaceFlinger: id=179529 onLayerDestroyed from LayerHierarchyBuilder(RequestedLayerState{Surface(name=8f932e4 StatusBar)/@0xabc478a - animation-leash of insets_animation#179529 !handle})
05-15 20:59:50.800  1977  8796 D ConnectivityService: requestNetwork for uid/pid:10625/24090 activeRequest: null callbackRequest: 58600 [NetworkRequest [ REQUEST id=58601, [ Capabilities: INTERNET&NOT_RESTRICTED&TRUSTED&NOT_VCN_MANAGED&NOT_BANDWIDTH_CONSTRAINED Uid: 10625 RequestorUid: 10625 RequestorPkg: es.uniovi.recetasasturianas UnderlyingNetworks: Null] ]] callback flags: 0 order: 2147483647 isUidTracked: false declaredMethods: AVAIL|LOST
05-15 20:59:50.800 24267 24267 I VRI[InstrumentationActivityInvoker$EmptyActivity]@89a0672: Relayout returned: old=(0,0,1080,2340) new=(0,0,1080,2340) relayoutAsync=false req=(1080,2340)8 dur=20 res=0x2 s={false 0x0} ch=true seqId=0
05-15 20:59:50.801 24267 24267 D VRI[InstrumentationActivityInvoker$EmptyActivity]@89a0672: Not drawing due to not visible. Reason=!mAppVisible && !mForceDecorViewVisibility
05-15 20:59:50.801  1977  2128 I PkgPredictorService-SecIpmManagerServiceImpl: reportToNAP uid:10625 es.uniovi.recetasasturianas/es.uniovi.recetasasturianas.MainActivity thisTime:175
05-15 20:59:50.801  1977  2128 D PkgPredictorService-SecIpmManagerServiceImpl: reportToNAP: mHeavyLaunchCounter is false
05-15 20:59:50.801  1808  1808 I Layer   : id=179529 Destroyed Surface(name=8f932e4 StatusBar)/@0xabc478a - animation-leash of insets_animation#179529
05-15 20:59:50.801 24090 24090 I MaterialCardView: Setting a custom background is not supported.
05-15 20:59:50.802  1977  3160 D ConnectivityService:    accepting network in place of null for NetworkRequest [ REQUEST id=58601, [ Capabilities: INTERNET&NOT_RESTRICTED&TRUSTED&NOT_VCN_MANAGED&NOT_BANDWIDTH_CONSTRAINED Uid: 10625 RequestorUid: 10625 RequestorPkg: es.uniovi.recetasasturianas UnderlyingNetworks: Null] ]
05-15 20:59:50.805  1977  3160 D ConnectivityService: Rematched networks [computed 1ms] [applied 0ms] [issued 3]
05-15 20:59:50.805  1977  3160 D ConnectivityService: NetworkReassignment :
05-15 20:59:50.805  1977  3160 D ConnectivityService:   58601 : null → 2805
05-15 20:59:50.808  1808  1808 I SurfaceFlinger: RequestedLayer [es.uniovi.recetasasturianas/es.uniov[...]sturianas.MainActivity$_24090#179537] hidden!! flag  from(1) --> to(0)
05-15 20:59:50.808  1808  1808 I SurfaceFlinger: [LayerHierarchy{RequestedLayerState{69737d6 es.uniovi.recetasasturianas/es.uniovi.recetasasturianas.MainActivity#179535 parentId=179542} 1 children}] reparent to LayerHierarchy{RequestedLayerState{Surface(name=69737d6 es.uniovi.recetasasturianas/es.uniovi.recetasasturianas.MainActivity)/@0x12f5936 - animation-leash of starting_reveal#179542 parentId=179528} 1 children}
05-15 20:59:50.808  1977  2128 I ActivityTaskManager: Displayed es.uniovi.recetasasturianas/.MainActivity for user 0: +175ms
05-15 20:59:50.808 24090 24090 I MaterialCardView: Setting a custom background is not supported.
05-15 20:59:50.809  4301  4301 E pageboostd: Received HALT command code 2
05-15 20:59:50.809 11062 11062 D SystemUIService: SYSUI_RAM_OPTIMIZATION onTrimMemory=20
05-15 20:59:50.809 11062 11062 D CentralSurfaces: SYSUI_RAM_OPTIMIZATION onTrimMemory=20
05-15 20:59:50.810 11062 11227 D HWUI    : CacheManager::trimMemory(20)
05-15 20:59:50.810  4195 23187 I HoneySpace.RecentTasks: onRecentTasksChanged
05-15 20:59:50.813 24364 24380 E ashmem  : Pinning is deprecated since Android Q. Please use trim or other methods.
05-15 20:59:50.814  1808  1808 D SurfaceFlinger: Display 4630947232161729154 HWC layers:
05-15 20:59:50.814  1808  1808 D SurfaceFlinger:        DEVICE |          103465762160658 | 00002102 | RGBA_8888    |    0.0    0.0 1080.0 2340.0 |    0    0 1080 2340 | es.uniovi.recetasasturianas/es.uniov[...]sturianas.MainActivity$_24090#179537 (1)
05-15 20:59:50.814  1808  1808 D SurfaceFlinger:        DEVICE |           47510928231510 | 00002100 | RGBA_8888    |    0.0    0.0 1080.0 2340.0 |    0    0 1080 2340 | Splash Screen es.uniovi.recetasasturianas$_11062#179532 (1)
05-15 20:59:50.814  1808  1808 D SurfaceFlinger:        DEVICE |           47510928230647 | 00002100 | RGBA_8888    |    0.0    0.0 1080.0   99.0 |    0    0 1080   99 | StatusBar$_11062#172976 (4138)
05-15 20:59:50.814  1808  1808 D SurfaceFlinger:        DEVICE |           47510928230672 | 00002100 | RGBA_8888    |    0.0    0.0 1080.0  144.0 |    0 2196 1080 2340 | NavigationBar0$_11062#172972 (357)
05-15 20:59:50.814  1808  1808 D SurfaceFlinger:        DEVICE |           27157078223661 | 00002100 | RGBA_8888    |    0.0   13.0  290.0  158.0 |  395    0  685  145 | $_6323#154529 (967)
05-15 20:59:50.814  1808  1808 D SurfaceFlinger:        DEVICE |           27157078223656 | 00002100 | RGBA_8888    |    0.0    0.0 1080.0  115.0 |    0    0 1080  115 | $_6323#177506 (652)
05-15 20:59:50.814  1808  1808 D SurfaceFlinger:        DE
05-15 20:59:50.814  1808  1808 D SurfaceFlinger: VICE |           47510928230638 | 00002140 | RGBA_8888    |    0.0    0.0 1080.0  121.0 |    0    0 1080  121 | ScreenDecorOverlay$_11062#172986 (67)
05-15 20:59:50.814  1808  1808 D SurfaceFlinger:        DEVICE |           47510928230639 | 00002140 | RGBA_8888    |    0.0    0.0 1080.0  121.0 |    0 2219 1080 2340 | ScreenDecorOverlayBottom$_11062#172987 (60)
05-15 20:59:50.814  1808  1808 D SurfaceFlinger:
05-15 20:59:50.815  1977  6941 D InputTransport: Input channel destroyed: '8d257c2', fd=1030
05-15 20:59:50.816  1977  6941 D SurfaceComposerClient: setCornerRadius ## 45c91bb Splash Screen es.uniovi.recetasasturianas#179531 cornerRadius=0.000000
05-15 20:59:50.816  1977  6941 D SurfaceComposerClient: setCornerRadius ## 69737d6 es.uniovi.recetasasturianas/es.uniovi.recetasasturianas.MainActivity#179535 cornerRadius=0.000000
05-15 20:59:50.816  1977  6941 D SurfaceComposerClient: setCornerRadius ## 45c91bb Splash Screen es.uniovi.recetasasturianas#179531 cornerRadius=0.000000
05-15 20:59:50.816  1977  6941 D SurfaceComposerClient: setCornerRadius ## 69737d6 es.uniovi.recetasasturianas/es.uniovi.recetasasturianas.MainActivity#179535 cornerRadius=0.000000
05-15 20:59:50.816  1977  3573 D InputDispatcher: Focus entered window (0): 69737d6 es.uniovi.recetasasturianas/es.uniovi.recetasasturianas.MainActivity
05-15 20:59:50.816 11062 11138 D InputTransport: Input channel destroyed: '8d257c2', fd=446
05-15 20:59:50.817 11062 11138 I VRI[test]@d9f6a26: onActiveControlsChanged, removed=true, mAdded=false, caller=android.view.ViewRootImpl.handleInsetsControlChanged:3002 android.view.ViewRootImpl$ViewRootHandler.handleMessageImpl:8352 android.view.ViewRootImpl$ViewRootHandler.handleMessage:8301 android.os.Handler.dispatchMessage:110 android.os.Looper.loopOnce:273
05-15 20:59:50.817 11062 11138 I InsetsController: onStateChanged: host=Splash Screen es.uniovi.recetasasturianas, from=android.view.ViewRootImpl.onInsetsStateChanged:3026, state=InsetsState: {mDisplayFrame=Rect(0, 0 - 1080, 2340), mDisplayCutout=DisplayCutout{insets=Rect(0, 99 - 0, 0) waterfall=Insets{left=0, top=0, right=0, bottom=0} boundingRect={Bounds=[Rect(0, 0 - 0, 0), Rect(505, 0 - 575, 99), Rect(0, 0 - 0, 0), Rect(0, 0 - 0, 0)]} cutoutPathParserInfo={CutoutPathParserInfo{displayWidth=1080 displayHeight=2340 physicalDisplayWidth=1080 physicalDisplayHeight=2340 density={3.0} cutoutSpec={M 0,0 M 0,29 a 35,35 0 1,0 0,70 a 35,35 0 1,0 0,-70 Z} rotation={0} scale={1.0} physicalPixelDisplaySizeRatio={1.0}}} sideOverrides={}}, mRoundedCorners=RoundedCorners{[RoundedCorner{position=TopLeft, radius=108, center=Point(108, 108)}, RoundedCorner{position=TopRight, radius=108, center=Point(972, 108)}, RoundedCorner{position=BottomRight, radius=108, center=Point(972, 2232)}, RoundedCorner{position=BottomLeft, radius=108, center=Point(108, 2232)}]}  mRoundedCornerFrame=Rect(0, 0 - 1080, 2340), mPrivacyIndicatorBounds=PrivacyIndicatorBounds {static bounds=Rect(948, 0 - 1080, 99) rotation=0}, mDisplayShape=DisplayShape{ spec=-311912193 displayWidth=1080 displayHeight=2340 physicalPixelDisplaySizeRatio=1.0 rotation=0 offsetX=0 offsetY=0 scale=1.0}, mSources= { InsetsSource: {b73a0001 mType=navigationBars mFrame=[0,0][0,0] mVisible=true mFlags=SUPPRESS_SCRIM mSideHint=NONE mBoundingRects=null}, InsetsSource: {b73a0004 mType=systemGestures mFrame=[0,0][90,2340] mVisible=true mFlags= mSideHint=LEFT mBoundingRects=null}, InsetsSource: {b73a0005 mType=mandatorySystemGestures mFrame=[0,2265][1080,2340] mVisible=true mFlags= mSideHint=BOTTOM mBoundingRects=null}, InsetsSource: {b73a0006 mType=tappableElement mFrame=[0,0][0,0] mVisible=true mFlags= mSideHint=NONE mBoundingRects=null}, InsetsSource: {b73a0024 mType=systemGestures mFrame=[990,0][1080,2340] mVisible=true mFlags= mSideHint=RIGHT mBoundingRects=null}, InsetsSource: {3 mType=ime mFrame=[0,0][0,0] mVisible=false mFlags= mSideHint=NONE mBoundingRects=null}, InsetsSource: {27 mType=displayCutout mFrame=[0,0][1080,99] mVisible=true mFlags= mSideHint=TOP mBoundingRects=null}, InsetsSource: {9260000 mType=statusBars mFrame=[0,0][1080,99] mVisible=true mFlags= mSideHint=TOP mBoundingRects=null}, InsetsSource: {9260005 mType=mandatorySystemGestures mFrame=[0,0][1080,135] mVisible=true mFlags= mSideHint=TOP mBoundingRects=null}, InsetsSource: {9260006 mType=tappableElement mFrame=[0,0][1080,99] mVisible=true mFlags= mSideHint=TOP mBoundingRects=null} }
05-15 20:59:50.817 11062 11138 I VRI[recetasasturianas]@67d3d37: onActiveControlsChanged, removed=false, mAdded=true, caller=android.view.ViewRootImpl.handleInsetsControlChanged:3002 android.view.ViewRootImpl$ViewRootHandler.handleMessageImpl:8352 android.view.ViewRootImpl$ViewRootHandler.handleMessage:8301 android.os.Handler.dispatchMessage:110 android.os.Looper.loopOnce:273
05-15 20:59:50.824 24090 24090 I InsetsSourceConsumer: applyRequestedVisibilityToControl: visible=true, type=statusBars, host=es.uniovi.recetasasturianas/es.uniovi.recetasasturianas.MainActivity
05-15 20:59:50.824 24090 24090 I InsetsSourceConsumer: applyRequestedVisibilityToControl: visible=true, type=navigationBars, host=es.uniovi.recetasasturianas/es.uniovi.recetasasturianas.MainActivity
05-15 20:59:50.825 11062 11062 D SystemUIService: SYSUI_RAM_OPTIMIZATION onTrimMemory=20
05-15 20:59:50.825 11062 11062 D CentralSurfaces: SYSUI_RAM_OPTIMIZATION onTrimMemory=20
05-15 20:59:50.825  1808  1808 I SurfaceFlinger: [LayerHierarchy{RequestedLayerState{8d257c2 Splash Screen es.uniovi.recetasasturianas.test#179510 z=2147483647} 1 children}] reparent to OffscreenRoot
05-15 20:59:50.825  1808  1808 I SurfaceFlinger: [LayerHierarchy{RequestedLayerState{8d257c2 Splash Screen es.uniovi.recetasasturianas.test#179510 z=2147483647} 1 children}] RelativeParent to null
05-15 20:59:50.825  1808  1808 I SurfaceFlinger: [LayerHierarchy{RequestedLayerState{Splash Screen es.uniovi.recetasasturianas.test$_11062#179511} no children}] reparent to OffscreenRoot
05-15 20:59:50.825  1808  1808 I SurfaceFlinger: [LayerHierarchy{RequestedLayerState{Splash Screen es.uniovi.recetasasturianas.test$_11062#179511} no children}] RelativeParent to null
05-15 20:59:50.825  1808  1808 I SurfaceFlinger: [LayerHierarchy{RequestedLayerState{79ff7b8 es.uniovi.recetasasturianas.test/androidx.test.core.app.InstrumentationActivityInvoker$EmptyActivity#179512 parentId=179509} 1 children}] reparent to LayerHierarchy{RequestedLayerState{ActivityRecord{45168115 u0 es.uniovi.recetasasturianas.test/androidx.test.core.app.InstrumentationActivityInvoker$EmptyActivity t2383}#179509 parentId=179508} 3 children}
05-15 20:59:50.825  1808  1808 I SurfaceFlinger: [LayerHierarchy{RequestedLayerState{Surface(name=79ff7b8 es.uniovi.recetasasturianas.test/androidx.test.core.app.InstrumentationActivityInvoker$EmptyActivity)/@0x3afecdc - animation-leash of starting_reveal#179536} no children}] reparent to OffscreenRoot
05-15 20:59:50.825  1808  1808 I SurfaceFlinger: [LayerHierarchy{RequestedLayerState{Surface(name=79ff7b8 es.uniovi.recetasasturianas.test/androidx.test.core.app.InstrumentationActivityInvoker$EmptyActivity)/@0x3afecdc - animation-leash of starting_reveal#179536} no children}] RelativeParent to null
05-15 20:59:50.825 11062 11227 D HWUI    : CacheManager::trimMemory(20)
05-15 20:59:50.827  1808  1808 I SurfaceFlinger: id=179511 Removed Splash Screen es.uniovi.recetasasturianas.test$_11062#179511 (167)
05-15 20:59:50.827  1808  1808 I SurfaceFlinger: id=179510 Removed 8d257c2 Splash Screen es.uniovi.recetasasturianas.test#179510 (167)
05-15 20:59:50.828  1977  3573 I WindowManager: Relayout Window{45c91bb u0 Splash Screen es.uniovi.recetasasturianas}: viewVisibility=8 req=1080x2340 ty=3 d0
05-15 20:59:50.828  1977  3573 D SurfaceComposerClient: setCornerRadius ## 69737d6 es.uniovi.recetasasturianas/es.uniovi.recetasasturianas.MainActivity#179535 cornerRadius=0.000000
05-15 20:59:50.829  1977  3573 D SurfaceComposerClient: setCornerRadius ## 45c91bb Splash Screen es.uniovi.recetasasturianas#179531 cornerRadius=0.000000
05-15 20:59:50.829  1977  3573 D SurfaceComposerClient: setCornerRadius ## 69737d6 es.uniovi.recetasasturianas/es.uniovi.recetasasturianas.MainActivity#179535 cornerRadius=0.000000
05-15 20:59:50.829  1977  3573 I WindowManager: Relayout hash=45c91bb, pid=11062, syncId=-1: mAttrs={(0,0)(fillxfill) sim={adjust=pan} layoutInDisplayCutoutMode=always ty=APPLICATION_STARTING fmt=TRANSLUCENT wanim=0x1030317
05-15 20:59:50.829  1977  3573 I WindowManager:   fl=81030118
05-15 20:59:50.829  1977  3573 I WindowManager:   pfl=10000810
05-15 20:59:50.829  1977  3573 I WindowManager:   bhv=1
05-15 20:59:50.829  1977  3573 I WindowManager:   fitSides=0
05-15 20:59:50.829  1977  3573 I WindowManager:   frameRateBoostOnTouch=true
05-15 20:59:50.829  1977  3573 I WindowManager:   dvrrWindowFrameRateHint=true naviIconColor=0}
05-15 20:59:50.830 11062 11138 I VRI[recetasasturianas]@67d3d37: onActiveControlsChanged, removed=false, mAdded=true, caller=android.view.ViewRootImpl.handleInsetsControlChanged:3002 android.view.ViewRootImpl.relayoutWindow:11629 android.view.ViewRootImpl.performTraversals:4804 android.view.ViewRootImpl.doTraversal:3924 android.view.ViewRootImpl$TraversalRunnable.run:12903
05-15 20:59:50.830 11062 11138 I VRI[recetasasturianas]@67d3d37: Relayout returned: old=(0,0,1080,2340) new=(0,0,1080,2340) relayoutAsync=false req=(1080,2340)8 dur=2 res=0x2 s={false 0x0} ch=true seqId=0
05-15 20:59:50.830 11062 11138 D VRI[recetasasturianas]@67d3d37: Not drawing due to not visible. Reason=View.GONE
05-15 20:59:50.831 11062 11138 W WindowOnBackDispatcher: sendCancelIfRunning: isInProgress=false callback=android.view.ViewRootImpl$$ExternalSyntheticLambda16@75e75d3
05-15 20:59:50.831 24090 24090 D VRI[MainActivity]@4972095: mThreadedRenderer.initializeIfNeeded()#2 mSurface={isValid=true 0xb400007de8dfefc0}
05-15 20:59:50.831 11062 11138 I VRI[recetasasturianas]@67d3d37: dispatchDetachedFromWindow
05-15 20:59:50.832 24090 24090 D InputMethodManagerUtils: startInputInner - Id : 0
05-15 20:59:50.832 24090 24090 I InputMethodManager: startInputInner - IInputMethodManagerGlobalInvoker.startInputOrWindowGainedFocus
05-15 20:59:50.832  1977  6950 I SemDvfsHyPerManager: acquire hyper - AMS_RESUME_TAIL/1977@22, type = -999
05-15 20:59:50.832  1977  6950 I SemDvfsHyPerManager: acquire hyper - AMS_ACT_LAZY/1977@23, type = -999
05-15 20:59:50.832  1632  1829 I HYPER-HAL: [RequestManager.cpp]acquire(): Acquired ID : 1999022  [1977 / 22]    HINT : AMS_RESUME_TAIL    list :
05-15 20:59:50.832  1977  6950 D InputTransport: Input channel destroyed: '45c91bb', fd=1111
05-15 20:59:50.832  1977  6950 D SurfaceComposerClient: setCornerRadius ## 69737d6 es.uniovi.recetasasturianas/es.uniovi.recetasasturianas.MainActivity#179535 cornerRadius=0.000000
05-15 20:59:50.833  1977  6950 D SurfaceComposerClient: setCornerRadius ## 69737d6 es.uniovi.recetasasturianas/es.uniovi.recetasasturianas.MainActivity#179535 cornerRadius=0.000000
05-15 20:59:50.833  1808  1808 I SurfaceFlinger: destroyed 8d257c2 Splash Screen es.uniovi.recetasasturianas.test#179510 form LifecycleManager
05-15 20:59:50.833  1808  1808 I SurfaceFlinger: destroyed Splash Screen es.uniovi.recetasasturianas.test$_11062#179511 form LifecycleManager
05-15 20:59:50.833  1808  1808 I SurfaceFlinger: id=179510 onLayerDestroyed from LayerHierarchyBuilder(RequestedLayerState{8d257c2 Splash Screen es.uniovi.recetasasturianas.test#179510 !handle z=2147483647})
05-15 20:59:50.833  1808  1808 I SurfaceFlinger: id=179511 onLayerDestroyed from LayerHierarchyBuilder(RequestedLayerState{Splash Screen es.uniovi.recetasasturianas.test$_11062#179511 !handle})
05-15 20:59:50.834  1977  2142 D SurfaceComposerClient: setCornerRadius ## 69737d6 es.uniovi.recetasasturianas/es.uniovi.recetasasturianas.MainActivity#179535 cornerRadius=0.000000
05-15 20:59:50.834 11062 11138 D InputTransport: Input channel destroyed: '45c91bb', fd=570
05-15 20:59:50.835  1977  2946 I ImeTracker: es.uniovi.recetasasturianas:8edd0e02: onRequestHide at ORIGIN_SERVER reason HIDE_UNSPECIFIED_WINDOW fromUser false
05-15 20:59:50.835  1632  1829 I HYPER-HAL: [ResourceManager.cpp]updateResource(): [CPUMinFreq] UpdateResource Request ID : 1999022    Value : 1785600
05-15 20:59:50.835  1632  1829 I HYPER-HAL: [RequestManager.cpp]acquire(): Acquired ID : 2001023  [1977 / 23]    HINT : AMS_ACT_LAZY    list :
05-15 20:59:50.835  1632  1829 I HYPER-HAL: [ResourceManager.cpp]removeResource(): [CPULittleMinFreq] RemoveResource Request ID : 2011043
05-15 20:59:50.835  1808  1808 I Layer   : id=179510 Destroyed 8d257c2 Splash Screen es.uniovi.recetasasturianas.test#179510
05-15 20:59:50.836  1808  1808 I Layer   : id=179511 Destroyed Splash Screen es.uniovi.recetasasturianas.test$_11062#179511
05-15 20:59:50.836 24090 24090 I InputMethodManager: handleMessage: setImeVisibility visible=false
05-15 20:59:50.836 24090 24090 D InsetsController: hide(ime(), fromIme=false)
05-15 20:59:50.836 24090 24090 I ImeTracker: es.uniovi.recetasasturianas:8edd0e02: onCancelled at PHASE_CLIENT_ALREADY_HIDDEN
05-15 20:59:50.837  1977  2946 D InputTransport: Input channel constructed: 'ClientS', fd=1111
05-15 20:59:50.837  1977  2946 D InputTransport: Input channel destroyed: 'ClientS', fd=1111
05-15 20:59:50.838 24090 24109 D InputTransport: Input channel constructed: 'ClientS', fd=174
05-15 20:59:50.838 23357 23357 I LatinIME: onFinishInput
05-15 20:59:50.838 23357 23357 D InputMethodService: unregisterCompatOnBackInvokedCallback return because registered : false
05-15 20:59:50.838 23357 23357 D InputMethodService: updateClientDisplayId: displayId=0, mClientDisplayId=0
05-15 20:59:50.839  1977  2134 D PkgPredictorService-SecIpmManagerServiceImpl: bg information pid:24267 uid:10626 pkgName:es.uniovi.recetasasturianas.test
05-15 20:59:50.839  1808  4802 I SurfaceFlinger: id=179543 createSurf, flag=24004, Surface(name=35023c1 InputMethod)/@0x1087f31 - animation-leash of insets_animation#179543
05-15 20:59:50.840  1977  6941 I ImeTracker: system_server:da509fee: onRequestHide at ORIGIN_SERVER reason IME_REQUESTED_CHANGED_LISTENER fromUser false
05-15 20:59:50.842 24267 24288 D HWUI    : CacheManager::trimMemory(40)
05-15 20:59:50.843  1808  1808 I SurfaceFlinger: [Display 0 name="Built-in Screen"#172933] setFrameRateCategory: Default
05-15 20:59:50.843  1808  1808 I SurfaceFlinger: [LayerHierarchy{RequestedLayerState{Splash Screen es.uniovi.recetasasturianas$_11062#179532} no children}] reparent to OffscreenRoot
05-15 20:59:50.843  1808  1808 I SurfaceFlinger: [LayerHierarchy{RequestedLayerState{Splash Screen es.uniovi.recetasasturianas$_11062#179532} no children}] RelativeParent to null
05-15 20:59:50.843  1808  1808 I SurfaceFlinger: [LayerHierarchy{RequestedLayerState{69737d6 es.uniovi.recetasasturianas/es.uniovi.recetasasturianas.MainActivity#179535 parentId=179528} 1 children}] reparent to LayerHierarchy{RequestedLayerState{ActivityRecord{43990721 u0 es.uniovi.recetasasturianas/.MainActivity t2384}#179528 parentId=179527} 4 children}
05-15 20:59:50.843  1808  1808 I SurfaceFlinger: [LayerHierarchy{RequestedLayerState{Surface(name=69737d6 es.uniovi.recetasasturianas/es.uniovi.recetasasturianas.MainActivity)/@0x12f5936 - animation-leash of starting_reveal#179542} no children}] reparent to OffscreenRoot
05-15 20:59:50.843  1808  1808 I SurfaceFlinger: [LayerHierarchy{RequestedLayerState{Surface(name=69737d6 es.uniovi.recetasasturianas/es.uniovi.recetasasturianas.MainActivity)/@0x12f5936 - animation-leash of starting_reveal#179542} no children}] RelativeParent to null
05-15 20:59:50.843  1808  1808 I SurfaceFlinger: [LayerHierarchy{RequestedLayerState{45c91bb Splash Screen es.uniovi.recetasasturianas#179531 z=2147483647} no children}] reparent to OffscreenRoot
05-15 20:59:50.843  1808  1808 I SurfaceFlinger: [LayerHierarchy{RequestedLayerState{45c91bb Splash Screen es.uniovi.recetasasturianas#179531 z=2147483647} no children}] RelativeParent to null
05-15 20:59:50.843  1808  1808 I SurfaceFlinger: [Surface(name=35023c1 InputMethod)/@0x1087f31 - animation-leash of insets_animation#179543] attach to parent LayerHierarchy{RequestedLayerState{WindowToken{21e384e type=2011 android.os.Binder@4717749}#146663 parentId=15} 2 children}
05-15 20:59:50.843 24364 24364 I SEP_UNION_SemUnionManager: initializeManagerMapData(1000) context = android.app.ContextImpl@92a8914
05-15 20:59:50.844  1977  2142 D SurfaceComposerClient: setCornerRadius ## 69737d6 es.uniovi.recetasasturianas/es.uniovi.recetasasturianas.MainActivity#179535 cornerRadius=0.000000
05-15 20:59:50.844 24364 24364 I SEP_UNION_SemUnionManager: getUnionService(semeventdelegator)
05-15 20:59:50.845 24364 24364 I SEP_UNION_SemUnionManager: getSemSystemService : semeventdelegator
05-15 20:59:50.845  1977  6950 D SEP_UNION_SemUnionMainServiceImpl: getSemSystemService - semeventdelegator
05-15 20:59:50.845 24267 24267 I VRI[InstrumentationActivityInvoker$EmptyActivity]@89a0672: stopped(true) old = false
05-15 20:59:50.846 24267 24267 D VRI[InstrumentationActivityInvoker$EmptyActivity]@89a0672: WindowStopped on es.uniovi.recetasasturianas.test/androidx.test.core.app.InstrumentationActivityInvoker$EmptyActivity set to true
05-15 20:59:50.846  1977  6950 D SEP_UNION_SemDeviceInfoManagerService: Register intent = android.intent.action.ACTION_POWER_CONNECTED,  package = com.samsung.sait.sohservice, userId = 0, flag = 0, conditions = null
05-15 20:59:50.846  1977  6950 D SEP_UNION_SemDeviceInfoManagerService: Same PendingIntent is in com.samsung.sait.sohservice
05-15 20:59:50.847  1808  1808 I SurfaceFlinger: id=179532 Removed Splash Screen es.uniovi.recetasasturianas$_11062#179532 (166)
05-15 20:59:50.847  1808  1808 I SurfaceFlinger: id=179531 Removed 45c91bb Splash Screen es.uniovi.recetasasturianas#179531 (166)
05-15 20:59:50.847  1808  1808 E RefreshRateSelector: Can't find HRR max refresh rate by policy with the same group 1080
05-15 20:59:50.850  1977  2141 I ImeTracker: system_server:da509fee: onCancelled at PHASE_SERVER_SHOULD_HIDE
05-15 20:59:50.852  1808  1808 D SurfaceFlinger: Display 4630947232161729154 HWC layers:
05-15 20:59:50.852  1808  1808 D SurfaceFlinger:        DEVICE |          103465762160657 | 00002102 | RGBA_8888    |    0.0    0.0 1080.0 2340.0 |    0    0 1080 2340 | es.uniovi.recetasasturianas/es.uniov[...]sturianas.MainActivity$_24090#179537 (3)
05-15 20:59:50.852  1808  1808 D SurfaceFlinger:        DEVICE |           47510928230647 | 00002100 | RGBA_8888    |    0.0    0.0 1080.0   99.0 |    0    0 1080   99 | StatusBar$_11062#172976 (4138)
05-15 20:59:50.852  1808  1808 D SurfaceFlinger:        DEVICE |           47510928230672 | 00002100 | RGBA_8888    |    0.0    0.0 1080.0  144.0 |    0 2196 1080 2340 | NavigationBar0$_11062#172972 (357)
05-15 20:59:50.852  1808  1808 D SurfaceFlinger:        DEVICE |           27157078223661 | 00002100 | RGBA_8888    |    0.0   13.0  290.0  158.0 |  395    0  685  145 | $_6323#154529 (967)
05-15 20:59:50.852  1808  1808 D SurfaceFlinger:        DEVICE |           27157078223656 | 00002100 | RGBA_8888    |    0.0    0.0 1080.0  115.0 |    0    0 1080  115 | $_6323#177506 (652)
05-15 20:59:50.852  1808  1808 D SurfaceFlinger:        DEVICE |           47510928230638 | 00002140 | RGBA_8888    |    0.0    0.0 1080.0  121.0 |    0    0 1080  121 | ScreenDecorOverlay$_11062#172986 (67)
05-15 20:59:50.852  1808  1808 D SurfaceFlinger:        DEVICE |           47510
05-15 20:59:50.852  1808  1808 D SurfaceFlinger: 928230639 | 00002140 | RGBA_8888    |    0.0    0.0 1080.0  121.0 |    0 2219 1080 2340 | ScreenDecorOverlayBottom$_11062#172987 (60)
05-15 20:59:50.852  1808  1808 D SurfaceFlinger:
05-15 20:59:50.853  1808  1808 I SurfaceFlinger: RequestedLayer [Surface(name=35023c1 InputMethod)/@0[...]ion-leash of insets_animation#179543] hidden!! flag  from(1) --> to(0)
05-15 20:59:50.853  1808  1808 E SurfaceFlinger: alpha changed 1.000 -> 0.000 - Surface(name=35023c1 InputMethod)/@0x1087f31 - animation-leash of insets_animation#179543
05-15 20:59:50.853  1808  1808 I SurfaceFlinger: destroyed Splash Screen es.uniovi.recetasasturianas$_11062#179532 form LifecycleManager
05-15 20:59:50.853  1808  1808 I SurfaceFlinger: destroyed 45c91bb Splash Screen es.uniovi.recetasasturianas#179531 form LifecycleManager
05-15 20:59:50.853  1808  1808 I SurfaceFlinger: [LayerHierarchy{RequestedLayerState{ImeContainer#15 parentId=179528 relativeParentId=179535 z=1} 1 children}] reparent to LayerHierarchy{RequestedLayerState{ActivityRecord{43990721 u0 es.uniovi.recetasasturianas/.MainActivity t2384}#179528 parentId=179527} 3 children}
05-15 20:59:50.853  1808  1808 I SurfaceFlinger: [LayerHierarchy{RequestedLayerState{ImeContainer#15 parentId=179528 relativeParentId=179535 z=1} 1 children}] RelativeParent to LayerHierarchy{RequestedLayerState{69737d6 es.uniovi.recetasasturianas/es.uniovi.recetasasturianas.MainActivity#179535 parentId=179528} 2 children}
05-15 20:59:50.853  1808  1808 I SurfaceFlinger: [LayerHierarchy{RequestedLayerState{Surface(name=35023c1 InputMethod)/@0x1087f31 - animation-leash of insets_animation#179522} 1 children}] reparent to OffscreenRoot
05-15 20:59:50.853  1808  1808 I SurfaceFlinger: [LayerHierarchy{RequestedLayerState{Surface(name=35023c1 InputMethod)/@0x1087f31 - animation-leash of insets_animation#179522} 1 children}] RelativeParent to null
05-15 20:59:50.853  1808  1808 I SurfaceFlinger: [LayerHierarchy{RequestedLayerState{35023c1 InputMethod#146668 parentId=179543} no children}] reparent to LayerHierarchy{RequestedLayerState{Surface(name=35023c1 InputMethod)/@0x1087f31 - animation-leash of insets_animation#179543 parentId=146663} 1 children}
05-15 20:59:50.853  1808  1808 I SurfaceFlinger: id=179532 onLayerDestroyed from LayerHierarchyBuilder(RequestedLayerState{Splash Screen es.uniovi.recetasasturianas$_11062#179532 !handle})
05-15 20:59:50.853  1808  1808 I SurfaceFlinger: id=179531 onLayerDestroyed from LayerHierarchyBuilder(RequestedLayerState{45c91bb Splash Screen es.uniovi.recetasasturianas#179531 !handle z=2147483647})
05-15 20:59:50.854  1808  1808 I Layer   : id=179532 Destroyed Splash Screen es.uniovi.recetasasturianas$_11062#179532
05-15 20:59:50.854  1808  1808 I Layer   : id=179531 Destroyed 45c91bb Splash Screen es.uniovi.recetasasturianas#179531
05-15 20:59:50.856  1808  4802 I SurfaceFlinger: id=179522 Removed Surface(name=35023c1 InputMethod)/@0x1087f31 - animation-leash of insets_animation#179522 (164)
05-15 20:59:50.858 24267 24267 W WindowOnBackDispatcher: sendCancelIfRunning: isInProgress=false callback=android.view.ViewRootImpl$$ExternalSyntheticLambda16@47e17be
05-15 20:59:50.858  1808  1808 I SurfaceFlinger: destroyed Surface(name=35023c1 InputMethod)/@0x1087f31 - animation-leash of insets_animation#179522 form LifecycleManager
05-15 20:59:50.858  1808  1808 I SurfaceFlinger: id=179522 onLayerDestroyed from LayerHierarchyBuilder(RequestedLayerState{Surface(name=35023c1 InputMethod)/@0x1087f31 - animation-leash of insets_animation#179522 !handle})
05-15 20:59:50.859  1808  1808 I Layer   : id=179522 Destroyed Surface(name=35023c1 InputMethod)/@0x1087f31 - animation-leash of insets_animation#179522
05-15 20:59:50.859  1632  1829 I HYPER-HAL: [ResourceManager.cpp]removeResource(): [CPUMinFreq] RemoveResource Request ID : 2011043
