05-15 20:59:52.442 11062 11493 I VRI[ScreenDecorOverlayBottom]@8250f9b: handleResized, frames=ClientWindowFrames{frame=[0,2219][1080,2340] display=[0,0][1080,2340] parentFrame=[0,0][0,0]} displayId=0 dragResizing=false compatScale=1.0 frameChanged=false attachedFrameChanged=false configChanged=false displayChanged=false compatScaleChanged=false dragResizingChanged=false
05-15 20:59:52.443  1808  1808 D SurfaceFlinger: Display 4630947232161729154 HWC layers:
05-15 20:59:52.443  1808  1808 D SurfaceFlinger:        DEVICE |           47510928231551 | 00002100 | RGBA_8888    |    0.0    0.0 1080.0 2340.0 |    0    0 1080 2340 | Splash Screen es.uniovi.recetasasturianas$_11062#179604 (1)
05-15 20:59:52.443  1808  1808 D SurfaceFlinger:        DEVICE |           47510928230672 | 00002100 | RGBA_8888    |    0.0    0.0 1080.0  144.0 |    0 2196 1080 2340 | NavigationBar0$_11062#172972 (357)
05-15 20:59:52.443  1808  1808 D SurfaceFlinger:        DEVICE |           27157078223661 | 00002100 | RGBA_8888    |    0.0   13.0  290.0  158.0 |  395    0  685  145 | $_6323#154529 (967)
05-15 20:59:52.443  1808  1808 D SurfaceFlinger:        DEVICE |           27157078223656 | 00002100 | RGBA_8888    |    0.0    0.0 1080.0  115.0 |    0    0 1080  115 | $_6323#177506 (652)
05-15 20:59:52.443  1808  1808 D SurfaceFlinger:        DEVICE |           47510928230638 | 00002140 | RGBA_8888    |    0.0    0.0 1080.0  121.0 |    0    0 1080  121 | ScreenDecorOverlay$_11062#172986 (67)
05-15 20:59:52.443  1808  1808 D SurfaceFlinger:        DEVICE |           47510928230639 | 00002140 | RGBA_8888    |    0.0    0.0 1080.0  121.0 |    0 2219 1080 2340 | ScreenDecorOverlayBottom$_11062#172987 (60)
05-15 20:59:52.443  1808  1808 D SurfaceFlinger:
05-15 20:59:52.443  1808  1897 I SurfaceFlinger: id=179613 createSurf, flag=24000, Surface(name=7a9d783 NavigationBar0)/@0x10e1471 - animation-leash of insets_animation#179613
05-15 20:59:52.443  1808  1808 I SurfaceFlinger: RequestedLayer [Surface(name=8f932e4 StatusBar)/@0xa[...]ion-leash of insets_animation#179607] hidden!! flag  from(0) --> to(1)
05-15 20:59:52.443  1808  1808 I SurfaceFlinger: destroyed Surface(name=7a9d783 NavigationBar0)/@0x10e1471 - animation-leash of insets_animation#179596 form LifecycleManager
05-15 20:59:52.443  1808  1808 I SurfaceFlinger: destroyed ActivityRecord{141197492 u0 es.uniovi.recetasasturianas.test/androidx.test.core.app.InstrumentationActivityInvoker$EmptyActivity t2387}#179583 form LifecycleManager
05-15 20:59:52.443  1808  1808 I SurfaceFlinger: destroyed 951a550 Splash Screen es.uniovi.recetasasturianas.test#179584 form LifecycleManager
05-15 20:59:52.443  1808  1808 I SurfaceFlinger: destroyed Splash Screen es.uniovi.recetasasturianas.test$_11062#179585 form LifecycleManager
05-15 20:59:52.443  1808  1808 I SurfaceFlinger: destroyed Task=2387#179609 form LifecycleManager
05-15 20:59:52.443  1808  1808 I SurfaceFlinger: destroyed 75175c6 ActivityRecordInputSink es.uniovi.recetasasturianas.test/androidx.test.core.app.InstrumentationActivityInvoker$EmptyActivity#179591 form LifecycleManager
05-15 20:59:52.443  1808  1808 I SurfaceFlinger: [Surface(name=7a9d783 NavigationBar0)/@0x10e1471 - animation-leash of insets_animation#179613] attach to parent LayerHierarchy{RequestedLayerState{WindowToken{ec79b94 type=2019 android.os.BinderProxy@3619da6}#172956 parentId=34} 2 children}
05-15 20:59:52.443  1808  1808 I SurfaceFlinger: [Surface(name=8f932e4 StatusBar)/@0xabc478a - animation-leash of insets_animation#179612] attach to parent LayerHierarchy{RequestedLayerState{WindowToken{68a9b23 type=2000 android.os.BinderProxy@abe78dd}#172963 parentId=17} 2 children}
05-15 20:59:52.443  1808  1808 I SurfaceFlinger: [es.uniovi.recetasasturianas/es.uniovi.recetasasturianas.MainActivity$_24090#179611] attach to parent LayerHierarchy{RequestedLayerState{9f5a776 es.uniovi.recetasasturianas/es.uniovi.recetasasturianas.MainActivity#179610 parentId=179601} 1 children}
05-15 20:59:52.443  1808  1808 I SurfaceFlinger: id=179596 onLayerDestroyed from LayerHierarchyBuilder(RequestedLayerState{Surface(name=7a9d783 NavigationBar0)/@0x10e1471 - animation-leash of insets_animation#179596 !handle})
05-15 20:59:52.443  1808  1808 I SurfaceFlinger: id=179583 onLayerDestroyed from LayerHierarchyBuilder(RequestedLayerState{ActivityRecord{141197492 u0 es.uniovi.recetasasturianas.test/androidx.test.core.app.InstrumentationActivityInvoker$EmptyActivity t2387}#179583 !handle})
05-15 20:59:52.443  1808  1808 I SurfaceFlinger: id=179584 onLayerDestroyed from LayerHierarchyBuilder(RequestedLayerState{951a550 Splash Screen es.uniovi.recetasasturianas.test#179584 !handle z=2147483647})
05-15 20:59:52.443  1808  1808 I SurfaceFlinger: id=179585 onLayerDestroyed from LayerHierarchyBuilder(RequestedLayerState{Splash Screen es.uniovi.recetasasturianas.test$_11062#179585 !handle})
05-15 20:59:52.443  1808  1808 I SurfaceFlinger: id=179609 onLayerDestroyed from LayerHierarchyBuilder(RequestedLayerState{Task=2387#179609 !handle z=7})
05-15 20:59:52.443  1808  1808 I SurfaceFlinger: id=179591 onLayerDestroyed from LayerHierarchyBuilder(RequestedLayerState{75175c6 ActivityRecordInputSink es.uniovi.recetasasturianas.test/androidx.test.core.app.InstrumentationActivityInvoker$EmptyActivity#179591 !handle z=-2147483648})
05-15 20:59:52.444 24267 24288 D HWUI    : CacheManager::trimMemory(40)
05-15 20:59:52.444  1808  1808 I Layer   : id=179596 Destroyed Surface(name=7a9d783 NavigationBar0)/@0x10e1471 - animation-leash of insets_animation#179596
05-15 20:59:52.444  1808  1808 I Layer   : id=179583 Destroyed ActivityRecord{141197492 u0 es.uniovi.recetasasturianas.test/androidx.test.core.app.InstrumentationActivityInvoker$EmptyActivity t2387}#179583
05-15 20:59:52.444  1808  1808 I Layer   : id=179584 Destroyed 951a550 Splash Screen es.uniovi.recetasasturianas.test#179584
05-15 20:59:52.444  1808  1808 I Layer   : id=179585 Destroyed Splash Screen es.uniovi.recetasasturianas.test$_11062#179585
05-15 20:59:52.444  1808  1808 I Layer   : id=179609 Destroyed Task=2387#179609
05-15 20:59:52.444  1808  1808 I Layer   : id=179591 Destroyed 75175c6 ActivityRecordInputSink es.uniovi.recetasasturianas.test/androidx.test.core.app.InstrumentationActivityInvoker$EmptyActivity#179591
05-15 20:59:52.445  1977  6941 I SystemKeyManager: requested systemKeyInfo size=1 focusedWindow=es.uniovi.recetasasturianas/es.uniovi.recetasasturianas.MainActivity
05-15 20:59:52.445  1977  6941 I SystemKeyManager: requested systemKeyInfo size=1 focusedWindow=es.uniovi.recetasasturianas/es.uniovi.recetasasturianas.MainActivity
05-15 20:59:52.446  1977  6941 I WindowManager: Relayout hash=9f5a776, pid=24090, syncId=-1: mAttrs={(0,0)(fillxfill) sim={adjust=resize forwardNavigation} layoutInDisplayCutoutMode=always ty=BASE_APPLICATION wanim=0x1030317
05-15 20:59:52.446  1977  6941 I WindowManager:   fl=81810100
05-15 20:59:52.446  1977  6941 I WindowManager:   pfl=100088c0
05-15 20:59:52.446  1977  6941 I WindowManager:   vsysui=500
05-15 20:59:52.446  1977  6941 I WindowManager:   bhv=1
05-15 20:59:52.446  1977  6941 I WindowManager:   fitSides=0
05-15 20:59:52.446  1977  6941 I WindowManager:   frameRateBoostOnTouch=true
05-15 20:59:52.446  1977  6941 I WindowManager:   dvrrWindowFrameRateHint=true naviIconColor=0}
05-15 20:59:52.446 11062 11138 I InsetsController: onStateChanged: host=Splash Screen es.uniovi.recetasasturianas, from=android.view.ViewRootImpl.onInsetsStateChanged:3026, state=InsetsState: {mDisplayFrame=Rect(0, 0 - 1080, 2340), mDisplayCutout=DisplayCutout{insets=Rect(0, 99 - 0, 0) waterfall=Insets{left=0, top=0, right=0, bottom=0} boundingRect={Bounds=[Rect(0, 0 - 0, 0), Rect(505, 0 - 575, 99), Rect(0, 0 - 0, 0), Rect(0, 0 - 0, 0)]} cutoutPathParserInfo={CutoutPathParserInfo{displayWidth=1080 displayHeight=2340 physicalDisplayWidth=1080 physicalDisplayHeight=2340 density={3.0} cutoutSpec={M 0,0 M 0,29 a 35,35 0 1,0 0,70 a 35,35 0 1,0 0,-70 Z} rotation={0} scale={1.0} physicalPixelDisplaySizeRatio={1.0}}} sideOverrides={}}, mRoundedCorners=RoundedCorners{[RoundedCorner{position=TopLeft, radius=108, center=Point(108, 108)}, RoundedCorner{position=TopRight, radius=108, center=Point(972, 108)}, RoundedCorner{position=BottomRight, radius=108, center=Point(972, 2232)}, RoundedCorner{position=BottomLeft, radius=108, center=Point(108, 2232)}]}  mRoundedCornerFrame=Rect(0, 0 - 1080, 2340), mPrivacyIndicatorBounds=PrivacyIndicatorBounds {static bounds=Rect(948, 0 - 1080, 99) rotation=0}, mDisplayShape=DisplayShape{ spec=-311912193 displayWidth=1080 displayHeight=2340 physicalPixelDisplaySizeRatio=1.0 rotation=0 offsetX=0 offsetY=0 scale=1.0}, mSources= { InsetsSource: {b73a0001 mType=navigationBars mFrame=[0,0][0,0] mVisible=true mFlags=SUPPRESS_SCRIM mSideHint=NONE mBoundingRects=null}, InsetsSource: {b73a0004 mType=systemGestures mFrame=[0,0][90,2340] mVisible=true mFlags= mSideHint=LEFT mBoundingRects=null}, InsetsSource: {b73a0005 mType=mandatorySystemGestures mFrame=[0,2265][1080,2340] mVisible=true mFlags= mSideHint=BOTTOM mBoundingRects=null}, InsetsSource: {b73a0006 mType=tappableElement mFrame=[0,0][0,0] mVisible=true mFlags= mSideHint=NONE mBoundingRects=null}, InsetsSource: {b73a0024 mType=systemGestures mFrame=[990,0][1080,2340] mVisible=true mFlags= mSideHint=RIGHT mBoundingRects=null}, InsetsSource: {3 mType=ime mFrame=[0,0][0,0] mVisible=false mFlags= mSideHint=NONE mBoundingRects=null}, InsetsSource: {27 mType=displayCutout mFrame=[0,0][1080,99] mVisible=true mFlags= mSideHint=TOP mBoundingRects=null}, InsetsSource: {9260000 mType=statusBars mFrame=[0,0][1080,99] mVisible=true mFlags= mSideHint=TOP mBoundingRects=null}, InsetsSource: {9260005 mType=mandatorySystemGestures mFrame=[0,0][1080,135] mVisible=true mFlags= mSideHint=TOP mBoundingRects=null}, InsetsSource: {9260006 mType=tappableElement mFrame=[0,0][1080,99] mVisible=true mFlags= mSideHint=TOP mBoundingRects=null} }
05-15 20:59:52.446 11062 11138 I VRI[recetasasturianas]@d3c7de5: onActiveControlsChanged, removed=false, mAdded=true, caller=android.view.ViewRootImpl.handleInsetsControlChanged:3002 android.view.ViewRootImpl$ViewRootHandler.handleMessageImpl:8352 android.view.ViewRootImpl$ViewRootHandler.handleMessage:8301 android.os.Handler.dispatchMessage:110 android.os.Looper.loopOnce:273
05-15 20:59:52.446 11062 11138 I InsetsController: cancelAnimation: types=statusBars, animType=0, host=Splash Screen es.uniovi.recetasasturianas, from=android.view.InsetsController.notifyControlRevoked:2043 android.view.InsetsSourceConsumer.setControl:158 android.view.InsetsController.onControlsChanged:1207
05-15 20:59:52.446 24090 24090 I InsetsController: onStateChanged: host=es.uniovi.recetasasturianas/es.uniovi.recetasasturianas.MainActivity, from=android.view.ViewRootImpl.onInsetsStateChanged:3026, state=InsetsState: {mDisplayFrame=Rect(0, 0 - 1080, 2340), mDisplayCutout=DisplayCutout{insets=Rect(0, 99 - 0, 0) waterfall=Insets{left=0, top=0, right=0, bottom=0} boundingRect={Bounds=[Rect(0, 0 - 0, 0), Rect(505, 0 - 575, 99), Rect(0, 0 - 0, 0), Rect(0, 0 - 0, 0)]} cutoutPathParserInfo={CutoutPathParserInfo{displayWidth=1080 displayHeight=2340 physicalDisplayWidth=1080 physicalDisplayHeight=2340 density={3.0} cutoutSpec={M 0,0 M 0,29 a 35,35 0 1,0 0,70 a 35,35 0 1,0 0,-70 Z} rotation={0} scale={1.0} physicalPixelDisplaySizeRatio={1.0}}} sideOverrides={}}, mRoundedCorners=RoundedCorners{[RoundedCorner{position=TopLeft, radius=108, center=Point(108, 108)}, RoundedCorner{position=TopRight, radius=108, center=Point(972, 108)}, RoundedCorner{position=BottomRight, radius=108, center=Point(972, 2232)}, RoundedCorner{position=BottomLeft, radius=108, center=Point(108, 2232)}]}  mRoundedCornerFrame=Rect(0, 0 - 1080, 2340), mPrivacyIndicatorBounds=PrivacyIndicatorBounds {static bounds=Rect(948, 0 - 1080, 99) rotation=0}, mDisplayShape=DisplayShape{ spec=-311912193 displayWidth=1080 displayHeight=2340 physicalPixelDisplaySizeRatio=1.0 rotation=0 offsetX=0 offsetY=0 scale=1.0}, mSources= { InsetsSource: {b73a0001 mType=navigationBars mFrame=[0,0][0,0] mVisible=true mFlags=SUPPRESS_SCRIM mSideHint=NONE mBoundingRects=null}, InsetsSource: {b73a0004 mType=systemGestures mFrame=[0,0][90,2340] mVisible=true mFlags= mSideHint=LEFT mBoundingRects=null}, InsetsSource: {b73a0005 mType=mandatorySystemGestures mFrame=[0,2265][1080,2340] mVisible=true mFlags= mSideHint=BOTTOM mBoundingRects=null}, InsetsSource: {b73a0006 mType=tappableElement mFrame=[0,0][0,0] mVisible=true mFlags= mSideHint=NONE mBoundingRects=null}, InsetsSource: {b73a0024 mType=systemGestures mFrame=[990,0][1080,2340] mVisible=true mFlags= mSideHint=RIGHT mBoundingRects=null}, InsetsSource: {3 mType=ime mFrame=[0,0][0,0] mVisible=false mFlags= mSideHint=NONE mBoundingRects=null}, InsetsSource: {27 mType=displayCutout mFrame=[0,0][1080,99] mVisible=true mFlags= mSideHint=TOP mBoundingRects=null}, InsetsSource: {9260000 mType=statusBars mFrame=[0,0][1080,99] mVisible=true mFlags= mSideHint=TOP mBoundingRects=null}, InsetsSource: {9260005 mType=mandatorySystemGestures mFrame=[0,0][1080,135] mVisible=true mFlags= mSideHint=TOP mBoundingRects=null}, InsetsSource: {9260006 mType=tappableElement mFrame=[0,0][1080,99] mVisible=true mFlags= mSideHint=TOP mBoundingRects=null} }
05-15 20:59:52.447 24090 24090 W libc    : Access denied finding property "vendor.display.enable_optimal_refresh_rate"
05-15 20:59:52.447 24090 24090 I BufferQueueProducer: [](id:5e1a00000006,api:0,p:0,c:24090) setDequeueTimeout:2077252342
05-15 20:59:52.447 24090 24090 I BLASTBufferQueue_Java: new BLASTBufferQueue, mName= VRI[MainActivity]@b76624d mNativeObject= 0xb400007e2903b230 caller= android.view.ViewRootImpl.updateBlastSurfaceIfNeeded:3585 android.view.ViewRootImpl.relayoutWindow:11685 android.view.ViewRootImpl.performTraversals:4804 android.view.ViewRootImpl.doTraversal:3924 android.view.ViewRootImpl$TraversalRunnable.run:12903 android.view.Choreographer$CallbackRecord.run:1901 android.view.Choreographer$CallbackRecord.run:1910 android.view.Choreographer.doCallbacks:1367 android.view.Choreographer.doFrame:1292 android.view.Choreographer$FrameDisplayEventReceiver.run:1870
05-15 20:59:52.447 24090 24090 I BLASTBufferQueue_Java: update, w= 1080 h= 2340 mName = VRI[MainActivity]@b76624d mNativeObject= 0xb400007e2903b230 sc.mNativeObject= 0xb400007ea8d3a850 format= -1 caller= android.view.ViewRootImpl.updateBlastSurfaceIfNeeded:3590 android.view.ViewRootImpl.relayoutWindow:11685 android.view.ViewRootImpl.performTraversals:4804 android.view.ViewRootImpl.doTraversal:3924 android.view.ViewRootImpl$TraversalRunnable.run:12903 android.view.Choreographer$CallbackRecord.run:1901
05-15 20:59:52.447 12633 17431 I Routine@Core[4.9.04.16]: ActivityWatcherListenerImpl: onStopComponent: componentName - es.uniovi.recetasasturianas.test, userId: 0
05-15 20:59:52.448 24090 24090 W libc    : Access denied finding property "vendor.display.enable_optimal_refresh_rate"
05-15 20:59:52.448 12633 17431 I Routine@Core[4.9.04.16]: Pref: putSharedPrefsData: key=condition_launch_app_data_resume_pkg, data.size=70
05-15 20:59:52.448 24090 24090 I VRI[MainActivity]@b76624d: Relayout returned: old=(0,0,1080,2340) new=(0,0,1080,2340) relayoutAsync=false req=(1080,2340)0 dur=9 res=0x3 s={true 0xb400007de8ee1e80} ch=true seqId=0
05-15 20:59:52.449 24090 24090 I VRI[MainActivity]@b76624d: performConfigurationChange setNightDimText nightDimLevel=0
05-15 20:59:52.449 24090 24090 D VRI[MainActivity]@b76624d: mThreadedRenderer.initialize() mSurface={isValid=true 0xb400007de8ee1e80} hwInitialized=true
05-15 20:59:52.451 11062 11062 D SystemUIService: SYSUI_RAM_OPTIMIZATION onTrimMemory=20
05-15 20:59:52.451 11062 11062 D CentralSurfaces: SYSUI_RAM_OPTIMIZATION onTrimMemory=20
05-15 20:59:52.451 11062 11062 D SystemUIService: SYSUI_RAM_OPTIMIZATION onTrimMemory=20
05-15 20:59:52.451 11062 11062 D CentralSurfaces: SYSUI_RAM_OPTIMIZATION onTrimMemory=20
05-15 20:59:52.451 11062 11227 D HWUI    : CacheManager::trimMemory(20)
05-15 20:59:52.452 11062 11227 D HWUI    : CacheManager::trimMemory(20)
05-15 20:59:52.452  4195  4195 I HoneySpace.TaskStackChangeRepositoryImpl: onTaskRemoved : 2387
05-15 20:59:52.452 24090 24090 D VRI[MainActivity]@b76624d: reportNextDraw android.view.ViewRootImpl.performTraversals:5443 android.view.ViewRootImpl.doTraversal:3924 android.view.ViewRootImpl$TraversalRunnable.run:12903 android.view.Choreographer$CallbackRecord.run:1901 android.view.Choreographer$CallbackRecord.run:1910
05-15 20:59:52.452  4195  4195 I HoneySpace.TaskStackChangeRepositoryImpl: onTaskRemoved : 2387
05-15 20:59:52.452 24090 24090 D VRI[MainActivity]@b76624d: Setup new sync=wmsSync-VRI[MainActivity]@b76624d#14
05-15 20:59:52.452 24090 24090 I VRI[MainActivity]@b76624d: Creating new active sync group VRI[MainActivity]@b76624d#15
05-15 20:59:52.452  4195  4401 I HoneySpace.TopTaskSource: onTaskRemoved: 2387
05-15 20:59:52.452 24090 24090 D VRI[MainActivity]@b76624d: registerCallbacksForSync syncBuffer=false
05-15 20:59:52.453  4195  4195 I HoneySpace.TaskListViewModel[264452461]: taskRemoveId, 2387
05-15 20:59:52.453  4195  4195 W HoneySpace.TaskListViewModel[264452461]: task is already removed: 2387
05-15 20:59:52.453  4195  4195 I HoneySpace.TaskListViewModel[264452461]: taskRemoveId, 2387
05-15 20:59:52.453  4195  4195 W HoneySpace.TaskListViewModel[264452461]: task is already removed: 2387
05-15 20:59:52.453  4195  4401 I HoneySpace.TopTaskSource: onTaskRemoved: 2387
05-15 20:59:52.453  1808  1808 I SurfaceFlinger: RequestedLayer [Surface(name=8f932e4 StatusBar)/@0xa[...]ion-leash of insets_animation#179607] hidden!! flag  from(1) --> to(0)
05-15 20:59:52.453  1808  1808 E SurfaceFlinger: alpha changed 0.000 -> 1.000 - Surface(name=8f932e4 StatusBar)/@0xabc478a - animation-leash of insets_animation#179607
05-15 20:59:52.453  1808  1808 I SurfaceFlinger: [LayerHierarchy{RequestedLayerState{7a9d783 NavigationBar0#172957 parentId=179613} 1 children}] reparent to LayerHierarchy{RequestedLayerState{Surface(name=7a9d783 NavigationBar0)/@0x10e1471 - animation-leash of insets_animation#179613 parentId=172956} 1 children}
05-15 20:59:52.454  1808  1808 I SurfaceFlinger: [LayerHierarchy{RequestedLayerState{8f932e4 StatusBar#172964 parentId=179612} 1 children}] reparent to LayerHierarchy{RequestedLayerState{Surface(name=8f932e4 StatusBar)/@0xabc478a - animation-leash of insets_animation#179612 parentId=172963} 1 children}
05-15 20:59:52.454  1808  1808 I SurfaceFlinger: [LayerHierarchy{RequestedLayerState{Surface(name=8f932e4 StatusBar)/@0xabc478a - animation-leash of insets_animation#179607} no children}] reparent to OffscreenRoot
05-15 20:59:52.454  1808  1808 I SurfaceFlinger: [LayerHierarchy{RequestedLayerState{Surface(name=8f932e4 StatusBar)/@0xabc478a - animation-leash of insets_animation#179607} no children}] RelativeParent to null
05-15 20:59:52.454  1808  1808 I SurfaceFlinger: [LayerHierarchy{RequestedLayerState{Surface(name=7a9d783 NavigationBar0)/@0x10e1471 - animation-leash of insets_animation#179608} no children}] reparent to OffscreenRoot
05-15 20:59:52.454  1808  1808 I SurfaceFlinger: [LayerHierarchy{RequestedLayerState{Surface(name=7a9d783 NavigationBar0)/@0x10e1471 - animation-leash of insets_animation#179608} no children}] RelativeParent to null
05-15 20:59:52.457  1808  4802 I SurfaceFlinger: id=179608 Removed Surface(name=7a9d783 NavigationBar0)/@0x10e1471 - animation-leash of insets_animation#179608 (171)
05-15 20:59:52.457  1808  1899 I SurfaceFlinger: id=179607 Removed Surface(name=8f932e4 StatusBar)/@0xabc478a - animation-leash of insets_animation#179607 (171)
05-15 20:59:52.460  4195 23188 I HoneySpace.RecentTasks: onRecentTasksChanged
05-15 20:59:52.461  1808  1808 D SurfaceFlinger: Display 4630947232161729154 HWC layers:
05-15 20:59:52.461  1808  1808 D SurfaceFlinger:        DEVICE |           47510928231551 | 00002100 | RGBA_8888    |    0.0    0.0 1080.0 2340.0 |    0    0 1080 2340 | Splash Screen es.uniovi.recetasasturianas$_11062#179604 (1)
05-15 20:59:52.461  1808  1808 D SurfaceFlinger:        DEVICE |           47510928230647 | 00002100 | RGBA_8888    |    0.0    0.0 1080.0   99.0 |    0    0 1080   99 | StatusBar$_11062#172976 (4142)
05-15 20:59:52.461  1808  1808 D SurfaceFlinger:        DEVICE |           47510928230672 | 00002100 | RGBA_8888    |    0.0    0.0 1080.0  144.0 |    0 2196 1080 2340 | NavigationBar0$_11062#172972 (357)
05-15 20:59:52.461  1808  1808 D SurfaceFlinger:        DEVICE |           27157078223661 | 00002100 | RGBA_8888    |    0.0   13.0  290.0  158.0 |  395    0  685  145 | $_6323#154529 (967)
05-15 20:59:52.461  1808  1808 D SurfaceFlinger:        DEVICE |           27157078223656 | 00002100 | RGBA_8888    |    0.0    0.0 1080.0  115.0 |    0    0 1080  115 | $_6323#177506 (652)
05-15 20:59:52.461  1808  1808 D SurfaceFlinger:        DEVICE |           47510928230638 | 00002140 | RGBA_8888    |    0.0    0.0 1080.0  121.0 |    0    0 1080  121 | ScreenDecorOverlay$_11062#172986 (67)
05-15 20:59:52.461  1808  1808 D SurfaceFlinger:        DEVICE |           47510928230639 | 00002140 |
05-15 20:59:52.461  1808  1808 D SurfaceFlinger:  RGBA_8888    |    0.0    0.0 1080.0  121.0 |    0 2219 1080 2340 | ScreenDecorOverlayBottom$_11062#172987 (60)
05-15 20:59:52.461  1808  1808 D SurfaceFlinger:
05-15 20:59:52.461 24090 24175 D VRI[MainActivity]@b76624d: Received frameDrawingCallback syncResult=0 frameNum=1.
05-15 20:59:52.461 24090 24175 I VRI[MainActivity]@b76624d: mWNT: t=0xb400007df8e53a10 mBlastBufferQueue=0xb400007e2903b230 fn= 1 HdrRenderState mRenderHdrSdrRatio=1.0 caller= android.view.ViewRootImpl$12.onFrameDraw:15441 android.view.ThreadedRenderer$1.onFrameDraw:718 <bottom of call stack>
05-15 20:59:52.461 24090 24175 I VRI[MainActivity]@b76624d: Setting up sync and frameCommitCallback
05-15 20:59:52.461  1808  1951 D SurfaceFlinger: [input] setFocusedWindow: 9f5a776 es.uniovi.recetasasturianas/es.uniovi.recetasasturianas.MainActivity
05-15 20:59:52.461  1808  1808 I SurfaceFlinger: destroyed Surface(name=8f932e4 StatusBar)/@0xabc478a - animation-leash of insets_animation#179607 form LifecycleManager
05-15 20:59:52.461  1808  1808 I SurfaceFlinger: destroyed Surface(name=7a9d783 NavigationBar0)/@0x10e1471 - animation-leash of insets_animation#179608 form LifecycleManager
05-15 20:59:52.462  1808  1808 I SurfaceFlinger: id=179607 onLayerDestroyed from LayerHierarchyBuilder(RequestedLayerState{Surface(name=8f932e4 StatusBar)/@0xabc478a - animation-leash of insets_animation#179607 !handle})
05-15 20:59:52.462  1808  1808 I SurfaceFlinger: id=179608 onLayerDestroyed from LayerHierarchyBuilder(RequestedLayerState{Surface(name=7a9d783 NavigationBar0)/@0x10e1471 - animation-leash of insets_animation#179608 !handle})
05-15 20:59:52.462  1977  4779 D InputDispatcher: Once focus requested (0): 9f5a776 es.uniovi.recetasasturianas/es.uniovi.recetasasturianas.MainActivity
05-15 20:59:52.462  1977  4779 D InputDispatcher: Focus request (0): 9f5a776 es.uniovi.recetasasturianas/es.uniovi.recetasasturianas.MainActivity but waiting because NOT_VISIBLE
05-15 20:59:52.463  1808  1808 I Layer   : id=179607 Destroyed Surface(name=8f932e4 StatusBar)/@0xabc478a - animation-leash of insets_animation#179607
05-15 20:59:52.463  1808  1808 I Layer   : id=179608 Destroyed Surface(name=7a9d783 NavigationBar0)/@0x10e1471 - animation-leash of insets_animation#179608
05-15 20:59:52.464 24090 24155 I BLASTBufferQueue: [VRI[MainActivity]@b76624d#6](f:0,a:0,s:0) onFrameAvailable the first frame is available
05-15 20:59:52.464 24090 24155 I SurfaceComposerClient: apply transaction with the first frame. layerId: 179611, bufferData(ID: 103465762160667, frameNumber: 1)
05-15 20:59:52.465 24090 24155 I VRI[MainActivity]@b76624d: Received frameCommittedCallback lastAttemptedDrawFrameNum=1 didProduceBuffer=true
05-15 20:59:52.465  1808  1899 I SurfaceFlinger: [es.uniovi.recetasasturianas/es.uniovi.recetasasturianas.MainActivity$_24090#179611] setTransactionState with the first frame. bufferData(ID: 103465762160667, frameNumber: 1)
05-15 20:59:52.465 24090 24155 D HWUI    : CFMS:: SetUp Pid : 24090    Tid : 24155
05-15 20:59:52.465 24090 24090 D VRI[MainActivity]@b76624d: reportDrawFinished seqId=0
05-15 20:59:52.466  1977  2142 D SurfaceComposerClient: setCornerRadius ## a26c45c Splash Screen es.uniovi.recetasasturianas#179603 cornerRadius=0.000000
05-15 20:59:52.466  1977  2142 D SurfaceComposerClient: setCornerRadius ## 9f5a776 es.uniovi.recetasasturianas/es.uniovi.recetasasturianas.MainActivity#179610 cornerRadius=0.000000
05-15 20:59:52.466 24090 24090 D RecipeListViewModel: loadRecipes() finalizado
05-15 20:59:52.467  1977  2142 D SurfaceComposerClient: setCornerRadius ## a26c45c Splash Screen es.uniovi.recetasasturianas#179603 cornerRadius=0.000000
05-15 20:59:52.467 24090 24155 D HWUI    : HWUI - treat SMPTE_170M as sRGB
05-15 20:59:52.467 24090 24090 D RecipeListViewModel: Dataset recibido: 78 recetas
05-15 20:59:52.467  1808  1899 I SurfaceFlinger: id=179614 createSurf, flag=24000, Surface(name=9f5a776 es.uniovi.recetasasturianas/es.uniovi.recetasasturianas.MainActivity)/@0xd862f4e - animation-leash of starting_reveal#179614
05-15 20:59:52.469  1808  1808 I SurfaceFlinger: [Surface(name=9f5a776 es.uniovi.recetasasturianas/es.uniovi.recetasasturianas.MainActivity)/@0xd862f4e - animation-leash of starting_reveal#179614] attach to parent LayerHierarchy{RequestedLayerState{ActivityRecord{97786880 u0 es.uniovi.recetasasturianas/.MainActivity t2388}#179601 parentId=179600} 4 children}
05-15 20:59:52.469  1977  2142 D SurfaceComposerClient: setCornerRadius ## 9f5a776 es.uniovi.recetasasturianas/es.uniovi.recetasasturianas.MainActivity#179610 cornerRadius=0.000000
05-15 20:59:52.469  1977  2142 D SurfaceComposerClient: setCornerRadius ## a26c45c Splash Screen es.uniovi.recetasasturianas#179603 cornerRadius=0.000000
05-15 20:59:52.469  1977  2142 D SurfaceComposerClient: setCornerRadius ## 9f5a776 es.uniovi.recetasasturianas/es.uniovi.recetasasturianas.MainActivity#179610 cornerRadius=0.000000
05-15 20:59:52.470  1977  2142 D SurfaceComposerClient: setCornerRadius ## a26c45c Splash Screen es.uniovi.recetasasturianas#179603 cornerRadius=0.000000
05-15 20:59:52.470  1977  2142 D SurfaceComposerClient: setCornerRadius ## 9f5a776 es.uniovi.recetasasturianas/es.uniovi.recetasasturianas.MainActivity#179610 cornerRadius=0.000000
05-15 20:59:52.470  1977  2128 I PkgPredictorService-SecIpmManagerServiceImpl: reportToNAP uid:10625 es.uniovi.recetasasturianas/es.uniovi.recetasasturianas.MainActivity thisTime:140
05-15 20:59:52.470  1977  2128 D PkgPredictorService-SecIpmManagerServiceImpl: reportToNAP: mHeavyLaunchCounter is false
05-15 20:59:52.471 11062 11118 D ShellTaskOrganizer: removeStartingWindow, removalInfo=StartingWindowRemovalInfo{taskId=2388 frame=Rect(0, 0 - 1080, 2340) playRevealAnimation=true roundedCornerRadius=0.0 deferRemoveMode=0 windowlessSurface=false removeImmediately=false}
05-15 20:59:52.471  1977  2128 I ActivityTaskManager: Displayed es.uniovi.recetasasturianas/.MainActivity for user 0: +140ms
05-15 20:59:52.474 24090 24090 D ConnectivityManager: StackLog: [android.net.ConnectivityManager.sendRequestForNetwork(ConnectivityManager.java:4740)] [android.net.ConnectivityManager.registerDefaultNetworkCallbackForUid(ConnectivityManager.java:5465)] [android.net.ConnectivityManager.registerDefaultNetworkCallback(ConnectivityManager.java:5432)] [android.net.ConnectivityManager.registerDefaultNetworkCallback(ConnectivityManager.java:5406)] [com.bumptech.glide.manager.SingletonConnectivityReceiver$FrameworkConnectivityMonitorPostApi24.register(SingletonConnectivityReceiver.java:191)] [com.bumptech.glide.manager.SingletonConnectivityReceiver.maybeRegisterReceiver(SingletonConnectivityReceiver.java:113)] [com.bumptech.glide.manager.SingletonConnectivityReceiver.register(SingletonConnectivityReceiver.java:94)] [com.bumptech.glide.manager.DefaultConnectivityMonitor.register(DefaultConnectivityMonitor.java:25)] [com.bumptech.glide.manager.DefaultConnectivityMonitor.onStart(DefaultConnectivityMonitor.java:34)] [com.bumptech.glide.manager.LifecycleLifecycle.addListener(LifecycleLifecycle.java:54)] [com.bumptech.glide.RequestManager.<init>(RequestManager.java:147)] [com.bumptech.glide.RequestManager.<init>(RequestManager.java:105)] [com.bumptech.glide.manager.RequestManagerRetriever$1.build(RequestManagerRetriever.java:292)] [com.bumptech.glide.manager.LifecycleRequestManagerRetriever.getOrCreate(LifecycleRequestManagerRetriever.java:43)] [com.bumptech.glide.manager.RequestManagerRetriever.get(RequestManagerRetriever.java:114)] [com.bumptech.glide.manager.RequestManagerRetriever.get(RequestManagerRetriever.java:92)] [com.bumptech.glide.Glide.with(Glide.java:545)] [es.uniovi.recetasasturianas.ui.list.RecipeAdapter$RecipeViewHolder.bind(RecipeAdapter.kt:126)] [es.uniovi.recetasasturianas.ui.list.RecipeAdapter.onBindViewHolder(RecipeAdapter.kt:76)] [es.uniovi.recetasasturianas.ui.list.RecipeAdapter.onBindViewHolder(RecipeAdapter.kt:27)] [androidx.recyclerview.widget.RecyclerView$Adapter.onBindViewHolder(RecyclerView.java:7065)] [androidx.recyclerview.widget.RecyclerView$Adapter.bindViewHolder(RecyclerView.java:7107)] [androidx.recyclerview.widget.RecyclerView$Recycler.tryBindViewHolderByDeadline(RecyclerView.java:6012)] [androidx.recyclerview.widget.RecyclerView$Recycler.tryGetViewHolderForPositionByDeadline(RecyclerView.java:6279)] [androidx.recyclerview.widget.RecyclerView$Recycler.getViewForPosition(RecyclerView.java:6118)] [androidx.recyclerview.widget.RecyclerView$Recycler.getViewForPosition(RecyclerView.java:6114)] [androidx.recyclerview.widget.LinearLayoutManager$LayoutState.next(LinearLayoutManager.java:2303)] [androidx.recyclerview.widget.LinearLayoutManager.layoutChunk(LinearLayoutManager.java:1627)] [androidx.recyclerview.widget.LinearLayoutManager.fill(LinearLayoutManager.java:1587)] [androidx.recyclerview.widget.LinearLayoutManager.onLayoutChildren(LinearLayoutManager.java:665)] [androidx.recyclerview.widget.RecyclerView.dispatchLayoutStep2(RecyclerView.java:4134)] [androidx.recyclerview.widget.RecyclerView.dispatchLayout(RecyclerView.java:3851)] [androidx.recyclerview.widget.RecyclerView.consumePendingUpdateOperations(RecyclerView.java:1897)] [androidx.recyclerview.widget.RecyclerView$1.run(RecyclerView.java:414)] [android.view.Choreographer$CallbackRecord.run(Choreographer.java:1901)] [android.view.Choreographer$CallbackRecord.run(Choreographer.java:1910)] [android.view.Choreographer.doCallbacks(Choreographer.java:1367)] [android.view.Choreographer.doFrame(Choreographer.java:1282)] [android.view.Choreographer$FrameDisplayEventReceiver.run(Choreographer.java:1870)]
05-15 20:59:52.476  1977  6941 D ConnectivityService: requestNetwork for uid/pid:10625/24090 activeRequest: null callbackRequest: 58604 [NetworkRequest [ REQUEST id=58605, [ Capabilities: INTERNET&NOT_RESTRICTED&TRUSTED&NOT_VCN_MANAGED&NOT_BANDWIDTH_CONSTRAINED Uid: 10625 RequestorUid: 10625 RequestorPkg: es.uniovi.recetasasturianas UnderlyingNetworks: Null] ]] callback flags: 0 order: 2147483647 isUidTracked: false declaredMethods: AVAIL|LOST
05-15 20:59:52.476  1977  3160 D ConnectivityService:    accepting network in place of null for NetworkRequest [ REQUEST id=58605, [ Capabilities: INTERNET&NOT_RESTRICTED&TRUSTED&NOT_VCN_MANAGED&NOT_BANDWIDTH_CONSTRAINED Uid: 10625 RequestorUid: 10625 RequestorPkg: es.uniovi.recetasasturianas UnderlyingNetworks: Null] ]
05-15 20:59:52.477 24090 24090 I MaterialCardView: Setting a custom background is not supported.
05-15 20:59:52.477  1977  3160 D ConnectivityService: Rematched networks [computed 0ms] [applied 0ms] [issued 1]
05-15 20:59:52.477  1977  3160 D ConnectivityService: NetworkReassignment :
05-15 20:59:52.477  1977  3160 D ConnectivityService:   58605 : null → 2805
05-15 20:59:52.478  1808  1808 I SurfaceFlinger: [Display 0 name="Built-in Screen"#172933] setFrameRateCategory: High
05-15 20:59:52.478  1808  1808 I SurfaceFlinger: RequestedLayer [es.uniovi.recetasasturianas/es.uniov[...]sturianas.MainActivity$_24090#179611] hidden!! flag  from(1) --> to(0)
05-15 20:59:52.478  1808  1808 I SurfaceFlinger: [LayerHierarchy{RequestedLayerState{9f5a776 es.uniovi.recetasasturianas/es.uniovi.recetasasturianas.MainActivity#179610 parentId=179614} 1 children}] reparent to LayerHierarchy{RequestedLayerState{Surface(name=9f5a776 es.uniovi.recetasasturianas/es.uniovi.recetasasturianas.MainActivity)/@0xd862f4e - animation-leash of starting_reveal#179614 parentId=179601} 1 children}
05-15 20:59:52.480  1977  6941 I WindowManager: Relayout Window{a26c45c u0 Splash Screen es.uniovi.recetasasturianas}: viewVisibility=8 req=1080x2340 ty=3 d0
05-15 20:59:52.481  1977  6941 D SurfaceComposerClient: setCornerRadius ## 9f5a776 es.uniovi.recetasasturianas/es.uniovi.recetasasturianas.MainActivity#179610 cornerRadius=0.000000
05-15 20:59:52.481  1977  6941 D SurfaceComposerClient: setCornerRadius ## a26c45c Splash Screen es.uniovi.recetasasturianas#179603 cornerRadius=0.000000
05-15 20:59:52.481  1977  6941 D SurfaceComposerClient: setCornerRadius ## 9f5a776 es.uniovi.recetasasturianas/es.uniovi.recetasasturianas.MainActivity#179610 cornerRadius=0.000000
05-15 20:59:52.482  1977  6941 I WindowManager: Relayout hash=a26c45c, pid=11062, syncId=-1: mAttrs={(0,0)(fillxfill) sim={adjust=pan} layoutInDisplayCutoutMode=always ty=APPLICATION_STARTING fmt=TRANSLUCENT wanim=0x1030317
05-15 20:59:52.482  1977  6941 I WindowManager:   fl=81030118
05-15 20:59:52.482  1977  6941 I WindowManager:   pfl=10000810
05-15 20:59:52.482  1977  6941 I WindowManager:   bhv=1
05-15 20:59:52.482  1977  6941 I WindowManager:   fitSides=0
05-15 20:59:52.482  1977  6941 I WindowManager:   frameRateBoostOnTouch=true
05-15 20:59:52.482  1977  6941 I WindowManager:   dvrrWindowFrameRateHint=true naviIconColor=0}
05-15 20:59:52.482 11062 11138 I VRI[recetasasturianas]@d3c7de5: onActiveControlsChanged, removed=false, mAdded=true, caller=android.view.ViewRootImpl.handleInsetsControlChanged:3002 android.view.ViewRootImpl.relayoutWindow:11629 android.view.ViewRootImpl.performTraversals:4804 android.view.ViewRootImpl.doTraversal:3924 android.view.ViewRootImpl$TraversalRunnable.run:12903
05-15 20:59:52.483 11062 11138 I VRI[recetasasturianas]@d3c7de5: Relayout returned: old=(0,0,1080,2340) new=(0,0,1080,2340) relayoutAsync=false req=(1080,2340)8 dur=2 res=0x2 s={false 0x0} ch=true seqId=0
05-15 20:59:52.483 11062 11138 D VRI[recetasasturianas]@d3c7de5: Not drawing due to not visible. Reason=View.GONE
05-15 20:59:52.483 11062 11138 W WindowOnBackDispatcher: sendCancelIfRunning: isInProgress=false callback=android.view.ViewRootImpl$$ExternalSyntheticLambda16@33c1361
05-15 20:59:52.483 24090 24090 I MaterialCardView: Setting a custom background is not supported.
05-15 20:59:52.484 11062 11138 I VRI[recetasasturianas]@d3c7de5: dispatchDetachedFromWindow
05-15 20:59:52.484  1977  3573 I SemDvfsHyPerManager: acquire hyper - AMS_RESUME_TAIL/1977@22, type = -999
05-15 20:59:52.484  1977  3573 I SemDvfsHyPerManager: acquire hyper - AMS_ACT_LAZY/1977@23, type = -999
05-15 20:59:52.484  1977  3573 D InputTransport: Input channel destroyed: 'a26c45c', fd=1130
05-15 20:59:52.485  1632  1829 I HYPER-HAL: [RequestManager.cpp]acquire(): Acquired ID : 1999022  [1977 / 22]    HINT : AMS_RESUME_TAIL    list :
05-15 20:59:52.485  1632  1829 I HYPER-HAL: [ResourceManager.cpp]updateResource(): [CPUMinFreq] UpdateResource Request ID : 1999022    Value : 1785600
05-15 20:59:52.485  1632  1829 I HYPER-HAL: [RequestManager.cpp]acquire(): Acquired ID : 2001023  [1977 / 23]    HINT : AMS_ACT_LAZY    list :
05-15 20:59:52.485  1632  1829 I HYPER-HAL: [ResourceManager.cpp]removeResource(): [CPULittleMinFreq] RemoveResource Request ID : 2011043
05-15 20:59:52.485  1977  3573 D SurfaceComposerClient: setCornerRadius ## 9f5a776 es.uniovi.recetasasturianas/es.uniovi.recetasasturianas.MainActivity#179610 cornerRadius=0.000000
05-15 20:59:52.485  1977  3573 D SurfaceComposerClient: setCornerRadius ## 9f5a776 es.uniovi.recetasasturianas/es.uniovi.recetasasturianas.MainActivity#179610 cornerRadius=0.000000
05-15 20:59:52.485  1808  1808 D SurfaceFlinger: Display 4630947232161729154 HWC layers:
05-15 20:59:52.485  1808  1808 D SurfaceFlinger:        DEVICE |          103465762160667 | 00002102 | RGBA_8888    |    0.0    0.0 1080.0 2340.0 |    0    0 1080 2340 | es.uniovi.recetasasturianas/es.uniov[...]sturianas.MainActivity$_24090#179611 (1)
05-15 20:59:52.485  1808  1808 D SurfaceFlinger:        DEVICE |           47510928231551 | 00002100 | RGBA_8888    |    0.0    0.0 1080.0 2340.0 |    0    0 1080 2340 | Splash Screen es.uniovi.recetasasturianas$_11062#179604 (1)
05-15 20:59:52.485  1808  1808 D SurfaceFlinger:        DEVICE |           47510928230647 | 00002100 | RGBA_8888    |    0.0    0.0 1080.0   99.0 |    0    0 1080   99 | StatusBar$_11062#172976 (4142)
05-15 20:59:52.485  1808  1808 D SurfaceFlinger:        DEVICE |           47510928230672 | 00002100 | RGBA_8888    |    0.0    0.0 1080.0  144.0 |    0 2196 1080 2340 | NavigationBar0$_11062#172972 (357)
05-15 20:59:52.485  1808  1808 D SurfaceFlinger:        DEVICE |           27157078223661 | 00002100 | RGBA_8888    |    0.0   13.0  290.0  158.0 |  395    0  685  145 | $_6323#154529 (967)
05-15 20:59:52.485  1808  1808 D SurfaceFlinger:        DEVICE |           27157078223656 | 00002100 | RGBA_8888    |    0.0    0.0 1080.0  115.0 |    0    0 1080  115 | $_6323#177506 (652)
05-15 20:59:52.485  1808  1808 D SurfaceFlinger:        DE
05-15 20:59:52.486  1808  1808 D SurfaceFlinger: VICE |           47510928230638 | 00002140 | RGBA_8888    |    0.0    0.0 1080.0  121.0 |    0    0 1080  121 | ScreenDecorOverlay$_11062#172986 (67)
05-15 20:59:52.486  1808  1808 D SurfaceFlinger:        DEVICE |           47510928230639 | 00002140 | RGBA_8888    |    0.0    0.0 1080.0  121.0 |    0 2219 1080 2340 | ScreenDecorOverlayBottom$_11062#172987 (60)
05-15 20:59:52.486  1808  1808 D SurfaceFlinger:
05-15 20:59:52.486 23357 23357 I InputMethodService: removeImeSurface
05-15 20:59:52.486 23357 23357 I InputMethodService: cancelImeSurfaceRemoval: removeCallbacks
05-15 20:59:52.486  1977  3573 D InputDispatcher: Focus entered window (0): 9f5a776 es.uniovi.recetasasturianas/es.uniovi.recetasasturianas.MainActivity
05-15 20:59:52.486  4301  4301 E pageboostd: Received HALT command code 2
05-15 20:59:52.487 11062 11138 D InputTransport: Input channel destroyed: 'a26c45c', fd=443
05-15 20:59:52.488 20661 20661 W WindowOnBackDispatcher: sendCancelIfRunning: isInProgress=false callback=b.TeCqMNUAa81tlGMLY@555456b
05-15 20:59:52.489 20661 20661 I VRI[HomeActivity]@27ecfc4: stopped(true) old = false
05-15 20:59:52.489 20661 20661 D VRI[HomeActivity]@27ecfc4: WindowStopped on bitpit.launcher/bitpit.launcher.ui.HomeActivity set to true
05-15 20:59:52.489 20661 20699 D HWUI    : CacheManager::trimMemory(20)
05-15 20:59:52.489  1977  2142 D SurfaceComposerClient: setCornerRadius ## 9f5a776 es.uniovi.recetasasturianas/es.uniovi.recetasasturianas.MainActivity#179610 cornerRadius=0.000000
05-15 20:59:52.491 20661 20661 I AutofillManager: onInvisibleForAutofill(): expiringResponse
05-15 20:59:52.491  1632  1829 I HYPER-HAL: [ResourceManager.cpp]removeResource(): [CPUMinFreq] RemoveResource Request ID : 2011043
05-15 20:59:52.492  1632  1829 I HYPER-HAL: [RequestManager.cpp]releaseLocked(): Released ID : 2011043
05-15 20:59:52.492  1977  6943 I AppWidgetServiceImpl: stopListening callbacks : null
05-15 20:59:52.493  1632 24389 I HYPER-HAL: [RequestManager.cpp]releaseLocked(): Released ID : 17508424
05-15 20:59:52.497 12633 21222 I Routine@Core[4.9.04.16]: ActivityWatcherListenerImpl: onStopComponent: componentName - bitpit.launcher, userId: 0
05-15 20:59:52.497  1977  2142 D SurfaceComposerClient: setCornerRadius ## 9f5a776 es.uniovi.recetasasturianas/es.uniovi.recetasasturianas.MainActivity#179610 cornerRadius=0.000000
05-15 20:59:52.497  1977  2142 D SurfaceComposerClient: setCornerRadius ## 9f5a776 es.uniovi.recetasasturianas/es.uniovi.recetasasturianas.MainActivity#179610 cornerRadius=0.000000
05-15 20:59:52.497 12633 21222 I Routine@Core[4.9.04.16]: Pref: putSharedPrefsData: key=condition_launch_app_data_resume_pkg, data.size=70
05-15 20:59:52.499  1977  2134 D PkgPredictorService-SecIpmManagerServiceImpl: bg information pid:20661 uid:10578 pkgName:bitpit.launcher
05-15 20:59:52.501 24090 24090 I VRI[MainActivity]@b76624d: handleResized, frames=ClientWindowFrames{frame=[0,0][1080,2340] display=[0,0][1080,2340] parentFrame=[0,0][0,0]} displayId=0 dragResizing=false compatScale=1.0 frameChanged=false attachedFrameChanged=false configChanged=false displayChanged=false compatScaleChanged=false dragResizingChanged=false
05-15 20:59:52.501 24090 24090 I VRI[MainActivity]@b76624d: handleResized mSyncSeqId = 0
05-15 20:59:52.501 24090 24090 D VRI[MainActivity]@b76624d: reportNextDraw android.view.ViewRootImpl.handleResized:2983 android.view.ViewRootImpl.-$$Nest$mhandleResized:0 android.view.ViewRootImpl$W.resized:14082 android.app.servertransaction.WindowStateResizeItem.execute:93 android.app.servertransaction.WindowStateTransactionItem.execute:62
05-15 20:59:52.501 24090 24090 I InsetsSourceConsumer: applyRequestedVisibilityToControl: visible=true, type=statusBars, host=es.uniovi.recetasasturianas/es.uniovi.recetasasturianas.MainActivity
05-15 20:59:52.502 24090 24090 I InsetsSourceConsumer: applyRequestedVisibilityToControl: visible=true, type=navigationBars, host=es.uniovi.recetasasturianas/es.uniovi.recetasasturianas.MainActivity
05-15 20:59:52.502  1808  1808 I SurfaceFlinger: [Display 0 name="Built-in Screen"#172933] setFrameRateCategory: Default
05-15 20:59:52.502  1808  1808 I SurfaceFlinger: [LayerHierarchy{RequestedLayerState{a26c45c Splash Screen es.uniovi.recetasasturianas#179603 z=2147483647} 1 children}] reparent to OffscreenRoot
05-15 20:59:52.502  1808  1808 I SurfaceFlinger: [LayerHierarchy{RequestedLayerState{a26c45c Splash Screen es.uniovi.recetasasturianas#179603 z=2147483647} 1 children}] RelativeParent to null
05-15 20:59:52.502  1808  1808 I SurfaceFlinger: [LayerHierarchy{RequestedLayerState{bitpit.launcher/bitpit.launcher.ui.HomeActivity$_20661#179594} no children}] reparent to OffscreenRoot
05-15 20:59:52.502  1808  1808 I SurfaceFlinger: [LayerHierarchy{RequestedLayerState{bitpit.launcher/bitpit.launcher.ui.HomeActivity$_20661#179594} no children}] RelativeParent to null
05-15 20:59:52.502  1808  1808 I SurfaceFlinger: [LayerHierarchy{RequestedLayerState{Splash Screen es.uniovi.recetasasturianas$_11062#179604} no children}] reparent to OffscreenRoot
05-15 20:59:52.502  1808  1808 I SurfaceFlinger: [LayerHierarchy{RequestedLayerState{Splash Screen es.uniovi.recetasasturianas$_11062#179604} no children}] RelativeParent to null
05-15 20:59:52.502  1808  1808 I SurfaceFlinger: [LayerHierarchy{RequestedLayerState{9f5a776 es.uniovi.recetasasturianas/es.uniovi.recetasasturianas.MainActivity#179610 parentId=179601} 1 children}] reparent to LayerHierarchy{RequestedLayerState{ActivityRecord{97786880 u0 es.uniovi.recetasasturianas/.MainActivity t2388}#179601 parentId=179600} 3 children}
05-15 20:59:52.502  1808  1808 I SurfaceFlinger: [LayerHierarchy{RequestedLayerState{Surface(name=9f5a776 es.uniovi.recetasasturianas/es.uniovi.recetasasturianas.MainActivity)/@0xd862f4e - animation-leash of starting_reveal#179614} no children}] reparent to OffscreenRoot
05-15 20:59:52.502  1808  1808 I SurfaceFlinger: [LayerHierarchy{RequestedLayerState{Surface(name=9f5a776 es.uniovi.recetasasturianas/es.uniovi.recetasasturianas.MainActivity)/@0xd862f4e - animation-leash of starting_reveal#179614} no children}] RelativeParent to null
05-15 20:59:52.503 20661 20661 D BBA2    : setIsFg isFg = false; delayValue 3999ms
05-15 20:59:52.505  1808  1808 I SurfaceFlinger: id=179594 Removed bitpit.launcher/bitpit.launcher.ui.HomeActivity$_20661#179594 (170)
05-15 20:59:52.505 24090 24090 D VRI[MainActivity]@b76624d: Setup new sync=wmsSync-VRI[MainActivity]@b76624d#16
05-15 20:59:52.505 24090 24090 I VRI[MainActivity]@b76624d: Creating new active sync group VRI[MainActivity]@b76624d#17
05-15 20:59:52.505  1808  1808 I SurfaceFlinger: id=179604 Removed Splash Screen es.uniovi.recetasasturianas$_11062#179604 (170)
05-15 20:59:52.505  1808  1808 I SurfaceFlinger: id=179603 Removed a26c45c Splash Screen es.uniovi.recetasasturianas#179603 (170)
05-15 20:59:52.505 24090 24090 D VRI[MainActivity]@b76624d: registerCallbacksForSync syncBuffer=false
05-15 20:59:52.506  1808  1808 E RefreshRateSelector: Can't find HRR max refresh rate by policy with the same group 1080
05-15 20:59:52.509 24090 24176 D VRI[MainActivity]@b76624d: Received frameDrawingCallback syncResult=0 frameNum=3.
05-15 20:59:52.509 24090 24176 I VRI[MainActivity]@b76624d: Setting up sync and frameCommitCallback
05-15 20:59:52.511  1808  1808 D SurfaceFlinger: Display 4630947232161729154 HWC layers:
05-15 20:59:52.511  1808  1808 D SurfaceFlinger:        DEVICE |          103465762160666 | 00002102 | RGBA_8888    |    0.0    0.0 1080.0 2340.0 |    0    0 1080 2340 | es.uniovi.recetasasturianas/es.uniov[...]sturianas.MainActivity$_24090#179611 (2)
05-15 20:59:52.511  1808  1808 D SurfaceFlinger:        DEVICE |           47510928230647 | 00002100 | RGBA_8888    |    0.0    0.0 1080.0   99.0 |    0    0 1080   99 | StatusBar$_11062#172976 (4142)
05-15 20:59:52.511  1808  1808 D SurfaceFlinger:        DEVICE |           47510928230672 | 00002100 | RGBA_8888    |    0.0    0.0 1080.0  144.0 |    0 2196 1080 2340 | NavigationBar0$_11062#172972 (357)
05-15 20:59:52.511  1808  1808 D SurfaceFlinger:        DEVICE |           27157078223661 | 00002100 | RGBA_8888    |    0.0   13.0  290.0  158.0 |  395    0  685  145 | $_6323#154529 (967)
05-15 20:59:52.511  1808  1808 D SurfaceFlinger:        DEVICE |           27157078223656 | 00002100 | RGBA_8888    |    0.0    0.0 1080.0  115.0 |    0    0 1080  115 | $_6323#177506 (652)
05-15 20:59:52.511  1808  1808 D SurfaceFlinger:        DEVICE |           47510928230638 | 00002140 | RGBA_8888    |    0.0    0.0 1080.0  121.0 |    0    0 1080  121 | ScreenDecorOverlay$_11062#172986 (67)
05-15 20:59:52.511  1808  1808 D SurfaceFlinger:        DEVICE |           47510
05-15 20:59:52.511  1808  1808 D SurfaceFlinger: 928230639 | 00002140 | RGBA_8888    |    0.0    0.0 1080.0  121.0 |    0 2219 1080 2340 | ScreenDecorOverlayBottom$_11062#172987 (60)
05-15 20:59:52.511  1808  1808 D SurfaceFlinger:
05-15 20:59:52.511  1808  1808 I SurfaceFlinger: destroyed a26c45c Splash Screen es.uniovi.recetasasturianas#179603 form LifecycleManager
05-15 20:59:52.511  1808  1808 I SurfaceFlinger: destroyed bitpit.launcher/bitpit.launcher.ui.HomeActivity$_20661#179594 form LifecycleManager
05-15 20:59:52.511  1808  1808 I SurfaceFlinger: destroyed Splash Screen es.uniovi.recetasasturianas$_11062#179604 form LifecycleManager
05-15 20:59:52.511  1808  1808 I SurfaceFlinger: id=179603 onLayerDestroyed from LayerHierarchyBuilder(RequestedLayerState{a26c45c Splash Screen es.uniovi.recetasasturianas#179603 !handle z=2147483647})
05-15 20:59:52.511  1808  1808 I SurfaceFlinger: id=179594 onLayerDestroyed from LayerHierarchyBuilder(RequestedLayerState{bitpit.launcher/bitpit.launcher.ui.HomeActivity$_20661#179594 !handle})
05-15 20:59:52.511  1808  1808 I SurfaceFlinger: id=179604 onLayerDestroyed from LayerHierarchyBuilder(RequestedLayerState{Splash Screen es.uniovi.recetasasturianas$_11062#179604 !handle})
05-15 20:59:52.511  1808  1808 I Layer   : id=179603 Destroyed a26c45c Splash Screen es.uniovi.recetasasturianas#179603
05-15 20:59:52.511  1808  1808 I Layer   : id=179594 Destroyed bitpit.launcher/bitpit.launcher.ui.HomeActivity$_20661#179594
05-15 20:59:52.512  1808  1808 I Layer   : id=179604 Destroyed Splash Screen es.uniovi.recetasasturianas$_11062#179604
05-15 20:59:52.513 24090 24155 I VRI[MainActivity]@b76624d: Received frameCommittedCallback lastAttemptedDrawFrameNum=3 didProduceBuffer=true
05-15 20:59:52.514 24090 24090 D VRI[MainActivity]@b76624d: reportDrawFinished seqId=0
05-15 20:59:52.514 24090 24090 D VRI[MainActivity]@b76624d: mThreadedRenderer.initializeIfNeeded()#2 mSurface={isValid=true 0xb400007de8ee1e80}
05-15 20:59:52.515 24090 24090 D InputMethodManagerUtils: startInputInner - Id : 0
05-15 20:59:52.515 24090 24090 I InputMethodManager: startInputInner - IInputMethodManagerGlobalInvoker.startInputOrWindowGainedFocus
05-15 20:59:52.515  1977  2142 D SurfaceComposerClient: setCornerRadius ## 9f5a776 es.uniovi.recetasasturianas/es.uniovi.recetasasturianas.MainActivity#179610 cornerRadius=0.000000
05-15 20:59:52.516  1977  2142 D SurfaceComposerClient: setCornerRadius ## 9f5a776 es.uniovi.recetasasturianas/es.uniovi.recetasasturianas.MainActivity#179610 cornerRadius=0.000000
05-15 20:59:52.521  1977  2946 I ImeTracker: es.uniovi.recetasasturianas:8e59c0e: onRequestHide at ORIGIN_SERVER reason HIDE_UNSPECIFIED_WINDOW fromUser false
05-15 20:59:52.521 24090 24090 I InputMethodManager: handleMessage: setImeVisibility visible=false
05-15 20:59:52.521 24090 24090 D InsetsController: hide(ime(), fromIme=false)
05-15 20:59:52.521 24090 24090 I ImeTracker: es.uniovi.recetasasturianas:8e59c0e: onCancelled at PHASE_CLIENT_ALREADY_HIDDEN
05-15 20:59:52.522  1977  2946 D InputTransport: Input channel constructed: 'ClientS', fd=1049
05-15 20:59:52.523  1977  2946 D InputTransport: Input channel destroyed: 'ClientS', fd=1049
05-15 20:59:52.523 24090 24299 D InputTransport: Input channel constructed: 'ClientS', fd=176
05-15 20:59:52.523 23357 23357 I LatinIME: onFinishInput
05-15 20:59:52.523 23357 23357 D InputMethodService: unregisterCompatOnBackInvokedCallback return because registered : false
05-15 20:59:52.523 23357 23357 D InputMethodService: updateClientDisplayId: displayId=0, mClientDisplayId=0
