05-15 20:59:45.006 24090 24138 I TestRunner: started: bottomNavigation_navigatesBetweenTabs(es.uniovi.recetasasturianas.NavigationTest)
05-15 20:59:45.006  5792  5838 I Finsky  : [1203] Installer package name of package com.sec.android.app.sbrowser is com.sec.android.app.samsungapps
05-15 20:59:45.006  5792  5838 I Finsky  : [1203] Installer package name of package com.samsung.android.app.spage is com.sec.android.app.samsungapps
05-15 20:59:45.006  5792  5838 I Finsky  : [1203] Installer package name of package com.samsung.android.game.gamehome is com.sec.android.app.samsungapps
05-15 20:59:45.006  5792  5838 I Finsky  : [1203] Installer package name of package com.sec.android.app.clockpackage is
05-15 20:59:45.006  5792  5838 I Finsky  : [1203] Installer package name of package com.sec.android.app.myfiles is com.sec.android.app.samsungapps
05-15 20:59:45.006  5792  5838 I Finsky  : [1203] Installer package name of package com.sec.android.app.samsungapps is com.sec.android.app.samsungapps
05-15 20:59:45.006  5792  5838 I Finsky  : [1203] Installer package name of package com.sec.android.daemonapp is
05-15 20:59:45.006  5792  5838 I Finsky  : [1203] Installer package name of package com.sec.android.easyMover is com.sec.android.app.samsungapps
05-15 20:59:45.006  5792  5838 I Finsky  : [1203] Installer package name of package app.morphe.manager is app.morphe.manager
05-15 20:59:45.007  5792  5838 I Finsky  : [1203] Installer package name of package app.revanced.android.gms is com.google.android.packageinstaller
05-15 20:59:45.007  5792  5838 I Finsky  : [1203] Installer package name of package com.amanoteam.kahon is
05-15 20:59:45.007  5792  5838 I Finsky  : [1203] Installer package name of package com.android.samsung.utilityapp is com.sec.android.app.samsungapps
05-15 20:59:45.007  5792  5838 I Finsky  : [1203] Installer package name of package com.dixmaxteam.dixmax.android is com.google.android.packageinstaller
05-15 20:59:45.007  5792  5838 I Finsky  : [1203] Installer package name of package com.gokadzev.musify is
05-15 20:59:45.007  5792  5838 I Finsky  : [1203] Installer package name of package com.jiaqifeng.hacki is
05-15 20:59:45.007  5792  5838 I Finsky  : [1203] Installer package name of package com.junkfood.seal is
05-15 20:59:45.007  5792  5838 I Finsky  : [1203] Installer package name of package com.lagradost.cloudstream3 is dev.imranr.obtainium
05-15 20:59:45.007  5792  5838 I Finsky  : [1203] Installer package name of package com.nahnah.florid is com.google.android.packageinstaller
05-15 20:59:45.007  5792  5838 I Finsky  : [1203] Installer package name of package com.northcube.sleepcycle is com.google.android.packageinstaller
05-15 20:59:45.007  5792  5838 I Finsky  : [1203] Installer package name of package com.pryshedko.mtisland is com.google.android.packageinstaller
05-15 20:59:45.007  5792  5838 I Finsky  : [1203] Installer package name of package com.rarlab.rar is dev.imranr.obtainium
05-15 20:59:45.007  5792  5838 I Finsky  : [1203] Installer package name of package com.reddit.frontpage is app.morphe.manager
05-15 20:59:45.008  5792  5838 I Finsky  : [1203] Installer package name of package com.samsung.android.app.notes is com.sec.android.app.samsungapps
05-15 20:59:45.008  5792  5838 I Finsky  : [1203] Installer package name of package com.samsung.android.app.routineplus is com.sec.android.app.samsungapps
05-15 20:59:45.008  5792  5838 I Finsky  : [1203] Installer package name of package com.samsung.android.app.watchmanager is com.sec.android.app.samsungapps
05-15 20:59:45.008  5792  5838 I Finsky  : [1203] Installer package name of package com.samsung.android.displayassistant is com.sec.android.app.samsungapps
05-15 20:59:45.008  5792  5838 I Finsky  : [1203] Installer package name of package com.samsung.android.goodlock is com.sec.android.app.samsungapps
05-15 20:59:45.008  5792  5838 I Finsky  : [1203] Installer package name of package com.samsung.android.keyscafe is com.sec.android.app.samsungapps
05-15 20:59:45.008  5792  5838 I Finsky  : [1203] Installer package name of package com.samsung.android.spay is com.sec.android.app.samsungapps
05-15 20:59:45.008  5792  5838 I Finsky  : [1203] Installer package name of package com.samsung.android.themedesigner is com.sec.android.app.samsungapps
05-15 20:59:45.008  5792  5838 I Finsky  : [1203] Installer package name of package com.samsung.android.wonderland.wallpaper is com.sec.android.app.samsungapps
05-15 20:59:45.008  5792  5838 I Finsky  : [1203] Installer package name of package com.sec.android.app.voicenote is com.samsung.android.app.updatecenter
05-15 20:59:45.008  5792  5838 I Finsky  : [1203] Installer package name of package com.tercap.tersat is com.google.android.packageinstaller
05-15 20:59:45.008  5792  5838 I Finsky  : [1203] Installer package name of package cs14.pixelperfect.iconpack.heradark is com.google.android.packageinstaller
05-15 20:59:45.008  5792  5838 I Finsky  : [1203] Installer package name of package dev.imranr.obtainium is
05-15 20:59:45.008  5792  5838 I Finsky  : [1203] Installer package name of package es.uniovi.recetasasturianas is
05-15 20:59:45.008  5792  5838 I Finsky  : [1203] Installer package name of package helium314.keyboard is dev.imranr.obtainium
05-15 20:59:45.008  5792  5838 I Finsky  : [1203] Installer package name of package me.zhanghai.android.files is dev.imranr.obtainium
05-15 20:59:45.008  5792  5838 I Finsky  : [1203] Installer package name of package moe.shizuku.privileged.api is com.google.android.packageinstaller
05-15 20:59:45.008  5792  5838 I Finsky  : [1203] Installer package name of package org.documentfoundation.libreoffice is
05-15 20:59:45.008  5792  5838 I Finsky  : [1203] Installer package name of package org.lichess.mobileV2 is dev.imranr.obtainium
05-15 20:59:45.008  5792  5838 I Finsky  : [1203] Installer package name of package org.proninyaroslav.libretorrent is dev.imranr.obtainium
05-15 20:59:45.008  5792  5838 I Finsky  : [1203] Installer package name of package org.telegram.messenger.web is dev.imranr.obtainium
05-15 20:59:45.008  5792  5838 I Finsky  : [1203] Installer package name of package proton.android.pass is dev.imranr.obtainium
05-15 20:59:45.008  5792  5838 I Finsky  : [1203] Installer package name of package ws.compose.anime.mod is com.google.android.packageinstaller
05-15 20:59:45.008  5792  5838 I Finsky  : [1203] Installer package name of package zed.rainxch.githubstore is dev.imranr.obtainium
05-15 20:59:45.013 24090 24138 W Settings: Setting always_finish_activities has moved from android.provider.Settings.System to android.provider.Settings.Global, returning read-only value.
05-15 20:59:45.016 24090 24138 E ashmem  : Pinning is deprecated since Android Q. Please use trim or other methods.
05-15 20:59:45.028  1977  4243 I SemDvfsHyPerManager: acquire hyper - AMS_APP_SWITCH/1977@28, type = -999
05-15 20:59:45.031  1808  2497 I SurfaceFlinger: id=179397 createSurf, flag=24004, Task=2376#179397
05-15 20:59:45.032  1632  1829 I HYPER-HAL: [RequestManager.cpp]acquire(): Acquired ID : 2011043  [1977 / 28]    HINT : AMS_APP_SWITCH    list :
05-15 20:59:45.033  1632  1829 I HYPER-HAL: [ResourceManager.cpp]updateResource(): [CPULittleMinFreq] UpdateResource Request ID : 2011043    Value : 1804800
05-15 20:59:45.034  1808  2497 I SurfaceFlinger: id=179398 createSurf, flag=84004, ActivityRecord{261437244 u0 es.uniovi.recetasasturianas/.MainActivity t2376}#179398
05-15 20:59:45.034  5896  5896 I SemDvfsHyPerManager: acquire hyper - APP_START_SHORT/5896@15, type = -999
05-15 20:59:45.039  1977  2997 I SemDvfsHyPerManager: acquire hyper - AMS_APP_LAUNCH/1977@21, type = -999
05-15 20:59:45.041  4301  4301 E pageboostd: Received HALT command code 2
05-15 20:59:45.046 11062 11118 D ShellDesktopMode: handleRequest: TransitionRequestInfo {type=1, tid=2376, debugId=14569}
05-15 20:59:45.047  5896  5896 I SemDvfsHyPerManager: acquire hyper - APP_START/5896@17, type = -999
05-15 20:59:45.053  1808  1808 I SurfaceFlinger: [Task=2376#179397] attach to parent LayerHierarchy{RequestedLayerState{DefaultTaskDisplayArea_d0#172934 parentId=9} 10 children}
05-15 20:59:45.053  1808  1808 I SurfaceFlinger: [ActivityRecord{261437244 u0 es.uniovi.recetasasturianas/.MainActivity t2376}#179398] attach to parent LayerHierarchy{RequestedLayerState{Task=2376#179397 parentId=172934} 1 children}
05-15 20:59:45.062  1977  2997 D InputDispatcher: Focused application(0): ActivityRecord{261437244 u0 es.uniovi.recetasasturianas/.MainActivity t2376}
05-15 20:59:45.062 11062 11138 D ViewRootImpl: desktopMode is false
05-15 20:59:45.062 11062 11138 I ViewRootImpl: dVRR is disabled
05-15 20:59:45.063  1632  1829 I HYPER-HAL: [ResourceManager.cpp]updateResource(): [CPUMinFreq] UpdateResource Request ID : 2011043    Value : 2841600
05-15 20:59:45.063 11062 11227 D NativeCustomFrequencyManager: [NativeCFMS] BpCustomFrequencyManager::BpCustomFrequencyManager()
05-15 20:59:45.063  4195  4401 I HoneySpace.TopTaskSource: onTaskMovedToFront : taskId = 2376, displayId = 0
05-15 20:59:45.063  1632  1829 I HYPER-HAL: [RequestManager.cpp]acquire(): Acquired ID : 17472931  [5896 / 15]    HINT : APP_START    list : [TIMEOUT / 1500]
05-15 20:59:45.064  1977  6948 D GraphicsStatsService: requestRenderEngineFor(es.uniovi.recetasasturianas)
05-15 20:59:45.064 24090 24090 D HWUI    : HWUI - treat SMPTE_170M as sRGB
05-15 20:59:45.068  4195  4403 I HoneySpace.TopTaskUseCase: topTasks 2376 ComponentInfo{es.uniovi.recetasasturianas/es.uniovi.recetasasturianas.MainActivity}[displayId=0]
05-15 20:59:45.068  1977  3269 D SemWifiTransportLayerMonitor.TcpMonitorHandler: MSG_SAVE_PACKAGE_INFO
05-15 20:59:45.068  1977  3269 D SemWifiTransportLayerFileManager: saveWifiPackageInfoToFile
05-15 20:59:45.068  1977  3269 D SemWifiTransportLayerFileManager: writeWifiPackageInfoList
05-15 20:59:45.070 12633 21221 I Routine@Core[4.9.04.16]: ActivityWatcherListenerImpl: onPauseComponent: componentName - bitpit.launcher, userId: 0
05-15 20:59:45.073  1977  3186 D AS.MultiSoundManager: mForegroundUid = 10625
05-15 20:59:45.073 11062 11062 I {OngoingActivityController}: onTaskFocusChanged but OA data is empty
05-15 20:59:45.073 12633 21221 I Routine@Core[4.9.04.16]: Pref: removeSharedPrefsData() key=condition_launch_app_data_resume_pkg
05-15 20:59:45.073  1632  1829 I HYPER-HAL: [ResourceManager.cpp]updateResource(): [CPUMaxFreq] UpdateResource Request ID : 17472931    Value : 2841600
05-15 20:59:45.074  1632  1829 I HYPER-HAL: [RequestManager.cpp]acquire(): Acquired ID : 1997022  [1977 / 21]    HINT : AMS_APP_LAUNCH    list :
05-15 20:59:45.074  1977  6943 D InputTransport: Input channel constructed: 'e92452b', fd=1062
05-15 20:59:45.074  1977  6943 D InputTransport: Input channel constructed: 'e92452b', fd=1093
05-15 20:59:45.074  1632  1829 I HYPER-HAL: [ResourceManager.cpp]updateResource(): [CPULittleMinFreq] UpdateResource Request ID : 1997022    Value : 1804800
05-15 20:59:45.074  1808  1808 I SurfaceFlinger: [Display 0 name="Built-in Screen"#172933] setFrameRateCategory: High
05-15 20:59:45.075 12633 12651 I Routine@Core[4.9.04.16]: ModeOrderObserver: ModeOrderObserver:onChange: uri content://com.samsung.android.app.routines.routineprovider/preference
05-15 20:59:45.075  4195  4401 I HoneySpace.TopTaskSource: onTaskFocusChanged(): taskId = 2376
05-15 20:59:45.076  1632  1829 I HYPER-HAL: [ResourceManager.cpp]updateResource(): [CPUMinFreq] UpdateResource Request ID : 1997022    Value : 2841600
05-15 20:59:45.076  1632  1829 I HYPER-HAL: [RequestManager.cpp]acquire(): Acquired ID : 17484758  [5896 / 17]    HINT : APP_START    list :
05-15 20:59:45.078  1808  1808 I SurfaceFlinger: [LayerHierarchy{RequestedLayerState{ImeContainer#15 parentId=116667 relativeParentId=116667 z=1} 1 children}] RelativeParent to null
05-15 20:59:45.078  1632  1829 I HYPER-HAL: [ResourceManager.cpp]updateResource(): [CPUMaxFreq] UpdateResource Request ID : 17484758    Value : 2841600
05-15 20:59:45.078  1808  1808 I BpBinder: onLastStrongRef automatically unlinking death recipients:
05-15 20:59:45.079  2090  2090 I CameraService: onUidStateChanged: uid=10048, procState is changed. (0 -> 1)
05-15 20:59:45.080  1977  6943 D InputTransport: Input channel constructed: 'e92452b', fd=1032
05-15 20:59:45.080  1977  6943 D InputTransport: Input channel destroyed: 'e92452b', fd=1093
05-15 20:59:45.080  1808  1951 D SurfaceFlinger: [input] setFocusedWindow: <null>
05-15 20:59:45.080  1977  6948 D InputDispatcher: Focus left window (0): c5a06c0 bitpit.launcher/bitpit.launcher.ui.HomeActivity
05-15 20:59:45.080  1808  1899 I SurfaceFlinger: id=179399 createSurf, flag=84004, e92452b Splash Screen es.uniovi.recetasasturianas#179399
05-15 20:59:45.081  1977  6970 D InputDispatcher: Once focus requested (0): <null>
05-15 20:59:45.082  1977  6943 D InputTransport: Input channel destroyed: 'e92452b', fd=1032
05-15 20:59:45.082  1977  2142 D SurfaceComposerClient: setCornerRadius ## e92452b Splash Screen es.uniovi.recetasasturianas#179399 cornerRadius=0.000000
05-15 20:59:45.082  1977  2142 D SurfaceComposerClient: setCornerRadius ## e92452b Splash Screen es.uniovi.recetasasturianas#179399 cornerRadius=0.000000
05-15 20:59:45.082 11062 11138 D InputTransport: Input channel constructed: 'e92452b', fd=504
05-15 20:59:45.084 20661 20661 I ImeFocusController: onPreWindowFocus: skipped hasWindowFocus=false mHasImeFocus=true
05-15 20:59:45.084  4195 23188 I HoneySpace.RecentTasks: onRecentTasksChanged
05-15 20:59:45.085 11062 11138 I InsetsController: onStateChanged: host=Splash Screen es.uniovi.recetasasturianas, from=android.view.ViewRootImpl.onInsetsStateChanged:3026, state=InsetsState: {mDisplayFrame=Rect(0, 0 - 1080, 2340), mDisplayCutout=DisplayCutout{insets=Rect(0, 99 - 0, 0) waterfall=Insets{left=0, top=0, right=0, bottom=0} boundingRect={Bounds=[Rect(0, 0 - 0, 0), Rect(505, 0 - 575, 99), Rect(0, 0 - 0, 0), Rect(0, 0 - 0, 0)]} cutoutPathParserInfo={CutoutPathParserInfo{displayWidth=1080 displayHeight=2340 physicalDisplayWidth=1080 physicalDisplayHeight=2340 density={3.0} cutoutSpec={M 0,0 M 0,29 a 35,35 0 1,0 0,70 a 35,35 0 1,0 0,-70 Z} rotation={0} scale={1.0} physicalPixelDisplaySizeRatio={1.0}}} sideOverrides={}}, mRoundedCorners=RoundedCorners{[RoundedCorner{position=TopLeft, radius=108, center=Point(108, 108)}, RoundedCorner{position=TopRight, radius=108, center=Point(972, 108)}, RoundedCorner{position=BottomRight, radius=108, center=Point(972, 2232)}, RoundedCorner{position=BottomLeft, radius=108, center=Point(108, 2232)}]}  mRoundedCornerFrame=Rect(0, 0 - 1080, 2340), mPrivacyIndicatorBounds=PrivacyIndicatorBounds {static bounds=Rect(948, 0 - 1080, 99) rotation=0}, mDisplayShape=DisplayShape{ spec=-311912193 displayWidth=1080 displayHeight=2340 physicalPixelDisplaySizeRatio=1.0 rotation=0 offsetX=0 offsetY=0 scale=1.0}, mSources= { InsetsSource: {b73a0001 mType=navigationBars mFrame=[0,0][0,0] mVisible=true mFlags=SUPPRESS_SCRIM mSideHint=NONE mBoundingRects=null}, InsetsSource: {b73a0004 mType=systemGestures mFrame=[0,0][90,2340] mVisible=true mFlags= mSideHint=LEFT mBoundingRects=null}, InsetsSource: {b73a0005 mType=mandatorySystemGestures mFrame=[0,2265][1080,2340] mVisible=true mFlags= mSideHint=BOTTOM mBoundingRects=null}, InsetsSource: {b73a0006 mType=tappableElement mFrame=[0,0][0,0] mVisible=true mFlags= mSideHint=NONE mBoundingRects=null}, InsetsSource: {b73a0024 mType=systemGestures mFrame=[990,0][1080,2340] mVisible=true mFlags= mSideHint=RIGHT mBoundingRects=null}, InsetsSource: {3 mType=ime mFrame=[0,0][0,0] mVisible=false mFlags= mSideHint=NONE mBoundingRects=null}, InsetsSource: {27 mType=displayCutout mFrame=[0,0][1080,99] mVisible=true mFlags= mSideHint=TOP mBoundingRects=null}, InsetsSource: {9260000 mType=statusBars mFrame=[0,0][1080,99] mVisible=false mFlags= mSideHint=TOP mBoundingRects=null}, InsetsSource: {9260005 mType=mandatorySystemGestures mFrame=[0,0][1080,135] mVisible=true mFlags= mSideHint=TOP mBoundingRects=null}, InsetsSource: {9260006 mType=tappableElement mFrame=[0,0][1080,99] mVisible=true mFlags= mSideHint=TOP mBoundingRects=null} }
05-15 20:59:45.086 11062 11138 I VRI[recetasasturianas]@5546d64: onActiveControlsChanged, removed=false, mAdded=true, caller=android.view.ViewRootImpl.handleInsetsControlChanged:3002 android.view.ViewRootImpl.setView:2014 android.view.WindowManagerGlobal.addView:604 com.android.wm.shell.startingsurface.SplashscreenWindowCreator.addWindow:38 com.android.wm.shell.startingsurface.StartingWindowController$$ExternalSyntheticLambda4.run:1365
05-15 20:59:45.086 11062 11138 I VRI[recetasasturianas]@5546d64: synced displayState. AttachInfo displayState=2
05-15 20:59:45.088 11062 11138 I VRI[recetasasturianas]@5546d64: setView = android.widget.FrameLayout@5deef93 IsHRR=false mFlingFrameRateChange=0 TM=true
05-15 20:59:45.089 11062 11227 D HWUI    : HWUI - treat SMPTE_170M as sRGB
05-15 20:59:45.090  1977  6948 I WindowManager: Relayout Window{e92452b u0 Splash Screen es.uniovi.recetasasturianas}: viewVisibility=0 req=1080x2340 ty=3 d0
05-15 20:59:45.090  1808  1897 I SurfaceFlinger: id=179400 createSurf, flag=44004, Splash Screen es.uniovi.recetasasturianas$_11062#179400
05-15 20:59:45.091  1808  1808 I SurfaceFlinger: [e92452b Splash Screen es.uniovi.recetasasturianas#179399] attach to parent LayerHierarchy{RequestedLayerState{ActivityRecord{261437244 u0 es.uniovi.recetasasturianas/.MainActivity t2376}#179398 parentId=179397} 1 children}
05-15 20:59:45.091  1808  1808 I SurfaceFlinger: [Splash Screen es.uniovi.recetasasturianas$_11062#179400] attach to parent LayerHierarchy{RequestedLayerState{e92452b Splash Screen es.uniovi.recetasasturianas#179399 parentId=179398} 1 children}
05-15 20:59:45.092  1977  2134 D PkgPredictorService-SecIpmManagerServiceImpl: onForegroundActivitiesChanged pid:24090 uid:10625
05-15 20:59:45.092  1977  6948 D SurfaceComposerClient: setCornerRadius ## e92452b Splash Screen es.uniovi.recetasasturianas#179399 cornerRadius=0.000000
05-15 20:59:45.093  1977  6948 D SurfaceComposerClient: setCornerRadius ## e92452b Splash Screen es.uniovi.recetasasturianas#179399 cornerRadius=0.000000
05-15 20:59:45.095  1977  6948 I WindowManager: Relayout hash=e92452b, pid=11062, syncId=-1: mAttrs={(0,0)(fillxfill) sim={adjust=pan} layoutInDisplayCutoutMode=always ty=APPLICATION_STARTING fmt=TRANSLUCENT wanim=0x1030317
05-15 20:59:45.095  1977  6948 I WindowManager:   fl=81030118
05-15 20:59:45.095  1977  6948 I WindowManager:   pfl=10000810
05-15 20:59:45.095  1977  6948 I WindowManager:   bhv=1
05-15 20:59:45.095  1977  6948 I WindowManager:   fitSides=0
05-15 20:59:45.095  1977  6948 I WindowManager:   frameRateBoostOnTouch=true
05-15 20:59:45.095  1977  6948 I WindowManager:   dvrrWindowFrameRateHint=true naviIconColor=0}
05-15 20:59:45.096 11062 11138 I VRI[recetasasturianas]@5546d64: onActiveControlsChanged, removed=false, mAdded=true, caller=android.view.ViewRootImpl.handleInsetsControlChanged:3002 android.view.ViewRootImpl.relayoutWindow:11629 android.view.ViewRootImpl.performTraversals:4804 android.view.ViewRootImpl.doTraversal:3924 android.view.ViewRootImpl$TraversalRunnable.run:12903
05-15 20:59:45.098 20661 20661 I ImeFocusController: onPostWindowFocus: skipped hasWindowFocus=false mHasImeFocus=true
05-15 20:59:45.098  1977  2134 D NetworkPolicy: already checked 10625
05-15 20:59:45.099 11062 11138 W libc    : Access denied finding property "vendor.display.enable_optimal_refresh_rate"
05-15 20:59:45.099 11062 11138 I BufferQueueProducer: [](id:2b360000013a,api:0,p:0,c:11062) setDequeueTimeout:2077252342
05-15 20:59:45.100 24090 24090 D AppCompatDelegate: Checking for metadata for AppLocalesMetadataHolderService : Service not found
05-15 20:59:45.099 11062 11138 I BLASTBufferQueue_Java: new BLASTBufferQueue, mName= VRI[recetasasturianas]@5546d64 mNativeObject= 0xb400007e28e402a0 caller= android.view.ViewRootImpl.updateBlastSurfaceIfNeeded:3585 android.view.ViewRootImpl.relayoutWindow:11685 android.view.ViewRootImpl.performTraversals:4804 android.view.ViewRootImpl.doTraversal:3924 android.view.ViewRootImpl$TraversalRunnable.run:12903 android.view.Choreographer$CallbackRecord.run:1901 android.view.Choreographer$CallbackRecord.run:1910 android.view.Choreographer.doCallbacks:1367 android.view.Choreographer.doFrame:1292 android.view.Choreographer$FrameDisplayEventReceiver.run:1870
05-15 20:59:45.103 11062 11138 I BLASTBufferQueue_Java: update, w= 1080 h= 2340 mName = VRI[recetasasturianas]@5546d64 mNativeObject= 0xb400007e28e402a0 sc.mNativeObject= 0xb400007ea8d82010 format= -3 caller= android.view.ViewRootImpl.updateBlastSurfaceIfNeeded:3590 android.view.ViewRootImpl.relayoutWindow:11685 android.view.ViewRootImpl.performTraversals:4804 android.view.ViewRootImpl.doTraversal:3924 android.view.ViewRootImpl$TraversalRunnable.run:12903 android.view.Choreographer$CallbackRecord.run:1901
05-15 20:59:45.104 12633 12651 I Routine@Core[4.9.04.16]: ModesOrderManager: getOrderOrDefault: uuid(100)
05-15 20:59:45.104 11062 11138 W libc    : Access denied finding property "vendor.display.enable_optimal_refresh_rate"
05-15 20:59:45.104 11062 11138 I VRI[recetasasturianas]@5546d64: Relayout returned: old=(0,0,1080,2340) new=(0,0,1080,2340) relayoutAsync=false req=(1080,2340)0 dur=8 res=0x3 s={true 0xb400007de8d3d0e0} ch=true seqId=0
05-15 20:59:45.105  4195  4395 I HoneySpace.StatusIconTracker: invokeEvent() called with: event = Mobile(bundle=Bundle[mParcelledData.dataSize=256])
05-15 20:59:45.105 11062 11138 I VRI[recetasasturianas]@5546d64: performConfigurationChange setNightDimText nightDimLevel=0
05-15 20:59:45.106 11062 11138 D VRI[recetasasturianas]@5546d64: mThreadedRenderer.initialize() mSurface={isValid=true 0xb400007de8d3d0e0} hwInitialized=true
05-15 20:59:45.107 11062 11138 D VRI[recetasasturianas]@5546d64: reportNextDraw android.view.ViewRootImpl.performTraversals:5443 android.view.ViewRootImpl.doTraversal:3924 android.view.ViewRootImpl$TraversalRunnable.run:12903 android.view.Choreographer$CallbackRecord.run:1901 android.view.Choreographer$CallbackRecord.run:1910
05-15 20:59:45.107 11062 11138 D VRI[recetasasturianas]@5546d64: Setup new sync=wmsSync-VRI[recetasasturianas]@5546d64#4
05-15 20:59:45.107 11062 11138 I VRI[recetasasturianas]@5546d64: Creating new active sync group VRI[recetasasturianas]@5546d64#5
05-15 20:59:45.107 11062 11138 D VRI[recetasasturianas]@5546d64: registerCallbacksForSync syncBuffer=false
05-15 20:59:45.107  5792  5792 W Finsky  : [2] STU: Failed to get storage stats for package 'com.samsung.android.biometrics.fingerprint' (1601: Error getting stats: android.content.pm.PackageManager.NameNotFoundException)
05-15 20:59:45.109 12633 12651 I Routine@Core[4.9.04.16]: ModesOrderManager: getOrder: uuid(100) -> order(999)
05-15 20:59:45.109 12633 12651 I Routine@Core[4.9.04.16]: ModeListHolder: update: size(1) updated(2026/05/15 20:59:45) [ModeMeta(id=1, uuid=100, iconResourceId=2131231140, iconStatusResourceId=2131231637, displayName=Sleep, isRunning=false, runningReason=, runningReasonCondition=, isSet=true, isDeleted=false, detailRunningReason=null, order=999, toggleTime=1778816639015)]
05-15 20:59:45.109 11062 11224 D VRI[recetasasturianas]@5546d64: Received frameDrawingCallback syncResult=0 frameNum=1.
05-15 20:59:45.111 11062 11224 I VRI[recetasasturianas]@5546d64: mWNT: t=0xb400007df8e009d0 mBlastBufferQueue=0xb400007e28e402a0 fn= 1 HdrRenderState mRenderHdrSdrRatio=1.0 caller= android.view.ViewRootImpl$12.onFrameDraw:15441 android.view.ThreadedRenderer$1.onFrameDraw:718 <bottom of call stack>
05-15 20:59:45.111 11062 11224 I VRI[recetasasturianas]@5546d64: Setting up sync and frameCommitCallback
05-15 20:59:45.112  1977  2141 D EnterpriseDeviceManagerService: isMdmAdminPresentInternal() : MDM Admin Found - com.samsung.knox.securefolder
05-15 20:59:45.113 24090 24155 D HWUI    : CacheManager constructor. deviceInfo=(1080, 1920)
05-15 20:59:45.114 12633 12651 I Routine@Core[4.9.04.16]: ActivityWatcherListenerImpl: onResumeComponent: componentName - es.uniovi.recetasasturianas, es.uniovi.recetasasturianas.MainActivity, userId: 0
05-15 20:59:45.116 12633 12651 I Routine@Core[4.9.04.16]: Pref: putSharedPrefsData: key=condition_launch_app_data_resume_pkg, data.size=70
05-15 20:59:45.121 24090 24090 D LifecycleMonitor: Lifecycle status change: es.uniovi.recetasasturianas.MainActivity@380c198 in: PRE_ON_CREATE
05-15 20:59:45.122 24090 24090 V ActivityScenario: Activity lifecycle changed event received but ignored because the reported transition was not ON_CREATE while the last known transition was PRE_ON_CREATE
05-15 20:59:45.124 11062 11227 I BLASTBufferQueue: [VRI[recetasasturianas]@5546d64#314](f:0,a:0,s:0) onFrameAvailable the first frame is available
05-15 20:59:45.124 11062 11227 I SurfaceComposerClient: apply transaction with the first frame. layerId: 179400, bufferData(ID: 47510928231443, frameNumber: 1)
05-15 20:59:45.125 11062 11227 I VRI[recetasasturianas]@5546d64: Received frameCommittedCallback lastAttemptedDrawFrameNum=1 didProduceBuffer=true
05-15 20:59:45.125  1808  1899 I SurfaceFlinger: [Splash Screen es.uniovi.recetasasturianas$_11062#179400] setTransactionState with the first frame. bufferData(ID: 47510928231443, frameNumber: 1)
05-15 20:59:45.128 11062 11227 D HWUI    : CFMS:: SetUp Pid : 11062    Tid : 11227
05-15 20:59:45.128 11062 11138 D VRI[recetasasturianas]@5546d64: reportDrawFinished seqId=0
05-15 20:59:45.129  1977  2142 D SurfaceComposerClient: setCornerRadius ## e92452b Splash Screen es.uniovi.recetasasturianas#179399 cornerRadius=0.000000
05-15 20:59:45.129  1977  2142 D SurfaceComposerClient: setCornerRadius ## e92452b Splash Screen es.uniovi.recetasasturianas#179399 cornerRadius=0.000000
05-15 20:59:45.130 22333 22333 D BoundBrokerSvc: onBind: Intent { act=com.google.android.gms.measurement.START xflg=0x4 pkg=com.google.android.gms }
05-15 20:59:45.130 22333 22333 D BoundBrokerSvc: Loading bound service for intent: Intent { act=com.google.android.gms.measurement.START xflg=0x4 pkg=com.google.android.gms }
05-15 20:59:45.131  1808  1899 I SurfaceFlinger: id=179401 createSurf, flag=84004, Transition Root: Task=2376#179401
05-15 20:59:45.133  1808  1808 I SurfaceFlinger: [Transition Root: Task=2376#179401] attach to parent LayerHierarchy{RequestedLayerState{DefaultTaskDisplayArea_d0#172934 parentId=9} 11 children}
05-15 20:59:45.133  1977  2142 I SurfaceControlRegistry: show, t=StartTransaction_SyncId<14569> sc=ActivityRecord{261437244 u0 es.uniovi.recetasasturianas/.MainActivity t2376}, caller=android.view.SurfaceControl$Transaction.show:3557 com.android.server.wm.Transition.onTransactionReady:2048 com.android.server.wm.BLASTSyncEngine$SyncGroup.finishNow:240 com.android.server.wm.BLASTSyncEngine.onSurfacePlacement:263 com.android.server.wm.RootWindowContainer.performSurfacePlacementNoTrace:1083 com.android.server.wm.WindowSurfacePlacer.performSurfacePlacement:166
05-15 20:59:45.133  1977  2142 D SurfaceComposerClient: setCornerRadius ## WallpaperWindowToken{43888ef showWhenLocked=false}#178727 cornerRadius=0.000000
05-15 20:59:45.133  1977  2142 D SurfaceComposerClient: setCornerRadius ## Task=1#172921 cornerRadius=0.000000
05-15 20:59:45.133  1977  2142 D SurfaceComposerClient: setCornerRadius ## Task=2376#179397 cornerRadius=0.000000
05-15 20:59:45.138 24090 24155 I AdrenoGLES-0: QUALCOMM build                   : c62cb5db3a, I2ae86c79d4
05-15 20:59:45.138 24090 24155 I AdrenoGLES-0: Build Date                       : 09/12/25
05-15 20:59:45.138 24090 24155 I AdrenoGLES-0: OpenGL ES Shader Compiler Version: EV031.35.01.12
05-15 20:59:45.138 24090 24155 I AdrenoGLES-0: Local Branch                     :
05-15 20:59:45.138 24090 24155 I AdrenoGLES-0: Remote Branch                    : refs/tags/AU_LINUX_ANDROID_LA.UM.9.14.11.00.00.571.148
05-15 20:59:45.138 24090 24155 I AdrenoGLES-0: Remote Branch                    : NONE
05-15 20:59:45.138 24090 24155 I AdrenoGLES-0: Reconstruct Branch               : NOTHING
05-15 20:59:45.138 24090 24155 I AdrenoGLES-0: Build Config                     : S P 10.0.7 AArch64
05-15 20:59:45.138 24090 24155 I AdrenoGLES-0: Driver Path                      : /vendor/lib64/egl/libGLESv2_adreno.so
05-15 20:59:45.146  1808  1899 I SurfaceFlinger: id=179402 createSurf, flag=84000, 823570e ActivityRecordInputSink es.uniovi.recetasasturianas/.MainActivity#179402
05-15 20:59:45.150  1808  1808 I SurfaceFlinger: [823570e ActivityRecordInputSink es.uniovi.recetasasturianas/.MainActivity#179402] attach to parent LayerHierarchy{RequestedLayerState{ActivityRecord{261437244 u0 es.uniovi.recetasasturianas/.MainActivity t2376}#179398 parentId=179397} 2 children}
05-15 20:59:45.156 11062 11118 I SurfaceControlRegistry: hide, t=FinishTransaction_SyncId<14569> sc=Task=1, caller=android.view.SurfaceControl$Transaction.hide:3583 com.android.wm.shell.transition.Transitions.dispatchReady:1263 com.android.wm.shell.transition.Transitions.onTransitionReady:251 com.android.wm.shell.transition.Transitions$TransitionPlayerImpl$$ExternalSyntheticLambda0.run:13 android.os.Handler.handleCallback:995 android.os.Handler.dispatchMessage:103
05-15 20:59:45.156 11062 11118 I SurfaceControlRegistry: show, t=StartTransaction_SyncId<14569> sc=Task=2376, caller=android.view.SurfaceControl$Transaction.show:3557 com.android.wm.shell.transition.Transitions.dispatchReady:1279 com.android.wm.shell.transition.Transitions.onTransitionReady:251 com.android.wm.shell.transition.Transitions$TransitionPlayerImpl$$ExternalSyntheticLambda0.run:13 android.os.Handler.handleCallback:995 android.os.Handler.dispatchMessage:103
05-15 20:59:45.156 11062 11118 I SurfaceControlRegistry: show, t=FinishTransaction_SyncId<14569> sc=Task=2376, caller=android.view.SurfaceControl$Transaction.show:3557 com.android.wm.shell.transition.Transitions.dispatchReady:1330 com.android.wm.shell.transition.Transitions.onTransitionReady:251 com.android.wm.shell.transition.Transitions$TransitionPlayerImpl$$ExternalSyntheticLambda0.run:13 android.os.Handler.handleCallback:995 android.os.Handler.dispatchMessage:103
05-15 20:59:45.156 11062 11118 I SurfaceControlRegistry: show, t=StartTransaction_SyncId<14569> sc=Transition Root: Task=2376, caller=android.view.SurfaceControl$Transaction.show:3557 com.android.wm.shell.transition.Transitions.playTransition:79 com.android.wm.shell.transition.Transitions.processReadyQueue:239 com.android.wm.shell.transition.Transitions.dispatchReady:1352 com.android.wm.shell.transition.Transitions.onTransitionReady:251 com.android.wm.shell.transition.Transitions$TransitionPlayerImpl$$ExternalSyntheticLambda0.run:13
05-15 20:59:45.161 11062 11118 I SurfaceControlRegistry: apply, t=StartTransaction_SyncId<14569>, caller=android.view.SurfaceControl$Transaction.apply:3459 android.view.SurfaceControl$Transaction.apply:3447 android.view.SurfaceControl$Transaction.apply:3397 com.android.wm.shell.transition.DefaultTransitionHandler.startAnimation:3292 com.android.wm.shell.transition.Transitions.dispatchTransition:90 com.android.wm.shell.transition.Transitions.playTransition:774
05-15 20:59:45.164 11062 11130 D SurfaceComposerClient: setCornerRadius ## Task=2376#179397 cornerRadius=108.000000
05-15 20:59:45.166  4195 30507 I HoneySpace.RecentTasks: onRunningTaskAppeared
05-15 20:59:45.166  1808  1808 I SurfaceFlinger: RequestedLayer [e92452b Splash Screen es.uniovi.recetasasturianas#179399] hidden!! flag  from(1) --> to(0)
05-15 20:59:45.166  1808  1808 I SurfaceFlinger: RequestedLayer [Splash Screen es.uniovi.recetasasturianas$_11062#179400] hidden!! flag  from(1) --> to(0)
05-15 20:59:45.166  1808  1808 I SurfaceFlinger: RequestedLayer [Task=2376#179397] hidden!! flag  from(1) --> to(0)
05-15 20:59:45.166  1808  1808 E SurfaceFlinger: alpha changed 1.000 -> 0.000 - Task=2376#179397
05-15 20:59:45.166  1808  1808 I SurfaceFlinger: RequestedLayer [Transition Root: Task=2376#179401] hidden!! flag  from(1) --> to(0)
05-15 20:59:45.166  1808  1808 I SurfaceFlinger: RequestedLayer [ActivityRecord{261437244 u0 es.uniov[...]turianas/.MainActivity t2376}#179398] hidden!! flag  from(1) --> to(0)
05-15 20:59:45.166  1808  1808 E SurfaceFlinger: alpha changed 0.000 -> 1.000 - Task=2376#179397
05-15 20:59:45.166  1808  1808 I SurfaceFlinger: [LayerHierarchy{RequestedLayerState{Task=1#172921 parentId=179401 z=3} 4 children}] reparent to LayerHierarchy{RequestedLayerState{Transition Root: Task=2376#179401 parentId=172934 z=7} 1 children}
05-15 20:59:45.166  1808  1808 I SurfaceFlinger: [LayerHierarchy{RequestedLayerState{Task=2376#179397 parentId=179401 z=7} 1 children}] reparent to LayerHierarchy{RequestedLayerState{Transition Root: Task=2376#179401 parentId=172934 z=7} 2 children}
05-15 20:59:45.166  4195 23187 I HoneySpace.RecentTasks: onRecentTasksChanged
05-15 20:59:45.168  4195 30507 I HoneySpace.RecentTasks: onRecentTasksChanged
05-15 20:59:45.172 11062 11130 D SurfaceComposerClient: setCornerRadius ## Task=2376#179397 cornerRadius=108.000000
05-15 20:59:45.173 11062 11118 I SurfaceControlRegistry: apply, t=FinishTransaction_SyncId<14569>, caller=android.view.SurfaceControl$Transaction.apply:3459 android.view.SurfaceControl$Transaction.apply:3447 android.view.SurfaceControl$Transaction.apply:3397 com.android.wm.shell.transition.Transitions.onFinish:315 com.android.wm.shell.transition.Transitions$$ExternalSyntheticLambda7.onTransitionFinished:12 com.android.wm.shell.transition.DefaultTransitionHandler$$ExternalSyntheticLambda6.run:36
05-15 20:59:45.175  5896  6390 I SemDvfsHyPerManager: acquire hyper - BaseTABoost/5896@20, type = -999
05-15 20:59:45.176 24090 24090 D CompatChangeReporter: Compat change id reported: 63938206; UID 10625; state: ENABLED
05-15 20:59:45.177  1632  1829 I HYPER-HAL: [RequestManager.cpp]acquire(): Acquired ID : 17502506  [5896 / 20]    HINT :      list : [TABoost / 1]
05-15 20:59:45.177  1977  2997 D PersonaActivityHelper: token.toString()  Token{d2d617a ActivityRecord{148716444 u0 bitpit.launcher/.ui.HomeActivity t1351}}
05-15 20:59:45.177  1977  2997 D PersonaActivityHelper: mLastResumedSFActivity getPackageName  com.android.settings
05-15 20:59:45.177  1977  2997 D PersonaActivityHelper: mLastResumedSFActivity getShortClassName  .fuelgauge.RequestIgnoreBatteryOptimizations
05-15 20:59:45.178  1977  2997 D PersonaActivityHelper: token.toString()  Token{741d61a ActivityRecord{261437244 u0 es.uniovi.recetasasturianas/.MainActivity t2376}}
05-15 20:59:45.178  1977  2997 D PersonaActivityHelper: mLastResumedSFActivity getPackageName  com.android.settings
05-15 20:59:45.178  1977  2997 D PersonaActivityHelper: mLastResumedSFActivity getShortClassName  .fuelgauge.RequestIgnoreBatteryOptimizations
05-15 20:59:45.179 24090 24090 I cetasasturianas: hiddenapi: Accessing hidden method Landroid/view/View;->computeFitSystemWindows(Landroid/graphics/Rect;Landroid/graphics/Rect;)Z (runtime_flags=0, domain=platform, api=unsupported) from Landroidx/appcompat/widget/ViewUtils; (domain=app, TargetSdkVersion=35) using reflection: allowed
05-15 20:59:45.179 20661 20661 I VRI[HomeActivity]@27ecfc4: handleAppVisibility mAppVisible = true visible = false
05-15 20:59:45.179 20661 20661 D VRI[HomeActivity]@27ecfc4: visibilityChanged oldVisibility=true newVisibility=false
05-15 20:59:45.180  1808  1899 I SurfaceFlinger: id=179403 createSurf, flag=24004, Surface(name=8f932e4 StatusBar)/@0xabc478a - animation-leash of insets_animation#179403
05-15 20:59:45.180 11062 20187 I WallpaperService: dispatchAppVisibility: systemlock, visible=false , mLidState = -1
05-15 20:59:45.180 11062 11719 I WallpaperService: reportVisibility: visibility changed. visible=false
05-15 20:59:45.181 11062 11719 I ImageWallpaper_7[Image]:  onVisibilityChanged: visible=false , displayId=0
05-15 20:59:45.181  1977  2997 D DARUtil : Device owner status not updated yet...
05-15 20:59:45.181  1977  2997 D DARUtil : Not an enterprise user : 0
05-15 20:59:45.182  1808  1899 I SurfaceFlinger: id=179404 createSurf, flag=24000, Surface(name=7a9d783 NavigationBar0)/@0x10e1471 - animation-leash of insets_animation#179404
05-15 20:59:45.183  1977  2142 D SurfaceComposerClient: setCornerRadius ## e92452b Splash Screen es.uniovi.recetasasturianas#179399 cornerRadius=0.000000
05-15 20:59:45.184  1808  1808 D SurfaceFlinger: Display 4630947232161729154 HWC layers:
05-15 20:59:45.184  1808  1808 D SurfaceFlinger:        DEVICE |           47510928231149 | 00000100 | RGBA_8888    |    0.0    0.0 1080.0 2340.0 |    0    0 1080 2340 | Wallpaper BBQ wrapper 7_systemlock#178730 (1)
05-15 20:59:45.184  1808  1808 D SurfaceFlinger:        DEVICE |           88738319307387 | 00002100 | RGBA_8888    |    0.0    0.0 1080.0 2340.0 |    0    0 1080 2340 | bitpit.launcher/bitpit.launcher.ui.HomeActivity$_20661#179391 (28)
05-15 20:59:45.184  1808  1808 D SurfaceFlinger:        CLIENT |           47510928231443 | 00002100 | RGBA_8888    |    0.0    0.0 1080.0 2340.0 |    0    0 1080 2340 | Splash Screen es.uniovi.recetasasturianas$_11062#179400 (1)
05-15 20:59:45.184  1808  1808 D SurfaceFlinger:        DEVICE |           47510928230672 | 00002100 | RGBA_8888    |    0.0    0.0 1080.0  144.0 |    0 2196 1080 2340 | NavigationBar0$_11062#172972 (357)
05-15 20:59:45.184  1808  1808 D SurfaceFlinger:        DEVICE |           27157078223661 | 00002100 | RGBA_8888    |    0.0   13.0  290.0  158.0 |  395    0  685  145 | $_6323#154529 (967)
05-15 20:59:45.184  1808  1808 D SurfaceFlinger:        DEVICE |           27157078223656 | 00002100 | RGBA_8888    |    0.0    0.0 1080.0  115.0 |    0    0 1080  115 | $_6323#177506 (652)
05-15 20:59:45.184  1808  1808 D SurfaceFlinger:        DE
05-15 20:59:45.184  1808  1808 D SurfaceFlinger: VICE |           47510928230638 | 00002140 | RGBA_8888    |    0.0    0.0 1080.0  121.0 |    0    0 1080  121 | ScreenDecorOverlay$_11062#172986 (67)
05-15 20:59:45.184  1808  1808 D SurfaceFlinger:        DEVICE |           47510928230639 | 00002140 | RGBA_8888    |    0.0    0.0 1080.0  121.0 |    0 2219 1080 2340 | ScreenDecorOverlayBottom$_11062#172987 (60)
05-15 20:59:45.184  1808  1808 D SurfaceFlinger:
05-15 20:59:45.184  1808  3007 D NativeSemDvfsManager: acquire:: timeout = 2000 mIsAcquired = 1  mTagName : SurfaceFlinger
05-15 20:59:45.184  1808  1808 I SurfaceFlinger: RequestedLayer [Task=1#172921] hidden!! flag  from(0) --> to(1)
05-15 20:59:45.184  1808  1808 I SurfaceFlinger: [Display 0 name="Built-in Screen"#172933] setFrameRateCategory: Default
05-15 20:59:45.184  1808  1808 I SurfaceFlinger: [LayerHierarchy{RequestedLayerState{Task=1#172921 parentId=172934} 4 children}] reparent to LayerHierarchy{RequestedLayerState{DefaultTaskDisplayArea_d0#172934 parentId=9} 10 children}
05-15 20:59:45.184  1808  1808 I SurfaceFlinger: [LayerHierarchy{RequestedLayerState{WallpaperWindowToken{43888ef showWhenLocked=false}#178727 parentId=8} 1 children}] reparent to LayerHierarchy{RequestedLayerState{Leaf:1:1#8 parentId=7} 1 children}
05-15 20:59:45.184  1808  1808 I SurfaceFlinger: [LayerHierarchy{RequestedLayerState{Task=2376#179397 parentId=172934 z=7} 1 children}] reparent to LayerHierarchy{RequestedLayerState{DefaultTaskDisplayArea_d0#172934 parentId=9} 11 children}
05-15 20:59:45.184  1808  1808 I SurfaceFlinger: [LayerHierarchy{RequestedLayerState{Transition Root: Task=2376#179401 z=7} no children}] reparent to OffscreenRoot
05-15 20:59:45.184  1808  1808 I SurfaceFlinger: [LayerHierarchy{RequestedLayerState{Transition Root: Task=2376#179401 z=7} no children}] RelativeParent to null
05-15 20:59:45.184  1808  1808 I SurfaceFlinger: [Surface(name=8f932e4 StatusBar)/@0xabc478a - animation-leash of insets_animation#179403] attach to parent LayerHierarchy{RequestedLayerState{WindowToken{68a9b23 type=2000 android.os.BinderProxy@abe78dd}#172963 parentId=17} 2 children}
05-15 20:59:45.184  1808  1808 I SurfaceFlinger: [Surface(name=7a9d783 NavigationBar0)/@0x10e1471 - animation-leash of insets_animation#179404] attach to parent LayerHierarchy{RequestedLayerState{WindowToken{ec79b94 type=2019 android.os.BinderProxy@3619da6}#172956 parentId=34} 2 children}
05-15 20:59:45.184  1808  3007 E NativeCustomFrequencyManager: [NativeCFMS] BpCustomFrequencyManager::acquire()
05-15 20:59:45.185  1808  1808 I SurfaceFlinger: id=179401 Removed Transition Root: Task=2376#179401 (166)
05-15 20:59:45.185  1808  1808 E RefreshRateSelector: Can't find HRR max refresh rate by policy with the same group 1080
05-15 20:59:45.185  1632  1829 I HYPER-HAL: [RequestManager.cpp]acquire(): Acquired ID : 3944836  [1808 / 1000]    HINT : SF_GPU_MINLOCK    list : [TIMEOUT / 2000]
05-15 20:59:45.185  1808  1808 D SurfaceFlinger: GPIS:: requestGPISForClientComposition
05-15 20:59:45.192  1808  1808 D SurfaceFlinger: Display 4630947232161729154 HWC layers:
05-15 20:59:45.192  1808  1808 D SurfaceFlinger:        DEVICE |           47510928231149 | 00000100 | RGBA_8888    |    0.0    0.0 1080.0 2340.0 |    0    0 1080 2340 | Wallpaper BBQ wrapper 7_systemlock#178730 (1)
05-15 20:59:45.192  1808  1808 D SurfaceFlinger:        DEVICE |           47510928231443 | 00002100 | RGBA_8888    |    0.0    0.0 1080.0 2340.0 |    0    0 1080 2340 | Splash Screen es.uniovi.recetasasturianas$_11062#179400 (1)
05-15 20:59:45.192  1808  1808 D SurfaceFlinger:        DEVICE |           47510928230672 | 00002100 | RGBA_8888    |    0.0    0.0 1080.0  144.0 |    0 2196 1080 2340 | NavigationBar0$_11062#172972 (357)
05-15 20:59:45.192  1808  1808 D SurfaceFlinger:        DEVICE |           27157078223661 | 00002100 | RGBA_8888    |    0.0   13.0  290.0  158.0 |  395    0  685  145 | $_6323#154529 (967)
05-15 20:59:45.192  1808  1808 D SurfaceFlinger:        DEVICE |           27157078223656 | 00002100 | RGBA_8888    |    0.0    0.0 1080.0  115.0 |    0    0 1080  115 | $_6323#177506 (652)
05-15 20:59:45.192  1808  1808 D SurfaceFlinger:        DEVICE |           47510928230638 | 00002140 | RGBA_8888    |    0.0    0.0 1080.0  121.0 |    0    0 1080  121 | ScreenDecorOverlay$_11062#172986 (67)
05-15 20:59:45.192  1808  1808 D SurfaceFlinger:        DEVICE |           475109282306
05-15 20:59:45.192  1808  1808 D SurfaceFlinger: 39 | 00002140 | RGBA_8888    |    0.0    0.0 1080.0  121.0 |    0 2219 1080 2340 | ScreenDecorOverlayBottom$_11062#172987 (60)
05-15 20:59:45.192  1808  1808 D SurfaceFlinger:
05-15 20:59:45.192  1808  1808 I SurfaceFlinger: RequestedLayer [bitpit.launcher/bitpit.launcher.ui.HomeActivity$_20661#179391] hidden!! flag  from(0) --> to(1)
05-15 20:59:45.192  1808  1808 I SurfaceFlinger: RequestedLayer [com.android.systemui.wallpapers.ImageWallpaper$_11062#178729] hidden!! flag  from(0) --> to(1)
05-15 20:59:45.192  1808  1808 I SurfaceFlinger: RequestedLayer [Surface(name=8f932e4 StatusBar)/@0xa[...]ion-leash of insets_animation#179403] hidden!! flag  from(1) --> to(0)
05-15 20:59:45.192  1808  1808 E SurfaceFlinger: alpha changed 1.000 -> 0.000 - Surface(name=8f932e4 StatusBar)/@0xabc478a - animation-leash of insets_animation#179403
05-15 20:59:45.192  1808  1808 I SurfaceFlinger: RequestedLayer [WallpaperWindowToken{43888ef showWhenLocked=false}#178727] hidden!! flag  from(0) --> to(1)
05-15 20:59:45.192  1808  1808 I SurfaceFlinger: RequestedLayer [ActivityRecord{148716444 u0 bitpit.launcher/.ui.HomeActivity t1351}#116667] hidden!! flag  from(0) --> to(1)
05-15 20:59:45.192  1808  1808 I SurfaceFlinger: RequestedLayer [Task=1351#116666] hidden!! flag  from(0) --> to(1)
05-15 20:59:45.192  1808  1808 I SurfaceFlinger: destroyed Transition Root: Task=2376#179401 form LifecycleManager
05-15 20:59:45.192  1808  1808 I SurfaceFlinger: [LayerHierarchy{RequestedLayerState{7a9d783 NavigationBar0#172957 parentId=179404} 1 children}] reparent to LayerHierarchy{RequestedLayerState{Surface(name=7a9d783 NavigationBar0)/@0x10e1471 - animation-leash of insets_animation#179404 parentId=172956} 1 children}
05-15 20:59:45.192  1808  1808 I SurfaceFlinger: [LayerHierarchy{RequestedLayerState{8f932e4 StatusBar#172964 parentId=179403} 1 children}] reparent to LayerHierarchy{RequestedLayerState{Surface(name=8f932e4 StatusBar)/@0xabc478a - animation-leash of insets_animation#179403 parentId=172963} 1 children}
05-15 20:59:45.192  1808  1808 I SurfaceFlinger: [LayerHierarchy{RequestedLayerState{Surface(name=7a9d783 NavigationBar0)/@0x10e1471 - animation-leash of insets_animation#179393} no children}] reparent to OffscreenRoot
05-15 20:59:45.192  1808  1808 I SurfaceFlinger: [LayerHierarchy{RequestedLayerState{Surface(name=7a9d783 NavigationBar0)/@0x10e1471 - animation-leash of insets_animation#179393} no children}] RelativeParent to null
05-15 20:59:45.192  1808  1808 I SurfaceFlinger: [LayerHierarchy{RequestedLayerState{Surface(name=8f932e4 StatusBar)/@0xabc478a - animation-leash of insets_animation#179392} no children}] reparent to OffscreenRoot
05-15 20:59:45.192  1808  1808 I SurfaceFlinger: [LayerHierarchy{RequestedLayerState{Surface(name=8f932e4 StatusBar)/@0xabc478a - animation-leash of insets_animation#179392} no children}] RelativeParent to null
05-15 20:59:45.192  1808  1808 I SurfaceFlinger: id=179401 onLayerDestroyed from LayerHierarchyBuilder(RequestedLayerState{Transition Root: Task=2376#179401 !handle z=7})
05-15 20:59:45.194  1808  1808 I Layer   : id=179401 Destroyed Transition Root: Task=2376#179401
05-15 20:59:45.194 20661 20699 D HWUI    : CacheManager::trimMemory(20)
05-15 20:59:45.195  1977  2997 D DARUtil : Device owner status not updated yet...
05-15 20:59:45.197  1977  2997 D DARUtil : Not an enterprise user : 0
05-15 20:59:45.197  1977  2997 D SyntheticPasswordManager.SDP: Inside fromBytes() - result.pinLength : -1
05-15 20:59:45.197  1977  2997 D SyntheticPasswordManager.SDP: 1. result.secureMode : 0
05-15 20:59:45.198 11062 11719 D ImageWallpaper[WallpaperAnimator]: onEngineVisibilityChanged: visible = false, which = 7, isFullAodShown = false, isMultipack = false, mKeyguardState = false
05-15 20:59:45.198 11062 11719 D ImageWallpaper[WallpaperAnimator]: changeToDownScaleImmediately
05-15 20:59:45.198 11062 11719 I ImageWallpaper[WallpaperAnimator]: release
05-15 20:59:45.200  1808  1808 D SurfaceFlinger: Display 4630947232161729154 HWC layers:
05-15 20:59:45.200  1808  1808 D SurfaceFlinger:        DEVICE |           47510928231443 | 00002100 | RGBA_8888    |    0.0    0.0 1080.0 2340.0 |    0    0 1080 2340 | Splash Screen es.uniovi.recetasasturianas$_11062#179400 (1)
05-15 20:59:45.200  1808  1808 D SurfaceFlinger:        DEVICE |           47510928230672 | 00002100 | RGBA_8888    |    0.0    0.0 1080.0  144.0 |    0 2196 1080 2340 | NavigationBar0$_11062#172972 (357)
05-15 20:59:45.200  1808  1808 D SurfaceFlinger:        DEVICE |           27157078223661 | 00002100 | RGBA_8888    |    0.0   13.0  290.0  158.0 |  395    0  685  145 | $_6323#154529 (967)
05-15 20:59:45.200  1808  1808 D SurfaceFlinger:        DEVICE |           27157078223656 | 00002100 | RGBA_8888    |    0.0    0.0 1080.0  115.0 |    0    0 1080  115 | $_6323#177506 (652)
05-15 20:59:45.200  1808  1808 D SurfaceFlinger:        DEVICE |           47510928230638 | 00002140 | RGBA_8888    |    0.0    0.0 1080.0  121.0 |    0    0 1080  121 | ScreenDecorOverlay$_11062#172986 (67)
05-15 20:59:45.200  1808  1808 D SurfaceFlinger:        DEVICE |           47510928230639 | 00002140 | RGBA_8888    |    0.0    0.0 1080.0  121.0 |    0 2219 1080 2340 | ScreenDecorOverlayBottom$_11062#172987 (60)
05-15 20:59:45.200  1808  1808 D SurfaceFlinger:
05-15 20:59:45.200 11062 11138 I VRI[recetasasturianas]@5546d64: onActiveControlsChanged, removed=false, mAdded=true, caller=android.view.ViewRootImpl.handleInsetsControlChanged:3002 android.view.ViewRootImpl$ViewRootHandler.handleMessageImpl:8352 android.view.ViewRootImpl$ViewRootHandler.handleMessage:8301 android.os.Handler.dispatchMessage:110 android.os.Looper.loopOnce:273
05-15 20:59:45.200 11062 11138 I InsetsSourceConsumer: applyRequestedVisibilityToControl: visible=true, type=navigationBars, host=Splash Screen es.uniovi.recetasasturianas
05-15 20:59:45.201  1977  2141 D SurfaceComposerClient: setCornerRadius ## e92452b Splash Screen es.uniovi.recetasasturianas#179399 cornerRadius=0.000000
05-15 20:59:45.201  1977  2141 D SurfaceComposerClient: setCornerRadius ## e92452b Splash Screen es.uniovi.recetasasturianas#179399 cornerRadius=0.000000
05-15 20:59:45.202 11062 11138 I InsetsController: controlAnimationUncheckedInner: Added types=statusBars, animType=0, host=Splash Screen es.uniovi.recetasasturianas, from=android.view.InsetsController.controlAnimationUnchecked:1608 android.view.InsetsController.applyAnimation:2416 android.view.InsetsController.applyAnimation:2343
05-15 20:59:45.203 11062 11062 I VRI[StatusBar]@613a967: handleResized, frames=ClientWindowFrames{frame=[0,0][1080,99] display=[0,0][1080,2340] parentFrame=[0,0][0,0]} displayId=0 dragResizing=false compatScale=1.0 frameChanged=false attachedFrameChanged=false configChanged=false displayChanged=false compatScaleChanged=false dragResizingChanged=false
05-15 20:59:45.204  1977  2142 D SurfaceComposerClient: setCornerRadius ## e92452b Splash Screen es.uniovi.recetasasturianas#179399 cornerRadius=0.000000
05-15 20:59:45.204 11062 11062 I VRI[NavigationBar0]@e1dc51d: handleResized, frames=ClientWindowFrames{frame=[0,2196][1080,2340] display=[0,0][1080,2340] parentFrame=[0,0][0,0]} displayId=0 dragResizing=false compatScale=1.0 frameChanged=false attachedFrameChanged=false configChanged=false displayChanged=false compatScaleChanged=false dragResizingChanged=false
05-15 20:59:45.204 11062 11062 I VRI[ScreenDecorOverlay]@6f4609c: Resizing android.view.ViewRootImpl@48f9e69: frame = [0,0][1080,121] reportDraw = false forceLayout = false syncSeqId = -1
05-15 20:59:45.204 11062 11062 I VRI[ScreenDecorOverlayBottom]@8250f9b: Resizing android.view.ViewRootImpl@229441c: frame = [0,2219][1080,2340] reportDraw = false forceLayout = false syncSeqId = -1
