05-15 20:59:51.654 31986 31986 D BoundBrokerSvc: onRebind: Intent { act=com.google.android.gms.libs.gmscorelogger.service.START dat=chimera-action:/... xflg=0x4 cmp=com.google.android.gms/.chimera.PersistentDirectBootAwareApiService }
05-15 20:59:51.656  1808  1808 I SurfaceFlinger: RequestedLayer [2a297a9 Splash Screen es.uniovi.recetasasturianas.test#179547] hidden!! flag  from(1) --> to(0)
05-15 20:59:51.656  1808  1808 I SurfaceFlinger: RequestedLayer [c497d97 es.uniovi.recetasasturianas.[...]ActivityInvoker$EmptyActivity#179549] hidden!! flag  from(1) --> to(0)
05-15 20:59:51.656  1808  1808 I SurfaceFlinger: RequestedLayer [Splash Screen es.uniovi.recetasasturianas.test$_11062#179548] hidden!! flag  from(1) --> to(0)
05-15 20:59:51.656  1808  1808 I SurfaceFlinger: RequestedLayer [Task=2385#179545] hidden!! flag  from(1) --> to(0)
05-15 20:59:51.656  1808  1808 E SurfaceFlinger: alpha changed 1.000 -> 0.000 - Task=2385#179545
05-15 20:59:51.656  1808  1808 I SurfaceFlinger: RequestedLayer [Transition Root: Task=2385#179550] hidden!! flag  from(1) --> to(0)
05-15 20:59:51.656  1808  1808 I SurfaceFlinger: RequestedLayer [ActivityRecord{72596606 u0 es.uniovi[...]yInvoker$EmptyActivity t2385}#179546] hidden!! flag  from(1) --> to(0)
05-15 20:59:51.656  1808  1808 E SurfaceFlinger: alpha changed 0.000 -> 1.000 - Task=2385#179545
05-15 20:59:51.656  1808  1808 I SurfaceFlinger: [LayerHierarchy{RequestedLayerState{Task=2384#179527 parentId=179550 z=2} 1 children}] reparent to LayerHierarchy{RequestedLayerState{Transition Root: Task=2385#179550 parentId=172934 z=8} 1 children}
05-15 20:59:51.656  1808  1808 I SurfaceFlinger: [LayerHierarchy{RequestedLayerState{Task=2385#179545 parentId=179550 z=5} 1 children}] reparent to LayerHierarchy{RequestedLayerState{Transition Root: Task=2385#179550 parentId=172934 z=8} 2 children}
05-15 20:59:51.656  1808  1808 I SurfaceFlinger: [Transition Root: Task=2385#179550] attach to parent LayerHierarchy{RequestedLayerState{DefaultTaskDisplayArea_d0#172934 parentId=9} 10 children}
05-15 20:59:51.657  1808  4802 I SurfaceFlinger: Capture layer list: 	 es.uniovi.recetasasturianas/es.uniovi.recetasasturianas.MainActivity$_24090#179537(seamlessTransition:0)
05-15 20:59:51.659  1808  1908 D RenderEngine: [SEC_SF_EFFECTS] drawLayersInternal,1483, Rendering layer ScreenCaptureFillLayer at index 0
05-15 20:59:51.659  1808  1908 D RenderEngine: [SEC_SF_EFFECTS] drawLayersInternal,1483, Rendering layer es.uniovi.recetasasturianas/es.uniovi.recetasasturianas.MainActivity$_24090#179537 at index 1
05-15 20:59:51.659 11062 11118 I SurfaceControlRegistry: apply, t=FinishTransaction_SyncId<14579>, caller=android.view.SurfaceControl$Transaction.apply:3459 android.view.SurfaceControl$Transaction.apply:3447 android.view.SurfaceControl$Transaction.apply:3397 com.android.wm.shell.transition.Transitions.onFinish:315 com.android.wm.shell.transition.Transitions$$ExternalSyntheticLambda7.onTransitionFinished:12 com.android.wm.shell.transition.DefaultTransitionHandler$$ExternalSyntheticLambda6.run:36
05-15 20:59:51.662  1977  3573 I WindowManager: Relayout Window{c497d97 u0 es.uniovi.recetasasturianas.test/androidx.test.core.app.InstrumentationActivityInvoker$EmptyActivity}: viewVisibility=0 req=1080x2340 ty=1 d0
05-15 20:59:51.662  1808  4802 I SurfaceFlinger: id=179551 createSurf, flag=44004, es.uniovi.recetasasturianas.test/androidx.test.core.app.InstrumentationActivityInvoker$EmptyActivity$_24267#179551
05-15 20:59:51.664  1977  3573 D SurfaceComposerClient: setCornerRadius ## 2a297a9 Splash Screen es.uniovi.recetasasturianas.test#179547 cornerRadius=0.000000
05-15 20:59:51.664  1977  3573 D SurfaceComposerClient: setCornerRadius ## c497d97 es.uniovi.recetasasturianas.test/androidx.test.core.app.InstrumentationActivityInvoker$EmptyActivity#179549 cornerRadius=0.000000
05-15 20:59:51.664  1808  4802 I SurfaceFlinger: id=179552 createSurf, flag=24000, Surface(name=8f932e4 StatusBar)/@0xabc478a - animation-leash of insets_animation#179552
05-15 20:59:51.666  1808  3007 D NativeSemDvfsManager: acquire:: timeout = 2000 mIsAcquired = 1  mTagName : SurfaceFlinger
05-15 20:59:51.666  1808  1808 D SurfaceFlinger: Display 4630947232161729154 HWC layers:
05-15 20:59:51.666  1808  1808 D SurfaceFlinger:        CLIENT |          103465762160658 | 00002102 | RGBA_8888    |  360.0    0.0 1080.0 2340.0 |    0    0 1080 2340 | es.uniovi.recetasasturianas/es.uniov[...]sturianas.MainActivity$_24090#179537 (61)
05-15 20:59:51.666  1808  1808 D SurfaceFlinger:        DEVICE |           47510928231519 | 00002100 | RGBA_8888    |    0.0    0.0 1080.0 2340.0 |    0    0 1080 2340 | Splash Screen es.uniovi.recetasasturianas.test$_11062#179548 (1)
05-15 20:59:51.666  1808  1808 D SurfaceFlinger:        DEVICE |           47510928230647 | 00002100 | RGBA_8888    |    0.0    0.0 1080.0   99.0 |    0    0 1080   99 | StatusBar$_11062#172976 (4138)
05-15 20:59:51.666  1808  1808 D SurfaceFlinger:        DEVICE |           47510928230672 | 00002100 | RGBA_8888    |    0.0    0.0 1080.0  144.0 |    0 2196 1080 2340 | NavigationBar0$_11062#172972 (357)
05-15 20:59:51.666  1808  1808 D SurfaceFlinger:        DEVICE |           27157078223661 | 00002100 | RGBA_8888    |    0.0   13.0  290.0  158.0 |  395    0  685  145 | $_6323#154529 (967)
05-15 20:59:51.666  1808  1808 D SurfaceFlinger:        DEVICE |           27157078223656 | 00002100 | RGBA_8888    |    0.0    0.0 1080.0  115.0 |    0    0 1080  115 | $_6323#177506 (652)
05-15 20:59:51.666  1808  1808 D SurfaceFlinger:
05-15 20:59:51.666  1808  1808 D SurfaceFlinger:     DEVICE |           47510928230638 | 00002140 | RGBA_8888    |    0.0    0.0 1080.0  121.0 |    0    0 1080  121 | ScreenDecorOverlay$_11062#172986 (67)
05-15 20:59:51.666  1808  1808 D SurfaceFlinger:        DEVICE |           47510928230639 | 00002140 | RGBA_8888    |    0.0    0.0 1080.0  121.0 |    0 2219 1080 2340 | ScreenDecorOverlayBottom$_11062#172987 (60)
05-15 20:59:51.666  1808  1808 D SurfaceFlinger:
05-15 20:59:51.666  1808  3007 E NativeCustomFrequencyManager: [NativeCFMS] BpCustomFrequencyManager::acquire()
05-15 20:59:51.666  1632  1829 I HYPER-HAL: [RequestManager.cpp]acquire(): Acquired ID : 3944836  [1808 / 1000]    HINT : SF_GPU_MINLOCK    list : [TIMEOUT / 2000]
05-15 20:59:51.666  1808  4802 I SurfaceFlinger: id=179553 createSurf, flag=24000, Surface(name=7a9d783 NavigationBar0)/@0x10e1471 - animation-leash of insets_animation#179553
05-15 20:59:51.667  1808  1808 I SurfaceFlinger: RequestedLayer [Task=2384#179527] hidden!! flag  from(0) --> to(1)
05-15 20:59:51.667  1808  1808 I SurfaceFlinger: [LayerHierarchy{RequestedLayerState{Task=2384#179527 parentId=172934 z=7} 1 children}] reparent to LayerHierarchy{RequestedLayerState{DefaultTaskDisplayArea_d0#172934 parentId=9} 11 children}
05-15 20:59:51.667  1808  1808 I SurfaceFlinger: [LayerHierarchy{RequestedLayerState{Task=2385#179545 parentId=172934 z=8} 1 children}] reparent to LayerHierarchy{RequestedLayerState{DefaultTaskDisplayArea_d0#172934 parentId=9} 12 children}
05-15 20:59:51.667  1808  1808 I SurfaceFlinger: [LayerHierarchy{RequestedLayerState{Transition Root: Task=2385#179550 z=8} no children}] reparent to OffscreenRoot
05-15 20:59:51.667  1808  1808 I SurfaceFlinger: [LayerHierarchy{RequestedLayerState{Transition Root: Task=2385#179550 z=8} no children}] RelativeParent to null
05-15 20:59:51.667  1808  1808 I SurfaceFlinger: [es.uniovi.recetasasturianas.test/androidx.test.core.app.InstrumentationActivityInvoker$EmptyActivity$_24267#179551] attach to parent LayerHierarchy{RequestedLayerState{c497d97 es.uniovi.recetasasturianas.test/androidx.test.core.app.InstrumentationActivityInvoker$EmptyActivity#179549 parentId=179546} 1 children}
05-15 20:59:51.667  1808  1808 I SurfaceFlinger: [Surface(name=8f932e4 StatusBar)/@0xabc478a - animation-leash of insets_animation#179552] attach to parent LayerHierarchy{RequestedLayerState{WindowToken{68a9b23 type=2000 android.os.BinderProxy@abe78dd}#172963 parentId=17} 2 children}
05-15 20:59:51.667  1808  1808 I SurfaceFlinger: [Surface(name=7a9d783 NavigationBar0)/@0x10e1471 - animation-leash of insets_animation#179553] attach to parent LayerHierarchy{RequestedLayerState{WindowToken{ec79b94 type=2019 android.os.BinderProxy@3619da6}#172956 parentId=34} 2 children}
05-15 20:59:51.668  1808  1808 D SurfaceFlinger: GPIS:: requestGPISForClientComposition
05-15 20:59:51.668  1977  3573 D SurfaceComposerClient: setCornerRadius ## 2a297a9 Splash Screen es.uniovi.recetasasturianas.test#179547 cornerRadius=0.000000
05-15 20:59:51.668  1977  3573 D SurfaceComposerClient: setCornerRadius ## c497d97 es.uniovi.recetasasturianas.test/androidx.test.core.app.InstrumentationActivityInvoker$EmptyActivity#179549 cornerRadius=0.000000
05-15 20:59:51.668 11062 11062 D SamsungLightBarControlHelper: updateStatusBar (BLACK icon) numStacks:1, StatusBarMode:MODE_TRANSPARENT, lightBarBounds:[Rect(0, 0 - 1080, 2340)], StatusBarState:SHADE, packageName:, isWhiteKeyguardStatusBar:false
05-15 20:59:51.669 11062 11062 D SamsungLightBarControlHelper: onStatusBarAppearanceChanged() -  sbModeChanged:false, statusBarMode:0, barState:MODE_TRANSPARENT, isKeyguardShowing:false, navbarColorManagedByIme:false, (AppearanceRegion{LIGHT_STATUS_BARS bounds=[0,0][1080,2340]}, )
05-15 20:59:51.669 11062 11062 D NavigationBar: onSystemBarAttributesChanged() -  displayId:0, appearance:8, packageName: es.uniovi.recetasasturianas.test (APPEARANCE_LIGHT_STATUS_BARS ), navbarColorManagedByIme:false
05-15 20:59:51.669  1808  4802 I SurfaceFlinger: id=179554 createSurf, flag=24000, Surface(name=8f932e4 StatusBar)/@0xabc478a - animation-leash of insets_animation#179554
05-15 20:59:51.671  1808  4802 I SurfaceFlinger: id=179555 createSurf, flag=24000, Surface(name=7a9d783 NavigationBar0)/@0x10e1471 - animation-leash of insets_animation#179555
05-15 20:59:51.672  1977  3573 I SystemKeyManager: requested systemKeyInfo size=1 focusedWindow=es.uniovi.recetasasturianas.test/androidx.test.core.app.InstrumentationActivityInvoker$EmptyActivity
05-15 20:59:51.672  1977  3573 I SystemKeyManager: requested systemKeyInfo size=1 focusedWindow=es.uniovi.recetasasturianas.test/androidx.test.core.app.InstrumentationActivityInvoker$EmptyActivity
05-15 20:59:51.672  1977  3573 I WindowManager: Relayout hash=c497d97, pid=24267, syncId=-1: mAttrs={(0,0)(fillxfill) sim={adjust=pan forwardNavigation} layoutInDisplayCutoutMode=always ty=BASE_APPLICATION
05-15 20:59:51.672  1977  3573 I WindowManager:   fl=81810100
05-15 20:59:51.672  1977  3573 I WindowManager:   pfl=100088c0
05-15 20:59:51.672  1977  3573 I WindowManager:   bhv=1
05-15 20:59:51.672  1977  3573 I WindowManager:   fitSides=0
05-15 20:59:51.672  1977  3573 I WindowManager:   frameRateBoostOnTouch=true
05-15 20:59:51.672  1977  3573 I WindowManager:   dvrrWindowFrameRateHint=true naviIconColor=0}
05-15 20:59:51.673 24267 24267 W libc    : Access denied finding property "vendor.display.enable_optimal_refresh_rate"
05-15 20:59:51.673 24267 24267 I BufferQueueProducer: [](id:5ecb00000004,api:0,p:1221838672,c:24267) setDequeueTimeout:2077252342
05-15 20:59:51.673 24267 24267 I BLASTBufferQueue_Java: new BLASTBufferQueue, mName= VRI[InstrumentationActivityInvoker$EmptyActivity]@f3b7588 mNativeObject= 0xb400007e28d937e0 caller= android.view.ViewRootImpl.updateBlastSurfaceIfNeeded:3585 android.view.ViewRootImpl.relayoutWindow:11685 android.view.ViewRootImpl.performTraversals:4804 android.view.ViewRootImpl.doTraversal:3924 android.view.ViewRootImpl$TraversalRunnable.run:12903 android.view.Choreographer$CallbackRecord.run:1901 android.view.Choreographer$CallbackRecord.run:1910 android.view.Choreographer.doCallbacks:1367 android.view.Choreographer.doFrame:1292 android.view.Choreographer$FrameDisplayEventReceiver.run:1870
05-15 20:59:51.674 24267 24267 I BLASTBufferQueue_Java: update, w= 1080 h= 2340 mName = VRI[InstrumentationActivityInvoker$EmptyActivity]@f3b7588 mNativeObject= 0xb400007e28d937e0 sc.mNativeObject= 0xb400007ea8d1c0d0 format= -1 caller= android.view.ViewRootImpl.updateBlastSurfaceIfNeeded:3590 android.view.ViewRootImpl.relayoutWindow:11685 android.view.ViewRootImpl.performTraversals:4804 android.view.ViewRootImpl.doTraversal:3924 android.view.ViewRootImpl$TraversalRunnable.run:12903 android.view.Choreographer$CallbackRecord.run:1901
05-15 20:59:51.674  1977  2834 D PersonaActivityHelper: token.toString()  Token{b0eeda7 ActivityRecord{43990721 u0 es.uniovi.recetasasturianas/.MainActivity t2384 f}}}
05-15 20:59:51.674  1977  2834 D PersonaActivityHelper: mLastResumedSFActivity getPackageName  com.android.settings
05-15 20:59:51.674  1977  2834 D PersonaActivityHelper: mLastResumedSFActivity getShortClassName  .fuelgauge.RequestIgnoreBatteryOptimizations
05-15 20:59:51.674  1977  2834 D PersonaActivityHelper: token.toString()  Token{96b228a ActivityRecord{72596606 u0 es.uniovi.recetasasturianas.test/androidx.test.core.app.InstrumentationActivityInvoker$EmptyActivity t2385}}
05-15 20:59:51.674  1977  2834 D PersonaActivityHelper: mLastResumedSFActivity getPackageName  com.android.settings
05-15 20:59:51.674  1977  2834 D PersonaActivityHelper: mLastResumedSFActivity getShortClassName  .fuelgauge.RequestIgnoreBatteryOptimizations
05-15 20:59:51.674 24090 24090 I VRI[MainActivity]@4972095: handleAppVisibility mAppVisible = true visible = false
05-15 20:59:51.674 24090 24090 D VRI[MainActivity]@4972095: visibilityChanged oldVisibility=true newVisibility=false
05-15 20:59:51.674  1808  1899 I SurfaceFlinger: id=179556 createSurf, flag=84000, 109b600 ActivityRecordInputSink es.uniovi.recetasasturianas.test/androidx.test.core.app.InstrumentationActivityInvoker$EmptyActivity#179556
05-15 20:59:51.674 24267 24267 W libc    : Access denied finding property "vendor.display.enable_optimal_refresh_rate"
05-15 20:59:51.675 24267 24267 I VRI[InstrumentationActivityInvoker$EmptyActivity]@f3b7588: Relayout returned: old=(0,0,1080,2340) new=(0,0,1080,2340) relayoutAsync=false req=(1080,2340)0 dur=33 res=0x3 s={true 0xb400007de8d3eaa0} ch=true seqId=0
05-15 20:59:51.675 12633 21222 I Routine@Core[4.9.04.16]: ActivityWatcherListenerImpl: onResumeComponent: componentName - es.uniovi.recetasasturianas.test, androidx.test.core.app.InstrumentationActivityInvoker$EmptyActivity, userId: 0
05-15 20:59:51.675 24267 24267 I VRI[InstrumentationActivityInvoker$EmptyActivity]@f3b7588: performConfigurationChange setNightDimText nightDimLevel=0
05-15 20:59:51.675 24267 24267 D VRI[InstrumentationActivityInvoker$EmptyActivity]@f3b7588: mThreadedRenderer.initialize() mSurface={isValid=true 0xb400007de8d3eaa0} hwInitialized=true
05-15 20:59:51.675  1808  1808 D SurfaceFlinger: Display 4630947232161729154 HWC layers:
05-15 20:59:51.675  1808  1808 D SurfaceFlinger:        DEVICE |           47510928231519 | 00002100 | RGBA_8888    |    0.0    0.0 1080.0 2340.0 |    0    0 1080 2340 | Splash Screen es.uniovi.recetasasturianas.test$_11062#179548 (1)
05-15 20:59:51.675  1808  1808 D SurfaceFlinger:        DEVICE |           47510928230647 | 00002100 | RGBA_8888    |    0.0    0.0 1080.0   99.0 |    0    0 1080   99 | StatusBar$_11062#172976 (4138)
05-15 20:59:51.675  1808  1808 D SurfaceFlinger:        DEVICE |           47510928230672 | 00002100 | RGBA_8888    |    0.0    0.0 1080.0  144.0 |    0 2196 1080 2340 | NavigationBar0$_11062#172972 (357)
05-15 20:59:51.675  1808  1808 D SurfaceFlinger:        DEVICE |           27157078223661 | 00002100 | RGBA_8888    |    0.0   13.0  290.0  158.0 |  395    0  685  145 | $_6323#154529 (967)
05-15 20:59:51.675  1808  1808 D SurfaceFlinger:        DEVICE |           27157078223656 | 00002100 | RGBA_8888    |    0.0    0.0 1080.0  115.0 |    0    0 1080  115 | $_6323#177506 (652)
05-15 20:59:51.675  1808  1808 D SurfaceFlinger:        DEVICE |           47510928230638 | 00002140 | RGBA_8888    |    0.0    0.0 1080.0  121.0 |    0    0 1080  121 | ScreenDecorOverlay$_11062#172986 (67)
05-15 20:59:51.675  1808  1808 D SurfaceFlinger:        DEVICE |           47510928230639 | 00002
05-15 20:59:51.676  1808  1808 D SurfaceFlinger: 140 | RGBA_8888    |    0.0    0.0 1080.0  121.0 |    0 2219 1080 2340 | ScreenDecorOverlayBottom$_11062#172987 (60)
05-15 20:59:51.676  1808  1808 D SurfaceFlinger:
05-15 20:59:51.676 24267 24267 D VRI[InstrumentationActivityInvoker$EmptyActivity]@f3b7588: reportNextDraw android.view.ViewRootImpl.performTraversals:5443 android.view.ViewRootImpl.doTraversal:3924 android.view.ViewRootImpl$TraversalRunnable.run:12903 android.view.Choreographer$CallbackRecord.run:1901 android.view.Choreographer$CallbackRecord.run:1910
05-15 20:59:51.676 24267 24267 D VRI[InstrumentationActivityInvoker$EmptyActivity]@f3b7588: Setup new sync=wmsSync-VRI[InstrumentationActivityInvoker$EmptyActivity]@f3b7588#8
05-15 20:59:51.676 24267 24267 I VRI[InstrumentationActivityInvoker$EmptyActivity]@f3b7588: Creating new active sync group VRI[InstrumentationActivityInvoker$EmptyActivity]@f3b7588#9
05-15 20:59:51.676  1808  1808 I SurfaceFlinger: [LayerHierarchy{RequestedLayerState{Transition Root: Task=2385#179550 z=8} no children}] reparent to OffscreenRoot
05-15 20:59:51.676  1808  1808 I SurfaceFlinger: [LayerHierarchy{RequestedLayerState{Transition Root: Task=2385#179550 z=8} no children}] RelativeParent to null
05-15 20:59:51.676  1808  1808 I SurfaceFlinger: [Surface(name=8f932e4 StatusBar)/@0xabc478a - animation-leash of insets_animation#179554] attach to parent LayerHierarchy{RequestedLayerState{WindowToken{68a9b23 type=2000 android.os.BinderProxy@abe78dd}#172963 parentId=17} 3 children}
05-15 20:59:51.676  1808  1808 I SurfaceFlinger: [Surface(name=7a9d783 NavigationBar0)/@0x10e1471 - animation-leash of insets_animation#179555] attach to parent LayerHierarchy{RequestedLayerState{WindowToken{ec79b94 type=2019 android.os.BinderProxy@3619da6}#172956 parentId=34} 3 children}
05-15 20:59:51.676  1808  1808 I SurfaceFlinger: [109b600 ActivityRecordInputSink es.uniovi.recetasasturianas.test/androidx.test.core.app.InstrumentationActivityInvoker$EmptyActivity#179556] attach to parent LayerHierarchy{RequestedLayerState{ActivityRecord{72596606 u0 es.uniovi.recetasasturianas.test/androidx.test.core.app.InstrumentationActivityInvoker$EmptyActivity t2385}#179546 parentId=179545} 3 children}
05-15 20:59:51.676 24267 24267 D VRI[InstrumentationActivityInvoker$EmptyActivity]@f3b7588: registerCallbacksForSync syncBuffer=false
05-15 20:59:51.676  1808  1808 I SurfaceFlinger: id=179550 Removed Transition Root: Task=2385#179550 (170)
05-15 20:59:51.677 12633 21222 I Routine@Core[4.9.04.16]: Pref: putSharedPrefsData: key=condition_launch_app_data_resume_pkg, data.size=102
05-15 20:59:51.677 24267 24292 D VRI[InstrumentationActivityInvoker$EmptyActivity]@f3b7588: Received frameDrawingCallback syncResult=0 frameNum=1.
05-15 20:59:51.677 24267 24292 I VRI[InstrumentationActivityInvoker$EmptyActivity]@f3b7588: mWNT: t=0xb400007df8d4e010 mBlastBufferQueue=0xb400007e28d937e0 fn= 1 HdrRenderState mRenderHdrSdrRatio=1.0 caller= android.view.ViewRootImpl$12.onFrameDraw:15441 android.view.ThreadedRenderer$1.onFrameDraw:718 <bottom of call stack>
05-15 20:59:51.677 24267 24292 I VRI[InstrumentationActivityInvoker$EmptyActivity]@f3b7588: Setting up sync and frameCommitCallback
05-15 20:59:51.678  4195 23188 I HoneySpace.RecentTasks: onRunningTaskAppeared
05-15 20:59:51.678  4195 23188 I HoneySpace.RecentTasks: onRecentTasksChanged
05-15 20:59:51.678 11062 11062 D QSClock : onDarkChanged tint=DARK
05-15 20:59:51.681 24090 24155 D HWUI    : CacheManager::trimMemory(20)
05-15 20:59:51.682 24267 24288 I BLASTBufferQueue: [VRI[InstrumentationActivityInvoker$EmptyActivity]@f3b7588#4](f:0,a:0,s:0) onFrameAvailable the first frame is available
05-15 20:59:51.682 24267 24288 I SurfaceComposerClient: apply transaction with the first frame. layerId: 179551, bufferData(ID: 104225971372048, frameNumber: 1)
05-15 20:59:51.682  1808  2497 I SurfaceFlinger: [es.uniovi.recetasasturianas.test/androidx.test.core.app.InstrumentationActivityInvoker$EmptyActivity$_24267#179551] setTransactionState with the first frame. bufferData(ID: 104225971372048, frameNumber: 1)
05-15 20:59:51.683 24267 24288 I VRI[InstrumentationActivityInvoker$EmptyActivity]@f3b7588: Received frameCommittedCallback lastAttemptedDrawFrameNum=1 didProduceBuffer=true
05-15 20:59:51.683 24267 24288 D HWUI    : CFMS:: SetUp Pid : 24267    Tid : 24288
05-15 20:59:51.684 11062 11062 D NavigationBar: onSystemBarAttributesChanged() -  displayId:0, appearance:0, packageName: es.uniovi.recetasasturianas.test, navbarColorManagedByIme:false
05-15 20:59:51.684 24267 24267 D VRI[InstrumentationActivityInvoker$EmptyActivity]@f3b7588: reportDrawFinished seqId=0
05-15 20:59:51.686  1808  1808 I SurfaceFlinger: [Display 0 name="Built-in Screen"#172933] setFrameRateCategory: Default
05-15 20:59:51.686  1808  1808 I SurfaceFlinger: RequestedLayer [ActivityRecord{43990721 u0 es.uniovi[...]turianas/.MainActivity t2384}#179528] hidden!! flag  from(0) --> to(1)
05-15 20:59:51.686  1808  1808 I SurfaceFlinger: RequestedLayer [es.uniovi.recetasasturianas/es.uniov[...]sturianas.MainActivity$_24090#179537] hidden!! flag  from(0) --> to(1)
05-15 20:59:51.687  1808  1808 I SurfaceFlinger: destroyed Transition Root: Task=2385#179550 form LifecycleManager
05-15 20:59:51.687  1808  1808 I SurfaceFlinger: [LayerHierarchy{RequestedLayerState{Surface(name=7a9d783 NavigationBar0)/@0x10e1471 - animation-leash of insets_animation#179541} 1 children}] reparent to OffscreenRoot
05-15 20:59:51.687  1808  1808 I SurfaceFlinger: [LayerHierarchy{RequestedLayerState{Surface(name=7a9d783 NavigationBar0)/@0x10e1471 - animation-leash of insets_animation#179541} 1 children}] RelativeParent to null
05-15 20:59:51.687  1808  1808 I SurfaceFlinger: [LayerHierarchy{RequestedLayerState{7a9d783 NavigationBar0#172957 parentId=179555} 1 children}] reparent to LayerHierarchy{RequestedLayerState{Surface(name=7a9d783 NavigationBar0)/@0x10e1471 - animation-leash of insets_animation#179555 parentId=172956} 1 children}
05-15 20:59:51.687  1808  1808 I SurfaceFlinger: [LayerHierarchy{RequestedLayerState{8f932e4 StatusBar#172964 parentId=179554} 1 children}] reparent to LayerHierarchy{RequestedLayerState{Surface(name=8f932e4 StatusBar)/@0xabc478a - animation-leash of insets_animation#179554 parentId=172963} 1 children}
05-15 20:59:51.687  1808  1808 I SurfaceFlinger: [LayerHierarchy{RequestedLayerState{Surface(name=8f932e4 StatusBar)/@0xabc478a - animation-leash of insets_animation#179540} no children}] reparent to OffscreenRoot
05-15 20:59:51.687  1808  1808 I SurfaceFlinger: [LayerHierarchy{RequestedLayerState{Surface(name=8f932e4 StatusBar)/@0xabc478a - animation-leash of insets_animation#179540} no children}] RelativeParent to null
05-15 20:59:51.687  1808  1808 I SurfaceFlinger: [LayerHierarchy{RequestedLayerState{Surface(name=8f932e4 StatusBar)/@0xabc478a - animation-leash of insets_animation#179552} no children}] reparent to OffscreenRoot
05-15 20:59:51.687  1808  1808 I SurfaceFlinger: [LayerHierarchy{RequestedLayerState{Surface(name=8f932e4 StatusBar)/@0xabc478a - animation-leash of insets_animation#179552} no children}] RelativeParent to null
05-15 20:59:51.687 11062 11118 D ShellDesktopMode: handleRequest: TransitionRequestInfo {type=2, tid=2385, debugId=14580}
05-15 20:59:51.687  1808  1808 I SurfaceFlinger: [LayerHierarchy{RequestedLayerState{Surface(name=7a9d783 NavigationBar0)/@0x10e1471 - animation-leash of insets_animation#179553} no children}] reparent to OffscreenRoot
05-15 20:59:51.687  1808  1808 I SurfaceFlinger: [LayerHierarchy{RequestedLayerState{Surface(name=7a9d783 NavigationBar0)/@0x10e1471 - animation-leash of insets_animation#179553} no children}] RelativeParent to null
05-15 20:59:51.687  1808  1808 I SurfaceFlinger: id=179550 onLayerDestroyed from LayerHierarchyBuilder(RequestedLayerState{Transition Root: Task=2385#179550 !handle z=8})
05-15 20:59:51.687  1977  6943 I SemDvfsHyPerManager: acquire hyper - AMS_RESUME_TAIL/1977@22, type = -999
05-15 20:59:51.687  1977  6943 I SemDvfsHyPerManager: acquire hyper - AMS_ACT_LAZY/1977@23, type = -999
05-15 20:59:51.688  1632  1829 I HYPER-HAL: [RequestManager.cpp]acquire(): Acquired ID : 1999022  [1977 / 22]    HINT : AMS_RESUME_TAIL    list :
05-15 20:59:51.688  1977  6941 I WindowManager: Relayout Window{69737d6 u0 es.uniovi.recetasasturianas/es.uniovi.recetasasturianas.MainActivity}: viewVisibility=8 req=1080x2340 ty=1 d0
05-15 20:59:51.689  1808  1899 I SurfaceFlinger: id=179557 createSurf, flag=24000, Surface(name=8f932e4 StatusBar)/@0xabc478a - animation-leash of insets_animation#179557
05-15 20:59:51.690  1977  2128 I PkgPredictorService-SecIpmManagerServiceImpl: reportToNAP uid:10626 es.uniovi.recetasasturianas.test/androidx.test.core.app.InstrumentationActivityInvoker$EmptyActivity thisTime:95
05-15 20:59:51.690  1977  2128 D PkgPredictorService-SecIpmManagerServiceImpl: reportToNAP: mHeavyLaunchCounter is false
05-15 20:59:51.690  1977  4221 D PkgPredictorService-SecIpmManagerServiceImpl: ACTION_FOREGROUND_FINISH_EVENT sCurForegroundApp :es.uniovi.recetasasturianas.test
05-15 20:59:51.690  1808  1808 I Layer   : id=179550 Destroyed Transition Root: Task=2385#179550
05-15 20:59:51.691  1808  1808 E RefreshRateSelector: Can't find HRR max refresh rate by policy with the same group 1080
05-15 20:59:51.692  1808  1899 I SurfaceFlinger: id=179558 createSurf, flag=24000, Surface(name=7a9d783 NavigationBar0)/@0x10e1471 - animation-leash of insets_animation#179558
05-15 20:59:51.692  1808  2497 I SurfaceFlinger: id=179552 Removed Surface(name=8f932e4 StatusBar)/@0xabc478a - animation-leash of insets_animation#179552 (171)
05-15 20:59:51.692  1808  2497 I SurfaceFlinger: id=179553 Removed Surface(name=7a9d783 NavigationBar0)/@0x10e1471 - animation-leash of insets_animation#179553 (171)
05-15 20:59:51.693  1632  1829 I HYPER-HAL: [ResourceManager.cpp]updateResource(): [CPUMinFreq] UpdateResource Request ID : 1999022    Value : 1785600
05-15 20:59:51.693  1632  1829 I HYPER-HAL: [RequestManager.cpp]acquire(): Acquired ID : 2001023  [1977 / 23]    HINT : AMS_ACT_LAZY    list :
05-15 20:59:51.693  1632  1829 I HYPER-HAL: [ResourceManager.cpp]removeResource(): [CPULittleMinFreq] RemoveResource Request ID : 2011043
05-15 20:59:51.694 11062 11062 D NavigationBar: onSystemBarAttributesChanged() -  displayId:0, appearance:8, packageName: es.uniovi.recetasasturianas.test (APPEARANCE_LIGHT_STATUS_BARS ), navbarColorManagedByIme:false
05-15 20:59:51.694  1977  2128 I ActivityTaskManager: Displayed es.uniovi.recetasasturianas.test/androidx.test.core.app.InstrumentationActivityInvoker$EmptyActivity for user 0: +95ms
05-15 20:59:51.694  4301  4301 E pageboostd: Received HALT command code 2
05-15 20:59:51.694  1977  6941 I WindowManager: Relayout hash=69737d6, pid=24090, syncId=-1: mAttrs={(0,0)(fillxfill) sim={adjust=resize} layoutInDisplayCutoutMode=always ty=BASE_APPLICATION wanim=0x1030317
05-15 20:59:51.694  1977  6941 I WindowManager:   fl=81810100
05-15 20:59:51.694  1977  6941 I WindowManager:   pfl=100088c0
05-15 20:59:51.694  1977  6941 I WindowManager:   vsysui=500
05-15 20:59:51.694  1977  6941 I WindowManager:   bhv=1
05-15 20:59:51.694  1977  6941 I WindowManager:   fitSides=0
05-15 20:59:51.694  1977  6941 I WindowManager:   frameRateBoostOnTouch=true
05-15 20:59:51.694  1977  6941 I WindowManager:   dvrrWindowFrameRateHint=true naviIconColor=0}
05-15 20:59:51.695  1808  2497 I SurfaceFlinger: id=179540 Removed Surface(name=8f932e4 StatusBar)/@0xabc478a - animation-leash of insets_animation#179540 (171)
05-15 20:59:51.695  1808  1951 D SurfaceFlinger: [input] setFocusedWindow: c497d97 es.uniovi.recetasasturianas.test/androidx.test.core.app.InstrumentationActivityInvoker$EmptyActivity
05-15 20:59:51.695  1808  2497 I SurfaceFlinger: id=179541 Removed Surface(name=7a9d783 NavigationBar0)/@0x10e1471 - animation-leash of insets_animation#179541 (171)
05-15 20:59:51.695  1977  2834 D InputDispatcher: Once focus requested (0): c497d97 es.uniovi.recetasasturianas.test/androidx.test.core.app.InstrumentationActivityInvoker$EmptyActivity
05-15 20:59:51.695  1977  2834 D InputDispatcher: Focus request (0): c497d97 es.uniovi.recetasasturianas.test/androidx.test.core.app.InstrumentationActivityInvoker$EmptyActivity but waiting because NO_WINDOW
05-15 20:59:51.696  1977  6950 I SemDvfsHyPerManager: acquire hyper - AMS_APP_HOME/1977@29, type = -999
05-15 20:59:51.696 24090 24090 I VRI[MainActivity]@4972095: Relayout returned: old=(0,0,1080,2340) new=(0,0,1080,2340) relayoutAsync=false req=(1080,2340)8 dur=12 res=0x2 s={false 0x0} ch=true seqId=0
05-15 20:59:51.696 24090 24090 D VRI[MainActivity]@4972095: Not drawing due to not visible. Reason=!mAppVisible && !mForceDecorViewVisibility
05-15 20:59:51.696  5896  5896 I SemDvfsHyPerManager: acquire hyper - APP_START_HOME/5896@16, type = -999
05-15 20:59:51.696  1632  1829 I HYPER-HAL: [ResourceManager.cpp]removeResource(): [CPUMinFreq] RemoveResource Request ID : 2011043
05-15 20:59:51.697  1632  1829 I HYPER-HAL: [RequestManager.cpp]releaseLocked(): Released ID : 2011043
05-15 20:59:51.697  1632  1829 I HYPER-HAL: [RequestManager.cpp]acquire(): Acquired ID : 2013050  [1977 / 29]    HINT : AMS_APP_HOME    list :
05-15 20:59:51.698  1632  1829 I HYPER-HAL: [ResourceManager.cpp]updateResource(): [CPUMinFreq] UpdateResource Request ID : 2013050    Value : 2841600
05-15 20:59:51.698  1632  1829 I HYPER-HAL: [RequestManager.cpp]acquire(): Acquired ID : 17478844  [5896 / 16]    HINT : APP_START    list : [KERNEL_APP_START_NOTIFY / 0] [TIMEOUT / 1500]
05-15 20:59:51.698  1632  1829 I HYPER-HAL: [ResourceManager.cpp]updateResource(): [CPUMaxFreq] UpdateResource Request ID : 17478844    Value : 2841600
05-15 20:59:51.700  1808  1808 I SurfaceFlinger: [Display 0 name="Built-in Screen"#172933] setFrameRateCategory: High
05-15 20:59:51.700  1808  1808 I SurfaceFlinger: destroyed Surface(name=7a9d783 NavigationBar0)/@0x10e1471 - animation-leash of insets_animation#179541 form LifecycleManager
05-15 20:59:51.700  1808  1808 I SurfaceFlinger: destroyed Surface(name=8f932e4 StatusBar)/@0xabc478a - animation-leash of insets_animation#179540 form LifecycleManager
05-15 20:59:51.700  1808  1808 I SurfaceFlinger: destroyed Surface(name=8f932e4 StatusBar)/@0xabc478a - animation-leash of insets_animation#179552 form LifecycleManager
05-15 20:59:51.700  1808  1808 I SurfaceFlinger: destroyed Surface(name=7a9d783 NavigationBar0)/@0x10e1471 - animation-leash of insets_animation#179553 form LifecycleManager
05-15 20:59:51.700  1808  1808 I SurfaceFlinger: [Surface(name=7a9d783 NavigationBar0)/@0x10e1471 - animation-leash of insets_animation#179558] attach to parent LayerHierarchy{RequestedLayerState{WindowToken{ec79b94 type=2019 android.os.BinderProxy@3619da6}#172956 parentId=34} 2 children}
05-15 20:59:51.700  1808  1808 I SurfaceFlinger: [Surface(name=8f932e4 StatusBar)/@0xabc478a - animation-leash of insets_animation#179557] attach to parent LayerHierarchy{RequestedLayerState{WindowToken{68a9b23 type=2000 android.os.BinderProxy@abe78dd}#172963 parentId=17} 2 children}
05-15 20:59:51.700  1808  1808 I SurfaceFlinger: id=179541 onLayerDestroyed from LayerHierarchyBuilder(RequestedLayerState{Surface(name=7a9d783 NavigationBar0)/@0x10e1471 - animation-leash of insets_animation#179541 !handle})
05-15 20:59:51.700  1808  1808 I SurfaceFlinger: id=179540 onLayerDestroyed from LayerHierarchyBuilder(RequestedLayerState{Surface(name=8f932e4 StatusBar)/@0xabc478a - animation-leash of insets_animation#179540 !handle})
05-15 20:59:51.700  1808  1808 I SurfaceFlinger: id=179552 onLayerDestroyed from LayerHierarchyBuilder(RequestedLayerState{Surface(name=8f932e4 StatusBar)/@0xabc478a - animation-leash of insets_animation#179552 !handle})
05-15 20:59:51.700  1808  1808 I SurfaceFlinger: id=179553 onLayerDestroyed from LayerHierarchyBuilder(RequestedLayerState{Surface(name=7a9d783 NavigationBar0)/@0x10e1471 - animation-leash of insets_animation#179553 !handle})
05-15 20:59:51.701  1977  6950 D InputDispatcher: Focused application(0): ActivityRecord{148716444 u0 bitpit.launcher/.ui.HomeActivity t1351}
05-15 20:59:51.701  1808  1808 I Layer   : id=179541 Destroyed Surface(name=7a9d783 NavigationBar0)/@0x10e1471 - animation-leash of insets_animation#179541
05-15 20:59:51.701  1808  1808 I Layer   : id=179540 Destroyed Surface(name=8f932e4 StatusBar)/@0xabc478a - animation-leash of insets_animation#179540
05-15 20:59:51.701  1808  1808 I Layer   : id=179552 Destroyed Surface(name=8f932e4 StatusBar)/@0xabc478a - animation-leash of insets_animation#179552
05-15 20:59:51.701  1808  1808 I Layer   : id=179553 Destroyed Surface(name=7a9d783 NavigationBar0)/@0x10e1471 - animation-leash of insets_animation#179553
05-15 20:59:51.701  1808  1808 I BpBinder: onLastStrongRef automatically unlinking death recipients:
05-15 20:59:51.702  1977  3186 D AS.MultiSoundManager: mForegroundUid = 10578
05-15 20:59:51.702 20661 20661 I VRI[HomeActivity]@27ecfc4: handleAppVisibility mAppVisible = false visible = true
05-15 20:59:51.702  1977  6950 D SurfaceComposerClient: setCornerRadius ## c5a06c0 bitpit.launcher/bitpit.launcher.ui.HomeActivity#155257 cornerRadius=0.000000
05-15 20:59:51.702  1977  6950 D SurfaceComposerClient: setCornerRadius ## c5a06c0 bitpit.launcher/bitpit.launcher.ui.HomeActivity#155257 cornerRadius=0.000000
05-15 20:59:51.703 20661 20661 I VRI[HomeActivity]@27ecfc4: stopped(false) old = true
05-15 20:59:51.703 20661 20661 D VRI[HomeActivity]@27ecfc4: WindowStopped on bitpit.launcher/bitpit.launcher.ui.HomeActivity set to false
05-15 20:59:51.703  1977  2142 D SurfaceComposerClient: setCornerRadius ## c5a06c0 bitpit.launcher/bitpit.launcher.ui.HomeActivity#155257 cornerRadius=0.000000
05-15 20:59:51.705  1977  3573 I AppWidgetServiceImpl: lookupOrAddHostLocked = HostId{user:0, app:10578, hostId:4354, pkg:bitpit.launcher}
05-15 20:59:51.705  1977  3573 I AppWidgetServiceImpl: startListening callbacks : com.android.internal.appwidget.IAppWidgetHost$Stub$Proxy@696f662 intervalEnsure:741449264 intervalHostLock:741449264 LhostId:HostId{user:0, app:10578, hostId:4354, pkg:bitpit.launcher}
05-15 20:59:51.709  1808  1808 I SurfaceFlinger: RequestedLayer [es.uniovi.recetasasturianas.test/and[...]yInvoker$EmptyActivity$_24267#179551] hidden!! flag  from(1) --> to(0)
05-15 20:59:51.709  1808  1808 I SurfaceFlinger: [LayerHierarchy{RequestedLayerState{7a9d783 NavigationBar0#172957 parentId=179558} 1 children}] reparent to LayerHierarchy{RequestedLayerState{Surface(name=7a9d783 NavigationBar0)/@0x10e1471 - animation-leash of insets_animation#179558 parentId=172956} 1 children}
05-15 20:59:51.709  1808  1808 I SurfaceFlinger: [LayerHierarchy{RequestedLayerState{8f932e4 StatusBar#172964 parentId=179557} 1 children}] reparent to LayerHierarchy{RequestedLayerState{Surface(name=8f932e4 StatusBar)/@0xabc478a - animation-leash of insets_animation#179557 parentId=172963} 1 children}
05-15 20:59:51.709  1808  1808 I SurfaceFlinger: [LayerHierarchy{RequestedLayerState{Surface(name=7a9d783 NavigationBar0)/@0x10e1471 - animation-leash of insets_animation#179555} no children}] reparent to OffscreenRoot
05-15 20:59:51.709  1808  1808 I SurfaceFlinger: [LayerHierarchy{RequestedLayerState{Surface(name=7a9d783 NavigationBar0)/@0x10e1471 - animation-leash of insets_animation#179555} no children}] RelativeParent to null
05-15 20:59:51.709  1808  1808 I SurfaceFlinger: [LayerHierarchy{RequestedLayerState{Surface(name=8f932e4 StatusBar)/@0xabc478a - animation-leash of insets_animation#179554} no children}] reparent to OffscreenRoot
05-15 20:59:51.709  1808  1808 I SurfaceFlinger: [LayerHierarchy{RequestedLayerState{Surface(name=8f932e4 StatusBar)/@0xabc478a - animation-leash of insets_animation#179554} no children}] RelativeParent to null
05-15 20:59:51.709 24090 24090 D ConnectivityManager: StackLog: [android.net.ConnectivityManager.unregisterNetworkCallback(ConnectivityManager.java:5575)] [com.bumptech.glide.manager.SingletonConnectivityReceiver$FrameworkConnectivityMonitorPostApi24.unregister(SingletonConnectivityReceiver.java:205)] [com.bumptech.glide.manager.SingletonConnectivityReceiver.maybeUnregisterReceiver(SingletonConnectivityReceiver.java:122)] [com.bumptech.glide.manager.SingletonConnectivityReceiver.unregister(SingletonConnectivityReceiver.java:105)] [com.bumptech.glide.manager.DefaultConnectivityMonitor.unregister(DefaultConnectivityMonitor.java:29)] [com.bumptech.glide.manager.DefaultConnectivityMonitor.onStop(DefaultConnectivityMonitor.java:39)] [com.bumptech.glide.manager.LifecycleLifecycle.onStop(LifecycleLifecycle.java:35)] [java.lang.reflect.Method.invoke(Native Method)] [androidx.lifecycle.ClassesInfoCache$MethodReference.invokeCallback(ClassesInfoCache.java:225)] [androidx.lifecycle.ClassesInfoCache$CallbackInfo.invokeMethodsForEvent(ClassesInfoCache.java:199)] [androidx.lifecycle.ClassesInfoCache$CallbackInfo.invokeCallbacks(ClassesInfoCache.java:190)] [androidx.lifecycle.ReflectiveGenericLifecycleObserver.onStateChanged(ReflectiveGenericLifecycleObserver.java:40)] [androidx.lifecycle.LifecycleRegistry$ObserverWithState.dispatchEvent(LifecycleRegistry.kt:322)] [androidx.lifecycle.LifecycleRegistry.backwardPass(LifecycleRegistry.kt:273)] [androidx.lifecycle.LifecycleRegistry.sync(LifecycleRegistry.kt:290)] [androidx.lifecycle.LifecycleRegistry.moveToState(LifecycleRegistry.kt:143)] [androidx.lifecycle.LifecycleRegistry.handleLifecycleEvent(LifecycleRegistry.kt:126)] [androidx.lifecycle.ReportFragment$Companion.dispatch$lifecycle_runtime_release(ReportFragment.kt:190)] [androidx.lifecycle.ReportFragment$LifecycleCallbacks.onActivityPreStopped(ReportFragment.kt:135)] [android.app.Activity.dispatchActivityPreStopped(Activity.java:1740)] [android.app.Activity.performStop(Activity.java:9789)] [android.app.ActivityThread.callActivityOnStop(ActivityThread.java:6744)] [android.app.ActivityThread.performStopActivityInner(ActivityThread.java:6718)] [android.app.ActivityThread.handleStopActivity(ActivityThread.java:6788)] [android.app.servertransaction.TransactionExecutor.performLifecycleSequence(TransactionExecutor.java:229)] [android.app.servertransaction.TransactionExecutor.cycleToPath(TransactionExecutor.java:194)] [android.app.servertransaction.TransactionExecutor.executeLifecycleItem(TransactionExecutor.java:166)] [android.app.servertransaction.TransactionExecutor.executeTransactionItems(TransactionExecutor.java:101)] [android.app.servertransaction.TransactionExecutor.execute(TransactionExecutor.java:80)] [android.app.ActivityThread$H.handleMessage(ActivityThread.java:3150)]
05-15 20:59:51.710  1977  3160 D ConnectivityService:  Removing from current network [2805 CELLULAR], leaving 175 requests.
05-15 20:59:51.710 24090 24090 I VRI[MainActivity]@4972095: stopped(true) old = false
05-15 20:59:51.710 24090 24090 D VRI[MainActivity]@4972095: WindowStopped on es.uniovi.recetasasturianas/es.uniovi.recetasasturianas.MainActivity set to true
05-15 20:59:51.710 24090 24155 D HWUI    : CacheManager::trimMemory(20)
05-15 20:59:51.711  1977  2134 D PkgPredictorService-SecIpmManagerServiceImpl: bg information pid:24090 uid:10625 pkgName:es.uniovi.recetasasturianas
05-15 20:59:51.711  1808  1808 D SurfaceFlinger: Display 4630947232161729154 HWC layers:
05-15 20:59:51.711  1808  1808 D SurfaceFlinger:        DEVICE |          104225971372048 | 00002102 | RGBA_8888    |    0.0    0.0 1080.0 2340.0 |    0    0 1080 2340 | es.uniovi.recetasasturianas.test/and[...]yInvoker$EmptyActivity$_24267#179551 (1)
05-15 20:59:51.711  1808  1808 D SurfaceFlinger:        DEVICE |           47510928231519 | 00002100 | RGBA_8888    |    0.0    0.0 1080.0 2340.0 |    0    0 1080 2340 | Splash Screen es.uniovi.recetasasturianas.test$_11062#179548 (1)
05-15 20:59:51.711  1808  1808 D SurfaceFlinger:        DEVICE |           47510928230666 | 00002100 | RGBA_8888    |    0.0    0.0 1080.0   99.0 |    0    0 1080   99 | StatusBar$_11062#172976 (4139)
05-15 20:59:51.711  1808  1808 D SurfaceFlinger:        DEVICE |           47510928230672 | 00002100 | RGBA_8888    |    0.0    0.0 1080.0  144.0 |    0 2196 1080 2340 | NavigationBar0$_11062#172972 (357)
05-15 20:59:51.711  1808  1808 D SurfaceFlinger:        DEVICE |           27157078223661 | 00002100 | RGBA_8888    |    0.0   13.0  290.0  158.0 |  395    0  685  145 | $_6323#154529 (967)
05-15 20:59:51.711  1808  1808 D SurfaceFlinger:        DEVICE |           27157078223656 | 00002100 | RGBA_8888    |    0.0    0.0 1080.0  115.0 |    0    0 1080  115 | $_6323#177506 (652)
05-15 20:59:51.711  1808  1808 D SurfaceFlinger:
05-15 20:59:51.711  1808  1808 D SurfaceFlinger:    DEVICE |           47510928230638 | 00002140 | RGBA_8888    |    0.0    0.0 1080.0  121.0 |    0    0 1080  121 | ScreenDecorOverlay$_11062#172986 (67)
05-15 20:59:51.711  1808  1808 D SurfaceFlinger:        DEVICE |           47510928230639 | 00002140 | RGBA_8888    |    0.0    0.0 1080.0  121.0 |    0 2219 1080 2340 | ScreenDecorOverlayBottom$_11062#172987 (60)
05-15 20:59:51.711  1808  1808 D SurfaceFlinger:
05-15 20:59:51.711  1808  1951 D SurfaceFlinger: [input] setFocusedWindow: <null>
05-15 20:59:51.712  1808  4802 I SurfaceFlinger: id=179554 Removed Surface(name=8f932e4 StatusBar)/@0xabc478a - animation-leash of insets_animation#179554 (167)
05-15 20:59:51.712  1808  4802 I SurfaceFlinger: id=179555 Removed Surface(name=7a9d783 NavigationBar0)/@0x10e1471 - animation-leash of insets_animation#179555 (167)
05-15 20:59:51.712  1977  6941 D InputDispatcher: Once focus requested (0): <null>
05-15 20:59:51.712 24090 24090 D LifecycleMonitor: Lifecycle status change: es.uniovi.recetasasturianas.MainActivity@9db5282 in: STOPPED
05-15 20:59:51.713 24090 24090 V ActivityScenario: Update currentActivityStage to STOPPED, currentActivity=es.uniovi.recetasasturianas.MainActivity@9db5282
05-15 20:59:51.713 11062 11138 I VRI[test]@86696cc: onActiveControlsChanged, removed=false, mAdded=true, caller=android.view.ViewRootImpl.handleInsetsControlChanged:3002 android.view.ViewRootImpl$ViewRootHandler.handleMessageImpl:8352 android.view.ViewRootImpl$ViewRootHandler.handleMessage:8301 android.os.Handler.dispatchMessage:110 android.os.Looper.loopOnce:273
05-15 20:59:51.713 11062 11138 I InsetsSourceConsumer: applyRequestedVisibilityToControl: visible=true, type=statusBars, host=Splash Screen es.uniovi.recetasasturianas.test
05-15 20:59:51.713 11062 11138 I InsetsSourceConsumer: applyRequestedVisibilityToControl: visible=true, type=navigationBars, host=Splash Screen es.uniovi.recetasasturianas.test
05-15 20:59:51.716 24090 24090 D LifecycleMonitor: Lifecycle status change: es.uniovi.recetasasturianas.MainActivity@9db5282 in: DESTROYED
05-15 20:59:51.716 24090 24090 V ActivityScenario: Update currentActivityStage to DESTROYED, currentActivity=null
05-15 20:59:51.716 24090 24138 I TestRunner: finished: displayRecipeDetails(es.uniovi.recetasasturianas.RecipeDetailFragmentTest)
