05-15 20:59:53.237 24090 24138 I TestRunner: started: pullToRefresh_refreshesList(es.uniovi.recetasasturianas.RecipeListFragmentTest)
05-15 20:59:53.239 20661 20727 I VRI[HomeActivity]@27ecfc4: mWNT: t=0xb400007df8df6c50 mBlastBufferQueue=0xb400007e28d604b0 fn= 8 HdrRenderState mRenderHdrSdrRatio=1.0 caller= android.view.SyncRtSurfaceTransactionApplier.applyTransaction:100 android.view.SyncRtSurfaceTransactionApplier.lambda$scheduleApply$0:73 android.view.SyncRtSurfaceTransactionApplier.$r8$lambda$afI4fXg3U3-nBZQEDQMiNy-B06s:0
05-15 20:59:53.240  1977  6941 I WindowManager: Relayout Window{4845400 u0 com.android.systemui.wallpapers.ImageWallpaper}: viewVisibility=0 req=-1x-1 ty=2013 d0
05-15 20:59:53.240  1977  6941 D SurfaceComposerClient: setCornerRadius ## c5a06c0 bitpit.launcher/bitpit.launcher.ui.HomeActivity#155257 cornerRadius=0.000000
05-15 20:59:53.241  1977  6941 D SurfaceComposerClient: setCornerRadius ## c5a06c0 bitpit.launcher/bitpit.launcher.ui.HomeActivity#155257 cornerRadius=0.000000
05-15 20:59:53.241  1977  6941 I WindowManager: Relayout hash=4845400, pid=11062, syncId=-1: mAttrs={(0,0)(fillxfill) gr=TOP START CENTER layoutInDisplayCutoutMode=always ty=WALLPAPER fmt=RGBX_8888 wanim=0x1030328
05-15 20:59:53.241  1977  6941 I WindowManager:   fl=10318
05-15 20:59:53.241  1977  6941 I WindowManager:   pfl=14
05-15 20:59:53.241  1977  6941 I WindowManager:   bhv=1
05-15 20:59:53.241  1977  6941 I WindowManager:   frameRateBoostOnTouch=true
05-15 20:59:53.241  1977  6941 I WindowManager:   dvrrWindowFrameRateHint=true naviIconColor=0}
05-15 20:59:53.242 24090 24138 W Settings: Setting always_finish_activities has moved from android.provider.Settings.System to android.provider.Settings.Global, returning read-only value.
05-15 20:59:53.242 11062 11719 I BLASTBufferQueue_Java: update, w= 1080 h= 2340 mName = Wallpaper mNativeObject= 0xb400007e28d927d0 sc.mNativeObject= 0xb400007ea8d7e710 format= 2 caller= android.service.wallpaper.WallpaperService$Engine.getOrCreateBLASTSurface:2929 android.service.wallpaper.WallpaperService$Engine.updateSurface:1682 android.service.wallpaper.WallpaperService$IWallpaperEngineWrapper.handleResized:3540 android.service.wallpaper.WallpaperService$IWallpaperEngineWrapper.executeMessage:3459 com.android.internal.os.HandlerCaller$MyHandler.handleMessage:44 android.os.Handler.dispatchMessage:110
05-15 20:59:53.242 11062 11719 I BLASTBufferQueue: [Wallpaper#276](f:0,a:1,s:0) update width=1080 height=2340 format=2 mTransformHint=0
05-15 20:59:53.243  1808  1808 I SurfaceFlinger: destroyed Surface(name=35023c1 InputMethod)/@0x1087f31 - animation-leash of insets_animation#179615 form LifecycleManager
05-15 20:59:53.244  1808  1808 I SurfaceFlinger: destroyed ActivityRecord{135906723 u0 es.uniovi.recetasasturianas.test/androidx.test.core.app.InstrumentationActivityInvoker$EmptyActivity t2389}#179619 form LifecycleManager
05-15 20:59:53.244  1808  1808 I SurfaceFlinger: destroyed Task=2389#179632 form LifecycleManager
05-15 20:59:53.244  1808  1808 I SurfaceFlinger: destroyed es.uniovi.recetasasturianas.test/androidx.test.core.app.InstrumentationActivityInvoker$EmptyActivity$_24267#179624 form LifecycleManager
05-15 20:59:53.244  1808  1808 I SurfaceFlinger: destroyed 93206d5 es.uniovi.recetasasturianas.test/androidx.test.core.app.InstrumentationActivityInvoker$EmptyActivity#179622 form LifecycleManager
05-15 20:59:53.244  1808  1808 I SurfaceFlinger: [Task=2388#179634] attach to parent Root
05-15 20:59:53.244  1808  1808 I SurfaceFlinger: id=179615 onLayerDestroyed from LayerHierarchyBuilder(RequestedLayerState{Surface(name=35023c1 InputMethod)/@0x1087f31 - animation-leash of insets_animation#179615 !handle})
05-15 20:59:53.244  1808  1808 I SurfaceFlinger: id=179619 onLayerDestroyed from LayerHierarchyBuilder(RequestedLayerState{ActivityRecord{135906723 u0 es.uniovi.recetasasturianas.test/androidx.test.core.app.InstrumentationActivityInvoker$EmptyActivity t2389}#179619 !handle})
05-15 20:59:53.244  1808  1808 I SurfaceFlinger: id=179632 onLayerDestroyed from LayerHierarchyBuilder(RequestedLayerState{Task=2389#179632 !handle z=8})
05-15 20:59:53.244  1808  1808 I SurfaceFlinger: id=179624 onLayerDestroyed from LayerHierarchyBuilder(RequestedLayerState{es.uniovi.recetasasturianas.test/androidx.test.core.app.InstrumentationActivityInvoker$EmptyActivity$_24267#179624 !handle})
05-15 20:59:53.244  1808  1808 I SurfaceFlinger: id=179622 onLayerDestroyed from LayerHierarchyBuilder(RequestedLayerState{93206d5 es.uniovi.recetasasturianas.test/androidx.test.core.app.InstrumentationActivityInvoker$EmptyActivity#179622 !handle})
05-15 20:59:53.244  1808  1808 I Layer   : id=179615 Destroyed Surface(name=35023c1 InputMethod)/@0x1087f31 - animation-leash of insets_animation#179615
05-15 20:59:53.244  1808  1808 I Layer   : id=179619 Destroyed ActivityRecord{135906723 u0 es.uniovi.recetasasturianas.test/androidx.test.core.app.InstrumentationActivityInvoker$EmptyActivity t2389}#179619
05-15 20:59:53.244  1808  1808 I Layer   : id=179632 Destroyed Task=2389#179632
05-15 20:59:53.244  1808  1808 I Layer   : id=179624 Destroyed es.uniovi.recetasasturianas.test/androidx.test.core.app.InstrumentationActivityInvoker$EmptyActivity$_24267#179624
05-15 20:59:53.244  1808  1808 I Layer   : id=179622 Destroyed 93206d5 es.uniovi.recetasasturianas.test/androidx.test.core.app.InstrumentationActivityInvoker$EmptyActivity#179622
05-15 20:59:53.245 20661 20726 I VRI[HomeActivity]@27ecfc4: mWNT: t=0xb400007df8d92250 mBlastBufferQueue=0xb400007e28d604b0 fn= 9 HdrRenderState mRenderHdrSdrRatio=1.0 caller= android.view.SyncRtSurfaceTransactionApplier.applyTransaction:100 android.view.SyncRtSurfaceTransactionApplier.lambda$scheduleApply$0:73 android.view.SyncRtSurfaceTransactionApplier.$r8$lambda$afI4fXg3U3-nBZQEDQMiNy-B06s:0
05-15 20:59:53.245  4195 30507 I HoneySpace.RecentTasks: onRunningTaskVanished
05-15 20:59:53.245  4195 30507 I HoneySpace.RecentTasks: onRecentTasksChanged
05-15 20:59:53.249 12633 17431 I Routine@Core[4.9.04.16]: ActivityWatcherListenerImpl: onStopComponent: componentName - es.uniovi.recetasasturianas.test, userId: 0
05-15 20:59:53.249 12633 17431 I Routine@Core[4.9.04.16]: Pref: putSharedPrefsData: key=condition_launch_app_data_resume_pkg, data.size=49
05-15 20:59:53.250 23357 23357 D InputMethodService: registerCompatOnBackInvokedCallback : android.inputmethodservice.InputMethodService$$ExternalSyntheticLambda2@15b3bdd
05-15 20:59:53.252  1808  1808 I SurfaceFlinger: [LayerHierarchy{RequestedLayerState{7a9d783 NavigationBar0#172957 parentId=179633} 1 children}] reparent to LayerHierarchy{RequestedLayerState{Surface(name=7a9d783 NavigationBar0)/@0x10e1471 - animation-leash of insets_animation#179633 parentId=172956} 1 children}
05-15 20:59:53.252  1808  1808 I SurfaceFlinger: [LayerHierarchy{RequestedLayerState{Task=2388#179634 z=7} no children}] reparent to OffscreenRoot
05-15 20:59:53.252  1808  1808 I SurfaceFlinger: [LayerHierarchy{RequestedLayerState{Task=2388#179634 z=7} no children}] RelativeParent to null
05-15 20:59:53.252  1808  1808 I SurfaceFlinger: [LayerHierarchy{RequestedLayerState{9f5a776 es.uniovi.recetasasturianas/es.uniovi.recetasasturianas.MainActivity#179610} 1 children}] reparent to OffscreenRoot
05-15 20:59:53.252  1808  1808 I SurfaceFlinger: [LayerHierarchy{RequestedLayerState{9f5a776 es.uniovi.recetasasturianas/es.uniovi.recetasasturianas.MainActivity#179610} 1 children}] RelativeParent to null
05-15 20:59:53.252  1808  1808 I SurfaceFlinger: [LayerHierarchy{RequestedLayerState{ActivityRecord{97786880 u0 es.uniovi.recetasasturianas/.MainActivity t2388}#179601} 1 children}] reparent to OffscreenRoot
05-15 20:59:53.252  1808  1808 I SurfaceFlinger: [LayerHierarchy{RequestedLayerState{ActivityRecord{97786880 u0 es.uniovi.recetasasturianas/.MainActivity t2388}#179601} 1 children}] RelativeParent to null
05-15 20:59:53.252  1808  1808 I SurfaceFlinger: [LayerHierarchy{RequestedLayerState{Surface(name=7a9d783 NavigationBar0)/@0x10e1471 - animation-leash of insets_animation#179617} no children}] reparent to OffscreenRoot
05-15 20:59:53.252  1808  1808 I SurfaceFlinger: [LayerHierarchy{RequestedLayerState{Surface(name=7a9d783 NavigationBar0)/@0x10e1471 - animation-leash of insets_animation#179617} no children}] RelativeParent to null
05-15 20:59:53.252  1808  1808 I SurfaceFlinger: [LayerHierarchy{RequestedLayerState{es.uniovi.recetasasturianas/es.uniovi.recetasasturianas.MainActivity$_24090#179611} no children}] reparent to OffscreenRoot
05-15 20:59:53.252  1808  1808 I SurfaceFlinger: [LayerHierarchy{RequestedLayerState{es.uniovi.recetasasturianas/es.uniovi.recetasasturianas.MainActivity$_24090#179611} no children}] RelativeParent to null
05-15 20:59:53.252  1808  1808 I SurfaceFlinger: [LayerHierarchy{RequestedLayerState{Task=2388#179600 z=7} no children}] reparent to OffscreenRoot
05-15 20:59:53.252  1808  1808 I SurfaceFlinger: [LayerHierarchy{RequestedLayerState{Task=2388#179600 z=7} no children}] RelativeParent to null
05-15 20:59:53.252 12633 17431 I Routine@Core[4.9.04.16]: ActivityWatcherListenerImpl: onStopComponent: componentName - es.uniovi.recetasasturianas, userId: 0
05-15 20:59:53.253  1977  4243 I SemDvfsHyPerManager: acquire hyper - AMS_APP_SWITCH/1977@28, type = -999
05-15 20:59:53.253  1808  1897 I SurfaceFlinger: id=179635 createSurf, flag=24004, Task=2390#179635
05-15 20:59:53.253  4195  4195 I HoneySpace.TaskStackChangeRepositoryImpl: onTaskRemoved : 2389
05-15 20:59:53.253 12633 17431 I Routine@Core[4.9.04.16]: Pref: putSharedPrefsData: key=condition_launch_app_data_resume_pkg, data.size=49
05-15 20:59:53.253  4195  4195 I HoneySpace.TaskStackChangeRepositoryImpl: onTaskRemoved : 2389
05-15 20:59:53.253  4195  4401 I HoneySpace.TopTaskSource: onTaskRemoved: 2389
05-15 20:59:53.254  1632  1829 I HYPER-HAL: [RequestManager.cpp]acquire(): Acquired ID : 2011043  [1977 / 28]    HINT : AMS_APP_SWITCH    list :
05-15 20:59:53.254  1632  1829 I HYPER-HAL: [ResourceManager.cpp]updateResource(): [CPULittleMinFreq] UpdateResource Request ID : 2011043    Value : 1804800
05-15 20:59:53.254  1632  1829 I HYPER-HAL: [ResourceManager.cpp]updateResource(): [CPUMinFreq] UpdateResource Request ID : 2011043    Value : 2841600
05-15 20:59:53.254 20661 20727 I VRI[HomeActivity]@27ecfc4: mWNT: t=0xb400007df8dae790 mBlastBufferQueue=0xb400007e28d604b0 fn= 10 HdrRenderState mRenderHdrSdrRatio=1.0 caller= android.view.SyncRtSurfaceTransactionApplier.applyTransaction:100 android.view.SyncRtSurfaceTransactionApplier.lambda$scheduleApply$0:73 android.view.SyncRtSurfaceTransactionApplier.$r8$lambda$afI4fXg3U3-nBZQEDQMiNy-B06s:0
05-15 20:59:53.255  5896  5896 I SemDvfsHyPerManager: acquire hyper - APP_START_SHORT/5896@15, type = -999
05-15 20:59:53.255  1808  2497 I SurfaceFlinger: id=179636 createSurf, flag=84004, ActivityRecord{32312203 u0 es.uniovi.recetasasturianas/.MainActivity t2390}#179636
05-15 20:59:53.255  1808  2497 I SurfaceFlinger: id=179610 Removed 9f5a776 es.uniovi.recetasasturianas/es.uniovi.recetasasturianas.MainActivity#179610 (174)
05-15 20:59:53.255  1808  2497 I SurfaceFlinger: id=179601 Removed ActivityRecord{97786880 u0 es.uniovi.recetasasturianas/.MainActivity t2388}#179601 (174)
05-15 20:59:53.255  1808  2497 I SurfaceFlinger: id=179611 Removed es.uniovi.recetasasturianas/es.uniovi.recetasasturianas.MainActivity$_24090#179611 (174)
05-15 20:59:53.255  1632  1829 I HYPER-HAL: [RequestManager.cpp]acquire(): Acquired ID : 17472931  [5896 / 15]    HINT : APP_START    list : [TIMEOUT / 1500]
05-15 20:59:53.255  1632  1829 I HYPER-HAL: [ResourceManager.cpp]updateResource(): [CPUMaxFreq] UpdateResource Request ID : 17472931    Value : 2841600
05-15 20:59:53.256  4195  4195 I HoneySpace.TaskListViewModel[264452461]: taskRemoveId, 2389
05-15 20:59:53.256  4195  4195 W HoneySpace.TaskListViewModel[264452461]: task is already removed: 2389
05-15 20:59:53.256  4195  4195 I HoneySpace.TaskListViewModel[264452461]: taskRemoveId, 2389
05-15 20:59:53.256  4195  4195 W HoneySpace.TaskListViewModel[264452461]: task is already removed: 2389
05-15 20:59:53.258  1519  1519 D Zygote  : Forked child process 24429
05-15 20:59:53.258 11062 11138 D ViewRootImpl: desktopMode is false
05-15 20:59:53.258 11062 11138 I ViewRootImpl: dVRR is disabled
05-15 20:59:53.258  1589  1670 E minksocket: MinkIPC_QRTR_Service: client with node 1 port 7af8 went down
05-15 20:59:53.259  1977  4779 I SemDvfsHyPerManager: acquire hyper - AMS_APP_LAUNCH/1977@21, type = -999
05-15 20:59:53.259 11062 11227 D NativeCustomFrequencyManager: [NativeCFMS] BpCustomFrequencyManager::BpCustomFrequencyManager()
05-15 20:59:53.259  4301  4301 E pageboostd: Received HALT command code 2
05-15 20:59:53.259  5896  5896 I SemDvfsHyPerManager: acquire hyper - APP_START/5896@17, type = -999
05-15 20:59:53.259 23357 23357 I InputMethod: hideSoftInput(): flags=0
05-15 20:59:53.259 23357 23357 I LatinIME: hideWindow
05-15 20:59:53.259  1977  2142 I ImeTracker: system_server:982885d: onRequestShow at ORIGIN_SERVER reason CONTROLS_CHANGED fromUser false
05-15 20:59:53.260 23357 23357 I LatinIME: onFinishInputView
05-15 20:59:53.260 23357 23357 I LatinIME: onWindowHidden
05-15 20:59:53.260  1808  1899 I SurfaceFlinger: id=179634 Removed Task=2388#179634 (174)
05-15 20:59:53.260 23357 23357 D InputMethodService: unregisterCompatOnBackInvokedCallback : android.inputmethodservice.InputMethodService$$ExternalSyntheticLambda2@15b3bdd
05-15 20:59:53.260  1632  1829 I HYPER-HAL: [RequestManager.cpp]acquire(): Acquired ID : 1997022  [1977 / 21]    HINT : AMS_APP_LAUNCH    list :
05-15 20:59:53.260  1632  1829 I HYPER-HAL: [ResourceManager.cpp]updateResource(): [CPULittleMinFreq] UpdateResource Request ID : 1997022    Value : 1804800
05-15 20:59:53.260  1632  1829 I HYPER-HAL: [ResourceManager.cpp]updateResource(): [CPUMinFreq] UpdateResource Request ID : 1997022    Value : 2841600
05-15 20:59:53.260  1632  1829 I HYPER-HAL: [RequestManager.cpp]acquire(): Acquired ID : 17484758  [5896 / 17]    HINT : APP_START    list :
05-15 20:59:53.260  1632  1829 I HYPER-HAL: [ResourceManager.cpp]updateResource(): [CPUMaxFreq] UpdateResource Request ID : 17484758    Value : 2841600
05-15 20:59:53.261 23357 23357 D InputMethodService: sendBroadcastImeShownState: isInputViewShown=false candidatesVisibility=4
05-15 20:59:53.261  1808  1808 I SurfaceFlinger: destroyed Task=2388#179634 form LifecycleManager
05-15 20:59:53.261  1808  1808 I SurfaceFlinger: destroyed 9f5a776 es.uniovi.recetasasturianas/es.uniovi.recetasasturianas.MainActivity#179610 form LifecycleManager
05-15 20:59:53.261  1808  1808 I SurfaceFlinger: destroyed ActivityRecord{97786880 u0 es.uniovi.recetasasturianas/.MainActivity t2388}#179601 form LifecycleManager
05-15 20:59:53.261  1808  1808 I SurfaceFlinger: destroyed es.uniovi.recetasasturianas/es.uniovi.recetasasturianas.MainActivity$_24090#179611 form LifecycleManager
05-15 20:59:53.261  1808  1808 I SurfaceFlinger: destroyed 1495532 ActivityRecordInputSink es.uniovi.recetasasturianas/.MainActivity#179606 form LifecycleManager
05-15 20:59:53.261  1808  1808 I SurfaceFlinger: [ActivityRecord{32312203 u0 es.uniovi.recetasasturianas/.MainActivity t2390}#179636] attach to parent LayerHierarchy{RequestedLayerState{Task=2390#179635 parentId=172934} 1 children}
05-15 20:59:53.261  1808  1808 I SurfaceFlinger: [Task=2390#179635] attach to parent LayerHierarchy{RequestedLayerState{DefaultTaskDisplayArea_d0#172934 parentId=9} 10 children}
05-15 20:59:53.261  1808  1808 I SurfaceFlinger: id=179634 onLayerDestroyed from LayerHierarchyBuilder(RequestedLayerState{Task=2388#179634 !handle z=7})
05-15 20:59:53.261  1808  1808 I SurfaceFlinger: id=179610 onLayerDestroyed from LayerHierarchyBuilder(RequestedLayerState{9f5a776 es.uniovi.recetasasturianas/es.uniovi.recetasasturianas.MainActivity#179610 !handle})
05-15 20:59:53.261  1808  1808 I SurfaceFlinger: id=179601 onLayerDestroyed from LayerHierarchyBuilder(RequestedLayerState{ActivityRecord{97786880 u0 es.uniovi.recetasasturianas/.MainActivity t2388}#179601 !handle})
05-15 20:59:53.261  1808  1808 I SurfaceFlinger: id=179611 onLayerDestroyed from LayerHierarchyBuilder(RequestedLayerState{es.uniovi.recetasasturianas/es.uniovi.recetasasturianas.MainActivity$_24090#179611 !handle})
05-15 20:59:53.261  1808  1808 I SurfaceFlinger: id=179606 onLayerDestroyed from LayerHierarchyBuilder(RequestedLayerState{1495532 ActivityRecordInputSink es.uniovi.recetasasturianas/.MainActivity#179606 !handle z=-2147483648})
05-15 20:59:53.261  1589  1670 E minksocket: MinkIPC_QRTR_Service: client with node 1 port 7af9 went down
05-15 20:59:53.261  4195  4401 I HoneySpace.TopTaskSource: onTaskRemoved: 2389
05-15 20:59:53.261 11062 11118 D ShellDesktopMode: handleRequest: TransitionRequestInfo {type=1, tid=2390, debugId=14585}
05-15 20:59:53.262  1589  1670 E minksocket: MinkIPC_QRTR_Service: client with node 1 port 7afa went down
05-15 20:59:53.262  1977  8796 D InputTransport: Input channel constructed: '2028cac', fd=1030
05-15 20:59:53.262  1977  8796 D InputTransport: Input channel constructed: '2028cac', fd=1049
05-15 20:59:53.262  1977  8796 D InputTransport: Input channel constructed: '2028cac', fd=1062
05-15 20:59:53.262  1977  8796 D InputTransport: Input channel destroyed: '2028cac', fd=1049
05-15 20:59:53.262 11062 11062 D NavigationBar: setImeWindowStatus displayId=0 vis=0 backDisposition=0 showImeSwitcher=false isImeVisible=false
05-15 20:59:53.263 11062 11062 D Navbar.Store: handleEvent(0) OnNavBarIconHintChanged(iconHint=0) [Module] NavigationBar
05-15 20:59:53.263 11062 11062 D Navbar.Store: --[Band]SETUPWIZARD_PACK_SET_NAVBAR_ICON_HINT
05-15 20:59:53.263 11062 11062 D Navbar.Store: --[Band]VIS_PACK_REEVAULATE_NAVBAR
05-15 20:59:53.263 11062 11062 D Navbar.Store: ----apply(0) NavBarStoreAction$ReevaluateNavBar
05-15 20:59:53.263  1808  1899 I SurfaceFlinger: id=179637 createSurf, flag=84004, 2028cac Splash Screen es.uniovi.recetasasturianas#179637
05-15 20:59:53.263 11062 11062 D NavBarView: disableBack=true (isBackDismissIme=false, handlingGestures=true, disabledFlagBack=false, isBottomGesture=false, isImeRenderingNavButtons=false)
05-15 20:59:53.263  1808  1808 I Layer   : id=179634 Destroyed Task=2388#179634
05-15 20:59:53.263  1808  1808 I Layer   : id=179610 Destroyed 9f5a776 es.uniovi.recetasasturianas/es.uniovi.recetasasturianas.MainActivity#179610
05-15 20:59:53.263  1808  1808 I Layer   : id=179601 Destroyed ActivityRecord{97786880 u0 es.uniovi.recetasasturianas/.MainActivity t2388}#179601
05-15 20:59:53.263  1808  1808 I Layer   : id=179611 Destroyed es.uniovi.recetasasturianas/es.uniovi.recetasasturianas.MainActivity$_24090#179611
05-15 20:59:53.263 11062 11062 D Navbar.Store: handleEvent(0) OnSetGestureHintVisibility(recentVisible=true, homeVisible=true, backVisible=true) [Module] SamsungNavigationBarView
05-15 20:59:53.263 11062 11062 D Navbar.Store: --[Band]GESTURE_PACK_SET_HINT_VISIBILITY
05-15 20:59:53.263 11062 11062 D Navbar.Store: --[Band]PLUGIN_PACK_RUN_PLUGIN_ACTIONS
05-15 20:59:53.263 11062 11062 D Navbar.Store: --[Band] (afterAction) GESTURE_PACK_SET_HINT_VISIBILITY
05-15 20:59:53.263 11062 11062 D Navbar.Store: ----apply(0) NavBarStoreAction$UpdateGestureHintVisibility
05-15 20:59:53.263 11062 11062 D NavBarStateManager: NavBarStates(0) canShowGestureHint: false
05-15 20:59:53.263 11062 11062 D Navbar.Store: --[Band] (afterAction) PLUGIN_PACK_RUN_PLUGIN_ACTIONS
05-15 20:59:53.264 11062 11062 D Navbar.Store: handleEvent(0) OnUpdateSysUiStateFlag(noArguments=true) [Module] SamsungNavigationBarView
05-15 20:59:53.264  1977  8796 D InputTransport: Input channel destroyed: '2028cac', fd=1062
05-15 20:59:53.264 11062 11062 D Navbar.Store: --[Band]GESTURE_PACK_UPDATE_SYSTEMUI_STATE_FLAG
05-15 20:59:53.264 11062 11062 D Navbar.Store: --[Band] (afterAction) GESTURE_PACK_UPDATE_SYSTEMUI_STATE_FLAG
05-15 20:59:53.264 11062 11062 D NavBarStateManager: NavBarStates(0) isGameMode: false
05-15 20:59:53.264 11062 11062 D Navbar.Store: ----apply(0) NavBarStoreAction$UpdateSysUiFlags
05-15 20:59:53.264 11062 11062 D Navbar.Store: ----set 2199023255552 : false
05-15 20:59:53.264 11062 11062 D Navbar.Store: ----set 137438953472 : false
05-15 20:59:53.264  1808  1808 I Layer   : id=179606 Destroyed 1495532 ActivityRecordInputSink es.uniovi.recetasasturianas/.MainActivity#179606
05-15 20:59:53.264 11062 11138 D InputTransport: Input channel constructed: '2028cac', fd=455
05-15 20:59:53.265 11062 11138 I InsetsController: onStateChanged: host=Splash Screen es.uniovi.recetasasturianas, from=android.view.ViewRootImpl.onInsetsStateChanged:3026, state=InsetsState: {mDisplayFrame=Rect(0, 0 - 1080, 2340), mDisplayCutout=DisplayCutout{insets=Rect(0, 99 - 0, 0) waterfall=Insets{left=0, top=0, right=0, bottom=0} boundingRect={Bounds=[Rect(0, 0 - 0, 0), Rect(505, 0 - 575, 99), Rect(0, 0 - 0, 0), Rect(0, 0 - 0, 0)]} cutoutPathParserInfo={CutoutPathParserInfo{displayWidth=1080 displayHeight=2340 physicalDisplayWidth=1080 physicalDisplayHeight=2340 density={3.0} cutoutSpec={M 0,0 M 0,29 a 35,35 0 1,0 0,70 a 35,35 0 1,0 0,-70 Z} rotation={0} scale={1.0} physicalPixelDisplaySizeRatio={1.0}}} sideOverrides={}}, mRoundedCorners=RoundedCorners{[RoundedCorner{position=TopLeft, radius=108, center=Point(108, 108)}, RoundedCorner{position=TopRight, radius=108, center=Point(972, 108)}, RoundedCorner{position=BottomRight, radius=108, center=Point(972, 2232)}, RoundedCorner{position=BottomLeft, radius=108, center=Point(108, 2232)}]}  mRoundedCornerFrame=Rect(0, 0 - 1080, 2340), mPrivacyIndicatorBounds=PrivacyIndicatorBounds {static bounds=Rect(948, 0 - 1080, 99) rotation=0}, mDisplayShape=DisplayShape{ spec=-311912193 displayWidth=1080 displayHeight=2340 physicalPixelDisplaySizeRatio=1.0 rotation=0 offsetX=0 offsetY=0 scale=1.0}, mSources= { InsetsSource: {b73a0001 mType=navigationBars mFrame=[0,0][0,0] mVisible=true mFlags=SUPPRESS_SCRIM mSideHint=NONE mBoundingRects=null}, InsetsSource: {b73a0004 mType=systemGestures mFrame=[0,0][90,2340] mVisible=true mFlags= mSideHint=LEFT mBoundingRects=null}, InsetsSource: {b73a0005 mType=mandatorySystemGestures mFrame=[0,2265][1080,2340] mVisible=true mFlags= mSideHint=BOTTOM mBoundingRects=null}, InsetsSource: {b73a0006 mType=tappableElement mFrame=[0,0][0,0] mVisible=true mFlags= mSideHint=NONE mBoundingRects=null}, InsetsSource: {b73a0024 mType=systemGestures mFrame=[990,0][1080,2340] mVisible=true mFlags= mSideHint=RIGHT mBoundingRects=null}, InsetsSource: {27 mType=displayCutout mFrame=[0,0][1080,99] mVisible=true mFlags= mSideHint=TOP mBoundingRects=null}, InsetsSource: {9260000 mType=statusBars mFrame=[0,0][1080,99] mVisible=false mFlags= mSideHint=TOP mBoundingRects=null}, InsetsSource: {9260005 mType=mandatorySystemGestures mFrame=[0,0][1080,135] mVisible=true mFlags= mSideHint=TOP mBoundingRects=null}, InsetsSource: {9260006 mType=tappableElement mFrame=[0,0][1080,99] mVisible=true mFlags= mSideHint=TOP mBoundingRects=null} }
05-15 20:59:53.265 11062 11138 I VRI[recetasasturianas]@83e4ada: onActiveControlsChanged, removed=false, mAdded=true, caller=android.view.ViewRootImpl.handleInsetsControlChanged:3002 android.view.ViewRootImpl.setView:2014 android.view.WindowManagerGlobal.addView:604 com.android.wm.shell.startingsurface.SplashscreenWindowCreator.addWindow:38 com.android.wm.shell.startingsurface.StartingWindowController$$ExternalSyntheticLambda4.run:1365
05-15 20:59:53.265 23357 23472 D HWUI    : CacheManager::trimMemory(20)
05-15 20:59:53.265  4195 30507 I HoneySpace.SystemUiRepository: systemUiFlags: allow_gesture|awake
05-15 20:59:53.266  1977  3230 I ChimeraPolicyHandler: onPsiMonitorTriggered() - psiLevel: 0
05-15 20:59:53.266  1977  3230 I ChimeraAggressivePolicyHandler: executePolicy() - triggerSource: TRIGGER_SOURCE_PSI_MEM_MONITOR
05-15 20:59:53.266  1977  3230 I ChimeraAggressivePolicyHandler: memAvailable: 925424, memFreeTarget: 1126400, releaseTarget:200976, protectedLruCount: 19
05-15 20:59:53.267  1977  4779 D InputDispatcher: Focused application(0): ActivityRecord{32312203 u0 es.uniovi.recetasasturianas/.MainActivity t2390}
05-15 20:59:53.267  2090  2090 I CameraService: onUidStateChanged: uid=10048, procState is changed. (0 -> 1)
05-15 20:59:53.267 23357 23357 D InputMethodService: sendInputViewShownStateSSRM(): false
05-15 20:59:53.268 23357 23357 I InputMethodService: scheduleImeSurfaceRemoval: removeImeSurface is posted.
05-15 20:59:53.268 23357 23357 I ImeTracker: system_server:29178195: onHidden
05-15 20:59:53.268  1589  1670 E minksocket: MinkIPC_QRTR_Service: client with node 1 port 7afc went down
05-15 20:59:53.268  1977  4779 D SurfaceComposerClient: setCornerRadius ## 2028cac Splash Screen es.uniovi.recetasasturianas#179637 cornerRadius=0.000000
05-15 20:59:53.269 23357 23357 I BLASTBufferQueue_Java: update, w= 1080 h= 2241 mName = VRI[InputMethod]@47b5f0f mNativeObject= 0xb400007e28db09b0 sc.mNativeObject= 0xb400007ea8db2a90 format= -2 caller= android.view.ViewRootImpl.updateBlastSurfaceIfNeeded:3574 android.view.ViewRootImpl.relayoutWindow:11685 android.view.ViewRootImpl.performTraversals:4804 android.view.ViewRootImpl.doTraversal:3924 android.view.ViewRootImpl$TraversalRunnable.run:12903 android.view.Choreographer$CallbackRecord.run:1901
05-15 20:59:53.269 23357 23357 I VRI[InputMethod]@47b5f0f: Relayout returned: old=(0,99,1080,2340) new=(0,99,1080,2340) relayoutAsync=true req=(1080,2241)0 dur=0 res=0x0 s={true 0xb400007de8e0d110} ch=false seqId=0
05-15 20:59:53.269  1808  1808 I SurfaceFlinger: [2028cac Splash Screen es.uniovi.recetasasturianas#179637] attach to parent LayerHierarchy{RequestedLayerState{ActivityRecord{32312203 u0 es.uniovi.recetasasturianas/.MainActivity t2390}#179636 parentId=179635} 1 children}
05-15 20:59:53.269  1977  4779 D SurfaceComposerClient: setCornerRadius ## 2028cac Splash Screen es.uniovi.recetasasturianas#179637 cornerRadius=0.000000
05-15 20:59:53.270 23357 23357 I VRI[InputMethod]@47b5f0f: registerCallbackForPendingTransactions
05-15 20:59:53.270 11062 11138 I VRI[recetasasturianas]@83e4ada: synced displayState. AttachInfo displayState=2
05-15 20:59:53.270  1977  6970 I WindowManager: Relayout Window{35023c1 u0 InputMethod}: viewVisibility=0 req=1080x2241 ty=2011 d0
05-15 20:59:53.270 20661 20661 I InsetsSourceConsumer: applyRequestedVisibilityToControl: visible=false, type=ime, host=bitpit.launcher/bitpit.launcher.ui.HomeActivity
05-15 20:59:53.271  1589  1670 E minksocket: MinkIPC_QRTR_Service: client with node 1 port 7afd went down
05-15 20:59:53.271 20661 20661 I InsetsSourceConsumer: applyRequestedVisibilityToControl: visible=true, type=navigationBars, host=bitpit.launcher/bitpit.launcher.ui.HomeActivity
05-15 20:59:53.271  1977  6970 D SurfaceComposerClient: setCornerRadius ## 2028cac Splash Screen es.uniovi.recetasasturianas#179637 cornerRadius=0.000000
05-15 20:59:53.271 20661 20661 I ImeTracker: system_server:982885d: onCancelled at PHASE_CLIENT_ON_CONTROLS_CHANGED
05-15 20:59:53.271 11062 11062 D NavBarStateManager: NavBarStates(0) canUseNavBarBackgroundFrame: true
05-15 20:59:53.272  1977  6970 I WindowManager: Relayout hash=35023c1, pid=0, syncId=-1: mAttrs={(0,0)(fillxfill) gr=BOTTOM CENTER_VERTICAL sim={adjust=pan} ty=INPUT_METHOD fmt=TRANSPARENT wanim=0x1030056 preferredMinDisplayRefreshRate=60.0 receive insets ignoring z-order
05-15 20:59:53.272  1977  6970 I WindowManager:   fl=81800108
05-15 20:59:53.272  1977  6970 I WindowManager:   pfl=14000000
05-15 20:59:53.272  1977  6970 I WindowManager:   bhv=1
05-15 20:59:53.272  1977  6970 I WindowManager:   fitTypes=3
05-15 20:59:53.272  1977  6970 I WindowManager:   fitSides=7
05-15 20:59:53.272  1977  6970 I WindowManager:   fitIgnoreVis
05-15 20:59:53.272  1977  6970 I WindowManager:   frameRateBoostOnTouch=true
05-15 20:59:53.272  1977  6970 I WindowManager:   dvrrWindowFrameRateHint=true
05-15 20:59:53.272  1977  6970 I WindowManager:  dimAmount=0.18 dimDuration=150 naviIconColor=0}
05-15 20:59:53.272  1589  1670 E minksocket: MinkIPC_QRTR_Service: client with node 1 port 7afe went down
05-15 20:59:53.273 11062 11062 D FlexPanelStartController: not support state, mMwEnabled=true, mIsTableMode=false, mDesktopMode=false, mFlexModePanelEnabled=true, mIsImeShowing=false, mIsQuickPanelShowing=false, mIsTaskBarAppsEnabled=false, mIsGlobalActionVisible=false, mOnRecentsAnimation=false, isSupportRotation=true, mIsKeyguardVisible=false
05-15 20:59:53.273 23357 23471 I VRI[InputMethod]@47b5f0f: mWNT: t=0xb400007df8de5990 mBlastBufferQueue=0xb400007e28db09b0 fn= 4 HdrRenderState mRenderHdrSdrRatio=1.0 caller= android.view.ViewRootImpl$10.onFrameDraw:6536 android.view.ViewRootImpl$4.onFrameDraw:2489 android.view.ThreadedRenderer$1.onFrameDraw:718
05-15 20:59:53.273 20661 20661 E ImeBackDispatcher: Ime callback not found. Ignoring unregisterReceivedCallback. callbackId: 22756317
05-15 20:59:53.273 20661 20726 I VRI[HomeActivity]@27ecfc4: mWNT: t=0xb400007df8d49850 mBlastBufferQueue=0xb400007e28d604b0 fn= 11 HdrRenderState mRenderHdrSdrRatio=1.0 caller= android.view.SyncRtSurfaceTransactionApplier.applyTransaction:100 android.view.SyncRtSurfaceTransactionApplier.lambda$scheduleApply$0:73 android.view.SyncRtSurfaceTransactionApplier.$r8$lambda$afI4fXg3U3-nBZQEDQMiNy-B06s:0
05-15 20:59:53.273  1977  2141 I InsetsController: onStateChanged: host=PermanentControlTarget, from=com.android.server.wm.InsetsPolicy$ControlTarget.run:18, state=InsetsState: {mDisplayFrame=Rect(0, 0 - 1080, 2340), mDisplayCutout=DisplayCutout{insets=Rect(0, 99 - 0, 0) waterfall=Insets{left=0, top=0, right=0, bottom=0} boundingRect={Bounds=[Rect(0, 0 - 0, 0), Rect(505, 0 - 575, 99), Rect(0, 0 - 0, 0), Rect(0, 0 - 0, 0)]} cutoutPathParserInfo={CutoutPathParserInfo{displayWidth=1080 displayHeight=2340 physicalDisplayWidth=1080 physicalDisplayHeight=2340 density={3.0} cutoutSpec={M 0,0 M 0,29 a 35,35 0 1,0 0,70 a 35,35 0 1,0 0,-70 Z} rotation={0} scale={1.0} physicalPixelDisplaySizeRatio={1.0}}} sideOverrides={}}, mRoundedCorners=RoundedCorners{[RoundedCorner{position=TopLeft, radius=108, center=Point(108, 108)}, RoundedCorner{position=TopRight, radius=108, center=Point(972, 108)}, RoundedCorner{position=BottomRight, radius=108, center=Point(972, 2232)}, RoundedCorner{position=BottomLeft, radius=108, center=Point(108, 2232)}]}  mRoundedCornerFrame=Rect(0, 0 - 0, 0), mPrivacyIndicatorBounds=PrivacyIndicatorBounds {static bounds=Rect(948, 0 - 1080, 99) rotation=0}, mDisplayShape=DisplayShape{ spec=-311912193 displayWidth=1080 displayHeight=2340 physicalPixelDisplaySizeRatio=1.0 rotation=0 offsetX=0 offsetY=0 scale=1.0}, mSources= { InsetsSource: {b73a0001 mType=navigationBars mFrame=[0,0][0,0] mVisible=true mFlags=SUPPRESS_SCRIM mSideHint=NONE mBoundingRects=null}, InsetsSource: {b73a0004 mType=systemGestures mFrame=[0,0][90,2340] mVisible=true mFlags= mSideHint=LEFT mBoundingRects=null}, InsetsSource: {b73a0005 mType=mandatorySystemGestures mFrame=[0,2265][1080,2340] mVisible=true mFlags= mSideHint=BOTTOM mBoundingRects=null}, InsetsSource: {b73a0006 mType=tappableElement mFrame=[0,0][0,0] mVisible=true mFlags= mSideHint=NONE mBoundingRects=null}, InsetsSource: {b73a0024 mType=systemGestures mFrame=[990,0][1080,2340] mVisible=true mFlags= mSideHint=RIGHT mBoundingRects=null}, InsetsSource: {3 mType=ime mFrame=[0,1553][1080,2340] mVisible=false mFlags= mSideHint=BOTTOM mBoundingRects=null}, InsetsSource: {27 mType=displayCutout mFrame=[0,0][1080,99] mVisible=true mFlags= mSideHint=TOP mBoundingRects=null}, InsetsSource: {9260000 mType=statusBars mFrame=[0,0][1080,99] mVisible=false mFlags= mSideHint=TOP mBoundingRects=null}, InsetsSource: {9260005 mType=mandatorySystemGestures mFrame=[0,0][1080,135] mVisible=true mFlags= mSideHint=TOP mBoundingRects=null}, InsetsSource: {9260006 mType=tappableElement mFrame=[0,0][1080,99] mVisible=true mFlags= mSideHint=TOP mBoundingRects=null} }
05-15 20:59:53.274  1808  4802 I SurfaceFlinger: id=179617 Removed Surface(name=7a9d783 NavigationBar0)/@0x10e1471 - animation-leash of insets_animation#179617 (170)
05-15 20:59:53.274  4195  4395 I HoneySpace.TaskbarEventTracker: invokeEvent() called with: event = SystemUiStateChanged(stateFlags=268566528)
05-15 20:59:53.274  4195  4195 I HoneySpace.TaskStackChangeRepositoryImpl: onTaskRemoved : 2388
05-15 20:59:53.274  4195  4195 I HoneySpace.TaskStackChangeRepositoryImpl: onTaskRemoved : 2388
05-15 20:59:53.275  1977  4019 D GraphicsStatsService: requestRenderEngineFor(es.uniovi.recetasasturianas)
05-15 20:59:53.275  4195  4401 I HoneySpace.TopTaskSource: onTaskRemoved: 2388
05-15 20:59:53.276  4195  4195 I HoneySpace.TaskListViewModel[264452461]: taskRemoveId, 2388
05-15 20:59:53.276  4195  4195 W HoneySpace.TaskListViewModel[264452461]: task is already removed: 2388
05-15 20:59:53.276  4195  4195 I HoneySpace.TaskListViewModel[264452461]: taskRemoveId, 2388
05-15 20:59:53.276  4195  4195 W HoneySpace.TaskListViewModel[264452461]: task is already removed: 2388
05-15 20:59:53.276 23357 23357 I InputMethodService: scheduleImeSurfaceRemoval: canceled, mShowInputRequested=false, mWindowVisible=false, IsmWindowNull=false, IsmImeSurfaceRemoverRunnableNotNull=true
05-15 20:59:53.276  1977  3230 W Binder  : Outgoing transactions from this process must be FLAG_ONEWAY
05-15 20:59:53.276  1977  3230 W Binder  : java.lang.Throwable
05-15 20:59:53.276  1977  3230 W Binder  : 	at android.os.BinderProxy.transact(BinderProxy.java:566)
05-15 20:59:53.276  1977  3230 W Binder  : 	at android.bluetooth.IBluetoothGatt$Stub$Proxy.getAdvertisingSetUids(IBluetoothGatt.java:1678)
05-15 20:59:53.276  1977  3230 W Binder  : 	at android.bluetooth.BluetoothAdapter.getAdvertisingSetUids(BluetoothAdapter.java:8476)
05-15 20:59:53.276  1977  3230 W Binder  : 	at android.bluetooth.BluetoothAdapter.getHWUsingApps(BluetoothAdapter.java:1342)
05-15 20:59:53.276  1977  3230 W Binder  : 	at com.android.server.chimera.ChimeraAppClassifier$$ExternalSyntheticLambda1.apply(qb/106570637 b1053ac3ec2f7c839f91fd2de7335cf17a4e53b4ee4019421ab33bfe7afa21a1:3)
05-15 20:59:53.276  1977  3230 W Binder  : 	at java.util.Optional.map(Optional.java:260)
05-15 20:59:53.276  1977  3230 W Binder  : 	at com.android.server.chimera.ChimeraAppManager.getAppsToKill(qb/106570637 b1053ac3ec2f7c839f91fd2de7335cf17a4e53b4ee4019421ab33bfe7afa21a1:789)
05-15 20:59:53.276  1977  3230 W Binder  : 	at com.android.server.chimera.AggressivePolicyHandler.executePolicy(qb/106570637 b1053ac3ec2f7c839f91fd2de7335cf17a4e53b4ee4019421ab33bfe7afa21a1:1038)
05-15 20:59:53.276  1977  3230 W Binder  : 	at com.android.server.chimera.PolicyHandler.onPsiMemMonitorEvent(qb/106570637 b1053ac3ec2f7c839f91fd2de7335cf17a4e53b4ee4019421ab33bfe7afa21a1:21)
05-15 20:59:53.276  1977  3230 W Binder  : 	at com.android.server.chimera.SystemEventListener$SystemEventHandler.handleMessage(qb/106570637 b1053ac3ec2f7c839f91fd2de7335cf17a4e53b4ee4019421ab33bfe7afa21a1:455)
05-15 20:59:53.276  1977  3230 W Binder  : 	at android.os.Handler.dispatchMessage(Handler.java:110)
05-15 20:59:53.276  1977  3230 W Binder  : 	at android.os.Looper.loopOnce(Looper.java:273)
05-15 20:59:53.276  1977  3230 W Binder  : 	at android.os.Looper.loop(Looper.java:363)
05-15 20:59:53.276  1977  3230 W Binder  : 	at android.os.HandlerThread.run(HandlerThread.java:85)
05-15 20:59:53.277 11062 11062 D NavigationBarControllerImpl: setNavigationBarShortcut requestClass : com.android.wm.shell.controlpanel.activity.FlexPanelActivity, remoteViews : null, position : 0, priority : 11
05-15 20:59:53.277 11062 11062 D RemoteViewPack: OnSetRemoteView RemoteViewShortcut(requestClass=com.android.wm.shell.controlpanel.activity.FlexPanelActivity, remoteViews=null, position=0, priority=11)
05-15 20:59:53.277 11062 11062 D NavBarStateManager: NavBarStates(0) isGameMode: false
05-15 20:59:53.277  1808  1808 I SurfaceFlinger: RequestedLayer [Surface(name=35023c1 InputMethod)/@0[...]ion-leash of insets_animation#179631] hidden!! flag  from(0) --> to(1)
05-15 20:59:53.277  1808  1808 I SurfaceFlinger: destroyed Surface(name=7a9d783 NavigationBar0)/@0x10e1471 - animation-leash of insets_animation#179617 form LifecycleManager
05-15 20:59:53.277  1808  1808 I SurfaceFlinger: id=179617 onLayerDestroyed from LayerHierarchyBuilder(RequestedLayerState{Surface(name=7a9d783 NavigationBar0)/@0x10e1471 - animation-leash of insets_animation#179617 !handle})
05-15 20:59:53.277 11062 11062 D NavigationBar: setImeWindowStatus displayId=0 vis=0 backDisposition=0 showImeSwitcher=false isImeVisible=false
05-15 20:59:53.278  1808  1808 I Layer   : id=179617 Destroyed Surface(name=7a9d783 NavigationBar0)/@0x10e1471 - animation-leash of insets_animation#179617
05-15 20:59:53.278  1977  3186 D AS.MultiSoundManager: mForegroundUid = 10625
05-15 20:59:53.278 20661 20727 I VRI[HomeActivity]@27ecfc4: mWNT: t=0xb400007df8d82810 mBlastBufferQueue=0xb400007e28d604b0 fn= 12 HdrRenderState mRenderHdrSdrRatio=1.0 caller= android.view.SyncRtSurfaceTransactionApplier.applyTransaction:100 android.view.SyncRtSurfaceTransactionApplier.lambda$scheduleApply$0:73 android.view.SyncRtSurfaceTransactionApplier.$r8$lambda$afI4fXg3U3-nBZQEDQMiNy-B06s:0
05-15 20:59:53.279  1977  6970 D SurfaceComposerClient: setCornerRadius ## 2028cac Splash Screen es.uniovi.recetasasturianas#179637 cornerRadius=0.000000
05-15 20:59:53.279  5896  5896 I SemDvfsHyPerManager: acquire hyper - BaseTABoost/5896@20, type = -999
05-15 20:59:53.280  1977  2134 D PkgPredictorService-SecIpmManagerServiceImpl: onForegroundActivitiesChanged pid:24090 uid:10625
05-15 20:59:53.280  4195  4401 I HoneySpace.TopTaskSource: onTaskRemoved: 2388
05-15 20:59:53.281  1632  1829 I HYPER-HAL: [RequestManager.cpp]acquire(): Acquired ID : 17502506  [5896 / 20]    HINT :      list : [TABoost / 1]
05-15 20:59:53.282  4195 30507 I HoneySpace.RecentTasks: onRecentTasksChanged
05-15 20:59:53.282  4195 23186 I HoneySpace.RecentTasks: onRecentTasksChanged
05-15 20:59:53.283 11062 11138 I VRI[recetasasturianas]@83e4ada: setView = android.widget.FrameLayout@74b873d IsHRR=false mFlingFrameRateChange=0 TM=true
05-15 20:59:53.283 11062 11227 D HWUI    : HWUI - treat SMPTE_170M as sRGB
05-15 20:59:53.284  1977  3230 I NSLocationMonitor: getGPSUsingApps() called
05-15 20:59:53.285  4283 19552 I NSLocationManager_FLP: getGPSUsingApps, No change
05-15 20:59:53.286  1977  3230 I ChimeraAggressivePolicyHandler: Start doKill, protected policy: NORMAL
05-15 20:59:53.286  1808  1808 I SurfaceFlinger: [Display 0 name="Built-in Screen"#172933] setFrameRateCategory: High
05-15 20:59:53.286  1808  1808 I SurfaceFlinger: [LayerHierarchy{RequestedLayerState{ImeContainer#15 parentId=116667 relativeParentId=116667 z=1} 1 children}] RelativeParent to null
05-15 20:59:53.287  1977  2134 D NetworkPolicy: already checked 10625
05-15 20:59:53.287  1977  2134 D NetworkPolicy: already checked 10625
05-15 20:59:53.288  1977  3573 I WindowManager: Relayout Window{2028cac u0 Splash Screen es.uniovi.recetasasturianas}: viewVisibility=0 req=1080x2340 ty=3 d0
05-15 20:59:53.288 20661 20726 I VRI[HomeActivity]@27ecfc4: mWNT: t=0xb400007df8d7d5d0 mBlastBufferQueue=0xb400007e28d604b0 fn= 13 HdrRenderState mRenderHdrSdrRatio=1.0 caller= android.view.SyncRtSurfaceTransactionApplier.applyTransaction:100 android.view.SyncRtSurfaceTransactionApplier.lambda$scheduleApply$0:73 android.view.SyncRtSurfaceTransactionApplier.$r8$lambda$afI4fXg3U3-nBZQEDQMiNy-B06s:0
05-15 20:59:53.288 24090 24090 D LifecycleMonitor: Lifecycle status change: es.uniovi.recetasasturianas.MainActivity@626f17d in: PRE_ON_CREATE
05-15 20:59:53.288 24090 24090 V ActivityScenario: Activity lifecycle changed event received but ignored because the reported transition was not ON_CREATE while the last known transition was PRE_ON_CREATE
05-15 20:59:53.288  1808  2995 I SurfaceFlinger: id=179638 createSurf, flag=44004, Splash Screen es.uniovi.recetasasturianas$_11062#179638
05-15 20:59:53.289  1808  1808 I BpBinder: onLastStrongRef automatically unlinking death recipients:
05-15 20:59:53.289  1977  3573 D SurfaceComposerClient: setCornerRadius ## 2028cac Splash Screen es.uniovi.recetasasturianas#179637 cornerRadius=0.000000
05-15 20:59:53.289  1977  3573 D SurfaceComposerClient: setCornerRadius ## 2028cac Splash Screen es.uniovi.recetasasturianas#179637 cornerRadius=0.000000
05-15 20:59:53.290  1977  3573 I WindowManager: Relayout hash=2028cac, pid=11062, syncId=-1: mAttrs={(0,0)(fillxfill) sim={adjust=pan} layoutInDisplayCutoutMode=always ty=APPLICATION_STARTING fmt=TRANSLUCENT wanim=0x1030317
05-15 20:59:53.290  1977  3573 I WindowManager:   fl=81030118
05-15 20:59:53.290  1977  3573 I WindowManager:   pfl=10000810
05-15 20:59:53.290  1977  3573 I WindowManager:   bhv=1
05-15 20:59:53.290  1977  3573 I WindowManager:   fitSides=0
05-15 20:59:53.290  1977  3573 I WindowManager:   frameRateBoostOnTouch=true
05-15 20:59:53.290  1977  3573 I WindowManager:   dvrrWindowFrameRateHint=true naviIconColor=0}
05-15 20:59:53.291 11062 11138 I InsetsController: onStateChanged: host=Splash Screen es.uniovi.recetasasturianas, from=android.view.ViewRootImpl.onInsetsStateChanged:3026, state=InsetsState: {mDisplayFrame=Rect(0, 0 - 1080, 2340), mDisplayCutout=DisplayCutout{insets=Rect(0, 99 - 0, 0) waterfall=Insets{left=0, top=0, right=0, bottom=0} boundingRect={Bounds=[Rect(0, 0 - 0, 0), Rect(505, 0 - 575, 99), Rect(0, 0 - 0, 0), Rect(0, 0 - 0, 0)]} cutoutPathParserInfo={CutoutPathParserInfo{displayWidth=1080 displayHeight=2340 physicalDisplayWidth=1080 physicalDisplayHeight=2340 density={3.0} cutoutSpec={M 0,0 M 0,29 a 35,35 0 1,0 0,70 a 35,35 0 1,0 0,-70 Z} rotation={0} scale={1.0} physicalPixelDisplaySizeRatio={1.0}}} sideOverrides={}}, mRoundedCorners=RoundedCorners{[RoundedCorner{position=TopLeft, radius=108, center=Point(108, 108)}, RoundedCorner{position=TopRight, radius=108, center=Point(972, 108)}, RoundedCorner{position=BottomRight, radius=108, center=Point(972, 2232)}, RoundedCorner{position=BottomLeft, radius=108, center=Point(108, 2232)}]}  mRoundedCornerFrame=Rect(0, 0 - 1080, 2340), mPrivacyIndicatorBounds=PrivacyIndicatorBounds {static bounds=Rect(948, 0 - 1080, 99) rotation=0}, mDisplayShape=DisplayShape{ spec=-311912193 displayWidth=1080 displayHeight=2340 physicalPixelDisplaySizeRatio=1.0 rotation=0 offsetX=0 offsetY=0 scale=1.0}, mSources= { InsetsSource: {b73a0001 mType=navigationBars mFrame=[0,0][0,0] mVisible=true mFlags=SUPPRESS_SCRIM mSideHint=NONE mBoundingRects=null}, InsetsSource: {b73a0004 mType=systemGestures mFrame=[0,0][90,2340] mVisible=true mFlags= mSideHint=LEFT mBoundingRects=null}, InsetsSource: {b73a0005 mType=mandatorySystemGestures mFrame=[0,2265][1080,2340] mVisible=true mFlags= mSideHint=BOTTOM mBoundingRects=null}, InsetsSource: {b73a0006 mType=tappableElement mFrame=[0,0][0,0] mVisible=true mFlags= mSideHint=NONE mBoundingRects=null}, InsetsSource: {b73a0024 mType=systemGestures mFrame=[990,0][1080,2340] mVisible=true mFlags= mSideHint=RIGHT mBoundingRects=null}, InsetsSource: {3 mType=ime mFrame=[0,1553][1080,2340] mVisible=false mFlags= mSideHint=BOTTOM mBoundingRects=null}, InsetsSource: {27 mType=displayCutout mFrame=[0,0][1080,99] mVisible=true mFlags= mSideHint=TOP mBoundingRects=null}, InsetsSource: {9260000 mType=statusBars mFrame=[0,0][1080,99] mVisible=false mFlags= mSideHint=TOP mBoundingRects=null}, InsetsSource: {9260005 mType=mandatorySystemGestures mFrame=[0,0][1080,135] mVisible=true mFlags= mSideHint=TOP mBoundingRects=null}, InsetsSource: {9260006 mType=tappableElement mFrame=[0,0][1080,99] mVisible=true mFlags= mSideHint=TOP mBoundingRects=null} }
05-15 20:59:53.291 11062 11138 I VRI[recetasasturianas]@83e4ada: onActiveControlsChanged, removed=false, mAdded=true, caller=android.view.ViewRootImpl.handleInsetsControlChanged:3002 android.view.ViewRootImpl.relayoutWindow:11629 android.view.ViewRootImpl.performTraversals:4804 android.view.ViewRootImpl.doTraversal:3924 android.view.ViewRootImpl$TraversalRunnable.run:12903
05-15 20:59:53.291  4195  4401 I HoneySpace.TopTaskSource: onTaskMovedToFront : taskId = 2390, displayId = 0
05-15 20:59:53.292 11062 11138 W libc    : Access denied finding property "vendor.display.enable_optimal_refresh_rate"
05-15 20:59:53.292 12633 21222 I Routine@Core[4.9.04.16]: ActivityWatcherListenerImpl: onPauseComponent: componentName - bitpit.launcher, userId: 0
05-15 20:59:53.292 11062 11138 I BufferQueueProducer: [](id:2b3600000148,api:0,p:1090338685,c:11062) setDequeueTimeout:2077252342
05-15 20:59:53.292 11062 11138 I BLASTBufferQueue_Java: new BLASTBufferQueue, mName= VRI[recetasasturianas]@83e4ada mNativeObject= 0xb400007e290dbc30 caller= android.view.ViewRootImpl.updateBlastSurfaceIfNeeded:3585 android.view.ViewRootImpl.relayoutWindow:11685 android.view.ViewRootImpl.performTraversals:4804 android.view.ViewRootImpl.doTraversal:3924 android.view.ViewRootImpl$TraversalRunnable.run:12903 android.view.Choreographer$CallbackRecord.run:1901 android.view.Choreographer$CallbackRecord.run:1910 android.view.Choreographer.doCallbacks:1367 android.view.Choreographer.doFrame:1292 android.view.Choreographer$FrameDisplayEventReceiver.run:1870
05-15 20:59:53.292 11062 11138 I BLASTBufferQueue_Java: update, w= 1080 h= 2340 mName = VRI[recetasasturianas]@83e4ada mNativeObject= 0xb400007e290dbc30 sc.mNativeObject= 0xb400007ea8d81b90 format= -3 caller= android.view.ViewRootImpl.updateBlastSurfaceIfNeeded:3590 android.view.ViewRootImpl.relayoutWindow:11685 android.view.ViewRootImpl.performTraversals:4804 android.view.ViewRootImpl.doTraversal:3924 android.view.ViewRootImpl$TraversalRunnable.run:12903 android.view.Choreographer$CallbackRecord.run:1901
05-15 20:59:53.292  1977  2142 D SurfaceComposerClient: setCornerRadius ## 2028cac Splash Screen es.uniovi.recetasasturianas#179637 cornerRadius=0.000000
05-15 20:59:53.294 11062 11138 W libc    : Access denied finding property "vendor.display.enable_optimal_refresh_rate"
05-15 20:59:53.294 11062 11138 I VRI[recetasasturianas]@83e4ada: Relayout returned: old=(0,0,1080,2340) new=(0,0,1080,2340) relayoutAsync=false req=(1080,2340)0 dur=7 res=0x3 s={true 0xb400007de8fabe20} ch=true seqId=0
05-15 20:59:53.294 11062 11138 I VRI[recetasasturianas]@83e4ada: performConfigurationChange setNightDimText nightDimLevel=0
05-15 20:59:53.295  1808  1808 I SurfaceFlinger: [Splash Screen es.uniovi.recetasasturianas$_11062#179638] attach to parent LayerHierarchy{RequestedLayerState{2028cac Splash Screen es.uniovi.recetasasturianas#179637 parentId=179636} 1 children}
05-15 20:59:53.295 11062 11138 D VRI[recetasasturianas]@83e4ada: mThreadedRenderer.initialize() mSurface={isValid=true 0xb400007de8fabe20} hwInitialized=true
05-15 20:59:53.295 20661 20727 I VRI[HomeActivity]@27ecfc4: mWNT: t=0xb400007df8da6990 mBlastBufferQueue=0xb400007e28d604b0 fn= 14 HdrRenderState mRenderHdrSdrRatio=1.0 caller= android.view.SyncRtSurfaceTransactionApplier.applyTransaction:100 android.view.SyncRtSurfaceTransactionApplier.lambda$scheduleApply$0:73 android.view.SyncRtSurfaceTransactionApplier.$r8$lambda$afI4fXg3U3-nBZQEDQMiNy-B06s:0
05-15 20:59:53.295 11062 11138 D VRI[recetasasturianas]@83e4ada: reportNextDraw android.view.ViewRootImpl.performTraversals:5443 android.view.ViewRootImpl.doTraversal:3924 android.view.ViewRootImpl$TraversalRunnable.run:12903 android.view.Choreographer$CallbackRecord.run:1901 android.view.Choreographer$CallbackRecord.run:1910
05-15 20:59:53.295 11062 11138 D VRI[recetasasturianas]@83e4ada: Setup new sync=wmsSync-VRI[recetasasturianas]@83e4ada#32
05-15 20:59:53.295 11062 11138 I VRI[recetasasturianas]@83e4ada: Creating new active sync group VRI[recetasasturianas]@83e4ada#33
05-15 20:59:53.296  4195  4401 I HoneySpace.TopTaskSource: onTaskFocusChanged(): taskId = 2390
05-15 20:59:53.297 11062 11062 I {OngoingActivityController}: onTaskFocusChanged but OA data is empty
05-15 20:59:53.297 11062 11138 D VRI[recetasasturianas]@83e4ada: registerCallbacksForSync syncBuffer=false
05-15 20:59:53.299  4195  4403 I HoneySpace.TopTaskUseCase: topTasks 2390 ComponentInfo{es.uniovi.recetasasturianas/es.uniovi.recetasasturianas.MainActivity}[displayId=0]
05-15 20:59:53.299  1977  3230 I ChimeraAggressivePolicyHandler: kill complete: killed 0 apps, freed 0 KB
05-15 20:59:53.299  1977  3230 I ChimeraAggressivePolicyHandler: Start doKill, protected policy: HEAVY
05-15 20:59:53.299 12633 21222 I Routine@Core[4.9.04.16]: Pref: removeSharedPrefsData() key=condition_launch_app_data_resume_pkg
05-15 20:59:53.300 11062 11224 D VRI[recetasasturianas]@83e4ada: Received frameDrawingCallback syncResult=0 frameNum=1.
05-15 20:59:53.300 11062 11224 I VRI[recetasasturianas]@83e4ada: mWNT: t=0xb400007df8ed8bd0 mBlastBufferQueue=0xb400007e290dbc30 fn= 1 HdrRenderState mRenderHdrSdrRatio=1.0 caller= android.view.ViewRootImpl$12.onFrameDraw:15441 android.view.ThreadedRenderer$1.onFrameDraw:718 <bottom of call stack>
05-15 20:59:53.300 11062 11224 I VRI[recetasasturianas]@83e4ada: Setting up sync and frameCommitCallback
05-15 20:59:53.301 12633 17431 I Routine@Core[4.9.04.16]: ModeOrderObserver: ModeOrderObserver:onChange: uri content://com.samsung.android.app.routines.routineprovider/preference
05-15 20:59:53.303  1977  2141 D EnterpriseDeviceManagerService: isMdmAdminPresentInternal() : MDM Admin Found - com.samsung.knox.securefolder
05-15 20:59:53.306 12633 12673 I Routine@Core[4.9.04.16]: ActivityWatcherListenerImpl: onResumeComponent: componentName - es.uniovi.recetasasturianas, es.uniovi.recetasasturianas.MainActivity, userId: 0
05-15 20:59:53.306 12633 12673 I Routine@Core[4.9.04.16]: Pref: putSharedPrefsData: key=condition_launch_app_data_resume_pkg, data.size=70
