05-15 20:59:45.554 24090 24090 D ConnectivityManager: StackLog: [android.net.ConnectivityManager.sendRequestForNetwork(ConnectivityManager.java:4740)] [android.net.ConnectivityManager.registerDefaultNetworkCallbackForUid(ConnectivityManager.java:5465)] [android.net.ConnectivityManager.registerDefaultNetworkCallback(ConnectivityManager.java:5432)] [android.net.ConnectivityManager.registerDefaultNetworkCallback(ConnectivityManager.java:5406)] [com.bumptech.glide.manager.SingletonConnectivityReceiver$FrameworkConnectivityMonitorPostApi24.register(SingletonConnectivityReceiver.java:191)] [com.bumptech.glide.manager.SingletonConnectivityReceiver.maybeRegisterReceiver(SingletonConnectivityReceiver.java:113)] [com.bumptech.glide.manager.SingletonConnectivityReceiver.register(SingletonConnectivityReceiver.java:94)] [com.bumptech.glide.manager.DefaultConnectivityMonitor.register(DefaultConnectivityMonitor.java:25)] [com.bumptech.glide.manager.DefaultConnectivityMonitor.onStart(DefaultConnectivityMonitor.java:34)] [com.bumptech.glide.manager.LifecycleLifecycle.addListener(LifecycleLifecycle.java:54)] [com.bumptech.glide.RequestManager.<init>(RequestManager.java:147)] [com.bumptech.glide.RequestManager.<init>(RequestManager.java:105)] [com.bumptech.glide.manager.RequestManagerRetriever$1.build(RequestManagerRetriever.java:292)] [com.bumptech.glide.manager.LifecycleRequestManagerRetriever.getOrCreate(LifecycleRequestManagerRetriever.java:43)] [com.bumptech.glide.manager.RequestManagerRetriever.get(RequestManagerRetriever.java:114)] [com.bumptech.glide.manager.RequestManagerRetriever.get(RequestManagerRetriever.java:92)] [com.bumptech.glide.Glide.with(Glide.java:545)] [es.uniovi.recetasasturianas.ui.list.RecipeAdapter$RecipeViewHolder.bind(RecipeAdapter.kt:126)] [es.uniovi.recetasasturianas.ui.list.RecipeAdapter.onBindViewHolder(RecipeAdapter.kt:76)] [es.uniovi.recetasasturianas.ui.list.RecipeAdapter.onBindViewHolder(RecipeAdapter.kt:27)] [androidx.recyclerview.widget.RecyclerView$Adapter.onBindViewHolder(RecyclerView.java:7065)] [androidx.recyclerview.widget.RecyclerView$Adapter.bindViewHolder(RecyclerView.java:7107)] [androidx.recyclerview.widget.RecyclerView$Recycler.tryBindViewHolderByDeadline(RecyclerView.java:6012)] [androidx.recyclerview.widget.RecyclerView$Recycler.tryGetViewHolderForPositionByDeadline(RecyclerView.java:6279)] [androidx.recyclerview.widget.RecyclerView$Recycler.getViewForPosition(RecyclerView.java:6118)] [androidx.recyclerview.widget.RecyclerView$Recycler.getViewForPosition(RecyclerView.java:6114)] [androidx.recyclerview.widget.LinearLayoutManager$LayoutState.next(LinearLayoutManager.java:2303)] [androidx.recyclerview.widget.LinearLayoutManager.layoutChunk(LinearLayoutManager.java:1627)] [androidx.recyclerview.widget.LinearLayoutManager.fill(LinearLayoutManager.java:1587)] [androidx.recyclerview.widget.LinearLayoutManager.onLayoutChildren(LinearLayoutManager.java:665)] [androidx.recyclerview.widget.RecyclerView.dispatchLayoutStep2(RecyclerView.java:4134)] [androidx.recyclerview.widget.RecyclerView.dispatchLayout(RecyclerView.java:3851)] [androidx.recyclerview.widget.RecyclerView.consumePendingUpdateOperations(RecyclerView.java:1897)] [androidx.recyclerview.widget.RecyclerView$1.run(RecyclerView.java:414)] [android.view.Choreographer$CallbackRecord.run(Choreographer.java:1901)] [android.view.Choreographer$CallbackRecord.run(Choreographer.java:1910)] [android.view.Choreographer.doCallbacks(Choreographer.java:1367)] [android.view.Choreographer.doFrame(Choreographer.java:1282)] [android.view.Choreographer$FrameDisplayEventReceiver.run(Choreographer.java:1870)]
05-15 20:59:45.554  1977  2134 D PkgPredictorService-SecIpmManagerServiceImpl: bg information pid:20661 uid:10578 pkgName:bitpit.launcher
05-15 20:59:45.555  1977  6943 D ConnectivityService: requestNetwork for uid/pid:10625/24090 activeRequest: null callbackRequest: 58592 [NetworkRequest [ REQUEST id=58593, [ Capabilities: INTERNET&NOT_RESTRICTED&TRUSTED&NOT_VCN_MANAGED&NOT_BANDWIDTH_CONSTRAINED Uid: 10625 RequestorUid: 10625 RequestorPkg: es.uniovi.recetasasturianas UnderlyingNetworks: Null] ]] callback flags: 0 order: 2147483647 isUidTracked: false declaredMethods: AVAIL|LOST
05-15 20:59:45.556  1977  3160 D ConnectivityService:    accepting network in place of null for NetworkRequest [ REQUEST id=58593, [ Capabilities: INTERNET&NOT_RESTRICTED&TRUSTED&NOT_VCN_MANAGED&NOT_BANDWIDTH_CONSTRAINED Uid: 10625 RequestorUid: 10625 RequestorPkg: es.uniovi.recetasasturianas UnderlyingNetworks: Null] ]
05-15 20:59:45.557  1977  3160 D ConnectivityService: Rematched networks [computed 0ms] [applied 1ms] [issued 0]
05-15 20:59:45.557  1977  3160 D ConnectivityService: NetworkReassignment :
05-15 20:59:45.557  1977  3160 D ConnectivityService:   58593 : null → 2805
05-15 20:59:45.559  1808  1808 I SurfaceFlinger: destroyed bitpit.launcher/bitpit.launcher.ui.HomeActivity$_20661#179391 form LifecycleManager
05-15 20:59:45.559  1808  1808 I SurfaceFlinger: id=179391 onLayerDestroyed from LayerHierarchyBuilder(RequestedLayerState{bitpit.launcher/bitpit.launcher.ui.HomeActivity$_20661#179391 !handle})
05-15 20:59:45.560 24090 24090 I MaterialCardView: Setting a custom background is not supported.
05-15 20:59:45.561  1808  1808 I Layer   : id=179391 Destroyed bitpit.launcher/bitpit.launcher.ui.HomeActivity$_20661#179391
05-15 20:59:45.571 24090 24090 I MaterialCardView: Setting a custom background is not supported.
05-15 20:59:45.575 20661 20661 D BBA2    : setIsFg isFg = false; delayValue 3999ms
05-15 20:59:45.591 24090 24090 D RecipeListViewModel: loadRecipes() finalizado
05-15 20:59:45.592 24090 24090 I InsetsSourceConsumer: applyRequestedVisibilityToControl: visible=true, type=statusBars, host=es.uniovi.recetasasturianas/es.uniovi.recetasasturianas.MainActivity
05-15 20:59:45.593 24090 24090 I InsetsSourceConsumer: applyRequestedVisibilityToControl: visible=true, type=navigationBars, host=es.uniovi.recetasasturianas/es.uniovi.recetasasturianas.MainActivity
05-15 20:59:45.601 24090 24090 D VRI[MainActivity]@7cab705: mThreadedRenderer.initializeIfNeeded()#2 mSurface={isValid=true 0xb400007de8d4d260}
05-15 20:59:45.602 24090 24090 D InputMethodManagerUtils: startInputInner - Id : 0
05-15 20:59:45.603 24090 24090 I InputMethodManager: startInputInner - IInputMethodManagerGlobalInvoker.startInputOrWindowGainedFocus
05-15 20:59:45.606  1977  2946 I ImeTracker: es.uniovi.recetasasturianas:cf204467: onRequestHide at ORIGIN_SERVER reason HIDE_UNSPECIFIED_WINDOW fromUser false
05-15 20:59:45.606  1977  2946 D InputTransport: Input channel constructed: 'ClientS', fd=1102
05-15 20:59:45.606  1977  2946 D InputTransport: Input channel constructed: 'ClientS', fd=1103
05-15 20:59:45.607 20661 20661 D InputTransport: Input channel destroyed: 'ClientS', fd=202
05-15 20:59:45.607  1977  2946 D InputTransport: Input channel destroyed: 'ClientS', fd=1103
05-15 20:59:45.607 23357 28919 D InputTransport: Input channel constructed: 'ClientS', fd=127
05-15 20:59:45.609  1977  6943 D InputTransport: Input channel constructed: 'ClientS', fd=1103
05-15 20:59:45.609  1977  6943 D InputTransport: Input channel destroyed: 'ClientS', fd=1103
05-15 20:59:45.610 24090 24110 D InputTransport: Input channel constructed: 'ClientS', fd=170
05-15 20:59:45.611  1808  2995 I SurfaceFlinger: id=179410 createSurf, flag=24004, Surface(name=35023c1 InputMethod)/@0x1087f31 - animation-leash of insets_animation#179410
05-15 20:59:45.611 23357 23357 I LatinIME: onFinishInput
05-15 20:59:45.613 23357 23357 D InputMethodService: unregisterCompatOnBackInvokedCallback return because registered : false
05-15 20:59:45.613 23357 23357 D InputMethodService: updateClientDisplayId: displayId=0, mClientDisplayId=0
05-15 20:59:45.614  1977  1997 I ImeTracker: system_server:4d339b8d: onRequestHide at ORIGIN_SERVER reason IME_REQUESTED_CHANGED_LISTENER fromUser false
05-15 20:59:45.614  1977  2141 I ImeTracker: system_server:4d339b8d: onCancelled at PHASE_SERVER_SHOULD_HIDE
05-15 20:59:45.614  1977  2142 D SurfaceComposerClient: setCornerRadius ## 21e4a73 es.uniovi.recetasasturianas/es.uniovi.recetasasturianas.MainActivity#179405 cornerRadius=0.000000
05-15 20:59:45.615  1977  2142 D SurfaceComposerClient: setCornerRadius ## 21e4a73 es.uniovi.recetasasturianas/es.uniovi.recetasasturianas.MainActivity#179405 cornerRadius=0.000000
05-15 20:59:45.634  1808  1808 I SurfaceFlinger: RequestedLayer [Surface(name=35023c1 InputMethod)/@0[...]ion-leash of insets_animation#179410] hidden!! flag  from(1) --> to(0)
05-15 20:59:45.634  1808  1808 E SurfaceFlinger: alpha changed 1.000 -> 0.000 - Surface(name=35023c1 InputMethod)/@0x1087f31 - animation-leash of insets_animation#179410
05-15 20:59:45.634  1808  1808 I SurfaceFlinger: [LayerHierarchy{RequestedLayerState{ImeContainer#15 parentId=179398 relativeParentId=179405 z=1} 1 children}] reparent to LayerHierarchy{RequestedLayerState{ActivityRecord{261437244 u0 es.uniovi.recetasasturianas/.MainActivity t2376}#179398 parentId=179397} 3 children}
05-15 20:59:45.634  1808  1808 I SurfaceFlinger: [LayerHierarchy{RequestedLayerState{ImeContainer#15 parentId=179398 relativeParentId=179405 z=1} 1 children}] RelativeParent to LayerHierarchy{RequestedLayerState{21e4a73 es.uniovi.recetasasturianas/es.uniovi.recetasasturianas.MainActivity#179405 parentId=179398} 2 children}
05-15 20:59:45.634  1808  1808 I SurfaceFlinger: [LayerHierarchy{RequestedLayerState{35023c1 InputMethod#146668 parentId=179410} no children}] reparent to LayerHierarchy{RequestedLayerState{Surface(name=35023c1 InputMethod)/@0x1087f31 - animation-leash of insets_animation#179410 parentId=146663} 1 children}
05-15 20:59:45.634  1808  1808 I SurfaceFlinger: [LayerHierarchy{RequestedLayerState{Surface(name=35023c1 InputMethod)/@0x1087f31 - animation-leash of insets_animation#179396} no children}] reparent to OffscreenRoot
05-15 20:59:45.634  1808  1808 I SurfaceFlinger: [LayerHierarchy{RequestedLayerState{Surface(name=35023c1 InputMethod)/@0x1087f31 - animation-leash of insets_animation#179396} no children}] RelativeParent to null
05-15 20:59:45.634  1808  1808 I SurfaceFlinger: [Surface(name=35023c1 InputMethod)/@0x1087f31 - animation-leash of insets_animation#179410] attach to parent LayerHierarchy{RequestedLayerState{WindowToken{21e384e type=2011 android.os.Binder@4717749}#146663 parentId=15} 1 children}
05-15 20:59:45.635  1808  2497 I SurfaceFlinger: id=179396 Removed Surface(name=35023c1 InputMethod)/@0x1087f31 - animation-leash of insets_animation#179396 (164)
05-15 20:59:45.635 24090 24090 I InputMethodManager: handleMessage: setImeVisibility visible=false
05-15 20:59:45.635 24090 24090 D InsetsController: hide(ime(), fromIme=false)
05-15 20:59:45.635 24090 24090 I ImeTracker: es.uniovi.recetasasturianas:cf204467: onCancelled at PHASE_CLIENT_ALREADY_HIDDEN
05-15 20:59:45.638 24090 24185 I Kumiho-Kumiho: getPackageName: es.uniovi.recetasasturianas
05-15 20:59:45.642  1808  1808 I SurfaceFlinger: destroyed Surface(name=35023c1 InputMethod)/@0x1087f31 - animation-leash of insets_animation#179396 form LifecycleManager
05-15 20:59:45.642  1808  1808 I SurfaceFlinger: id=179396 onLayerDestroyed from LayerHierarchyBuilder(RequestedLayerState{Surface(name=35023c1 InputMethod)/@0x1087f31 - animation-leash of insets_animation#179396 !handle})
05-15 20:59:45.644  1808  1808 I Layer   : id=179396 Destroyed Surface(name=35023c1 InputMethod)/@0x1087f31 - animation-leash of insets_animation#179396
05-15 20:59:45.645 23357 23357 I InputMethodService: scheduleImeSurfaceRemoval: removeImeSurface is posted.
05-15 20:59:45.648 24090 24185 I Kumiho-Kumiho: getPackageName: es.uniovi.recetasasturianas
05-15 20:59:45.667 24090 24185 I Kumiho-Kumiho: getPackageName: es.uniovi.recetasasturianas
05-15 20:59:45.669 24090 24185 I Kumiho-Kumiho: getPackageName: es.uniovi.recetasasturianas
05-15 20:59:45.697  1589  1670 E minksocket: MinkIPC_QRTR_Service: client with node 1 port 7af0 went down
05-15 20:59:45.699  1589  1670 E minksocket: MinkIPC_QRTR_Service: client with node 1 port 7af1 went down
05-15 20:59:45.700  1589  1670 E minksocket: MinkIPC_QRTR_Service: client with node 1 port 7af2 went down
05-15 20:59:45.704  1589  1670 E minksocket: MinkIPC_QRTR_Service: client with node 1 port 7af4 went down
05-15 20:59:45.706  1589  1670 E minksocket: MinkIPC_QRTR_Service: client with node 1 port 7af5 went down
05-15 20:59:45.706  1589  1670 E minksocket: MinkIPC_QRTR_Service: client with node 1 port 7af6 went down
05-15 20:59:45.814 24090 24097 I cetasasturianas: Compiler allocated 5093KB to compile void android.view.ViewRootImpl.performTraversals()
05-15 20:59:45.825  1632 24179 I HYPER-HAL: [ResourceManager.cpp]removeResource(): [CPUMinFreq] RemoveResource Request ID : 1999022
05-15 20:59:45.825  1632 24179 I HYPER-HAL: [RequestManager.cpp]releaseLocked(): Released ID : 1999022
05-15 20:59:45.841  1624 32160 I sensors-hal: handle_sns_std_sensor_event:155, [SSC_LIGHT] P: 110(110),m:1,c:25,b:25,wb:0,r:788,bl:0,16:256
05-15 20:59:45.897 31986 32022 I FontLog : (REDACTED) Received query %s, URI %s
05-15 20:59:45.898 31986 32022 I FontLog : (REDACTED) Query [%s] resolved to %s
05-15 20:59:45.906 31986 32022 I FontLog : (REDACTED) Fetch %s end status %s
05-15 20:59:45.909 31986 32022 I FontLog : (REDACTED) Pulling font file for id = %d, cache size = %d
05-15 20:59:45.917 31986 32022 I FontLog : (REDACTED) Pulling font file for id = %d, cache size = %d
05-15 20:59:45.917  1795  1831 E HeatmapThread: ECT Thread time in milliseconds: 1778871585
05-15 20:59:45.917  1795  1831 D HeatmapThread: !@ batteryplugType : 0
05-15 20:59:45.917  1795  1831 D HeatmapThread: !@ batteryLevel : 0  batteryTemperature : 0
05-15 20:59:45.917  1795  1831 D HeatmapThread: !@ Heatmap currtime: 29647859
05-15 20:59:45.918  1795  1831 D HeatmapThread: !@ Heatmap prevtime: 29647842
05-15 20:59:45.918  1795  1831 D HeatmapThread: !@ Heatmap plugstarttime: 35791394
05-15 20:59:45.918  1795  1831 D HeatmapThread: !@ Heatmap prevv_dsoh_update_time: 29635503
05-15 20:59:45.918  1795  1831 E HeatmapThread: !@Could not open '/efs/FactoryApp/bsoh', errno = 13
05-15 20:59:45.918  1795  1831 E HeatmapThread: !@ CAM Could not access BSOH EFS
05-15 20:59:45.918  1795  1831 E HeatmapThread: !@ CAM New BSOH: 0
05-15 20:59:45.935  1624 31626 I sensors-hal: handle_sns_client_event:540, [0][3820204] accel_sample [-0.311,  0.008, 10.098] 741443432505801
05-15 20:59:46.041 24090 24138 W FileTestStorage: Output properties is not supported.
05-15 20:59:46.042 24090 24138 I Tracing : Tracer added: class androidx.test.platform.tracing.AndroidXTracer
05-15 20:59:46.048 24090 24138 D EventInjectionStrategy: Creating injection strategy with input manager.
05-15 20:59:46.048 24090 24138 I cetasasturianas: hiddenapi: Accessing hidden method Landroid/hardware/input/InputManager;->getInstance()Landroid/hardware/input/InputManager; (runtime_flags=0, domain=platform, api=unsupported) from Landroidx/test/espresso/base/InputManagerEventInjectionStrategy; (domain=app, TargetSdkVersion=35) using reflection: allowed
05-15 20:59:46.049 24090 24138 I cetasasturianas: hiddenapi: Accessing hidden method Landroid/hardware/input/InputManager;->injectInputEvent(Landroid/view/InputEvent;I)Z (runtime_flags=0, domain=platform, api=unsupported) from Landroidx/test/espresso/base/InputManagerEventInjectionStrategy; (domain=app, TargetSdkVersion=35) using reflection: allowed
05-15 20:59:46.049 24090 24138 I cetasasturianas: hiddenapi: Accessing hidden field Landroid/hardware/input/InputManager;->INJECT_INPUT_EVENT_MODE_WAIT_FOR_FINISH:I (runtime_flags=0, domain=platform, api=unsupported) from Landroidx/test/espresso/base/InputManagerEventInjectionStrategy; (domain=app, TargetSdkVersion=35) using reflection: allowed
05-15 20:59:46.062 24090 24090 I cetasasturianas: hiddenapi: Accessing hidden method Landroid/os/MessageQueue;->next()Landroid/os/Message; (runtime_flags=0, domain=platform, api=unsupported) from Landroidx/test/espresso/base/Interrogator; (domain=app, TargetSdkVersion=35) using reflection: allowed
05-15 20:59:46.062 24090 24090 I cetasasturianas: hiddenapi: Accessing hidden field Landroid/os/MessageQueue;->mMessages:Landroid/os/Message; (runtime_flags=0, domain=platform, api=unsupported) from Landroidx/test/espresso/base/Interrogator; (domain=app, TargetSdkVersion=35) using reflection: allowed
05-15 20:59:46.062 24090 24090 I cetasasturianas: hiddenapi: Accessing hidden method Landroid/os/Message;->recycleUnchecked()V (runtime_flags=0, domain=platform, api=unsupported) from Landroidx/test/espresso/base/Interrogator; (domain=app, TargetSdkVersion=35) using reflection: allowed
05-15 20:59:46.063 24090 24090 I cetasasturianas: hiddenapi: Accessing hidden method Landroid/view/WindowManagerGlobal;->getInstance()Landroid/view/WindowManagerGlobal; (runtime_flags=0, domain=platform, api=unsupported) from Landroidx/test/espresso/base/RootsOracle; (domain=app, TargetSdkVersion=35) using reflection: allowed
05-15 20:59:46.063 24090 24090 I cetasasturianas: hiddenapi: Accessing hidden field Landroid/view/WindowManagerGlobal;->mViews:Ljava/util/ArrayList; (runtime_flags=0, domain=platform, api=unsupported) from Landroidx/test/espresso/base/RootsOracle; (domain=app, TargetSdkVersion=35) using reflection: allowed
05-15 20:59:46.063 24090 24090 I cetasasturianas: hiddenapi: Accessing hidden field Landroid/view/WindowManagerGlobal;->mParams:Ljava/util/ArrayList; (runtime_flags=0, domain=platform, api=unsupported) from Landroidx/test/espresso/base/RootsOracle; (domain=app, TargetSdkVersion=35) using reflection: allowed
05-15 20:59:46.066 24090 24090 I ViewInteraction: Checking 'MatchesViewAssertion{viewMatcher=(view has effective visibility <VISIBLE> and view.getGlobalVisibleRect() to return non-empty rectangle)}' assertion on view view.getId() is <2131296655/es.uniovi.recetasasturianas:id/recycler_view>
05-15 20:59:46.068 24090 24138 I cetasasturianas: hiddenapi: Accessing hidden method Landroid/view/ViewConfiguration;->getDoubleTapMinTime()I (runtime_flags=0, domain=platform, api=unsupported) from Landroidx/test/espresso/action/Tap; (domain=app, TargetSdkVersion=35) using reflection: allowed
05-15 20:59:46.077  1632 24160 I HYPER-HAL: [ResourceManager.cpp]removeResource(): [CPULittleMinFreq] RemoveResource Request ID : 1997022
05-15 20:59:46.077  1632 24160 I HYPER-HAL: [ResourceManager.cpp]removeResource(): [CPUMinFreq] RemoveResource Request ID : 1997022
05-15 20:59:46.078  1632 24160 I HYPER-HAL: [RequestManager.cpp]releaseLocked(): Released ID : 1997022
05-15 20:59:46.079 24090 24090 I ViewInteraction: Performing 'single click' action on view ((view has effective visibility <VISIBLE> and view.getGlobalVisibleRect() to return non-empty rectangle) and view.getId() is <2131296458/es.uniovi.recetasasturianas:id/favoritesFragment>)
05-15 20:59:46.081  1977  6943 D InputDispatcher: Inject motion (24090/10625): action=0x0, time=304064107000000, f=0x0, d=0 dsdx=1.000000 dtdx=0.000000
05-15 20:59:46.083  1977  2929 I InputDispatcher: Delivering touch to (11062): action: 0x4, f=0x0, d=0, '7a9d783', t=0
05-15 20:59:46.083  1977  2929 I InputDispatcher: Delivering touch to (24090): action: 0x0, f=0x0, d=0, '21e4a73', t=0
05-15 20:59:46.084 24090 24090 I VRI[MainActivity]@7cab705: ViewPostIme pointer 0
05-15 20:59:46.084  1977  2134 I GestureDetector: obtain mCurrentDownEvent. id: -574434320 caller: com.android.server.wm.SystemGesturesPointerEventListener.onPointerEvent:17 com.android.server.wm.PointerEventDispatcher.onInputEvent:51 android.view.InputEventReceiver.dispatchInputEvent:392
05-15 20:59:46.084  1977  2134 I GestureDetector: obtain mCurrentDownEvent. id: -574434320 caller: com.android.server.wm.SystemPerformancePointerEventListener.onPointerEvent:13 com.android.server.wm.PointerEventDispatcher.onInputEvent:51 android.view.InputEventReceiver.dispatchInputEvent:392
05-15 20:59:46.085 24090 24090 I VRI[MainActivity]@7cab705: call setFrameRateCategory for touch hint category=high hint, reason=touch, vri=VRI[MainActivity]@7cab705
05-15 20:59:46.088  4195  4195 I HoneySpace.GestureInputHandler: inputConsumers = [com.honeyspace.gesture.inputconsumer.InputConsumer$Companion$NO_OP$1@44ea0c6]
05-15 20:59:46.090  1977  2943 D SemInputTaasTestCaseB: [sec_input] CASEB : tool type change pre(1) : cur(0) : Virtual TOOL_TYPE_UNKNOWN es.uniovi.recetasasturianas.MainActivity
05-15 20:59:46.092  1977  2943 D SemInputDeviceHqmData: increaseCount mCaseACount:33 mCaseBCount:18 tempStr:33 18 2026/0515/20:59:46 B es.uniovi.recetasasturianas.MainActivity es.uniovi.recetasasturianas && Virtual
05-15 20:59:46.092  5896  5896 I SemDvfsHyPerManager: acquire hyper - TABoost/5896@21, type = -999
05-15 20:59:46.093  1808  1808 I SurfaceFlinger: [es.uniovi.recetasasturianas/es.uniovi.recetasasturianas.MainActivity$_24090#179406] setFrameRateCategory: HighHint
05-15 20:59:46.094  1977  2942 D SemInputDevice:TAAS: WriteTask: [05-15 20:59:46.093]
05-15 20:59:46.094  4195  4195 I HoneySpace.InputSession: inputConsumers = NO_OP
05-15 20:59:46.095  4195  4195 I HoneySpace.InputSession: open
05-15 20:59:46.096  1632  1829 I HYPER-HAL: [RequestManager.cpp]acquire(): Acquired ID : 17508424  [5896 / 21]    HINT :      list : [TABoost / 1] [TIMEOUT / 1500]
05-15 20:59:46.097  1761  1761 I sysinput:Taas: bypassCommand:44, start
05-15 20:59:46.101  1977  2942 D SysinputHAL_V1_3(V1_2): writeTaas: ret=0
05-15 20:59:46.108  4195  4395 I HoneySpace.StatusIconTracker: invokeEvent() called with: event = Mobile(bundle=Bundle[mParcelledData.dataSize=256])
05-15 20:59:46.114  5792  5792 W Finsky  : [2] STU: Failed to get storage stats for package 'com.google.android.media.swcodec' (1601: Error getting stats: android.content.pm.PackageManager.NameNotFoundException)
05-15 20:59:46.122  1977  1997 D InputDispatcher: Inject motion (24090/10625): action=0x1, time=304064147000000, f=0x0, d=0 dsdx=1.000000 dtdx=0.000000
05-15 20:59:46.123  1977  2929 I InputDispatcher: Delivering touch to (24090): action: 0x1, f=0x0, d=0, '21e4a73', t=0
05-15 20:59:46.123 24090 24090 I VRI[MainActivity]@7cab705: ViewPostIme pointer 1
05-15 20:59:46.123  1977  2134 I GestureDetector: obtain mCurrentMotionEventRaw. action: 1 id: -777121095
05-15 20:59:46.124  1977  2134 I GestureDetector: obtain mCurrentMotionEventRaw. action: 1 id: -777121095
05-15 20:59:46.126  5792  5792 W Finsky  : [2] STU: Failed to get storage stats for package 'com.android.uprobestats' (1601: Error getting stats: android.content.pm.PackageManager.NameNotFoundException)
05-15 20:59:46.128  4195  4195 I HoneySpace.GestureInputHandler: reset
05-15 20:59:46.128  4195  4195 I HoneySpace.InputSession: close
05-15 20:59:46.132 24090 24090 W WindowOnBackDispatcher: OnBackInvokedCallback is not enabled for the application.
05-15 20:59:46.132 24090 24090 W WindowOnBackDispatcher: Set 'android:enableOnBackInvokedCallback="true"' in the application manifest.
05-15 20:59:46.146 23357 23357 I InputMethodService: removeImeSurface
05-15 20:59:46.146 23357 23357 I InputMethodService: cancelImeSurfaceRemoval: removeCallbacks
05-15 20:59:46.152  5792  5792 W Finsky  : [2] STU: Failed to get storage stats for package 'com.android.profiling' (1601: Error getting stats: android.content.pm.PackageManager.NameNotFoundException)
05-15 20:59:46.157  1977  6943 I WindowManager: Relayout Window{21e4a73 u0 es.uniovi.recetasasturianas/es.uniovi.recetasasturianas.MainActivity}: viewVisibility=0 req=1080x2340 ty=1 d0
05-15 20:59:46.157  1977  6943 D SurfaceComposerClient: setCornerRadius ## 21e4a73 es.uniovi.recetasasturianas/es.uniovi.recetasasturianas.MainActivity#179405 cornerRadius=0.000000
05-15 20:59:46.158 24090 24090 I BLASTBufferQueue_Java: update, w= 1080 h= 2340 mName = VRI[MainActivity]@7cab705 mNativeObject= 0xb400007e28d6f5a0 sc.mNativeObject= 0xb400007ea8d23e10 format= -1 caller= android.view.ViewRootImpl.updateBlastSurfaceIfNeeded:3574 android.view.ViewRootImpl.relayoutWindow:11685 android.view.ViewRootImpl.performTraversals:4804 android.view.ViewRootImpl.doTraversal:3924 android.view.ViewRootImpl$TraversalRunnable.run:12903 android.view.Choreographer$CallbackRecord.run:1901
05-15 20:59:46.158 24090 24090 I VRI[MainActivity]@7cab705: Relayout returned: old=(0,0,1080,2340) new=(0,0,1080,2340) relayoutAsync=true req=(1080,2340)0 dur=1 res=0x0 s={true 0xb400007de8d4d260} ch=false seqId=0
05-15 20:59:46.158  1977  6943 D SurfaceComposerClient: setCornerRadius ## 21e4a73 es.uniovi.recetasasturianas/es.uniovi.recetasasturianas.MainActivity#179405 cornerRadius=0.000000
05-15 20:59:46.160  1977  6943 I WindowManager: Relayout hash=21e4a73, pid=0, syncId=-1: mAttrs={(0,0)(fillxfill) sim={adjust=pan} layoutInDisplayCutoutMode=always ty=BASE_APPLICATION wanim=0x1030317
05-15 20:59:46.160  1977  6943 I WindowManager:   fl=81810100
05-15 20:59:46.160  1977  6943 I WindowManager:   pfl=100088c0
05-15 20:59:46.160  1977  6943 I WindowManager:   vsysui=500
05-15 20:59:46.160  1977  6943 I WindowManager:   bhv=1
05-15 20:59:46.160  1977  6943 I WindowManager:   fitSides=0
05-15 20:59:46.160  1977  6943 I WindowManager:   frameRateBoostOnTouch=true
05-15 20:59:46.160  1977  6943 I WindowManager:   dvrrWindowFrameRateHint=true naviIconColor=0}
05-15 20:59:46.162 24090 24090 I VRI[MainActivity]@7cab705: registerCallbackForPendingTransactions
05-15 20:59:46.164 24090 24176 I VRI[MainActivity]@7cab705: mWNT: t=0xb400007df8d845d0 mBlastBufferQueue=0xb400007e28d6f5a0 fn= 53 HdrRenderState mRenderHdrSdrRatio=1.0 caller= android.view.ViewRootImpl$10.onFrameDraw:6536 android.view.ViewRootImpl$4.onFrameDraw:2489 android.view.ThreadedRenderer$1.onFrameDraw:718
05-15 20:59:46.279  5792  5792 W Finsky  : [2] STU: Failed to get storage stats for package 'com.samsung.android.media.extractor' (1601: Error getting stats: android.content.pm.PackageManager.NameNotFoundException)
05-15 20:59:46.318 22867 22892 W bt_btm_pm: system/stack/acl/btm_pm.cc:729 btm_pm_proc_mode_change: Power mode switched from immediate:active[0] to immediate:sniff[2]
05-15 20:59:46.379  5792  5792 W Finsky  : [2] STU: Failed to get storage stats for package 'com.samsung.android.media.imagecodec.system' (1601: Error getting stats: android.content.pm.PackageManager.NameNotFoundException)
05-15 20:59:46.382 24090 24090 I ViewInteraction: Performing 'single click' action on view ((view has effective visibility <VISIBLE> and view.getGlobalVisibleRect() to return non-empty rectangle) and view.getId() is <2131296693/es.uniovi.recetasasturianas:id/settingsFragment>)
05-15 20:59:46.383  1977  1997 D InputDispatcher: Inject motion (24090/10625): action=0x0, time=304064410000000, f=0x0, d=0 dsdx=1.000000 dtdx=0.000000
05-15 20:59:46.384  1977  2929 I InputDispatcher: Delivering touch to (11062): action: 0x4, f=0x0, d=0, '7a9d783', t=0
05-15 20:59:46.384  1977  2929 I InputDispatcher: Delivering touch to (24090): action: 0x0, f=0x0, d=0, '21e4a73', t=0
05-15 20:59:46.385  1977  2134 I GestureDetector: handleMessage TAP
05-15 20:59:46.385 24090 24090 I VRI[MainActivity]@7cab705: ViewPostIme pointer 0
05-15 20:59:46.385  1977  1977 I GestureDetector: handleMessage TAP
05-15 20:59:46.385  4195  4195 I HoneySpace.GestureInputHandler: inputConsumers = [com.honeyspace.gesture.inputconsumer.InputConsumer$Companion$NO_OP$1@44ea0c6]
05-15 20:59:46.385  4195  4195 I HoneySpace.InputSession: inputConsumers = NO_OP
05-15 20:59:46.385  4195  4195 I HoneySpace.InputSession: open
05-15 20:59:46.386  1977  2134 I GestureDetector: obtain mCurrentDownEvent. id: -1017630009 caller: com.android.server.wm.SystemGesturesPointerEventListener.onPointerEvent:17 com.android.server.wm.PointerEventDispatcher.onInputEvent:51 android.view.InputEventReceiver.dispatchInputEvent:392
05-15 20:59:46.386  1977  2134 I GestureDetector: obtain mCurrentDownEvent. id: -1017630009 caller: com.android.server.wm.SystemPerformancePointerEventListener.onPointerEvent:13 com.android.server.wm.PointerEventDispatcher.onInputEvent:51 android.view.InputEventReceiver.dispatchInputEvent:392
05-15 20:59:46.388  5896  5896 I SemDvfsHyPerManager: acquire hyper - TABoost/5896@21, type = -999
05-15 20:59:46.389  1632  1829 I HYPER-HAL: [RequestManager.cpp]releaseLocked(): Released ID : 17508424
05-15 20:59:46.389  1632  1829 I HYPER-HAL: [RequestManager.cpp]acquire(): Acquired ID : 17508424  [5896 / 21]    HINT :      list : [TABoost / 1] [TIMEOUT / 1500]
05-15 20:59:46.390  1977  1995 W System  : A resource failed to call release.
05-15 20:59:46.403  5792  5792 W Finsky  : [2] STU: Failed to get storage stats for package 'com.google.android.adbd' (1601: Error getting stats: android.content.pm.PackageManager.NameNotFoundException)
05-15 20:59:46.425  1977  6943 D InputDispatcher: Inject motion (24090/10625): action=0x1, time=304064451000000, f=0x0, d=0 dsdx=1.000000 dtdx=0.000000
05-15 20:59:46.427  1977  2929 I InputDispatcher: Delivering touch to (24090): action: 0x1, f=0x0, d=0, '21e4a73', t=0
05-15 20:59:46.428 24090 24090 I VRI[MainActivity]@7cab705: ViewPostIme pointer 1
05-15 20:59:46.428  1977  2134 I GestureDetector: obtain mCurrentMotionEventRaw. action: 1 id: -328192745
05-15 20:59:46.428  1977  2134 I GestureDetector: obtain mCurrentMotionEventRaw. action: 1 id: -328192745
05-15 20:59:46.429  4195  4195 I HoneySpace.GestureInputHandler: reset
05-15 20:59:46.429  4195  4195 I HoneySpace.InputSession: close
05-15 20:59:46.440  5792  5792 W Finsky  : [2] STU: Failed to get storage stats for package 'com.android.i18n' (1601: Error getting stats: android.content.pm.PackageManager.NameNotFoundException)
05-15 20:59:46.460 24090 24090 I BLASTBufferQueue_Java: update, w= 1080 h= 2340 mName = VRI[MainActivity]@7cab705 mNativeObject= 0xb400007e28d6f5a0 sc.mNativeObject= 0xb400007ea8d23e10 format= -1 caller= android.view.ViewRootImpl.updateBlastSurfaceIfNeeded:3574 android.view.ViewRootImpl.relayoutWindow:11685 android.view.ViewRootImpl.performTraversals:4804 android.view.ViewRootImpl.doTraversal:3924 android.view.ViewRootImpl$TraversalRunnable.run:12903 android.view.Choreographer$CallbackRecord.run:1901
05-15 20:59:46.460 24090 24090 I VRI[MainActivity]@7cab705: Relayout returned: old=(0,0,1080,2340) new=(0,0,1080,2340) relayoutAsync=true req=(1080,2340)0 dur=0 res=0x0 s={true 0xb400007de8d4d260} ch=false seqId=0
05-15 20:59:46.460  1977  1997 I WindowManager: Relayout Window{21e4a73 u0 es.uniovi.recetasasturianas/es.uniovi.recetasasturianas.MainActivity}: viewVisibility=0 req=1080x2340 ty=1 d0
05-15 20:59:46.460  1977  1997 D SurfaceComposerClient: setCornerRadius ## 21e4a73 es.uniovi.recetasasturianas/es.uniovi.recetasasturianas.MainActivity#179405 cornerRadius=0.000000
05-15 20:59:46.461  1977  1997 D SurfaceComposerClient: setCornerRadius ## 21e4a73 es.uniovi.recetasasturianas/es.uniovi.recetasasturianas.MainActivity#179405 cornerRadius=0.000000
05-15 20:59:46.463  1977  1997 I WindowManager: Relayout hash=21e4a73, pid=0, syncId=-1: mAttrs={(0,0)(fillxfill) sim={adjust=resize} layoutInDisplayCutoutMode=always ty=BASE_APPLICATION wanim=0x1030317
05-15 20:59:46.463  1977  1997 I WindowManager:   fl=81810100
05-15 20:59:46.463  1977  1997 I WindowManager:   pfl=100088c0
05-15 20:59:46.463  1977  1997 I WindowManager:   vsysui=500
05-15 20:59:46.463  1977  1997 I WindowManager:   bhv=1
05-15 20:59:46.463  1977  1997 I WindowManager:   fitSides=0
05-15 20:59:46.463  1977  1997 I WindowManager:   frameRateBoostOnTouch=true
05-15 20:59:46.463  1977  1997 I WindowManager:   dvrrWindowFrameRateHint=true naviIconColor=0}
05-15 20:59:46.475  5792  5792 W Finsky  : [2] STU: Failed to get storage stats for package 'com.samsung.android.spqr' (1601: Error getting stats: android.content.pm.PackageManager.NameNotFoundException)
05-15 20:59:46.476  5792  5792 W Finsky  : [2] STU: Failed to get storage stats for package 'com.google.android.conscrypt' (1601: Error getting stats: android.content.pm.PackageManager.NameNotFoundException)
05-15 20:59:46.487 24090 24090 I VRI[MainActivity]@7cab705: registerCallbackForPendingTransactions
05-15 20:59:46.489 24090 24175 I VRI[MainActivity]@7cab705: mWNT: t=0xb400007df8d84790 mBlastBufferQueue=0xb400007e28d6f5a0 fn= 57 HdrRenderState mRenderHdrSdrRatio=1.0 caller= android.view.ViewRootImpl$10.onFrameDraw:6536 android.view.ViewRootImpl$4.onFrameDraw:2489 android.view.ThreadedRenderer$1.onFrameDraw:718
05-15 20:59:46.516 31986 31986 D BoundBrokerSvc: onUnbind: Intent { act=com.google.android.gms.libs.gmscorelogger.service.START dat=chimera-action:/... xflg=0x4 cmp=com.google.android.gms/.chimera.PersistentDirectBootAwareApiService }
05-15 20:59:46.554  1977  4332 I NSLocationMonitor: getGPSUsingApps() called
05-15 20:59:46.555  4283 31841 I NSLocationManager_FLP: getGPSUsingApps, No change
05-15 20:59:46.558  1977  4332 W Binder  : Outgoing transactions from this process must be FLAG_ONEWAY
05-15 20:59:46.558  1977  4332 W Binder  : java.lang.Throwable
05-15 20:59:46.558  1977  4332 W Binder  : 	at android.os.BinderProxy.transact(BinderProxy.java:566)
05-15 20:59:46.558  1977  4332 W Binder  : 	at android.bluetooth.IBluetoothGatt$Stub$Proxy.getAdvertisingSetUids(IBluetoothGatt.java:1678)
05-15 20:59:46.558  1977  4332 W Binder  : 	at android.bluetooth.BluetoothAdapter.getAdvertisingSetUids(BluetoothAdapter.java:8476)
05-15 20:59:46.558  1977  4332 W Binder  : 	at android.bluetooth.BluetoothAdapter.getHWUsingApps(BluetoothAdapter.java:1342)
05-15 20:59:46.558  1977  4332 W Binder  : 	at com.android.server.am.mars.filter.filter.BlueToothConnectedFilter.updateBTUsingPackages(qb/106570637 b1053ac3ec2f7c839f91fd2de7335cf17a4e53b4ee4019421ab33bfe7afa21a1:22)
05-15 20:59:46.558  1977  4332 W Binder  : 	at com.android.server.am.FreecessController.freeze(qb/106570637 b1053ac3ec2f7c839f91fd2de7335cf17a4e53b4ee4019421ab33bfe7afa21a1:117)
05-15 20:59:46.558  1977  4332 W Binder  : 	at com.android.server.am.FreecessHandler$MainHandler.handleLcdOnFreeze(qb/106570637 b1053ac3ec2f7c839f91fd2de7335cf17a4e53b4ee4019421ab33bfe7afa21a1:55)
05-15 20:59:46.558  1977  4332 W Binder  : 	at com.android.server.am.FreecessHandler$MainHandler.handleMessage(qb/106570637 b1053ac3ec2f7c839f91fd2de7335cf17a4e53b4ee4019421ab33bfe7afa21a1:793)
05-15 20:59:46.558  1977  4332 W Binder  : 	at android.os.Handler.dispatchMessage(Handler.java:110)
05-15 20:59:46.558  1977  4332 W Binder  : 	at android.os.Looper.loopOnce(Looper.java:273)
05-15 20:59:46.558  1977  4332 W Binder  : 	at android.os.Looper.loop(Looper.java:363)
05-15 20:59:46.558  1977  4332 W Binder  : 	at android.os.HandlerThread.run(HandlerThread.java:85)
05-15 20:59:46.575  1632 24158 I HYPER-HAL: [ResourceManager.cpp]removeResource(): [CPUMaxFreq] RemoveResource Request ID : 17472931
05-15 20:59:46.575  1632 24158 I HYPER-HAL: [RequestManager.cpp]releaseLocked(): Released ID : 17472931
05-15 20:59:46.597  5792  5792 W Finsky  : [2] STU: Failed to get storage stats for package 'com.google.android.neuralnetworks' (1601: Error getting stats: android.content.pm.PackageManager.NameNotFoundException)
05-15 20:59:46.614  5792  5792 W Finsky  : [2] STU: Failed to get storage stats for package 'com.google.android.ipsec' (1601: Error getting stats: android.content.pm.PackageManager.NameNotFoundException)
05-15 20:59:46.676  5792  5792 W Finsky  : [2] STU: Failed to get storage stats for package 'com.android.devicelock' (1601: Error getting stats: android.content.pm.PackageManager.NameNotFoundException)
05-15 20:59:46.686  1977  1977 I GestureDetector: handleMessage TAP
05-15 20:59:46.686  1977  2134 I GestureDetector: handleMessage TAP
05-15 20:59:46.696  1589  1670 E minksocket: MinkIPC_QRTR_Service: client with node 1 port 7af3 went down
05-15 20:59:46.697  1589  1670 E minksocket: MinkIPC_QRTR_Service: client with node 1 port 7af7 went down
05-15 20:59:46.721 31986 23171 I NearbyMediums: No BLE Fast/GATT advertisements found in the latest cycle.
05-15 20:59:46.722 31986 23171 I NearbyMediums: Current Tracked Scanning Clients are : {NearbyConnections.EnvironmentMonitor, NearbySharing, NearbyConnections.TxAdvertisement}
05-15 20:59:46.722 24090 24090 I ViewInteraction: Checking 'MatchesViewAssertion{viewMatcher=(view has effective visibility <VISIBLE> and view.getGlobalVisibleRect() to return non-empty rectangle)}' assertion on view (an instance of android.widget.TextView and view.getText() with or without transformation to match: is "Refresh interval" or (view.getParent() is assignable from class <class com.google.android.material.textfield.TextInputLayout> and (view is an instance of android.view.ViewGroup and has descendant matching an instance of android.widget.TextView and view.getText() with or without transformation to match: is "Refresh interval")))
05-15 20:59:46.727 24090 24090 I ViewInteraction: Performing 'single click' action on view ((view has effective visibility <VISIBLE> and view.getGlobalVisibleRect() to return non-empty rectangle) and view.getId() is <2131296653/es.uniovi.recetasasturianas:id/recipeListFragment>)
05-15 20:59:46.728  1977  6943 D InputDispatcher: Inject motion (24090/10625): action=0x0, time=304064755000000, f=0x0, d=0 dsdx=1.000000 dtdx=0.000000
05-15 20:59:46.729  1977  2929 I InputDispatcher: Delivering touch to (11062): action: 0x4, f=0x0, d=0, '7a9d783', t=0
05-15 20:59:46.729  1977  2929 I InputDispatcher: Delivering touch to (24090): action: 0x0, f=0x0, d=0, '21e4a73', t=0
05-15 20:59:46.729 24090 24090 I VRI[MainActivity]@7cab705: ViewPostIme pointer 0
05-15 20:59:46.730  1977  2134 I GestureDetector: obtain mCurrentDownEvent. id: -359883171 caller: com.android.server.wm.SystemGesturesPointerEventListener.onPointerEvent:17 com.android.server.wm.PointerEventDispatcher.onInputEvent:51 android.view.InputEventReceiver.dispatchInputEvent:392
05-15 20:59:46.730  1977  2134 I GestureDetector: obtain mCurrentDownEvent. id: -359883171 caller: com.android.server.wm.SystemPerformancePointerEventListener.onPointerEvent:13 com.android.server.wm.PointerEventDispatcher.onInputEvent:51 android.view.InputEventReceiver.dispatchInputEvent:392
05-15 20:59:46.731  4195  4195 I HoneySpace.GestureInputHandler: inputConsumers = [com.honeyspace.gesture.inputconsumer.InputConsumer$Companion$NO_OP$1@44ea0c6]
05-15 20:59:46.731  4195  4195 I HoneySpace.InputSession: inputConsumers = NO_OP
05-15 20:59:46.732  4195  4195 I HoneySpace.InputSession: open
05-15 20:59:46.732  5896  5896 I SemDvfsHyPerManager: acquire hyper - TABoost/5896@21, type = -999
05-15 20:59:46.733  1632  1829 I HYPER-HAL: [RequestManager.cpp]releaseLocked(): Released ID : 17508424
05-15 20:59:46.733  1632  1829 I HYPER-HAL: [RequestManager.cpp]acquire(): Acquired ID : 17508424  [5896 / 21]    HINT :      list : [TABoost / 1] [TIMEOUT / 1500]
05-15 20:59:46.734  5792  5792 W Finsky  : [2] STU: Failed to get storage stats for package 'com.google.android.ondevicepersonalization' (1601: Error getting stats: android.content.pm.PackageManager.NameNotFoundException)
05-15 20:59:46.762  5792  5792 W Finsky  : [2] STU: Failed to get storage stats for package 'com.google.android.healthfitness' (1601: Error getting stats: android.content.pm.PackageManager.NameNotFoundException)
05-15 20:59:46.770  1977  6943 D InputDispatcher: Inject motion (24090/10625): action=0x1, time=304064796000000, f=0x0, d=0 dsdx=1.000000 dtdx=0.000000
05-15 20:59:46.770  1977  2929 I InputDispatcher: Delivering touch to (24090): action: 0x1, f=0x0, d=0, '21e4a73', t=0
05-15 20:59:46.771 24090 24090 I VRI[MainActivity]@7cab705: ViewPostIme pointer 1
05-15 20:59:46.771  1977  2134 I GestureDetector: obtain mCurrentMotionEventRaw. action: 1 id: -26202945
05-15 20:59:46.771  1977  2134 I GestureDetector: obtain mCurrentMotionEventRaw. action: 1 id: -26202945
05-15 20:59:46.774  4195  4195 I HoneySpace.GestureInputHandler: reset
05-15 20:59:46.774  4195  4195 I HoneySpace.InputSession: close
05-15 20:59:46.807  1977  3230 I ChimeraPolicyHandler: onPsiMonitorTriggered() - psiLevel: 0
05-15 20:59:46.808  1977  3230 I ChimeraAggressivePolicyHandler: executePolicy() - triggerSource: TRIGGER_SOURCE_PSI_MEM_MONITOR
05-15 20:59:46.808  1977  3230 I ChimeraAggressivePolicyHandler: memAvailable: 1082876, memFreeTarget: 1126400, releaseTarget:43524, protectedLruCount: 19
05-15 20:59:46.814  1977  3230 I NSLocationMonitor: getGPSUsingApps() called
05-15 20:59:46.814  4283 31841 I NSLocationManager_FLP: getGPSUsingApps, No change
05-15 20:59:46.816  1977  3230 I ChimeraAggressivePolicyHandler: Start doKill, protected policy: NORMAL
05-15 20:59:46.817 24090 24090 D RecipeListViewModel: SwitchMap disparado con query: ' '
05-15 20:59:46.817 24090 24090 D RecipeListViewModel: SwitchMap disparado con query: ''
05-15 20:59:46.821  1977  3230 I ChimeraAggressivePolicyHandler: Killed on trigger0 : com.samsung.sait.sohservice[17776], freed: 49456, 1000[17776]:G2(0x20002) score=45.1(55 10/5 49456), pids: 17776 / stats: 10 / adjs: 800
05-15 20:59:46.824  1977  3230 I ChimeraAggressivePolicyHandler: kill complete: killed 1 apps, freed 49456 KB
05-15 20:59:46.824  1977  3230 I ChimeraAggressivePolicyHandler: Skipped reason: LR, pids: 4195
05-15 20:59:46.824  1977  3230 I ChimeraAggressivePolicyHandler: Skipped reason: CA, pids: 23168 23202 23148 22259
05-15 20:59:46.824  1977  3230 I ChimeraAggressivePolicyHandler: Skipped reason: PE, pids: 4097 3784 10260 7958 17366 4120 4123 5792 3745 3494 6822 17649 17588 11062 23357 26429 5887
05-15 20:59:46.824  1977  3230 I ChimeraAggressivePolicyHandler: Skipped reason: IN, pids: 20337 17779 14068 24886
05-15 20:59:46.824  1977  3230 I ChimeraAggressivePolicyHandler: Skipped reason: SE, pids: 17785
05-15 20:59:46.824  1977  3230 I ChimeraAggressivePolicyHandler: Skipped reason: AD, pids: 13301
05-15 20:59:46.824  1977  3230 I ChimeraAggressivePolicyHandler: Processing time(ms) 16
05-15 20:59:46.836 24090 24090 I MaterialCardView: Setting a custom background is not supported.
05-15 20:59:46.842 24090 24090 I MaterialCardView: Setting a custom background is not supported.
05-15 20:59:46.849  1519  1519 I Zygote  : Process 17776 exited due to signal 9 (Killed)
05-15 20:59:46.849  1977  2327 I libprocessgroup: Removed cgroup /sys/fs/cgroup/system/uid_1000/pid_17776
05-15 20:59:46.855 24090 24090 D RecipeListViewModel: Dataset recibido: 78 recetas
05-15 20:59:46.917  1795  1831 E HeatmapThread: ECT Thread time in milliseconds: 1778871586
05-15 20:59:46.917  1795  1831 D HeatmapThread: !@ batteryplugType : 0
05-15 20:59:46.917  1795  1831 D HeatmapThread: !@ batteryLevel : 0  batteryTemperature : 0
05-15 20:59:46.917  1795  1831 D HeatmapThread: !@ Heatmap currtime: 29647859
05-15 20:59:46.917  1795  1831 D HeatmapThread: !@ Heatmap prevtime: 29647842
05-15 20:59:46.917  1795  1831 D HeatmapThread: !@ Heatmap plugstarttime: 35791394
05-15 20:59:46.917  1795  1831 D HeatmapThread: !@ Heatmap prevv_dsoh_update_time: 29635503
05-15 20:59:46.918  1795  1831 E HeatmapThread: !@Could not open '/efs/FactoryApp/bsoh', errno = 13
05-15 20:59:46.918  1795  1831 E HeatmapThread: !@ CAM Could not access BSOH EFS
05-15 20:59:46.918  1795  1831 E HeatmapThread: !@ CAM New BSOH: 0
05-15 20:59:46.968  5792  5792 W Finsky  : [2] STU: Failed to get storage stats for package 'com.android.uwb' (1601: Error getting stats: android.content.pm.PackageManager.NameNotFoundException)
05-15 20:59:46.968  5792  5792 W Finsky  : [2] STU: Failed to get storage stats for package 'com.google.android.extservices' (1601: Error getting stats: android.content.pm.PackageManager.NameNotFoundException)
05-15 20:59:47.030  1977  2134 I GestureDetector: handleMessage TAP
05-15 20:59:47.030  1977  1977 I GestureDetector: handleMessage TAP
05-15 20:59:47.035  1977  4332 I NSLocationMonitor: getGPSUsingApps() called
05-15 20:59:47.035  4283 31841 I NSLocationManager_FLP: getGPSUsingApps, No change
05-15 20:59:47.038  1977  3160 D InetDiagMessage: Destroyed 0 sockets, proto=IPPROTO_TCP, family=AF_INET, states=14
05-15 20:59:47.041  1977  4332 W LocationManagerService: onFreezeStateChanged, uid[10443]=true
05-15 20:59:47.042  1977  3160 D InetDiagMessage: Destroyed 0 sockets, proto=IPPROTO_TCP, family=AF_INET6, states=14
05-15 20:59:47.042  1977  3160 D InetDiagMessage: Destroyed live tcp sockets for uids={10424} in 6ms
05-15 20:59:47.044  1977  3160 D InetDiagMessage: Destroyed 0 sockets, proto=IPPROTO_TCP, family=AF_INET, states=14
05-15 20:59:47.045  1977  3160 D InetDiagMessage: Destroyed 0 sockets, proto=IPPROTO_TCP, family=AF_INET6, states=14
05-15 20:59:47.045  1977  3160 D InetDiagMessage: Destroyed live tcp sockets for uids={20424} in 2ms
05-15 20:59:47.067  1977  3160 D InetDiagMessage: Destroyed 0 sockets, proto=IPPROTO_TCP, family=AF_INET, states=14
05-15 20:59:47.068  1977  3160 D InetDiagMessage: Destroyed 0 sockets, proto=IPPROTO_TCP, family=AF_INET6, states=14
05-15 20:59:47.069  1977  3160 D InetDiagMessage: Destroyed live tcp sockets for uids={10351} in 4ms
05-15 20:59:47.070  1977  3160 D InetDiagMessage: Destroyed 0 sockets, proto=IPPROTO_TCP, family=AF_INET, states=14
05-15 20:59:47.071  1977  3160 D InetDiagMessage: Destroyed 0 sockets, proto=IPPROTO_TCP, family=AF_INET6, states=14
05-15 20:59:47.071  1977  3160 D InetDiagMessage: Destroyed live tcp sockets for uids={20351} in 3ms
05-15 20:59:47.088  5792  5792 W Finsky  : [2] STU: Failed to get storage stats for package 'com.google.android.os.statsd' (1601: Error getting stats: android.content.pm.PackageManager.NameNotFoundException)
05-15 20:59:47.089 24090 24090 I ViewInteraction: Checking 'MatchesViewAssertion{viewMatcher=(view has effective visibility <VISIBLE> and view.getGlobalVisibleRect() to return non-empty rectangle)}' assertion on view view.getId() is <2131296655/es.uniovi.recetasasturianas:id/recycler_view>
05-15 20:59:47.093 24090 24090 I ViewInteraction: Checking 'MatchesViewAssertion{viewMatcher=(view has effective visibility <VISIBLE> and view.getGlobalVisibleRect() to return non-empty rectangle)}' assertion on view view.getId() is <2131296655/es.uniovi.recetasasturianas:id/recycler_view>
05-15 20:59:47.105  1977  4243 I SemDvfsHyPerManager: acquire hyper - AMS_APP_SWITCH/1977@28, type = -999
05-15 20:59:47.105  1632  1829 I HYPER-HAL: [RequestManager.cpp]acquire(): Acquired ID : 2011043  [1977 / 28]    HINT : AMS_APP_SWITCH    list :
05-15 20:59:47.105  1632  1829 I HYPER-HAL: [ResourceManager.cpp]updateResource(): [CPULittleMinFreq] UpdateResource Request ID : 2011043    Value : 1804800
05-15 20:59:47.105  1808  2497 I SurfaceFlinger: id=179411 createSurf, flag=24004, Task=2377#179411
05-15 20:59:47.107  5896  5896 I SemDvfsHyPerManager: acquire hyper - APP_START_SHORT/5896@15, type = -999
05-15 20:59:47.108  1808  2497 I SurfaceFlinger: id=179412 createSurf, flag=84004, ActivityRecord{116069474 u0 es.uniovi.recetasasturianas.test/androidx.test.core.app.InstrumentationActivityInvoker$EmptyActivity t2377}#179412
05-15 20:59:47.111  1977  1997 I SemDvfsHyPerManager: acquire hyper - AMS_APP_LAUNCH/1977@21, type = -999
05-15 20:59:47.112  5896  5896 I SemDvfsHyPerManager: acquire hyper - APP_START/5896@17, type = -999
05-15 20:59:47.113 11062 11118 D ShellDesktopMode: handleRequest: TransitionRequestInfo {type=1, tid=2377, debugId=14570}
05-15 20:59:47.117  4195  4401 I HoneySpace.TopTaskSource: onTaskMovedToFront : taskId = 2377, displayId = 0
05-15 20:59:47.119  1808  1808 I SurfaceFlinger: [Display 0 name="Built-in Screen"#172933] setFrameRateCategory: High
05-15 20:59:47.119  1808  1808 I SurfaceFlinger: [Task=2377#179411] attach to parent LayerHierarchy{RequestedLayerState{DefaultTaskDisplayArea_d0#172934 parentId=9} 11 children}
05-15 20:59:47.119  1808  1808 I SurfaceFlinger: [ActivityRecord{116069474 u0 es.uniovi.recetasasturianas.test/androidx.test.core.app.InstrumentationActivityInvoker$EmptyActivity t2377}#179412] attach to parent LayerHierarchy{RequestedLayerState{Task=2377#179411 parentId=172934} 1 children}
05-15 20:59:47.120  1808  1808 I BpBinder: onLastStrongRef automatically unlinking death recipients:
05-15 20:59:47.122 24090 24090 D LifecycleMonitor: Lifecycle status change: es.uniovi.recetasasturianas.MainActivity@380c198 in: PAUSED
05-15 20:59:47.122 24090 24090 V ActivityScenario: Update currentActivityStage to PAUSED, currentActivity=es.uniovi.recetasasturianas.MainActivity@380c198
05-15 20:59:47.123  1632  1829 I HYPER-HAL: [ResourceManager.cpp]updateResource(): [CPUMinFreq] UpdateResource Request ID : 2011043    Value : 2841600
05-15 20:59:47.123  1632  1829 I HYPER-HAL: [RequestManager.cpp]acquire(): Acquired ID : 17472931  [5896 / 15]    HINT : APP_START    list : [TIMEOUT / 1500]
05-15 20:59:47.124 11062 11138 D ViewRootImpl: desktopMode is false
05-15 20:59:47.124  1632  1829 I HYPER-HAL: [ResourceManager.cpp]updateResource(): [CPUMaxFreq] UpdateResource Request ID : 17472931    Value : 2841600
05-15 20:59:47.125  4195  4403 I HoneySpace.TopTaskUseCase: topTasks 2377 ComponentInfo{es.uniovi.recetasasturianas.test/androidx.test.core.app.InstrumentationActivityInvoker$EmptyActivity}[displayId=0]
05-15 20:59:47.125  1632  1829 I HYPER-HAL: [RequestManager.cpp]acquire(): Acquired ID : 1997022  [1977 / 21]    HINT : AMS_APP_LAUNCH    list :
05-15 20:59:47.124 11062 11138 I ViewRootImpl: dVRR is disabled
05-15 20:59:47.125  1632  1829 I HYPER-HAL: [ResourceManager.cpp]updateResource(): [CPULittleMinFreq] UpdateResource Request ID : 1997022    Value : 1804800
05-15 20:59:47.125  1977  3269 D SemWifiTransportLayerMonitor.TcpMonitorHandler: MSG_SAVE_PACKAGE_INFO
05-15 20:59:47.125  1977  3269 D SemWifiTransportLayerFileManager: saveWifiPackageInfoToFile
05-15 20:59:47.125  1977  3269 D SemWifiTransportLayerFileManager: writeWifiPackageInfoList
05-15 20:59:47.125 12633 13086 I Routine@Core[4.9.04.16]: ActivityWatcherListenerImpl: onPauseComponent: componentName - es.uniovi.recetasasturianas, userId: 0
05-15 20:59:47.127 12633 13086 I Routine@Core[4.9.04.16]: Pref: removeSharedPrefsData() key=condition_launch_app_data_resume_pkg
